nanobind: leaked 2 instances!
nanobind: leaked 1 keep_alive records!
nanobind: leaked 7 types!
 - leaked type "iree._runtime_libs._runtime.ParameterIndexEntry"
 - leaked type "iree._runtime_libs._runtime.MappedMemory"
 - leaked type "iree._runtime_libs._runtime.VmModule"
 - leaked type "Linkage"
 - leaked type "iree._runtime_libs._runtime.HalBufferView"
 - leaked type "HalElementType"
 - leaked type "iree._runtime_libs._runtime.ParameterIndex"
nanobind: leaked 51 functions!
 - leaked function ""
 - leaked function "resolve_module_dependency"
 - leaked function "items"
 - leaked function ""
 - leaked function "__repr__"
 - leaked function "__getitem__"
 - leaked function ""
 - leaked function ""
 - leaked function "__iree_vm_type__"
 - leaked function "add_buffer"
 - leaked function ""
 - leaked function ""
 - leaked function "add_splat"
 - leaked function "__int__"
 - leaked function "__init__"
 - leaked function "load_from_file_handle"
 - leaked function ""
 - leaked function ""
 - leaked function ""
 - leaked function "__eq__"
 - leaked function "load"
 - leaked function ""
 - leaked function ""
 - leaked function "asarray"
 - leaked function ""
 - leaked function "from_buffer"
 - leaked function "add_from_file_handle"
 - leaked function ""
 - leaked function "is_byte_aligned"
 - leaked function ""
 - leaked function "__len__"
 - leaked function "from_flatbuffer"
 - leaked function "reserve"
 - leaked function "dense_byte_count"
 - leaked function "map"
 - leaked function "map_to_dtype"
 - leaked function ""
 - leaked function "copy_buffer"
 - leaked function "__repr__"
 - leaked function "__repr__"
 - leaked function "lookup_function"
 - leaked function "mmap"
 - leaked function "create_provider"
 - leaked function "create_archive_file"
 - leaked function ""
 - leaked function "wrap_buffer"
 - leaked function "__iree_vm_cast__"
 - leaked function "get_buffer"
 - leaked function "__init__"
 - leaked function "__repr__"
 - leaked function ""
nanobind: this is likely caused by a reference counting issue in the binding code.
See https://nanobind.readthedocs.io/en/latest/refleaks.html