OS_BSP_Initialize():Maximum user msg queue depth = 512
CFE_PSP: Default Reset SubType = 1
CFE_PSP: Default CPU ID = 1
CFE_PSP: Default Spacecraft ID = 66
CFE_PSP: Default CPU Name: cpu1
OS_Posix_GetSchedulerParams():208:Policy 1: available, min-max: 1-99
OS_Posix_GetSchedulerParams():208:Policy 2: available, min-max: 1-99
OS_Posix_TaskAPI_Impl_Init():401:Selected policy 2 for RT tasks, root task = 99
OS_Posix_TaskAPI_Impl_Init():419:Could not setschedparam in main thread: Operation not permitted (1)
CFE_PSP: initializing module 'soft_timebase' with ID 0110ff00
CFE_PSP: Instantiated software timebase 'cFS-Master' running at 10000 usec
CFE_PSP: initializing module 'timebase_posix_clock' with ID 0110ff01
CFE_PSP: Using POSIX monotonic clock as CFE timebase
CFE_PSP: initializing module 'eeprom_mmap_file' with ID 0110ff02
CFE_PSP: Using MMAP simulated EEPROM implementation
CFE_PSP: initializing module 'port_notimpl' with ID 0110ff03
CFE_PSP: EEPROM Range (2) created: Start Address = F80D5DE2E000, Size = 00080000 Status = 0
CFE_PSP: I/O Port access not implemented
CFE_PSP: initializing module 'iodriver' with ID 0110ff04
CFE_PSP: initializing module 'linux_sysmon' with ID 0110ff05
CFE_PSP: initializing module 'endian_api' with ID 0110ff06
CFE_PSP: Host CPU Endian=LITTLE
CFE_PSP: initializing module 'ram_notimpl' with ID 0110ff07
CFE_PSP: Physical RAM access not implemented
CFE_PSP: Normal exit from previous cFE instance
CFE_PSP: Starting the cFE with a PROCESSOR reset.
1980-001-00:31:36.01554 CFE_ES_Main: CFE_ES_Main in EARLY_INIT state
1980-001-00:31:36.03451 CFE_ES_InitializeFileSystems: Volatile Disk has 100 Percent free space.
Number of addresses returned by backtrace = 1
CFE_PSP: CFE_PSP_AttachExceptions called
1980-001-00:31:36.06298 CFE_ES_Main: CFE_ES_Main entering CORE_STARTUP state
1980-001-00:31:36.06349 CFE_ES_CreateObjects: Starting Object Creation calls.
1980-001-00:31:36.06369 CFE_ES_CreateObjects: Calling EarlyInit for CFE_CONFIG
1980-001-00:31:36.06684 CFE_ES_CreateObjects: Calling EarlyInit for CFE_ES
1980-001-00:31:36.07293 CFE_ES_CreateObjects: Calling EarlyInit for CFE_EVS
1980-001-00:31:36.07589 CFE_EVS_EarlyInit: Event Log restored, n=0, c=20, f=1, m=1, o=146
1980-001-00:31:36.07631 CFE_ES_CreateObjects: Calling EarlyInit for CFE_FS
1980-001-00:31:36.07659 CFE_ES_CreateObjects: Calling EarlyInit for CFE_SB
1980-001-00:31:36.09959 CFE_ES_CreateObjects: Calling EarlyInit for CFE_TBL
1980-001-00:31:36.12765 CFE_ES_CreateObjects: Calling EarlyInit for CFE_TIME
EVS Port1 1980-012-14:13:08.05752 66/1/CFE_ES 1: cFE ES Initialized: CFE_ES v7.0.1+dev1 (Draco) DEV BUILD, based on v7.0.1, EDS disabled
EVS Port1 1980-012-14:13:08.06407 66/1/CFE_ES 2: cFS Versions: cfe v7.0.1+dev1, osal v7.0.1+dev1, psp v7.0.1+dev1. cFE chksm 31659
EVS Port1 1980-012-14:13:08.06677 66/1/CFE_ES 91: Version Info: Mission SampleMission, version git:v7.0.1-90-g78c23b0-dirty
EVS Port1 1980-012-14:13:08.06884 66/1/CFE_ES 91: Version Info: Module CORE_API, version git:2612eb0
EVS Port1 1980-012-14:13:08.06951 66/1/CFE_ES 91: Version Info: Module CONFIG, version git:2612eb0
EVS Port1 1980-012-14:13:08.06986 66/1/CFE_ES 91: Version Info: Module ES, version git:2612eb0
EVS Port1 1980-012-14:13:08.07012 66/1/CFE_ES 91: Version Info: Module EVS, version git:2612eb0
EVS Port1 1980-012-14:13:08.07171 66/1/CFE_ES 91: Version Info: Module FS, version git:2612eb0
EVS Port1 1980-012-14:13:08.07405 66/1/CFE_ES 91: Version Info: Module SB, version git:2612eb0
EVS Port1 1980-012-14:13:08.07469 66/1/CFE_ES 91: Version Info: Module TBL, version git:2612eb0
EVS Port1 1980-012-14:13:08.07498 66/1/CFE_ES 91: Version Info: Module TIME, version git:2612eb0
EVS Port1 1980-012-14:13:08.07646 66/1/CFE_ES 91: Version Info: Module OSAL, version git:8111e4a
EVS Port1 1980-012-14:13:08.07780 66/1/CFE_ES 91: Version Info: Module PSP, version git:d1da809
EVS Port1 1980-012-14:13:08.07814 66/1/CFE_ES 91: Version Info: Module MSG, version git:2612eb0
EVS Port1 1980-012-14:13:08.07865 66/1/CFE_ES 91: Version Info: Module SBR, version git:2612eb0
EVS Port1 1980-012-14:13:08.07893 66/1/CFE_ES 91: Version Info: Module RESOURCEID, version git:2612eb0
EVS Port1 1980-012-14:13:08.08090 66/1/CFE_ES 92: Build 202609140214 by root@vm, config aarch64
EVS Port1 1980-012-14:13:08.21534 66/1/CFE_EVS 1: cFE EVS Initialized: CFE_EVS v7.0.1+dev1 (Draco) DEV BUILD, based on v7.0.1, EDS disabled
1980-012-14:13:08.31271 CFE_SB_AppInit: Registered 4 events for filtering
EVS Port1 1980-012-14:13:08.31796 66/1/CFE_SB 1: cFE SB Initialized: CFE_SB v7.0.1+dev1 (Draco) DEV BUILD, based on v7.0.1, EDS disabled
EVS Port1 1980-012-14:13:08.31990 66/1/CFE_SB 14: No subscribers for MsgId 0x808,sender CFE_SB
EVS Port1 1980-012-14:13:08.42124 66/1/CFE_TBL 1: cFE TBL Initialized: CFE_TBL v7.0.1+dev1 (Draco) DEV BUILD, based on v7.0.1, EDS disabled
EVS Port1 1980-012-14:13:08.42518 66/1/CFE_SB 14: No subscribers for MsgId 0x808,sender CFE_TBL
EVS Port1 1980-012-14:13:08.54385 66/1/CFE_TIME 1: cFE TIME Initialized: CFE_TIME v7.0.1+dev1 (Draco) DEV BUILD, based on v7.0.1, EDS disabled
EVS Port1 1980-012-14:13:08.54603 66/1/CFE_SB 14: No subscribers for MsgId 0x808,sender CFE_TIME
1980-012-14:13:08.57365 CFE_ES_CreateObjects: Finished ES CreateObject table entries.
1980-012-14:13:08.57575 CFE_ES_Main: CFE_ES_Main entering CORE_READY state
OS_FileOpen_Impl():110:open(/dev/shm/osal:RAM/cfe_es_startup.scr): No such file or directory
1980-012-14:13:08.58789 CFE_ES_OpenStartupScript: Cannot Open Volatile Startup file: /ram/cfe_es_startup.scr, Trying Nonvolatile.
1980-012-14:13:08.59114 CFE_ES_OpenStartupScript: Opened ES App Startup file: /cf/cfe_es_startup.scr
1980-012-14:13:08.63715 CFE_ES_ParseFileEntry: Loading shared library: /cf/cfe_assert.so
1980-012-14:13:08.65502 [BEGIN] CFE FUNCTIONAL TEST
1980-012-14:13:08.65695 [BEGIN] 01 CFE-STARTUP
1980-012-14:13:08.69857 CFE_ES_ParseFileEntry: Loading shared library: /cf/sample_lib.so
SAMPLE Lib Initialized.Sample Lib v7.0.0+dev1 (Draco) DEV BUILD, based on v7.0.1, EDS disabled
1980-012-14:13:08.74274 CFE_ES_ParseFileEntry: Loading file: /cf/sch_lab.so, APP: SCH_LAB
1980-012-14:13:08.78680 CFE_ES_ParseFileEntry: Loading file: /cf/ci_lab.so, APP: CI_LAB
SCH Lab Initialized.SCH Lab v7.0.1+dev1 (Draco) DEV BUILD, based on v7.0.1, EDS disabled
1980-012-14:13:08.86484 CFE_ES_ParseFileEntry: Loading file: /cf/to_lab.so, APP: TO_LAB
EVS Port1 1980-012-14:13:09.00389 66/1/TO_LAB 1: TO Lab Initialized.TO Lab v7.0.1+dev1 (Draco) DEV BUILD, based on v7.0.1, EDS disabled, Awaiting enable command.
EVS Port1 1980-012-14:13:09.00877 66/1/CFE_SB 14: No subscribers for MsgId 0x808,sender TO_LAB
1980-012-14:13:09.00930 CI_LAB listening on UDP port: 1234
EVS Port1 1980-012-14:13:09.01473 66/1/CI_LAB 3: CI Lab Initialized.CI Lab App v7.0.1+dev1 (Draco) DEV BUILD, based on v7.0.1, EDS disabled
1980-012-14:13:09.01618 CFE_ES_ParseFileEntry: Loading file: /cf/sample_app.so, APP: SAMPLE_APP
1980-012-14:13:09.07095 CFE_ES_ParseFileEntry: Loading file: /cf/ai_learner.so, APP: AI_LEARNER
EVS Port1 1980-012-14:13:09.10092 66/1/SAMPLE_APP 1: Sample App Initialized.Sample App v7.0.0+dev1 (Draco) DEV BUILD, based on v7.0.1, EDS disabled
1980-012-14:13:09.13023 CFE_ES_ParseFileEntry: Loading file: /cf/lc.so, APP: LC
{"app":"AI_LEARNER","stage":"build_config","model":"b3_deepae","allow_conditional_map":1,"contract_bounded_bytes":1069632,"contract_per_call_bytes":6208,"contract_const_bytes":1063424,"contract_bound_known":true,"contract_artifact_sha256":"9ff64bd168e07135c196423d44408e7780984c977912b67c8240c0db522c4d7c"}
{"app":"AI_LEARNER","stage":"stack","es_stack_size":262160,"stack_base_bytes":262144,"contract_kernel_stack_bytes":16,"kernel_stack_accounted":true}
EVS Port1 1980-012-14:13:09.17120 66/1/AI_LEARNER 8: AI_LEARNER stack: es=262160 base=262144 kernel=16 accounted=1
{"app":"AI_LEARNER","stage":"admission","verdict":"ADMIT_CONDITIONAL_MAP","model":"b3_deepae","target":"aarch64-unknown-linux-gnu","bounded":1069632,"budget":6208,"budget_source":"override","per_call":6208,"constants":1063424,"kernel_stack_bytes":16,"bound_known":true,"scope":"per_app_local_budget"}
1980-012-14:13:09.17713 CFE_ES_ParseFileEntry: Loading file: /cf/cf.so, APP: CF
{"app":"AI_LEARNER","stage":"blob_align","requested_offset":8,"state":"applied","module_ptr_mod64":8}
EVS Port1 1980-012-14:13:09.23695 66/1/LC 56: WDT verify results: good = 0, bad = 0, unused = 176
EVS Port1 1980-012-14:13:09.25686 66/1/LC 66: ADT verify results: good = 0, bad = 0, unused = 176
EVS Port1 1980-012-14:13:09.26202 66/1/LC 23: LC use of Critical Data Store disabled, activity mask = 0x00991990
EVS Port1 1980-012-14:13:09.26692 66/1/LC 2: LC Initialized. Version 7.0.1.255
1980-012-14:13:09.30108 CFE_ES_ParseFileEntry: Loading file: /cf/ds.so, APP: DS
EVS Port1 1980-012-14:13:09.34397 66/1/CF 20: CF Initialized. Version 7.0.1.255
1980-012-14:13:09.41616 CFE_ES_ParseFileEntry: Loading file: /cf/fm.so, APP: FM
EVS Port1 1980-012-14:13:09.44812 66/1/DS 10: Destination file table verify results: good entries = 6, bad = 0, unused = 10
EVS Port1 1980-012-14:13:09.48274 66/1/DS 12: Filter table verify results: good entries = 14, bad = 0, unused = 242
EVS Port1 1980-012-14:13:09.54116 66/1/DS 1: Application initialized, version 7.0.1.255, data at 0xf80d5d630460
EVS Port1 1980-012-14:13:09.59698 66/1/FM 80: Free Space Table verify results: good entries = 3, bad = 0, unused = 5
1980-012-14:13:09.61851 CFE_ES_ParseFileEntry: Loading file: /cf/hk.so, APP: HK
EVS Port1 1980-012-14:13:09.62084 66/1/FM 1: Initialization complete: version 7.0.1.255
EVS Port1 1980-012-14:13:09.67700 66/1/FM 72: Child Task initialization complete
1980-012-14:13:09.72886 CFE_ES_ParseFileEntry: Loading file: /cf/hs.so, APP: HS
EVS Port1 1980-012-14:13:09.76895 66/1/HK 1: HK Initialized.  Version 7.0.1.255
1980-012-14:13:09.84013 CFE_ES_ParseFileEntry: Loading file: /cf/mm.so, APP: MM
EVS Port1 1980-012-14:13:09.91192 66/1/HS 54: ExeCount verify results: good = 5, bad = 0, unused = 27
EVS Port1 1980-012-14:13:09.93479 66/1/HS 50: AppMon verify results: good = 0, bad = 0, unused = 32
EVS Port1 1980-012-14:13:09.96003 66/1/HS 52: EventMon verify results: good = 0, bad = 0, unused = 16
EVS Port1 1980-012-14:13:09.96076 66/1/MM 1: MM Initialized. Version 7.0.1.255
EVS Port1 1980-012-14:13:09.98689 66/1/HS 56: MsgActs verify results: good = 2, bad = 0, unused = 6
1980-012-14:13:10.00206 HS_SysMonInit(): System Monitor using PSP device ID 0110ff05
1980-012-14:13:10.00503 CFE_ES_ParseFileEntry: Loading file: /cf/sc.so, APP: SC
CFE_PSP(Linux_SysMon): Started CPU utilization monitoring on 1 CPU(s)
EVS Port1 1980-012-14:13:10.06510 66/1/HS 1: HS Initialized.  Version 7.0.1.255
EVS Port1 1980-012-14:13:10.05232 66/1/CFE_TIME 21: Stop FLYWHEEL
{"app":"AI_LEARNER","stage":"binding","verdict":"MATCH","artifact_bytes":1080730,"artifact_sha256":"9ff64bd168e07135","contract_sha256":"9ff64bd168e07135"}
EVS Port1 1980-012-14:13:10.08502 66/1/AI_LEARNER 13: AI_LEARNER MAP_PRECONDITION_UNMET: admitted on per_call=6208 but module image is 8 mod 64; refused before runtime cr
{"app":"AI_LEARNER","stage":"map_branch","verdict":"MAP_PRECONDITION_UNMET","module_ptr_mod64":8,"contract_per_call_bytes":6208}
{"app":"AI_LEARNER","stage":"cleanup","released":true,"cleanup_calls":1}
1980-012-14:13:10.10816 CFE_ES_ExitApp: Application AI_LEARNER called CFE_ES_ExitApp
1980-012-14:13:10.10432 CFE_ES_ParseFileEntry: Loading file: /cf/md.so, APP: MD
EVS Port1 1980-012-14:13:10.16506 66/1/SC 21: RTS table files not loaded at initialization = 0 of 4
EVS Port1 1980-012-14:13:10.17391 66/1/SC 9: SC Initialized. Version 7.0.1.255
1980-012-14:13:10.19191 CFE_ES_ParseFileEntry: Loading file: /cf/cs.so, APP: CS
EVS Port1 1980-012-14:13:10.22531 66/1/MD 52: MD Dwell Tbl verify results: good = 0, bad = 0, unused = 25
EVS Port1 1980-012-14:13:10.22987 66/1/MD 3: Recovered Dwell Table #1 is valid and has been copied to the MD App
EVS Port1 1980-012-14:13:10.23138 66/1/MD 52: MD Dwell Tbl verify results: good = 0, bad = 0, unused = 25
EVS Port1 1980-012-14:13:10.23716 66/1/MD 3: Recovered Dwell Table #2 is valid and has been copied to the MD App
EVS Port1 1980-012-14:13:10.23980 66/1/MD 52: MD Dwell Tbl verify results: good = 0, bad = 0, unused = 25
EVS Port1 1980-012-14:13:10.24125 66/1/MD 3: Recovered Dwell Table #3 is valid and has been copied to the MD App
EVS Port1 1980-012-14:13:10.24769 66/1/MD 52: MD Dwell Tbl verify results: good = 0, bad = 0, unused = 25
EVS Port1 1980-012-14:13:10.24832 66/1/MD 3: Recovered Dwell Table #4 is valid and has been copied to the MD App
EVS Port1 1980-012-14:13:10.25126 66/1/MD 7: Dwell Tables Recovered: 4, Dwell Tables Initialized: 0
EVS Port1 1980-012-14:13:10.25219 66/1/MD 1: MD Initialized.  Version 7.0.1.255
EVS Port1 1980-012-14:13:10.28422 66/1/CS 144: CS EEPROM Table verification results: good = 0, bad = 0, unused = 16
EVS Port1 1980-012-14:13:10.28897 66/1/CS 107: CS EEPROM Table: No valid entries in the table
EVS Port1 1980-012-14:13:10.29592 66/1/CS 143: CS Memory Table verification results: good = 0, bad = 0, unused = 16
EVS Port1 1980-012-14:13:10.29701 66/1/CS 107: CS Memory Table: No valid entries in the table
EVS Port1 1980-012-14:13:10.30383 66/1/CS 139: CS Tables Table verification results: good = 1, bad = 0, unused = 23
EVS Port1 1980-012-14:13:10.31582 66/1/CS 142: CS Apps Table verification results: good = 0, bad = 0, unused = 24
EVS Port1 1980-012-14:13:10.31697 66/1/CS 108: CS Apps Table: No valid entries in the table
EVS Port1 1980-012-14:13:10.32012 66/1/CS 127: OS Text Segment disabled due to platform
EVS Port1 1980-012-14:13:10.32106 66/1/CS 1: CS Initialized. Version 7.0.1.255
1980-012-14:13:10.37485 CFE_ES_Main: CFE_ES_Main entering APPS_INIT state
1980-012-14:13:10.37669 CFE_ES_Main: CFE_ES_Main entering OPERATIONAL state
EVS Port1 1980-012-14:13:10.41090 66/1/TO_LAB 19: L550 TO Lab subscribed to 32 messages from the table
EVS Port1 1980-012-14:13:11.15013 66/1/CFE_ES 14: ErrExit Application AI_LEARNER Success.
....EVS Port1 1980-012-14:13:38.01116 66/1/CFE_TIME 20: Start FLYWHEEL
EVS Port1 1980-012-14:13:40.01953 66/1/CFE_TIME 21: Stop FLYWHEEL
....EVS Port1 1980-012-14:14:01.00434 66/1/CFE_TIME 21: Stop FLYWHEEL
EVS Port1 1980-012-14:14:01.99678 66/1/CFE_TIME 20: Start FLYWHEEL
..EVS Port1 1980-012-14:14:13.00468 66/1/CFE_TIME 21: Stop FLYWHEEL
EVS Port1 1980-012-14:14:14.00582 66/1/CFE_TIME 20: Start FLYWHEEL
..EVS Port1 1980-012-14:14:24.01011 66/1/CFE_TIME 21: Stop FLYWHEEL
EVS Port1 1980-012-14:14:24.99629 66/1/CFE_TIME 20: Start FLYWHEEL
..EVS Port1 1980-012-14:14:36.99801 66/1/CFE_TIME 20: Start FLYWHEEL
EVS Port1 1980-012-14:14:37.04478 66/1/CFE_TIME 21: Stop FLYWHEEL
.EVS Port1 1980-012-14:14:42.03073 66/1/CFE_TIME 20: Start FLYWHEEL
EVS Port1 1980-012-14:14:42.00643 66/1/CFE_TIME 21: Stop FLYWHEEL
.EVS Port1 1980-012-14:14:51.02348 66/1/CFE_TIME 21: Stop FLYWHEEL
EVS Port1 1980-012-14:14:51.99609 66/1/CFE_TIME 20: Start FLYWHEEL
......EVS Port1 1980-012-14:15:23.00311 66/1/CFE_TIME 21: Stop FLYWHEEL
EVS Port1 1980-012-14:15:23.99639 66/1/CFE_TIME 20: Start FLYWHEEL
.....EVS Port1 1980-012-14:15:56.04991 66/1/CFE_TIME 21: Stop FLYWHEEL
EVS Port1 1980-012-14:15:56.98751 66/1/CFE_TIME 20: Start FLYWHEEL
.........EVS Port1 1980-012-14:16:48.99969 66/1/CFE_TIME 20: Start FLYWHEEL
EVS Port1 1980-012-14:16:49.00454 66/1/CFE_TIME 21: Stop FLYWHEEL
.......EVS Port1 1980-012-14:17:32.02001 66/1/CFE_TIME 21: Stop FLYWHEEL
EVS Port1 1980-012-14:17:33.01304 66/1/CFE_TIME 20: Start FLYWHEEL
.EVS Port1 1980-012-14:17:35.00997 66/1/CFE_TIME 20: Start FLYWHEEL
EVS Port1 1980-012-14:17:37.02093 66/1/CFE_TIME 21: Stop FLYWHEEL
.....EVS Port1 1980-012-14:18:09.02458 66/1/CFE_TIME 21: Stop FLYWHEEL
EVS Port1 1980-012-14:18:09.99285 66/1/CFE_TIME 20: Start FLYWHEEL
.....EVS Port1 1980-012-14:18:39.99955 66/1/CFE_TIME 20: Start FLYWHEEL
EVS Port1 1980-012-14:18:40.00376 66/1/CFE_TIME 21: Stop FLYWHEEL
.................EVS Port1 1980-012-14:20:21.00785 66/1/CFE_TIME 21: Stop FLYWHEEL
EVS Port1 1980-012-14:20:21.99581 66/1/CFE_TIME 20: Start FLYWHEEL
....EVS Port1 1980-012-14:20:42.00445 66/1/CFE_TIME 21: Stop FLYWHEEL
EVS Port1 1980-012-14:20:42.99496 66/1/CFE_TIME 20: Start FLYWHEEL
.....EVS Port1 1980-012-14:21:13.00396 66/1/CFE_TIME 21: Stop FLYWHEEL
EVS Port1 1980-012-14:21:14.01107 66/1/CFE_TIME 20: Start FLYWHEEL
EVS Port1 1980-012-14:21:15.00303 66/1/CFE_TIME 21: Stop FLYWHEEL
EVS Port1 1980-012-14:21:15.99699 66/1/CFE_TIME 20: Start FLYWHEEL
.....EVS Port1 1980-012-14:21:43.00346 66/1/CFE_TIME 21: Stop FLYWHEEL
EVS Port1 1980-012-14:21:43.99980 66/1/CFE_TIME 20: Start FLYWHEEL
....EVS Port1 1980-012-14:22:11.00396 66/1/CFE_TIME 21: Stop FLYWHEEL
.EVS Port1 1980-012-14:22:12.00463 66/1/CFE_TIME 20: Start FLYWHEEL
.........1980-012-14:23:04.87726 CFE_ES_RunExceptionScan: ExceptionID 0x1110001 in TaskID 0: Caught SIGINT
1980-012-14:23:04.87890 CFE_ES_RunExceptionScan: Processor Reset count not reached (1/2)
CFE_PSP: Exiting cFE with PROCESSOR Reset status.

CFE_PSP: Shutdown initiated - Exiting cFE
CI delete callback -- Closing CI Network socket.
TO delete callback -- Closing TO Network socket.
EXIT=124
