OS_BSP_Initialize():Maximum user msg queue depth = 512
CFE_PSP: Default Reset SubType = 1
CFE_PSP: Default CPU ID = 1
CFE_PSP: Default Spacecraft ID = 66
CFE_PSP: Default CPU Name: cpu1
OS_Posix_GetSchedulerParams():208:Policy 1: available, min-max: 1-99
OS_Posix_GetSchedulerParams():208:Policy 2: available, min-max: 1-99
OS_Posix_TaskAPI_Impl_Init():401:Selected policy 2 for RT tasks, root task = 99
OS_Posix_TaskAPI_Impl_Init():419:Could not setschedparam in main thread: Operation not permitted (1)
CFE_PSP: initializing module 'soft_timebase' with ID 0110ff00
CFE_PSP: Instantiated software timebase 'cFS-Master' running at 10000 usec
CFE_PSP: initializing module 'timebase_posix_clock' with ID 0110ff01
CFE_PSP: Using POSIX monotonic clock as CFE timebase
CFE_PSP: initializing module 'eeprom_mmap_file' with ID 0110ff02
CFE_PSP: Using MMAP simulated EEPROM implementation
CFE_PSP: initializing module 'port_notimpl' with ID 0110ff03
CFE_PSP: EEPROM Range (2) created: Start Address = EC7FD55FE000, Size = 00080000 Status = 0
CFE_PSP: I/O Port access not implemented
CFE_PSP: initializing module 'iodriver' with ID 0110ff04
CFE_PSP: initializing module 'linux_sysmon' with ID 0110ff05
CFE_PSP: initializing module 'endian_api' with ID 0110ff06
CFE_PSP: Host CPU Endian=LITTLE
CFE_PSP: initializing module 'ram_notimpl' with ID 0110ff07
CFE_PSP: Physical RAM access not implemented
CFE_PSP: Starting the cFE with a POWER ON reset.
CFE_PSP: Clearing out CFE CDS Shared memory segment.
CFE_PSP: Clearing out CFE Reset Shared memory segment.
CFE_PSP: Clearing out CFE User Reserved Shared memory segment.
1980-001-00:52:48.33854 CFE_ES_SetupResetVariables: POWER ON RESET due to Power Cycle (Power Cycle).
1980-001-00:52:48.35294 CFE_ES_Main: CFE_ES_Main in EARLY_INIT state
Number of addresses returned by backtrace = 1
CFE_PSP: CFE_PSP_AttachExceptions called
1980-001-00:52:48.38072 CFE_ES_Main: CFE_ES_Main entering CORE_STARTUP state
1980-001-00:52:48.38091 CFE_ES_CreateObjects: Starting Object Creation calls.
1980-001-00:52:48.38098 CFE_ES_CreateObjects: Calling EarlyInit for CFE_CONFIG
1980-001-00:52:48.38467 CFE_ES_CreateObjects: Calling EarlyInit for CFE_ES
1980-001-00:52:48.39148 CFE_ES_CreateObjects: Calling EarlyInit for CFE_EVS
1980-001-00:52:48.39453 CFE_EVS_EarlyInit: Event Log cleared following power-on reset
1980-001-00:52:48.39492 CFE_ES_CreateObjects: Calling EarlyInit for CFE_FS
1980-001-00:52:48.39635 CFE_ES_CreateObjects: Calling EarlyInit for CFE_SB
1980-001-00:52:48.42334 CFE_ES_CreateObjects: Calling EarlyInit for CFE_TBL
1980-001-00:52:48.45282 CFE_ES_CreateObjects: Calling EarlyInit for CFE_TIME
EVS Port1 1980-012-14:03:20.08428 66/1/CFE_ES 1: cFE ES Initialized: CFE_ES v7.0.1+dev1 (Draco) DEV BUILD, based on v7.0.1, EDS disabled
EVS Port1 1980-012-14:03:20.09126 66/1/CFE_ES 2: cFS Versions: cfe v7.0.1+dev1, osal v7.0.1+dev1, psp v7.0.1+dev1. cFE chksm 31659
EVS Port1 1980-012-14:03:20.09266 66/1/CFE_ES 91: Version Info: Mission SampleMission, version git:v7.0.1-90-g78c23b0-dirty
EVS Port1 1980-012-14:03:20.09321 66/1/CFE_ES 91: Version Info: Module CORE_API, version git:2612eb0
EVS Port1 1980-012-14:03:20.09474 66/1/CFE_ES 91: Version Info: Module CONFIG, version git:2612eb0
EVS Port1 1980-012-14:03:20.09513 66/1/CFE_ES 91: Version Info: Module ES, version git:2612eb0
EVS Port1 1980-012-14:03:20.09570 66/1/CFE_ES 91: Version Info: Module EVS, version git:2612eb0
EVS Port1 1980-012-14:03:20.09597 66/1/CFE_ES 91: Version Info: Module FS, version git:2612eb0
EVS Port1 1980-012-14:03:20.09828 66/1/CFE_ES 91: Version Info: Module SB, version git:2612eb0
EVS Port1 1980-012-14:03:20.09881 66/1/CFE_ES 91: Version Info: Module TBL, version git:2612eb0
EVS Port1 1980-012-14:03:20.09912 66/1/CFE_ES 91: Version Info: Module TIME, version git:2612eb0
EVS Port1 1980-012-14:03:20.10076 66/1/CFE_ES 91: Version Info: Module OSAL, version git:8111e4a
EVS Port1 1980-012-14:03:20.10211 66/1/CFE_ES 91: Version Info: Module PSP, version git:d1da809
EVS Port1 1980-012-14:03:20.10372 66/1/CFE_ES 91: Version Info: Module MSG, version git:2612eb0
EVS Port1 1980-012-14:03:20.10414 66/1/CFE_ES 91: Version Info: Module SBR, version git:2612eb0
EVS Port1 1980-012-14:03:20.10470 66/1/CFE_ES 91: Version Info: Module RESOURCEID, version git:2612eb0
EVS Port1 1980-012-14:03:20.10516 66/1/CFE_ES 92: Build 202609140214 by root@vm, config aarch64
EVS Port1 1980-012-14:03:20.22424 66/1/CFE_EVS 1: cFE EVS Initialized: CFE_EVS v7.0.1+dev1 (Draco) DEV BUILD, based on v7.0.1, EDS disabled
1980-012-14:03:20.32779 CFE_SB_AppInit: Registered 4 events for filtering
EVS Port1 1980-012-14:03:20.33268 66/1/CFE_SB 1: cFE SB Initialized: CFE_SB v7.0.1+dev1 (Draco) DEV BUILD, based on v7.0.1, EDS disabled
EVS Port1 1980-012-14:03:20.33328 66/1/CFE_SB 14: No subscribers for MsgId 0x808,sender CFE_SB
EVS Port1 1980-012-14:03:20.43817 66/1/CFE_TBL 1: cFE TBL Initialized: CFE_TBL v7.0.1+dev1 (Draco) DEV BUILD, based on v7.0.1, EDS disabled
EVS Port1 1980-012-14:03:20.44020 66/1/CFE_SB 14: No subscribers for MsgId 0x808,sender CFE_TBL
EVS Port1 1980-012-14:03:20.56094 66/1/CFE_TIME 1: cFE TIME Initialized: CFE_TIME v7.0.1+dev1 (Draco) DEV BUILD, based on v7.0.1, EDS disabled
EVS Port1 1980-012-14:03:20.56272 66/1/CFE_SB 14: No subscribers for MsgId 0x808,sender CFE_TIME
1980-012-14:03:20.59177 CFE_ES_CreateObjects: Finished ES CreateObject table entries.
1980-012-14:03:20.59377 CFE_ES_Main: CFE_ES_Main entering CORE_READY state
1980-012-14:03:20.60120 CFE_ES_OpenStartupScript: Opened ES App Startup file: /cf/cfe_es_startup.scr
1980-012-14:03:20.65511 CFE_ES_ParseFileEntry: Loading shared library: /cf/cfe_assert.so
1980-012-14:03:20.67976 [BEGIN] CFE FUNCTIONAL TEST
1980-012-14:03:20.68208 [BEGIN] 01 CFE-STARTUP
1980-012-14:03:20.71570 CFE_ES_ParseFileEntry: Loading shared library: /cf/sample_lib.so
SAMPLE Lib Initialized.Sample Lib v7.0.0+dev1 (Draco) DEV BUILD, based on v7.0.1, EDS disabled
1980-012-14:03:20.76077 CFE_ES_ParseFileEntry: Loading file: /cf/sch_lab.so, APP: SCH_LAB
1980-012-14:03:20.81889 CFE_ES_ParseFileEntry: Loading file: /cf/ci_lab.so, APP: CI_LAB
SCH Lab Initialized.SCH Lab v7.0.1+dev1 (Draco) DEV BUILD, based on v7.0.1, EDS disabled
1980-012-14:03:20.91897 CFE_ES_ParseFileEntry: Loading file: /cf/to_lab.so, APP: TO_LAB
1980-012-14:03:21.03465 CI_LAB listening on UDP port: 1234
EVS Port1 1980-012-14:03:21.03527 66/1/CI_LAB 3: CI Lab Initialized.CI Lab App v7.0.1+dev1 (Draco) DEV BUILD, based on v7.0.1, EDS disabled
EVS Port1 1980-012-14:03:21.04173 66/1/CFE_SB 14: No subscribers for MsgId 0x808,sender CI_LAB
EVS Port1 1980-012-14:03:21.03726 66/1/TO_LAB 1: TO Lab Initialized.TO Lab v7.0.1+dev1 (Draco) DEV BUILD, based on v7.0.1, EDS disabled, Awaiting enable command.
1980-012-14:03:21.05263 CFE_ES_ParseFileEntry: Loading file: /cf/sample_app.so, APP: SAMPLE_APP
1980-012-14:03:21.10774 CFE_ES_ParseFileEntry: Loading file: /cf/ai_learner.so, APP: AI_LEARNER
EVS Port1 1980-012-14:03:21.15081 66/1/SAMPLE_APP 1: Sample App Initialized.Sample App v7.0.0+dev1 (Draco) DEV BUILD, based on v7.0.1, EDS disabled
1980-012-14:03:21.17050 CFE_ES_ParseFileEntry: Loading file: /cf/lc.so, APP: LC
{"app":"AI_LEARNER","stage":"build_config","model":"wgan","allow_conditional_map":1,"contract_bounded_bytes":135666432,"contract_per_call_bytes":131382784,"contract_const_bytes":4283648,"contract_bound_known":true,"contract_artifact_sha256":"e382429cbfbf580356379365fa67a8a2b01b47d58ec4e04b4a4c14165be2e102"}
{"app":"AI_LEARNER","stage":"stack","es_stack_size":263024,"stack_base_bytes":262144,"contract_kernel_stack_bytes":880,"kernel_stack_accounted":true}
EVS Port1 1980-012-14:03:21.20219 66/1/AI_LEARNER 8: AI_LEARNER stack: es=263024 base=262144 kernel=880 accounted=1
{"app":"AI_LEARNER","stage":"admission","verdict":"ADMIT_CONDITIONAL_MAP","model":"wgan","target":"aarch64-unknown-linux-gnu","bounded":135666432,"budget":131382784,"budget_source":"override","per_call":131382784,"constants":4283648,"kernel_stack_bytes":880,"bound_known":true,"scope":"per_app_local_budget"}
{"app":"AI_LEARNER","stage":"blob_align","requested_offset":8,"state":"applied","module_ptr_mod64":8}
1980-012-14:03:21.24676 CFE_ES_ParseFileEntry: Loading file: /cf/cf.so, APP: CF
EVS Port1 1980-012-14:03:21.27815 66/1/LC 56: WDT verify results: good = 0, bad = 0, unused = 176
EVS Port1 1980-012-14:03:21.30076 66/1/LC 66: ADT verify results: good = 0, bad = 0, unused = 176
EVS Port1 1980-012-14:03:21.31280 66/1/LC 23: LC use of Critical Data Store disabled, activity mask = 0x00991990
EVS Port1 1980-012-14:03:21.31599 66/1/LC 2: LC Initialized. Version 7.0.1.255
1980-012-14:03:21.36601 CFE_ES_ParseFileEntry: Loading file: /cf/ds.so, APP: DS
EVS Port1 1980-012-14:03:21.44784 66/1/CF 20: CF Initialized. Version 7.0.1.255
1980-012-14:03:21.48700 CFE_ES_ParseFileEntry: Loading file: /cf/fm.so, APP: FM
EVS Port1 1980-012-14:03:21.49299 66/1/DS 10: Destination file table verify results: good entries = 6, bad = 0, unused = 10
EVS Port1 1980-012-14:03:21.51676 66/1/DS 12: Filter table verify results: good entries = 14, bad = 0, unused = 242
EVS Port1 1980-012-14:03:21.54014 66/1/DS 1: Application initialized, version 7.0.1.255, data at 0xec7fd45a0460
1980-012-14:03:21.62416 CFE_ES_ParseFileEntry: Loading file: /cf/hk.so, APP: HK
EVS Port1 1980-012-14:03:21.63516 66/1/FM 80: Free Space Table verify results: good entries = 3, bad = 0, unused = 5
EVS Port1 1980-012-14:03:21.67016 66/1/FM 1: Initialization complete: version 7.0.1.255
EVS Port1 1980-012-14:03:21.73019 66/1/FM 72: Child Task initialization complete
1980-012-14:03:21.74600 CFE_ES_ParseFileEntry: Loading file: /cf/hs.so, APP: HS
EVS Port1 1980-012-14:03:21.79002 66/1/HK 1: HK Initialized.  Version 7.0.1.255
1980-012-14:03:21.84895 CFE_ES_ParseFileEntry: Loading file: /cf/mm.so, APP: MM
EVS Port1 1980-012-14:03:21.90379 66/1/HS 54: ExeCount verify results: good = 5, bad = 0, unused = 27
EVS Port1 1980-012-14:03:21.93673 66/1/HS 50: AppMon verify results: good = 0, bad = 0, unused = 32
EVS Port1 1980-012-14:03:21.95587 66/1/HS 52: EventMon verify results: good = 0, bad = 0, unused = 16
EVS Port1 1980-012-14:03:21.96817 66/1/MM 1: MM Initialized. Version 7.0.1.255
EVS Port1 1980-012-14:03:21.98811 66/1/HS 56: MsgActs verify results: good = 2, bad = 0, unused = 6
1980-012-14:03:22.01026 HS_SysMonInit(): System Monitor using PSP device ID 0110ff05
1980-012-14:03:22.04090 CFE_ES_ParseFileEntry: Loading file: /cf/sc.so, APP: SC
CFE_PSP(Linux_SysMon): Started CPU utilization monitoring on 1 CPU(s)
EVS Port1 1980-012-14:03:22.05899 66/1/HS 1: HS Initialized.  Version 7.0.1.255
EVS Port1 1980-012-14:03:22.01809 66/1/CFE_TIME 21: Stop FLYWHEEL
1980-012-14:03:22.07574 CFE_ES_ParseFileEntry: Loading file: /cf/md.so, APP: MD
EVS Port1 1980-012-14:03:22.17158 66/1/SC 21: RTS table files not loaded at initialization = 0 of 4
EVS Port1 1980-012-14:03:22.19410 66/1/SC 9: SC Initialized. Version 7.0.1.255
1980-012-14:03:22.21439 CFE_ES_ParseFileEntry: Loading file: /cf/cs.so, APP: CS
EVS Port1 1980-012-14:03:22.23098 66/1/MD 52: MD Dwell Tbl verify results: good = 0, bad = 0, unused = 25
EVS Port1 1980-012-14:03:22.26358 66/1/MD 52: MD Dwell Tbl verify results: good = 0, bad = 0, unused = 25
EVS Port1 1980-012-14:03:22.28173 66/1/MD 52: MD Dwell Tbl verify results: good = 0, bad = 0, unused = 25
EVS Port1 1980-012-14:03:22.29492 66/1/MD 52: MD Dwell Tbl verify results: good = 0, bad = 0, unused = 25
EVS Port1 1980-012-14:03:22.30012 66/1/MD 7: Dwell Tables Recovered: 0, Dwell Tables Initialized: 4
EVS Port1 1980-012-14:03:22.30383 66/1/MD 1: MD Initialized.  Version 7.0.1.255
EVS Port1 1980-012-14:03:22.34793 66/1/CS 144: CS EEPROM Table verification results: good = 0, bad = 0, unused = 16
EVS Port1 1980-012-14:03:22.35408 66/1/CS 107: CS EEPROM Table: No valid entries in the table
EVS Port1 1980-012-14:03:22.36865 66/1/CS 143: CS Memory Table verification results: good = 0, bad = 0, unused = 16
EVS Port1 1980-012-14:03:22.37216 66/1/CS 107: CS Memory Table: No valid entries in the table
EVS Port1 1980-012-14:03:22.38706 66/1/CS 139: CS Tables Table verification results: good = 1, bad = 0, unused = 23
EVS Port1 1980-012-14:03:22.40596 66/1/CS 142: CS Apps Table verification results: good = 0, bad = 0, unused = 24
EVS Port1 1980-012-14:03:22.41638 66/1/CS 108: CS Apps Table: No valid entries in the table
EVS Port1 1980-012-14:03:22.42083 66/1/CS 127: OS Text Segment disabled due to platform
EVS Port1 1980-012-14:03:22.42304 66/1/CS 1: CS Initialized. Version 7.0.1.255
{"app":"AI_LEARNER","stage":"binding","verdict":"MATCH","artifact_bytes":4321533,"artifact_sha256":"e382429cbfbf5803","contract_sha256":"e382429cbfbf5803"}
EVS Port1 1980-012-14:03:22.94474 66/1/AI_LEARNER 13: AI_LEARNER MAP_PRECONDITION_UNMET: admitted on per_call=131382784 but module image is 8 mod 64; refused before runti
{"app":"AI_LEARNER","stage":"map_branch","verdict":"MAP_PRECONDITION_UNMET","module_ptr_mod64":8,"contract_per_call_bytes":131382784}
{"app":"AI_LEARNER","stage":"cleanup","released":true,"cleanup_calls":1}
1980-012-14:03:22.95510 CFE_ES_ExitApp: Application AI_LEARNER called CFE_ES_ExitApp
1980-012-14:03:23.00603 CFE_ES_Main: CFE_ES_Main entering APPS_INIT state
1980-012-14:03:23.00657 CFE_ES_Main: CFE_ES_Main entering OPERATIONAL state
EVS Port1 1980-012-14:03:23.05792 66/1/TO_LAB 19: L550 TO Lab subscribed to 32 messages from the table
EVS Port1 1980-012-14:03:23.14697 66/1/CFE_ES 14: ErrExit Application AI_LEARNER Success.
...EVS Port1 1980-012-14:03:41.00367 66/1/CFE_TIME 21: Stop FLYWHEEL
EVS Port1 1980-012-14:03:42.00010 66/1/CFE_TIME 20: Start FLYWHEEL
EVS Port1 1980-012-14:03:47.00273 66/1/CFE_TIME 20: Start FLYWHEEL
.EVS Port1 1980-012-14:03:47.00611 66/1/CFE_TIME 21: Stop FLYWHEEL
EVS Port1 1980-012-14:03:53.00621 66/1/CFE_TIME 20: Start FLYWHEEL
.EVS Port1 1980-012-14:03:53.00939 66/1/CFE_TIME 21: Stop FLYWHEEL
.EVS Port1 1980-012-14:04:00.00364 66/1/CFE_TIME 21: Stop FLYWHEEL
EVS Port1 1980-012-14:04:00.99949 66/1/CFE_TIME 20: Start FLYWHEEL
...........EVS Port1 1980-012-14:05:10.00331 66/1/CFE_TIME 21: Stop FLYWHEEL
EVS Port1 1980-012-14:05:10.99772 66/1/CFE_TIME 20: Start FLYWHEEL
.......EVS Port1 1980-012-14:05:51.00938 66/1/CFE_TIME 20: Start FLYWHEEL
EVS Port1 1980-012-14:05:51.00480 66/1/CFE_TIME 21: Stop FLYWHEEL
...EVS Port1 1980-012-14:06:10.00386 66/1/CFE_TIME 21: Stop FLYWHEEL
EVS Port1 1980-012-14:06:10.99986 66/1/CFE_TIME 20: Start FLYWHEEL
.............EVS Port1 1980-012-14:07:24.00502 66/1/CFE_TIME 21: Stop FLYWHEEL
EVS Port1 1980-012-14:07:24.99801 66/1/CFE_TIME 20: Start FLYWHEEL
...EVS Port1 1980-012-14:07:47.01257 66/1/CFE_TIME 21: Stop FLYWHEEL
.EVS Port1 1980-012-14:07:47.99763 66/1/CFE_TIME 20: Start FLYWHEEL
..EVS Port1 1980-012-14:08:01.00695 66/1/CFE_TIME 21: Stop FLYWHEEL
EVS Port1 1980-012-14:08:01.99984 66/1/CFE_TIME 20: Start FLYWHEEL
..........................EVS Port1 1980-012-14:10:40.00717 66/1/CFE_TIME 21: Stop FLYWHEEL
EVS Port1 1980-012-14:10:40.99412 66/1/CFE_TIME 20: Start FLYWHEEL
.EVS Port1 1980-012-14:10:47.05010 66/1/CFE_TIME 21: Stop FLYWHEEL
.EVS Port1 1980-012-14:10:47.97908 66/1/CFE_TIME 20: Start FLYWHEEL
.EVS Port1 1980-012-14:10:54.00393 66/1/CFE_TIME 21: Stop FLYWHEEL
EVS Port1 1980-012-14:10:54.99783 66/1/CFE_TIME 20: Start FLYWHEEL
.EVS Port1 1980-012-14:11:01.00747 66/1/CFE_TIME 21: Stop FLYWHEEL
EVS Port1 1980-012-14:11:01.99774 66/1/CFE_TIME 20: Start FLYWHEEL
..................EVS Port1 1980-012-14:12:53.00494 66/1/CFE_TIME 21: Stop FLYWHEEL
.EVS Port1 1980-012-14:12:53.99914 66/1/CFE_TIME 20: Start FLYWHEEL
....1980-012-14:13:17.52519 CFE_ES_RunExceptionScan: ExceptionID 0x1110000 in TaskID 0: Caught SIGINT
1980-012-14:13:17.52713 CFE_ES_RunExceptionScan: Processor Reset count not reached (0/2)
CFE_PSP: Exiting cFE with PROCESSOR Reset status.

CFE_PSP: Shutdown initiated - Exiting cFE
CI delete callback -- Closing CI Network socket.
TO delete callback -- Closing TO Network socket.
EXIT=124
