OS_BSP_Initialize():Maximum user msg queue depth = 512
CFE_PSP: Default Reset SubType = 1
CFE_PSP: Default CPU ID = 1
CFE_PSP: Default Spacecraft ID = 66
CFE_PSP: Default CPU Name: cpu1
OS_Posix_GetSchedulerParams():208:Policy 1: available, min-max: 1-99
OS_Posix_GetSchedulerParams():208:Policy 2: available, min-max: 1-99
OS_Posix_TaskAPI_Impl_Init():401:Selected policy 2 for RT tasks, root task = 99
OS_Posix_TaskAPI_Impl_Init():419:Could not setschedparam in main thread: Operation not permitted (1)
CFE_PSP: initializing module 'soft_timebase' with ID 0110ff00
CFE_PSP: Instantiated software timebase 'cFS-Master' running at 10000 usec
CFE_PSP: initializing module 'timebase_posix_clock' with ID 0110ff01
CFE_PSP: Using POSIX monotonic clock as CFE timebase
CFE_PSP: initializing module 'eeprom_mmap_file' with ID 0110ff02
CFE_PSP: Using MMAP simulated EEPROM implementation
CFE_PSP: initializing module 'port_notimpl' with ID 0110ff03
CFE_PSP: I/O Port access not implemented
CFE_PSP: EEPROM Range (2) created: Start Address = F67EF2B7E000, Size = 00080000 Status = 0
CFE_PSP: initializing module 'iodriver' with ID 0110ff04
CFE_PSP: initializing module 'linux_sysmon' with ID 0110ff05
CFE_PSP: initializing module 'endian_api' with ID 0110ff06
CFE_PSP: Host CPU Endian=LITTLE
CFE_PSP: initializing module 'ram_notimpl' with ID 0110ff07
CFE_PSP: Physical RAM access not implemented
CFE_PSP: Normal exit from previous cFE instance
CFE_PSP: Starting the cFE with a PROCESSOR reset.
1980-001-00:42:13.87655 CFE_ES_Main: CFE_ES_Main in EARLY_INIT state
1980-001-00:42:13.89180 CFE_ES_InitializeFileSystems: Volatile Disk has 100 Percent free space.
Number of addresses returned by backtrace = 1
CFE_PSP: CFE_PSP_AttachExceptions called
1980-001-00:42:13.92133 CFE_ES_Main: CFE_ES_Main entering CORE_STARTUP state
1980-001-00:42:13.92162 CFE_ES_CreateObjects: Starting Object Creation calls.
1980-001-00:42:13.92179 CFE_ES_CreateObjects: Calling EarlyInit for CFE_CONFIG
1980-001-00:42:13.92501 CFE_ES_CreateObjects: Calling EarlyInit for CFE_ES
1980-001-00:42:13.93135 CFE_ES_CreateObjects: Calling EarlyInit for CFE_EVS
1980-001-00:42:13.93441 CFE_EVS_EarlyInit: Event Log restored, n=0, c=20, f=1, m=1, o=258
1980-001-00:42:13.93559 CFE_ES_CreateObjects: Calling EarlyInit for CFE_FS
1980-001-00:42:13.93589 CFE_ES_CreateObjects: Calling EarlyInit for CFE_SB
1980-001-00:42:13.95967 CFE_ES_CreateObjects: Calling EarlyInit for CFE_TBL
1980-001-00:42:13.99804 CFE_ES_CreateObjects: Calling EarlyInit for CFE_TIME
EVS Port1 1980-012-14:23:02.79675 66/1/CFE_ES 1: cFE ES Initialized: CFE_ES v7.0.1+dev1 (Draco) DEV BUILD, based on v7.0.1, EDS disabled
EVS Port1 1980-012-14:23:02.80419 66/1/CFE_ES 2: cFS Versions: cfe v7.0.1+dev1, osal v7.0.1+dev1, psp v7.0.1+dev1. cFE chksm 31659
EVS Port1 1980-012-14:23:02.80532 66/1/CFE_ES 91: Version Info: Mission SampleMission, version git:v7.0.1-90-g78c23b0-dirty
EVS Port1 1980-012-14:23:02.80722 66/1/CFE_ES 91: Version Info: Module CORE_API, version git:2612eb0
EVS Port1 1980-012-14:23:02.80790 66/1/CFE_ES 91: Version Info: Module CONFIG, version git:2612eb0
EVS Port1 1980-012-14:23:02.80822 66/1/CFE_ES 91: Version Info: Module ES, version git:2612eb0
EVS Port1 1980-012-14:23:02.81022 66/1/CFE_ES 91: Version Info: Module EVS, version git:2612eb0
EVS Port1 1980-012-14:23:02.81079 66/1/CFE_ES 91: Version Info: Module FS, version git:2612eb0
EVS Port1 1980-012-14:23:02.81105 66/1/CFE_ES 91: Version Info: Module SB, version git:2612eb0
EVS Port1 1980-012-14:23:02.81265 66/1/CFE_ES 91: Version Info: Module TBL, version git:2612eb0
EVS Port1 1980-012-14:23:02.81298 66/1/CFE_ES 91: Version Info: Module TIME, version git:2612eb0
EVS Port1 1980-012-14:23:02.81352 66/1/CFE_ES 91: Version Info: Module OSAL, version git:8111e4a
EVS Port1 1980-012-14:23:02.81384 66/1/CFE_ES 91: Version Info: Module PSP, version git:d1da809
EVS Port1 1980-012-14:23:02.81410 66/1/CFE_ES 91: Version Info: Module MSG, version git:2612eb0
EVS Port1 1980-012-14:23:02.81565 66/1/CFE_ES 91: Version Info: Module SBR, version git:2612eb0
EVS Port1 1980-012-14:23:02.81695 66/1/CFE_ES 91: Version Info: Module RESOURCEID, version git:2612eb0
EVS Port1 1980-012-14:23:02.81953 66/1/CFE_ES 92: Build 202609140214 by root@vm, config aarch64
EVS Port1 1980-012-14:23:02.93371 66/1/CFE_EVS 1: cFE EVS Initialized: CFE_EVS v7.0.1+dev1 (Draco) DEV BUILD, based on v7.0.1, EDS disabled
1980-012-14:23:03.03724 CFE_SB_AppInit: Registered 4 events for filtering
EVS Port1 1980-012-14:23:03.04296 66/1/CFE_SB 1: cFE SB Initialized: CFE_SB v7.0.1+dev1 (Draco) DEV BUILD, based on v7.0.1, EDS disabled
EVS Port1 1980-012-14:23:03.04386 66/1/CFE_SB 14: No subscribers for MsgId 0x808,sender CFE_SB
EVS Port1 1980-012-14:23:03.15203 66/1/CFE_TBL 1: cFE TBL Initialized: CFE_TBL v7.0.1+dev1 (Draco) DEV BUILD, based on v7.0.1, EDS disabled
EVS Port1 1980-012-14:23:03.15458 66/1/CFE_SB 14: No subscribers for MsgId 0x808,sender CFE_TBL
EVS Port1 1980-012-14:23:03.29870 66/1/CFE_TIME 1: cFE TIME Initialized: CFE_TIME v7.0.1+dev1 (Draco) DEV BUILD, based on v7.0.1, EDS disabled
EVS Port1 1980-012-14:23:03.30216 66/1/CFE_SB 14: No subscribers for MsgId 0x808,sender CFE_TIME
1980-012-14:23:03.35459 CFE_ES_CreateObjects: Finished ES CreateObject table entries.
1980-012-14:23:03.35491 CFE_ES_Main: CFE_ES_Main entering CORE_READY state
OS_FileOpen_Impl():110:open(/dev/shm/osal:RAM/cfe_es_startup.scr): No such file or directory
1980-012-14:23:03.39721 CFE_ES_OpenStartupScript: Cannot Open Volatile Startup file: /ram/cfe_es_startup.scr, Trying Nonvolatile.
1980-012-14:23:03.40275 CFE_ES_OpenStartupScript: Opened ES App Startup file: /cf/cfe_es_startup.scr
1980-012-14:23:03.43816 CFE_ES_ParseFileEntry: Loading shared library: /cf/cfe_assert.so
1980-012-14:23:03.45501 [BEGIN] CFE FUNCTIONAL TEST
1980-012-14:23:03.45707 [BEGIN] 01 CFE-STARTUP
1980-012-14:23:03.49158 CFE_ES_ParseFileEntry: Loading shared library: /cf/sample_lib.so
SAMPLE Lib Initialized.Sample Lib v7.0.0+dev1 (Draco) DEV BUILD, based on v7.0.1, EDS disabled
1980-012-14:23:03.53380 CFE_ES_ParseFileEntry: Loading file: /cf/sch_lab.so, APP: SCH_LAB
1980-012-14:23:03.58127 CFE_ES_ParseFileEntry: Loading file: /cf/ci_lab.so, APP: CI_LAB
SCH Lab Initialized.SCH Lab v7.0.1+dev1 (Draco) DEV BUILD, based on v7.0.1, EDS disabled
1980-012-14:23:03.67412 CFE_ES_ParseFileEntry: Loading file: /cf/to_lab.so, APP: TO_LAB
EVS Port1 1980-012-14:23:03.79791 66/1/TO_LAB 1: TO Lab Initialized.TO Lab v7.0.1+dev1 (Draco) DEV BUILD, based on v7.0.1, EDS disabled, Awaiting enable command.
EVS Port1 1980-012-14:23:03.81018 66/1/CFE_SB 14: No subscribers for MsgId 0x808,sender TO_LAB
1980-012-14:23:03.85327 CFE_ES_ParseFileEntry: Loading file: /cf/sample_app.so, APP: SAMPLE_APP
1980-012-14:23:03.95094 CI_LAB listening on UDP port: 1234
EVS Port1 1980-012-14:23:03.95686 66/1/CI_LAB 3: CI Lab Initialized.CI Lab App v7.0.1+dev1 (Draco) DEV BUILD, based on v7.0.1, EDS disabled
1980-012-14:23:04.01317 CFE_ES_ParseFileEntry: Loading file: /cf/ai_learner.so, APP: AI_LEARNER
EVS Port1 1980-012-14:23:04.02915 66/1/SAMPLE_APP 1: Sample App Initialized.Sample App v7.0.0+dev1 (Draco) DEV BUILD, based on v7.0.1, EDS disabled
1980-012-14:23:04.07658 CFE_ES_ParseFileEntry: Loading file: /cf/lc.so, APP: LC
{"app":"AI_LEARNER","stage":"build_config","model":"smartcam","allow_conditional_map":1,"contract_bounded_bytes":18222796,"contract_per_call_bytes":9382092,"contract_const_bytes":8840704,"contract_bound_known":true,"contract_artifact_sha256":"ecffe6e0bcbadf51c8482c73ab147e91fa857927d1183955e03a3257041c78f1"}
{"app":"AI_LEARNER","stage":"stack","es_stack_size":264063,"stack_base_bytes":262144,"contract_kernel_stack_bytes":1919,"kernel_stack_accounted":true}
{"app":"AI_LEARNER","stage":"admission","verdict":"ADMIT_CONDITIONAL_MAP","model":"smartcam","target":"aarch64-unknown-linux-gnu","bounded":18222796,"budget":9382092,"budget_source":"override","per_call":9382092,"constants":8840704,"kernel_stack_bytes":1919,"bound_known":true,"scope":"per_app_local_budget"}
EVS Port1 1980-012-14:23:04.12179 66/1/AI_LEARNER 8: AI_LEARNER stack: es=264063 base=262144 kernel=1919 accounted=1
1980-012-14:23:04.13612 CFE_ES_ParseFileEntry: Loading file: /cf/cf.so, APP: CF
{"app":"AI_LEARNER","stage":"blob_align","requested_offset":8,"state":"applied","module_ptr_mod64":8}
EVS Port1 1980-012-14:23:04.18220 66/1/LC 56: WDT verify results: good = 0, bad = 0, unused = 176
EVS Port1 1980-012-14:23:04.20816 66/1/LC 66: ADT verify results: good = 0, bad = 0, unused = 176
EVS Port1 1980-012-14:23:04.21859 66/1/LC 23: LC use of Critical Data Store disabled, activity mask = 0x00991990
EVS Port1 1980-012-14:23:04.22207 66/1/LC 2: LC Initialized. Version 7.0.1.255
1980-012-14:23:04.27526 CFE_ES_ParseFileEntry: Loading file: /cf/ds.so, APP: DS
EVS Port1 1980-012-14:23:04.34329 66/1/CF 20: CF Initialized. Version 7.0.1.255
1980-012-14:23:04.42692 CFE_ES_ParseFileEntry: Loading file: /cf/fm.so, APP: FM
EVS Port1 1980-012-14:23:04.44506 66/1/DS 10: Destination file table verify results: good entries = 6, bad = 0, unused = 10
EVS Port1 1980-012-14:23:04.48260 66/1/DS 12: Filter table verify results: good entries = 14, bad = 0, unused = 242
EVS Port1 1980-012-14:23:04.51370 66/1/DS 1: Application initialized, version 7.0.1.255, data at 0xf67ef1ad0460
EVS Port1 1980-012-14:23:04.59527 66/1/FM 80: Free Space Table verify results: good entries = 3, bad = 0, unused = 5
1980-012-14:23:04.60025 CFE_ES_ParseFileEntry: Loading file: /cf/hk.so, APP: HK
EVS Port1 1980-012-14:23:04.70965 66/1/FM 1: Initialization complete: version 7.0.1.255
EVS Port1 1980-012-14:23:04.76419 66/1/FM 72: Child Task initialization complete
1980-012-14:23:04.80575 CFE_ES_ParseFileEntry: Loading file: /cf/hs.so, APP: HS
EVS Port1 1980-012-14:23:04.82327 66/1/HK 1: HK Initialized.  Version 7.0.1.255
1980-012-14:23:04.91774 CFE_ES_ParseFileEntry: Loading file: /cf/mm.so, APP: MM
EVS Port1 1980-012-14:23:04.94216 66/1/HS 54: ExeCount verify results: good = 5, bad = 0, unused = 27
EVS Port1 1980-012-14:23:04.97491 66/1/HS 50: AppMon verify results: good = 0, bad = 0, unused = 32
EVS Port1 1980-012-14:23:04.98988 66/1/HS 52: EventMon verify results: good = 0, bad = 0, unused = 16
EVS Port1 1980-012-14:23:05.00692 66/1/HS 56: MsgActs verify results: good = 2, bad = 0, unused = 6
1980-012-14:23:05.02411 HS_SysMonInit(): System Monitor using PSP device ID 0110ff05
EVS Port1 1980-012-14:23:05.04197 66/1/MM 1: MM Initialized. Version 7.0.1.255
CFE_PSP(Linux_SysMon): Started CPU utilization monitoring on 1 CPU(s)
1980-012-14:23:05.06827 CFE_ES_ParseFileEntry: Loading file: /cf/sc.so, APP: SC
EVS Port1 1980-012-14:23:05.07298 66/1/HS 1: HS Initialized.  Version 7.0.1.255
1980-012-14:23:05.24570 CFE_ES_ParseFileEntry: Loading file: /cf/md.so, APP: MD
EVS Port1 1980-012-14:23:05.33587 66/1/SC 21: RTS table files not loaded at initialization = 0 of 4
EVS Port1 1980-012-14:23:05.35111 66/1/SC 9: SC Initialized. Version 7.0.1.255
EVS Port1 1980-012-14:23:05.38723 66/1/MD 52: MD Dwell Tbl verify results: good = 0, bad = 0, unused = 25
EVS Port1 1980-012-14:23:05.39118 66/1/MD 3: Recovered Dwell Table #1 is valid and has been copied to the MD App
EVS Port1 1980-012-14:23:05.39707 66/1/MD 52: MD Dwell Tbl verify results: good = 0, bad = 0, unused = 25
EVS Port1 1980-012-14:23:05.40322 66/1/MD 3: Recovered Dwell Table #2 is valid and has been copied to the MD App
EVS Port1 1980-012-14:23:05.40505 66/1/MD 52: MD Dwell Tbl verify results: good = 0, bad = 0, unused = 25
1980-012-14:23:05.40582 CFE_ES_ParseFileEntry: Loading file: /cf/cs.so, APP: CS
EVS Port1 1980-012-14:23:05.41067 66/1/MD 3: Recovered Dwell Table #3 is valid and has been copied to the MD App
EVS Port1 1980-012-14:23:05.41589 66/1/MD 52: MD Dwell Tbl verify results: good = 0, bad = 0, unused = 25
EVS Port1 1980-012-14:23:05.43318 66/1/MD 3: Recovered Dwell Table #4 is valid and has been copied to the MD App
EVS Port1 1980-012-14:23:05.44197 66/1/MD 7: Dwell Tables Recovered: 4, Dwell Tables Initialized: 0
EVS Port1 1980-012-14:23:05.45312 66/1/MD 1: MD Initialized.  Version 7.0.1.255
EVS Port1 1980-012-14:23:05.54563 66/1/CS 144: CS EEPROM Table verification results: good = 0, bad = 0, unused = 16
EVS Port1 1980-012-14:23:05.55413 66/1/CS 107: CS EEPROM Table: No valid entries in the table
EVS Port1 1980-012-14:23:05.57075 66/1/CS 143: CS Memory Table verification results: good = 0, bad = 0, unused = 16
EVS Port1 1980-012-14:23:05.57586 66/1/CS 107: CS Memory Table: No valid entries in the table
EVS Port1 1980-012-14:23:05.59158 66/1/CS 139: CS Tables Table verification results: good = 1, bad = 0, unused = 23
EVS Port1 1980-012-14:23:05.60968 66/1/CS 142: CS Apps Table verification results: good = 0, bad = 0, unused = 24
EVS Port1 1980-012-14:23:05.61204 66/1/CS 108: CS Apps Table: No valid entries in the table
EVS Port1 1980-012-14:23:05.62496 66/1/CS 127: OS Text Segment disabled due to platform
EVS Port1 1980-012-14:23:05.64994 66/1/CS 1: CS Initialized. Version 7.0.1.255
1980-012-14:23:06.50150 CFE_ES_Main: Startup Sync failed - Applications may not have all initialized
1980-012-14:23:06.50277 CFE_ES_Main: CFE_ES_Main entering APPS_INIT state
EVS Port1 1980-012-14:23:06.01466 66/1/CFE_TIME 21: Stop FLYWHEEL
{"app":"AI_LEARNER","stage":"binding","verdict":"MATCH","artifact_bytes":8991281,"artifact_sha256":"ecffe6e0bcbadf51","contract_sha256":"ecffe6e0bcbadf51"}
EVS Port1 1980-012-14:23:06.34274 66/1/AI_LEARNER 13: AI_LEARNER MAP_PRECONDITION_UNMET: admitted on per_call=9382092 but module image is 8 mod 64; refused before runtime
{"app":"AI_LEARNER","stage":"map_branch","verdict":"MAP_PRECONDITION_UNMET","module_ptr_mod64":8,"contract_per_call_bytes":9382092}
{"app":"AI_LEARNER","stage":"cleanup","released":true,"cleanup_calls":1}
1980-012-14:23:06.37110 CFE_ES_ExitApp: Application AI_LEARNER called CFE_ES_ExitApp
1980-012-14:23:06.40203 CFE_ES_Main: CFE_ES_Main entering OPERATIONAL state
EVS Port1 1980-012-14:23:06.43212 66/1/TO_LAB 19: L550 TO Lab subscribed to 32 messages from the table
EVS Port1 1980-012-14:23:07.79263 66/1/CFE_ES 14: ErrExit Application AI_LEARNER Success.
..EVS Port1 1980-012-14:23:19.00514 66/1/CFE_TIME 21: Stop FLYWHEEL
EVS Port1 1980-012-14:23:19.99911 66/1/CFE_TIME 20: Start FLYWHEEL
..EVS Port1 1980-012-14:23:32.99876 66/1/CFE_TIME 20: Start FLYWHEEL
EVS Port1 1980-012-14:23:33.00457 66/1/CFE_TIME 21: Stop FLYWHEEL
...EVS Port1 1980-012-14:23:52.00224 66/1/CFE_TIME 20: Start FLYWHEEL
EVS Port1 1980-012-14:23:52.02534 66/1/CFE_TIME 21: Stop FLYWHEEL
.....EVS Port1 1980-012-14:24:24.01393 66/1/CFE_TIME 20: Start FLYWHEEL
EVS Port1 1980-012-14:24:24.00505 66/1/CFE_TIME 21: Stop FLYWHEEL
..................EVS Port1 1980-012-14:26:07.01190 66/1/CFE_TIME 21: Stop FLYWHEEL
EVS Port1 1980-012-14:26:07.99415 66/1/CFE_TIME 20: Start FLYWHEEL
EVS Port1 1980-012-14:26:11.00413 66/1/CFE_TIME 20: Start FLYWHEEL
EVS Port1 1980-012-14:26:11.00639 66/1/CFE_TIME 21: Stop FLYWHEEL
..EVS Port1 1980-012-14:26:23.01675 66/1/CFE_TIME 21: Stop FLYWHEEL
EVS Port1 1980-012-14:26:23.98316 66/1/CFE_TIME 20: Start FLYWHEEL
..EVS Port1 1980-012-14:26:34.99971 66/1/CFE_TIME 20: Start FLYWHEEL
EVS Port1 1980-012-14:26:35.00375 66/1/CFE_TIME 21: Stop FLYWHEEL
.EVS Port1 1980-012-14:26:41.01531 66/1/CFE_TIME 21: Stop FLYWHEEL
EVS Port1 1980-012-14:26:41.99536 66/1/CFE_TIME 20: Start FLYWHEEL
.EVS Port1 1980-012-14:26:48.00340 66/1/CFE_TIME 21: Stop FLYWHEEL
.EVS Port1 1980-012-14:26:48.99964 66/1/CFE_TIME 20: Start FLYWHEEL
...EVS Port1 1980-012-14:27:07.00442 66/1/CFE_TIME 21: Stop FLYWHEEL
EVS Port1 1980-012-14:27:07.99850 66/1/CFE_TIME 20: Start FLYWHEEL
EVS Port1 1980-012-14:27:12.00367 66/1/CFE_TIME 21: Stop FLYWHEEL
.EVS Port1 1980-012-14:27:12.99885 66/1/CFE_TIME 20: Start FLYWHEEL
EVS Port1 1980-012-14:27:18.00849 66/1/CFE_TIME 21: Stop FLYWHEEL
.EVS Port1 1980-012-14:27:18.99790 66/1/CFE_TIME 20: Start FLYWHEEL
......EVS Port1 1980-012-14:27:59.03904 66/1/CFE_TIME 20: Start FLYWHEEL
EVS Port1 1980-012-14:27:59.00387 66/1/CFE_TIME 21: Stop FLYWHEEL
....EVS Port1 1980-012-14:28:20.99804 66/1/CFE_TIME 20: Start FLYWHEEL
EVS Port1 1980-012-14:28:21.00421 66/1/CFE_TIME 21: Stop FLYWHEEL
.EVS Port1 1980-012-14:28:25.00428 66/1/CFE_TIME 21: Stop FLYWHEEL
EVS Port1 1980-012-14:28:25.99835 66/1/CFE_TIME 20: Start FLYWHEEL
......EVS Port1 1980-012-14:29:03.00439 66/1/CFE_TIME 21: Stop FLYWHEEL
EVS Port1 1980-012-14:29:03.99818 66/1/CFE_TIME 20: Start FLYWHEEL
.EVS Port1 1980-012-14:29:08.00021 66/1/CFE_TIME 20: Start FLYWHEEL
EVS Port1 1980-012-14:29:08.01884 66/1/CFE_TIME 21: Stop FLYWHEEL
...EVS Port1 1980-012-14:29:26.00991 66/1/CFE_TIME 21: Stop FLYWHEEL
EVS Port1 1980-012-14:29:26.99703 66/1/CFE_TIME 20: Start FLYWHEEL
.....EVS Port1 1980-012-14:30:00.00323 66/1/CFE_TIME 21: Stop FLYWHEEL
.EVS Port1 1980-012-14:30:00.99868 66/1/CFE_TIME 20: Start FLYWHEEL
........EVS Port1 1980-012-14:30:53.00546 66/1/CFE_TIME 21: Stop FLYWHEEL
EVS Port1 1980-012-14:30:54.00054 66/1/CFE_TIME 20: Start FLYWHEEL
...EVS Port1 1980-012-14:31:09.02355 66/1/CFE_TIME 21: Stop FLYWHEEL
EVS Port1 1980-012-14:31:09.99269 66/1/CFE_TIME 20: Start FLYWHEEL
..........EVS Port1 1980-012-14:32:12.00463 66/1/CFE_TIME 21: Stop FLYWHEEL
EVS Port1 1980-012-14:32:12.98983 66/1/CFE_TIME 20: Start FLYWHEEL
........1980-012-14:32:58.83812 CFE_ES_RunExceptionScan: ExceptionID 0x1110002 in TaskID 0: Caught SIGINT
1980-012-14:32:58.83850 CFE_ES_RunExceptionScan: Maximum Processor Reset count reached (2)
CFE_PSP: Exiting cFE with POWERON Reset status.
CFE_PSP: Critical Data Store Shared memory segment removed
Reset Area Shared memory segment removed
User Reserved Area Shared memory segment removed

CFE_PSP: Shutdown initiated - Exiting cFE
CI delete callback -- Closing CI Network socket.
TO delete callback -- Closing TO Network socket.
EXIT=124
