OS_BSP_Initialize():Maximum user msg queue depth = 512
CFE_PSP: Default Reset SubType = 1
CFE_PSP: Default CPU ID = 1
CFE_PSP: Default Spacecraft ID = 66
CFE_PSP: Default CPU Name: cpu1
OS_Posix_GetSchedulerParams():208:Policy 1: available, min-max: 1-99
OS_Posix_GetSchedulerParams():208:Policy 2: available, min-max: 1-99
OS_Posix_TaskAPI_Impl_Init():401:Selected policy 2 for RT tasks, root task = 99
OS_Posix_TaskAPI_Impl_Init():419:Could not setschedparam in main thread: Operation not permitted (1)
CFE_PSP: initializing module 'soft_timebase' with ID 0110ff00
CFE_PSP: Instantiated software timebase 'cFS-Master' running at 10000 usec
CFE_PSP: initializing module 'timebase_posix_clock' with ID 0110ff01
CFE_PSP: Using POSIX monotonic clock as CFE timebase
CFE_PSP: initializing module 'eeprom_mmap_file' with ID 0110ff02
CFE_PSP: Using MMAP simulated EEPROM implementation
CFE_PSP: initializing module 'port_notimpl' with ID 0110ff03
CFE_PSP: I/O Port access not implemented
CFE_PSP: initializing module 'iodriver' with ID 0110ff04
CFE_PSP: EEPROM Range (2) created: Start Address = E0D5E8D0E000, Size = 00080000 Status = 0
CFE_PSP: initializing module 'linux_sysmon' with ID 0110ff05
CFE_PSP: initializing module 'endian_api' with ID 0110ff06
CFE_PSP: Host CPU Endian=LITTLE
CFE_PSP: initializing module 'ram_notimpl' with ID 0110ff07
CFE_PSP: Physical RAM access not implemented
CFE_PSP: Starting the cFE with a POWER ON reset.
CFE_PSP: Clearing out CFE CDS Shared memory segment.
CFE_PSP: Clearing out CFE Reset Shared memory segment.
CFE_PSP: Clearing out CFE User Reserved Shared memory segment.
1980-001-02:06:16.95633 CFE_ES_SetupResetVariables: POWER ON RESET due to Power Cycle (Power Cycle).
1980-001-02:06:16.96985 CFE_ES_Main: CFE_ES_Main in EARLY_INIT state
Number of addresses returned by backtrace = 1
CFE_PSP: CFE_PSP_AttachExceptions called
1980-001-02:06:16.99395 CFE_ES_Main: CFE_ES_Main entering CORE_STARTUP state
1980-001-02:06:16.99639 CFE_ES_CreateObjects: Starting Object Creation calls.
1980-001-02:06:16.99697 CFE_ES_CreateObjects: Calling EarlyInit for CFE_CONFIG
1980-001-02:06:17.00074 CFE_ES_CreateObjects: Calling EarlyInit for CFE_ES
1980-001-02:06:17.00839 CFE_ES_CreateObjects: Calling EarlyInit for CFE_EVS
1980-001-02:06:17.01095 CFE_EVS_EarlyInit: Event Log cleared following power-on reset
1980-001-02:06:17.01147 CFE_ES_CreateObjects: Calling EarlyInit for CFE_FS
1980-001-02:06:17.01173 CFE_ES_CreateObjects: Calling EarlyInit for CFE_SB
1980-001-02:06:17.03956 CFE_ES_CreateObjects: Calling EarlyInit for CFE_TBL
1980-001-02:06:17.07049 CFE_ES_CreateObjects: Calling EarlyInit for CFE_TIME
EVS Port1 1980-012-14:03:20.07923 66/1/CFE_ES 1: cFE ES Initialized: CFE_ES v7.0.1+dev1 (Draco) DEV BUILD, based on v7.0.1, EDS disabled
EVS Port1 1980-012-14:03:20.08673 66/1/CFE_ES 2: cFS Versions: cfe v7.0.1+dev1, osal v7.0.1+dev1, psp v7.0.1+dev1. cFE chksm 31659
EVS Port1 1980-012-14:03:20.08906 66/1/CFE_ES 91: Version Info: Mission SampleMission, version git:v7.0.1-90-g78c23b0-dirty
EVS Port1 1980-012-14:03:20.08998 66/1/CFE_ES 91: Version Info: Module CORE_API, version git:2612eb0
EVS Port1 1980-012-14:03:20.09031 66/1/CFE_ES 91: Version Info: Module CONFIG, version git:2612eb0
EVS Port1 1980-012-14:03:20.09185 66/1/CFE_ES 91: Version Info: Module ES, version git:2612eb0
EVS Port1 1980-012-14:03:20.09321 66/1/CFE_ES 91: Version Info: Module EVS, version git:2612eb0
EVS Port1 1980-012-14:03:20.09494 66/1/CFE_ES 91: Version Info: Module FS, version git:2612eb0
EVS Port1 1980-012-14:03:20.09599 66/1/CFE_ES 91: Version Info: Module SB, version git:2612eb0
EVS Port1 1980-012-14:03:20.09626 66/1/CFE_ES 91: Version Info: Module TBL, version git:2612eb0
EVS Port1 1980-012-14:03:20.09780 66/1/CFE_ES 91: Version Info: Module TIME, version git:2612eb0
EVS Port1 1980-012-14:03:20.09904 66/1/CFE_ES 91: Version Info: Module OSAL, version git:8111e4a
EVS Port1 1980-012-14:03:20.09939 66/1/CFE_ES 91: Version Info: Module PSP, version git:d1da809
EVS Port1 1980-012-14:03:20.10089 66/1/CFE_ES 91: Version Info: Module MSG, version git:2612eb0
EVS Port1 1980-012-14:03:20.10125 66/1/CFE_ES 91: Version Info: Module SBR, version git:2612eb0
EVS Port1 1980-012-14:03:20.10179 66/1/CFE_ES 91: Version Info: Module RESOURCEID, version git:2612eb0
EVS Port1 1980-012-14:03:20.10220 66/1/CFE_ES 92: Build 202609140214 by root@vm, config aarch64
EVS Port1 1980-012-14:03:20.22027 66/1/CFE_EVS 1: cFE EVS Initialized: CFE_EVS v7.0.1+dev1 (Draco) DEV BUILD, based on v7.0.1, EDS disabled
1980-012-14:03:20.32591 CFE_SB_AppInit: Registered 4 events for filtering
EVS Port1 1980-012-14:03:20.32974 66/1/CFE_SB 1: cFE SB Initialized: CFE_SB v7.0.1+dev1 (Draco) DEV BUILD, based on v7.0.1, EDS disabled
EVS Port1 1980-012-14:03:20.33030 66/1/CFE_SB 14: No subscribers for MsgId 0x808,sender CFE_SB
EVS Port1 1980-012-14:03:20.43409 66/1/CFE_TBL 1: cFE TBL Initialized: CFE_TBL v7.0.1+dev1 (Draco) DEV BUILD, based on v7.0.1, EDS disabled
EVS Port1 1980-012-14:03:20.43493 66/1/CFE_SB 14: No subscribers for MsgId 0x808,sender CFE_TBL
EVS Port1 1980-012-14:03:20.55119 66/1/CFE_TIME 1: cFE TIME Initialized: CFE_TIME v7.0.1+dev1 (Draco) DEV BUILD, based on v7.0.1, EDS disabled
EVS Port1 1980-012-14:03:20.55300 66/1/CFE_SB 14: No subscribers for MsgId 0x808,sender CFE_TIME
1980-012-14:03:20.58601 CFE_ES_CreateObjects: Finished ES CreateObject table entries.
1980-012-14:03:20.58632 CFE_ES_Main: CFE_ES_Main entering CORE_READY state
1980-012-14:03:20.59294 CFE_ES_OpenStartupScript: Opened ES App Startup file: /cf/cfe_es_startup.scr
1980-012-14:03:20.63269 CFE_ES_ParseFileEntry: Loading shared library: /cf/cfe_assert.so
1980-012-14:03:20.64897 [BEGIN] CFE FUNCTIONAL TEST
1980-012-14:03:20.65106 [BEGIN] 01 CFE-STARTUP
1980-012-14:03:20.68386 CFE_ES_ParseFileEntry: Loading shared library: /cf/sample_lib.so
SAMPLE Lib Initialized.Sample Lib v7.0.0+dev1 (Draco) DEV BUILD, based on v7.0.1, EDS disabled
1980-012-14:03:20.72605 CFE_ES_ParseFileEntry: Loading file: /cf/sch_lab.so, APP: SCH_LAB
1980-012-14:03:20.77121 CFE_ES_ParseFileEntry: Loading file: /cf/ci_lab.so, APP: CI_LAB
SCH Lab Initialized.SCH Lab v7.0.1+dev1 (Draco) DEV BUILD, based on v7.0.1, EDS disabled
1980-012-14:03:20.86509 CFE_ES_ParseFileEntry: Loading file: /cf/to_lab.so, APP: TO_LAB
1980-012-14:03:20.98533 CI_LAB listening on UDP port: 1234
EVS Port1 1980-012-14:03:20.99023 66/1/CI_LAB 3: CI Lab Initialized.CI Lab App v7.0.1+dev1 (Draco) DEV BUILD, based on v7.0.1, EDS disabled
EVS Port1 1980-012-14:03:20.99211 66/1/CFE_SB 14: No subscribers for MsgId 0x808,sender CI_LAB
EVS Port1 1980-012-14:03:20.99681 66/1/TO_LAB 1: TO Lab Initialized.TO Lab v7.0.1+dev1 (Draco) DEV BUILD, based on v7.0.1, EDS disabled, Awaiting enable command.
1980-012-14:03:21.00123 CFE_ES_ParseFileEntry: Loading file: /cf/sample_app.so, APP: SAMPLE_APP
1980-012-14:03:21.04682 CFE_ES_ParseFileEntry: Loading file: /cf/ai_learner.so, APP: AI_LEARNER
EVS Port1 1980-012-14:03:21.08843 66/1/SAMPLE_APP 1: Sample App Initialized.Sample App v7.0.0+dev1 (Draco) DEV BUILD, based on v7.0.1, EDS disabled
1980-012-14:03:21.11610 CFE_ES_ParseFileEntry: Loading file: /cf/lc.so, APP: LC
{"app":"AI_LEARNER","stage":"build_config","model":"wgan","allow_conditional_map":1,"contract_bounded_bytes":135666432,"contract_per_call_bytes":131382784,"contract_const_bytes":4283648,"contract_bound_known":true,"contract_artifact_sha256":"e382429cbfbf580356379365fa67a8a2b01b47d58ec4e04b4a4c14165be2e102"}
1980-012-14:03:21.25070 CFE_ES_ParseFileEntry: Loading file: /cf/cf.so, APP: CF
1980-012-14:03:21.29295 CFE_ES_ParseFileEntry: Loading file: /cf/ds.so, APP: DS
EVS Port1 1980-012-14:03:21.46124 66/1/LC 56: WDT verify results: good = 0, bad = 0, unused = 176
{"app":"AI_LEARNER","stage":"stack","es_stack_size":263024,"stack_base_bytes":262144,"contract_kernel_stack_bytes":880,"kernel_stack_accounted":true}
EVS Port1 1980-012-14:03:21.47209 66/1/AI_LEARNER 8: AI_LEARNER stack: es=263024 base=262144 kernel=880 accounted=1
{"app":"AI_LEARNER","stage":"admission","verdict":"ADMIT_CONDITIONAL_MAP","model":"wgan","target":"aarch64-unknown-linux-gnu","bounded":135666432,"budget":131382784,"budget_source":"override","per_call":131382784,"constants":4283648,"kernel_stack_bytes":880,"bound_known":true,"scope":"per_app_local_budget"}
{"app":"AI_LEARNER","stage":"blob_align","requested_offset":0,"state":"unset","module_ptr_mod64":0}
EVS Port1 1980-012-14:03:21.54208 66/1/LC 66: ADT verify results: good = 0, bad = 0, unused = 176
EVS Port1 1980-012-14:03:21.59007 66/1/DS 10: Destination file table verify results: good entries = 6, bad = 0, unused = 10
1980-012-14:03:21.61131 CFE_ES_ParseFileEntry: Loading file: /cf/fm.so, APP: FM
EVS Port1 1980-012-14:03:21.61192 66/1/LC 23: LC use of Critical Data Store disabled, activity mask = 0x00991990
EVS Port1 1980-012-14:03:21.62339 66/1/LC 2: LC Initialized. Version 7.0.1.255
EVS Port1 1980-012-14:03:21.66342 66/1/CF 20: CF Initialized. Version 7.0.1.255
EVS Port1 1980-012-14:03:21.68325 66/1/DS 12: Filter table verify results: good entries = 14, bad = 0, unused = 242
EVS Port1 1980-012-14:03:21.71708 66/1/DS 1: Application initialized, version 7.0.1.255, data at 0xe0d5e80e0460
EVS Port1 1980-012-14:03:21.77218 66/1/FM 80: Free Space Table verify results: good entries = 3, bad = 0, unused = 5
1980-012-14:03:21.78026 CFE_ES_ParseFileEntry: Loading file: /cf/hk.so, APP: HK
EVS Port1 1980-012-14:03:21.82424 66/1/FM 1: Initialization complete: version 7.0.1.255
EVS Port1 1980-012-14:03:21.88534 66/1/FM 72: Child Task initialization complete
1980-012-14:03:21.90714 CFE_ES_ParseFileEntry: Loading file: /cf/hs.so, APP: HS
EVS Port1 1980-012-14:03:21.92614 66/1/HK 1: HK Initialized.  Version 7.0.1.255
1980-012-14:03:22.01322 CFE_ES_ParseFileEntry: Loading file: /cf/mm.so, APP: MM
EVS Port1 1980-012-14:03:22.07015 66/1/HS 54: ExeCount verify results: good = 5, bad = 0, unused = 27
EVS Port1 1980-012-14:03:22.09146 66/1/HS 50: AppMon verify results: good = 0, bad = 0, unused = 32
EVS Port1 1980-012-14:03:22.11434 66/1/HS 52: EventMon verify results: good = 0, bad = 0, unused = 16
EVS Port1 1980-012-14:03:22.14549 66/1/HS 56: MsgActs verify results: good = 2, bad = 0, unused = 6
EVS Port1 1980-012-14:03:22.17311 66/1/MM 1: MM Initialized. Version 7.0.1.255
1980-012-14:03:22.18821 HS_SysMonInit(): System Monitor using PSP device ID 0110ff05
1980-012-14:03:22.20216 CFE_ES_ParseFileEntry: Loading file: /cf/sc.so, APP: SC
CFE_PSP(Linux_SysMon): Started CPU utilization monitoring on 1 CPU(s)
EVS Port1 1980-012-14:03:22.27232 66/1/HS 1: HS Initialized.  Version 7.0.1.255
1980-012-14:03:22.33003 CFE_ES_ParseFileEntry: Loading file: /cf/md.so, APP: MD
EVS Port1 1980-012-14:03:22.40838 66/1/SC 21: RTS table files not loaded at initialization = 0 of 4
EVS Port1 1980-012-14:03:22.42187 66/1/SC 9: SC Initialized. Version 7.0.1.255
EVS Port1 1980-012-14:03:22.45930 66/1/MD 52: MD Dwell Tbl verify results: good = 0, bad = 0, unused = 25
1980-012-14:03:22.47592 CFE_ES_ParseFileEntry: Loading file: /cf/cs.so, APP: CS
EVS Port1 1980-012-14:03:22.48304 66/1/MD 52: MD Dwell Tbl verify results: good = 0, bad = 0, unused = 25
EVS Port1 1980-012-14:03:22.50698 66/1/MD 52: MD Dwell Tbl verify results: good = 0, bad = 0, unused = 25
EVS Port1 1980-012-14:03:22.54013 66/1/MD 52: MD Dwell Tbl verify results: good = 0, bad = 0, unused = 25
EVS Port1 1980-012-14:03:22.55018 66/1/MD 7: Dwell Tables Recovered: 0, Dwell Tables Initialized: 4
EVS Port1 1980-012-14:03:22.55128 66/1/MD 1: MD Initialized.  Version 7.0.1.255
EVS Port1 1980-012-14:03:22.59704 66/1/CS 144: CS EEPROM Table verification results: good = 0, bad = 0, unused = 16
EVS Port1 1980-012-14:03:22.60693 66/1/CS 107: CS EEPROM Table: No valid entries in the table
EVS Port1 1980-012-14:03:22.61796 66/1/CS 143: CS Memory Table verification results: good = 0, bad = 0, unused = 16
EVS Port1 1980-012-14:03:22.62101 66/1/CS 107: CS Memory Table: No valid entries in the table
EVS Port1 1980-012-14:03:22.64044 66/1/CS 139: CS Tables Table verification results: good = 1, bad = 0, unused = 23
EVS Port1 1980-012-14:03:22.66308 66/1/CS 142: CS Apps Table verification results: good = 0, bad = 0, unused = 24
EVS Port1 1980-012-14:03:22.67105 66/1/CS 108: CS Apps Table: No valid entries in the table
EVS Port1 1980-012-14:03:22.67788 66/1/CS 127: OS Text Segment disabled due to platform
EVS Port1 1980-012-14:03:22.68211 66/1/CS 1: CS Initialized. Version 7.0.1.255
EVS Port1 1980-012-14:03:23.01403 66/1/CFE_TIME 21: Stop FLYWHEEL
{"app":"AI_LEARNER","stage":"binding","verdict":"MATCH","artifact_bytes":4321533,"artifact_sha256":"e382429cbfbf5803","contract_sha256":"e382429cbfbf5803"}
{"app":"AI_LEARNER","stage":"map_branch","model":"wgan","module_ptr_mod64":0,"hal_peak_after_append":0,"contract_const_bytes":4283648,"contract_per_call_bytes":131382784,"arm":"map","admission_mode":"conditional_map"}
{"app":"AI_LEARNER","stage":"mem_init","model":"wgan","target":"aarch64-unknown-linux-gnu","hal_peak":602112,"hal_allocated":602112,"bounded":135666432,"peak_within_bounded":true,"inferences_so_far":0,"process_rss_kb":12500,"rss_kb_before_runtime":10856,"rss_kb_after_session":11144,"rss_kb_after_init":12500}
{"app":"AI_LEARNER","stage":"e25_mode","active":false,"inputs_path":"/cf/e25_inputs.bin"}
EVS Port1 1980-012-14:03:23.22567 66/1/AI_LEARNER 3: AI_LEARNER initialized: model wgan (4321533 B), rss_delta_init=1644 KB
1980-012-14:03:23.25450 CFE_ES_Main: CFE_ES_Main entering APPS_INIT state
1980-012-14:03:23.25487 CFE_ES_Main: CFE_ES_Main entering OPERATIONAL state
EVS Port1 1980-012-14:03:23.26675 66/1/TO_LAB 19: L550 TO Lab subscribed to 32 messages from the table
...EVS Port1 1980-012-14:03:45.72415 66/1/CFE_SB 17: Msg Limit Err,MsgId 0x800,pipe AI_LEARNER_PIPE,sender CFE_ES
.EVS Port1 1980-012-14:03:49.72113 66/1/CFE_SB 17: Msg Limit Err,MsgId 0x800,pipe AI_LEARNER_PIPE,sender CFE_ES
.EVS Port1 1980-012-14:03:53.69508 66/1/CFE_SB 17: Msg Limit Err,MsgId 0x800,pipe AI_LEARNER_PIPE,sender CFE_ES
EVS Port1 1980-012-14:03:57.68147 66/1/CFE_SB 17: Msg Limit Err,MsgId 0x800,pipe AI_LEARNER_PIPE,sender CFE_ES
.EVS Port1 1980-012-14:04:01.70324 66/1/CFE_SB 17: Msg Limit Err,MsgId 0x800,pipe AI_LEARNER_PIPE,sender CFE_ES
.EVS Port1 1980-012-14:04:05.70687 66/1/CFE_SB 17: Msg Limit Err,MsgId 0x800,pipe AI_LEARNER_PIPE,sender CFE_ES
EVS Port1 1980-012-14:04:07.01441 66/1/CFE_TIME 21: Stop FLYWHEEL
EVS Port1 1980-012-14:04:07.99740 66/1/CFE_TIME 20: Start FLYWHEEL
EVS Port1 1980-012-14:04:09.68728 66/1/CFE_SB 17: Msg Limit Err,MsgId 0x800,pipe AI_LEARNER_PIPE,sender CFE_ES
.EVS Port1 1980-012-14:04:13.67678 66/1/CFE_SB 17: Msg Limit Err,MsgId 0x800,pipe AI_LEARNER_PIPE,sender CFE_ES
.EVS Port1 1980-012-14:04:17.69998 66/1/CFE_SB 17: Msg Limit Err,MsgId 0x800,pipe AI_LEARNER_PIPE,sender CFE_ES
EVS Port1 1980-012-14:04:21.66909 66/1/CFE_SB 17: Msg Limit Err,MsgId 0x800,pipe AI_LEARNER_PIPE,sender CFE_ES
.EVS Port1 1980-012-14:04:25.69844 66/1/CFE_SB 17: Msg Limit Err,MsgId 0x800,pipe AI_LEARNER_PIPE,sender CFE_ES
.EVS Port1 1980-012-14:04:29.69775 66/1/CFE_SB 17: Msg Limit Err,MsgId 0x800,pipe AI_LEARNER_PIPE,sender CFE_ES
EVS Port1 1980-012-14:04:33.70201 66/1/CFE_SB 17: Msg Limit Err,MsgId 0x800,pipe AI_LEARNER_PIPE,sender CFE_ES
.EVS Port1 1980-012-14:04:37.69029 66/1/CFE_SB 17: Msg Limit Err,MsgId 0x800,pipe AI_LEARNER_PIPE,sender CFE_ES
.EVS Port1 1980-012-14:04:41.68821 66/1/CFE_SB 17: Msg Limit Err,MsgId 0x800,pipe AI_LEARNER_PIPE,sender CFE_ES
EVS Port1 1980-012-14:04:45.70013 66/1/CFE_SB 17: Msg Limit Err,MsgId 0x800,pipe AI_LEARNER_PIPE,sender CFE_ES
...........EVS Port1 1980-012-14:05:48.98834 66/1/HS 61: CPU Hogging Detected
1980-012-14:05:48.99497 HS App: CPU Hogging Detected
..EVS Port1 1980-012-14:06:04.02168 66/1/CFE_TIME 21: Stop FLYWHEEL
EVS Port1 1980-012-14:06:05.01370 66/1/CFE_TIME 20: Start FLYWHEEL
.EVS Port1 1980-012-14:06:07.00878 66/1/CFE_TIME 20: Start FLYWHEEL
EVS Port1 1980-012-14:06:07.00952 66/1/CFE_TIME 21: Stop FLYWHEEL
...........EVS Port1 1980-012-14:07:13.00785 66/1/CFE_TIME 21: Stop FLYWHEEL
EVS Port1 1980-012-14:07:13.99182 66/1/CFE_TIME 20: Start FLYWHEEL
EVS Port1 1980-012-14:07:16.99285 66/1/CFE_TIME 20: Start FLYWHEEL
EVS Port1 1980-012-14:07:17.00640 66/1/CFE_TIME 21: Stop FLYWHEEL
.EVS Port1 1980-012-14:07:22.07064 66/1/CFE_TIME 20: Start FLYWHEEL
.EVS Port1 1980-012-14:07:25.06185 66/1/CFE_TIME 21: Stop FLYWHEEL
EVS Port1 1980-012-14:07:27.00993 66/1/CFE_TIME 21: Stop FLYWHEEL
EVS Port1 1980-012-14:07:27.98887 66/1/CFE_TIME 20: Start FLYWHEEL
......EVS Port1 1980-012-14:08:01.01870 66/1/CFE_TIME 21: Stop FLYWHEEL
EVS Port1 1980-012-14:08:01.99378 66/1/CFE_TIME 20: Start FLYWHEEL
.....EVS Port1 1980-012-14:08:34.00714 66/1/CFE_TIME 21: Stop FLYWHEEL
EVS Port1 1980-012-14:08:34.99510 66/1/CFE_TIME 20: Start FLYWHEEL
....EVS Port1 1980-012-14:08:57.01304 66/1/CFE_TIME 21: Stop FLYWHEEL
EVS Port1 1980-012-14:08:58.01524 66/1/CFE_TIME 20: Start FLYWHEEL
EVS Port1 1980-012-14:08:59.00714 66/1/CFE_TIME 21: Stop FLYWHEEL
EVS Port1 1980-012-14:08:59.99465 66/1/CFE_TIME 20: Start FLYWHEEL
.EVS Port1 1980-012-14:09:02.00929 66/1/CFE_TIME 21: Stop FLYWHEEL
EVS Port1 1980-012-14:09:02.98751 66/1/CFE_TIME 20: Start FLYWHEEL
....EVS Port1 1980-012-14:09:28.00817 66/1/CFE_TIME 21: Stop FLYWHEEL
EVS Port1 1980-012-14:09:28.99716 66/1/CFE_TIME 20: Start FLYWHEEL
.......EVS Port1 1980-012-14:10:10.00714 66/1/CFE_TIME 21: Stop FLYWHEEL
EVS Port1 1980-012-14:10:11.00241 66/1/CFE_TIME 20: Start FLYWHEEL
......................EVS Port1 1980-012-14:12:22.00820 66/1/CFE_TIME 21: Stop FLYWHEEL
EVS Port1 1980-012-14:12:22.99815 66/1/CFE_TIME 20: Start FLYWHEEL
...EVS Port1 1980-012-14:12:40.00415 66/1/CFE_TIME 21: Stop FLYWHEEL
EVS Port1 1980-012-14:12:41.00906 66/1/CFE_TIME 20: Start FLYWHEEL
EVS Port1 1980-012-14:12:42.00703 66/1/CFE_TIME 21: Stop FLYWHEEL
.EVS Port1 1980-012-14:12:42.99113 66/1/CFE_TIME 20: Start FLYWHEEL
.EVS Port1 1980-012-14:12:52.01309 66/1/CFE_TIME 21: Stop FLYWHEEL
EVS Port1 1980-012-14:12:52.99713 66/1/CFE_TIME 20: Start FLYWHEEL
.......EVS Port1 1980-012-14:13:33.01036 66/1/CFE_TIME 21: Stop FLYWHEEL
EVS Port1 1980-012-14:13:33.99725 66/1/CFE_TIME 20: Start FLYWHEEL
...EVS Port1 1980-012-14:13:52.01719 66/1/CFE_TIME 20: Start FLYWHEEL
EVS Port1 1980-012-14:13:52.00700 66/1/CFE_TIME 21: Stop FLYWHEEL
.............EVS Port1 1980-012-14:15:08.00779 66/1/CFE_TIME 21: Stop FLYWHEEL
EVS Port1 1980-012-14:15:09.06294 66/1/CFE_TIME 20: Start FLYWHEEL
EVS Port1 1980-012-14:15:10.00663 66/1/CFE_TIME 21: Stop FLYWHEEL
EVS Port1 1980-012-14:15:11.03295 66/1/CFE_TIME 20: Start FLYWHEEL
EVS Port1 1980-012-14:15:12.01422 66/1/CFE_TIME 21: Stop FLYWHEEL
.EVS Port1 1980-012-14:15:13.00241 66/1/CFE_TIME 20: Start FLYWHEEL
EVS Port1 1980-012-14:15:14.02229 66/1/CFE_TIME 21: Stop FLYWHEEL
EVS Port1 1980-012-14:15:14.99496 66/1/CFE_TIME 20: Start FLYWHEEL
....EVS Port1 1980-012-14:15:39.01086 66/1/CFE_TIME 21: Stop FLYWHEEL
EVS Port1 1980-012-14:15:40.00477 66/1/CFE_TIME 20: Start FLYWHEEL
.....EVS Port1 1980-012-14:16:11.00762 66/1/CFE_TIME 21: Stop FLYWHEEL
EVS Port1 1980-012-14:16:11.99380 66/1/CFE_TIME 20: Start FLYWHEEL
......EVS Port1 1980-012-14:16:47.00720 66/1/CFE_TIME 21: Stop FLYWHEEL
EVS Port1 1980-012-14:16:47.99928 66/1/CFE_TIME 20: Start FLYWHEEL
....EVS Port1 1980-012-14:17:10.00885 66/1/CFE_TIME 21: Stop FLYWHEEL
EVS Port1 1980-012-14:17:10.99899 66/1/CFE_TIME 20: Start FLYWHEEL
....EVS Port1 1980-012-14:17:37.06581 66/1/CFE_TIME 20: Start FLYWHEEL
.EVS Port1 1980-012-14:17:38.12138 66/1/CFE_TIME 21: Stop FLYWHEEL
....EVS Port1 1980-012-14:18:07.01300 66/1/CFE_TIME 21: Stop FLYWHEEL
.EVS Port1 1980-012-14:18:07.97901 66/1/CFE_TIME 20: Start FLYWHEEL
.EVS Port1 1980-012-14:18:14.00747 66/1/CFE_TIME 21: Stop FLYWHEEL
EVS Port1 1980-012-14:18:14.99334 66/1/CFE_TIME 20: Start FLYWHEEL
.....EVS Port1 1980-012-14:18:46.01184 66/1/CFE_TIME 21: Stop FLYWHEEL
EVS Port1 1980-012-14:18:46.98538 66/1/CFE_TIME 20: Start FLYWHEEL
.....EVS Port1 1980-012-14:19:14.02783 66/1/CFE_TIME 21: Stop FLYWHEEL
EVS Port1 1980-012-14:19:14.99467 66/1/CFE_TIME 20: Start FLYWHEEL
.EVS Port1 1980-012-14:19:23.00752 66/1/CFE_TIME 21: Stop FLYWHEEL
EVS Port1 1980-012-14:19:24.00941 66/1/CFE_TIME 20: Start FLYWHEEL
.EVS Port1 1980-012-14:19:26.00126 66/1/CFE_TIME 20: Start FLYWHEEL
EVS Port1 1980-012-14:19:26.02780 66/1/CFE_TIME 21: Stop FLYWHEEL
EVS Port1 1980-012-14:19:31.01907 66/1/CFE_TIME 20: Start FLYWHEEL
EVS Port1 1980-012-14:19:31.00892 66/1/CFE_TIME 21: Stop FLYWHEEL
....EVS Port1 1980-012-14:19:52.00645 66/1/CFE_TIME 21: Stop FLYWHEEL
EVS Port1 1980-012-14:19:52.97575 66/1/CFE_TIME 20: Start FLYWHEEL
EVS Port1 1980-012-14:19:55.00808 66/1/CFE_TIME 21: Stop FLYWHEEL
.EVS Port1 1980-012-14:19:55.98896 66/1/CFE_TIME 20: Start FLYWHEEL
.EVS Port1 1980-012-14:20:07.00988 66/1/CFE_TIME 21: Stop FLYWHEEL
.EVS Port1 1980-012-14:20:07.99717 66/1/CFE_TIME 20: Start FLYWHEEL
.EVS Port1 1980-012-14:20:16.00804 66/1/CFE_TIME 21: Stop FLYWHEEL
EVS Port1 1980-012-14:20:16.99810 66/1/CFE_TIME 20: Start FLYWHEEL
....EVS Port1 1980-012-14:20:42.00898 66/1/CFE_TIME 21: Stop FLYWHEEL
EVS Port1 1980-012-14:20:43.00297 66/1/CFE_TIME 20: Start FLYWHEEL
.EVS Port1 1980-012-14:20:45.00703 66/1/CFE_TIME 20: Start FLYWHEEL
EVS Port1 1980-012-14:20:46.00509 66/1/CFE_TIME 21: Stop FLYWHEEL
EVS Port1 1980-012-14:20:49.00814 66/1/CFE_TIME 21: Stop FLYWHEEL
.EVS Port1 1980-012-14:20:50.01513 66/1/CFE_TIME 20: Start FLYWHEEL
EVS Port1 1980-012-14:20:51.01808 66/1/CFE_TIME 21: Stop FLYWHEEL
EVS Port1 1980-012-14:20:51.98695 66/1/CFE_TIME 20: Start FLYWHEEL
..EVS Port1 1980-012-14:21:02.00556 66/1/CFE_TIME 21: Stop FLYWHEEL
EVS Port1 1980-012-14:21:03.00747 66/1/CFE_TIME 20: Start FLYWHEEL
..EVS Port1 1980-012-14:21:19.03134 66/1/CFE_TIME 20: Start FLYWHEEL
EVS Port1 1980-012-14:21:19.02590 66/1/CFE_TIME 21: Stop FLYWHEEL
.EVS Port1 1980-012-14:21:23.03906 66/1/CFE_TIME 21: Stop FLYWHEEL
EVS Port1 1980-012-14:21:24.01869 66/1/CFE_TIME 20: Start FLYWHEEL
.EVS Port1 1980-012-14:21:26.00883 66/1/CFE_TIME 20: Start FLYWHEEL
EVS Port1 1980-012-14:21:26.03187 66/1/CFE_TIME 21: Stop FLYWHEEL
EVS Port1 1980-012-14:21:31.11613 66/1/CFE_TIME 20: Start FLYWHEEL
.EVS Port1 1980-012-14:21:32.02513 66/1/CFE_TIME 21: Stop FLYWHEEL
EVS Port1 1980-012-14:21:37.10800 66/1/CFE_TIME 20: Start FLYWHEEL
.EVS Port1 1980-012-14:21:40.00852 66/1/CFE_TIME 21: Stop FLYWHEEL
.......EVS Port1 1980-012-14:22:20.12509 66/1/CFE_TIME 20: Start FLYWHEEL
EVS Port1 1980-012-14:22:21.00634 66/1/CFE_TIME 21: Stop FLYWHEEL
...EVS Port1 1980-012-14:22:40.07817 66/1/CFE_TIME 20: Start FLYWHEEL
EVS Port1 1980-012-14:22:40.00961 66/1/CFE_TIME 21: Stop FLYWHEEL
.....EVS Port1 1980-012-14:23:12.00871 66/1/CFE_TIME 21: Stop FLYWHEEL
EVS Port1 1980-012-14:23:13.00151 66/1/CFE_TIME 20: Start FLYWHEEL
..EVS Port1 1980-012-14:23:21.00532 66/1/CFE_TIME 21: Stop FLYWHEEL
EVS Port1 1980-012-14:23:22.00927 66/1/CFE_TIME 20: Start FLYWHEEL
EVS Port1 1980-012-14:23:24.00878 66/1/CFE_TIME 20: Start FLYWHEEL
EVS Port1 1980-012-14:23:24.00614 66/1/CFE_TIME 21: Stop FLYWHEEL
...EVS Port1 1980-012-14:23:42.00817 66/1/CFE_TIME 21: Stop FLYWHEEL
EVS Port1 1980-012-14:23:43.00100 66/1/CFE_TIME 20: Start FLYWHEEL
...........EVS Port1 1980-012-14:24:46.00695 66/1/CFE_TIME 21: Stop FLYWHEEL
EVS Port1 1980-012-14:24:46.99804 66/1/CFE_TIME 20: Start FLYWHEEL
.EVS Port1 1980-012-14:24:52.00823 66/1/CFE_TIME 21: Stop FLYWHEEL
EVS Port1 1980-012-14:24:52.99679 66/1/CFE_TIME 20: Start FLYWHEEL
EVS Port1 1980-012-14:24:55.00932 66/1/CFE_TIME 21: Stop FLYWHEEL
.EVS Port1 1980-012-14:24:56.00326 66/1/CFE_TIME 20: Start FLYWHEEL
EVS Port1 1980-012-14:25:00.00639 66/1/CFE_TIME 21: Stop FLYWHEEL
EVS Port1 1980-012-14:25:00.99807 66/1/CFE_TIME 20: Start FLYWHEEL
..EVS Port1 1980-012-14:25:10.00531 66/1/CFE_TIME 21: Stop FLYWHEEL
EVS Port1 1980-012-14:25:11.00090 66/1/CFE_TIME 20: Start FLYWHEEL
..........EVS Port1 1980-012-14:26:08.02388 66/1/CFE_TIME 21: Stop FLYWHEEL
EVS Port1 1980-012-14:26:08.99389 66/1/CFE_TIME 20: Start FLYWHEEL
..EVS Port1 1980-012-14:26:23.00990 66/1/CFE_TIME 21: Stop FLYWHEEL
EVS Port1 1980-012-14:26:23.99810 66/1/CFE_TIME 20: Start FLYWHEEL
.......EVS Port1 1980-012-14:27:06.00781 66/1/CFE_TIME 21: Stop FLYWHEEL
EVS Port1 1980-012-14:27:06.98904 66/1/CFE_TIME 20: Start FLYWHEEL
..EVS Port1 1980-012-14:27:18.03567 66/1/CFE_TIME 21: Stop FLYWHEEL
EVS Port1 1980-012-14:27:18.98619 66/1/CFE_TIME 20: Start FLYWHEEL
.EVS Port1 1980-012-14:27:22.01589 66/1/CFE_TIME 20: Start FLYWHEEL
EVS Port1 1980-012-14:27:22.00564 66/1/CFE_TIME 21: Stop FLYWHEEL
..EVS Port1 1980-012-14:27:32.02491 66/1/CFE_TIME 21: Stop FLYWHEEL
EVS Port1 1980-012-14:27:32.99378 66/1/CFE_TIME 20: Start FLYWHEEL
EVS Port1 1980-012-14:27:36.00723 66/1/CFE_TIME 21: Stop FLYWHEEL
EVS Port1 1980-012-14:27:36.99130 66/1/CFE_TIME 20: Start FLYWHEEL
..EVS Port1 1980-012-14:27:47.01315 66/1/CFE_TIME 21: Stop FLYWHEEL
EVS Port1 1980-012-14:27:48.00914 66/1/CFE_TIME 20: Start FLYWHEEL
.EVS Port1 1980-012-14:27:50.01390 66/1/CFE_TIME 20: Start FLYWHEEL
EVS Port1 1980-012-14:27:50.01026 66/1/CFE_TIME 21: Stop FLYWHEEL
..EVS Port1 1980-012-14:28:03.02529 66/1/CFE_TIME 20: Start FLYWHEEL
EVS Port1 1980-012-14:28:03.00689 66/1/CFE_TIME 21: Stop FLYWHEEL
.EVS Port1 1980-012-14:28:08.00372 66/1/CFE_TIME 20: Start FLYWHEEL
EVS Port1 1980-012-14:28:08.01232 66/1/CFE_TIME 21: Stop FLYWHEEL
..EVS Port1 1980-012-14:28:23.01235 66/1/CFE_TIME 21: Stop FLYWHEEL
EVS Port1 1980-012-14:28:24.02813 66/1/CFE_TIME 20: Start FLYWHEEL
EVS Port1 1980-012-14:28:25.00718 66/1/CFE_TIME 21: Stop FLYWHEEL
.EVS Port1 1980-012-14:28:26.00704 66/1/CFE_TIME 20: Start FLYWHEEL
EVS Port1 1980-012-14:28:29.00552 66/1/CFE_TIME 21: Stop FLYWHEEL
EVS Port1 1980-012-14:28:30.01733 66/1/CFE_TIME 20: Start FLYWHEEL
.EVS Port1 1980-012-14:28:32.00840 66/1/CFE_TIME 20: Start FLYWHEEL
EVS Port1 1980-012-14:28:32.02601 66/1/CFE_TIME 21: Stop FLYWHEEL
.EVS Port1 1980-012-14:28:40.00886 66/1/CFE_TIME 21: Stop FLYWHEEL
EVS Port1 1980-012-14:28:41.01239 66/1/CFE_TIME 20: Start FLYWHEEL
EVS Port1 1980-012-14:28:43.00068 66/1/CFE_TIME 20: Start FLYWHEEL
EVS Port1 1980-012-14:28:43.00711 66/1/CFE_TIME 21: Stop FLYWHEEL
.EVS Port1 1980-012-14:28:48.01553 66/1/CFE_TIME 20: Start FLYWHEEL
EVS Port1 1980-012-14:28:49.01910 66/1/CFE_TIME 21: Stop FLYWHEEL
......EVS Port1 1980-012-14:29:25.01200 66/1/CFE_TIME 21: Stop FLYWHEEL
.EVS Port1 1980-012-14:29:25.99588 66/1/CFE_TIME 20: Start FLYWHEEL
.....EVS Port1 1980-012-14:29:56.00927 66/1/CFE_TIME 21: Stop FLYWHEEL
EVS Port1 1980-012-14:29:56.99430 66/1/CFE_TIME 20: Start FLYWHEEL
......EVS Port1 1980-012-14:30:37.00947 66/1/CFE_TIME 21: Stop FLYWHEEL
.EVS Port1 1980-012-14:30:37.99090 66/1/CFE_TIME 20: Start FLYWHEEL
....EVS Port1 1980-012-14:31:05.01026 66/1/CFE_TIME 21: Stop FLYWHEEL
EVS Port1 1980-012-14:31:05.98043 66/1/CFE_TIME 20: Start FLYWHEEL
..EVS Port1 1980-012-14:31:14.00956 66/1/CFE_TIME 21: Stop FLYWHEEL
EVS Port1 1980-012-14:31:15.00695 66/1/CFE_TIME 20: Start FLYWHEEL
.....EVS Port1 1980-012-14:31:45.00804 66/1/CFE_TIME 21: Stop FLYWHEEL
EVS Port1 1980-012-14:31:45.99211 66/1/CFE_TIME 20: Start FLYWHEEL
.....EVS Port1 1980-012-14:32:17.18583 66/1/CFE_TIME 20: Start FLYWHEEL
EVS Port1 1980-012-14:32:19.01506 66/1/CFE_TIME 21: Stop FLYWHEEL
...EVS Port1 1980-012-14:32:34.99607 66/1/CFE_TIME 20: Start FLYWHEEL
EVS Port1 1980-012-14:32:35.00688 66/1/CFE_TIME 21: Stop FLYWHEEL
..EVS Port1 1980-012-14:32:45.00674 66/1/CFE_TIME 21: Stop FLYWHEEL
EVS Port1 1980-012-14:32:45.99670 66/1/CFE_TIME 20: Start FLYWHEEL
..EVS Port1 1980-012-14:32:57.02499 66/1/CFE_TIME 21: Stop FLYWHEEL
EVS Port1 1980-012-14:32:57.99096 66/1/CFE_TIME 20: Start FLYWHEEL
....EVS Port1 1980-012-14:33:25.01242 66/1/CFE_TIME 21: Stop FLYWHEEL
EVS Port1 1980-012-14:33:26.00614 66/1/CFE_TIME 20: Start FLYWHEEL
.EVS Port1 1980-012-14:33:28.00375 66/1/CFE_TIME 20: Start FLYWHEEL
EVS Port1 1980-012-14:33:28.00727 66/1/CFE_TIME 21: Stop FLYWHEEL
...EVS Port1 1980-012-14:33:48.01150 66/1/CFE_TIME 21: Stop FLYWHEEL
EVS Port1 1980-012-14:33:49.00169 66/1/CFE_TIME 20: Start FLYWHEEL
.....EVS Port1 1980-012-14:34:17.04602 66/1/CFE_TIME 20: Start FLYWHEEL
EVS Port1 1980-012-14:34:17.00924 66/1/CFE_TIME 21: Stop FLYWHEEL
..EVS Port1 1980-012-14:34:32.00891 66/1/CFE_TIME 21: Stop FLYWHEEL
.EVS Port1 1980-012-14:34:33.00166 66/1/CFE_TIME 20: Start FLYWHEEL
....EVS Port1 1980-012-14:35:01.00987 66/1/CFE_TIME 21: Stop FLYWHEEL
EVS Port1 1980-012-14:35:01.98794 66/1/CFE_TIME 20: Start FLYWHEEL
......EVS Port1 1980-012-14:35:34.01068 66/1/CFE_TIME 21: Stop FLYWHEEL
EVS Port1 1980-012-14:35:34.98867 66/1/CFE_TIME 20: Start FLYWHEEL
...EVS Port1 1980-012-14:35:54.01000 66/1/CFE_TIME 21: Stop FLYWHEEL
EVS Port1 1980-012-14:35:54.96809 66/1/CFE_TIME 20: Start FLYWHEEL
.......EVS Port1 1980-012-14:36:33.01252 66/1/CFE_TIME 21: Stop FLYWHEEL
EVS Port1 1980-012-14:36:34.00270 66/1/CFE_TIME 20: Start FLYWHEEL
...EVS Port1 1980-012-14:36:50.00901 66/1/CFE_TIME 21: Stop FLYWHEEL
EVS Port1 1980-012-14:36:50.99804 66/1/CFE_TIME 20: Start FLYWHEEL
.EVS Port1 1980-012-14:37:00.00740 66/1/CFE_TIME 21: Stop FLYWHEEL
EVS Port1 1980-012-14:37:00.99932 66/1/CFE_TIME 20: Start FLYWHEEL
...EVS Port1 1980-012-14:37:19.08105 66/1/CFE_TIME 20: Start FLYWHEEL
.EVS Port1 1980-012-14:37:21.00433 66/1/CFE_TIME 21: Stop FLYWHEEL
..EVS Port1 1980-012-14:37:35.01007 66/1/CFE_TIME 21: Stop FLYWHEEL
EVS Port1 1980-012-14:37:36.00202 66/1/CFE_TIME 20: Start FLYWHEEL
.EVS Port1 1980-012-14:37:38.01095 66/1/CFE_TIME 21: Stop FLYWHEEL
EVS Port1 1980-012-14:37:38.99456 66/1/CFE_TIME 20: Start FLYWHEEL
.EVS Port1 1980-012-14:37:44.00854 66/1/CFE_TIME 21: Stop FLYWHEEL
EVS Port1 1980-012-14:37:44.99916 66/1/CFE_TIME 20: Start FLYWHEEL
.......EVS Port1 1980-012-14:38:30.01914 66/1/CFE_TIME 21: Stop FLYWHEEL
EVS Port1 1980-012-14:38:30.99774 66/1/CFE_TIME 20: Start FLYWHEEL
..............................EVS Port1 1980-012-14:41:31.01263 66/1/CFE_TIME 21: Stop FLYWHEEL
.EVS Port1 1980-012-14:41:31.98971 66/1/CFE_TIME 20: Start FLYWHEEL
..EVS Port1 1980-012-14:41:44.00102 66/1/CFE_TIME 20: Start FLYWHEEL
EVS Port1 1980-012-14:41:44.00805 66/1/CFE_TIME 21: Stop FLYWHEEL
.....EVS Port1 1980-012-14:42:15.02397 66/1/CFE_TIME 20: Start FLYWHEEL
EVS Port1 1980-012-14:42:15.00730 66/1/CFE_TIME 21: Stop FLYWHEEL
....EVS Port1 1980-012-14:42:40.01000 66/1/CFE_TIME 21: Stop FLYWHEEL
EVS Port1 1980-012-14:42:40.99888 66/1/CFE_TIME 20: Start FLYWHEEL
.........EVS Port1 1980-012-14:43:32.00683 66/1/CFE_TIME 21: Stop FLYWHEEL
EVS Port1 1980-012-14:43:32.99896 66/1/CFE_TIME 20: Start FLYWHEEL
..EVS Port1 1980-012-14:43:46.04116 66/1/CFE_TIME 20: Start FLYWHEEL
EVS Port1 1980-012-14:43:48.01506 66/1/CFE_TIME 21: Stop FLYWHEEL
.EVS Port1 1980-012-14:43:51.03210 66/1/CFE_TIME 21: Stop FLYWHEEL
EVS Port1 1980-012-14:43:52.03295 66/1/CFE_TIME 20: Start FLYWHEEL
EVS Port1 1980-012-14:43:53.02702 66/1/CFE_TIME 21: Stop FLYWHEEL
EVS Port1 1980-012-14:43:54.02259 66/1/CFE_TIME 20: Start FLYWHEEL
EVS Port1 1980-012-14:43:56.10974 66/1/CFE_TIME 20: Start FLYWHEEL
.EVS Port1 1980-012-14:44:00.02952 66/1/CFE_TIME 21: Stop FLYWHEEL
.EVS Port1 1980-012-14:44:03.06132 66/1/CFE_TIME 20: Start FLYWHEEL
EVS Port1 1980-012-14:44:04.02554 66/1/CFE_TIME 21: Stop FLYWHEEL
.EVS Port1 1980-012-14:44:09.16348 66/1/CFE_TIME 20: Start FLYWHEEL
EVS Port1 1980-012-14:44:11.02212 66/1/CFE_TIME 21: Stop FLYWHEEL
EVS Port1 1980-012-14:44:13.01531 66/1/CFE_TIME 21: Stop FLYWHEEL
EVS Port1 1980-012-14:44:14.03106 66/1/CFE_TIME 20: Start FLYWHEEL
.EVS Port1 1980-012-14:44:15.02821 66/1/CFE_TIME 21: Stop FLYWHEEL
EVS Port1 1980-012-14:44:15.99414 66/1/CFE_TIME 20: Start FLYWHEEL
EVS Port1 1980-012-14:44:17.02015 66/1/CFE_TIME 21: Stop FLYWHEEL
EVS Port1 1980-012-14:44:18.00212 66/1/CFE_TIME 20: Start FLYWHEEL
EVS Port1 1980-012-14:44:19.02064 66/1/CFE_TIME 21: Stop FLYWHEEL
EVS Port1 1980-012-14:44:19.99717 66/1/CFE_TIME 20: Start FLYWHEEL
.EVS Port1 1980-012-14:44:24.05598 66/1/CFE_TIME 20: Start FLYWHEEL
EVS Port1 1980-012-14:44:24.13192 66/1/CFE_TIME 21: Stop FLYWHEEL
.EVS Port1 1980-012-14:44:26.01434 66/1/CFE_TIME 21: Stop FLYWHEEL
EVS Port1 1980-012-14:44:27.08030 66/1/CFE_TIME 20: Start FLYWHEEL
EVS Port1 1980-012-14:44:29.05729 66/1/CFE_TIME 20: Start FLYWHEEL
EVS Port1 1980-012-14:44:30.03811 66/1/CFE_TIME 21: Stop FLYWHEEL
.EVS Port1 1980-012-14:44:36.02993 66/1/CFE_TIME 21: Stop FLYWHEEL
EVS Port1 1980-012-14:44:37.01190 66/1/CFE_TIME 20: Start FLYWHEEL
.EVS Port1 1980-012-14:44:38.02114 66/1/CFE_TIME 21: Stop FLYWHEEL
EVS Port1 1980-012-14:44:39.00126 66/1/CFE_TIME 20: Start FLYWHEEL
EVS Port1 1980-012-14:44:40.03791 66/1/CFE_TIME 21: Stop FLYWHEEL
EVS Port1 1980-012-14:44:41.02503 66/1/CFE_TIME 20: Start FLYWHEEL
EVS Port1 1980-012-14:44:43.03086 66/1/CFE_TIME 20: Start FLYWHEEL
.EVS Port1 1980-012-14:44:44.01907 66/1/CFE_TIME 21: Stop FLYWHEEL
EVS Port1 1980-012-14:44:47.00906 66/1/CFE_TIME 21: Stop FLYWHEEL
EVS Port1 1980-012-14:44:48.10316 66/1/CFE_TIME 20: Start FLYWHEEL
.EVS Port1 1980-012-14:44:50.18914 66/1/CFE_TIME 20: Start FLYWHEEL
EVS Port1 1980-012-14:44:50.00729 66/1/CFE_TIME 21: Stop FLYWHEEL
.EVS Port1 1980-012-14:44:58.00708 66/1/CFE_TIME 21: Stop FLYWHEEL
EVS Port1 1980-012-14:44:59.00392 66/1/CFE_TIME 20: Start FLYWHEEL
.......EVS Port1 1980-012-14:45:42.00987 66/1/CFE_TIME 21: Stop FLYWHEEL
EVS Port1 1980-012-14:45:42.99600 66/1/CFE_TIME 20: Start FLYWHEEL
...EVS Port1 1980-012-14:46:00.00694 66/1/CFE_TIME 21: Stop FLYWHEEL
EVS Port1 1980-012-14:46:00.99786 66/1/CFE_TIME 20: Start FLYWHEEL
..EVS Port1 1980-012-14:46:11.01641 66/1/CFE_TIME 21: Stop FLYWHEEL
EVS Port1 1980-012-14:46:11.99014 66/1/CFE_TIME 20: Start FLYWHEEL
...EVS Port1 1980-012-14:46:29.02510 66/1/CFE_TIME 21: Stop FLYWHEEL
EVS Port1 1980-012-14:46:29.98855 66/1/CFE_TIME 20: Start FLYWHEEL
.EVS Port1 1980-012-14:46:32.00692 66/1/CFE_TIME 21: Stop FLYWHEEL
EVS Port1 1980-012-14:46:32.99607 66/1/CFE_TIME 20: Start FLYWHEEL
.....EVS Port1 1980-012-14:47:07.01647 66/1/CFE_TIME 21: Stop FLYWHEEL
.EVS Port1 1980-012-14:47:08.00256 66/1/CFE_TIME 20: Start FLYWHEEL
...EVS Port1 1980-012-14:47:29.08782 66/1/CFE_TIME 20: Start FLYWHEEL
EVS Port1 1980-012-14:47:31.00532 66/1/CFE_TIME 21: Stop FLYWHEEL
..EVS Port1 1980-012-14:47:43.00825 66/1/CFE_TIME 21: Stop FLYWHEEL
.EVS Port1 1980-012-14:47:43.99476 66/1/CFE_TIME 20: Start FLYWHEEL
..EVS Port1 1980-012-14:48:00.00318 66/1/CFE_TIME 21: Stop FLYWHEEL
EVS Port1 1980-012-14:48:00.99891 66/1/CFE_TIME 20: Start FLYWHEEL
.EVS Port1 1980-012-14:48:02.01322 66/1/CFE_TIME 21: Stop FLYWHEEL
EVS Port1 1980-012-14:48:02.99534 66/1/CFE_TIME 20: Start FLYWHEEL
................EVS Port1 1980-012-14:49:42.99505 66/1/CFE_TIME 20: Start FLYWHEEL
EVS Port1 1980-012-14:49:43.00418 66/1/CFE_TIME 21: Stop FLYWHEEL
...EVS Port1 1980-012-14:50:01.00843 66/1/CFE_TIME 21: Stop FLYWHEEL
EVS Port1 1980-012-14:50:02.00184 66/1/CFE_TIME 20: Start FLYWHEEL
.EVS Port1 1980-012-14:50:06.01617 66/1/CFE_TIME 21: Stop FLYWHEEL
EVS Port1 1980-012-14:50:06.99496 66/1/CFE_TIME 20: Start FLYWHEEL
.EVS Port1 1980-012-14:50:11.00411 66/1/CFE_TIME 20: Start FLYWHEEL
EVS Port1 1980-012-14:50:11.00703 66/1/CFE_TIME 21: Stop FLYWHEEL
...EVS Port1 1980-012-14:50:28.00450 66/1/CFE_TIME 21: Stop FLYWHEEL
EVS Port1 1980-012-14:50:28.99925 66/1/CFE_TIME 20: Start FLYWHEEL
....EVS Port1 1980-012-14:50:53.30255 66/1/AI_LEARNER 4: AI_LEARNER completed=1/1 mean=2859128833.8us max=2859128833.8us hal_peak=131382784 within_bounded=1
{"app":"AI_LEARNER","stage":"run","model":"wgan","target":"aarch64-unknown-linux-gnu","attempted":1,"completed":1,"fail_input":0,"fail_invoke":0,"fail_output":0,"mean_us":2859128833.76,"max_us":2859128833.76,"last_us":2859128833.76,"out0":-0.04231,"out_elems":150528,"out_sha256":"a955c79670e044abe86f78d1d8cb5dc520c8efbe812fd15828c73cccf333ef85","out_head":[-0.042312,0.048241,0.281001,0.151537,0.015720,-0.020227],"out_tail":[-0.023806,-0.002283,0.024540,0.030610,0.071837,0.146624],"out_full_file":"/cf/last_out.json","out_full_file_bytes":1454973,"out_full_file_reason":"ok","out_record_truncates":false}
{"app":"AI_LEARNER","stage":"mem","model":"wgan","target":"aarch64-unknown-linux-gnu","completed":1,"hal_peak":131382784,"peak_within_bounded":true,"admitted_budget_bytes":131382784,"peak_within_admitted_budget":true,"admission_mode":"conditional_map","hal_bytes_per_call_amortized":131382784.0,"process_rss_kb":15732,"process_rss_delta_init_kb":1644,"max_active_calls":1,"active_calls_now":0,"call_counter_balanced":true}
........EVS Port1 1980-012-14:51:39.00802 66/1/CFE_TIME 21: Stop FLYWHEEL
EVS Port1 1980-012-14:51:39.99620 66/1/CFE_TIME 20: Start FLYWHEEL
....EVS Port1 1980-012-14:52:04.99420 66/1/CFE_TIME 20: Start FLYWHEEL
EVS Port1 1980-012-14:52:05.00798 66/1/CFE_TIME 21: Stop FLYWHEEL
.EVS Port1 1980-012-14:52:12.00823 66/1/CFE_TIME 21: Stop FLYWHEEL
EVS Port1 1980-012-14:52:12.99632 66/1/CFE_TIME 20: Start FLYWHEEL
.....EVS Port1 1980-012-14:52:42.00556 66/1/CFE_TIME 21: Stop FLYWHEEL
EVS Port1 1980-012-14:52:43.00360 66/1/CFE_TIME 20: Start FLYWHEEL
.EVS Port1 1980-012-14:52:44.99739 66/1/CFE_TIME 20: Start FLYWHEEL
EVS Port1 1980-012-14:52:45.00926 66/1/CFE_TIME 21: Stop FLYWHEEL
..EVS Port1 1980-012-14:53:00.99819 66/1/CFE_TIME 20: Start FLYWHEEL
EVS Port1 1980-012-14:53:01.01144 66/1/CFE_TIME 21: Stop FLYWHEEL
......EVS Port1 1980-012-14:53:34.01486 66/1/CFE_TIME 20: Start FLYWHEEL
EVS Port1 1980-012-14:53:34.00804 66/1/CFE_TIME 21: Stop FLYWHEEL
......EVS Port1 1980-012-14:54:09.00527 66/1/CFE_TIME 21: Stop FLYWHEEL
EVS Port1 1980-012-14:54:09.99888 66/1/CFE_TIME 20: Start FLYWHEEL
....EVS Port1 1980-012-14:54:34.01719 66/1/CFE_TIME 20: Start FLYWHEEL
EVS Port1 1980-012-14:54:34.00511 66/1/CFE_TIME 21: Stop FLYWHEEL
...EVS Port1 1980-012-14:54:53.00885 66/1/CFE_TIME 21: Stop FLYWHEEL
EVS Port1 1980-012-14:54:54.00128 66/1/CFE_TIME 20: Start FLYWHEEL
.EVS Port1 1980-012-14:54:57.01101 66/1/CFE_TIME 21: Stop FLYWHEEL
EVS Port1 1980-012-14:54:57.99700 66/1/CFE_TIME 20: Start FLYWHEEL
.EVS Port1 1980-012-14:55:08.00825 66/1/CFE_TIME 21: Stop FLYWHEEL
.EVS Port1 1980-012-14:55:08.99096 66/1/CFE_TIME 20: Start FLYWHEEL
...EVS Port1 1980-012-14:55:27.01196 66/1/CFE_TIME 21: Stop FLYWHEEL
EVS Port1 1980-012-14:55:28.00024 66/1/CFE_TIME 20: Start FLYWHEEL
....EVS Port1 1980-012-14:55:54.00736 66/1/CFE_TIME 21: Stop FLYWHEEL
EVS Port1 1980-012-14:55:55.00889 66/1/CFE_TIME 20: Start FLYWHEEL
EVS Port1 1980-012-14:55:56.00721 66/1/CFE_TIME 21: Stop FLYWHEEL
.EVS Port1 1980-012-14:55:57.00102 66/1/CFE_TIME 20: Start FLYWHEEL
.....EVS Port1 1980-012-14:56:27.01710 66/1/CFE_TIME 21: Stop FLYWHEEL
EVS Port1 1980-012-14:56:27.98692 66/1/CFE_TIME 20: Start FLYWHEEL
.......EVS Port1 1980-012-14:57:10.03004 66/1/CFE_TIME 21: Stop FLYWHEEL
EVS Port1 1980-012-14:57:10.98614 66/1/CFE_TIME 20: Start FLYWHEEL
EVS Port1 1980-012-14:57:13.00627 66/1/CFE_TIME 21: Stop FLYWHEEL
EVS Port1 1980-012-14:57:13.99923 66/1/CFE_TIME 20: Start FLYWHEEL
..........................EVS Port1 1980-012-14:59:48.03819 66/1/CFE_TIME 21: Stop FLYWHEEL
EVS Port1 1980-012-14:59:48.99279 66/1/CFE_TIME 20: Start FLYWHEEL
............EVS Port1 1980-012-15:01:01.01023 66/1/CFE_TIME 21: Stop FLYWHEEL
EVS Port1 1980-012-15:01:01.99400 66/1/CFE_TIME 20: Start FLYWHEEL
....EVS Port1 1980-012-15:01:26.01002 66/1/CFE_TIME 21: Stop FLYWHEEL
EVS Port1 1980-012-15:01:26.99806 66/1/CFE_TIME 20: Start FLYWHEEL
...EVS Port1 1980-012-15:01:43.00686 66/1/CFE_TIME 20: Start FLYWHEEL
EVS Port1 1980-012-15:01:43.01257 66/1/CFE_TIME 21: Stop FLYWHEEL
..EVS Port1 1980-012-15:01:56.00440 66/1/CFE_TIME 21: Stop FLYWHEEL
EVS Port1 1980-012-15:01:56.99232 66/1/CFE_TIME 20: Start FLYWHEEL
.EVS Port1 1980-012-15:02:01.01567 66/1/CFE_TIME 21: Stop FLYWHEEL
EVS Port1 1980-012-15:02:01.99743 66/1/CFE_TIME 20: Start FLYWHEEL
.EVS Port1 1980-012-15:02:07.02310 66/1/CFE_TIME 21: Stop FLYWHEEL
EVS Port1 1980-012-15:02:07.98883 66/1/CFE_TIME 20: Start FLYWHEEL
..........EVS Port1 1980-012-15:03:03.00753 66/1/CFE_TIME 21: Stop FLYWHEEL
EVS Port1 1980-012-15:03:03.99530 66/1/CFE_TIME 20: Start FLYWHEEL
........EVS Port1 1980-012-15:03:51.00686 66/1/CFE_TIME 21: Stop FLYWHEEL
EVS Port1 1980-012-15:03:52.00677 66/1/CFE_TIME 20: Start FLYWHEEL
EVS Port1 1980-012-15:03:55.01818 66/1/CFE_TIME 21: Stop FLYWHEEL
EVS Port1 1980-012-15:03:56.00192 66/1/CFE_TIME 20: Start FLYWHEEL
....EVS Port1 1980-012-15:04:15.99916 66/1/CFE_TIME 20: Start FLYWHEEL
EVS Port1 1980-012-15:04:16.00994 66/1/CFE_TIME 21: Stop FLYWHEEL
.EVS Port1 1980-012-15:04:22.00874 66/1/CFE_TIME 21: Stop FLYWHEEL
EVS Port1 1980-012-15:04:22.98486 66/1/CFE_TIME 20: Start FLYWHEEL
.......EVS Port1 1980-012-15:05:04.00703 66/1/CFE_TIME 21: Stop FLYWHEEL
EVS Port1 1980-012-15:05:04.99928 66/1/CFE_TIME 20: Start FLYWHEEL
...EVS Port1 1980-012-15:05:21.00979 66/1/CFE_TIME 21: Stop FLYWHEEL
EVS Port1 1980-012-15:05:21.98710 66/1/CFE_TIME 20: Start FLYWHEEL
EVS Port1 1980-012-15:05:24.01118 66/1/CFE_TIME 21: Stop FLYWHEEL
EVS Port1 1980-012-15:05:24.99487 66/1/CFE_TIME 20: Start FLYWHEEL
....EVS Port1 1980-012-15:05:48.01295 66/1/CFE_TIME 20: Start FLYWHEEL
EVS Port1 1980-012-15:05:48.00733 66/1/CFE_TIME 21: Stop FLYWHEEL
...EVS Port1 1980-012-15:06:06.00981 66/1/CFE_TIME 21: Stop FLYWHEEL
EVS Port1 1980-012-15:06:06.99703 66/1/CFE_TIME 20: Start FLYWHEEL
....EVS Port1 1980-012-15:06:30.00798 66/1/CFE_TIME 21: Stop FLYWHEEL
EVS Port1 1980-012-15:06:31.00912 66/1/CFE_TIME 20: Start FLYWHEEL
.EVS Port1 1980-012-15:06:33.03211 66/1/CFE_TIME 20: Start FLYWHEEL
EVS Port1 1980-012-15:06:33.00520 66/1/CFE_TIME 21: Stop FLYWHEEL
.EVS Port1 1980-012-15:06:44.01609 66/1/CFE_TIME 20: Start FLYWHEEL
EVS Port1 1980-012-15:06:44.00840 66/1/CFE_TIME 21: Stop FLYWHEEL
...EVS Port1 1980-012-15:06:56.01805 66/1/CFE_TIME 21: Stop FLYWHEEL
EVS Port1 1980-012-15:06:57.01235 66/1/CFE_TIME 20: Start FLYWHEEL
EVS Port1 1980-012-15:06:59.00720 66/1/CFE_TIME 20: Start FLYWHEEL
EVS Port1 1980-012-15:06:59.00904 66/1/CFE_TIME 21: Stop FLYWHEEL
.EVS Port1 1980-012-15:07:07.01283 66/1/CFE_TIME 21: Stop FLYWHEEL
.EVS Port1 1980-012-15:07:07.99162 66/1/CFE_TIME 20: Start FLYWHEEL
.EVS Port1 1980-012-15:07:16.05192 66/1/CFE_TIME 21: Stop FLYWHEEL
EVS Port1 1980-012-15:07:16.98501 66/1/CFE_TIME 20: Start FLYWHEEL
EVS Port1 1980-012-15:07:19.04203 66/1/CFE_TIME 20: Start FLYWHEEL
.EVS Port1 1980-012-15:07:21.01022 66/1/CFE_TIME 21: Stop FLYWHEEL
...EVS Port1 1980-012-15:07:42.00819 66/1/CFE_TIME 21: Stop FLYWHEEL
EVS Port1 1980-012-15:07:42.99235 66/1/CFE_TIME 20: Start FLYWHEEL
.EVS Port1 1980-012-15:07:46.01278 66/1/CFE_TIME 20: Start FLYWHEEL
EVS Port1 1980-012-15:07:47.00599 66/1/CFE_TIME 21: Stop FLYWHEEL
...EVS Port1 1980-012-15:08:08.00625 66/1/CFE_TIME 21: Stop FLYWHEEL
.EVS Port1 1980-012-15:08:09.00024 66/1/CFE_TIME 20: Start FLYWHEEL
.EVS Port1 1980-012-15:08:19.01258 66/1/CFE_TIME 21: Stop FLYWHEEL
EVS Port1 1980-012-15:08:19.97872 66/1/CFE_TIME 20: Start FLYWHEEL
.....EVS Port1 1980-012-15:08:46.00494 66/1/CFE_TIME 21: Stop FLYWHEEL
EVS Port1 1980-012-15:08:46.99559 66/1/CFE_TIME 20: Start FLYWHEEL
.EVS Port1 1980-012-15:08:53.01515 66/1/CFE_TIME 20: Start FLYWHEEL
EVS Port1 1980-012-15:08:53.00831 66/1/CFE_TIME 21: Stop FLYWHEEL
....EVS Port1 1980-012-15:09:15.01527 66/1/CFE_TIME 20: Start FLYWHEEL
EVS Port1 1980-012-15:09:16.01010 66/1/CFE_TIME 21: Stop FLYWHEEL
.........EVS Port1 1980-012-15:10:10.01086 66/1/CFE_TIME 21: Stop FLYWHEEL
EVS Port1 1980-012-15:10:10.99734 66/1/CFE_TIME 20: Start FLYWHEEL
..EVS Port1 1980-012-15:10:21.00685 66/1/CFE_TIME 21: Stop FLYWHEEL
EVS Port1 1980-012-15:10:22.00074 66/1/CFE_TIME 20: Start FLYWHEEL
...............EVS Port1 1980-012-15:11:55.02201 66/1/CFE_TIME 21: Stop FLYWHEEL
EVS Port1 1980-012-15:11:55.99812 66/1/CFE_TIME 20: Start FLYWHEEL
..EVS Port1 1980-012-15:12:04.01824 66/1/CFE_TIME 21: Stop FLYWHEEL
EVS Port1 1980-012-15:12:04.99430 66/1/CFE_TIME 20: Start FLYWHEEL
.EVS Port1 1980-012-15:12:13.01092 66/1/CFE_TIME 21: Stop FLYWHEEL
EVS Port1 1980-012-15:12:13.99482 66/1/CFE_TIME 20: Start FLYWHEEL
..EVS Port1 1980-012-15:12:23.02023 66/1/CFE_TIME 21: Stop FLYWHEEL
EVS Port1 1980-012-15:12:24.00411 66/1/CFE_TIME 20: Start FLYWHEEL
...EVS Port1 1980-012-15:12:45.02111 66/1/CFE_TIME 21: Stop FLYWHEEL
.EVS Port1 1980-012-15:12:45.97300 66/1/CFE_TIME 20: Start FLYWHEEL
.EVS Port1 1980-012-15:12:51.99725 66/1/CFE_TIME 20: Start FLYWHEEL
EVS Port1 1980-012-15:12:52.00730 66/1/CFE_TIME 21: Stop FLYWHEEL
..............EVS Port1 1980-012-15:14:15.00698 66/1/CFE_TIME 21: Stop FLYWHEEL
EVS Port1 1980-012-15:14:16.00013 66/1/CFE_TIME 20: Start FLYWHEEL
....................EVS Port1 1980-012-15:16:17.00798 66/1/CFE_TIME 21: Stop FLYWHEEL
EVS Port1 1980-012-15:16:18.00015 66/1/CFE_TIME 20: Start FLYWHEEL
.....EVS Port1 1980-012-15:16:50.03808 66/1/CFE_TIME 21: Stop FLYWHEEL
.EVS Port1 1980-012-15:16:50.98281 66/1/CFE_TIME 20: Start FLYWHEEL
...EVS Port1 1980-012-15:17:13.00033 66/1/CFE_TIME 20: Start FLYWHEEL
EVS Port1 1980-012-15:17:13.01318 66/1/CFE_TIME 21: Stop FLYWHEEL
..EVS Port1 1980-012-15:17:21.03393 66/1/CFE_TIME 21: Stop FLYWHEEL
EVS Port1 1980-012-15:17:22.00531 66/1/CFE_TIME 20: Start FLYWHEEL
EVS Port1 1980-012-15:17:24.07844 66/1/CFE_TIME 20: Start FLYWHEEL
EVS Port1 1980-012-15:17:24.00997 66/1/CFE_TIME 21: Stop FLYWHEEL
.EVS Port1 1980-012-15:17:30.00898 66/1/CFE_TIME 21: Stop FLYWHEEL
EVS Port1 1980-012-15:17:30.98593 66/1/CFE_TIME 20: Start FLYWHEEL
..EVS Port1 1980-012-15:17:43.00938 66/1/CFE_TIME 20: Start FLYWHEEL
EVS Port1 1980-012-15:17:43.00837 66/1/CFE_TIME 21: Stop FLYWHEEL
..............EVS Port1 1980-012-15:19:08.00822 66/1/CFE_TIME 21: Stop FLYWHEEL
.EVS Port1 1980-012-15:19:08.99345 66/1/CFE_TIME 20: Start FLYWHEEL
............................EVS Port1 1980-012-15:22:02.00831 66/1/CFE_TIME 21: Stop FLYWHEEL
EVS Port1 1980-012-15:22:02.98699 66/1/CFE_TIME 20: Start FLYWHEEL
...EVS Port1 1980-012-15:22:16.01104 66/1/CFE_TIME 21: Stop FLYWHEEL
EVS Port1 1980-012-15:22:16.99630 66/1/CFE_TIME 20: Start FLYWHEEL
.EVS Port1 1980-012-15:22:24.00614 66/1/CFE_TIME 21: Stop FLYWHEEL
EVS Port1 1980-012-15:22:24.99797 66/1/CFE_TIME 20: Start FLYWHEEL
.EVS Port1 1980-012-15:22:30.01730 66/1/CFE_TIME 21: Stop FLYWHEEL
EVS Port1 1980-012-15:22:30.98431 66/1/CFE_TIME 20: Start FLYWHEEL
.EVS Port1 1980-012-15:22:37.00549 66/1/CFE_TIME 21: Stop FLYWHEEL
EVS Port1 1980-012-15:22:38.00137 66/1/CFE_TIME 20: Start FLYWHEEL
........EVS Port1 1980-012-15:23:25.00923 66/1/CFE_TIME 21: Stop FLYWHEEL
EVS Port1 1980-012-15:23:26.00843 66/1/CFE_TIME 20: Start FLYWHEEL
....EVS Port1 1980-012-15:23:50.01895 66/1/CFE_TIME 20: Start FLYWHEEL
.EVS Port1 1980-012-15:23:52.00817 66/1/CFE_TIME 21: Stop FLYWHEEL
...EVS Port1 1980-012-15:24:11.01081 66/1/CFE_TIME 20: Start FLYWHEEL
EVS Port1 1980-012-15:24:11.00920 66/1/CFE_TIME 21: Stop FLYWHEEL
............EVS Port1 1980-012-15:25:21.00907 66/1/CFE_TIME 20: Start FLYWHEEL
EVS Port1 1980-012-15:25:21.00723 66/1/CFE_TIME 21: Stop FLYWHEEL
.............EVS Port1 1980-012-15:26:40.01136 66/1/CFE_TIME 21: Stop FLYWHEEL
EVS Port1 1980-012-15:26:40.98498 66/1/CFE_TIME 20: Start FLYWHEEL
.EVS Port1 1980-012-15:26:46.01396 66/1/CFE_TIME 21: Stop FLYWHEEL
EVS Port1 1980-012-15:26:47.00511 66/1/CFE_TIME 20: Start FLYWHEEL
..EVS Port1 1980-012-15:27:00.03431 66/1/CFE_TIME 21: Stop FLYWHEEL
EVS Port1 1980-012-15:27:01.00515 66/1/CFE_TIME 20: Start FLYWHEEL
EVS Port1 1980-012-15:27:02.01309 66/1/CFE_TIME 21: Stop FLYWHEEL
.EVS Port1 1980-012-15:27:02.99201 66/1/CFE_TIME 20: Start FLYWHEEL
....EVS Port1 1980-012-15:27:28.02134 66/1/CFE_TIME 21: Stop FLYWHEEL
EVS Port1 1980-012-15:27:29.03044 66/1/CFE_TIME 20: Start FLYWHEEL
EVS Port1 1980-012-15:27:30.00704 66/1/CFE_TIME 21: Stop FLYWHEEL
EVS Port1 1980-012-15:27:30.99388 66/1/CFE_TIME 20: Start FLYWHEEL
..EVS Port1 1980-012-15:27:42.00788 66/1/CFE_TIME 21: Stop FLYWHEEL
EVS Port1 1980-012-15:27:43.00833 66/1/CFE_TIME 20: Start FLYWHEEL
.EVS Port1 1980-012-15:27:45.01310 66/1/CFE_TIME 20: Start FLYWHEEL
EVS Port1 1980-012-15:27:45.00842 66/1/CFE_TIME 21: Stop FLYWHEEL
..EVS Port1 1980-012-15:28:02.03688 66/1/CFE_TIME 21: Stop FLYWHEEL
.EVS Port1 1980-012-15:28:02.98588 66/1/CFE_TIME 20: Start FLYWHEEL
..EVS Port1 1980-012-15:28:19.00512 66/1/CFE_TIME 21: Stop FLYWHEEL
EVS Port1 1980-012-15:28:19.99623 66/1/CFE_TIME 20: Start FLYWHEEL
...........EVS Port1 1980-012-15:29:23.00669 66/1/CFE_TIME 21: Stop FLYWHEEL
EVS Port1 1980-012-15:29:23.99766 66/1/CFE_TIME 20: Start FLYWHEEL
.EVS Port1 1980-012-15:29:31.01335 66/1/CFE_TIME 21: Stop FLYWHEEL
EVS Port1 1980-012-15:29:32.00518 66/1/CFE_TIME 20: Start FLYWHEEL
.....EVS Port1 1980-012-15:29:59.01252 66/1/CFE_TIME 21: Stop FLYWHEEL
EVS Port1 1980-012-15:29:59.98548 66/1/CFE_TIME 20: Start FLYWHEEL
.EVS Port1 1980-012-15:30:06.01005 66/1/CFE_TIME 20: Start FLYWHEEL
EVS Port1 1980-012-15:30:06.00912 66/1/CFE_TIME 21: Stop FLYWHEEL
..EVS Port1 1980-012-15:30:17.01861 66/1/CFE_TIME 21: Stop FLYWHEEL
EVS Port1 1980-012-15:30:17.98489 66/1/CFE_TIME 20: Start FLYWHEEL
..EVS Port1 1980-012-15:30:33.00819 66/1/CFE_TIME 21: Stop FLYWHEEL
.EVS Port1 1980-012-15:30:33.99607 66/1/CFE_TIME 20: Start FLYWHEEL
....EVS Port1 1980-012-15:31:01.00839 66/1/CFE_TIME 21: Stop FLYWHEEL
EVS Port1 1980-012-15:31:01.99134 66/1/CFE_TIME 20: Start FLYWHEEL
........EVS Port1 1980-012-15:31:47.00894 66/1/CFE_TIME 21: Stop FLYWHEEL
EVS Port1 1980-012-15:31:47.99520 66/1/CFE_TIME 20: Start FLYWHEEL
..EVS Port1 1980-012-15:31:58.04312 66/1/CFE_TIME 21: Stop FLYWHEEL
EVS Port1 1980-012-15:31:58.99076 66/1/CFE_TIME 20: Start FLYWHEEL
..EVS Port1 1980-012-15:32:13.01654 66/1/CFE_TIME 21: Stop FLYWHEEL
EVS Port1 1980-012-15:32:13.99165 66/1/CFE_TIME 20: Start FLYWHEEL
..EVS Port1 1980-012-15:32:22.02441 66/1/CFE_TIME 21: Stop FLYWHEEL
EVS Port1 1980-012-15:32:22.98925 66/1/CFE_TIME 20: Start FLYWHEEL
....EVS Port1 1980-012-15:32:46.00975 66/1/CFE_TIME 21: Stop FLYWHEEL
EVS Port1 1980-012-15:32:47.00010 66/1/CFE_TIME 20: Start FLYWHEEL
.1980-012-15:32:53.80739 CFE_ES_RunExceptionScan: ExceptionID 0x1110000 in TaskID 0: Caught SIGINT
1980-012-15:32:53.81205 CFE_ES_RunExceptionScan: Processor Reset count not reached (0/2)
CFE_PSP: Exiting cFE with PROCESSOR Reset status.

CFE_PSP: Shutdown initiated - Exiting cFE
CI delete callback -- Closing CI Network socket.
TO delete callback -- Closing TO Network socket.
..EXIT=137
