OS_BSP_Initialize():Maximum user msg queue depth = 512
CFE_PSP: Default Reset SubType = 1
CFE_PSP: Default CPU ID = 1
CFE_PSP: Default Spacecraft ID = 66
CFE_PSP: Default CPU Name: cpu1
OS_Posix_GetSchedulerParams():208:Policy 1: available, min-max: 1-99
OS_Posix_GetSchedulerParams():208:Policy 2: available, min-max: 1-99
OS_Posix_TaskAPI_Impl_Init():401:Selected policy 2 for RT tasks, root task = 99
OS_Posix_TaskAPI_Impl_Init():419:Could not setschedparam in main thread: Operation not permitted (1)
CFE_PSP: initializing module 'soft_timebase' with ID 0110ff00
CFE_PSP: Instantiated software timebase 'cFS-Master' running at 10000 usec
CFE_PSP: initializing module 'timebase_posix_clock' with ID 0110ff01
CFE_PSP: Using POSIX monotonic clock as CFE timebase
CFE_PSP: initializing module 'eeprom_mmap_file' with ID 0110ff02
CFE_PSP: Using MMAP simulated EEPROM implementation
CFE_PSP: EEPROM Range (2) created: Start Address = FF97347DE000, Size = 00080000 Status = 0
CFE_PSP: initializing module 'port_notimpl' with ID 0110ff03
CFE_PSP: I/O Port access not implemented
CFE_PSP: initializing module 'iodriver' with ID 0110ff04
CFE_PSP: initializing module 'linux_sysmon' with ID 0110ff05
CFE_PSP: initializing module 'endian_api' with ID 0110ff06
CFE_PSP: Host CPU Endian=LITTLE
CFE_PSP: initializing module 'ram_notimpl' with ID 0110ff07
CFE_PSP: Physical RAM access not implemented
CFE_PSP: Normal exit from previous cFE instance
CFE_PSP: Starting the cFE with a PROCESSOR reset.
1980-001-01:08:22.77805 CFE_ES_Main: CFE_ES_Main in EARLY_INIT state
1980-001-01:08:22.79343 CFE_ES_InitializeFileSystems: Volatile Disk has 100 Percent free space.
Number of addresses returned by backtrace = 1
CFE_PSP: CFE_PSP_AttachExceptions called
1980-001-01:08:22.81695 CFE_ES_Main: CFE_ES_Main entering CORE_STARTUP state
1980-001-01:08:22.81878 CFE_ES_CreateObjects: Starting Object Creation calls.
1980-001-01:08:22.82000 CFE_ES_CreateObjects: Calling EarlyInit for CFE_CONFIG
1980-001-01:08:22.82455 CFE_ES_CreateObjects: Calling EarlyInit for CFE_ES
1980-001-01:08:22.82962 CFE_ES_CreateObjects: Calling EarlyInit for CFE_EVS
1980-001-01:08:22.83262 CFE_EVS_EarlyInit: Event Log restored, n=0, c=20, f=1, m=1, o=205
1980-001-01:08:22.83397 CFE_ES_CreateObjects: Calling EarlyInit for CFE_FS
1980-001-01:08:22.83448 CFE_ES_CreateObjects: Calling EarlyInit for CFE_SB
1980-001-01:08:22.85256 CFE_ES_CreateObjects: Calling EarlyInit for CFE_TBL
1980-001-01:08:22.87406 CFE_ES_CreateObjects: Calling EarlyInit for CFE_TIME
EVS Port1 1980-012-14:10:03.51718 66/1/CFE_ES 1: cFE ES Initialized: CFE_ES v7.0.1+dev1 (Draco) DEV BUILD, based on v7.0.1, EDS disabled
EVS Port1 1980-012-14:10:03.52375 66/1/CFE_ES 2: cFS Versions: cfe v7.0.1+dev1, osal v7.0.1+dev1, psp v7.0.1+dev1. cFE chksm 31659
EVS Port1 1980-012-14:10:03.52478 66/1/CFE_ES 91: Version Info: Mission SampleMission, version git:v7.0.1-90-g78c23b0-dirty
EVS Port1 1980-012-14:10:03.52522 66/1/CFE_ES 91: Version Info: Module CORE_API, version git:2612eb0
EVS Port1 1980-012-14:10:03.52691 66/1/CFE_ES 91: Version Info: Module CONFIG, version git:2612eb0
EVS Port1 1980-012-14:10:03.52915 66/1/CFE_ES 91: Version Info: Module ES, version git:2612eb0
EVS Port1 1980-012-14:10:03.52966 66/1/CFE_ES 91: Version Info: Module EVS, version git:2612eb0
EVS Port1 1980-012-14:10:03.52983 66/1/CFE_ES 91: Version Info: Module FS, version git:2612eb0
EVS Port1 1980-012-14:10:03.52992 66/1/CFE_ES 91: Version Info: Module SB, version git:2612eb0
EVS Port1 1980-012-14:10:03.52999 66/1/CFE_ES 91: Version Info: Module TBL, version git:2612eb0
EVS Port1 1980-012-14:10:03.53009 66/1/CFE_ES 91: Version Info: Module TIME, version git:2612eb0
EVS Port1 1980-012-14:10:03.53016 66/1/CFE_ES 91: Version Info: Module OSAL, version git:8111e4a
EVS Port1 1980-012-14:10:03.53030 66/1/CFE_ES 91: Version Info: Module PSP, version git:d1da809
EVS Port1 1980-012-14:10:03.53199 66/1/CFE_ES 91: Version Info: Module MSG, version git:2612eb0
EVS Port1 1980-012-14:10:03.53216 66/1/CFE_ES 91: Version Info: Module SBR, version git:2612eb0
EVS Port1 1980-012-14:10:03.53230 66/1/CFE_ES 91: Version Info: Module RESOURCEID, version git:2612eb0
EVS Port1 1980-012-14:10:03.53396 66/1/CFE_ES 92: Build 202609101222 by root@vm, config aarch64
EVS Port1 1980-012-14:10:03.61213 66/1/CFE_EVS 1: cFE EVS Initialized: CFE_EVS v7.0.1+dev1 (Draco) DEV BUILD, based on v7.0.1, EDS disabled
1980-012-14:10:03.71674 CFE_SB_AppInit: Registered 4 events for filtering
EVS Port1 1980-012-14:10:03.72007 66/1/CFE_SB 1: cFE SB Initialized: CFE_SB v7.0.1+dev1 (Draco) DEV BUILD, based on v7.0.1, EDS disabled
EVS Port1 1980-012-14:10:03.72074 66/1/CFE_SB 14: No subscribers for MsgId 0x808,sender CFE_SB
EVS Port1 1980-012-14:10:03.82661 66/1/CFE_TBL 1: cFE TBL Initialized: CFE_TBL v7.0.1+dev1 (Draco) DEV BUILD, based on v7.0.1, EDS disabled
EVS Port1 1980-012-14:10:03.82710 66/1/CFE_SB 14: No subscribers for MsgId 0x808,sender CFE_TBL
EVS Port1 1980-012-14:10:03.94258 66/1/CFE_TIME 1: cFE TIME Initialized: CFE_TIME v7.0.1+dev1 (Draco) DEV BUILD, based on v7.0.1, EDS disabled
EVS Port1 1980-012-14:10:03.94302 66/1/CFE_SB 14: No subscribers for MsgId 0x808,sender CFE_TIME
1980-012-14:10:03.97803 CFE_ES_CreateObjects: Finished ES CreateObject table entries.
OS_FileOpen_Impl():110:open(/dev/shm/osal:RAM/cfe_es_startup.scr): No such file or directory
1980-012-14:10:03.98394 CFE_ES_Main: CFE_ES_Main entering CORE_READY state
1980-012-14:10:03.99185 CFE_ES_OpenStartupScript: Cannot Open Volatile Startup file: /ram/cfe_es_startup.scr, Trying Nonvolatile.
1980-012-14:10:03.99367 CFE_ES_OpenStartupScript: Opened ES App Startup file: /cf/cfe_es_startup.scr
1980-012-14:10:04.02087 CFE_ES_ParseFileEntry: Loading shared library: /cf/cfe_assert.so
1980-012-14:10:04.03746 [BEGIN] CFE FUNCTIONAL TEST
1980-012-14:10:04.03925 [BEGIN] 01 CFE-STARTUP
1980-012-14:10:04.06462 CFE_ES_ParseFileEntry: Loading shared library: /cf/sample_lib.so
SAMPLE Lib Initialized.Sample Lib v7.0.0+dev1 (Draco) DEV BUILD, based on v7.0.1, EDS disabled
1980-012-14:10:04.09654 CFE_ES_ParseFileEntry: Loading file: /cf/sch_lab.so, APP: SCH_LAB
1980-012-14:10:04.13365 CFE_ES_ParseFileEntry: Loading file: /cf/ci_lab.so, APP: CI_LAB
1980-012-14:10:04.18359 CFE_ES_ParseFileEntry: Loading file: /cf/to_lab.so, APP: TO_LAB
SCH Lab Initialized.SCH Lab v7.0.1+dev1 (Draco) DEV BUILD, based on v7.0.1, EDS disabled
1980-012-14:10:04.26994 CFE_ES_ParseFileEntry: Loading file: /cf/sample_app.so, APP: SAMPLE_APP
EVS Port1 1980-012-14:10:04.28309 66/1/TO_LAB 1: TO Lab Initialized.TO Lab v7.0.1+dev1 (Draco) DEV BUILD, based on v7.0.1, EDS disabled, Awaiting enable command.
EVS Port1 1980-012-14:10:04.28811 66/1/CFE_SB 14: No subscribers for MsgId 0x808,sender TO_LAB
1980-012-14:10:04.31696 CI_LAB listening on UDP port: 1234
EVS Port1 1980-012-14:10:04.31759 66/1/CI_LAB 3: CI Lab Initialized.CI Lab App v7.0.1+dev1 (Draco) DEV BUILD, based on v7.0.1, EDS disabled
1980-012-14:10:04.34058 CFE_ES_ParseFileEntry: Loading file: /cf/ai_learner.so, APP: AI_LEARNER
EVS Port1 1980-012-14:10:04.37390 66/1/SAMPLE_APP 1: Sample App Initialized.Sample App v7.0.0+dev1 (Draco) DEV BUILD, based on v7.0.1, EDS disabled
1980-012-14:10:04.38799 CFE_ES_ParseFileEntry: Loading file: /cf/lc.so, APP: LC
1980-012-14:10:04.41452 CFE_ES_ParseFileEntry: Loading file: /cf/cf.so, APP: CF
{"app":"AI_LEARNER","stage":"stack","es_stack_size":264063,"stack_base_bytes":262144,"contract_kernel_stack_bytes":1919,"kernel_stack_accounted":true}
{"app":"AI_LEARNER","stage":"admission","verdict":"ADMIT","model":"smartcam","target":"aarch64-unknown-linux-gnu","bounded":18222796,"budget":18222796,"budget_source":"override","per_call":9382092,"constants":8840704,"kernel_stack_bytes":1919,"bound_known":true,"scope":"per_app_local_budget"}
EVS Port1 1980-012-14:10:04.42890 66/1/AI_LEARNER 8: AI_LEARNER stack: es=264063 base=262144 kernel=1919 accounted=1
EVS Port1 1980-012-14:10:04.47998 66/1/LC 56: WDT verify results: good = 0, bad = 0, unused = 176
EVS Port1 1980-012-14:10:04.49977 66/1/LC 66: ADT verify results: good = 0, bad = 0, unused = 176
EVS Port1 1980-012-14:10:04.50907 66/1/LC 23: LC use of Critical Data Store disabled, activity mask = 0x00991990
EVS Port1 1980-012-14:10:04.51220 66/1/LC 2: LC Initialized. Version 7.0.1.255
1980-012-14:10:04.51394 CFE_ES_ParseFileEntry: Loading file: /cf/ds.so, APP: DS
EVS Port1 1980-012-14:10:04.57078 66/1/CF 20: CF Initialized. Version 7.0.1.255
1980-012-14:10:04.60803 CFE_ES_ParseFileEntry: Loading file: /cf/fm.so, APP: FM
EVS Port1 1980-012-14:10:04.64665 66/1/DS 10: Destination file table verify results: good entries = 6, bad = 0, unused = 10
EVS Port1 1980-012-14:10:04.66284 66/1/DS 12: Filter table verify results: good entries = 14, bad = 0, unused = 242
EVS Port1 1980-012-14:10:04.68083 66/1/DS 1: Application initialized, version 7.0.1.255, data at 0xff9727710460
1980-012-14:10:04.70355 CFE_ES_ParseFileEntry: Loading file: /cf/hk.so, APP: HK
EVS Port1 1980-012-14:10:04.72482 66/1/FM 80: Free Space Table verify results: good entries = 3, bad = 0, unused = 5
EVS Port1 1980-012-14:10:04.74684 66/1/FM 1: Initialization complete: version 7.0.1.255
1980-012-14:10:04.79152 CFE_ES_ParseFileEntry: Loading file: /cf/hs.so, APP: HS
EVS Port1 1980-012-14:10:04.80174 66/1/FM 72: Child Task initialization complete
EVS Port1 1980-012-14:10:04.83990 66/1/HK 1: HK Initialized.  Version 7.0.1.255
1980-012-14:10:04.88082 CFE_ES_ParseFileEntry: Loading file: /cf/mm.so, APP: MM
EVS Port1 1980-012-14:10:04.92405 66/1/HS 54: ExeCount verify results: good = 5, bad = 0, unused = 27
EVS Port1 1980-012-14:10:04.95167 66/1/HS 50: AppMon verify results: good = 0, bad = 0, unused = 32
EVS Port1 1980-012-14:10:04.96803 66/1/HS 52: EventMon verify results: good = 0, bad = 0, unused = 16
EVS Port1 1980-012-14:10:04.98583 66/1/MM 1: MM Initialized. Version 7.0.1.255
EVS Port1 1980-012-14:10:04.98956 66/1/HS 56: MsgActs verify results: good = 2, bad = 0, unused = 6
1980-012-14:10:04.99988 HS_SysMonInit(): System Monitor using PSP device ID 0110ff05
1980-012-14:10:05.00221 CFE_ES_ParseFileEntry: Loading file: /cf/sc.so, APP: SC
CFE_PSP(Linux_SysMon): Started CPU utilization monitoring on 1 CPU(s)
EVS Port1 1980-012-14:10:05.04771 66/1/HS 1: HS Initialized.  Version 7.0.1.255
1980-012-14:10:05.07799 CFE_ES_ParseFileEntry: Loading file: /cf/md.so, APP: MD
EVS Port1 1980-012-14:10:05.14465 66/1/SC 21: RTS table files not loaded at initialization = 0 of 4
EVS Port1 1980-012-14:10:05.15283 66/1/SC 9: SC Initialized. Version 7.0.1.255
1980-012-14:10:05.16396 CFE_ES_ParseFileEntry: Loading file: /cf/cs.so, APP: CS
EVS Port1 1980-012-14:10:05.17993 66/1/MD 52: MD Dwell Tbl verify results: good = 0, bad = 0, unused = 25
EVS Port1 1980-012-14:10:05.18708 66/1/MD 3: Recovered Dwell Table #1 is valid and has been copied to the MD App
EVS Port1 1980-012-14:10:05.19326 66/1/MD 52: MD Dwell Tbl verify results: good = 0, bad = 0, unused = 25
EVS Port1 1980-012-14:10:05.19874 66/1/MD 3: Recovered Dwell Table #2 is valid and has been copied to the MD App
EVS Port1 1980-012-14:10:05.20283 66/1/MD 52: MD Dwell Tbl verify results: good = 0, bad = 0, unused = 25
EVS Port1 1980-012-14:10:05.20965 66/1/MD 3: Recovered Dwell Table #3 is valid and has been copied to the MD App
EVS Port1 1980-012-14:10:05.21502 66/1/MD 52: MD Dwell Tbl verify results: good = 0, bad = 0, unused = 25
EVS Port1 1980-012-14:10:05.22590 66/1/MD 3: Recovered Dwell Table #4 is valid and has been copied to the MD App
EVS Port1 1980-012-14:10:05.22970 66/1/MD 7: Dwell Tables Recovered: 4, Dwell Tables Initialized: 0
EVS Port1 1980-012-14:10:05.23286 66/1/MD 1: MD Initialized.  Version 7.0.1.255
EVS Port1 1980-012-14:10:05.29405 66/1/CS 144: CS EEPROM Table verification results: good = 0, bad = 0, unused = 16
EVS Port1 1980-012-14:10:05.30180 66/1/CS 107: CS EEPROM Table: No valid entries in the table
EVS Port1 1980-012-14:10:05.31614 66/1/CS 143: CS Memory Table verification results: good = 0, bad = 0, unused = 16
EVS Port1 1980-012-14:10:05.32168 66/1/CS 107: CS Memory Table: No valid entries in the table
EVS Port1 1980-012-14:10:05.33659 66/1/CS 139: CS Tables Table verification results: good = 1, bad = 0, unused = 23
EVS Port1 1980-012-14:10:05.34695 66/1/CS 142: CS Apps Table verification results: good = 0, bad = 0, unused = 24
EVS Port1 1980-012-14:10:05.34915 66/1/CS 108: CS Apps Table: No valid entries in the table
EVS Port1 1980-012-14:10:05.35475 66/1/CS 127: OS Text Segment disabled due to platform
EVS Port1 1980-012-14:10:05.35807 66/1/CS 1: CS Initialized. Version 7.0.1.255
EVS Port1 1980-012-14:10:05.00924 66/1/CFE_TIME 21: Stop FLYWHEEL
{"app":"AI_LEARNER","stage":"binding","verdict":"MATCH","artifact_bytes":8991281,"artifact_sha256":"ecffe6e0bcbadf51","contract_sha256":"ecffe6e0bcbadf51"}
1980-012-14:10:05.79469 CFE_ES_Main: Startup Sync failed - Applications may not have all initialized
1980-012-14:10:05.79495 CFE_ES_Main: CFE_ES_Main entering APPS_INIT state
{"app":"AI_LEARNER","stage":"map_branch","model":"smartcam","module_ptr_mod64":0,"hal_peak_after_append":0,"contract_const_bytes":8840704,"contract_per_call_bytes":9382092,"arm":"map","admission_mode":"unconditional"}
{"app":"AI_LEARNER","stage":"mem_init","model":"smartcam","target":"aarch64-unknown-linux-gnu","hal_peak":602112,"hal_allocated":602112,"bounded":18222796,"peak_within_bounded":true,"inferences_so_far":0,"process_rss_kb":15944,"rss_kb_before_runtime":14204,"rss_kb_after_session":14492,"rss_kb_after_init":15944}
{"app":"AI_LEARNER","stage":"e25_mode","active":false,"inputs_path":"/cf/e25_inputs.bin"}
EVS Port1 1980-012-14:10:05.87178 66/1/AI_LEARNER 3: AI_LEARNER initialized: model smartcam (8991281 B), rss_delta_init=1740 KB
1980-012-14:10:05.89663 CFE_ES_Main: CFE_ES_Main entering OPERATIONAL state
EVS Port1 1980-012-14:10:05.94519 66/1/TO_LAB 19: L550 TO Lab subscribed to 32 messages from the table
.EVS Port1 1980-012-14:10:17.12258 66/1/AI_LEARNER 4: AI_LEARNER completed=1/1 mean=8404407.0us max=8404407.0us hal_peak=9382092 within_bounded=1
{"app":"AI_LEARNER","stage":"run","model":"smartcam","target":"aarch64-unknown-linux-gnu","attempted":1,"completed":1,"fail_input":0,"fail_invoke":0,"fail_output":0,"mean_us":8404406.98,"max_us":8404406.98,"last_us":8404406.98,"out0":0.85962,"out":[0.859624,0.111106,0.029270]}
{"app":"AI_LEARNER","stage":"mem","model":"smartcam","target":"aarch64-unknown-linux-gnu","completed":1,"hal_peak":9382092,"peak_within_bounded":true,"admitted_budget_bytes":18222796,"peak_within_admitted_budget":true,"admission_mode":"unconditional","hal_bytes_per_call_amortized":9382092.0,"process_rss_kb":16568,"process_rss_delta_init_kb":1740}
..EVS Port1 1980-012-14:10:25.29125 66/1/AI_LEARNER 4: AI_LEARNER completed=2/2 mean=8277808.0us max=8404407.0us hal_peak=9382092 within_bounded=1
{"app":"AI_LEARNER","stage":"run","model":"smartcam","target":"aarch64-unknown-linux-gnu","attempted":2,"completed":2,"fail_input":0,"fail_invoke":0,"fail_output":0,"mean_us":8277808.02,"max_us":8404406.98,"last_us":8151209.06,"out0":0.85962,"out":[0.859624,0.111106,0.029270]}
{"app":"AI_LEARNER","stage":"mem","model":"smartcam","target":"aarch64-unknown-linux-gnu","completed":2,"hal_peak":9382092,"peak_within_bounded":true,"admitted_budget_bytes":18222796,"peak_within_admitted_budget":true,"admission_mode":"unconditional","hal_bytes_per_call_amortized":9081036.0,"process_rss_kb":25144,"process_rss_delta_init_kb":1740}
.EVS Port1 1980-012-14:10:33.08697 66/1/CFE_TIME 20: Start FLYWHEEL
EVS Port1 1980-012-14:10:33.00300 66/1/CFE_TIME 21: Stop FLYWHEEL
EVS Port1 1980-012-14:10:33.93754 66/1/AI_LEARNER 4: AI_LEARNER completed=3/3 mean=8425447.3us max=8720725.8us hal_peak=9382092 within_bounded=1
{"app":"AI_LEARNER","stage":"run","model":"smartcam","target":"aarch64-unknown-linux-gnu","attempted":3,"completed":3,"fail_input":0,"fail_invoke":0,"fail_output":0,"mean_us":8425447.28,"max_us":8720725.81,"last_us":8720725.81,"out0":0.85962,"out":[0.859624,0.111106,0.029270]}
{"app":"AI_LEARNER","stage":"mem","model":"smartcam","target":"aarch64-unknown-linux-gnu","completed":3,"hal_peak":9382092,"peak_within_bounded":true,"admitted_budget_bytes":18222796,"peak_within_admitted_budget":true,"admission_mode":"unconditional","hal_bytes_per_call_amortized":8980684.0,"process_rss_kb":25148,"process_rss_delta_init_kb":1740}
.EVS Port1 1980-012-14:10:40.68429 66/1/CFE_SB 17: Msg Limit Err,MsgId 0x800,pipe AI_LEARNER_PIPE,sender CFE_ES
.EVS Port1 1980-012-14:10:41.97822 66/1/AI_LEARNER 4: AI_LEARNER completed=4/4 mean=8325369.1us max=8720725.8us hal_peak=9382092 within_bounded=1
{"app":"AI_LEARNER","stage":"run","model":"smartcam","target":"aarch64-unknown-linux-gnu","attempted":4,"completed":4,"fail_input":0,"fail_invoke":0,"fail_output":0,"mean_us":8325369.06,"max_us":8720725.81,"last_us":8025134.38,"out0":0.85962,"out":[0.859624,0.111106,0.029270]}
{"app":"AI_LEARNER","stage":"mem","model":"smartcam","target":"aarch64-unknown-linux-gnu","completed":4,"hal_peak":9382092,"peak_within_bounded":true,"admitted_budget_bytes":18222796,"peak_within_admitted_budget":true,"admission_mode":"unconditional","hal_bytes_per_call_amortized":8930508.0,"process_rss_kb":25148,"process_rss_delta_init_kb":1740}
.EVS Port1 1980-012-14:10:48.68164 66/1/CFE_SB 17: Msg Limit Err,MsgId 0x800,pipe AI_LEARNER_PIPE,sender CFE_ES
{"app":"AI_LEARNER","stage":"run","model":"smartcam","target":"aarch64-unknown-linux-gnu","attempted":5,"completed":5,"fail_input":0,"fail_invoke":0,"fail_output":0,"mean_us":8428858.30,"max_us":8842815.28,"last_us":8842815.28,"out0":0.85962,"out":[0.859624,0.111106,0.029270]}
EVS Port1 1980-012-14:10:50.83575 66/1/AI_LEARNER 4: AI_LEARNER completed=5/5 mean=8428858.3us max=8842815.3us hal_peak=9382092 within_bounded=1
{"app":"AI_LEARNER","stage":"mem","model":"smartcam","target":"aarch64-unknown-linux-gnu","completed":5,"hal_peak":9382092,"peak_within_bounded":true,"admitted_budget_bytes":18222796,"peak_within_admitted_budget":true,"admission_mode":"unconditional","hal_bytes_per_call_amortized":8900402.4,"process_rss_kb":25148,"process_rss_delta_init_kb":1740}
.EVS Port1 1980-012-14:10:56.69798 66/1/CFE_SB 17: Msg Limit Err,MsgId 0x800,pipe AI_LEARNER_PIPE,sender CFE_ES
EVS Port1 1980-012-14:10:59.22996 66/1/AI_LEARNER 4: AI_LEARNER completed=6/6 mean=8423377.2us max=8842815.3us hal_peak=9382092 within_bounded=1
{"app":"AI_LEARNER","stage":"run","model":"smartcam","target":"aarch64-unknown-linux-gnu","attempted":6,"completed":6,"fail_input":0,"fail_invoke":0,"fail_output":0,"mean_us":8423377.20,"max_us":8842815.28,"last_us":8395971.68,"out0":0.85962,"out":[0.859624,0.111106,0.029270]}
{"app":"AI_LEARNER","stage":"mem","model":"smartcam","target":"aarch64-unknown-linux-gnu","completed":6,"hal_peak":9382092,"peak_within_bounded":true,"admitted_budget_bytes":18222796,"peak_within_admitted_budget":true,"admission_mode":"unconditional","hal_bytes_per_call_amortized":8880332.0,"process_rss_kb":25152,"process_rss_delta_init_kb":1740}
.EVS Port1 1980-012-14:11:03.01490 66/1/CFE_TIME 21: Stop FLYWHEEL
EVS Port1 1980-012-14:11:03.99684 66/1/CFE_TIME 20: Start FLYWHEEL
EVS Port1 1980-012-14:11:04.67663 66/1/CFE_SB 17: Msg Limit Err,MsgId 0x800,pipe AI_LEARNER_PIPE,sender CFE_ES
.EVS Port1 1980-012-14:11:07.85678 66/1/AI_LEARNER 4: AI_LEARNER completed=7/7 mean=8456323.7us max=8842815.3us hal_peak=9382092 within_bounded=1
{"app":"AI_LEARNER","stage":"run","model":"smartcam","target":"aarch64-unknown-linux-gnu","attempted":7,"completed":7,"fail_input":0,"fail_invoke":0,"fail_output":0,"mean_us":8456323.71,"max_us":8842815.28,"last_us":8654002.80,"out0":0.85962,"out":[0.859624,0.111106,0.029270]}
{"app":"AI_LEARNER","stage":"mem","model":"smartcam","target":"aarch64-unknown-linux-gnu","completed":7,"hal_peak":9382092,"peak_within_bounded":true,"admitted_budget_bytes":18222796,"peak_within_admitted_budget":true,"admission_mode":"unconditional","hal_bytes_per_call_amortized":8865996.0,"process_rss_kb":25152,"process_rss_delta_init_kb":1740}
.EVS Port1 1980-012-14:11:12.68409 66/1/CFE_SB 17: Msg Limit Err,MsgId 0x800,pipe AI_LEARNER_PIPE,sender CFE_ES
{"app":"AI_LEARNER","stage":"run","model":"smartcam","target":"aarch64-unknown-linux-gnu","attempted":8,"completed":8,"fail_input":0,"fail_invoke":0,"fail_output":0,"mean_us":8386573.95,"max_us":8842815.28,"last_us":7898325.65,"out0":0.85962,"out":[0.859624,0.111106,0.029270]}
EVS Port1 1980-012-14:11:15.76730 66/1/AI_LEARNER 4: AI_LEARNER completed=8/8 mean=8386574.0us max=8842815.3us hal_peak=9382092 within_bounded=1
{"app":"AI_LEARNER","stage":"mem","model":"smartcam","target":"aarch64-unknown-linux-gnu","completed":8,"hal_peak":9382092,"peak_within_bounded":true,"admitted_budget_bytes":18222796,"peak_within_admitted_budget":true,"admission_mode":"unconditional","hal_bytes_per_call_amortized":8855244.0,"process_rss_kb":25152,"process_rss_delta_init_kb":1740}
.EVS Port1 1980-012-14:11:20.68081 66/1/CFE_SB 17: Msg Limit Err,MsgId 0x800,pipe AI_LEARNER_PIPE,sender CFE_ES
.EVS Port1 1980-012-14:11:24.68721 66/1/CFE_SB 17: Msg Limit Err,MsgId 0x800,pipe AI_LEARNER_PIPE,sender CFE_ES
EVS Port1 1980-012-14:11:25.18502 66/1/AI_LEARNER 4: AI_LEARNER completed=9/9 mean=8504584.0us max=9448664.6us hal_peak=9382092 within_bounded=1
{"app":"AI_LEARNER","stage":"run","model":"smartcam","target":"aarch64-unknown-linux-gnu","attempted":9,"completed":9,"fail_input":0,"fail_invoke":0,"fail_output":0,"mean_us":8504584.03,"max_us":9448664.61,"last_us":9448664.61,"out0":0.85962,"out":[0.859624,0.111106,0.029270]}
{"app":"AI_LEARNER","stage":"mem","model":"smartcam","target":"aarch64-unknown-linux-gnu","completed":9,"hal_peak":9382092,"peak_within_bounded":true,"admitted_budget_bytes":18222796,"peak_within_admitted_budget":true,"admission_mode":"unconditional","hal_bytes_per_call_amortized":8846881.3,"process_rss_kb":25152,"process_rss_delta_init_kb":1740}
.EVS Port1 1980-012-14:11:32.68171 66/1/CFE_SB 17: Msg Limit Err,MsgId 0x800,pipe AI_LEARNER_PIPE,sender CFE_ES
{"app":"AI_LEARNER","stage":"run","model":"smartcam","target":"aarch64-unknown-linux-gnu","attempted":10,"completed":10,"fail_input":0,"fail_invoke":0,"fail_output":0,"mean_us":8432137.53,"max_us":9448664.61,"last_us":7780119.07,"out0":0.85962,"out":[0.859624,0.111106,0.029270]}
EVS Port1 1980-012-14:11:32.97149 66/1/AI_LEARNER 4: AI_LEARNER completed=10/10 mean=8432137.5us max=9448664.6us hal_peak=9382092 within_bounded=1
{"app":"AI_LEARNER","stage":"mem","model":"smartcam","target":"aarch64-unknown-linux-gnu","completed":10,"hal_peak":9382092,"peak_within_bounded":true,"admitted_budget_bytes":18222796,"peak_within_admitted_budget":true,"admission_mode":"unconditional","hal_bytes_per_call_amortized":8840191.2,"process_rss_kb":25152,"process_rss_delta_init_kb":1740}
.{"app":"AI_LEARNER","stage":"run","model":"smartcam","target":"aarch64-unknown-linux-gnu","attempted":11,"completed":11,"fail_input":0,"fail_invoke":0,"fail_output":0,"mean_us":8360394.27,"max_us":9448664.61,"last_us":7642961.63,"out0":0.85962,"out":[0.859624,0.111106,0.029270]}
EVS Port1 1980-012-14:11:40.62278 66/1/AI_LEARNER 4: AI_LEARNER completed=11/11 mean=8360394.3us max=9448664.6us hal_peak=9382092 within_bounded=1
{"app":"AI_LEARNER","stage":"mem","model":"smartcam","target":"aarch64-unknown-linux-gnu","completed":11,"hal_peak":9382092,"peak_within_bounded":true,"admitted_budget_bytes":18222796,"peak_within_admitted_budget":true,"admission_mode":"unconditional","hal_bytes_per_call_amortized":8834717.5,"process_rss_kb":25152,"process_rss_delta_init_kb":1740}
.EVS Port1 1980-012-14:11:44.67149 66/1/CFE_SB 17: Msg Limit Err,MsgId 0x800,pipe AI_LEARNER_PIPE,sender CFE_ES
.EVS Port1 1980-012-14:11:48.46406 66/1/AI_LEARNER 4: AI_LEARNER completed=12/12 mean=8316935.8us max=9448664.6us hal_peak=9382092 within_bounded=1
{"app":"AI_LEARNER","stage":"run","model":"smartcam","target":"aarch64-unknown-linux-gnu","attempted":12,"completed":12,"fail_input":0,"fail_invoke":0,"fail_output":0,"mean_us":8316935.80,"max_us":9448664.61,"last_us":7838892.69,"out0":0.85962,"out":[0.859624,0.111106,0.029270]}
{"app":"AI_LEARNER","stage":"mem","model":"smartcam","target":"aarch64-unknown-linux-gnu","completed":12,"hal_peak":9382092,"peak_within_bounded":true,"admitted_budget_bytes":18222796,"peak_within_admitted_budget":true,"admission_mode":"unconditional","hal_bytes_per_call_amortized":8830156.0,"process_rss_kb":25152,"process_rss_delta_init_kb":1740}
EVS Port1 1980-012-14:11:52.67207 66/1/CFE_SB 17: Msg Limit Err,MsgId 0x800,pipe AI_LEARNER_PIPE,sender CFE_ES
.{"app":"AI_LEARNER","stage":"run","model":"smartcam","target":"aarch64-unknown-linux-gnu","attempted":13,"completed":13,"fail_input":0,"fail_invoke":0,"fail_output":0,"mean_us":8285153.81,"max_us":9448664.61,"last_us":7903769.94,"out0":0.85962,"out":[0.859624,0.111106,0.029270]}
EVS Port1 1980-012-14:11:56.38179 66/1/AI_LEARNER 4: AI_LEARNER completed=13/13 mean=8285153.8us max=9448664.6us hal_peak=9382092 within_bounded=1
{"app":"AI_LEARNER","stage":"mem","model":"smartcam","target":"aarch64-unknown-linux-gnu","completed":13,"hal_peak":9382092,"peak_within_bounded":true,"admitted_budget_bytes":18222796,"peak_within_admitted_budget":true,"admission_mode":"unconditional","hal_bytes_per_call_amortized":8826296.3,"process_rss_kb":25152,"process_rss_delta_init_kb":1740}
EVS Port1 1980-012-14:11:59.01293 66/1/CFE_TIME 21: Stop FLYWHEEL
.EVS Port1 1980-012-14:11:59.99987 66/1/CFE_TIME 20: Start FLYWHEEL
EVS Port1 1980-012-14:12:00.67195 66/1/CFE_SB 17: Msg Limit Err,MsgId 0x800,pipe AI_LEARNER_PIPE,sender CFE_ES
EVS Port1 1980-012-14:12:04.67761 66/1/CFE_SB 17: Msg Limit Err,MsgId 0x800,pipe AI_LEARNER_PIPE,sender CFE_ES
EVS Port1 1980-012-14:12:04.82006 66/1/AI_LEARNER 4: AI_LEARNER completed=14/14 mean=8303761.5us max=9448664.6us hal_peak=9382092 within_bounded=1
{"app":"AI_LEARNER","stage":"run","model":"smartcam","target":"aarch64-unknown-linux-gnu","attempted":14,"completed":14,"fail_input":0,"fail_invoke":0,"fail_output":0,"mean_us":8303761.45,"max_us":9448664.61,"last_us":8545660.80,"out0":0.85962,"out":[0.859624,0.111106,0.029270]}
{"app":"AI_LEARNER","stage":"mem","model":"smartcam","target":"aarch64-unknown-linux-gnu","completed":14,"hal_peak":9382092,"peak_within_bounded":true,"admitted_budget_bytes":18222796,"peak_within_admitted_budget":true,"admission_mode":"unconditional","hal_bytes_per_call_amortized":8822988.0,"process_rss_kb":25152,"process_rss_delta_init_kb":1740}
..EVS Port1 1980-012-14:12:12.68029 66/1/CFE_SB 17: Msg Limit Err,MsgId 0x800,pipe AI_LEARNER_PIPE,sender CFE_ES
EVS Port1 1980-012-14:12:13.24005 66/1/AI_LEARNER 4: AI_LEARNER completed=15/15 mean=8311115.5us max=9448664.6us hal_peak=9382092 within_bounded=1
{"app":"AI_LEARNER","stage":"run","model":"smartcam","target":"aarch64-unknown-linux-gnu","attempted":15,"completed":15,"fail_input":0,"fail_invoke":0,"fail_output":0,"mean_us":8311115.51,"max_us":9448664.61,"last_us":8414072.34,"out0":0.85962,"out":[0.859624,0.111106,0.029270]}
{"app":"AI_LEARNER","stage":"mem","model":"smartcam","target":"aarch64-unknown-linux-gnu","completed":15,"hal_peak":9382092,"peak_within_bounded":true,"admitted_budget_bytes":18222796,"peak_within_admitted_budget":true,"admission_mode":"unconditional","hal_bytes_per_call_amortized":8820120.8,"process_rss_kb":25152,"process_rss_delta_init_kb":1740}
.EVS Port1 1980-012-14:12:20.67504 66/1/CFE_SB 17: Msg Limit Err,MsgId 0x800,pipe AI_LEARNER_PIPE,sender CFE_ES
{"app":"AI_LEARNER","stage":"run","model":"smartcam","target":"aarch64-unknown-linux-gnu","attempted":16,"completed":16,"fail_input":0,"fail_invoke":0,"fail_output":0,"mean_us":8282750.44,"max_us":9448664.61,"last_us":7857274.32,"out0":0.85962,"out":[0.859624,0.111106,0.029270]}
EVS Port1 1980-012-14:12:21.13485 66/1/AI_LEARNER 4: AI_LEARNER completed=16/16 mean=8282750.4us max=9448664.6us hal_peak=9382092 within_bounded=1
{"app":"AI_LEARNER","stage":"mem","model":"smartcam","target":"aarch64-unknown-linux-gnu","completed":16,"hal_peak":9382092,"peak_within_bounded":true,"admitted_budget_bytes":18222796,"peak_within_admitted_budget":true,"admission_mode":"unconditional","hal_bytes_per_call_amortized":8817612.0,"process_rss_kb":25152,"process_rss_delta_init_kb":1740}
.EVS Port1 1980-012-14:12:28.00555 66/1/CFE_TIME 21: Stop FLYWHEEL
EVS Port1 1980-012-14:12:28.76675 66/1/CFE_SB 17: Msg Limit Err,MsgId 0x800,pipe AI_LEARNER_PIPE,sender CFE_ES
EVS Port1 1980-012-14:12:29.02070 66/1/CFE_TIME 20: Start FLYWHEEL
EVS Port1 1980-012-14:12:30.02517 66/1/CFE_TIME 21: Stop FLYWHEEL
.EVS Port1 1980-012-14:12:31.03598 66/1/CFE_TIME 20: Start FLYWHEEL
EVS Port1 1980-012-14:12:31.28906 66/1/HS 61: CPU Hogging Detected
1980-012-14:12:31.30121 HS App: CPU Hogging Detected
EVS Port1 1980-012-14:12:32.01376 66/1/CFE_TIME 21: Stop FLYWHEEL
EVS Port1 1980-012-14:12:32.67094 66/1/CFE_SB 17: Msg Limit Err,MsgId 0x800,pipe AI_LEARNER_PIPE,sender CFE_ES
EVS Port1 1980-012-14:12:32.98858 66/1/CFE_TIME 20: Start FLYWHEEL
EVS Port1 1980-012-14:12:33.86082 66/1/AI_LEARNER 4: AI_LEARNER completed=17/17 mean=8551025.7us max=12843430.4us hal_peak=9382092 within_bounded=1
{"app":"AI_LEARNER","stage":"run","model":"smartcam","target":"aarch64-unknown-linux-gnu","attempted":17,"completed":17,"fail_input":0,"fail_invoke":0,"fail_output":0,"mean_us":8551025.73,"max_us":12843430.42,"last_us":12843430.42,"out0":0.85962,"out":[0.859624,0.111106,0.029270]}
{"app":"AI_LEARNER","stage":"mem","model":"smartcam","target":"aarch64-unknown-linux-gnu","completed":17,"hal_peak":9382092,"peak_within_bounded":true,"admitted_budget_bytes":18222796,"peak_within_admitted_budget":true,"admission_mode":"unconditional","hal_bytes_per_call_amortized":8815398.4,"process_rss_kb":25152,"process_rss_delta_init_kb":1740}
...EVS Port1 1980-012-14:12:48.49147 66/1/AI_LEARNER 4: AI_LEARNER completed=18/18 mean=8886368.2us max=14587189.3us hal_peak=9382092 within_bounded=1
{"app":"AI_LEARNER","stage":"run","model":"smartcam","target":"aarch64-unknown-linux-gnu","attempted":18,"completed":18,"fail_input":0,"fail_invoke":0,"fail_output":0,"mean_us":8886368.15,"max_us":14587189.26,"last_us":14587189.26,"out0":0.85962,"out":[0.859624,0.111106,0.029270]}
{"app":"AI_LEARNER","stage":"mem","model":"smartcam","target":"aarch64-unknown-linux-gnu","completed":18,"hal_peak":9382092,"peak_within_bounded":true,"admitted_budget_bytes":18222796,"peak_within_admitted_budget":true,"admission_mode":"unconditional","hal_bytes_per_call_amortized":8813430.7,"process_rss_kb":25152,"process_rss_delta_init_kb":1740}
.{"app":"AI_LEARNER","stage":"run","model":"smartcam","target":"aarch64-unknown-linux-gnu","attempted":19,"completed":19,"fail_input":0,"fail_invoke":0,"fail_output":0,"mean_us":8816640.08,"max_us":14587189.26,"last_us":7561534.86,"out0":0.85962,"out":[0.859624,0.111106,0.029270]}
EVS Port1 1980-012-14:12:56.06161 66/1/AI_LEARNER 4: AI_LEARNER completed=19/19 mean=8816640.1us max=14587189.3us hal_peak=9382092 within_bounded=1
{"app":"AI_LEARNER","stage":"mem","model":"smartcam","target":"aarch64-unknown-linux-gnu","completed":19,"hal_peak":9382092,"peak_within_bounded":true,"admitted_budget_bytes":18222796,"peak_within_admitted_budget":true,"admission_mode":"unconditional","hal_bytes_per_call_amortized":8811670.1,"process_rss_kb":25152,"process_rss_delta_init_kb":1740}
.EVS Port1 1980-012-14:13:03.00378 66/1/CFE_TIME 21: Stop FLYWHEEL
EVS Port1 1980-012-14:13:03.99595 66/1/CFE_TIME 20: Start FLYWHEEL
EVS Port1 1980-012-14:13:04.04631 66/1/AI_LEARNER 4: AI_LEARNER completed=20/20 mean=8779431.0us max=14587189.3us hal_peak=9382092 within_bounded=1
{"app":"AI_LEARNER","stage":"run","model":"smartcam","target":"aarch64-unknown-linux-gnu","attempted":20,"completed":20,"fail_input":0,"fail_invoke":0,"fail_output":0,"mean_us":8779430.98,"max_us":14587189.26,"last_us":8072458.02,"out0":0.85962,"out":[0.859624,0.111106,0.029270]}
{"app":"AI_LEARNER","stage":"mem","model":"smartcam","target":"aarch64-unknown-linux-gnu","completed":20,"hal_peak":9382092,"peak_within_bounded":true,"admitted_budget_bytes":18222796,"peak_within_admitted_budget":true,"admission_mode":"unconditional","hal_bytes_per_call_amortized":8810085.6,"process_rss_kb":25152,"process_rss_delta_init_kb":1740}
..{"app":"AI_LEARNER","stage":"run","model":"smartcam","target":"aarch64-unknown-linux-gnu","attempted":21,"completed":21,"fail_input":0,"fail_invoke":0,"fail_output":0,"mean_us":8747949.26,"max_us":14587189.26,"last_us":8118314.98,"out0":0.85962,"out":[0.859624,0.111106,0.029270]}
EVS Port1 1980-012-14:13:12.17929 66/1/AI_LEARNER 4: AI_LEARNER completed=21/21 mean=8747949.3us max=14587189.3us hal_peak=9382092 within_bounded=1
{"app":"AI_LEARNER","stage":"mem","model":"smartcam","target":"aarch64-unknown-linux-gnu","completed":21,"hal_peak":9382092,"peak_within_bounded":true,"admitted_budget_bytes":18222796,"peak_within_admitted_budget":true,"admission_mode":"unconditional","hal_bytes_per_call_amortized":8808652.0,"process_rss_kb":25152,"process_rss_delta_init_kb":1740}
.EVS Port1 1980-012-14:13:20.49961 66/1/AI_LEARNER 4: AI_LEARNER completed=22/22 mean=8727981.3us max=14587189.3us hal_peak=9382092 within_bounded=1
{"app":"AI_LEARNER","stage":"run","model":"smartcam","target":"aarch64-unknown-linux-gnu","attempted":22,"completed":22,"fail_input":0,"fail_invoke":0,"fail_output":0,"mean_us":8727981.29,"max_us":14587189.26,"last_us":8308653.74,"out0":0.85962,"out":[0.859624,0.111106,0.029270]}
{"app":"AI_LEARNER","stage":"mem","model":"smartcam","target":"aarch64-unknown-linux-gnu","completed":22,"hal_peak":9382092,"peak_within_bounded":true,"admitted_budget_bytes":18222796,"peak_within_admitted_budget":true,"admission_mode":"unconditional","hal_bytes_per_call_amortized":8807348.7,"process_rss_kb":25152,"process_rss_delta_init_kb":1740}
.EVS Port1 1980-012-14:13:28.42318 66/1/AI_LEARNER 4: AI_LEARNER completed=23/23 mean=8691672.0us max=14587189.3us hal_peak=9382092 within_bounded=1
{"app":"AI_LEARNER","stage":"run","model":"smartcam","target":"aarch64-unknown-linux-gnu","attempted":23,"completed":23,"fail_input":0,"fail_invoke":0,"fail_output":0,"mean_us":8691672.04,"max_us":14587189.26,"last_us":7892868.67,"out0":0.85962,"out":[0.859624,0.111106,0.029270]}
{"app":"AI_LEARNER","stage":"mem","model":"smartcam","target":"aarch64-unknown-linux-gnu","completed":23,"hal_peak":9382092,"peak_within_bounded":true,"admitted_budget_bytes":18222796,"peak_within_admitted_budget":true,"admission_mode":"unconditional","hal_bytes_per_call_amortized":8806158.8,"process_rss_kb":25152,"process_rss_delta_init_kb":1740}
.EVS Port1 1980-012-14:13:33.00399 66/1/CFE_TIME 21: Stop FLYWHEEL
EVS Port1 1980-012-14:13:33.99343 66/1/CFE_TIME 20: Start FLYWHEEL
.{"app":"AI_LEARNER","stage":"run","model":"smartcam","target":"aarch64-unknown-linux-gnu","attempted":24,"completed":24,"fail_input":0,"fail_invoke":0,"fail_output":0,"mean_us":8662586.16,"max_us":14587189.26,"last_us":7993610.85,"out0":0.85962,"out":[0.859624,0.111106,0.029270]}
EVS Port1 1980-012-14:13:36.39886 66/1/AI_LEARNER 4: AI_LEARNER completed=24/24 mean=8662586.2us max=14587189.3us hal_peak=9382092 within_bounded=1
{"app":"AI_LEARNER","stage":"mem","model":"smartcam","target":"aarch64-unknown-linux-gnu","completed":24,"hal_peak":9382092,"peak_within_bounded":true,"admitted_budget_bytes":18222796,"peak_within_admitted_budget":true,"admission_mode":"unconditional","hal_bytes_per_call_amortized":8805068.0,"process_rss_kb":25152,"process_rss_delta_init_kb":1740}
.EVS Port1 1980-012-14:13:44.03923 66/1/AI_LEARNER 4: AI_LEARNER completed=25/25 mean=8621294.5us max=14587189.3us hal_peak=9382092 within_bounded=1
{"app":"AI_LEARNER","stage":"run","model":"smartcam","target":"aarch64-unknown-linux-gnu","attempted":25,"completed":25,"fail_input":0,"fail_invoke":0,"fail_output":0,"mean_us":8621294.54,"max_us":14587189.26,"last_us":7630295.57,"out0":0.85962,"out":[0.859624,0.111106,0.029270]}
{"app":"AI_LEARNER","stage":"mem","model":"smartcam","target":"aarch64-unknown-linux-gnu","completed":25,"hal_peak":9382092,"peak_within_bounded":true,"admitted_budget_bytes":18222796,"peak_within_admitted_budget":true,"admission_mode":"unconditional","hal_bytes_per_call_amortized":8804064.5,"process_rss_kb":25152,"process_rss_delta_init_kb":1740}
.{"app":"AI_LEARNER","stage":"run","model":"smartcam","target":"aarch64-unknown-linux-gnu","attempted":26,"completed":26,"fail_input":0,"fail_invoke":0,"fail_output":0,"mean_us":8590144.34,"max_us":14587189.26,"last_us":7811389.46,"out0":0.85962,"out":[0.859624,0.111106,0.029270]}
EVS Port1 1980-012-14:13:51.86289 66/1/AI_LEARNER 4: AI_LEARNER completed=26/26 mean=8590144.3us max=14587189.3us hal_peak=9382092 within_bounded=1
{"app":"AI_LEARNER","stage":"mem","model":"smartcam","target":"aarch64-unknown-linux-gnu","completed":26,"hal_peak":9382092,"peak_within_bounded":true,"admitted_budget_bytes":18222796,"peak_within_admitted_budget":true,"admission_mode":"unconditional","hal_bytes_per_call_amortized":8803138.2,"process_rss_kb":25152,"process_rss_delta_init_kb":1740}
.EVS Port1 1980-012-14:13:59.98992 66/1/AI_LEARNER 4: AI_LEARNER completed=27/27 mean=8572685.3us max=14587189.3us hal_peak=9382092 within_bounded=1
{"app":"AI_LEARNER","stage":"run","model":"smartcam","target":"aarch64-unknown-linux-gnu","attempted":27,"completed":27,"fail_input":0,"fail_invoke":0,"fail_output":0,"mean_us":8572685.25,"max_us":14587189.26,"last_us":8118748.98,"out0":0.85962,"out":[0.859624,0.111106,0.029270]}
{"app":"AI_LEARNER","stage":"mem","model":"smartcam","target":"aarch64-unknown-linux-gnu","completed":27,"hal_peak":9382092,"peak_within_bounded":true,"admitted_budget_bytes":18222796,"peak_within_admitted_budget":true,"admission_mode":"unconditional","hal_bytes_per_call_amortized":8802280.4,"process_rss_kb":25152,"process_rss_delta_init_kb":1740}
.EVS Port1 1980-012-14:14:03.00419 66/1/CFE_TIME 21: Stop FLYWHEEL
EVS Port1 1980-012-14:14:04.00161 66/1/CFE_TIME 20: Start FLYWHEEL
.{"app":"AI_LEARNER","stage":"run","model":"smartcam","target":"aarch64-unknown-linux-gnu","attempted":28,"completed":28,"fail_input":0,"fail_invoke":0,"fail_output":0,"mean_us":8591556.02,"max_us":14587189.26,"last_us":9101066.77,"out0":0.85962,"out":[0.859624,0.111106,0.029270]}
EVS Port1 1980-012-14:14:09.09005 66/1/AI_LEARNER 4: AI_LEARNER completed=28/28 mean=8591556.0us max=14587189.3us hal_peak=9382092 within_bounded=1
{"app":"AI_LEARNER","stage":"mem","model":"smartcam","target":"aarch64-unknown-linux-gnu","completed":28,"hal_peak":9382092,"peak_within_bounded":true,"admitted_budget_bytes":18222796,"peak_within_admitted_budget":true,"admission_mode":"unconditional","hal_bytes_per_call_amortized":8801484.0,"process_rss_kb":25152,"process_rss_delta_init_kb":1740}
.EVS Port1 1980-012-14:14:17.00749 66/1/AI_LEARNER 4: AI_LEARNER completed=29/29 mean=8567434.6us max=14587189.3us hal_peak=9382092 within_bounded=1
{"app":"AI_LEARNER","stage":"run","model":"smartcam","target":"aarch64-unknown-linux-gnu","attempted":29,"completed":29,"fail_input":0,"fail_invoke":0,"fail_output":0,"mean_us":8567434.56,"max_us":14587189.26,"last_us":7892033.65,"out0":0.85962,"out":[0.859624,0.111106,0.029270]}
{"app":"AI_LEARNER","stage":"mem","model":"smartcam","target":"aarch64-unknown-linux-gnu","completed":29,"hal_peak":9382092,"peak_within_bounded":true,"admitted_budget_bytes":18222796,"peak_within_admitted_budget":true,"admission_mode":"unconditional","hal_bytes_per_call_amortized":8800742.5,"process_rss_kb":25152,"process_rss_delta_init_kb":1740}
..EVS Port1 1980-012-14:14:24.75692 66/1/AI_LEARNER 4: AI_LEARNER completed=30/30 mean=8539767.1us max=14587189.3us hal_peak=9382092 within_bounded=1
{"app":"AI_LEARNER","stage":"run","model":"smartcam","target":"aarch64-unknown-linux-gnu","attempted":30,"completed":30,"fail_input":0,"fail_invoke":0,"fail_output":0,"mean_us":8539767.06,"max_us":14587189.26,"last_us":7737409.66,"out0":0.85962,"out":[0.859624,0.111106,0.029270]}
{"app":"AI_LEARNER","stage":"mem","model":"smartcam","target":"aarch64-unknown-linux-gnu","completed":30,"hal_peak":9382092,"peak_within_bounded":true,"admitted_budget_bytes":18222796,"peak_within_admitted_budget":true,"admission_mode":"unconditional","hal_bytes_per_call_amortized":8800050.4,"process_rss_kb":25152,"process_rss_delta_init_kb":1740}
.EVS Port1 1980-012-14:14:32.89500 66/1/AI_LEARNER 4: AI_LEARNER completed=31/31 mean=8526338.4us max=14587189.3us hal_peak=9382092 within_bounded=1
{"app":"AI_LEARNER","stage":"run","model":"smartcam","target":"aarch64-unknown-linux-gnu","attempted":31,"completed":31,"fail_input":0,"fail_invoke":0,"fail_output":0,"mean_us":8526338.41,"max_us":14587189.26,"last_us":8123478.75,"out0":0.85962,"out":[0.859624,0.111106,0.029270]}
{"app":"AI_LEARNER","stage":"mem","model":"smartcam","target":"aarch64-unknown-linux-gnu","completed":31,"hal_peak":9382092,"peak_within_bounded":true,"admitted_budget_bytes":18222796,"peak_within_admitted_budget":true,"admission_mode":"unconditional","hal_bytes_per_call_amortized":8799403.0,"process_rss_kb":25152,"process_rss_delta_init_kb":1740}
EVS Port1 1980-012-14:14:33.00564 66/1/CFE_TIME 21: Stop FLYWHEEL
EVS Port1 1980-012-14:14:33.99848 66/1/CFE_TIME 20: Start FLYWHEEL
.{"app":"AI_LEARNER","stage":"run","model":"smartcam","target":"aarch64-unknown-linux-gnu","attempted":32,"completed":32,"fail_input":0,"fail_invoke":0,"fail_output":0,"mean_us":8501004.25,"max_us":14587189.26,"last_us":7715645.31,"out0":0.85962,"out":[0.859624,0.111106,0.029270]}
EVS Port1 1980-012-14:14:40.55691 66/1/AI_LEARNER 4: AI_LEARNER completed=32/32 mean=8501004.2us max=14587189.3us hal_peak=9382092 within_bounded=1
{"app":"AI_LEARNER","stage":"mem","model":"smartcam","target":"aarch64-unknown-linux-gnu","completed":32,"hal_peak":9382092,"peak_within_bounded":true,"admitted_budget_bytes":18222796,"peak_within_admitted_budget":true,"admission_mode":"unconditional","hal_bytes_per_call_amortized":8798796.0,"process_rss_kb":25152,"process_rss_delta_init_kb":1740}
..EVS Port1 1980-012-14:14:48.22738 66/1/AI_LEARNER 4: AI_LEARNER completed=33/33 mean=8475570.7us max=14587189.3us hal_peak=9382092 within_bounded=1
{"app":"AI_LEARNER","stage":"run","model":"smartcam","target":"aarch64-unknown-linux-gnu","attempted":33,"completed":33,"fail_input":0,"fail_invoke":0,"fail_output":0,"mean_us":8475570.70,"max_us":14587189.26,"last_us":7661697.25,"out0":0.85962,"out":[0.859624,0.111106,0.029270]}
{"app":"AI_LEARNER","stage":"mem","model":"smartcam","target":"aarch64-unknown-linux-gnu","completed":33,"hal_peak":9382092,"peak_within_bounded":true,"admitted_budget_bytes":18222796,"peak_within_admitted_budget":true,"admission_mode":"unconditional","hal_bytes_per_call_amortized":8798225.8,"process_rss_kb":25152,"process_rss_delta_init_kb":1740}
.EVS Port1 1980-012-14:14:56.23844 66/1/AI_LEARNER 4: AI_LEARNER completed=34/34 mean=8461089.0us max=14587189.3us hal_peak=9382092 within_bounded=1
{"app":"AI_LEARNER","stage":"run","model":"smartcam","target":"aarch64-unknown-linux-gnu","attempted":34,"completed":34,"fail_input":0,"fail_invoke":0,"fail_output":0,"mean_us":8461089.03,"max_us":14587189.26,"last_us":7983193.78,"out0":0.85962,"out":[0.859624,0.111106,0.029270]}
{"app":"AI_LEARNER","stage":"mem","model":"smartcam","target":"aarch64-unknown-linux-gnu","completed":34,"hal_peak":9382092,"peak_within_bounded":true,"admitted_budget_bytes":18222796,"peak_within_admitted_budget":true,"admission_mode":"unconditional","hal_bytes_per_call_amortized":8797689.2,"process_rss_kb":25152,"process_rss_delta_init_kb":1740}
EVS Port1 1980-012-14:15:00.00593 66/1/CFE_TIME 21: Stop FLYWHEEL
.EVS Port1 1980-012-14:15:01.05136 66/1/CFE_TIME 20: Start FLYWHEEL
1980-012-14:15:01.08905 CFE_ES_RunExceptionScan: ExceptionID 0x1110002 in TaskID 0: Caught SIGINT
1980-012-14:15:01.08945 CFE_ES_RunExceptionScan: Maximum Processor Reset count reached (2)
CFE_PSP: Exiting cFE with POWERON Reset status.
CFE_PSP: Critical Data Store Shared memory segment removed
Reset Area Shared memory segment removed
User Reserved Area Shared memory segment removed

CFE_PSP: Shutdown initiated - Exiting cFE
CI delete callback -- Closing CI Network socket.
TO delete callback -- Closing TO Network socket.
EVS Port1 1980-012-14:15:03.28939 66/1/AI_LEARNER 4: AI_LEARNER completed=35/35 mean=8421034.6us max=14587189.3us hal_peak=9382092 within_bounded=1
EXIT=124
