OS_BSP_Initialize():Maximum user msg queue depth = 512
CFE_PSP: Default Reset SubType = 1
CFE_PSP: Default CPU ID = 1
CFE_PSP: Default Spacecraft ID = 66
CFE_PSP: Default CPU Name: cpu1
OS_Posix_GetSchedulerParams():208:Policy 1: available, min-max: 1-99
OS_Posix_GetSchedulerParams():208:Policy 2: available, min-max: 1-99
OS_Posix_TaskAPI_Impl_Init():401:Selected policy 2 for RT tasks, root task = 99
OS_Posix_TaskAPI_Impl_Init():419:Could not setschedparam in main thread: Operation not permitted (1)
CFE_PSP: initializing module 'soft_timebase' with ID 0110ff00
CFE_PSP: Instantiated software timebase 'cFS-Master' running at 10000 usec
CFE_PSP: initializing module 'timebase_posix_clock' with ID 0110ff01
CFE_PSP: Using POSIX monotonic clock as CFE timebase
CFE_PSP: initializing module 'eeprom_mmap_file' with ID 0110ff02
CFE_PSP: Using MMAP simulated EEPROM implementation
CFE_PSP: EEPROM Range (2) created: Start Address = F6AE60D3E000, Size = 00080000 Status = 0
CFE_PSP: initializing module 'port_notimpl' with ID 0110ff03
CFE_PSP: I/O Port access not implemented
CFE_PSP: initializing module 'iodriver' with ID 0110ff04
CFE_PSP: initializing module 'linux_sysmon' with ID 0110ff05
CFE_PSP: initializing module 'endian_api' with ID 0110ff06
CFE_PSP: Host CPU Endian=LITTLE
CFE_PSP: initializing module 'ram_notimpl' with ID 0110ff07
CFE_PSP: Physical RAM access not implemented
CFE_PSP: Starting the cFE with a POWER ON reset.
CFE_PSP: Clearing out CFE CDS Shared memory segment.
CFE_PSP: Clearing out CFE Reset Shared memory segment.
CFE_PSP: Clearing out CFE User Reserved Shared memory segment.
1980-001-01:13:46.48496 CFE_ES_SetupResetVariables: POWER ON RESET due to Power Cycle (Power Cycle).
1980-001-01:13:46.49595 CFE_ES_Main: CFE_ES_Main in EARLY_INIT state
Number of addresses returned by backtrace = 1
CFE_PSP: CFE_PSP_AttachExceptions called
1980-001-01:13:46.51901 CFE_ES_Main: CFE_ES_Main entering CORE_STARTUP state
1980-001-01:13:46.52135 CFE_ES_CreateObjects: Starting Object Creation calls.
1980-001-01:13:46.52159 CFE_ES_CreateObjects: Calling EarlyInit for CFE_CONFIG
1980-001-01:13:46.52428 CFE_ES_CreateObjects: Calling EarlyInit for CFE_ES
1980-001-01:13:46.52891 CFE_ES_CreateObjects: Calling EarlyInit for CFE_EVS
1980-001-01:13:46.53192 CFE_EVS_EarlyInit: Event Log cleared following power-on reset
1980-001-01:13:46.53243 CFE_ES_CreateObjects: Calling EarlyInit for CFE_FS
1980-001-01:13:46.53261 CFE_ES_CreateObjects: Calling EarlyInit for CFE_SB
1980-001-01:13:46.55579 CFE_ES_CreateObjects: Calling EarlyInit for CFE_TBL
1980-001-01:13:46.57936 CFE_ES_CreateObjects: Calling EarlyInit for CFE_TIME
EVS Port1 1980-012-14:03:20.07333 66/1/CFE_ES 1: cFE ES Initialized: CFE_ES v7.0.1+dev1 (Draco) DEV BUILD, based on v7.0.1, EDS disabled
EVS Port1 1980-012-14:03:20.07931 66/1/CFE_ES 2: cFS Versions: cfe v7.0.1+dev1, osal v7.0.1+dev1, psp v7.0.1+dev1. cFE chksm 31659
EVS Port1 1980-012-14:03:20.08016 66/1/CFE_ES 91: Version Info: Mission SampleMission, version git:v7.0.1-90-g78c23b0-dirty
EVS Port1 1980-012-14:03:20.08059 66/1/CFE_ES 91: Version Info: Module CORE_API, version git:2612eb0
EVS Port1 1980-012-14:03:20.08198 66/1/CFE_ES 91: Version Info: Module CONFIG, version git:2612eb0
EVS Port1 1980-012-14:03:20.08227 66/1/CFE_ES 91: Version Info: Module ES, version git:2612eb0
EVS Port1 1980-012-14:03:20.08248 66/1/CFE_ES 91: Version Info: Module EVS, version git:2612eb0
EVS Port1 1980-012-14:03:20.08290 66/1/CFE_ES 91: Version Info: Module FS, version git:2612eb0
EVS Port1 1980-012-14:03:20.08314 66/1/CFE_ES 91: Version Info: Module SB, version git:2612eb0
EVS Port1 1980-012-14:03:20.08334 66/1/CFE_ES 91: Version Info: Module TBL, version git:2612eb0
EVS Port1 1980-012-14:03:20.08357 66/1/CFE_ES 91: Version Info: Module TIME, version git:2612eb0
EVS Port1 1980-012-14:03:20.08464 66/1/CFE_ES 91: Version Info: Module OSAL, version git:8111e4a
EVS Port1 1980-012-14:03:20.08631 66/1/CFE_ES 91: Version Info: Module PSP, version git:d1da809
EVS Port1 1980-012-14:03:20.08741 66/1/CFE_ES 91: Version Info: Module MSG, version git:2612eb0
EVS Port1 1980-012-14:03:20.08786 66/1/CFE_ES 91: Version Info: Module SBR, version git:2612eb0
EVS Port1 1980-012-14:03:20.08805 66/1/CFE_ES 91: Version Info: Module RESOURCEID, version git:2612eb0
EVS Port1 1980-012-14:03:20.08834 66/1/CFE_ES 92: Build 202609101222 by root@vm, config aarch64
EVS Port1 1980-012-14:03:20.16703 66/1/CFE_EVS 1: cFE EVS Initialized: CFE_EVS v7.0.1+dev1 (Draco) DEV BUILD, based on v7.0.1, EDS disabled
1980-012-14:03:20.27031 CFE_SB_AppInit: Registered 4 events for filtering
EVS Port1 1980-012-14:03:20.27366 66/1/CFE_SB 1: cFE SB Initialized: CFE_SB v7.0.1+dev1 (Draco) DEV BUILD, based on v7.0.1, EDS disabled
EVS Port1 1980-012-14:03:20.27659 66/1/CFE_SB 14: No subscribers for MsgId 0x808,sender CFE_SB
EVS Port1 1980-012-14:03:20.37789 66/1/CFE_TBL 1: cFE TBL Initialized: CFE_TBL v7.0.1+dev1 (Draco) DEV BUILD, based on v7.0.1, EDS disabled
EVS Port1 1980-012-14:03:20.37858 66/1/CFE_SB 14: No subscribers for MsgId 0x808,sender CFE_TBL
EVS Port1 1980-012-14:03:20.49620 66/1/CFE_TIME 1: cFE TIME Initialized: CFE_TIME v7.0.1+dev1 (Draco) DEV BUILD, based on v7.0.1, EDS disabled
EVS Port1 1980-012-14:03:20.49682 66/1/CFE_SB 14: No subscribers for MsgId 0x808,sender CFE_TIME
1980-012-14:03:20.52804 CFE_ES_CreateObjects: Finished ES CreateObject table entries.
1980-012-14:03:20.52929 CFE_ES_Main: CFE_ES_Main entering CORE_READY state
1980-012-14:03:20.53490 CFE_ES_OpenStartupScript: Opened ES App Startup file: /cf/cfe_es_startup.scr
1980-012-14:03:20.56702 CFE_ES_ParseFileEntry: Loading shared library: /cf/cfe_assert.so
1980-012-14:03:20.58389 [BEGIN] CFE FUNCTIONAL TEST
1980-012-14:03:20.58632 [BEGIN] 01 CFE-STARTUP
1980-012-14:03:20.61833 CFE_ES_ParseFileEntry: Loading shared library: /cf/sample_lib.so
SAMPLE Lib Initialized.Sample Lib v7.0.0+dev1 (Draco) DEV BUILD, based on v7.0.1, EDS disabled
1980-012-14:03:20.65647 CFE_ES_ParseFileEntry: Loading file: /cf/sch_lab.so, APP: SCH_LAB
1980-012-14:03:20.70033 CFE_ES_ParseFileEntry: Loading file: /cf/ci_lab.so, APP: CI_LAB
1980-012-14:03:20.75060 CFE_ES_ParseFileEntry: Loading file: /cf/to_lab.so, APP: TO_LAB
SCH Lab Initialized.SCH Lab v7.0.1+dev1 (Draco) DEV BUILD, based on v7.0.1, EDS disabled
1980-012-14:03:20.84950 CFE_ES_ParseFileEntry: Loading file: /cf/sample_app.so, APP: SAMPLE_APP
EVS Port1 1980-012-14:03:20.85064 66/1/TO_LAB 1: TO Lab Initialized.TO Lab v7.0.1+dev1 (Draco) DEV BUILD, based on v7.0.1, EDS disabled, Awaiting enable command.
EVS Port1 1980-012-14:03:20.85630 66/1/CFE_SB 14: No subscribers for MsgId 0x808,sender TO_LAB
1980-012-14:03:20.89948 CI_LAB listening on UDP port: 1234
EVS Port1 1980-012-14:03:20.90135 66/1/CI_LAB 3: CI Lab Initialized.CI Lab App v7.0.1+dev1 (Draco) DEV BUILD, based on v7.0.1, EDS disabled
1980-012-14:03:20.92441 CFE_ES_ParseFileEntry: Loading file: /cf/ai_learner.so, APP: AI_LEARNER
EVS Port1 1980-012-14:03:20.95742 66/1/SAMPLE_APP 1: Sample App Initialized.Sample App v7.0.0+dev1 (Draco) DEV BUILD, based on v7.0.1, EDS disabled
1980-012-14:03:20.97335 CFE_ES_ParseFileEntry: Loading file: /cf/lc.so, APP: LC
1980-012-14:03:20.99941 CFE_ES_ParseFileEntry: Loading file: /cf/cf.so, APP: CF
{"app":"AI_LEARNER","stage":"stack","es_stack_size":264063,"stack_base_bytes":262144,"contract_kernel_stack_bytes":1919,"kernel_stack_accounted":true}
EVS Port1 1980-012-14:03:21.01744 66/1/AI_LEARNER 8: AI_LEARNER stack: es=264063 base=262144 kernel=1919 accounted=1
{"app":"AI_LEARNER","stage":"admission","verdict":"ADMIT_CONDITIONAL_MAP","model":"smartcam","target":"aarch64-unknown-linux-gnu","bounded":18222796,"budget":9382092,"budget_source":"override","per_call":9382092,"constants":8840704,"kernel_stack_bytes":1919,"bound_known":true,"scope":"per_app_local_budget"}
EVS Port1 1980-012-14:03:21.05914 66/1/LC 56: WDT verify results: good = 0, bad = 0, unused = 176
EVS Port1 1980-012-14:03:21.08229 66/1/LC 66: ADT verify results: good = 0, bad = 0, unused = 176
EVS Port1 1980-012-14:03:21.09028 66/1/LC 23: LC use of Critical Data Store disabled, activity mask = 0x00991990
EVS Port1 1980-012-14:03:21.09423 66/1/LC 2: LC Initialized. Version 7.0.1.255
1980-012-14:03:21.09640 CFE_ES_ParseFileEntry: Loading file: /cf/ds.so, APP: DS
EVS Port1 1980-012-14:03:21.21014 66/1/CF 20: CF Initialized. Version 7.0.1.255
1980-012-14:03:21.21658 CFE_ES_ParseFileEntry: Loading file: /cf/fm.so, APP: FM
EVS Port1 1980-012-14:03:21.22047 66/1/DS 10: Destination file table verify results: good entries = 6, bad = 0, unused = 10
EVS Port1 1980-012-14:03:21.23814 66/1/DS 12: Filter table verify results: good entries = 14, bad = 0, unused = 242
EVS Port1 1980-012-14:03:21.25810 66/1/DS 1: Application initialized, version 7.0.1.255, data at 0xf6ae60520460
1980-012-14:03:21.30236 CFE_ES_ParseFileEntry: Loading file: /cf/hk.so, APP: HK
EVS Port1 1980-012-14:03:21.33052 66/1/FM 80: Free Space Table verify results: good entries = 3, bad = 0, unused = 5
EVS Port1 1980-012-14:03:21.35334 66/1/FM 1: Initialization complete: version 7.0.1.255
1980-012-14:03:21.39200 CFE_ES_ParseFileEntry: Loading file: /cf/hs.so, APP: HS
EVS Port1 1980-012-14:03:21.41043 66/1/FM 72: Child Task initialization complete
EVS Port1 1980-012-14:03:21.41950 66/1/HK 1: HK Initialized.  Version 7.0.1.255
1980-012-14:03:21.47343 CFE_ES_ParseFileEntry: Loading file: /cf/mm.so, APP: MM
EVS Port1 1980-012-14:03:21.52062 66/1/HS 54: ExeCount verify results: good = 5, bad = 0, unused = 27
EVS Port1 1980-012-14:03:21.53710 66/1/HS 50: AppMon verify results: good = 0, bad = 0, unused = 32
EVS Port1 1980-012-14:03:21.54956 66/1/HS 52: EventMon verify results: good = 0, bad = 0, unused = 16
EVS Port1 1980-012-14:03:21.56747 66/1/MM 1: MM Initialized. Version 7.0.1.255
EVS Port1 1980-012-14:03:21.57017 66/1/HS 56: MsgActs verify results: good = 2, bad = 0, unused = 6
1980-012-14:03:21.57289 CFE_ES_ParseFileEntry: Loading file: /cf/sc.so, APP: SC
1980-012-14:03:21.58345 HS_SysMonInit(): System Monitor using PSP device ID 0110ff05
CFE_PSP(Linux_SysMon): Started CPU utilization monitoring on 1 CPU(s)
EVS Port1 1980-012-14:03:21.62626 66/1/HS 1: HS Initialized.  Version 7.0.1.255
1980-012-14:03:21.66312 CFE_ES_ParseFileEntry: Loading file: /cf/md.so, APP: MD
EVS Port1 1980-012-14:03:21.74108 66/1/SC 21: RTS table files not loaded at initialization = 0 of 4
EVS Port1 1980-012-14:03:21.75151 66/1/SC 9: SC Initialized. Version 7.0.1.255
1980-012-14:03:21.76432 CFE_ES_ParseFileEntry: Loading file: /cf/cs.so, APP: CS
EVS Port1 1980-012-14:03:21.79232 66/1/MD 52: MD Dwell Tbl verify results: good = 0, bad = 0, unused = 25
EVS Port1 1980-012-14:03:21.81285 66/1/MD 52: MD Dwell Tbl verify results: good = 0, bad = 0, unused = 25
EVS Port1 1980-012-14:03:21.85960 66/1/MD 52: MD Dwell Tbl verify results: good = 0, bad = 0, unused = 25
EVS Port1 1980-012-14:03:21.89411 66/1/MD 52: MD Dwell Tbl verify results: good = 0, bad = 0, unused = 25
EVS Port1 1980-012-14:03:21.89817 66/1/MD 7: Dwell Tables Recovered: 0, Dwell Tables Initialized: 4
EVS Port1 1980-012-14:03:21.90287 66/1/MD 1: MD Initialized.  Version 7.0.1.255
EVS Port1 1980-012-14:03:21.92153 66/1/CS 144: CS EEPROM Table verification results: good = 0, bad = 0, unused = 16
EVS Port1 1980-012-14:03:21.92744 66/1/CS 107: CS EEPROM Table: No valid entries in the table
EVS Port1 1980-012-14:03:21.94224 66/1/CS 143: CS Memory Table verification results: good = 0, bad = 0, unused = 16
EVS Port1 1980-012-14:03:21.94313 66/1/CS 107: CS Memory Table: No valid entries in the table
EVS Port1 1980-012-14:03:21.95550 66/1/CS 139: CS Tables Table verification results: good = 1, bad = 0, unused = 23
EVS Port1 1980-012-14:03:21.97039 66/1/CS 142: CS Apps Table verification results: good = 0, bad = 0, unused = 24
EVS Port1 1980-012-14:03:21.97508 66/1/CS 108: CS Apps Table: No valid entries in the table
EVS Port1 1980-012-14:03:21.97750 66/1/CS 127: OS Text Segment disabled due to platform
EVS Port1 1980-012-14:03:21.98110 66/1/CS 1: CS Initialized. Version 7.0.1.255
EVS Port1 1980-012-14:03:22.00778 66/1/CFE_TIME 21: Stop FLYWHEEL
1980-012-14:03:22.86575 CFE_ES_Main: Startup Sync failed - Applications may not have all initialized
1980-012-14:03:22.86607 CFE_ES_Main: CFE_ES_Main entering APPS_INIT state
{"app":"AI_LEARNER","stage":"binding","verdict":"MATCH","artifact_bytes":8991281,"artifact_sha256":"ecffe6e0bcbadf51","contract_sha256":"ecffe6e0bcbadf51"}
{"app":"AI_LEARNER","stage":"map_branch","model":"smartcam","module_ptr_mod64":0,"hal_peak_after_append":0,"contract_const_bytes":8840704,"contract_per_call_bytes":9382092,"arm":"map","admission_mode":"conditional_map"}
{"app":"AI_LEARNER","stage":"mem_init","model":"smartcam","target":"aarch64-unknown-linux-gnu","hal_peak":602112,"hal_allocated":602112,"bounded":18222796,"peak_within_bounded":true,"inferences_so_far":0,"process_rss_kb":17160,"rss_kb_before_runtime":15420,"rss_kb_after_session":15708,"rss_kb_after_init":17160}
{"app":"AI_LEARNER","stage":"e25_mode","active":false,"inputs_path":"/cf/e25_inputs.bin"}
EVS Port1 1980-012-14:03:23.10906 66/1/AI_LEARNER 3: AI_LEARNER initialized: model smartcam (8991281 B), rss_delta_init=1740 KB
1980-012-14:03:23.12064 CFE_ES_Main: CFE_ES_Main entering OPERATIONAL state
EVS Port1 1980-012-14:03:23.15966 66/1/TO_LAB 19: L550 TO Lab subscribed to 32 messages from the table
EVS Port1 1980-012-14:03:29.00604 66/1/CFE_TIME 21: Stop FLYWHEEL
.EVS Port1 1980-012-14:03:30.00428 66/1/CFE_TIME 20: Start FLYWHEEL
{"app":"AI_LEARNER","stage":"run","model":"smartcam","target":"aarch64-unknown-linux-gnu","attempted":1,"completed":1,"fail_input":0,"fail_invoke":0,"fail_output":0,"mean_us":8972667.63,"max_us":8972667.63,"last_us":8972667.63,"out0":0.83385,"out":[0.833847,0.115514,0.050638]}
EVS Port1 1980-012-14:03:34.68678 66/1/AI_LEARNER 4: AI_LEARNER completed=1/1 mean=8972667.6us max=8972667.6us hal_peak=9382092 within_bounded=1
{"app":"AI_LEARNER","stage":"mem","model":"smartcam","target":"aarch64-unknown-linux-gnu","completed":1,"hal_peak":9382092,"peak_within_bounded":true,"admitted_budget_bytes":9382092,"peak_within_admitted_budget":true,"admission_mode":"conditional_map","hal_bytes_per_call_amortized":9382092.0,"process_rss_kb":17784,"process_rss_delta_init_kb":1740}
.EVS Port1 1980-012-14:03:40.03987 66/1/CFE_TIME 20: Start FLYWHEEL
EVS Port1 1980-012-14:03:40.00610 66/1/CFE_TIME 21: Stop FLYWHEEL
.{"app":"AI_LEARNER","stage":"run","model":"smartcam","target":"aarch64-unknown-linux-gnu","attempted":2,"completed":2,"fail_input":0,"fail_invoke":0,"fail_output":0,"mean_us":8960584.36,"max_us":8972667.63,"last_us":8948501.09,"out0":0.83385,"out":[0.833847,0.115514,0.050638]}
EVS Port1 1980-012-14:03:43.61724 66/1/AI_LEARNER 4: AI_LEARNER completed=2/2 mean=8960584.4us max=8972667.6us hal_peak=9382092 within_bounded=1
{"app":"AI_LEARNER","stage":"mem","model":"smartcam","target":"aarch64-unknown-linux-gnu","completed":2,"hal_peak":9382092,"peak_within_bounded":true,"admitted_budget_bytes":9382092,"peak_within_admitted_budget":true,"admission_mode":"conditional_map","hal_bytes_per_call_amortized":9081036.0,"process_rss_kb":26360,"process_rss_delta_init_kb":1740}
.EVS Port1 1980-012-14:03:51.66278 66/1/AI_LEARNER 4: AI_LEARNER completed=3/3 mean=8651952.0us max=8972667.6us hal_peak=9382092 within_bounded=1
{"app":"AI_LEARNER","stage":"run","model":"smartcam","target":"aarch64-unknown-linux-gnu","attempted":3,"completed":3,"fail_input":0,"fail_invoke":0,"fail_output":0,"mean_us":8651952.03,"max_us":8972667.63,"last_us":8034687.38,"out0":0.83385,"out":[0.833847,0.115514,0.050638]}
{"app":"AI_LEARNER","stage":"mem","model":"smartcam","target":"aarch64-unknown-linux-gnu","completed":3,"hal_peak":9382092,"peak_within_bounded":true,"admitted_budget_bytes":9382092,"peak_within_admitted_budget":true,"admission_mode":"conditional_map","hal_bytes_per_call_amortized":8980684.0,"process_rss_kb":26360,"process_rss_delta_init_kb":1740}
.EVS Port1 1980-012-14:03:57.06625 66/1/CFE_TIME 20: Start FLYWHEEL
EVS Port1 1980-012-14:03:57.00366 66/1/CFE_TIME 21: Stop FLYWHEEL
EVS Port1 1980-012-14:03:57.67149 66/1/CFE_SB 17: Msg Limit Err,MsgId 0x800,pipe AI_LEARNER_PIPE,sender CFE_ES
.EVS Port1 1980-012-14:04:00.42526 66/1/AI_LEARNER 4: AI_LEARNER completed=4/4 mean=8686165.7us max=8972667.6us hal_peak=9382092 within_bounded=1
{"app":"AI_LEARNER","stage":"run","model":"smartcam","target":"aarch64-unknown-linux-gnu","attempted":4,"completed":4,"fail_input":0,"fail_invoke":0,"fail_output":0,"mean_us":8686165.71,"max_us":8972667.63,"last_us":8788806.75,"out0":0.83385,"out":[0.833847,0.115514,0.050638]}
{"app":"AI_LEARNER","stage":"mem","model":"smartcam","target":"aarch64-unknown-linux-gnu","completed":4,"hal_peak":9382092,"peak_within_bounded":true,"admitted_budget_bytes":9382092,"peak_within_admitted_budget":true,"admission_mode":"conditional_map","hal_bytes_per_call_amortized":8930508.0,"process_rss_kb":26360,"process_rss_delta_init_kb":1740}
EVS Port1 1980-012-14:04:04.02267 66/1/CFE_TIME 21: Stop FLYWHEEL
EVS Port1 1980-012-14:04:04.99139 66/1/CFE_TIME 20: Start FLYWHEEL
.EVS Port1 1980-012-14:04:05.69766 66/1/CFE_SB 17: Msg Limit Err,MsgId 0x800,pipe AI_LEARNER_PIPE,sender CFE_ES
{"app":"AI_LEARNER","stage":"run","model":"smartcam","target":"aarch64-unknown-linux-gnu","attempted":5,"completed":5,"fail_input":0,"fail_invoke":0,"fail_output":0,"mean_us":8693907.86,"max_us":8972667.63,"last_us":8724876.43,"out0":0.83385,"out":[0.833847,0.115514,0.050638]}
EVS Port1 1980-012-14:04:09.13050 66/1/AI_LEARNER 4: AI_LEARNER completed=5/5 mean=8693907.9us max=8972667.6us hal_peak=9382092 within_bounded=1
{"app":"AI_LEARNER","stage":"mem","model":"smartcam","target":"aarch64-unknown-linux-gnu","completed":5,"hal_peak":9382092,"peak_within_bounded":true,"admitted_budget_bytes":9382092,"peak_within_admitted_budget":true,"admission_mode":"conditional_map","hal_bytes_per_call_amortized":8900402.4,"process_rss_kb":26360,"process_rss_delta_init_kb":1740}
.EVS Port1 1980-012-14:04:12.00469 66/1/CFE_TIME 21: Stop FLYWHEEL
EVS Port1 1980-012-14:04:12.99569 66/1/CFE_TIME 20: Start FLYWHEEL
EVS Port1 1980-012-14:04:13.70423 66/1/CFE_SB 17: Msg Limit Err,MsgId 0x800,pipe AI_LEARNER_PIPE,sender CFE_ES
.EVS Port1 1980-012-14:04:17.30096 66/1/AI_LEARNER 4: AI_LEARNER completed=6/6 mean=8608480.0us max=8972667.6us hal_peak=9382092 within_bounded=1
{"app":"AI_LEARNER","stage":"run","model":"smartcam","target":"aarch64-unknown-linux-gnu","attempted":6,"completed":6,"fail_input":0,"fail_invoke":0,"fail_output":0,"mean_us":8608480.05,"max_us":8972667.63,"last_us":8181340.99,"out0":0.83385,"out":[0.833847,0.115514,0.050638]}
{"app":"AI_LEARNER","stage":"mem","model":"smartcam","target":"aarch64-unknown-linux-gnu","completed":6,"hal_peak":9382092,"peak_within_bounded":true,"admitted_budget_bytes":9382092,"peak_within_admitted_budget":true,"admission_mode":"conditional_map","hal_bytes_per_call_amortized":8880332.0,"process_rss_kb":26364,"process_rss_delta_init_kb":1740}
EVS Port1 1980-012-14:04:21.67601 66/1/CFE_SB 17: Msg Limit Err,MsgId 0x800,pipe AI_LEARNER_PIPE,sender CFE_ES
.EVS Port1 1980-012-14:04:25.72311 66/1/CFE_SB 17: Msg Limit Err,MsgId 0x800,pipe AI_LEARNER_PIPE,sender CFE_ES
EVS Port1 1980-012-14:04:26.00488 66/1/CFE_TIME 21: Stop FLYWHEEL
EVS Port1 1980-012-14:04:26.28021 66/1/AI_LEARNER 4: AI_LEARNER completed=7/7 mean=8667342.5us max=9020517.1us hal_peak=9382092 within_bounded=1
{"app":"AI_LEARNER","stage":"run","model":"smartcam","target":"aarch64-unknown-linux-gnu","attempted":7,"completed":7,"fail_input":0,"fail_invoke":0,"fail_output":0,"mean_us":8667342.48,"max_us":9020517.06,"last_us":9020517.06,"out0":0.83385,"out":[0.833847,0.115514,0.050638]}
{"app":"AI_LEARNER","stage":"mem","model":"smartcam","target":"aarch64-unknown-linux-gnu","completed":7,"hal_peak":9382092,"peak_within_bounded":true,"admitted_budget_bytes":9382092,"peak_within_admitted_budget":true,"admission_mode":"conditional_map","hal_bytes_per_call_amortized":8865996.0,"process_rss_kb":26364,"process_rss_delta_init_kb":1740}
EVS Port1 1980-012-14:04:26.99523 66/1/CFE_TIME 20: Start FLYWHEEL
.EVS Port1 1980-012-14:04:33.66748 66/1/CFE_SB 17: Msg Limit Err,MsgId 0x800,pipe AI_LEARNER_PIPE,sender CFE_ES
{"app":"AI_LEARNER","stage":"run","model":"smartcam","target":"aarch64-unknown-linux-gnu","attempted":8,"completed":8,"fail_input":0,"fail_invoke":0,"fail_output":0,"mean_us":8593239.16,"max_us":9020517.06,"last_us":8074515.94,"out0":0.83385,"out":[0.833847,0.115514,0.050638]}
EVS Port1 1980-012-14:04:34.37989 66/1/AI_LEARNER 4: AI_LEARNER completed=8/8 mean=8593239.2us max=9020517.1us hal_peak=9382092 within_bounded=1
{"app":"AI_LEARNER","stage":"mem","model":"smartcam","target":"aarch64-unknown-linux-gnu","completed":8,"hal_peak":9382092,"peak_within_bounded":true,"admitted_budget_bytes":9382092,"peak_within_admitted_budget":true,"admission_mode":"conditional_map","hal_bytes_per_call_amortized":8855244.0,"process_rss_kb":26364,"process_rss_delta_init_kb":1740}
..EVS Port1 1980-012-14:04:41.67181 66/1/CFE_SB 17: Msg Limit Err,MsgId 0x800,pipe AI_LEARNER_PIPE,sender CFE_ES
EVS Port1 1980-012-14:04:42.28948 66/1/AI_LEARNER 4: AI_LEARNER completed=9/9 mean=8515602.4us max=9020517.1us hal_peak=9382092 within_bounded=1
{"app":"AI_LEARNER","stage":"run","model":"smartcam","target":"aarch64-unknown-linux-gnu","attempted":9,"completed":9,"fail_input":0,"fail_invoke":0,"fail_output":0,"mean_us":8515602.41,"max_us":9020517.06,"last_us":7894508.42,"out0":0.83385,"out":[0.833847,0.115514,0.050638]}
{"app":"AI_LEARNER","stage":"mem","model":"smartcam","target":"aarch64-unknown-linux-gnu","completed":9,"hal_peak":9382092,"peak_within_bounded":true,"admitted_budget_bytes":9382092,"peak_within_admitted_budget":true,"admission_mode":"conditional_map","hal_bytes_per_call_amortized":8846881.3,"process_rss_kb":26364,"process_rss_delta_init_kb":1740}
.EVS Port1 1980-012-14:04:49.67729 66/1/CFE_SB 17: Msg Limit Err,MsgId 0x800,pipe AI_LEARNER_PIPE,sender CFE_ES
EVS Port1 1980-012-14:04:50.57868 66/1/AI_LEARNER 4: AI_LEARNER completed=10/10 mean=8493122.0us max=9020517.1us hal_peak=9382092 within_bounded=1
{"app":"AI_LEARNER","stage":"run","model":"smartcam","target":"aarch64-unknown-linux-gnu","attempted":10,"completed":10,"fail_input":0,"fail_invoke":0,"fail_output":0,"mean_us":8493122.01,"max_us":9020517.06,"last_us":8290798.42,"out0":0.83385,"out":[0.833847,0.115514,0.050638]}
{"app":"AI_LEARNER","stage":"mem","model":"smartcam","target":"aarch64-unknown-linux-gnu","completed":10,"hal_peak":9382092,"peak_within_bounded":true,"admitted_budget_bytes":9382092,"peak_within_admitted_budget":true,"admission_mode":"conditional_map","hal_bytes_per_call_amortized":8840191.2,"process_rss_kb":26364,"process_rss_delta_init_kb":1740}
.EVS Port1 1980-012-14:04:56.00798 66/1/CFE_TIME 21: Stop FLYWHEEL
EVS Port1 1980-012-14:04:56.99902 66/1/CFE_TIME 20: Start FLYWHEEL
EVS Port1 1980-012-14:04:57.67144 66/1/CFE_SB 17: Msg Limit Err,MsgId 0x800,pipe AI_LEARNER_PIPE,sender CFE_ES
.EVS Port1 1980-012-14:04:59.30436 66/1/AI_LEARNER 4: AI_LEARNER completed=11/11 mean=8517476.0us max=9020517.1us hal_peak=9382092 within_bounded=1
{"app":"AI_LEARNER","stage":"run","model":"smartcam","target":"aarch64-unknown-linux-gnu","attempted":11,"completed":11,"fail_input":0,"fail_invoke":0,"fail_output":0,"mean_us":8517476.02,"max_us":9020517.06,"last_us":8761016.11,"out0":0.83385,"out":[0.833847,0.115514,0.050638]}
{"app":"AI_LEARNER","stage":"mem","model":"smartcam","target":"aarch64-unknown-linux-gnu","completed":11,"hal_peak":9382092,"peak_within_bounded":true,"admitted_budget_bytes":9382092,"peak_within_admitted_budget":true,"admission_mode":"conditional_map","hal_bytes_per_call_amortized":8834717.5,"process_rss_kb":26364,"process_rss_delta_init_kb":1740}
.EVS Port1 1980-012-14:05:05.67984 66/1/CFE_SB 17: Msg Limit Err,MsgId 0x800,pipe AI_LEARNER_PIPE,sender CFE_ES
{"app":"AI_LEARNER","stage":"run","model":"smartcam","target":"aarch64-unknown-linux-gnu","attempted":12,"completed":12,"fail_input":0,"fail_invoke":0,"fail_output":0,"mean_us":8508847.40,"max_us":9020517.06,"last_us":8413932.59,"out0":0.83385,"out":[0.833847,0.115514,0.050638]}
EVS Port1 1980-012-14:05:07.72616 66/1/AI_LEARNER 4: AI_LEARNER completed=12/12 mean=8508847.4us max=9020517.1us hal_peak=9382092 within_bounded=1
{"app":"AI_LEARNER","stage":"mem","model":"smartcam","target":"aarch64-unknown-linux-gnu","completed":12,"hal_peak":9382092,"peak_within_bounded":true,"admitted_budget_bytes":9382092,"peak_within_admitted_budget":true,"admission_mode":"conditional_map","hal_bytes_per_call_amortized":8830156.0,"process_rss_kb":26364,"process_rss_delta_init_kb":1740}
.EVS Port1 1980-012-14:05:13.69493 66/1/CFE_SB 17: Msg Limit Err,MsgId 0x800,pipe AI_LEARNER_PIPE,sender CFE_ES
EVS Port1 1980-012-14:05:15.85208 66/1/AI_LEARNER 4: AI_LEARNER completed=13/13 mean=8478847.9us max=9020517.1us hal_peak=9382092 within_bounded=1
{"app":"AI_LEARNER","stage":"run","model":"smartcam","target":"aarch64-unknown-linux-gnu","attempted":13,"completed":13,"fail_input":0,"fail_invoke":0,"fail_output":0,"mean_us":8478847.94,"max_us":9020517.06,"last_us":8118854.46,"out0":0.83385,"out":[0.833847,0.115514,0.050638]}
{"app":"AI_LEARNER","stage":"mem","model":"smartcam","target":"aarch64-unknown-linux-gnu","completed":13,"hal_peak":9382092,"peak_within_bounded":true,"admitted_budget_bytes":9382092,"peak_within_admitted_budget":true,"admission_mode":"conditional_map","hal_bytes_per_call_amortized":8826296.3,"process_rss_kb":26364,"process_rss_delta_init_kb":1740}
.EVS Port1 1980-012-14:05:21.67828 66/1/CFE_SB 17: Msg Limit Err,MsgId 0x800,pipe AI_LEARNER_PIPE,sender CFE_ES
.{"app":"AI_LEARNER","stage":"run","model":"smartcam","target":"aarch64-unknown-linux-gnu","attempted":14,"completed":14,"fail_input":0,"fail_invoke":0,"fail_output":0,"mean_us":8435510.61,"max_us":9020517.06,"last_us":7872125.25,"out0":0.83385,"out":[0.833847,0.115514,0.050638]}
EVS Port1 1980-012-14:05:23.74032 66/1/AI_LEARNER 4: AI_LEARNER completed=14/14 mean=8435510.6us max=9020517.1us hal_peak=9382092 within_bounded=1
{"app":"AI_LEARNER","stage":"mem","model":"smartcam","target":"aarch64-unknown-linux-gnu","completed":14,"hal_peak":9382092,"peak_within_bounded":true,"admitted_budget_bytes":9382092,"peak_within_admitted_budget":true,"admission_mode":"conditional_map","hal_bytes_per_call_amortized":8822988.0,"process_rss_kb":26364,"process_rss_delta_init_kb":1740}
EVS Port1 1980-012-14:05:26.01152 66/1/CFE_TIME 21: Stop FLYWHEEL
EVS Port1 1980-012-14:05:26.99954 66/1/CFE_TIME 20: Start FLYWHEEL
.EVS Port1 1980-012-14:05:29.69044 66/1/CFE_SB 17: Msg Limit Err,MsgId 0x800,pipe AI_LEARNER_PIPE,sender CFE_ES
{"app":"AI_LEARNER","stage":"run","model":"smartcam","target":"aarch64-unknown-linux-gnu","attempted":15,"completed":15,"fail_input":0,"fail_invoke":0,"fail_output":0,"mean_us":8403500.47,"max_us":9020517.06,"last_us":7955358.59,"out0":0.83385,"out":[0.833847,0.115514,0.050638]}
EVS Port1 1980-012-14:05:31.64787 66/1/AI_LEARNER 4: AI_LEARNER completed=15/15 mean=8403500.5us max=9020517.1us hal_peak=9382092 within_bounded=1
{"app":"AI_LEARNER","stage":"mem","model":"smartcam","target":"aarch64-unknown-linux-gnu","completed":15,"hal_peak":9382092,"peak_within_bounded":true,"admitted_budget_bytes":9382092,"peak_within_admitted_budget":true,"admission_mode":"conditional_map","hal_bytes_per_call_amortized":8820120.8,"process_rss_kb":26364,"process_rss_delta_init_kb":1740}
.EVS Port1 1980-012-14:05:37.67358 66/1/CFE_SB 17: Msg Limit Err,MsgId 0x800,pipe AI_LEARNER_PIPE,sender CFE_ES
{"app":"AI_LEARNER","stage":"run","model":"smartcam","target":"aarch64-unknown-linux-gnu","attempted":16,"completed":16,"fail_input":0,"fail_invoke":0,"fail_output":0,"mean_us":8364248.29,"max_us":9020517.06,"last_us":7775465.58,"out0":0.83385,"out":[0.833847,0.115514,0.050638]}
EVS Port1 1980-012-14:05:39.43011 66/1/AI_LEARNER 4: AI_LEARNER completed=16/16 mean=8364248.3us max=9020517.1us hal_peak=9382092 within_bounded=1
{"app":"AI_LEARNER","stage":"mem","model":"smartcam","target":"aarch64-unknown-linux-gnu","completed":16,"hal_peak":9382092,"peak_within_bounded":true,"admitted_budget_bytes":9382092,"peak_within_admitted_budget":true,"admission_mode":"conditional_map","hal_bytes_per_call_amortized":8817612.0,"process_rss_kb":26364,"process_rss_delta_init_kb":1740}
.EVS Port1 1980-012-14:05:45.68489 66/1/CFE_SB 17: Msg Limit Err,MsgId 0x800,pipe AI_LEARNER_PIPE,sender CFE_ES
.{"app":"AI_LEARNER","stage":"run","model":"smartcam","target":"aarch64-unknown-linux-gnu","attempted":17,"completed":17,"fail_input":0,"fail_invoke":0,"fail_output":0,"mean_us":8332516.49,"max_us":9020517.06,"last_us":7824807.66,"out0":0.83385,"out":[0.833847,0.115514,0.050638]}
EVS Port1 1980-012-14:05:47.26811 66/1/AI_LEARNER 4: AI_LEARNER completed=17/17 mean=8332516.5us max=9020517.1us hal_peak=9382092 within_bounded=1
{"app":"AI_LEARNER","stage":"mem","model":"smartcam","target":"aarch64-unknown-linux-gnu","completed":17,"hal_peak":9382092,"peak_within_bounded":true,"admitted_budget_bytes":9382092,"peak_within_admitted_budget":true,"admission_mode":"conditional_map","hal_bytes_per_call_amortized":8815398.4,"process_rss_kb":26364,"process_rss_delta_init_kb":1740}
EVS Port1 1980-012-14:05:48.33857 66/1/HS 61: CPU Hogging Detected
1980-012-14:05:48.34702 HS App: CPU Hogging Detected
.EVS Port1 1980-012-14:05:53.68251 66/1/CFE_SB 17: Msg Limit Err,MsgId 0x800,pipe AI_LEARNER_PIPE,sender CFE_ES
{"app":"AI_LEARNER","stage":"run","model":"smartcam","target":"aarch64-unknown-linux-gnu","attempted":18,"completed":18,"fail_input":0,"fail_invoke":0,"fail_output":0,"mean_us":8332404.52,"max_us":9020517.06,"last_us":8330500.96,"out0":0.83385,"out":[0.833847,0.115514,0.050638]}
EVS Port1 1980-012-14:05:55.59358 66/1/AI_LEARNER 4: AI_LEARNER completed=18/18 mean=8332404.5us max=9020517.1us hal_peak=9382092 within_bounded=1
{"app":"AI_LEARNER","stage":"mem","model":"smartcam","target":"aarch64-unknown-linux-gnu","completed":18,"hal_peak":9382092,"peak_within_bounded":true,"admitted_budget_bytes":9382092,"peak_within_admitted_budget":true,"admission_mode":"conditional_map","hal_bytes_per_call_amortized":8813430.7,"process_rss_kb":26364,"process_rss_delta_init_kb":1740}
.EVS Port1 1980-012-14:06:04.27511 66/1/AI_LEARNER 4: AI_LEARNER completed=19/19 mean=8349911.9us max=9020517.1us hal_peak=9382092 within_bounded=1
{"app":"AI_LEARNER","stage":"run","model":"smartcam","target":"aarch64-unknown-linux-gnu","attempted":19,"completed":19,"fail_input":0,"fail_invoke":0,"fail_output":0,"mean_us":8349911.94,"max_us":9020517.06,"last_us":8665045.47,"out0":0.83385,"out":[0.833847,0.115514,0.050638]}
{"app":"AI_LEARNER","stage":"mem","model":"smartcam","target":"aarch64-unknown-linux-gnu","completed":19,"hal_peak":9382092,"peak_within_bounded":true,"admitted_budget_bytes":9382092,"peak_within_admitted_budget":true,"admission_mode":"conditional_map","hal_bytes_per_call_amortized":8811670.1,"process_rss_kb":26364,"process_rss_delta_init_kb":1740}
..EVS Port1 1980-012-14:06:12.22659 66/1/AI_LEARNER 4: AI_LEARNER completed=20/20 mean=8328934.0us max=9020517.1us hal_peak=9382092 within_bounded=1
{"app":"AI_LEARNER","stage":"run","model":"smartcam","target":"aarch64-unknown-linux-gnu","attempted":20,"completed":20,"fail_input":0,"fail_invoke":0,"fail_output":0,"mean_us":8328934.03,"max_us":9020517.06,"last_us":7930353.74,"out0":0.83385,"out":[0.833847,0.115514,0.050638]}
{"app":"AI_LEARNER","stage":"mem","model":"smartcam","target":"aarch64-unknown-linux-gnu","completed":20,"hal_peak":9382092,"peak_within_bounded":true,"admitted_budget_bytes":9382092,"peak_within_admitted_budget":true,"admission_mode":"conditional_map","hal_bytes_per_call_amortized":8810085.6,"process_rss_kb":26364,"process_rss_delta_init_kb":1740}
.{"app":"AI_LEARNER","stage":"run","model":"smartcam","target":"aarch64-unknown-linux-gnu","attempted":21,"completed":21,"fail_input":0,"fail_invoke":0,"fail_output":0,"mean_us":8299637.75,"max_us":9020517.06,"last_us":7713712.19,"out0":0.83385,"out":[0.833847,0.115514,0.050638]}
EVS Port1 1980-012-14:06:19.95405 66/1/AI_LEARNER 4: AI_LEARNER completed=21/21 mean=8299637.7us max=9020517.1us hal_peak=9382092 within_bounded=1
{"app":"AI_LEARNER","stage":"mem","model":"smartcam","target":"aarch64-unknown-linux-gnu","completed":21,"hal_peak":9382092,"peak_within_bounded":true,"admitted_budget_bytes":9382092,"peak_within_admitted_budget":true,"admission_mode":"conditional_map","hal_bytes_per_call_amortized":8808652.0,"process_rss_kb":26364,"process_rss_delta_init_kb":1740}
EVS Port1 1980-012-14:06:21.00587 66/1/CFE_TIME 21: Stop FLYWHEEL
EVS Port1 1980-012-14:06:21.99909 66/1/CFE_TIME 20: Start FLYWHEEL
.EVS Port1 1980-012-14:06:26.11495 66/1/CFE_TIME 20: Start FLYWHEEL
EVS Port1 1980-012-14:06:27.00419 66/1/CFE_TIME 21: Stop FLYWHEEL
EVS Port1 1980-012-14:06:28.33782 66/1/AI_LEARNER 4: AI_LEARNER completed=22/22 mean=8309793.1us max=9020517.1us hal_peak=9382092 within_bounded=1
{"app":"AI_LEARNER","stage":"run","model":"smartcam","target":"aarch64-unknown-linux-gnu","attempted":22,"completed":22,"fail_input":0,"fail_invoke":0,"fail_output":0,"mean_us":8309793.06,"max_us":9020517.06,"last_us":8523054.58,"out0":0.82172,"out":[0.821720,0.125076,0.053204]}
{"app":"AI_LEARNER","stage":"mem","model":"smartcam","target":"aarch64-unknown-linux-gnu","completed":22,"hal_peak":9382092,"peak_within_bounded":true,"admitted_budget_bytes":9382092,"peak_within_admitted_budget":true,"admission_mode":"conditional_map","hal_bytes_per_call_amortized":8807348.7,"process_rss_kb":26364,"process_rss_delta_init_kb":1740}
..EVS Port1 1980-012-14:06:37.08323 66/1/AI_LEARNER 4: AI_LEARNER completed=23/23 mean=8328534.0us max=9020517.1us hal_peak=9382092 within_bounded=1
{"app":"AI_LEARNER","stage":"run","model":"smartcam","target":"aarch64-unknown-linux-gnu","attempted":23,"completed":23,"fail_input":0,"fail_invoke":0,"fail_output":0,"mean_us":8328534.03,"max_us":9020517.06,"last_us":8740835.31,"out0":0.82172,"out":[0.821720,0.125076,0.053204]}
{"app":"AI_LEARNER","stage":"mem","model":"smartcam","target":"aarch64-unknown-linux-gnu","completed":23,"hal_peak":9382092,"peak_within_bounded":true,"admitted_budget_bytes":9382092,"peak_within_admitted_budget":true,"admission_mode":"conditional_map","hal_bytes_per_call_amortized":8806158.8,"process_rss_kb":26364,"process_rss_delta_init_kb":1740}
.EVS Port1 1980-012-14:06:44.81604 66/1/AI_LEARNER 4: AI_LEARNER completed=24/24 mean=8303338.6us max=9020517.1us hal_peak=9382092 within_bounded=1
{"app":"AI_LEARNER","stage":"run","model":"smartcam","target":"aarch64-unknown-linux-gnu","attempted":24,"completed":24,"fail_input":0,"fail_invoke":0,"fail_output":0,"mean_us":8303338.57,"max_us":9020517.06,"last_us":7723843.14,"out0":0.82172,"out":[0.821720,0.125076,0.053204]}
{"app":"AI_LEARNER","stage":"mem","model":"smartcam","target":"aarch64-unknown-linux-gnu","completed":24,"hal_peak":9382092,"peak_within_bounded":true,"admitted_budget_bytes":9382092,"peak_within_admitted_budget":true,"admission_mode":"conditional_map","hal_bytes_per_call_amortized":8805068.0,"process_rss_kb":26364,"process_rss_delta_init_kb":1740}
.EVS Port1 1980-012-14:06:53.03811 66/1/AI_LEARNER 4: AI_LEARNER completed=25/25 mean=8299596.0us max=9020517.1us hal_peak=9382092 within_bounded=1
{"app":"AI_LEARNER","stage":"run","model":"smartcam","target":"aarch64-unknown-linux-gnu","attempted":25,"completed":25,"fail_input":0,"fail_invoke":0,"fail_output":0,"mean_us":8299595.99,"max_us":9020517.06,"last_us":8209774.13,"out0":0.82172,"out":[0.821720,0.125076,0.053204]}
{"app":"AI_LEARNER","stage":"mem","model":"smartcam","target":"aarch64-unknown-linux-gnu","completed":25,"hal_peak":9382092,"peak_within_bounded":true,"admitted_budget_bytes":9382092,"peak_within_admitted_budget":true,"admission_mode":"conditional_map","hal_bytes_per_call_amortized":8804064.5,"process_rss_kb":26364,"process_rss_delta_init_kb":1740}
..EVS Port1 1980-012-14:07:01.27340 66/1/AI_LEARNER 4: AI_LEARNER completed=26/26 mean=8296629.0us max=9020517.1us hal_peak=9382092 within_bounded=1
{"app":"AI_LEARNER","stage":"run","model":"smartcam","target":"aarch64-unknown-linux-gnu","attempted":26,"completed":26,"fail_input":0,"fail_invoke":0,"fail_output":0,"mean_us":8296628.99,"max_us":9020517.06,"last_us":8222453.79,"out0":0.82172,"out":[0.821720,0.125076,0.053204]}
{"app":"AI_LEARNER","stage":"mem","model":"smartcam","target":"aarch64-unknown-linux-gnu","completed":26,"hal_peak":9382092,"peak_within_bounded":true,"admitted_budget_bytes":9382092,"peak_within_admitted_budget":true,"admission_mode":"conditional_map","hal_bytes_per_call_amortized":8803138.2,"process_rss_kb":26364,"process_rss_delta_init_kb":1740}
.EVS Port1 1980-012-14:07:09.84564 66/1/AI_LEARNER 4: AI_LEARNER completed=27/27 mean=8305735.6us max=9020517.1us hal_peak=9382092 within_bounded=1
{"app":"AI_LEARNER","stage":"run","model":"smartcam","target":"aarch64-unknown-linux-gnu","attempted":27,"completed":27,"fail_input":0,"fail_invoke":0,"fail_output":0,"mean_us":8305735.63,"max_us":9020517.06,"last_us":8542508.26,"out0":0.82172,"out":[0.821720,0.125076,0.053204]}
{"app":"AI_LEARNER","stage":"mem","model":"smartcam","target":"aarch64-unknown-linux-gnu","completed":27,"hal_peak":9382092,"peak_within_bounded":true,"admitted_budget_bytes":9382092,"peak_within_admitted_budget":true,"admission_mode":"conditional_map","hal_bytes_per_call_amortized":8802280.4,"process_rss_kb":26364,"process_rss_delta_init_kb":1740}
..{"app":"AI_LEARNER","stage":"run","model":"smartcam","target":"aarch64-unknown-linux-gnu","attempted":28,"completed":28,"fail_input":0,"fail_invoke":0,"fail_output":0,"mean_us":8283509.87,"max_us":9020517.06,"last_us":7683414.51,"out0":0.82172,"out":[0.821720,0.125076,0.053204]}
EVS Port1 1980-012-14:07:17.54457 66/1/AI_LEARNER 4: AI_LEARNER completed=28/28 mean=8283509.9us max=9020517.1us hal_peak=9382092 within_bounded=1
{"app":"AI_LEARNER","stage":"mem","model":"smartcam","target":"aarch64-unknown-linux-gnu","completed":28,"hal_peak":9382092,"peak_within_bounded":true,"admitted_budget_bytes":9382092,"peak_within_admitted_budget":true,"admission_mode":"conditional_map","hal_bytes_per_call_amortized":8801484.0,"process_rss_kb":26364,"process_rss_delta_init_kb":1740}
.EVS Port1 1980-012-14:07:25.40481 66/1/AI_LEARNER 4: AI_LEARNER completed=29/29 mean=8268592.0us max=9020517.1us hal_peak=9382092 within_bounded=1
{"app":"AI_LEARNER","stage":"run","model":"smartcam","target":"aarch64-unknown-linux-gnu","attempted":29,"completed":29,"fail_input":0,"fail_invoke":0,"fail_output":0,"mean_us":8268592.04,"max_us":9020517.06,"last_us":7850892.59,"out0":0.82172,"out":[0.821720,0.125076,0.053204]}
{"app":"AI_LEARNER","stage":"mem","model":"smartcam","target":"aarch64-unknown-linux-gnu","completed":29,"hal_peak":9382092,"peak_within_bounded":true,"admitted_budget_bytes":9382092,"peak_within_admitted_budget":true,"admission_mode":"conditional_map","hal_bytes_per_call_amortized":8800742.5,"process_rss_kb":26364,"process_rss_delta_init_kb":1740}
EVS Port1 1980-012-14:07:26.08596 66/1/CFE_TIME 20: Start FLYWHEEL
EVS Port1 1980-012-14:07:26.00636 66/1/CFE_TIME 21: Stop FLYWHEEL
.EVS Port1 1980-012-14:07:33.38648 66/1/AI_LEARNER 4: AI_LEARNER completed=30/30 mean=8261901.6us max=9020517.1us hal_peak=9382092 within_bounded=1
{"app":"AI_LEARNER","stage":"run","model":"smartcam","target":"aarch64-unknown-linux-gnu","attempted":30,"completed":30,"fail_input":0,"fail_invoke":0,"fail_output":0,"mean_us":8261901.59,"max_us":9020517.06,"last_us":8067878.82,"out0":0.82172,"out":[0.821720,0.125076,0.053204]}
{"app":"AI_LEARNER","stage":"mem","model":"smartcam","target":"aarch64-unknown-linux-gnu","completed":30,"hal_peak":9382092,"peak_within_bounded":true,"admitted_budget_bytes":9382092,"peak_within_admitted_budget":true,"admission_mode":"conditional_map","hal_bytes_per_call_amortized":8800050.4,"process_rss_kb":26364,"process_rss_delta_init_kb":1740}
.EVS Port1 1980-012-14:07:40.80842 66/1/AI_LEARNER 4: AI_LEARNER completed=31/31 mean=8234360.5us max=9020517.1us hal_peak=9382092 within_bounded=1
{"app":"AI_LEARNER","stage":"run","model":"smartcam","target":"aarch64-unknown-linux-gnu","attempted":31,"completed":31,"fail_input":0,"fail_invoke":0,"fail_output":0,"mean_us":8234360.46,"max_us":9020517.06,"last_us":7408126.45,"out0":0.82172,"out":[0.821720,0.125076,0.053204]}
{"app":"AI_LEARNER","stage":"mem","model":"smartcam","target":"aarch64-unknown-linux-gnu","completed":31,"hal_peak":9382092,"peak_within_bounded":true,"admitted_budget_bytes":9382092,"peak_within_admitted_budget":true,"admission_mode":"conditional_map","hal_bytes_per_call_amortized":8799403.0,"process_rss_kb":26364,"process_rss_delta_init_kb":1740}
..EVS Port1 1980-012-14:07:48.37017 66/1/AI_LEARNER 4: AI_LEARNER completed=32/32 mean=8213021.6us max=9020517.1us hal_peak=9382092 within_bounded=1
{"app":"AI_LEARNER","stage":"run","model":"smartcam","target":"aarch64-unknown-linux-gnu","attempted":32,"completed":32,"fail_input":0,"fail_invoke":0,"fail_output":0,"mean_us":8213021.65,"max_us":9020517.06,"last_us":7551518.48,"out0":0.82172,"out":[0.821720,0.125076,0.053204]}
{"app":"AI_LEARNER","stage":"mem","model":"smartcam","target":"aarch64-unknown-linux-gnu","completed":32,"hal_peak":9382092,"peak_within_bounded":true,"admitted_budget_bytes":9382092,"peak_within_admitted_budget":true,"admission_mode":"conditional_map","hal_bytes_per_call_amortized":8798796.0,"process_rss_kb":26364,"process_rss_delta_init_kb":1740}
.{"app":"AI_LEARNER","stage":"run","model":"smartcam","target":"aarch64-unknown-linux-gnu","attempted":33,"completed":33,"fail_input":0,"fail_invoke":0,"fail_output":0,"mean_us":8194197.68,"max_us":9020517.06,"last_us":7591830.72,"out0":0.82172,"out":[0.821720,0.125076,0.053204]}
EVS Port1 1980-012-14:07:55.97125 66/1/AI_LEARNER 4: AI_LEARNER completed=33/33 mean=8194197.7us max=9020517.1us hal_peak=9382092 within_bounded=1
{"app":"AI_LEARNER","stage":"mem","model":"smartcam","target":"aarch64-unknown-linux-gnu","completed":33,"hal_peak":9382092,"peak_within_bounded":true,"admitted_budget_bytes":9382092,"peak_within_admitted_budget":true,"admission_mode":"conditional_map","hal_bytes_per_call_amortized":8798225.8,"process_rss_kb":26364,"process_rss_delta_init_kb":1740}
.EVS Port1 1980-012-14:08:04.01737 66/1/AI_LEARNER 4: AI_LEARNER completed=34/34 mean=8189471.1us max=9020517.1us hal_peak=9382092 within_bounded=1
{"app":"AI_LEARNER","stage":"run","model":"smartcam","target":"aarch64-unknown-linux-gnu","attempted":34,"completed":34,"fail_input":0,"fail_invoke":0,"fail_output":0,"mean_us":8189471.14,"max_us":9020517.06,"last_us":8033495.42,"out0":0.82172,"out":[0.821720,0.125076,0.053204]}
{"app":"AI_LEARNER","stage":"mem","model":"smartcam","target":"aarch64-unknown-linux-gnu","completed":34,"hal_peak":9382092,"peak_within_bounded":true,"admitted_budget_bytes":9382092,"peak_within_admitted_budget":true,"admission_mode":"conditional_map","hal_bytes_per_call_amortized":8797689.2,"process_rss_kb":26364,"process_rss_delta_init_kb":1740}
..EVS Port1 1980-012-14:08:11.86503 66/1/AI_LEARNER 4: AI_LEARNER completed=35/35 mean=8179310.8us max=9020517.1us hal_peak=9382092 within_bounded=1
{"app":"AI_LEARNER","stage":"run","model":"smartcam","target":"aarch64-unknown-linux-gnu","attempted":35,"completed":35,"fail_input":0,"fail_invoke":0,"fail_output":0,"mean_us":8179310.82,"max_us":9020517.06,"last_us":7833859.68,"out0":0.82172,"out":[0.821720,0.125076,0.053204]}
{"app":"AI_LEARNER","stage":"mem","model":"smartcam","target":"aarch64-unknown-linux-gnu","completed":35,"hal_peak":9382092,"peak_within_bounded":true,"admitted_budget_bytes":9382092,"peak_within_admitted_budget":true,"admission_mode":"conditional_map","hal_bytes_per_call_amortized":8797183.2,"process_rss_kb":26364,"process_rss_delta_init_kb":1740}
.1980-012-14:08:18.09464 CFE_ES_RunExceptionScan: ExceptionID 0x1110000 in TaskID 0: Caught SIGINT
1980-012-14:08:18.09816 CFE_ES_RunExceptionScan: Processor Reset count not reached (0/2)
CFE_PSP: Exiting cFE with PROCESSOR Reset status.

CFE_PSP: Shutdown initiated - Exiting cFE
CI delete callback -- Closing CI Network socket.
TO delete callback -- Closing TO Network socket.
EVS Port1 1980-012-14:08:19.67332 66/1/AI_LEARNER 4: AI_LEARNER completed=36/36 mean=8168779.0us max=9020517.1us hal_peak=9382092 within_bounded=1
EXIT=124
