OS_BSP_Initialize():Maximum user msg queue depth = 512
CFE_PSP: Default Reset SubType = 1
CFE_PSP: Default CPU ID = 1
CFE_PSP: Default Spacecraft ID = 66
CFE_PSP: Default CPU Name: cpu1
OS_Posix_GetSchedulerParams():208:Policy 1: available, min-max: 1-99
OS_Posix_GetSchedulerParams():208:Policy 2: available, min-max: 1-99
OS_Posix_TaskAPI_Impl_Init():401:Selected policy 2 for RT tasks, root task = 99
OS_Posix_TaskAPI_Impl_Init():419:Could not setschedparam in main thread: Operation not permitted (1)
CFE_PSP: initializing module 'soft_timebase' with ID 0110ff00
CFE_PSP: Instantiated software timebase 'cFS-Master' running at 10000 usec
CFE_PSP: initializing module 'timebase_posix_clock' with ID 0110ff01
CFE_PSP: Using POSIX monotonic clock as CFE timebase
CFE_PSP: initializing module 'eeprom_mmap_file' with ID 0110ff02
CFE_PSP: Using MMAP simulated EEPROM implementation
CFE_PSP: initializing module 'port_notimpl' with ID 0110ff03
CFE_PSP: I/O Port access not implemented
CFE_PSP: EEPROM Range (2) created: Start Address = EE3CC6B6E000, Size = 00080000 Status = 0
CFE_PSP: initializing module 'iodriver' with ID 0110ff04
CFE_PSP: initializing module 'linux_sysmon' with ID 0110ff05
CFE_PSP: initializing module 'endian_api' with ID 0110ff06
CFE_PSP: Host CPU Endian=LITTLE
CFE_PSP: initializing module 'ram_notimpl' with ID 0110ff07
CFE_PSP: Physical RAM access not implemented
CFE_PSP: Normal exit from previous cFE instance
CFE_PSP: Starting the cFE with a PROCESSOR reset.
1980-001-01:02:53.61430 CFE_ES_Main: CFE_ES_Main in EARLY_INIT state
1980-001-01:02:53.62654 CFE_ES_InitializeFileSystems: Volatile Disk has 100 Percent free space.
Number of addresses returned by backtrace = 1
CFE_PSP: CFE_PSP_AttachExceptions called
1980-001-01:02:53.64467 CFE_ES_Main: CFE_ES_Main entering CORE_STARTUP state
1980-001-01:02:53.64482 CFE_ES_CreateObjects: Starting Object Creation calls.
1980-001-01:02:53.64494 CFE_ES_CreateObjects: Calling EarlyInit for CFE_CONFIG
1980-001-01:02:53.64743 CFE_ES_CreateObjects: Calling EarlyInit for CFE_ES
1980-001-01:02:53.65185 CFE_ES_CreateObjects: Calling EarlyInit for CFE_EVS
1980-001-01:02:53.65429 CFE_EVS_EarlyInit: Event Log restored, n=0, c=20, f=1, m=1, o=55
1980-001-01:02:53.65534 CFE_ES_CreateObjects: Calling EarlyInit for CFE_FS
1980-001-01:02:53.65561 CFE_ES_CreateObjects: Calling EarlyInit for CFE_SB
1980-001-01:02:53.67202 CFE_ES_CreateObjects: Calling EarlyInit for CFE_TBL
1980-001-01:02:53.70430 CFE_ES_CreateObjects: Calling EarlyInit for CFE_TIME
EVS Port1 1980-012-14:05:07.33071 66/1/CFE_ES 1: cFE ES Initialized: CFE_ES v7.0.1+dev1 (Draco) DEV BUILD, based on v7.0.1, EDS disabled
EVS Port1 1980-012-14:05:07.34072 66/1/CFE_ES 2: cFS Versions: cfe v7.0.1+dev1, osal v7.0.1+dev1, psp v7.0.1+dev1. cFE chksm 31659
EVS Port1 1980-012-14:05:07.34384 66/1/CFE_ES 91: Version Info: Mission SampleMission, version git:v7.0.1-90-g78c23b0-dirty
EVS Port1 1980-012-14:05:07.34757 66/1/CFE_ES 91: Version Info: Module CORE_API, version git:2612eb0
EVS Port1 1980-012-14:05:07.34843 66/1/CFE_ES 91: Version Info: Module CONFIG, version git:2612eb0
EVS Port1 1980-012-14:05:07.34880 66/1/CFE_ES 91: Version Info: Module ES, version git:2612eb0
EVS Port1 1980-012-14:05:07.35063 66/1/CFE_ES 91: Version Info: Module EVS, version git:2612eb0
EVS Port1 1980-012-14:05:07.35081 66/1/CFE_ES 91: Version Info: Module FS, version git:2612eb0
EVS Port1 1980-012-14:05:07.35342 66/1/CFE_ES 91: Version Info: Module SB, version git:2612eb0
EVS Port1 1980-012-14:05:07.35365 66/1/CFE_ES 91: Version Info: Module TBL, version git:2612eb0
EVS Port1 1980-012-14:05:07.35569 66/1/CFE_ES 91: Version Info: Module TIME, version git:2612eb0
EVS Port1 1980-012-14:05:07.35772 66/1/CFE_ES 91: Version Info: Module OSAL, version git:8111e4a
EVS Port1 1980-012-14:05:07.35856 66/1/CFE_ES 91: Version Info: Module PSP, version git:d1da809
EVS Port1 1980-012-14:05:07.36154 66/1/CFE_ES 91: Version Info: Module MSG, version git:2612eb0
EVS Port1 1980-012-14:05:07.36274 66/1/CFE_ES 91: Version Info: Module SBR, version git:2612eb0
EVS Port1 1980-012-14:05:07.36354 66/1/CFE_ES 91: Version Info: Module RESOURCEID, version git:2612eb0
EVS Port1 1980-012-14:05:07.36744 66/1/CFE_ES 92: Build 202609101222 by root@vm, config aarch64
EVS Port1 1980-012-14:05:07.47257 66/1/CFE_EVS 1: cFE EVS Initialized: CFE_EVS v7.0.1+dev1 (Draco) DEV BUILD, based on v7.0.1, EDS disabled
1980-012-14:05:07.57553 CFE_SB_AppInit: Registered 4 events for filtering
EVS Port1 1980-012-14:05:07.57919 66/1/CFE_SB 1: cFE SB Initialized: CFE_SB v7.0.1+dev1 (Draco) DEV BUILD, based on v7.0.1, EDS disabled
EVS Port1 1980-012-14:05:07.57978 66/1/CFE_SB 14: No subscribers for MsgId 0x808,sender CFE_SB
EVS Port1 1980-012-14:05:07.68247 66/1/CFE_TBL 1: cFE TBL Initialized: CFE_TBL v7.0.1+dev1 (Draco) DEV BUILD, based on v7.0.1, EDS disabled
EVS Port1 1980-012-14:05:07.68435 66/1/CFE_SB 14: No subscribers for MsgId 0x808,sender CFE_TBL
EVS Port1 1980-012-14:05:07.80049 66/1/CFE_TIME 1: cFE TIME Initialized: CFE_TIME v7.0.1+dev1 (Draco) DEV BUILD, based on v7.0.1, EDS disabled
EVS Port1 1980-012-14:05:07.80209 66/1/CFE_SB 14: No subscribers for MsgId 0x808,sender CFE_TIME
1980-012-14:05:07.84005 CFE_ES_CreateObjects: Finished ES CreateObject table entries.
1980-012-14:05:07.84030 CFE_ES_Main: CFE_ES_Main entering CORE_READY state
OS_FileOpen_Impl():110:open(/dev/shm/osal:RAM/cfe_es_startup.scr): No such file or directory
1980-012-14:05:07.84780 CFE_ES_OpenStartupScript: Cannot Open Volatile Startup file: /ram/cfe_es_startup.scr, Trying Nonvolatile.
1980-012-14:05:07.85131 CFE_ES_OpenStartupScript: Opened ES App Startup file: /cf/cfe_es_startup.scr
1980-012-14:05:07.87635 CFE_ES_ParseFileEntry: Loading shared library: /cf/cfe_assert.so
1980-012-14:05:07.89022 [BEGIN] CFE FUNCTIONAL TEST
1980-012-14:05:07.89073 [BEGIN] 01 CFE-STARTUP
1980-012-14:05:07.91403 CFE_ES_ParseFileEntry: Loading shared library: /cf/sample_lib.so
SAMPLE Lib Initialized.Sample Lib v7.0.0+dev1 (Draco) DEV BUILD, based on v7.0.1, EDS disabled
1980-012-14:05:07.94247 CFE_ES_ParseFileEntry: Loading file: /cf/sch_lab.so, APP: SCH_LAB
1980-012-14:05:07.97478 CFE_ES_ParseFileEntry: Loading file: /cf/ci_lab.so, APP: CI_LAB
1980-012-14:05:08.00831 CFE_ES_ParseFileEntry: Loading file: /cf/to_lab.so, APP: TO_LAB
SCH Lab Initialized.SCH Lab v7.0.1+dev1 (Draco) DEV BUILD, based on v7.0.1, EDS disabled
1980-012-14:05:08.09440 CFE_ES_ParseFileEntry: Loading file: /cf/sample_app.so, APP: SAMPLE_APP
EVS Port1 1980-012-14:05:08.10554 66/1/TO_LAB 1: TO Lab Initialized.TO Lab v7.0.1+dev1 (Draco) DEV BUILD, based on v7.0.1, EDS disabled, Awaiting enable command.
EVS Port1 1980-012-14:05:08.10821 66/1/CFE_SB 14: No subscribers for MsgId 0x808,sender TO_LAB
EVS Port1 1980-012-14:05:08.20465 66/1/SAMPLE_APP 1: Sample App Initialized.Sample App v7.0.0+dev1 (Draco) DEV BUILD, based on v7.0.1, EDS disabled
1980-012-14:05:08.22233 CFE_ES_ParseFileEntry: Loading file: /cf/ai_learner.so, APP: AI_LEARNER
1980-012-14:05:08.22757 CI_LAB listening on UDP port: 1234
EVS Port1 1980-012-14:05:08.22921 66/1/CI_LAB 3: CI Lab Initialized.CI Lab App v7.0.1+dev1 (Draco) DEV BUILD, based on v7.0.1, EDS disabled
1980-012-14:05:08.26243 CFE_ES_ParseFileEntry: Loading file: /cf/lc.so, APP: LC
1980-012-14:05:08.28706 CFE_ES_ParseFileEntry: Loading file: /cf/cf.so, APP: CF
{"app":"AI_LEARNER","stage":"stack","es_stack_size":264063,"stack_base_bytes":262144,"contract_kernel_stack_bytes":1919,"kernel_stack_accounted":true}
{"app":"AI_LEARNER","stage":"admission","verdict":"ADMIT","model":"smartcam","target":"aarch64-unknown-linux-gnu","bounded":18222796,"budget":18222797,"budget_source":"macro","per_call":9382092,"constants":8840704,"kernel_stack_bytes":1919,"bound_known":true,"scope":"per_app_local_budget"}
EVS Port1 1980-012-14:05:08.30683 66/1/AI_LEARNER 8: AI_LEARNER stack: es=264063 base=262144 kernel=1919 accounted=1
EVS Port1 1980-012-14:05:08.34719 66/1/LC 56: WDT verify results: good = 0, bad = 0, unused = 176
EVS Port1 1980-012-14:05:08.36328 66/1/LC 66: ADT verify results: good = 0, bad = 0, unused = 176
1980-012-14:05:08.36450 CFE_ES_ParseFileEntry: Loading file: /cf/ds.so, APP: DS
EVS Port1 1980-012-14:05:08.37019 66/1/LC 23: LC use of Critical Data Store disabled, activity mask = 0x00991990
EVS Port1 1980-012-14:05:08.37538 66/1/LC 2: LC Initialized. Version 7.0.1.255
EVS Port1 1980-012-14:05:08.41976 66/1/CF 20: CF Initialized. Version 7.0.1.255
1980-012-14:05:08.44579 CFE_ES_ParseFileEntry: Loading file: /cf/fm.so, APP: FM
EVS Port1 1980-012-14:05:08.47866 66/1/DS 10: Destination file table verify results: good entries = 6, bad = 0, unused = 10
EVS Port1 1980-012-14:05:08.49334 66/1/DS 12: Filter table verify results: good entries = 14, bad = 0, unused = 242
EVS Port1 1980-012-14:05:08.50566 66/1/DS 1: Application initialized, version 7.0.1.255, data at 0xee3cc5ac0460
1980-012-14:05:08.52819 CFE_ES_ParseFileEntry: Loading file: /cf/hk.so, APP: HK
EVS Port1 1980-012-14:05:08.54475 66/1/FM 80: Free Space Table verify results: good entries = 3, bad = 0, unused = 5
EVS Port1 1980-012-14:05:08.56365 66/1/FM 1: Initialization complete: version 7.0.1.255
1980-012-14:05:08.59659 CFE_ES_ParseFileEntry: Loading file: /cf/hs.so, APP: HS
EVS Port1 1980-012-14:05:08.61840 66/1/FM 72: Child Task initialization complete
EVS Port1 1980-012-14:05:08.63873 66/1/HK 1: HK Initialized.  Version 7.0.1.255
1980-012-14:05:08.67058 CFE_ES_ParseFileEntry: Loading file: /cf/mm.so, APP: MM
EVS Port1 1980-012-14:05:08.70103 66/1/HS 54: ExeCount verify results: good = 5, bad = 0, unused = 27
EVS Port1 1980-012-14:05:08.71467 66/1/HS 50: AppMon verify results: good = 0, bad = 0, unused = 32
EVS Port1 1980-012-14:05:08.72380 66/1/HS 52: EventMon verify results: good = 0, bad = 0, unused = 16
EVS Port1 1980-012-14:05:08.74038 66/1/HS 56: MsgActs verify results: good = 2, bad = 0, unused = 6
1980-012-14:05:08.75020 HS_SysMonInit(): System Monitor using PSP device ID 0110ff05
EVS Port1 1980-012-14:05:08.76443 66/1/MM 1: MM Initialized. Version 7.0.1.255
1980-012-14:05:08.77040 CFE_ES_ParseFileEntry: Loading file: /cf/sc.so, APP: SC
CFE_PSP(Linux_SysMon): Started CPU utilization monitoring on 1 CPU(s)
EVS Port1 1980-012-14:05:08.78244 66/1/HS 1: HS Initialized.  Version 7.0.1.255
1980-012-14:05:08.84629 CFE_ES_ParseFileEntry: Loading file: /cf/md.so, APP: MD
EVS Port1 1980-012-14:05:08.91242 66/1/SC 21: RTS table files not loaded at initialization = 0 of 4
EVS Port1 1980-012-14:05:08.92173 66/1/SC 9: SC Initialized. Version 7.0.1.255
1980-012-14:05:08.92866 CFE_ES_ParseFileEntry: Loading file: /cf/cs.so, APP: CS
EVS Port1 1980-012-14:05:08.94175 66/1/MD 52: MD Dwell Tbl verify results: good = 0, bad = 0, unused = 25
EVS Port1 1980-012-14:05:08.94723 66/1/MD 3: Recovered Dwell Table #1 is valid and has been copied to the MD App
EVS Port1 1980-012-14:05:08.95080 66/1/MD 52: MD Dwell Tbl verify results: good = 0, bad = 0, unused = 25
EVS Port1 1980-012-14:05:08.95706 66/1/MD 3: Recovered Dwell Table #2 is valid and has been copied to the MD App
EVS Port1 1980-012-14:05:08.95768 66/1/MD 52: MD Dwell Tbl verify results: good = 0, bad = 0, unused = 25
EVS Port1 1980-012-14:05:08.96646 66/1/MD 3: Recovered Dwell Table #3 is valid and has been copied to the MD App
EVS Port1 1980-012-14:05:08.97872 66/1/MD 52: MD Dwell Tbl verify results: good = 0, bad = 0, unused = 25
EVS Port1 1980-012-14:05:08.98231 66/1/MD 3: Recovered Dwell Table #4 is valid and has been copied to the MD App
EVS Port1 1980-012-14:05:08.98567 66/1/MD 7: Dwell Tables Recovered: 4, Dwell Tables Initialized: 0
EVS Port1 1980-012-14:05:08.98803 66/1/MD 1: MD Initialized.  Version 7.0.1.255
EVS Port1 1980-012-14:05:09.05429 66/1/CS 144: CS EEPROM Table verification results: good = 0, bad = 0, unused = 16
EVS Port1 1980-012-14:05:09.06002 66/1/CS 107: CS EEPROM Table: No valid entries in the table
EVS Port1 1980-012-14:05:09.06904 66/1/CS 143: CS Memory Table verification results: good = 0, bad = 0, unused = 16
EVS Port1 1980-012-14:05:09.07313 66/1/CS 107: CS Memory Table: No valid entries in the table
EVS Port1 1980-012-14:05:09.08319 66/1/CS 139: CS Tables Table verification results: good = 1, bad = 0, unused = 23
EVS Port1 1980-012-14:05:09.09471 66/1/CS 142: CS Apps Table verification results: good = 0, bad = 0, unused = 24
EVS Port1 1980-012-14:05:09.10035 66/1/CS 108: CS Apps Table: No valid entries in the table
EVS Port1 1980-012-14:05:09.10362 66/1/CS 127: OS Text Segment disabled due to platform
EVS Port1 1980-012-14:05:09.10563 66/1/CS 1: CS Initialized. Version 7.0.1.255
{"app":"AI_LEARNER","stage":"binding","verdict":"MATCH","artifact_bytes":8991281,"artifact_sha256":"ecffe6e0bcbadf51","contract_sha256":"ecffe6e0bcbadf51"}
1980-012-14:05:09.99768 CFE_ES_Main: Startup Sync failed - Applications may not have all initialized
1980-012-14:05:09.99805 CFE_ES_Main: CFE_ES_Main entering APPS_INIT state
{"app":"AI_LEARNER","stage":"map_branch","model":"smartcam","module_ptr_mod64":0,"hal_peak_after_append":0,"contract_const_bytes":8840704,"contract_per_call_bytes":9382092,"arm":"map","admission_mode":"unconditional"}
{"app":"AI_LEARNER","stage":"mem_init","model":"smartcam","target":"aarch64-unknown-linux-gnu","hal_peak":602112,"hal_allocated":602112,"bounded":18222796,"peak_within_bounded":true,"inferences_so_far":0,"process_rss_kb":15940,"rss_kb_before_runtime":14200,"rss_kb_after_session":14488,"rss_kb_after_init":15940}
{"app":"AI_LEARNER","stage":"e25_mode","active":false,"inputs_path":"/cf/e25_inputs.bin"}
EVS Port1 1980-012-14:05:10.06770 66/1/AI_LEARNER 3: AI_LEARNER initialized: model smartcam (8991281 B), rss_delta_init=1740 KB
1980-012-14:05:10.10024 CFE_ES_Main: CFE_ES_Main entering OPERATIONAL state
EVS Port1 1980-012-14:05:10.10650 66/1/TO_LAB 19: L550 TO Lab subscribed to 32 messages from the table
EVS Port1 1980-012-14:05:10.00489 66/1/CFE_TIME 21: Stop FLYWHEEL
.EVS Port1 1980-012-14:05:20.67619 66/1/AI_LEARNER 4: AI_LEARNER completed=1/1 mean=8004049.3us max=8004049.3us hal_peak=9382092 within_bounded=1
{"app":"AI_LEARNER","stage":"run","model":"smartcam","target":"aarch64-unknown-linux-gnu","attempted":1,"completed":1,"fail_input":0,"fail_invoke":0,"fail_output":0,"mean_us":8004049.31,"max_us":8004049.31,"last_us":8004049.31,"out0":0.82019,"out":[0.820189,0.143310,0.036500]}
{"app":"AI_LEARNER","stage":"mem","model":"smartcam","target":"aarch64-unknown-linux-gnu","completed":1,"hal_peak":9382092,"peak_within_bounded":true,"admitted_budget_bytes":18222797,"peak_within_admitted_budget":true,"admission_mode":"unconditional","hal_bytes_per_call_amortized":9382092.0,"process_rss_kb":16564,"process_rss_delta_init_kb":1740}
..{"app":"AI_LEARNER","stage":"run","model":"smartcam","target":"aarch64-unknown-linux-gnu","attempted":2,"completed":2,"fail_input":0,"fail_invoke":0,"fail_output":0,"mean_us":7939644.69,"max_us":8004049.31,"last_us":7875240.06,"out0":0.82019,"out":[0.820189,0.143310,0.036500]}
EVS Port1 1980-012-14:05:28.56364 66/1/AI_LEARNER 4: AI_LEARNER completed=2/2 mean=7939644.7us max=8004049.3us hal_peak=9382092 within_bounded=1
{"app":"AI_LEARNER","stage":"mem","model":"smartcam","target":"aarch64-unknown-linux-gnu","completed":2,"hal_peak":9382092,"peak_within_bounded":true,"admitted_budget_bytes":18222797,"peak_within_admitted_budget":true,"admission_mode":"unconditional","hal_bytes_per_call_amortized":9081036.0,"process_rss_kb":25140,"process_rss_delta_init_kb":1740}
.EVS Port1 1980-012-14:05:35.00396 66/1/CFE_TIME 21: Stop FLYWHEEL
EVS Port1 1980-012-14:05:35.99978 66/1/CFE_TIME 20: Start FLYWHEEL
EVS Port1 1980-012-14:05:37.15315 66/1/AI_LEARNER 4: AI_LEARNER completed=3/3 mean=8166177.2us max=8619242.3us hal_peak=9382092 within_bounded=1
{"app":"AI_LEARNER","stage":"run","model":"smartcam","target":"aarch64-unknown-linux-gnu","attempted":3,"completed":3,"fail_input":0,"fail_invoke":0,"fail_output":0,"mean_us":8166177.22,"max_us":8619242.27,"last_us":8619242.27,"out0":0.82019,"out":[0.820189,0.143310,0.036500]}
{"app":"AI_LEARNER","stage":"mem","model":"smartcam","target":"aarch64-unknown-linux-gnu","completed":3,"hal_peak":9382092,"peak_within_bounded":true,"admitted_budget_bytes":18222797,"peak_within_admitted_budget":true,"admission_mode":"unconditional","hal_bytes_per_call_amortized":8980684.0,"process_rss_kb":25144,"process_rss_delta_init_kb":1740}
.EVS Port1 1980-012-14:05:44.65124 66/1/CFE_SB 17: Msg Limit Err,MsgId 0x800,pipe AI_LEARNER_PIPE,sender CFE_ES
{"app":"AI_LEARNER","stage":"run","model":"smartcam","target":"aarch64-unknown-linux-gnu","attempted":4,"completed":4,"fail_input":0,"fail_invoke":0,"fail_output":0,"mean_us":8013587.44,"max_us":8619242.27,"last_us":7555818.11,"out0":0.82019,"out":[0.820189,0.143310,0.036500]}
EVS Port1 1980-012-14:05:44.73138 66/1/AI_LEARNER 4: AI_LEARNER completed=4/4 mean=8013587.4us max=8619242.3us hal_peak=9382092 within_bounded=1
{"app":"AI_LEARNER","stage":"mem","model":"smartcam","target":"aarch64-unknown-linux-gnu","completed":4,"hal_peak":9382092,"peak_within_bounded":true,"admitted_budget_bytes":18222797,"peak_within_admitted_budget":true,"admission_mode":"unconditional","hal_bytes_per_call_amortized":8930508.0,"process_rss_kb":25144,"process_rss_delta_init_kb":1740}
..EVS Port1 1980-012-14:05:52.50112 66/1/AI_LEARNER 4: AI_LEARNER completed=5/5 mean=7962054.0us max=8619242.3us hal_peak=9382092 within_bounded=1
{"app":"AI_LEARNER","stage":"run","model":"smartcam","target":"aarch64-unknown-linux-gnu","attempted":5,"completed":5,"fail_input":0,"fail_invoke":0,"fail_output":0,"mean_us":7962053.96,"max_us":8619242.27,"last_us":7755920.02,"out0":0.82019,"out":[0.820189,0.143310,0.036500]}
{"app":"AI_LEARNER","stage":"mem","model":"smartcam","target":"aarch64-unknown-linux-gnu","completed":5,"hal_peak":9382092,"peak_within_bounded":true,"admitted_budget_bytes":18222797,"peak_within_admitted_budget":true,"admission_mode":"unconditional","hal_bytes_per_call_amortized":8900402.4,"process_rss_kb":25144,"process_rss_delta_init_kb":1740}
EVS Port1 1980-012-14:05:56.64787 66/1/CFE_SB 17: Msg Limit Err,MsgId 0x800,pipe AI_LEARNER_PIPE,sender CFE_ES
.EVS Port1 1980-012-14:06:00.67977 66/1/CFE_SB 17: Msg Limit Err,MsgId 0x800,pipe AI_LEARNER_PIPE,sender CFE_ES
EVS Port1 1980-012-14:06:00.75224 66/1/AI_LEARNER 4: AI_LEARNER completed=6/6 mean=8008279.3us max=8619242.3us hal_peak=9382092 within_bounded=1
{"app":"AI_LEARNER","stage":"run","model":"smartcam","target":"aarch64-unknown-linux-gnu","attempted":6,"completed":6,"fail_input":0,"fail_invoke":0,"fail_output":0,"mean_us":8008279.27,"max_us":8619242.27,"last_us":8239405.82,"out0":0.82019,"out":[0.820189,0.143310,0.036500]}
{"app":"AI_LEARNER","stage":"mem","model":"smartcam","target":"aarch64-unknown-linux-gnu","completed":6,"hal_peak":9382092,"peak_within_bounded":true,"admitted_budget_bytes":18222797,"peak_within_admitted_budget":true,"admission_mode":"unconditional","hal_bytes_per_call_amortized":8880332.0,"process_rss_kb":25148,"process_rss_delta_init_kb":1740}
EVS Port1 1980-012-14:06:02.00930 66/1/CFE_TIME 21: Stop FLYWHEEL
EVS Port1 1980-012-14:06:03.01718 66/1/CFE_TIME 20: Start FLYWHEEL
.EVS Port1 1980-012-14:06:04.00624 66/1/CFE_TIME 21: Stop FLYWHEEL
EVS Port1 1980-012-14:06:05.00694 66/1/CFE_TIME 20: Start FLYWHEEL
EVS Port1 1980-012-14:06:07.00315 66/1/CFE_TIME 21: Stop FLYWHEEL
EVS Port1 1980-012-14:06:07.99917 66/1/CFE_TIME 20: Start FLYWHEEL
EVS Port1 1980-012-14:06:08.63313 66/1/CFE_SB 17: Msg Limit Err,MsgId 0x800,pipe AI_LEARNER_PIPE,sender CFE_ES
EVS Port1 1980-012-14:06:09.46601 66/1/AI_LEARNER 4: AI_LEARNER completed=7/7 mean=8118860.4us max=8782347.0us hal_peak=9382092 within_bounded=1
{"app":"AI_LEARNER","stage":"run","model":"smartcam","target":"aarch64-unknown-linux-gnu","attempted":7,"completed":7,"fail_input":0,"fail_invoke":0,"fail_output":0,"mean_us":8118860.38,"max_us":8782347.04,"last_us":8782347.04,"out0":0.82019,"out":[0.820189,0.143310,0.036500]}
{"app":"AI_LEARNER","stage":"mem","model":"smartcam","target":"aarch64-unknown-linux-gnu","completed":7,"hal_peak":9382092,"peak_within_bounded":true,"admitted_budget_bytes":18222797,"peak_within_admitted_budget":true,"admission_mode":"unconditional","hal_bytes_per_call_amortized":8865996.0,"process_rss_kb":25148,"process_rss_delta_init_kb":1740}
..EVS Port1 1980-012-14:06:16.64360 66/1/CFE_SB 17: Msg Limit Err,MsgId 0x800,pipe AI_LEARNER_PIPE,sender CFE_ES
EVS Port1 1980-012-14:06:17.74026 66/1/AI_LEARNER 4: AI_LEARNER completed=8/8 mean=8137582.2us max=8782347.0us hal_peak=9382092 within_bounded=1
{"app":"AI_LEARNER","stage":"run","model":"smartcam","target":"aarch64-unknown-linux-gnu","attempted":8,"completed":8,"fail_input":0,"fail_invoke":0,"fail_output":0,"mean_us":8137582.16,"max_us":8782347.04,"last_us":8268634.67,"out0":0.82019,"out":[0.820189,0.143310,0.036500]}
{"app":"AI_LEARNER","stage":"mem","model":"smartcam","target":"aarch64-unknown-linux-gnu","completed":8,"hal_peak":9382092,"peak_within_bounded":true,"admitted_budget_bytes":18222797,"peak_within_admitted_budget":true,"admission_mode":"unconditional","hal_bytes_per_call_amortized":8855244.0,"process_rss_kb":25148,"process_rss_delta_init_kb":1740}
.EVS Port1 1980-012-14:06:24.68583 66/1/CFE_SB 17: Msg Limit Err,MsgId 0x800,pipe AI_LEARNER_PIPE,sender CFE_ES
EVS Port1 1980-012-14:06:27.00900 66/1/AI_LEARNER 4: AI_LEARNER completed=9/9 mean=8261080.6us max=9249068.1us hal_peak=9382092 within_bounded=1
{"app":"AI_LEARNER","stage":"run","model":"smartcam","target":"aarch64-unknown-linux-gnu","attempted":9,"completed":9,"fail_input":0,"fail_invoke":0,"fail_output":0,"mean_us":8261080.60,"max_us":9249068.08,"last_us":9249068.08,"out0":0.82019,"out":[0.820189,0.143310,0.036500]}
{"app":"AI_LEARNER","stage":"mem","model":"smartcam","target":"aarch64-unknown-linux-gnu","completed":9,"hal_peak":9382092,"peak_within_bounded":true,"admitted_budget_bytes":18222797,"peak_within_admitted_budget":true,"admission_mode":"unconditional","hal_bytes_per_call_amortized":8846881.3,"process_rss_kb":25148,"process_rss_delta_init_kb":1740}
.EVS Port1 1980-012-14:06:32.68061 66/1/CFE_SB 17: Msg Limit Err,MsgId 0x800,pipe AI_LEARNER_PIPE,sender CFE_ES
.EVS Port1 1980-012-14:06:34.00421 66/1/CFE_TIME 21: Stop FLYWHEEL
EVS Port1 1980-012-14:06:34.99797 66/1/CFE_TIME 20: Start FLYWHEEL
EVS Port1 1980-012-14:06:36.60011 66/1/AI_LEARNER 4: AI_LEARNER completed=10/10 mean=8394001.8us max=9590293.0us hal_peak=9382092 within_bounded=1
{"app":"AI_LEARNER","stage":"run","model":"smartcam","target":"aarch64-unknown-linux-gnu","attempted":10,"completed":10,"fail_input":0,"fail_invoke":0,"fail_output":0,"mean_us":8394001.84,"max_us":9590293.02,"last_us":9590293.02,"out0":0.82019,"out":[0.820189,0.143310,0.036500]}
{"app":"AI_LEARNER","stage":"mem","model":"smartcam","target":"aarch64-unknown-linux-gnu","completed":10,"hal_peak":9382092,"peak_within_bounded":true,"admitted_budget_bytes":18222797,"peak_within_admitted_budget":true,"admission_mode":"unconditional","hal_bytes_per_call_amortized":8840191.2,"process_rss_kb":25148,"process_rss_delta_init_kb":1740}
.EVS Port1 1980-012-14:06:40.64303 66/1/CFE_SB 17: Msg Limit Err,MsgId 0x800,pipe AI_LEARNER_PIPE,sender CFE_ES
EVS Port1 1980-012-14:06:44.69132 66/1/CFE_SB 17: Msg Limit Err,MsgId 0x800,pipe AI_LEARNER_PIPE,sender CFE_ES
.{"app":"AI_LEARNER","stage":"run","model":"smartcam","target":"aarch64-unknown-linux-gnu","attempted":11,"completed":11,"fail_input":0,"fail_invoke":0,"fail_output":0,"mean_us":8487467.66,"max_us":9590293.02,"last_us":9422125.82,"out0":0.82019,"out":[0.820189,0.143310,0.036500]}
EVS Port1 1980-012-14:06:46.02897 66/1/AI_LEARNER 4: AI_LEARNER completed=11/11 mean=8487467.7us max=9590293.0us hal_peak=9382092 within_bounded=1
{"app":"AI_LEARNER","stage":"mem","model":"smartcam","target":"aarch64-unknown-linux-gnu","completed":11,"hal_peak":9382092,"peak_within_bounded":true,"admitted_budget_bytes":18222797,"peak_within_admitted_budget":true,"admission_mode":"unconditional","hal_bytes_per_call_amortized":8834717.5,"process_rss_kb":25148,"process_rss_delta_init_kb":1740}
.EVS Port1 1980-012-14:06:52.64923 66/1/CFE_SB 17: Msg Limit Err,MsgId 0x800,pipe AI_LEARNER_PIPE,sender CFE_ES
{"app":"AI_LEARNER","stage":"run","model":"smartcam","target":"aarch64-unknown-linux-gnu","attempted":12,"completed":12,"fail_input":0,"fail_invoke":0,"fail_output":0,"mean_us":8441991.03,"max_us":9590293.02,"last_us":7941748.08,"out0":0.82019,"out":[0.820189,0.143310,0.036500]}
EVS Port1 1980-012-14:06:53.98834 66/1/AI_LEARNER 4: AI_LEARNER completed=12/12 mean=8441991.0us max=9590293.0us hal_peak=9382092 within_bounded=1
{"app":"AI_LEARNER","stage":"mem","model":"smartcam","target":"aarch64-unknown-linux-gnu","completed":12,"hal_peak":9382092,"peak_within_bounded":true,"admitted_budget_bytes":18222797,"peak_within_admitted_budget":true,"admission_mode":"unconditional","hal_bytes_per_call_amortized":8830156.0,"process_rss_kb":25148,"process_rss_delta_init_kb":1740}
.EVS Port1 1980-012-14:07:00.72288 66/1/CFE_SB 17: Msg Limit Err,MsgId 0x800,pipe AI_LEARNER_PIPE,sender CFE_ES
EVS Port1 1980-012-14:07:02.00680 66/1/CFE_TIME 21: Stop FLYWHEEL
EVS Port1 1980-012-14:07:02.14878 66/1/AI_LEARNER 4: AI_LEARNER completed=13/13 mean=8424052.6us max=9590293.0us hal_peak=9382092 within_bounded=1
{"app":"AI_LEARNER","stage":"run","model":"smartcam","target":"aarch64-unknown-linux-gnu","attempted":13,"completed":13,"fail_input":0,"fail_invoke":0,"fail_output":0,"mean_us":8424052.62,"max_us":9590293.02,"last_us":8208791.71,"out0":0.82019,"out":[0.820189,0.143310,0.036500]}
{"app":"AI_LEARNER","stage":"mem","model":"smartcam","target":"aarch64-unknown-linux-gnu","completed":13,"hal_peak":9382092,"peak_within_bounded":true,"admitted_budget_bytes":18222797,"peak_within_admitted_budget":true,"admission_mode":"unconditional","hal_bytes_per_call_amortized":8826296.3,"process_rss_kb":25148,"process_rss_delta_init_kb":1740}
EVS Port1 1980-012-14:07:02.99514 66/1/CFE_TIME 20: Start FLYWHEEL
.EVS Port1 1980-012-14:07:08.67300 66/1/CFE_SB 17: Msg Limit Err,MsgId 0x800,pipe AI_LEARNER_PIPE,sender CFE_ES
{"app":"AI_LEARNER","stage":"run","model":"smartcam","target":"aarch64-unknown-linux-gnu","attempted":14,"completed":14,"fail_input":0,"fail_invoke":0,"fail_output":0,"mean_us":8363746.91,"max_us":9590293.02,"last_us":7579772.64,"out0":0.82019,"out":[0.820189,0.143310,0.036500]}
EVS Port1 1980-012-14:07:09.73115 66/1/AI_LEARNER 4: AI_LEARNER completed=14/14 mean=8363746.9us max=9590293.0us hal_peak=9382092 within_bounded=1
{"app":"AI_LEARNER","stage":"mem","model":"smartcam","target":"aarch64-unknown-linux-gnu","completed":14,"hal_peak":9382092,"peak_within_bounded":true,"admitted_budget_bytes":18222797,"peak_within_admitted_budget":true,"admission_mode":"unconditional","hal_bytes_per_call_amortized":8822988.0,"process_rss_kb":25148,"process_rss_delta_init_kb":1740}
..EVS Port1 1980-012-14:07:16.63925 66/1/CFE_SB 17: Msg Limit Err,MsgId 0x800,pipe AI_LEARNER_PIPE,sender CFE_ES
EVS Port1 1980-012-14:07:17.72341 66/1/AI_LEARNER 4: AI_LEARNER completed=15/15 mean=8337510.5us max=9590293.0us hal_peak=9382092 within_bounded=1
{"app":"AI_LEARNER","stage":"run","model":"smartcam","target":"aarch64-unknown-linux-gnu","attempted":15,"completed":15,"fail_input":0,"fail_invoke":0,"fail_output":0,"mean_us":8337510.48,"max_us":9590293.02,"last_us":7970200.53,"out0":0.82019,"out":[0.820189,0.143310,0.036500]}
{"app":"AI_LEARNER","stage":"mem","model":"smartcam","target":"aarch64-unknown-linux-gnu","completed":15,"hal_peak":9382092,"peak_within_bounded":true,"admitted_budget_bytes":18222797,"peak_within_admitted_budget":true,"admission_mode":"unconditional","hal_bytes_per_call_amortized":8820120.8,"process_rss_kb":25148,"process_rss_delta_init_kb":1740}
.EVS Port1 1980-012-14:07:24.64384 66/1/CFE_SB 17: Msg Limit Err,MsgId 0x800,pipe AI_LEARNER_PIPE,sender CFE_ES
EVS Port1 1980-012-14:07:25.46435 66/1/AI_LEARNER 4: AI_LEARNER completed=16/16 mean=8299565.0us max=9590293.0us hal_peak=9382092 within_bounded=1
{"app":"AI_LEARNER","stage":"run","model":"smartcam","target":"aarch64-unknown-linux-gnu","attempted":16,"completed":16,"fail_input":0,"fail_invoke":0,"fail_output":0,"mean_us":8299565.02,"max_us":9590293.02,"last_us":7730383.07,"out0":0.82019,"out":[0.820189,0.143310,0.036500]}
{"app":"AI_LEARNER","stage":"mem","model":"smartcam","target":"aarch64-unknown-linux-gnu","completed":16,"hal_peak":9382092,"peak_within_bounded":true,"admitted_budget_bytes":18222797,"peak_within_admitted_budget":true,"admission_mode":"unconditional","hal_bytes_per_call_amortized":8817612.0,"process_rss_kb":25148,"process_rss_delta_init_kb":1740}
.EVS Port1 1980-012-14:07:32.64501 66/1/CFE_SB 17: Msg Limit Err,MsgId 0x800,pipe AI_LEARNER_PIPE,sender CFE_ES
EVS Port1 1980-012-14:07:33.49211 66/1/AI_LEARNER 4: AI_LEARNER completed=17/17 mean=8282993.0us max=9590293.0us hal_peak=9382092 within_bounded=1
{"app":"AI_LEARNER","stage":"run","model":"smartcam","target":"aarch64-unknown-linux-gnu","attempted":17,"completed":17,"fail_input":0,"fail_invoke":0,"fail_output":0,"mean_us":8282992.99,"max_us":9590293.02,"last_us":8017840.51,"out0":0.82019,"out":[0.820189,0.143310,0.036500]}
{"app":"AI_LEARNER","stage":"mem","model":"smartcam","target":"aarch64-unknown-linux-gnu","completed":17,"hal_peak":9382092,"peak_within_bounded":true,"admitted_budget_bytes":18222797,"peak_within_admitted_budget":true,"admission_mode":"unconditional","hal_bytes_per_call_amortized":8815398.4,"process_rss_kb":25148,"process_rss_delta_init_kb":1740}
.EVS Port1 1980-012-14:07:35.18353 66/1/HS 61: CPU Hogging Detected
1980-012-14:07:35.19012 HS App: CPU Hogging Detected
.EVS Port1 1980-012-14:07:40.64489 66/1/CFE_SB 17: Msg Limit Err,MsgId 0x800,pipe AI_LEARNER_PIPE,sender CFE_ES
EVS Port1 1980-012-14:07:41.91381 66/1/AI_LEARNER 4: AI_LEARNER completed=18/18 mean=8290573.4us max=9590293.0us hal_peak=9382092 within_bounded=1
{"app":"AI_LEARNER","stage":"run","model":"smartcam","target":"aarch64-unknown-linux-gnu","attempted":18,"completed":18,"fail_input":0,"fail_invoke":0,"fail_output":0,"mean_us":8290573.41,"max_us":9590293.02,"last_us":8419440.56,"out0":0.82019,"out":[0.820189,0.143310,0.036500]}
{"app":"AI_LEARNER","stage":"mem","model":"smartcam","target":"aarch64-unknown-linux-gnu","completed":18,"hal_peak":9382092,"peak_within_bounded":true,"admitted_budget_bytes":18222797,"peak_within_admitted_budget":true,"admission_mode":"unconditional","hal_bytes_per_call_amortized":8813430.7,"process_rss_kb":25148,"process_rss_delta_init_kb":1740}
.EVS Port1 1980-012-14:07:50.41835 66/1/AI_LEARNER 4: AI_LEARNER completed=19/19 mean=8301796.7us max=9590293.0us hal_peak=9382092 within_bounded=1
{"app":"AI_LEARNER","stage":"run","model":"smartcam","target":"aarch64-unknown-linux-gnu","attempted":19,"completed":19,"fail_input":0,"fail_invoke":0,"fail_output":0,"mean_us":8301796.70,"max_us":9590293.02,"last_us":8503816.00,"out0":0.82019,"out":[0.820189,0.143310,0.036500]}
{"app":"AI_LEARNER","stage":"mem","model":"smartcam","target":"aarch64-unknown-linux-gnu","completed":19,"hal_peak":9382092,"peak_within_bounded":true,"admitted_budget_bytes":18222797,"peak_within_admitted_budget":true,"admission_mode":"unconditional","hal_bytes_per_call_amortized":8811670.1,"process_rss_kb":25148,"process_rss_delta_init_kb":1740}
..{"app":"AI_LEARNER","stage":"run","model":"smartcam","target":"aarch64-unknown-linux-gnu","attempted":20,"completed":20,"fail_input":0,"fail_invoke":0,"fail_output":0,"mean_us":8314936.44,"max_us":9590293.02,"last_us":8564591.52,"out0":0.82019,"out":[0.820189,0.143310,0.036500]}
EVS Port1 1980-012-14:07:58.98428 66/1/AI_LEARNER 4: AI_LEARNER completed=20/20 mean=8314936.4us max=9590293.0us hal_peak=9382092 within_bounded=1
{"app":"AI_LEARNER","stage":"mem","model":"smartcam","target":"aarch64-unknown-linux-gnu","completed":20,"hal_peak":9382092,"peak_within_bounded":true,"admitted_budget_bytes":18222797,"peak_within_admitted_budget":true,"admission_mode":"unconditional","hal_bytes_per_call_amortized":8810085.6,"process_rss_kb":25148,"process_rss_delta_init_kb":1740}
EVS Port1 1980-012-14:08:02.00694 66/1/CFE_TIME 21: Stop FLYWHEEL
EVS Port1 1980-012-14:08:02.99855 66/1/CFE_TIME 20: Start FLYWHEEL
.EVS Port1 1980-012-14:08:06.00498 66/1/CFE_TIME 21: Stop FLYWHEEL
EVS Port1 1980-012-14:08:06.99391 66/1/CFE_TIME 20: Start FLYWHEEL
{"app":"AI_LEARNER","stage":"run","model":"smartcam","target":"aarch64-unknown-linux-gnu","attempted":21,"completed":21,"fail_input":0,"fail_invoke":0,"fail_output":0,"mean_us":8357258.86,"max_us":9590293.02,"last_us":9203707.30,"out0":0.82019,"out":[0.820189,0.143310,0.036500]}
EVS Port1 1980-012-14:08:08.12844 66/1/AI_LEARNER 4: AI_LEARNER completed=21/21 mean=8357258.9us max=9590293.0us hal_peak=9382092 within_bounded=1
{"app":"AI_LEARNER","stage":"mem","model":"smartcam","target":"aarch64-unknown-linux-gnu","completed":21,"hal_peak":9382092,"peak_within_bounded":true,"admitted_budget_bytes":18222797,"peak_within_admitted_budget":true,"admission_mode":"unconditional","hal_bytes_per_call_amortized":8808652.0,"process_rss_kb":25148,"process_rss_delta_init_kb":1740}
.EVS Port1 1980-012-14:08:15.82508 66/1/AI_LEARNER 4: AI_LEARNER completed=22/22 mean=8326939.0us max=9590293.0us hal_peak=9382092 within_bounded=1
{"app":"AI_LEARNER","stage":"run","model":"smartcam","target":"aarch64-unknown-linux-gnu","attempted":22,"completed":22,"fail_input":0,"fail_invoke":0,"fail_output":0,"mean_us":8326938.98,"max_us":9590293.02,"last_us":7690221.39,"out0":0.81107,"out":[0.811066,0.150366,0.038568]}
{"app":"AI_LEARNER","stage":"mem","model":"smartcam","target":"aarch64-unknown-linux-gnu","completed":22,"hal_peak":9382092,"peak_within_bounded":true,"admitted_budget_bytes":18222797,"peak_within_admitted_budget":true,"admission_mode":"unconditional","hal_bytes_per_call_amortized":8807348.7,"process_rss_kb":25148,"process_rss_delta_init_kb":1740}
..EVS Port1 1980-012-14:08:24.00241 66/1/CFE_TIME 21: Stop FLYWHEEL
{"app":"AI_LEARNER","stage":"run","model":"smartcam","target":"aarch64-unknown-linux-gnu","attempted":23,"completed":23,"fail_input":0,"fail_invoke":0,"fail_output":0,"mean_us":8324675.26,"max_us":9590293.02,"last_us":8274873.44,"out0":0.81107,"out":[0.811066,0.150366,0.038568]}
EVS Port1 1980-012-14:08:24.10200 66/1/AI_LEARNER 4: AI_LEARNER completed=23/23 mean=8324675.3us max=9590293.0us hal_peak=9382092 within_bounded=1
{"app":"AI_LEARNER","stage":"mem","model":"smartcam","target":"aarch64-unknown-linux-gnu","completed":23,"hal_peak":9382092,"peak_within_bounded":true,"admitted_budget_bytes":18222797,"peak_within_admitted_budget":true,"admission_mode":"unconditional","hal_bytes_per_call_amortized":8806158.8,"process_rss_kb":25148,"process_rss_delta_init_kb":1740}
EVS Port1 1980-012-14:08:25.00099 66/1/CFE_TIME 20: Start FLYWHEEL
.{"app":"AI_LEARNER","stage":"run","model":"smartcam","target":"aarch64-unknown-linux-gnu","attempted":24,"completed":24,"fail_input":0,"fail_invoke":0,"fail_output":0,"mean_us":8372565.81,"max_us":9590293.02,"last_us":9474048.56,"out0":0.81107,"out":[0.811066,0.150366,0.038568]}
EVS Port1 1980-012-14:08:33.57505 66/1/AI_LEARNER 4: AI_LEARNER completed=24/24 mean=8372565.8us max=9590293.0us hal_peak=9382092 within_bounded=1
{"app":"AI_LEARNER","stage":"mem","model":"smartcam","target":"aarch64-unknown-linux-gnu","completed":24,"hal_peak":9382092,"peak_within_bounded":true,"admitted_budget_bytes":18222797,"peak_within_admitted_budget":true,"admission_mode":"unconditional","hal_bytes_per_call_amortized":8805068.0,"process_rss_kb":25148,"process_rss_delta_init_kb":1740}
.EVS Port1 1980-012-14:08:35.00631 66/1/CFE_TIME 21: Stop FLYWHEEL
EVS Port1 1980-012-14:08:35.99859 66/1/CFE_TIME 20: Start FLYWHEEL
.{"app":"AI_LEARNER","stage":"run","model":"smartcam","target":"aarch64-unknown-linux-gnu","attempted":25,"completed":25,"fail_input":0,"fail_invoke":0,"fail_output":0,"mean_us":8359263.26,"max_us":9590293.02,"last_us":8040001.87,"out0":0.81107,"out":[0.811066,0.150366,0.038568]}
EVS Port1 1980-012-14:08:41.61230 66/1/AI_LEARNER 4: AI_LEARNER completed=25/25 mean=8359263.3us max=9590293.0us hal_peak=9382092 within_bounded=1
{"app":"AI_LEARNER","stage":"mem","model":"smartcam","target":"aarch64-unknown-linux-gnu","completed":25,"hal_peak":9382092,"peak_within_bounded":true,"admitted_budget_bytes":18222797,"peak_within_admitted_budget":true,"admission_mode":"unconditional","hal_bytes_per_call_amortized":8804064.5,"process_rss_kb":25148,"process_rss_delta_init_kb":1740}
.EVS Port1 1980-012-14:08:49.22283 66/1/AI_LEARNER 4: AI_LEARNER completed=26/26 mean=8330059.8us max=9590293.0us hal_peak=9382092 within_bounded=1
{"app":"AI_LEARNER","stage":"run","model":"smartcam","target":"aarch64-unknown-linux-gnu","attempted":26,"completed":26,"fail_input":0,"fail_invoke":0,"fail_output":0,"mean_us":8330059.83,"max_us":9590293.02,"last_us":7599974.24,"out0":0.81107,"out":[0.811066,0.150366,0.038568]}
{"app":"AI_LEARNER","stage":"mem","model":"smartcam","target":"aarch64-unknown-linux-gnu","completed":26,"hal_peak":9382092,"peak_within_bounded":true,"admitted_budget_bytes":18222797,"peak_within_admitted_budget":true,"admission_mode":"unconditional","hal_bytes_per_call_amortized":8803138.2,"process_rss_kb":25148,"process_rss_delta_init_kb":1740}
.EVS Port1 1980-012-14:08:56.74534 66/1/AI_LEARNER 4: AI_LEARNER completed=27/27 mean=8299717.3us max=9590293.0us hal_peak=9382092 within_bounded=1
{"app":"AI_LEARNER","stage":"run","model":"smartcam","target":"aarch64-unknown-linux-gnu","attempted":27,"completed":27,"fail_input":0,"fail_invoke":0,"fail_output":0,"mean_us":8299717.28,"max_us":9590293.02,"last_us":7510810.80,"out0":0.81107,"out":[0.811066,0.150366,0.038568]}
{"app":"AI_LEARNER","stage":"mem","model":"smartcam","target":"aarch64-unknown-linux-gnu","completed":27,"hal_peak":9382092,"peak_within_bounded":true,"admitted_budget_bytes":18222797,"peak_within_admitted_budget":true,"admission_mode":"unconditional","hal_bytes_per_call_amortized":8802280.4,"process_rss_kb":25148,"process_rss_delta_init_kb":1740}
..EVS Port1 1980-012-14:09:04.87724 66/1/AI_LEARNER 4: AI_LEARNER completed=28/28 mean=8293629.7us max=9590293.0us hal_peak=9382092 within_bounded=1
{"app":"AI_LEARNER","stage":"run","model":"smartcam","target":"aarch64-unknown-linux-gnu","attempted":28,"completed":28,"fail_input":0,"fail_invoke":0,"fail_output":0,"mean_us":8293629.73,"max_us":9590293.02,"last_us":8129265.97,"out0":0.81107,"out":[0.811066,0.150366,0.038568]}
{"app":"AI_LEARNER","stage":"mem","model":"smartcam","target":"aarch64-unknown-linux-gnu","completed":28,"hal_peak":9382092,"peak_within_bounded":true,"admitted_budget_bytes":18222797,"peak_within_admitted_budget":true,"admission_mode":"unconditional","hal_bytes_per_call_amortized":8801484.0,"process_rss_kb":25148,"process_rss_delta_init_kb":1740}
EVS Port1 1980-012-14:09:06.00625 66/1/CFE_TIME 21: Stop FLYWHEEL
EVS Port1 1980-012-14:09:06.99760 66/1/CFE_TIME 20: Start FLYWHEEL
.EVS Port1 1980-012-14:09:13.01428 66/1/CFE_TIME 21: Stop FLYWHEEL
EVS Port1 1980-012-14:09:13.36024 66/1/AI_LEARNER 4: AI_LEARNER completed=29/29 mean=8302432.1us max=9590293.0us hal_peak=9382092 within_bounded=1
{"app":"AI_LEARNER","stage":"run","model":"smartcam","target":"aarch64-unknown-linux-gnu","attempted":29,"completed":29,"fail_input":0,"fail_invoke":0,"fail_output":0,"mean_us":8302432.06,"max_us":9590293.02,"last_us":8548897.44,"out0":0.81107,"out":[0.811066,0.150366,0.038568]}
{"app":"AI_LEARNER","stage":"mem","model":"smartcam","target":"aarch64-unknown-linux-gnu","completed":29,"hal_peak":9382092,"peak_within_bounded":true,"admitted_budget_bytes":18222797,"peak_within_admitted_budget":true,"admission_mode":"unconditional","hal_bytes_per_call_amortized":8800742.5,"process_rss_kb":25148,"process_rss_delta_init_kb":1740}
EVS Port1 1980-012-14:09:13.99705 66/1/CFE_TIME 20: Start FLYWHEEL
.{"app":"AI_LEARNER","stage":"run","model":"smartcam","target":"aarch64-unknown-linux-gnu","attempted":30,"completed":30,"fail_input":0,"fail_invoke":0,"fail_output":0,"mean_us":8289239.60,"max_us":9590293.02,"last_us":7906658.14,"out0":0.81107,"out":[0.811066,0.150366,0.038568]}
EVS Port1 1980-012-14:09:21.28324 66/1/AI_LEARNER 4: AI_LEARNER completed=30/30 mean=8289239.6us max=9590293.0us hal_peak=9382092 within_bounded=1
{"app":"AI_LEARNER","stage":"mem","model":"smartcam","target":"aarch64-unknown-linux-gnu","completed":30,"hal_peak":9382092,"peak_within_bounded":true,"admitted_budget_bytes":18222797,"peak_within_admitted_budget":true,"admission_mode":"unconditional","hal_bytes_per_call_amortized":8800050.4,"process_rss_kb":25148,"process_rss_delta_init_kb":1740}
.EVS Port1 1980-012-14:09:25.00805 66/1/CFE_TIME 21: Stop FLYWHEEL
EVS Port1 1980-012-14:09:25.99389 66/1/CFE_TIME 20: Start FLYWHEEL
.EVS Port1 1980-012-14:09:30.08518 66/1/AI_LEARNER 4: AI_LEARNER completed=31/31 mean=8306356.3us max=9590293.0us hal_peak=9382092 within_bounded=1
{"app":"AI_LEARNER","stage":"run","model":"smartcam","target":"aarch64-unknown-linux-gnu","attempted":31,"completed":31,"fail_input":0,"fail_invoke":0,"fail_output":0,"mean_us":8306356.29,"max_us":9590293.02,"last_us":8819857.04,"out0":0.81107,"out":[0.811066,0.150366,0.038568]}
{"app":"AI_LEARNER","stage":"mem","model":"smartcam","target":"aarch64-unknown-linux-gnu","completed":31,"hal_peak":9382092,"peak_within_bounded":true,"admitted_budget_bytes":18222797,"peak_within_admitted_budget":true,"admission_mode":"unconditional","hal_bytes_per_call_amortized":8799403.0,"process_rss_kb":25148,"process_rss_delta_init_kb":1740}
.EVS Port1 1980-012-14:09:38.95535 66/1/AI_LEARNER 4: AI_LEARNER completed=32/32 mean=8324164.5us max=9590293.0us hal_peak=9382092 within_bounded=1
{"app":"AI_LEARNER","stage":"run","model":"smartcam","target":"aarch64-unknown-linux-gnu","attempted":32,"completed":32,"fail_input":0,"fail_invoke":0,"fail_output":0,"mean_us":8324164.53,"max_us":9590293.02,"last_us":8876219.84,"out0":0.81107,"out":[0.811066,0.150366,0.038568]}
{"app":"AI_LEARNER","stage":"mem","model":"smartcam","target":"aarch64-unknown-linux-gnu","completed":32,"hal_peak":9382092,"peak_within_bounded":true,"admitted_budget_bytes":18222797,"peak_within_admitted_budget":true,"admission_mode":"unconditional","hal_bytes_per_call_amortized":8798796.0,"process_rss_kb":25148,"process_rss_delta_init_kb":1740}
..{"app":"AI_LEARNER","stage":"run","model":"smartcam","target":"aarch64-unknown-linux-gnu","attempted":33,"completed":33,"fail_input":0,"fail_invoke":0,"fail_output":0,"mean_us":8325034.02,"max_us":9590293.02,"last_us":8352857.82,"out0":0.81107,"out":[0.811066,0.150366,0.038568]}
EVS Port1 1980-012-14:09:47.32116 66/1/AI_LEARNER 4: AI_LEARNER completed=33/33 mean=8325034.0us max=9590293.0us hal_peak=9382092 within_bounded=1
{"app":"AI_LEARNER","stage":"mem","model":"smartcam","target":"aarch64-unknown-linux-gnu","completed":33,"hal_peak":9382092,"peak_within_bounded":true,"admitted_budget_bytes":18222797,"peak_within_admitted_budget":true,"admission_mode":"unconditional","hal_bytes_per_call_amortized":8798225.8,"process_rss_kb":25148,"process_rss_delta_init_kb":1740}
.EVS Port1 1980-012-14:09:54.86950 66/1/AI_LEARNER 4: AI_LEARNER completed=34/34 mean=8301831.2us max=9590293.0us hal_peak=9382092 within_bounded=1
{"app":"AI_LEARNER","stage":"run","model":"smartcam","target":"aarch64-unknown-linux-gnu","attempted":34,"completed":34,"fail_input":0,"fail_invoke":0,"fail_output":0,"mean_us":8301831.19,"max_us":9590293.02,"last_us":7536137.79,"out0":0.81107,"out":[0.811066,0.150366,0.038568]}
{"app":"AI_LEARNER","stage":"mem","model":"smartcam","target":"aarch64-unknown-linux-gnu","completed":34,"hal_peak":9382092,"peak_within_bounded":true,"admitted_budget_bytes":18222797,"peak_within_admitted_budget":true,"admission_mode":"unconditional","hal_bytes_per_call_amortized":8797689.2,"process_rss_kb":25148,"process_rss_delta_init_kb":1740}
.EVS Port1 1980-012-14:10:03.28042 66/1/AI_LEARNER 4: AI_LEARNER completed=35/35 mean=8304583.3us max=9590293.0us hal_peak=9382092 within_bounded=1
{"app":"AI_LEARNER","stage":"run","model":"smartcam","target":"aarch64-unknown-linux-gnu","attempted":35,"completed":35,"fail_input":0,"fail_invoke":0,"fail_output":0,"mean_us":8304583.28,"max_us":9590293.02,"last_us":8398154.32,"out0":0.81107,"out":[0.811066,0.150366,0.038568]}
{"app":"AI_LEARNER","stage":"mem","model":"smartcam","target":"aarch64-unknown-linux-gnu","completed":35,"hal_peak":9382092,"peak_within_bounded":true,"admitted_budget_bytes":18222797,"peak_within_admitted_budget":true,"admission_mode":"unconditional","hal_bytes_per_call_amortized":8797183.2,"process_rss_kb":25148,"process_rss_delta_init_kb":1740}
.1980-012-14:10:05.20901 CFE_ES_RunExceptionScan: ExceptionID 0x1110001 in TaskID 0: Caught SIGINT
1980-012-14:10:05.20937 CFE_ES_RunExceptionScan: Processor Reset count not reached (1/2)
CFE_PSP: Exiting cFE with PROCESSOR Reset status.

CFE_PSP: Shutdown initiated - Exiting cFE
CI delete callback -- Closing CI Network socket.
TO delete callback -- Closing TO Network socket.
EVS Port1 1980-012-14:10:09.43801 66/1/AI_LEARNER 4: AI_LEARNER completed=36/36 mean=8244604.9us max=9590293.0us hal_peak=9382092 within_bounded=1
EXIT=124
