OS_BSP_Initialize():Maximum user msg queue depth = 512
CFE_PSP: Default Reset SubType = 1
CFE_PSP: Default CPU ID = 1
CFE_PSP: Default Spacecraft ID = 66
CFE_PSP: Default CPU Name: cpu1
OS_Posix_GetSchedulerParams():208:Policy 1: available, min-max: 1-99
OS_Posix_GetSchedulerParams():208:Policy 2: available, min-max: 1-99
OS_Posix_TaskAPI_Impl_Init():401:Selected policy 2 for RT tasks, root task = 99
OS_Posix_TaskAPI_Impl_Init():419:Could not setschedparam in main thread: Operation not permitted (1)
CFE_PSP: initializing module 'soft_timebase' with ID 0110ff00
CFE_PSP: Instantiated software timebase 'cFS-Master' running at 10000 usec
CFE_PSP: initializing module 'timebase_posix_clock' with ID 0110ff01
CFE_PSP: Using POSIX monotonic clock as CFE timebase
CFE_PSP: initializing module 'eeprom_mmap_file' with ID 0110ff02
CFE_PSP: Using MMAP simulated EEPROM implementation
CFE_PSP: EEPROM Range (2) created: Start Address = EEB4FCAFE000, Size = 00080000 Status = 0
CFE_PSP: initializing module 'port_notimpl' with ID 0110ff03
CFE_PSP: I/O Port access not implemented
CFE_PSP: initializing module 'iodriver' with ID 0110ff04
CFE_PSP: initializing module 'linux_sysmon' with ID 0110ff05
CFE_PSP: initializing module 'endian_api' with ID 0110ff06
CFE_PSP: Host CPU Endian=LITTLE
CFE_PSP: initializing module 'ram_notimpl' with ID 0110ff07
CFE_PSP: Physical RAM access not implemented
CFE_PSP: Starting the cFE with a POWER ON reset.
CFE_PSP: Clearing out CFE CDS Shared memory segment.
CFE_PSP: Clearing out CFE Reset Shared memory segment.
CFE_PSP: Clearing out CFE User Reserved Shared memory segment.
1980-001-04:45:31.65436 CFE_ES_SetupResetVariables: POWER ON RESET due to Power Cycle (Power Cycle).
1980-001-04:45:31.66602 CFE_ES_Main: CFE_ES_Main in EARLY_INIT state
Number of addresses returned by backtrace = 1
CFE_PSP: CFE_PSP_AttachExceptions called
1980-001-04:45:31.69052 CFE_ES_Main: CFE_ES_Main entering CORE_STARTUP state
1980-001-04:45:31.69080 CFE_ES_CreateObjects: Starting Object Creation calls.
1980-001-04:45:31.69098 CFE_ES_CreateObjects: Calling EarlyInit for CFE_CONFIG
1980-001-04:45:31.69470 CFE_ES_CreateObjects: Calling EarlyInit for CFE_ES
1980-001-04:45:31.69990 CFE_ES_CreateObjects: Calling EarlyInit for CFE_EVS
1980-001-04:45:31.70351 CFE_EVS_EarlyInit: Event Log cleared following power-on reset
1980-001-04:45:31.70384 CFE_ES_CreateObjects: Calling EarlyInit for CFE_FS
1980-001-04:45:31.70404 CFE_ES_CreateObjects: Calling EarlyInit for CFE_SB
1980-001-04:45:31.72661 CFE_ES_CreateObjects: Calling EarlyInit for CFE_TBL
1980-001-04:45:31.75483 CFE_ES_CreateObjects: Calling EarlyInit for CFE_TIME
EVS Port1 1980-012-14:03:20.08279 66/1/CFE_ES 1: cFE ES Initialized: CFE_ES v7.0.1+dev1 (Draco) DEV BUILD, based on v7.0.1, EDS disabled
EVS Port1 1980-012-14:03:20.09053 66/1/CFE_ES 2: cFS Versions: cfe v7.0.1+dev1, osal v7.0.1+dev1, psp v7.0.1+dev1. cFE chksm 31659
EVS Port1 1980-012-14:03:20.09277 66/1/CFE_ES 91: Version Info: Mission SampleMission, version git:v7.0.1-90-g78c23b0-dirty
EVS Port1 1980-012-14:03:20.09469 66/1/CFE_ES 91: Version Info: Module CORE_API, version git:2612eb0
EVS Port1 1980-012-14:03:20.09510 66/1/CFE_ES 91: Version Info: Module CONFIG, version git:2612eb0
EVS Port1 1980-012-14:03:20.09715 66/1/CFE_ES 91: Version Info: Module ES, version git:2612eb0
EVS Port1 1980-012-14:03:20.09780 66/1/CFE_ES 91: Version Info: Module EVS, version git:2612eb0
EVS Port1 1980-012-14:03:20.09808 66/1/CFE_ES 91: Version Info: Module FS, version git:2612eb0
EVS Port1 1980-012-14:03:20.09959 66/1/CFE_ES 91: Version Info: Module SB, version git:2612eb0
EVS Port1 1980-012-14:03:20.10093 66/1/CFE_ES 91: Version Info: Module TBL, version git:2612eb0
EVS Port1 1980-012-14:03:20.10157 66/1/CFE_ES 91: Version Info: Module TIME, version git:2612eb0
EVS Port1 1980-012-14:03:20.10191 66/1/CFE_ES 91: Version Info: Module OSAL, version git:8111e4a
EVS Port1 1980-012-14:03:20.10217 66/1/CFE_ES 91: Version Info: Module PSP, version git:d1da809
EVS Port1 1980-012-14:03:20.10371 66/1/CFE_ES 91: Version Info: Module MSG, version git:2612eb0
EVS Port1 1980-012-14:03:20.10498 66/1/CFE_ES 91: Version Info: Module SBR, version git:2612eb0
EVS Port1 1980-012-14:03:20.10559 66/1/CFE_ES 91: Version Info: Module RESOURCEID, version git:2612eb0
EVS Port1 1980-012-14:03:20.10804 66/1/CFE_ES 92: Build 202609120624 by root@vm, config aarch64
EVS Port1 1980-012-14:03:20.22094 66/1/CFE_EVS 1: cFE EVS Initialized: CFE_EVS v7.0.1+dev1 (Draco) DEV BUILD, based on v7.0.1, EDS disabled
1980-012-14:03:20.32189 CFE_SB_AppInit: Registered 4 events for filtering
EVS Port1 1980-012-14:03:20.32769 66/1/CFE_SB 1: cFE SB Initialized: CFE_SB v7.0.1+dev1 (Draco) DEV BUILD, based on v7.0.1, EDS disabled
EVS Port1 1980-012-14:03:20.32923 66/1/CFE_SB 14: No subscribers for MsgId 0x808,sender CFE_SB
EVS Port1 1980-012-14:03:20.43115 66/1/CFE_TBL 1: cFE TBL Initialized: CFE_TBL v7.0.1+dev1 (Draco) DEV BUILD, based on v7.0.1, EDS disabled
EVS Port1 1980-012-14:03:20.43267 66/1/CFE_SB 14: No subscribers for MsgId 0x808,sender CFE_TBL
EVS Port1 1980-012-14:03:20.54800 66/1/CFE_TIME 1: cFE TIME Initialized: CFE_TIME v7.0.1+dev1 (Draco) DEV BUILD, based on v7.0.1, EDS disabled
EVS Port1 1980-012-14:03:20.54965 66/1/CFE_SB 14: No subscribers for MsgId 0x808,sender CFE_TIME
1980-012-14:03:20.58107 CFE_ES_CreateObjects: Finished ES CreateObject table entries.
1980-012-14:03:20.58246 CFE_ES_Main: CFE_ES_Main entering CORE_READY state
1980-012-14:03:20.58971 CFE_ES_OpenStartupScript: Opened ES App Startup file: /cf/cfe_es_startup.scr
1980-012-14:03:20.62508 CFE_ES_ParseFileEntry: Loading shared library: /cf/cfe_assert.so
1980-012-14:03:20.64202 [BEGIN] CFE FUNCTIONAL TEST
1980-012-14:03:20.64290 [BEGIN] 01 CFE-STARTUP
1980-012-14:03:20.67561 CFE_ES_ParseFileEntry: Loading shared library: /cf/sample_lib.so
SAMPLE Lib Initialized.Sample Lib v7.0.0+dev1 (Draco) DEV BUILD, based on v7.0.1, EDS disabled
1980-012-14:03:20.71588 CFE_ES_ParseFileEntry: Loading file: /cf/sch_lab.so, APP: SCH_LAB
1980-012-14:03:20.75859 CFE_ES_ParseFileEntry: Loading file: /cf/ci_lab.so, APP: CI_LAB
SCH Lab Initialized.SCH Lab v7.0.1+dev1 (Draco) DEV BUILD, based on v7.0.1, EDS disabled
1980-012-14:03:20.83691 CFE_ES_ParseFileEntry: Loading file: /cf/to_lab.so, APP: TO_LAB
1980-012-14:03:20.95509 CI_LAB listening on UDP port: 1234
EVS Port1 1980-012-14:03:20.95698 66/1/CI_LAB 3: CI Lab Initialized.CI Lab App v7.0.1+dev1 (Draco) DEV BUILD, based on v7.0.1, EDS disabled
EVS Port1 1980-012-14:03:20.96160 66/1/CFE_SB 14: No subscribers for MsgId 0x808,sender CI_LAB
EVS Port1 1980-012-14:03:20.96791 66/1/TO_LAB 1: TO Lab Initialized.TO Lab v7.0.1+dev1 (Draco) DEV BUILD, based on v7.0.1, EDS disabled, Awaiting enable command.
1980-012-14:03:20.97365 CFE_ES_ParseFileEntry: Loading file: /cf/sample_app.so, APP: SAMPLE_APP
1980-012-14:03:21.01883 CFE_ES_ParseFileEntry: Loading file: /cf/ai_learner.so, APP: AI_LEARNER
EVS Port1 1980-012-14:03:21.06214 66/1/SAMPLE_APP 1: Sample App Initialized.Sample App v7.0.0+dev1 (Draco) DEV BUILD, based on v7.0.1, EDS disabled
1980-012-14:03:21.08461 CFE_ES_ParseFileEntry: Loading file: /cf/lc.so, APP: LC
{"app":"AI_LEARNER","stage":"build_config","model":"wgan","allow_conditional_map":0,"contract_bounded_bytes":135666432,"contract_per_call_bytes":131382784,"contract_const_bytes":4283648,"contract_bound_known":true,"contract_artifact_sha256":"e382429cbfbf580356379365fa67a8a2b01b47d58ec4e04b4a4c14165be2e102"}
{"app":"AI_LEARNER","stage":"stack","es_stack_size":263024,"stack_base_bytes":262144,"contract_kernel_stack_bytes":880,"kernel_stack_accounted":true}
{"app":"AI_LEARNER","stage":"admission","verdict":"ADMIT","model":"wgan","target":"aarch64-unknown-linux-gnu","bounded":135666432,"budget":297458571,"budget_source":"override","per_call":131382784,"constants":4283648,"kernel_stack_bytes":880,"bound_known":true,"scope":"per_app_local_budget"}
EVS Port1 1980-012-14:03:21.10818 66/1/AI_LEARNER 8: AI_LEARNER stack: es=263024 base=262144 kernel=880 accounted=1
1980-012-14:03:21.15822 CFE_ES_ParseFileEntry: Loading file: /cf/cf.so, APP: CF
EVS Port1 1980-012-14:03:21.18865 66/1/LC 56: WDT verify results: good = 0, bad = 0, unused = 176
EVS Port1 1980-012-14:03:21.20715 66/1/LC 66: ADT verify results: good = 0, bad = 0, unused = 176
EVS Port1 1980-012-14:03:21.21881 66/1/LC 23: LC use of Critical Data Store disabled, activity mask = 0x00991990
EVS Port1 1980-012-14:03:21.22270 66/1/LC 2: LC Initialized. Version 7.0.1.255
1980-012-14:03:21.27620 CFE_ES_ParseFileEntry: Loading file: /cf/ds.so, APP: DS
EVS Port1 1980-012-14:03:21.35995 66/1/CF 20: CF Initialized. Version 7.0.1.255
1980-012-14:03:21.41076 CFE_ES_ParseFileEntry: Loading file: /cf/fm.so, APP: FM
EVS Port1 1980-012-14:03:21.41491 66/1/DS 10: Destination file table verify results: good entries = 6, bad = 0, unused = 10
EVS Port1 1980-012-14:03:21.43487 66/1/DS 12: Filter table verify results: good entries = 14, bad = 0, unused = 242
EVS Port1 1980-012-14:03:21.45379 66/1/DS 1: Application initialized, version 7.0.1.255, data at 0xeeb4fc0c0460
1980-012-14:03:21.51896 CFE_ES_ParseFileEntry: Loading file: /cf/hk.so, APP: HK
EVS Port1 1980-012-14:03:21.53759 66/1/FM 80: Free Space Table verify results: good entries = 3, bad = 0, unused = 5
EVS Port1 1980-012-14:03:21.56320 66/1/FM 1: Initialization complete: version 7.0.1.255
EVS Port1 1980-012-14:03:21.62191 66/1/FM 72: Child Task initialization complete
1980-012-14:03:21.62275 CFE_ES_ParseFileEntry: Loading file: /cf/hs.so, APP: HS
EVS Port1 1980-012-14:03:21.65521 66/1/HK 1: HK Initialized.  Version 7.0.1.255
1980-012-14:03:21.71504 CFE_ES_ParseFileEntry: Loading file: /cf/mm.so, APP: MM
EVS Port1 1980-012-14:03:21.76319 66/1/HS 54: ExeCount verify results: good = 5, bad = 0, unused = 27
EVS Port1 1980-012-14:03:21.78805 66/1/HS 50: AppMon verify results: good = 0, bad = 0, unused = 32
EVS Port1 1980-012-14:03:21.80487 66/1/HS 52: EventMon verify results: good = 0, bad = 0, unused = 16
EVS Port1 1980-012-14:03:21.82299 66/1/MM 1: MM Initialized. Version 7.0.1.255
EVS Port1 1980-012-14:03:21.83096 66/1/HS 56: MsgActs verify results: good = 2, bad = 0, unused = 6
1980-012-14:03:21.84706 HS_SysMonInit(): System Monitor using PSP device ID 0110ff05
1980-012-14:03:21.86092 CFE_ES_ParseFileEntry: Loading file: /cf/sc.so, APP: SC
CFE_PSP(Linux_SysMon): Started CPU utilization monitoring on 1 CPU(s)
EVS Port1 1980-012-14:03:21.90202 66/1/HS 1: HS Initialized.  Version 7.0.1.255
1980-012-14:03:21.95307 CFE_ES_ParseFileEntry: Loading file: /cf/md.so, APP: MD
EVS Port1 1980-012-14:03:22.02989 66/1/SC 21: RTS table files not loaded at initialization = 0 of 4
EVS Port1 1980-012-14:03:22.03816 66/1/SC 9: SC Initialized. Version 7.0.1.255
EVS Port1 1980-012-14:03:22.03175 66/1/CFE_TIME 21: Stop FLYWHEEL
1980-012-14:03:22.04002 CFE_ES_ParseFileEntry: Loading file: /cf/cs.so, APP: CS
EVS Port1 1980-012-14:03:22.04100 66/1/MD 52: MD Dwell Tbl verify results: good = 0, bad = 0, unused = 25
EVS Port1 1980-012-14:03:22.06964 66/1/MD 52: MD Dwell Tbl verify results: good = 0, bad = 0, unused = 25
EVS Port1 1980-012-14:03:22.09063 66/1/MD 52: MD Dwell Tbl verify results: good = 0, bad = 0, unused = 25
EVS Port1 1980-012-14:03:22.10511 66/1/MD 52: MD Dwell Tbl verify results: good = 0, bad = 0, unused = 25
EVS Port1 1980-012-14:03:22.10987 66/1/MD 7: Dwell Tables Recovered: 0, Dwell Tables Initialized: 4
EVS Port1 1980-012-14:03:22.11085 66/1/MD 1: MD Initialized.  Version 7.0.1.255
EVS Port1 1980-012-14:03:22.16307 66/1/CS 144: CS EEPROM Table verification results: good = 0, bad = 0, unused = 16
EVS Port1 1980-012-14:03:22.17385 66/1/CS 107: CS EEPROM Table: No valid entries in the table
EVS Port1 1980-012-14:03:22.18701 66/1/CS 143: CS Memory Table verification results: good = 0, bad = 0, unused = 16
EVS Port1 1980-012-14:03:22.18797 66/1/CS 107: CS Memory Table: No valid entries in the table
EVS Port1 1980-012-14:03:22.20706 66/1/CS 139: CS Tables Table verification results: good = 1, bad = 0, unused = 23
EVS Port1 1980-012-14:03:22.22158 66/1/CS 142: CS Apps Table verification results: good = 0, bad = 0, unused = 24
EVS Port1 1980-012-14:03:22.22488 66/1/CS 108: CS Apps Table: No valid entries in the table
EVS Port1 1980-012-14:03:22.22938 66/1/CS 127: OS Text Segment disabled due to platform
EVS Port1 1980-012-14:03:22.23300 66/1/CS 1: CS Initialized. Version 7.0.1.255
{"app":"AI_LEARNER","stage":"binding","verdict":"MATCH","artifact_bytes":4321533,"artifact_sha256":"e382429cbfbf5803","contract_sha256":"e382429cbfbf5803"}
{"app":"AI_LEARNER","stage":"map_branch","model":"wgan","module_ptr_mod64":0,"hal_peak_after_append":0,"contract_const_bytes":4283648,"contract_per_call_bytes":131382784,"arm":"map","admission_mode":"unconditional"}
{"app":"AI_LEARNER","stage":"mem_init","model":"wgan","target":"aarch64-unknown-linux-gnu","hal_peak":602112,"hal_allocated":602112,"bounded":135666432,"peak_within_bounded":true,"inferences_so_far":0,"process_rss_kb":12508,"rss_kb_before_runtime":10864,"rss_kb_after_session":11152,"rss_kb_after_init":12508}
1980-012-14:03:23.11276 CFE_ES_Main: Startup Sync failed - Applications may not have all initialized
1980-012-14:03:23.11583 CFE_ES_Main: CFE_ES_Main entering APPS_INIT state
1980-012-14:03:24.14407 CFE_ES_Main: Startup Sync failed - Applications may not have all started
1980-012-14:03:24.14620 CFE_ES_Main: CFE_ES_Main entering OPERATIONAL state
EVS Port1 1980-012-14:03:24.16229 66/1/TO_LAB 19: L550 TO Lab subscribed to 32 messages from the table
............EVS Port1 1980-012-14:04:42.00637 66/1/CFE_TIME 21: Stop FLYWHEEL
.EVS Port1 1980-012-14:04:42.98921 66/1/CFE_TIME 20: Start FLYWHEEL
...........EVS Port1 1980-012-14:05:49.72288 66/1/HS 61: CPU Hogging Detected
1980-012-14:05:49.72935 HS App: CPU Hogging Detected
.................EVS Port1 1980-012-14:07:31.02589 66/1/CFE_TIME 21: Stop FLYWHEEL
EVS Port1 1980-012-14:07:32.04116 66/1/CFE_TIME 20: Start FLYWHEEL
EVS Port1 1980-012-14:07:34.05204 66/1/CFE_TIME 20: Start FLYWHEEL
EVS Port1 1980-012-14:07:34.00767 66/1/CFE_TIME 21: Stop FLYWHEEL
................EVS Port1 1980-012-14:09:10.01914 66/1/CFE_TIME 21: Stop FLYWHEEL
EVS Port1 1980-012-14:09:10.99090 66/1/CFE_TIME 20: Start FLYWHEEL
................................EVS Port1 1980-012-14:12:23.01138 66/1/CFE_TIME 21: Stop FLYWHEEL
EVS Port1 1980-012-14:12:24.00634 66/1/CFE_TIME 20: Start FLYWHEEL
EVS Port1 1980-012-14:12:25.00682 66/1/CFE_TIME 21: Stop FLYWHEEL
.EVS Port1 1980-012-14:12:25.99722 66/1/CFE_TIME 20: Start FLYWHEEL
.....................EVS Port1 1980-012-14:14:36.02095 66/1/CFE_TIME 21: Stop FLYWHEEL
EVS Port1 1980-012-14:14:37.00004 66/1/CFE_TIME 20: Start FLYWHEEL
.EVS Port1 1980-012-14:14:38.02497 66/1/CFE_TIME 21: Stop FLYWHEEL
EVS Port1 1980-012-14:14:38.98812 66/1/CFE_TIME 20: Start FLYWHEEL
EVS Port1 1980-012-14:14:43.05116 66/1/CFE_TIME 21: Stop FLYWHEEL
.EVS Port1 1980-012-14:14:43.98492 66/1/CFE_TIME 20: Start FLYWHEEL
EVS Port1 1980-012-14:14:48.01293 66/1/CFE_TIME 21: Stop FLYWHEEL
EVS Port1 1980-012-14:14:48.99693 66/1/CFE_TIME 20: Start FLYWHEEL
.EVS Port1 1980-012-14:14:51.01264 66/1/CFE_TIME 21: Stop FLYWHEEL
EVS Port1 1980-012-14:14:51.99235 66/1/CFE_TIME 20: Start FLYWHEEL
.......................EVS Port1 1980-012-14:17:10.00735 66/1/CFE_TIME 21: Stop FLYWHEEL
EVS Port1 1980-012-14:17:10.99807 66/1/CFE_TIME 20: Start FLYWHEEL
...EVS Port1 1980-012-14:17:30.01589 66/1/CFE_TIME 21: Stop FLYWHEEL
EVS Port1 1980-012-14:17:30.99101 66/1/CFE_TIME 20: Start FLYWHEEL
.EVS Port1 1980-012-14:17:33.00532 66/1/CFE_TIME 21: Stop FLYWHEEL
EVS Port1 1980-012-14:17:33.99909 66/1/CFE_TIME 20: Start FLYWHEEL
................EVS Port1 1980-012-14:19:09.00442 66/1/CFE_TIME 21: Stop FLYWHEEL
EVS Port1 1980-012-14:19:10.00112 66/1/CFE_TIME 20: Start FLYWHEEL
......................................................EVS Port1 1980-012-14:24:39.00715 66/1/CFE_TIME 21: Stop FLYWHEEL
.EVS Port1 1980-012-14:24:39.99821 66/1/CFE_TIME 20: Start FLYWHEEL
..........EVS Port1 1980-012-14:25:41.00903 66/1/CFE_TIME 21: Stop FLYWHEEL
EVS Port1 1980-012-14:25:41.99787 66/1/CFE_TIME 20: Start FLYWHEEL
......EVS Port1 1980-012-14:26:21.00607 66/1/CFE_TIME 21: Stop FLYWHEEL
.EVS Port1 1980-012-14:26:21.98974 66/1/CFE_TIME 20: Start FLYWHEEL
.........EVS Port1 1980-012-14:27:22.01678 66/1/CFE_TIME 21: Stop FLYWHEEL
.EVS Port1 1980-012-14:27:22.99470 66/1/CFE_TIME 20: Start FLYWHEEL
..................................................EVS Port1 1980-012-14:32:24.01100 66/1/CFE_TIME 21: Stop FLYWHEEL
EVS Port1 1980-012-14:32:24.99282 66/1/CFE_TIME 20: Start FLYWHEEL
.................EVS Port1 1980-012-14:34:10.00793 66/1/CFE_TIME 21: Stop FLYWHEEL
EVS Port1 1980-012-14:34:10.99856 66/1/CFE_TIME 20: Start FLYWHEEL
.............................................................................EVS Port1 1980-012-14:41:50.00741 66/1/CFE_TIME 21: Stop FLYWHEEL
EVS Port1 1980-012-14:41:50.99073 66/1/CFE_TIME 20: Start FLYWHEEL
..............{"app":"AI_LEARNER","stage":"e25_equivalence","inputs":1,"completed":1,"model":"wgan","target":"aarch64-unknown-linux-gnu","artifact_sha256":"e382429cbfbf5803..."}
EVS Port1 1980-012-14:43:13.38851 66/1/AI_LEARNER 4: AI_LEARNER: E25 equivalence 1/1 inferences written
{"app":"AI_LEARNER","stage":"e25_mode","active":true,"inputs_path":"/cf/e25_inputs.bin"}
EVS Port1 1980-012-14:43:13.39448 66/1/AI_LEARNER 3: AI_LEARNER initialized: model wgan (4321533 B), rss_delta_init=1644 KB
...EVS Port1 1980-012-14:43:33.67868 66/1/CFE_SB 17: Msg Limit Err,MsgId 0x800,pipe AI_LEARNER_PIPE,sender CFE_ES
.EVS Port1 1980-012-14:43:37.67803 66/1/CFE_SB 17: Msg Limit Err,MsgId 0x800,pipe AI_LEARNER_PIPE,sender CFE_ES
EVS Port1 1980-012-14:43:41.00614 66/1/CFE_TIME 21: Stop FLYWHEEL
EVS Port1 1980-012-14:43:41.70599 66/1/CFE_SB 17: Msg Limit Err,MsgId 0x800,pipe AI_LEARNER_PIPE,sender CFE_ES
EVS Port1 1980-012-14:43:41.99880 66/1/CFE_TIME 20: Start FLYWHEEL
.EVS Port1 1980-012-14:43:45.67686 66/1/CFE_SB 17: Msg Limit Err,MsgId 0x800,pipe AI_LEARNER_PIPE,sender CFE_ES
.EVS Port1 1980-012-14:43:49.67231 66/1/CFE_SB 17: Msg Limit Err,MsgId 0x800,pipe AI_LEARNER_PIPE,sender CFE_ES
EVS Port1 1980-012-14:43:53.68145 66/1/CFE_SB 17: Msg Limit Err,MsgId 0x800,pipe AI_LEARNER_PIPE,sender CFE_ES
.EVS Port1 1980-012-14:43:57.67320 66/1/CFE_SB 17: Msg Limit Err,MsgId 0x800,pipe AI_LEARNER_PIPE,sender CFE_ES
.EVS Port1 1980-012-14:44:01.68368 66/1/CFE_SB 17: Msg Limit Err,MsgId 0x800,pipe AI_LEARNER_PIPE,sender CFE_ES
EVS Port1 1980-012-14:44:05.69303 66/1/CFE_SB 17: Msg Limit Err,MsgId 0x800,pipe AI_LEARNER_PIPE,sender CFE_ES
.EVS Port1 1980-012-14:44:09.73493 66/1/CFE_SB 17: Msg Limit Err,MsgId 0x800,pipe AI_LEARNER_PIPE,sender CFE_ES
.EVS Port1 1980-012-14:44:13.67301 66/1/CFE_SB 17: Msg Limit Err,MsgId 0x800,pipe AI_LEARNER_PIPE,sender CFE_ES
EVS Port1 1980-012-14:44:17.69421 66/1/CFE_SB 17: Msg Limit Err,MsgId 0x800,pipe AI_LEARNER_PIPE,sender CFE_ES
.EVS Port1 1980-012-14:44:21.72386 66/1/CFE_SB 17: Msg Limit Err,MsgId 0x800,pipe AI_LEARNER_PIPE,sender CFE_ES
.EVS Port1 1980-012-14:44:25.67872 66/1/CFE_SB 17: Msg Limit Err,MsgId 0x800,pipe AI_LEARNER_PIPE,sender CFE_ES
EVS Port1 1980-012-14:44:29.68789 66/1/CFE_SB 17: Msg Limit Err,MsgId 0x800,pipe AI_LEARNER_PIPE,sender CFE_ES
.EVS Port1 1980-012-14:44:33.68502 66/1/CFE_SB 17: Msg Limit Err,MsgId 0x800,pipe AI_LEARNER_PIPE,sender CFE_ES
..........EVS Port1 1980-012-14:45:36.01103 66/1/CFE_TIME 21: Stop FLYWHEEL
EVS Port1 1980-012-14:45:36.99708 66/1/CFE_TIME 20: Start FLYWHEEL
.....EVS Port1 1980-012-14:46:06.02005 66/1/CFE_TIME 21: Stop FLYWHEEL
EVS Port1 1980-012-14:46:06.99481 66/1/CFE_TIME 20: Start FLYWHEEL
..............EVS Port1 1980-012-14:47:29.01448 66/1/CFE_TIME 21: Stop FLYWHEEL
EVS Port1 1980-012-14:47:30.01225 66/1/CFE_TIME 20: Start FLYWHEEL
EVS Port1 1980-012-14:47:31.00874 66/1/CFE_TIME 21: Stop FLYWHEEL
.EVS Port1 1980-012-14:47:31.99185 66/1/CFE_TIME 20: Start FLYWHEEL
.........EVS Port1 1980-012-14:48:30.00985 66/1/CFE_TIME 21: Stop FLYWHEEL
EVS Port1 1980-012-14:48:30.99333 66/1/CFE_TIME 20: Start FLYWHEEL
......................EVS Port1 1980-012-14:50:40.00842 66/1/CFE_TIME 21: Stop FLYWHEEL
EVS Port1 1980-012-14:50:40.99737 66/1/CFE_TIME 20: Start FLYWHEEL
.....EVS Port1 1980-012-14:51:10.00872 66/1/CFE_TIME 21: Stop FLYWHEEL
EVS Port1 1980-012-14:51:10.99186 66/1/CFE_TIME 20: Start FLYWHEEL
...............EVS Port1 1980-012-14:52:40.00950 66/1/CFE_TIME 21: Stop FLYWHEEL
EVS Port1 1980-012-14:52:40.99781 66/1/CFE_TIME 20: Start FLYWHEEL
...............................................EVS Port1 1980-012-14:57:23.02194 66/1/CFE_TIME 21: Stop FLYWHEEL
EVS Port1 1980-012-14:57:23.98516 66/1/CFE_TIME 20: Start FLYWHEEL
............................EVS Port1 1980-012-15:00:12.02496 66/1/CFE_TIME 21: Stop FLYWHEEL
EVS Port1 1980-012-15:00:12.99433 66/1/CFE_TIME 20: Start FLYWHEEL
....EVS Port1 1980-012-15:00:39.00802 66/1/CFE_TIME 21: Stop FLYWHEEL
.EVS Port1 1980-012-15:00:39.99667 66/1/CFE_TIME 20: Start FLYWHEEL
.................EVS Port1 1980-012-15:02:23.00671 66/1/CFE_TIME 21: Stop FLYWHEEL
EVS Port1 1980-012-15:02:23.99775 66/1/CFE_TIME 20: Start FLYWHEEL
.......................EVS Port1 1980-012-15:04:42.01116 66/1/CFE_TIME 21: Stop FLYWHEEL
EVS Port1 1980-012-15:04:42.99119 66/1/CFE_TIME 20: Start FLYWHEEL
....EVS Port1 1980-012-15:05:10.00869 66/1/CFE_TIME 21: Stop FLYWHEEL
.EVS Port1 1980-012-15:05:10.99607 66/1/CFE_TIME 20: Start FLYWHEEL
......................EVS Port1 1980-012-15:07:29.01985 66/1/CFE_TIME 21: Stop FLYWHEEL
.EVS Port1 1980-012-15:07:30.00169 66/1/CFE_TIME 20: Start FLYWHEEL
EVS Port1 1980-012-15:07:32.00697 66/1/CFE_TIME 21: Stop FLYWHEEL
EVS Port1 1980-012-15:07:32.99525 66/1/CFE_TIME 20: Start FLYWHEEL
.EVS Port1 1980-012-15:07:39.01898 66/1/CFE_TIME 21: Stop FLYWHEEL
EVS Port1 1980-012-15:07:39.99499 66/1/CFE_TIME 20: Start FLYWHEEL
.........................EVS Port1 1980-012-15:10:08.00621 66/1/CFE_TIME 21: Stop FLYWHEEL
EVS Port1 1980-012-15:10:09.00010 66/1/CFE_TIME 20: Start FLYWHEEL
..........EVS Port1 1980-012-15:11:10.01197 66/1/CFE_TIME 21: Stop FLYWHEEL
EVS Port1 1980-012-15:11:11.00062 66/1/CFE_TIME 20: Start FLYWHEEL
.........EVS Port1 1980-012-15:12:04.00703 66/1/CFE_TIME 21: Stop FLYWHEEL
EVS Port1 1980-012-15:12:04.99816 66/1/CFE_TIME 20: Start FLYWHEEL
...EVS Port1 1980-012-15:12:21.99890 66/1/CFE_TIME 20: Start FLYWHEEL
EVS Port1 1980-012-15:12:22.01524 66/1/CFE_TIME 21: Stop FLYWHEEL
....................EVS Port1 1980-012-15:14:22.02987 66/1/CFE_TIME 21: Stop FLYWHEEL
EVS Port1 1980-012-15:14:22.98664 66/1/CFE_TIME 20: Start FLYWHEEL
...EVS Port1 1980-012-15:14:38.00408 66/1/CFE_TIME 21: Stop FLYWHEEL
EVS Port1 1980-012-15:14:38.99812 66/1/CFE_TIME 20: Start FLYWHEEL
.....EVS Port1 1980-012-15:15:09.00433 66/1/CFE_TIME 21: Stop FLYWHEEL
EVS Port1 1980-012-15:15:10.00056 66/1/CFE_TIME 20: Start FLYWHEEL
.......................EVS Port1 1980-012-15:17:28.03030 66/1/CFE_TIME 21: Stop FLYWHEEL
EVS Port1 1980-012-15:17:29.01133 66/1/CFE_TIME 20: Start FLYWHEEL
EVS Port1 1980-012-15:17:30.01123 66/1/CFE_TIME 21: Stop FLYWHEEL
.EVS Port1 1980-012-15:17:30.97807 66/1/CFE_TIME 20: Start FLYWHEEL
.........................................EVS Port1 1980-012-15:21:39.00892 66/1/CFE_TIME 21: Stop FLYWHEEL
EVS Port1 1980-012-15:21:39.99826 66/1/CFE_TIME 20: Start FLYWHEEL
........EVS Port1 1980-012-15:22:25.78012 66/1/AI_LEARNER 4: AI_LEARNER completed=1/1 mean=2352251110.5us max=2352251110.5us hal_peak=131382784 within_bounded=1
{"app":"AI_LEARNER","stage":"run","model":"wgan","target":"aarch64-unknown-linux-gnu","attempted":1,"completed":1,"fail_input":0,"fail_invoke":0,"fail_output":0,"mean_us":2352251110.50,"max_us":2352251110.50,"last_us":2352251110.50,"out0":-0.04231,"out":[-0.042312,0.048241,0.281001,0.151537,0.015720,-0.020226,0.097131,0.391062,0.016635,-0.019577,0.100400,0.387596,0.026042,-0.024262,0.100487,0.400326,0.021051,-0.025797,-0.056708,-0.073754,-0.072388,-0.066313,-0.067166,-0.065804,-0.039680,-0.048634,-0.047221,-0.062993,-0.066688,-0.067441,-0.065737,-0.031968,-0.041906,-0.041291,-0.055450,-0.052389,-0.046451,-0.039924,-0.038606,0.042496,0.060659,0.088375,0.064424,0.055448,0.056288,0.064071,0.072677,0.082546,0.094442,0.091626,0.083605,0.109534,0.140272,0.139143
{"app":"AI_LEARNER","stage":"mem","model":"wgan","target":"aarch64-unknown-linux-gnu","completed":1,"hal_peak":131382784,"peak_within_bounded":true,"admitted_budget_bytes":297458571,"peak_within_admitted_budget":true,"admission_mode":"unconditional","hal_bytes_per_call_amortized":262163456.0,"process_rss_kb":16912,"process_rss_delta_init_kb":1644}
............EVS Port1 1980-012-15:23:39.00744 66/1/CFE_TIME 21: Stop FLYWHEEL
EVS Port1 1980-012-15:23:40.00270 66/1/CFE_TIME 20: Start FLYWHEEL
......EVS Port1 1980-012-15:24:13.99961 66/1/CFE_TIME 20: Start FLYWHEEL
EVS Port1 1980-012-15:24:14.00830 66/1/CFE_TIME 21: Stop FLYWHEEL
.....................EVS Port1 1980-012-15:26:25.02050 66/1/CFE_TIME 21: Stop FLYWHEEL
.EVS Port1 1980-012-15:26:26.00045 66/1/CFE_TIME 20: Start FLYWHEEL
EVS Port1 1980-012-15:26:27.01119 66/1/CFE_TIME 21: Stop FLYWHEEL
EVS Port1 1980-012-15:26:28.00317 66/1/CFE_TIME 20: Start FLYWHEEL
EVS Port1 1980-012-15:26:30.02389 66/1/CFE_TIME 21: Stop FLYWHEEL
EVS Port1 1980-012-15:26:30.99404 66/1/CFE_TIME 20: Start FLYWHEEL
.EVS Port1 1980-012-15:26:34.00837 66/1/CFE_TIME 21: Stop FLYWHEEL
EVS Port1 1980-012-15:26:35.00204 66/1/CFE_TIME 20: Start FLYWHEEL
..........................EVS Port1 1980-012-15:29:08.00566 66/1/CFE_TIME 21: Stop FLYWHEEL
EVS Port1 1980-012-15:29:08.99963 66/1/CFE_TIME 20: Start FLYWHEEL
...........EVS Port1 1980-012-15:30:19.00515 66/1/CFE_TIME 21: Stop FLYWHEEL
.EVS Port1 1980-012-15:30:19.99961 66/1/CFE_TIME 20: Start FLYWHEEL
.........EVS Port1 1980-012-15:31:19.32844 66/1/CFE_TIME 20: Start FLYWHEEL
EVS Port1 1980-012-15:31:19.00979 66/1/CFE_TIME 21: Stop FLYWHEEL
.............EVS Port1 1980-012-15:32:37.00668 66/1/CFE_TIME 21: Stop FLYWHEEL
.EVS Port1 1980-012-15:32:37.99285 66/1/CFE_TIME 20: Start FLYWHEEL
.....EVS Port1 1980-012-15:33:10.00656 66/1/CFE_TIME 21: Stop FLYWHEEL
EVS Port1 1980-012-15:33:10.99938 66/1/CFE_TIME 20: Start FLYWHEEL
.1980-012-15:33:14.19895 CFE_ES_RunExceptionScan: ExceptionID 0x1110000 in TaskID 0: Caught SIGINT
1980-012-15:33:14.20144 CFE_ES_RunExceptionScan: Processor Reset count not reached (0/2)
CFE_PSP: Exiting cFE with PROCESSOR Reset status.

CFE_PSP: Shutdown initiated - Exiting cFE
CI delete callback -- Closing CI Network socket.
TO delete callback -- Closing TO Network socket.
..EXIT=137
