OS_BSP_Initialize():Maximum user msg queue depth = 512
CFE_PSP: Default Reset SubType = 1
CFE_PSP: Default CPU ID = 1
CFE_PSP: Default Spacecraft ID = 66
CFE_PSP: Default CPU Name: cpu1
OS_Posix_GetSchedulerParams():208:Policy 1: available, min-max: 1-99
OS_Posix_GetSchedulerParams():208:Policy 2: available, min-max: 1-99
OS_Posix_TaskAPI_Impl_Init():401:Selected policy 2 for RT tasks, root task = 99
OS_Posix_TaskAPI_Impl_Init():419:Could not setschedparam in main thread: Operation not permitted (1)
CFE_PSP: initializing module 'soft_timebase' with ID 0110ff00
CFE_PSP: Instantiated software timebase 'cFS-Master' running at 10000 usec
CFE_PSP: initializing module 'timebase_posix_clock' with ID 0110ff01
CFE_PSP: Using POSIX monotonic clock as CFE timebase
CFE_PSP: initializing module 'eeprom_mmap_file' with ID 0110ff02
CFE_PSP: Using MMAP simulated EEPROM implementation
CFE_PSP: EEPROM Range (2) created: Start Address = F5E37D67E000, Size = 00080000 Status = 0
CFE_PSP: initializing module 'port_notimpl' with ID 0110ff03
CFE_PSP: I/O Port access not implemented
CFE_PSP: initializing module 'iodriver' with ID 0110ff04
CFE_PSP: initializing module 'linux_sysmon' with ID 0110ff05
CFE_PSP: initializing module 'endian_api' with ID 0110ff06
CFE_PSP: Host CPU Endian=LITTLE
CFE_PSP: initializing module 'ram_notimpl' with ID 0110ff07
CFE_PSP: Physical RAM access not implemented
CFE_PSP: Normal exit from previous cFE instance
CFE_PSP: Starting the cFE with a PROCESSOR reset.
1980-001-06:16:52.13567 CFE_ES_Main: CFE_ES_Main in EARLY_INIT state
1980-001-06:16:52.15152 CFE_ES_InitializeFileSystems: Volatile Disk has 100 Percent free space.
Number of addresses returned by backtrace = 1
CFE_PSP: CFE_PSP_AttachExceptions called
1980-001-06:16:52.17599 CFE_ES_Main: CFE_ES_Main entering CORE_STARTUP state
1980-001-06:16:52.17647 CFE_ES_CreateObjects: Starting Object Creation calls.
1980-001-06:16:52.17665 CFE_ES_CreateObjects: Calling EarlyInit for CFE_CONFIG
1980-001-06:16:52.17992 CFE_ES_CreateObjects: Calling EarlyInit for CFE_ES
1980-001-06:16:52.18645 CFE_ES_CreateObjects: Calling EarlyInit for CFE_EVS
1980-001-06:16:52.18954 CFE_EVS_EarlyInit: Event Log restored, n=0, c=20, f=1, m=1, o=188
1980-001-06:16:52.18985 CFE_ES_CreateObjects: Calling EarlyInit for CFE_FS
1980-001-06:16:52.19174 CFE_ES_CreateObjects: Calling EarlyInit for CFE_SB
1980-001-06:16:52.21450 CFE_ES_CreateObjects: Calling EarlyInit for CFE_TBL
1980-001-06:16:52.24328 CFE_ES_CreateObjects: Calling EarlyInit for CFE_TIME
EVS Port1 1980-012-15:33:10.75796 66/1/CFE_ES 1: cFE ES Initialized: CFE_ES v7.0.1+dev1 (Draco) DEV BUILD, based on v7.0.1, EDS disabled
EVS Port1 1980-012-15:33:10.76502 66/1/CFE_ES 2: cFS Versions: cfe v7.0.1+dev1, osal v7.0.1+dev1, psp v7.0.1+dev1. cFE chksm 31659
EVS Port1 1980-012-15:33:10.76713 66/1/CFE_ES 91: Version Info: Mission SampleMission, version git:v7.0.1-90-g78c23b0-dirty
EVS Port1 1980-012-15:33:10.76802 66/1/CFE_ES 91: Version Info: Module CORE_API, version git:2612eb0
EVS Port1 1980-012-15:33:10.76834 66/1/CFE_ES 91: Version Info: Module CONFIG, version git:2612eb0
EVS Port1 1980-012-15:33:10.77049 66/1/CFE_ES 91: Version Info: Module ES, version git:2612eb0
EVS Port1 1980-012-15:33:10.77206 66/1/CFE_ES 91: Version Info: Module EVS, version git:2612eb0
EVS Port1 1980-012-15:33:10.77247 66/1/CFE_ES 91: Version Info: Module FS, version git:2612eb0
EVS Port1 1980-012-15:33:10.77299 66/1/CFE_ES 91: Version Info: Module SB, version git:2612eb0
EVS Port1 1980-012-15:33:10.77326 66/1/CFE_ES 91: Version Info: Module TBL, version git:2612eb0
EVS Port1 1980-012-15:33:10.77359 66/1/CFE_ES 91: Version Info: Module TIME, version git:2612eb0
EVS Port1 1980-012-15:33:10.77603 66/1/CFE_ES 91: Version Info: Module OSAL, version git:8111e4a
EVS Port1 1980-012-15:33:10.77734 66/1/CFE_ES 91: Version Info: Module PSP, version git:d1da809
EVS Port1 1980-012-15:33:10.77796 66/1/CFE_ES 91: Version Info: Module MSG, version git:2612eb0
EVS Port1 1980-012-15:33:10.77825 66/1/CFE_ES 91: Version Info: Module SBR, version git:2612eb0
EVS Port1 1980-012-15:33:10.78027 66/1/CFE_ES 91: Version Info: Module RESOURCEID, version git:2612eb0
EVS Port1 1980-012-15:33:10.78103 66/1/CFE_ES 92: Build 202609120624 by root@vm, config aarch64
EVS Port1 1980-012-15:33:10.89492 66/1/CFE_EVS 1: cFE EVS Initialized: CFE_EVS v7.0.1+dev1 (Draco) DEV BUILD, based on v7.0.1, EDS disabled
1980-012-15:33:10.99945 CFE_SB_AppInit: Registered 4 events for filtering
EVS Port1 1980-012-15:33:11.00439 66/1/CFE_SB 1: cFE SB Initialized: CFE_SB v7.0.1+dev1 (Draco) DEV BUILD, based on v7.0.1, EDS disabled
EVS Port1 1980-012-15:33:11.00521 66/1/CFE_SB 14: No subscribers for MsgId 0x808,sender CFE_SB
EVS Port1 1980-012-15:33:11.11064 66/1/CFE_TBL 1: cFE TBL Initialized: CFE_TBL v7.0.1+dev1 (Draco) DEV BUILD, based on v7.0.1, EDS disabled
EVS Port1 1980-012-15:33:11.11164 66/1/CFE_SB 14: No subscribers for MsgId 0x808,sender CFE_TBL
EVS Port1 1980-012-15:33:11.23249 66/1/CFE_TIME 1: cFE TIME Initialized: CFE_TIME v7.0.1+dev1 (Draco) DEV BUILD, based on v7.0.1, EDS disabled
EVS Port1 1980-012-15:33:11.23315 66/1/CFE_SB 14: No subscribers for MsgId 0x808,sender CFE_TIME
1980-012-15:33:11.26453 CFE_ES_CreateObjects: Finished ES CreateObject table entries.
1980-012-15:33:11.26610 CFE_ES_Main: CFE_ES_Main entering CORE_READY state
OS_FileOpen_Impl():110:open(/dev/shm/osal:RAM/cfe_es_startup.scr): No such file or directory
1980-012-15:33:11.27453 CFE_ES_OpenStartupScript: Cannot Open Volatile Startup file: /ram/cfe_es_startup.scr, Trying Nonvolatile.
1980-012-15:33:11.27760 CFE_ES_OpenStartupScript: Opened ES App Startup file: /cf/cfe_es_startup.scr
1980-012-15:33:11.31763 CFE_ES_ParseFileEntry: Loading shared library: /cf/cfe_assert.so
1980-012-15:33:11.33391 [BEGIN] CFE FUNCTIONAL TEST
1980-012-15:33:11.33462 [BEGIN] 01 CFE-STARTUP
1980-012-15:33:11.36758 CFE_ES_ParseFileEntry: Loading shared library: /cf/sample_lib.so
SAMPLE Lib Initialized.Sample Lib v7.0.0+dev1 (Draco) DEV BUILD, based on v7.0.1, EDS disabled
1980-012-15:33:11.40800 CFE_ES_ParseFileEntry: Loading file: /cf/sch_lab.so, APP: SCH_LAB
1980-012-15:33:11.45566 CFE_ES_ParseFileEntry: Loading file: /cf/ci_lab.so, APP: CI_LAB
SCH Lab Initialized.SCH Lab v7.0.1+dev1 (Draco) DEV BUILD, based on v7.0.1, EDS disabled
1980-012-15:33:11.55223 CFE_ES_ParseFileEntry: Loading file: /cf/to_lab.so, APP: TO_LAB
1980-012-15:33:11.65435 CI_LAB listening on UDP port: 1234
EVS Port1 1980-012-15:33:11.65827 66/1/CI_LAB 3: CI Lab Initialized.CI Lab App v7.0.1+dev1 (Draco) DEV BUILD, based on v7.0.1, EDS disabled
EVS Port1 1980-012-15:33:11.66050 66/1/CFE_SB 14: No subscribers for MsgId 0x808,sender CI_LAB
EVS Port1 1980-012-15:33:11.67211 66/1/TO_LAB 1: TO Lab Initialized.TO Lab v7.0.1+dev1 (Draco) DEV BUILD, based on v7.0.1, EDS disabled, Awaiting enable command.
1980-012-15:33:11.68050 CFE_ES_ParseFileEntry: Loading file: /cf/sample_app.so, APP: SAMPLE_APP
1980-012-15:33:11.72421 CFE_ES_ParseFileEntry: Loading file: /cf/ai_learner.so, APP: AI_LEARNER
EVS Port1 1980-012-15:33:11.76750 66/1/SAMPLE_APP 1: Sample App Initialized.Sample App v7.0.0+dev1 (Draco) DEV BUILD, based on v7.0.1, EDS disabled
1980-012-15:33:11.79513 CFE_ES_ParseFileEntry: Loading file: /cf/lc.so, APP: LC
{"app":"AI_LEARNER","stage":"build_config","model":"wgan","allow_conditional_map":0,"contract_bounded_bytes":135666432,"contract_per_call_bytes":131382784,"contract_const_bytes":4283648,"contract_bound_known":true,"contract_artifact_sha256":"e382429cbfbf580356379365fa67a8a2b01b47d58ec4e04b4a4c14165be2e102"}
{"app":"AI_LEARNER","stage":"stack","es_stack_size":263024,"stack_base_bytes":262144,"contract_kernel_stack_bytes":880,"kernel_stack_accounted":true}
1980-012-15:33:11.83558 CFE_ES_ParseFileEntry: Loading file: /cf/cf.so, APP: CF
{"app":"AI_LEARNER","stage":"admission","verdict":"ADMIT","model":"wgan","target":"aarch64-unknown-linux-gnu","bounded":135666432,"budget":512206935,"budget_source":"override","per_call":131382784,"constants":4283648,"kernel_stack_bytes":880,"bound_known":true,"scope":"per_app_local_budget"}
EVS Port1 1980-012-15:33:11.83656 66/1/AI_LEARNER 8: AI_LEARNER stack: es=263024 base=262144 kernel=880 accounted=1
EVS Port1 1980-012-15:33:11.90548 66/1/LC 56: WDT verify results: good = 0, bad = 0, unused = 176
EVS Port1 1980-012-15:33:11.92762 66/1/LC 66: ADT verify results: good = 0, bad = 0, unused = 176
EVS Port1 1980-012-15:33:11.93952 66/1/LC 23: LC use of Critical Data Store disabled, activity mask = 0x00991990
EVS Port1 1980-012-15:33:11.94424 66/1/LC 2: LC Initialized. Version 7.0.1.255
1980-012-15:33:11.97117 CFE_ES_ParseFileEntry: Loading file: /cf/ds.so, APP: DS
EVS Port1 1980-012-15:33:12.02340 66/1/CF 20: CF Initialized. Version 7.0.1.255
1980-012-15:33:12.08244 CFE_ES_ParseFileEntry: Loading file: /cf/fm.so, APP: FM
EVS Port1 1980-012-15:33:12.10322 66/1/DS 10: Destination file table verify results: good entries = 6, bad = 0, unused = 10
EVS Port1 1980-012-15:33:12.12129 66/1/DS 12: Filter table verify results: good entries = 14, bad = 0, unused = 242
EVS Port1 1980-012-15:33:12.14250 66/1/DS 1: Application initialized, version 7.0.1.255, data at 0xf5e37c620460
1980-012-15:33:12.21020 CFE_ES_ParseFileEntry: Loading file: /cf/hk.so, APP: HK
EVS Port1 1980-012-15:33:12.21533 66/1/FM 80: Free Space Table verify results: good entries = 3, bad = 0, unused = 5
EVS Port1 1980-012-15:33:12.24645 66/1/FM 1: Initialization complete: version 7.0.1.255
EVS Port1 1980-012-15:33:12.30335 66/1/FM 72: Child Task initialization complete
1980-012-15:33:12.32221 CFE_ES_ParseFileEntry: Loading file: /cf/hs.so, APP: HS
EVS Port1 1980-012-15:33:12.35151 66/1/HK 1: HK Initialized.  Version 7.0.1.255
1980-012-15:33:12.41928 CFE_ES_ParseFileEntry: Loading file: /cf/mm.so, APP: MM
EVS Port1 1980-012-15:33:12.46228 66/1/HS 54: ExeCount verify results: good = 5, bad = 0, unused = 27
EVS Port1 1980-012-15:33:12.47933 66/1/HS 50: AppMon verify results: good = 0, bad = 0, unused = 32
EVS Port1 1980-012-15:33:12.49560 66/1/HS 52: EventMon verify results: good = 0, bad = 0, unused = 16
EVS Port1 1980-012-15:33:12.51527 66/1/HS 56: MsgActs verify results: good = 2, bad = 0, unused = 6
EVS Port1 1980-012-15:33:12.52746 66/1/MM 1: MM Initialized. Version 7.0.1.255
1980-012-15:33:12.53032 HS_SysMonInit(): System Monitor using PSP device ID 0110ff05
1980-012-15:33:12.56592 CFE_ES_ParseFileEntry: Loading file: /cf/sc.so, APP: SC
CFE_PSP(Linux_SysMon): Started CPU utilization monitoring on 1 CPU(s)
EVS Port1 1980-012-15:33:12.57835 66/1/HS 1: HS Initialized.  Version 7.0.1.255
1980-012-15:33:12.65457 CFE_ES_ParseFileEntry: Loading file: /cf/md.so, APP: MD
EVS Port1 1980-012-15:33:12.74351 66/1/SC 21: RTS table files not loaded at initialization = 0 of 4
EVS Port1 1980-012-15:33:12.02114 66/1/CFE_TIME 21: Stop FLYWHEEL
EVS Port1 1980-012-15:33:12.02348 66/1/SC 9: SC Initialized. Version 7.0.1.255
EVS Port1 1980-012-15:33:12.04136 66/1/MD 52: MD Dwell Tbl verify results: good = 0, bad = 0, unused = 25
EVS Port1 1980-012-15:33:12.05201 66/1/MD 3: Recovered Dwell Table #1 is valid and has been copied to the MD App
1980-012-15:33:12.06207 CFE_ES_ParseFileEntry: Loading file: /cf/cs.so, APP: CS
EVS Port1 1980-012-15:33:12.07142 66/1/MD 52: MD Dwell Tbl verify results: good = 0, bad = 0, unused = 25
EVS Port1 1980-012-15:33:12.07910 66/1/MD 3: Recovered Dwell Table #2 is valid and has been copied to the MD App
EVS Port1 1980-012-15:33:12.10314 66/1/MD 52: MD Dwell Tbl verify results: good = 0, bad = 0, unused = 25
EVS Port1 1980-012-15:33:12.11793 66/1/MD 3: Recovered Dwell Table #3 is valid and has been copied to the MD App
EVS Port1 1980-012-15:33:12.12911 66/1/MD 52: MD Dwell Tbl verify results: good = 0, bad = 0, unused = 25
EVS Port1 1980-012-15:33:12.13342 66/1/MD 3: Recovered Dwell Table #4 is valid and has been copied to the MD App
EVS Port1 1980-012-15:33:12.13638 66/1/MD 7: Dwell Tables Recovered: 4, Dwell Tables Initialized: 0
EVS Port1 1980-012-15:33:12.14146 66/1/MD 1: MD Initialized.  Version 7.0.1.255
EVS Port1 1980-012-15:33:12.20532 66/1/CS 144: CS EEPROM Table verification results: good = 0, bad = 0, unused = 16
EVS Port1 1980-012-15:33:12.21025 66/1/CS 107: CS EEPROM Table: No valid entries in the table
EVS Port1 1980-012-15:33:12.22331 66/1/CS 143: CS Memory Table verification results: good = 0, bad = 0, unused = 16
EVS Port1 1980-012-15:33:12.22979 66/1/CS 107: CS Memory Table: No valid entries in the table
EVS Port1 1980-012-15:33:12.24021 66/1/CS 139: CS Tables Table verification results: good = 1, bad = 0, unused = 23
EVS Port1 1980-012-15:33:12.25721 66/1/CS 142: CS Apps Table verification results: good = 0, bad = 0, unused = 24
EVS Port1 1980-012-15:33:12.26025 66/1/CS 108: CS Apps Table: No valid entries in the table
EVS Port1 1980-012-15:33:12.26716 66/1/CS 127: OS Text Segment disabled due to platform
EVS Port1 1980-012-15:33:12.27033 66/1/CS 1: CS Initialized. Version 7.0.1.255
{"app":"AI_LEARNER","stage":"binding","verdict":"MATCH","artifact_bytes":4321533,"artifact_sha256":"e382429cbfbf5803","contract_sha256":"e382429cbfbf5803"}
{"app":"AI_LEARNER","stage":"map_branch","model":"wgan","module_ptr_mod64":0,"hal_peak_after_append":0,"contract_const_bytes":4283648,"contract_per_call_bytes":131382784,"arm":"map","admission_mode":"unconditional"}
{"app":"AI_LEARNER","stage":"mem_init","model":"wgan","target":"aarch64-unknown-linux-gnu","hal_peak":602112,"hal_allocated":602112,"bounded":135666432,"peak_within_bounded":true,"inferences_so_far":0,"process_rss_kb":11300,"rss_kb_before_runtime":9656,"rss_kb_after_session":9944,"rss_kb_after_init":11300}
1980-012-15:33:13.15505 CFE_ES_Main: Startup Sync failed - Applications may not have all initialized
1980-012-15:33:13.15752 CFE_ES_Main: CFE_ES_Main entering APPS_INIT state
1980-012-15:33:14.18582 CFE_ES_Main: Startup Sync failed - Applications may not have all started
1980-012-15:33:14.18889 CFE_ES_Main: CFE_ES_Main entering OPERATIONAL state
EVS Port1 1980-012-15:33:14.26824 66/1/TO_LAB 19: L550 TO Lab subscribed to 32 messages from the table
.EVS Port1 1980-012-15:33:24.02792 66/1/CFE_TIME 21: Stop FLYWHEEL
EVS Port1 1980-012-15:33:24.99299 66/1/CFE_TIME 20: Start FLYWHEEL
..EVS Port1 1980-012-15:33:34.00506 66/1/CFE_TIME 21: Stop FLYWHEEL
EVS Port1 1980-012-15:33:34.99719 66/1/CFE_TIME 20: Start FLYWHEEL
.EVS Port1 1980-012-15:33:42.00706 66/1/CFE_TIME 21: Stop FLYWHEEL
EVS Port1 1980-012-15:33:43.00506 66/1/CFE_TIME 20: Start FLYWHEEL
.EVS Port1 1980-012-15:33:45.01181 66/1/CFE_TIME 21: Stop FLYWHEEL
EVS Port1 1980-012-15:33:45.99575 66/1/CFE_TIME 20: Start FLYWHEEL
....EVS Port1 1980-012-15:34:11.00918 66/1/CFE_TIME 21: Stop FLYWHEEL
EVS Port1 1980-012-15:34:11.99583 66/1/CFE_TIME 20: Start FLYWHEEL
...............EVS Port1 1980-012-15:35:39.69786 66/1/HS 61: CPU Hogging Detected
1980-012-15:35:39.74383 HS App: CPU Hogging Detected
...EVS Port1 1980-012-15:36:00.02586 66/1/CFE_TIME 21: Stop FLYWHEEL
EVS Port1 1980-012-15:36:00.98698 66/1/CFE_TIME 20: Start FLYWHEEL
.EVS Port1 1980-012-15:36:02.00549 66/1/CFE_TIME 21: Stop FLYWHEEL
EVS Port1 1980-012-15:36:02.99771 66/1/CFE_TIME 20: Start FLYWHEEL
.................EVS Port1 1980-012-15:37:49.00540 66/1/CFE_TIME 21: Stop FLYWHEEL
.EVS Port1 1980-012-15:37:49.99026 66/1/CFE_TIME 20: Start FLYWHEEL
...EVS Port1 1980-012-15:38:10.00502 66/1/CFE_TIME 21: Stop FLYWHEEL
EVS Port1 1980-012-15:38:10.99705 66/1/CFE_TIME 20: Start FLYWHEEL
....................EVS Port1 1980-012-15:40:10.00756 66/1/CFE_TIME 21: Stop FLYWHEEL
EVS Port1 1980-012-15:40:10.99797 66/1/CFE_TIME 20: Start FLYWHEEL
.....EVS Port1 1980-012-15:40:40.00898 66/1/CFE_TIME 21: Stop FLYWHEEL
EVS Port1 1980-012-15:40:40.99998 66/1/CFE_TIME 20: Start FLYWHEEL
.....EVS Port1 1980-012-15:41:12.00529 66/1/CFE_TIME 21: Stop FLYWHEEL
EVS Port1 1980-012-15:41:13.00106 66/1/CFE_TIME 20: Start FLYWHEEL
...............EVS Port1 1980-012-15:42:39.00563 66/1/CFE_TIME 21: Stop FLYWHEEL
EVS Port1 1980-012-15:42:39.99534 66/1/CFE_TIME 20: Start FLYWHEEL
....EVS Port1 1980-012-15:43:06.00987 66/1/CFE_TIME 21: Stop FLYWHEEL
EVS Port1 1980-012-15:43:06.99784 66/1/CFE_TIME 20: Start FLYWHEEL
.............................EVS Port1 1980-012-15:46:00.01081 66/1/CFE_TIME 21: Stop FLYWHEEL
EVS Port1 1980-012-15:46:00.99780 66/1/CFE_TIME 20: Start FLYWHEEL
........EVS Port1 1980-012-15:46:49.01202 66/1/CFE_TIME 21: Stop FLYWHEEL
EVS Port1 1980-012-15:46:49.99462 66/1/CFE_TIME 20: Start FLYWHEEL
....EVS Port1 1980-012-15:47:09.00674 66/1/CFE_TIME 21: Stop FLYWHEEL
EVS Port1 1980-012-15:47:09.99664 66/1/CFE_TIME 20: Start FLYWHEEL
....EVS Port1 1980-012-15:47:38.00823 66/1/CFE_TIME 21: Stop FLYWHEEL
.EVS Port1 1980-012-15:47:38.99942 66/1/CFE_TIME 20: Start FLYWHEEL
.EVS Port1 1980-012-15:47:46.00621 66/1/CFE_TIME 21: Stop FLYWHEEL
EVS Port1 1980-012-15:47:46.99790 66/1/CFE_TIME 20: Start FLYWHEEL
....EVS Port1 1980-012-15:48:12.99604 66/1/CFE_TIME 20: Start FLYWHEEL
EVS Port1 1980-012-15:48:13.00950 66/1/CFE_TIME 21: Stop FLYWHEEL
.......EVS Port1 1980-012-15:48:55.00607 66/1/CFE_TIME 21: Stop FLYWHEEL
EVS Port1 1980-012-15:48:55.99601 66/1/CFE_TIME 20: Start FLYWHEEL
....EVS Port1 1980-012-15:49:16.00778 66/1/CFE_TIME 21: Stop FLYWHEEL
EVS Port1 1980-012-15:49:16.99682 66/1/CFE_TIME 20: Start FLYWHEEL
.EVS Port1 1980-012-15:49:23.99600 66/1/CFE_TIME 20: Start FLYWHEEL
EVS Port1 1980-012-15:49:24.00534 66/1/CFE_TIME 21: Stop FLYWHEEL
...........EVS Port1 1980-012-15:50:29.00372 66/1/CFE_TIME 20: Start FLYWHEEL
EVS Port1 1980-012-15:50:29.00968 66/1/CFE_TIME 21: Stop FLYWHEEL
..EVS Port1 1980-012-15:50:41.01049 66/1/CFE_TIME 21: Stop FLYWHEEL
EVS Port1 1980-012-15:50:41.98687 66/1/CFE_TIME 20: Start FLYWHEEL
.EVS Port1 1980-012-15:50:51.00811 66/1/CFE_TIME 21: Stop FLYWHEEL
.EVS Port1 1980-012-15:50:51.99349 66/1/CFE_TIME 20: Start FLYWHEEL
.......EVS Port1 1980-012-15:51:38.01269 66/1/CFE_TIME 21: Stop FLYWHEEL
EVS Port1 1980-012-15:51:38.99774 66/1/CFE_TIME 20: Start FLYWHEEL
...............EVS Port1 1980-012-15:53:05.01210 66/1/CFE_TIME 20: Start FLYWHEEL
EVS Port1 1980-012-15:53:05.00871 66/1/CFE_TIME 21: Stop FLYWHEEL
.......EVS Port1 1980-012-15:53:47.00614 66/1/CFE_TIME 21: Stop FLYWHEEL
EVS Port1 1980-012-15:53:47.99769 66/1/CFE_TIME 20: Start FLYWHEEL
...EVS Port1 1980-012-15:54:08.01283 66/1/CFE_TIME 21: Stop FLYWHEEL
EVS Port1 1980-012-15:54:08.98904 66/1/CFE_TIME 20: Start FLYWHEEL
..................EVS Port1 1980-012-15:55:57.02403 66/1/CFE_TIME 21: Stop FLYWHEEL
.EVS Port1 1980-012-15:55:57.98910 66/1/CFE_TIME 20: Start FLYWHEEL
EVS Port1 1980-012-15:55:59.00540 66/1/CFE_TIME 21: Stop FLYWHEEL
EVS Port1 1980-012-15:55:59.99113 66/1/CFE_TIME 20: Start FLYWHEEL
..................................EVS Port1 1980-012-15:59:24.00672 66/1/CFE_TIME 21: Stop FLYWHEEL
EVS Port1 1980-012-15:59:24.99884 66/1/CFE_TIME 20: Start FLYWHEEL
..........EVS Port1 1980-012-16:00:24.01989 66/1/CFE_TIME 21: Stop FLYWHEEL
EVS Port1 1980-012-16:00:25.00465 66/1/CFE_TIME 20: Start FLYWHEEL
EVS Port1 1980-012-16:00:26.03062 66/1/CFE_TIME 21: Stop FLYWHEEL
.EVS Port1 1980-012-16:00:26.98977 66/1/CFE_TIME 20: Start FLYWHEEL
EVS Port1 1980-012-16:00:31.01239 66/1/CFE_TIME 20: Start FLYWHEEL
EVS Port1 1980-012-16:00:31.00582 66/1/CFE_TIME 21: Stop FLYWHEEL
.....................EVS Port1 1980-012-16:02:35.00593 66/1/CFE_TIME 21: Stop FLYWHEEL
EVS Port1 1980-012-16:02:35.99809 66/1/CFE_TIME 20: Start FLYWHEEL
.................................EVS Port1 1980-012-16:05:56.01777 66/1/CFE_TIME 21: Stop FLYWHEEL
.EVS Port1 1980-012-16:05:56.99475 66/1/CFE_TIME 20: Start FLYWHEEL
..........................EVS Port1 1980-012-16:08:35.00605 66/1/CFE_TIME 21: Stop FLYWHEEL
EVS Port1 1980-012-16:08:35.99884 66/1/CFE_TIME 20: Start FLYWHEEL
..........EVS Port1 1980-012-16:09:35.00526 66/1/CFE_TIME 21: Stop FLYWHEEL
EVS Port1 1980-012-16:09:35.99913 66/1/CFE_TIME 20: Start FLYWHEEL
..........EVS Port1 1980-012-16:10:35.00778 66/1/CFE_TIME 21: Stop FLYWHEEL
EVS Port1 1980-012-16:10:35.99974 66/1/CFE_TIME 20: Start FLYWHEEL
...........EVS Port1 1980-012-16:11:44.00712 66/1/CFE_TIME 20: Start FLYWHEEL
EVS Port1 1980-012-16:11:44.01669 66/1/CFE_TIME 21: Stop FLYWHEEL
......{"app":"AI_LEARNER","stage":"e25_equivalence","inputs":1,"completed":1,"model":"wgan","target":"aarch64-unknown-linux-gnu","artifact_sha256":"e382429cbfbf5803..."}
EVS Port1 1980-012-16:12:21.06341 66/1/AI_LEARNER 4: AI_LEARNER: E25 equivalence 1/1 inferences written
{"app":"AI_LEARNER","stage":"e25_mode","active":true,"inputs_path":"/cf/e25_inputs.bin"}
EVS Port1 1980-012-16:12:21.06988 66/1/AI_LEARNER 3: AI_LEARNER initialized: model wgan (4321533 B), rss_delta_init=1644 KB
....EVS Port1 1980-012-16:12:42.71292 66/1/CFE_SB 17: Msg Limit Err,MsgId 0x800,pipe AI_LEARNER_PIPE,sender CFE_ES
.EVS Port1 1980-012-16:12:46.68371 66/1/CFE_SB 17: Msg Limit Err,MsgId 0x800,pipe AI_LEARNER_PIPE,sender CFE_ES
EVS Port1 1980-012-16:12:50.68844 66/1/CFE_SB 17: Msg Limit Err,MsgId 0x800,pipe AI_LEARNER_PIPE,sender CFE_ES
.EVS Port1 1980-012-16:12:54.69465 66/1/CFE_SB 17: Msg Limit Err,MsgId 0x800,pipe AI_LEARNER_PIPE,sender CFE_ES
.EVS Port1 1980-012-16:12:58.68232 66/1/CFE_SB 17: Msg Limit Err,MsgId 0x800,pipe AI_LEARNER_PIPE,sender CFE_ES
EVS Port1 1980-012-16:13:02.69685 66/1/CFE_SB 17: Msg Limit Err,MsgId 0x800,pipe AI_LEARNER_PIPE,sender CFE_ES
.EVS Port1 1980-012-16:13:06.70144 66/1/CFE_SB 17: Msg Limit Err,MsgId 0x800,pipe AI_LEARNER_PIPE,sender CFE_ES
.EVS Port1 1980-012-16:13:10.69721 66/1/CFE_SB 17: Msg Limit Err,MsgId 0x800,pipe AI_LEARNER_PIPE,sender CFE_ES
EVS Port1 1980-012-16:13:14.69265 66/1/CFE_SB 17: Msg Limit Err,MsgId 0x800,pipe AI_LEARNER_PIPE,sender CFE_ES
.EVS Port1 1980-012-16:13:17.69113 66/1/CFE_SB 17: Msg Limit Err,MsgId 0x800,pipe AI_LEARNER_PIPE,sender CFE_ES
.EVS Port1 1980-012-16:13:21.70579 66/1/CFE_SB 17: Msg Limit Err,MsgId 0x800,pipe AI_LEARNER_PIPE,sender CFE_ES
EVS Port1 1980-012-16:13:25.69447 66/1/CFE_SB 17: Msg Limit Err,MsgId 0x800,pipe AI_LEARNER_PIPE,sender CFE_ES
.EVS Port1 1980-012-16:13:29.70008 66/1/CFE_SB 17: Msg Limit Err,MsgId 0x800,pipe AI_LEARNER_PIPE,sender CFE_ES
.EVS Port1 1980-012-16:13:33.69515 66/1/CFE_SB 17: Msg Limit Err,MsgId 0x800,pipe AI_LEARNER_PIPE,sender CFE_ES
EVS Port1 1980-012-16:13:37.68525 66/1/CFE_SB 17: Msg Limit Err,MsgId 0x800,pipe AI_LEARNER_PIPE,sender CFE_ES
.EVS Port1 1980-012-16:13:41.69165 66/1/CFE_SB 17: Msg Limit Err,MsgId 0x800,pipe AI_LEARNER_PIPE,sender CFE_ES
......................EVS Port1 1980-012-16:15:54.01403 66/1/CFE_TIME 21: Stop FLYWHEEL
EVS Port1 1980-012-16:15:54.99317 66/1/CFE_TIME 20: Start FLYWHEEL
..EVS Port1 1980-012-16:16:04.00736 66/1/CFE_TIME 21: Stop FLYWHEEL
EVS Port1 1980-012-16:16:05.00318 66/1/CFE_TIME 20: Start FLYWHEEL
...............EVS Port1 1980-012-16:17:34.00790 66/1/CFE_TIME 21: Stop FLYWHEEL
EVS Port1 1980-012-16:17:34.99984 66/1/CFE_TIME 20: Start FLYWHEEL
.....................EVS Port1 1980-012-16:19:46.01033 66/1/CFE_TIME 21: Stop FLYWHEEL
.EVS Port1 1980-012-16:19:46.98814 66/1/CFE_TIME 20: Start FLYWHEEL
...........................EVS Port1 1980-012-16:22:33.00613 66/1/CFE_TIME 21: Stop FLYWHEEL
EVS Port1 1980-012-16:22:33.99688 66/1/CFE_TIME 20: Start FLYWHEEL
........EVS Port1 1980-012-16:23:17.99810 66/1/CFE_TIME 20: Start FLYWHEEL
EVS Port1 1980-012-16:23:18.01068 66/1/CFE_TIME 21: Stop FLYWHEEL
......................EVS Port1 1980-012-16:25:34.00628 66/1/CFE_TIME 21: Stop FLYWHEEL
EVS Port1 1980-012-16:25:35.00119 66/1/CFE_TIME 20: Start FLYWHEEL
.EVS Port1 1980-012-16:25:39.00749 66/1/CFE_TIME 21: Stop FLYWHEEL
EVS Port1 1980-012-16:25:39.99777 66/1/CFE_TIME 20: Start FLYWHEEL
....EVS Port1 1980-012-16:26:03.00773 66/1/CFE_TIME 21: Stop FLYWHEEL
EVS Port1 1980-012-16:26:03.99363 66/1/CFE_TIME 20: Start FLYWHEEL
...............................EVS Port1 1980-012-16:29:06.00898 66/1/CFE_TIME 21: Stop FLYWHEEL
EVS Port1 1980-012-16:29:06.99485 66/1/CFE_TIME 20: Start FLYWHEEL
..............EVS Port1 1980-012-16:30:32.00630 66/1/CFE_TIME 21: Stop FLYWHEEL
EVS Port1 1980-012-16:30:32.99612 66/1/CFE_TIME 20: Start FLYWHEEL
.EVS Port1 1980-012-16:30:38.00996 66/1/CFE_TIME 21: Stop FLYWHEEL
EVS Port1 1980-012-16:30:38.99610 66/1/CFE_TIME 20: Start FLYWHEEL
.EVS Port1 1980-012-16:30:41.02191 66/1/CFE_TIME 21: Stop FLYWHEEL
EVS Port1 1980-012-16:30:42.01686 66/1/CFE_TIME 20: Start FLYWHEEL
EVS Port1 1980-012-16:30:43.99517 66/1/CFE_TIME 20: Start FLYWHEEL
EVS Port1 1980-012-16:30:44.00537 66/1/CFE_TIME 21: Stop FLYWHEEL
..................EVS Port1 1980-012-16:32:31.00659 66/1/CFE_TIME 21: Stop FLYWHEEL
EVS Port1 1980-012-16:32:31.99813 66/1/CFE_TIME 20: Start FLYWHEEL
.....EVS Port1 1980-012-16:33:01.00555 66/1/CFE_TIME 21: Stop FLYWHEEL
EVS Port1 1980-012-16:33:02.00038 66/1/CFE_TIME 20: Start FLYWHEEL
...............EVS Port1 1980-012-16:34:32.00651 66/1/CFE_TIME 21: Stop FLYWHEEL
EVS Port1 1980-012-16:34:32.99948 66/1/CFE_TIME 20: Start FLYWHEEL
..............EVS Port1 1980-012-16:35:53.01037 66/1/CFE_TIME 20: Start FLYWHEEL
EVS Port1 1980-012-16:35:53.00495 66/1/CFE_TIME 21: Stop FLYWHEEL
.EVS Port1 1980-012-16:36:01.00767 66/1/CFE_TIME 21: Stop FLYWHEEL
EVS Port1 1980-012-16:36:01.99653 66/1/CFE_TIME 20: Start FLYWHEEL
.........................EVS Port1 1980-012-16:38:31.00708 66/1/CFE_TIME 21: Stop FLYWHEEL
EVS Port1 1980-012-16:38:31.99908 66/1/CFE_TIME 20: Start FLYWHEEL
.........................EVS Port1 1980-012-16:41:01.01612 66/1/CFE_TIME 21: Stop FLYWHEEL
EVS Port1 1980-012-16:41:01.99401 66/1/CFE_TIME 20: Start FLYWHEEL
.............EVS Port1 1980-012-16:42:23.00901 66/1/CFE_TIME 21: Stop FLYWHEEL
.EVS Port1 1980-012-16:42:23.99282 66/1/CFE_TIME 20: Start FLYWHEEL
...........EVS Port1 1980-012-16:43:31.01823 66/1/CFE_TIME 21: Stop FLYWHEEL
EVS Port1 1980-012-16:43:31.98727 66/1/CFE_TIME 20: Start FLYWHEEL
.......EVS Port1 1980-012-16:44:16.00907 66/1/CFE_TIME 21: Stop FLYWHEEL
EVS Port1 1980-012-16:44:17.05282 66/1/CFE_TIME 20: Start FLYWHEEL
EVS Port1 1980-012-16:44:18.01194 66/1/CFE_TIME 21: Stop FLYWHEEL
.EVS Port1 1980-012-16:44:18.99682 66/1/CFE_TIME 20: Start FLYWHEEL
.......EVS Port1 1980-012-16:45:01.02114 66/1/CFE_TIME 20: Start FLYWHEEL
EVS Port1 1980-012-16:45:03.00736 66/1/CFE_TIME 21: Stop FLYWHEEL
........EVS Port1 1980-012-16:45:49.03118 66/1/CFE_TIME 21: Stop FLYWHEEL
EVS Port1 1980-012-16:45:49.98687 66/1/CFE_TIME 20: Start FLYWHEEL
.........................EVS Port1 1980-012-16:48:20.01791 66/1/CFE_TIME 21: Stop FLYWHEEL
EVS Port1 1980-012-16:48:20.99595 66/1/CFE_TIME 20: Start FLYWHEEL
.......EVS Port1 1980-012-16:49:03.00071 66/1/CFE_TIME 20: Start FLYWHEEL
EVS Port1 1980-012-16:49:03.00730 66/1/CFE_TIME 21: Stop FLYWHEEL
....EVS Port1 1980-012-16:49:30.01414 66/1/CFE_TIME 21: Stop FLYWHEEL
EVS Port1 1980-012-16:49:30.99703 66/1/CFE_TIME 20: Start FLYWHEEL
.....................EVS Port1 1980-012-16:51:34.72647 66/1/AI_LEARNER 4: AI_LEARNER completed=1/1 mean=2355063562.2us max=2355063562.2us hal_peak=131382784 within_bounded=1
{"app":"AI_LEARNER","stage":"run","model":"wgan","target":"aarch64-unknown-linux-gnu","attempted":1,"completed":1,"fail_input":0,"fail_invoke":0,"fail_output":0,"mean_us":2355063562.21,"max_us":2355063562.21,"last_us":2355063562.21,"out0":-0.04232,"out":[-0.042319,0.048241,0.281023,0.151527,0.015680,-0.020269,0.097012,0.390218,0.018090,-0.019573,0.098492,0.389092,0.033931,-0.020053,0.094763,0.429461,0.139101,0.007387,-0.046294,-0.072054,-0.071602,-0.066457,-0.067621,-0.066346,-0.040156,-0.048417,-0.045643,-0.060676,-0.064330,-0.064984,-0.063649,0.008114,0.006483,-0.036532,-0.053265,-0.050827,-0.047086,-0.039443,-0.039237,0.042758,0.061332,0.090130,0.064914,0.055944,0.057584,0.065402,0.072664,0.082456,0.094396,0.091665,0.083653,0.109543,0.140275,0.139152,0.
{"app":"AI_LEARNER","stage":"mem","model":"wgan","target":"aarch64-unknown-linux-gnu","completed":1,"hal_peak":131382784,"peak_within_bounded":true,"admitted_budget_bytes":512206935,"peak_within_admitted_budget":true,"admission_mode":"unconditional","hal_bytes_per_call_amortized":262163456.0,"process_rss_kb":15708,"process_rss_delta_init_kb":1644}
....EVS Port1 1980-012-16:52:00.00744 66/1/CFE_TIME 21: Stop FLYWHEEL
EVS Port1 1980-012-16:52:01.00010 66/1/CFE_TIME 20: Start FLYWHEEL
..........EVS Port1 1980-012-16:53:00.00538 66/1/CFE_TIME 21: Stop FLYWHEEL
EVS Port1 1980-012-16:53:01.00103 66/1/CFE_TIME 20: Start FLYWHEEL
...........................EVS Port1 1980-012-16:55:40.02386 66/1/CFE_TIME 21: Stop FLYWHEEL
EVS Port1 1980-012-16:55:41.38713 66/1/CFE_TIME 20: Start FLYWHEEL
EVS Port1 1980-012-16:55:42.04669 66/1/CFE_TIME 21: Stop FLYWHEEL
EVS Port1 1980-012-16:55:43.00891 66/1/CFE_TIME 20: Start FLYWHEEL
.EVS Port1 1980-012-16:55:44.00692 66/1/CFE_TIME 21: Stop FLYWHEEL
EVS Port1 1980-012-16:55:45.00401 66/1/CFE_TIME 20: Start FLYWHEEL
..........................................EVS Port1 1980-012-16:59:59.00874 66/1/CFE_TIME 21: Stop FLYWHEEL
EVS Port1 1980-012-16:59:59.99678 66/1/CFE_TIME 20: Start FLYWHEEL
..............................1980-012-17:02:56.11815 CFE_ES_RunExceptionScan: ExceptionID 0x1110001 in TaskID 0: Caught SIGINT
1980-012-17:02:56.12911 CFE_ES_RunExceptionScan: Processor Reset count not reached (1/2)
CFE_PSP: Exiting cFE with PROCESSOR Reset status.

CFE_PSP: Shutdown initiated - Exiting cFE
CI delete callback -- Closing CI Network socket.
TO delete callback -- Closing TO Network socket.
..EXIT=137
