OS_BSP_Initialize():Maximum user msg queue depth = 512
CFE_PSP: Default Reset SubType = 1
CFE_PSP: Default CPU ID = 1
CFE_PSP: Default Spacecraft ID = 66
CFE_PSP: Default CPU Name: cpu1
OS_Posix_GetSchedulerParams():208:Policy 1: available, min-max: 1-99
OS_Posix_GetSchedulerParams():208:Policy 2: available, min-max: 1-99
OS_Posix_TaskAPI_Impl_Init():401:Selected policy 2 for RT tasks, root task = 99
OS_Posix_TaskAPI_Impl_Init():419:Could not setschedparam in main thread: Operation not permitted (1)
CFE_PSP: initializing module 'soft_timebase' with ID 0110ff00
CFE_PSP: Instantiated software timebase 'cFS-Master' running at 10000 usec
CFE_PSP: initializing module 'timebase_posix_clock' with ID 0110ff01
CFE_PSP: Using POSIX monotonic clock as CFE timebase
CFE_PSP: initializing module 'eeprom_mmap_file' with ID 0110ff02
CFE_PSP: Using MMAP simulated EEPROM implementation
CFE_PSP: EEPROM Range (2) created: Start Address = F5B0FD3EE000, Size = 00080000 Status = 0
CFE_PSP: initializing module 'port_notimpl' with ID 0110ff03
CFE_PSP: I/O Port access not implemented
CFE_PSP: initializing module 'iodriver' with ID 0110ff04
CFE_PSP: initializing module 'linux_sysmon' with ID 0110ff05
CFE_PSP: initializing module 'endian_api' with ID 0110ff06
CFE_PSP: Host CPU Endian=LITTLE
CFE_PSP: initializing module 'ram_notimpl' with ID 0110ff07
CFE_PSP: Physical RAM access not implemented
CFE_PSP: Normal exit from previous cFE instance
CFE_PSP: Starting the cFE with a PROCESSOR reset.
1980-001-09:17:35.35002 CFE_ES_Main: CFE_ES_Main in EARLY_INIT state
1980-001-09:17:35.62782 CFE_ES_InitializeFileSystems: Volatile Disk has 100 Percent free space.
Number of addresses returned by backtrace = 1
CFE_PSP: CFE_PSP_AttachExceptions called
1980-001-09:17:35.69169 CFE_ES_Main: CFE_ES_Main entering CORE_STARTUP state
1980-001-09:17:35.69220 CFE_ES_CreateObjects: Starting Object Creation calls.
1980-001-09:17:35.69240 CFE_ES_CreateObjects: Calling EarlyInit for CFE_CONFIG
1980-001-09:17:35.69593 CFE_ES_CreateObjects: Calling EarlyInit for CFE_ES
1980-001-09:17:35.72264 CFE_ES_CreateObjects: Calling EarlyInit for CFE_EVS
1980-001-09:17:35.72594 CFE_EVS_EarlyInit: Event Log restored, n=0, c=20, f=1, m=1, o=2699
1980-001-09:17:35.72831 CFE_ES_CreateObjects: Calling EarlyInit for CFE_FS
1980-001-09:17:35.72852 CFE_ES_CreateObjects: Calling EarlyInit for CFE_SB
1980-001-09:17:35.83098 CFE_ES_CreateObjects: Calling EarlyInit for CFE_TBL
1980-001-09:17:36.31474 CFE_ES_CreateObjects: Calling EarlyInit for CFE_TIME
EVS Port1 1980-012-17:01:09.34719 66/1/CFE_ES 1: cFE ES Initialized: CFE_ES v7.0.1+dev1 (Draco) DEV BUILD, based on v7.0.1, EDS disabled
EVS Port1 1980-012-17:01:09.36453 66/1/CFE_ES 2: cFS Versions: cfe v7.0.1+dev1, osal v7.0.1+dev1, psp v7.0.1+dev1. cFE chksm 31659
EVS Port1 1980-012-17:01:09.36943 66/1/CFE_ES 91: Version Info: Mission SampleMission, version git:v7.0.1-90-g78c23b0-dirty
EVS Port1 1980-012-17:01:09.37178 66/1/CFE_ES 91: Version Info: Module CORE_API, version git:2612eb0
EVS Port1 1980-012-17:01:09.37232 66/1/CFE_ES 91: Version Info: Module CONFIG, version git:2612eb0
EVS Port1 1980-012-17:01:09.37260 66/1/CFE_ES 91: Version Info: Module ES, version git:2612eb0
EVS Port1 1980-012-17:01:09.37281 66/1/CFE_ES 91: Version Info: Module EVS, version git:2612eb0
EVS Port1 1980-012-17:01:09.37466 66/1/CFE_ES 91: Version Info: Module FS, version git:2612eb0
EVS Port1 1980-012-17:01:09.37637 66/1/CFE_ES 91: Version Info: Module SB, version git:2612eb0
EVS Port1 1980-012-17:01:09.37655 66/1/CFE_ES 91: Version Info: Module TBL, version git:2612eb0
EVS Port1 1980-012-17:01:09.37666 66/1/CFE_ES 91: Version Info: Module TIME, version git:2612eb0
EVS Port1 1980-012-17:01:09.37677 66/1/CFE_ES 91: Version Info: Module OSAL, version git:8111e4a
EVS Port1 1980-012-17:01:09.37686 66/1/CFE_ES 91: Version Info: Module PSP, version git:d1da809
EVS Port1 1980-012-17:01:09.37696 66/1/CFE_ES 91: Version Info: Module MSG, version git:2612eb0
EVS Port1 1980-012-17:01:09.37713 66/1/CFE_ES 91: Version Info: Module SBR, version git:2612eb0
EVS Port1 1980-012-17:01:09.37724 66/1/CFE_ES 91: Version Info: Module RESOURCEID, version git:2612eb0
EVS Port1 1980-012-17:01:09.37750 66/1/CFE_ES 92: Build 202609120624 by root@vm, config aarch64
EVS Port1 1980-012-17:01:09.51217 66/1/CFE_EVS 1: cFE EVS Initialized: CFE_EVS v7.0.1+dev1 (Draco) DEV BUILD, based on v7.0.1, EDS disabled
1980-012-17:01:09.73193 CFE_SB_AppInit: Registered 4 events for filtering
EVS Port1 1980-012-17:01:09.75488 66/1/CFE_SB 1: cFE SB Initialized: CFE_SB v7.0.1+dev1 (Draco) DEV BUILD, based on v7.0.1, EDS disabled
EVS Port1 1980-012-17:01:09.75619 66/1/CFE_SB 14: No subscribers for MsgId 0x808,sender CFE_SB
EVS Port1 1980-012-17:01:09.94226 66/1/CFE_TBL 1: cFE TBL Initialized: CFE_TBL v7.0.1+dev1 (Draco) DEV BUILD, based on v7.0.1, EDS disabled
EVS Port1 1980-012-17:01:09.94689 66/1/CFE_SB 14: No subscribers for MsgId 0x808,sender CFE_TBL
EVS Port1 1980-012-17:01:10.20989 66/1/CFE_TIME 1: cFE TIME Initialized: CFE_TIME v7.0.1+dev1 (Draco) DEV BUILD, based on v7.0.1, EDS disabled
EVS Port1 1980-012-17:01:10.21405 66/1/CFE_SB 14: No subscribers for MsgId 0x808,sender CFE_TIME
OS_FileOpen_Impl():110:open(/dev/shm/osal:RAM/cfe_es_startup.scr): No such file or directory
1980-012-17:01:10.24730 CFE_ES_CreateObjects: Finished ES CreateObject table entries.
1980-012-17:01:10.25217 CFE_ES_Main: CFE_ES_Main entering CORE_READY state
1980-012-17:01:10.25739 CFE_ES_OpenStartupScript: Cannot Open Volatile Startup file: /ram/cfe_es_startup.scr, Trying Nonvolatile.
1980-012-17:01:10.25831 CFE_ES_OpenStartupScript: Opened ES App Startup file: /cf/cfe_es_startup.scr
1980-012-17:01:10.32348 CFE_ES_ParseFileEntry: Loading shared library: /cf/cfe_assert.so
1980-012-17:01:10.35901 [BEGIN] CFE FUNCTIONAL TEST
1980-012-17:01:10.35999 [BEGIN] 01 CFE-STARTUP
1980-012-17:01:10.40329 CFE_ES_ParseFileEntry: Loading shared library: /cf/sample_lib.so
SAMPLE Lib Initialized.Sample Lib v7.0.0+dev1 (Draco) DEV BUILD, based on v7.0.1, EDS disabled
1980-012-17:01:10.47776 CFE_ES_ParseFileEntry: Loading file: /cf/sch_lab.so, APP: SCH_LAB
1980-012-17:01:10.64494 CFE_ES_ParseFileEntry: Loading file: /cf/ci_lab.so, APP: CI_LAB
SCH Lab Initialized.SCH Lab v7.0.1+dev1 (Draco) DEV BUILD, based on v7.0.1, EDS disabled
1980-012-17:01:10.74723 CFE_ES_ParseFileEntry: Loading file: /cf/to_lab.so, APP: TO_LAB
1980-012-17:01:10.88782 CFE_ES_ParseFileEntry: Loading file: /cf/sample_app.so, APP: SAMPLE_APP
EVS Port1 1980-012-17:01:10.94769 66/1/TO_LAB 1: TO Lab Initialized.TO Lab v7.0.1+dev1 (Draco) DEV BUILD, based on v7.0.1, EDS disabled, Awaiting enable command.
EVS Port1 1980-012-17:01:11.01443 66/1/CFE_SB 14: No subscribers for MsgId 0x808,sender TO_LAB
EVS Port1 1980-012-17:01:11.17852 66/1/SAMPLE_APP 1: Sample App Initialized.Sample App v7.0.0+dev1 (Draco) DEV BUILD, based on v7.0.1, EDS disabled
1980-012-17:01:11.46885 CI_LAB listening on UDP port: 1234
EVS Port1 1980-012-17:01:11.47140 66/1/CI_LAB 3: CI Lab Initialized.CI Lab App v7.0.1+dev1 (Draco) DEV BUILD, based on v7.0.1, EDS disabled
1980-012-17:01:11.48162 CFE_ES_ParseFileEntry: Loading file: /cf/ai_learner.so, APP: AI_LEARNER
1980-012-17:01:11.55450 CFE_ES_ParseFileEntry: Loading file: /cf/lc.so, APP: LC
{"app":"AI_LEARNER","stage":"build_config","model":"wgan","allow_conditional_map":0,"contract_bounded_bytes":135666432,"contract_per_call_bytes":131382784,"contract_const_bytes":4283648,"contract_bound_known":true,"contract_artifact_sha256":"e382429cbfbf580356379365fa67a8a2b01b47d58ec4e04b4a4c14165be2e102"}
{"app":"AI_LEARNER","stage":"stack","es_stack_size":263024,"stack_base_bytes":262144,"contract_kernel_stack_bytes":880,"kernel_stack_accounted":true}
EVS Port1 1980-012-17:01:11.58007 66/1/AI_LEARNER 8: AI_LEARNER stack: es=263024 base=262144 kernel=880 accounted=1
EVS Port1 1980-012-17:01:11.59265 66/1/AI_LEARNER 1: AI_LEARNER NOT_ADMITTED: contract bounded=135666432 > budget=134217728; app will not start
{"app":"AI_LEARNER","stage":"admission","verdict":"NOT_ADMITTED","model":"wgan","target":"aarch64-unknown-linux-gnu","bounded":135666432,"budget":134217728,"budget_source":"override","per_call":131382784,"constants":4283648,"kernel_stack_bytes":880,"bound_known":true,"scope":"per_app_local_budget"}
{"app":"AI_LEARNER","stage":"cleanup","released":true,"cleanup_calls":1}
1980-012-17:01:11.66175 CFE_ES_ExitApp: Application AI_LEARNER called CFE_ES_ExitApp
1980-012-17:01:11.70441 CFE_ES_ParseFileEntry: Loading file: /cf/cf.so, APP: CF
EVS Port1 1980-012-17:01:11.74377 66/1/LC 56: WDT verify results: good = 0, bad = 0, unused = 176
EVS Port1 1980-012-17:01:11.75822 66/1/LC 66: ADT verify results: good = 0, bad = 0, unused = 176
EVS Port1 1980-012-17:01:11.78552 66/1/LC 23: LC use of Critical Data Store disabled, activity mask = 0x00991990
EVS Port1 1980-012-17:01:11.79200 66/1/LC 2: LC Initialized. Version 7.0.1.255
1980-012-17:01:11.82477 CFE_ES_ParseFileEntry: Loading file: /cf/ds.so, APP: DS
EVS Port1 1980-012-17:01:11.86070 66/1/CF 20: CF Initialized. Version 7.0.1.255
EVS Port1 1980-012-17:01:12.33369 66/1/DS 10: Destination file table verify results: good entries = 6, bad = 0, unused = 10
EVS Port1 1980-012-17:01:12.33929 66/1/DS 12: Filter table verify results: good entries = 14, bad = 0, unused = 242
1980-012-17:01:12.34871 CFE_ES_ParseFileEntry: Loading file: /cf/fm.so, APP: FM
EVS Port1 1980-012-17:01:12.34405 66/1/DS 1: Application initialized, version 7.0.1.255, data at 0xf5b0fc7c0460
1980-012-17:01:12.63813 CFE_ES_ParseFileEntry: Loading file: /cf/hk.so, APP: HK
EVS Port1 1980-012-17:01:12.64802 66/1/FM 80: Free Space Table verify results: good entries = 3, bad = 0, unused = 5
EVS Port1 1980-012-17:01:12.85986 66/1/FM 1: Initialization complete: version 7.0.1.255
EVS Port1 1980-012-17:01:12.91500 66/1/CFE_ES 14: ErrExit Application AI_LEARNER Success.
EVS Port1 1980-012-17:01:13.00056 66/1/HK 1: HK Initialized.  Version 7.0.1.255
EVS Port1 1980-012-17:01:12.94786 66/1/FM 72: Child Task initialization complete
1980-012-17:01:13.11641 CFE_ES_ParseFileEntry: Loading file: /cf/hs.so, APP: HS
1980-012-17:01:13.32838 CFE_ES_ParseFileEntry: Loading file: /cf/mm.so, APP: MM
EVS Port1 1980-012-17:01:13.38168 66/1/HS 54: ExeCount verify results: good = 5, bad = 0, unused = 27
EVS Port1 1980-012-17:01:13.42260 66/1/HS 50: AppMon verify results: good = 0, bad = 0, unused = 32
EVS Port1 1980-012-17:01:13.46044 66/1/HS 52: EventMon verify results: good = 0, bad = 0, unused = 16
EVS Port1 1980-012-17:01:13.46484 66/1/MM 1: MM Initialized. Version 7.0.1.255
EVS Port1 1980-012-17:01:13.48072 66/1/HS 56: MsgActs verify results: good = 2, bad = 0, unused = 6
1980-012-17:01:13.49448 HS_SysMonInit(): System Monitor using PSP device ID 0110ff05
1980-012-17:01:13.50770 CFE_ES_ParseFileEntry: Loading file: /cf/sc.so, APP: SC
CFE_PSP(Linux_SysMon): Started CPU utilization monitoring on 1 CPU(s)
EVS Port1 1980-012-17:01:13.51261 66/1/HS 1: HS Initialized.  Version 7.0.1.255
1980-012-17:01:13.62917 CFE_ES_ParseFileEntry: Loading file: /cf/md.so, APP: MD
EVS Port1 1980-012-17:01:13.81866 66/1/MD 52: MD Dwell Tbl verify results: good = 0, bad = 0, unused = 25
EVS Port1 1980-012-17:01:13.82704 66/1/MD 3: Recovered Dwell Table #1 is valid and has been copied to the MD App
EVS Port1 1980-012-17:01:13.84841 66/1/MD 52: MD Dwell Tbl verify results: good = 0, bad = 0, unused = 25
EVS Port1 1980-012-17:01:13.85479 66/1/SC 21: RTS table files not loaded at initialization = 0 of 4
1980-012-17:01:13.87406 CFE_ES_ParseFileEntry: Loading file: /cf/cs.so, APP: CS
EVS Port1 1980-012-17:01:13.88635 66/1/MD 3: Recovered Dwell Table #2 is valid and has been copied to the MD App
EVS Port1 1980-012-17:01:13.89732 66/1/SC 9: SC Initialized. Version 7.0.1.255
EVS Port1 1980-012-17:01:13.90789 66/1/MD 52: MD Dwell Tbl verify results: good = 0, bad = 0, unused = 25
EVS Port1 1980-012-17:01:13.91799 66/1/MD 3: Recovered Dwell Table #3 is valid and has been copied to the MD App
EVS Port1 1980-012-17:01:13.96040 66/1/MD 52: MD Dwell Tbl verify results: good = 0, bad = 0, unused = 25
EVS Port1 1980-012-17:01:13.96601 66/1/MD 3: Recovered Dwell Table #4 is valid and has been copied to the MD App
EVS Port1 1980-012-17:01:13.96665 66/1/MD 7: Dwell Tables Recovered: 4, Dwell Tables Initialized: 0
EVS Port1 1980-012-17:01:13.96716 66/1/MD 1: MD Initialized.  Version 7.0.1.255
EVS Port1 1980-012-17:01:14.05834 66/1/CS 144: CS EEPROM Table verification results: good = 0, bad = 0, unused = 16
EVS Port1 1980-012-17:01:14.07292 66/1/CS 107: CS EEPROM Table: No valid entries in the table
EVS Port1 1980-012-17:01:14.07998 66/1/CS 143: CS Memory Table verification results: good = 0, bad = 0, unused = 16
EVS Port1 1980-012-17:01:14.10203 66/1/CS 107: CS Memory Table: No valid entries in the table
EVS Port1 1980-012-17:01:14.10781 66/1/CS 139: CS Tables Table verification results: good = 1, bad = 0, unused = 23
EVS Port1 1980-012-17:01:14.16052 66/1/CS 142: CS Apps Table verification results: good = 0, bad = 0, unused = 24
EVS Port1 1980-012-17:01:14.16914 66/1/CS 108: CS Apps Table: No valid entries in the table
EVS Port1 1980-012-17:01:14.17015 66/1/CS 127: OS Text Segment disabled due to platform
EVS Port1 1980-012-17:01:14.17073 66/1/CS 1: CS Initialized. Version 7.0.1.255
1980-012-17:01:14.24498 CFE_ES_Main: CFE_ES_Main entering APPS_INIT state
1980-012-17:01:14.25375 CFE_ES_Main: CFE_ES_Main entering OPERATIONAL state
EVS Port1 1980-012-17:01:14.28179 66/1/TO_LAB 19: L550 TO Lab subscribed to 32 messages from the table
.........EVS Port1 1980-012-17:02:15.00488 66/1/CFE_TIME 21: Stop FLYWHEEL
.EVS Port1 1980-012-17:02:17.00914 66/1/CFE_TIME 21: Stop FLYWHEEL
EVS Port1 1980-012-17:02:18.00415 66/1/CFE_TIME 20: Start FLYWHEEL
....EVS Port1 1980-012-17:02:42.00234 66/1/CFE_TIME 21: Stop FLYWHEEL
EVS Port1 1980-012-17:02:43.00001 66/1/CFE_TIME 20: Start FLYWHEEL
.....EVS Port1 1980-012-17:03:12.24760 66/1/CFE_TIME 20: Start FLYWHEEL
EVS Port1 1980-012-17:03:13.00257 66/1/CFE_TIME 21: Stop FLYWHEEL
...EVS Port1 1980-012-17:03:29.20669 66/1/HK 26: HK_APP Exiting due to CFE_SB_RcvMsg error 0xCA000002
1980-012-17:03:29.22097 HK_APP Exiting due to CFE_SB_RcvMsg error 0xCA000002
1980-012-17:03:29.31108 CFE_ES_ExitApp: Application HK called CFE_ES_ExitApp
1980-012-17:03:30.15224 CFE_ES_PoolDelete: Error -16 deleting mutex
EVS Port1 1980-012-17:03:30.16265 66/1/CFE_ES 14: ErrExit Application HK Success.
EVS Port1 1980-012-17:03:31.06823 66/1/CFE_TIME 20: Start FLYWHEEL
......1980-012-17:04:05.05824 CFE_ES_RunExceptionScan: ExceptionID 0x1110004 in TaskID 0: Caught SIGINT
1980-012-17:04:05.06602 CFE_ES_RunExceptionScan: Maximum Processor Reset count reached (2)
CFE_PSP: Exiting cFE with POWERON Reset status.
CFE_PSP: Critical Data Store Shared memory segment removed
Reset Area Shared memory segment removed
User Reserved Area Shared memory segment removed

CFE_PSP: Shutdown initiated - Exiting cFE
CI delete callback -- Closing CI Network socket.
TO delete callback -- Closing TO Network socket.
EXIT=124
