OS_BSP_Initialize():Maximum user msg queue depth = 512
CFE_PSP: Default Reset SubType = 1
CFE_PSP: Default CPU ID = 1
CFE_PSP: Default Spacecraft ID = 66
CFE_PSP: Default CPU Name: cpu1
OS_Posix_GetSchedulerParams():208:Policy 1: available, min-max: 1-99
OS_Posix_GetSchedulerParams():208:Policy 2: available, min-max: 1-99
OS_Posix_TaskAPI_Impl_Init():401:Selected policy 2 for RT tasks, root task = 99
OS_Posix_TaskAPI_Impl_Init():419:Could not setschedparam in main thread: Operation not permitted (1)
CFE_PSP: initializing module 'soft_timebase' with ID 0110ff00
CFE_PSP: Instantiated software timebase 'cFS-Master' running at 10000 usec
CFE_PSP: initializing module 'timebase_posix_clock' with ID 0110ff01
CFE_PSP: Using POSIX monotonic clock as CFE timebase
CFE_PSP: initializing module 'eeprom_mmap_file' with ID 0110ff02
CFE_PSP: Using MMAP simulated EEPROM implementation
CFE_PSP: EEPROM Range (2) created: Start Address = EF11929EE000, Size = 00080000 Status = 0
CFE_PSP: initializing module 'port_notimpl' with ID 0110ff03
CFE_PSP: I/O Port access not implemented
CFE_PSP: initializing module 'iodriver' with ID 0110ff04
CFE_PSP: initializing module 'linux_sysmon' with ID 0110ff05
CFE_PSP: initializing module 'endian_api' with ID 0110ff06
CFE_PSP: Host CPU Endian=LITTLE
CFE_PSP: initializing module 'ram_notimpl' with ID 0110ff07
CFE_PSP: Physical RAM access not implemented
CFE_PSP: Starting the cFE with a POWER ON reset.
CFE_PSP: Clearing out CFE CDS Shared memory segment.
CFE_PSP: Clearing out CFE Reset Shared memory segment.
CFE_PSP: Clearing out CFE User Reserved Shared memory segment.
1980-001-09:21:52.91442 CFE_ES_SetupResetVariables: POWER ON RESET due to Power Cycle (Power Cycle).
1980-001-09:21:52.92603 CFE_ES_Main: CFE_ES_Main in EARLY_INIT state
Number of addresses returned by backtrace = 1
CFE_PSP: CFE_PSP_AttachExceptions called
1980-001-09:21:52.95589 CFE_ES_Main: CFE_ES_Main entering CORE_STARTUP state
1980-001-09:21:52.95644 CFE_ES_CreateObjects: Starting Object Creation calls.
1980-001-09:21:52.95666 CFE_ES_CreateObjects: Calling EarlyInit for CFE_CONFIG
1980-001-09:21:52.95952 CFE_ES_CreateObjects: Calling EarlyInit for CFE_ES
1980-001-09:21:52.96445 CFE_ES_CreateObjects: Calling EarlyInit for CFE_EVS
1980-001-09:21:52.96731 CFE_EVS_EarlyInit: Event Log cleared following power-on reset
1980-001-09:21:52.96764 CFE_ES_CreateObjects: Calling EarlyInit for CFE_FS
1980-001-09:21:52.96783 CFE_ES_CreateObjects: Calling EarlyInit for CFE_SB
1980-001-09:21:52.98850 CFE_ES_CreateObjects: Calling EarlyInit for CFE_TBL
1980-001-09:21:53.00900 CFE_ES_CreateObjects: Calling EarlyInit for CFE_TIME
EVS Port1 1980-012-14:03:20.07992 66/1/CFE_ES 1: cFE ES Initialized: CFE_ES v7.0.1+dev1 (Draco) DEV BUILD, based on v7.0.1, EDS disabled
EVS Port1 1980-012-14:03:20.08636 66/1/CFE_ES 2: cFS Versions: cfe v7.0.1+dev1, osal v7.0.1+dev1, psp v7.0.1+dev1. cFE chksm 31659
EVS Port1 1980-012-14:03:20.08897 66/1/CFE_ES 91: Version Info: Mission SampleMission, version git:v7.0.1-90-g78c23b0-dirty
EVS Port1 1980-012-14:03:20.09233 66/1/CFE_ES 91: Version Info: Module CORE_API, version git:2612eb0
EVS Port1 1980-012-14:03:20.09283 66/1/CFE_ES 91: Version Info: Module CONFIG, version git:2612eb0
EVS Port1 1980-012-14:03:20.09454 66/1/CFE_ES 91: Version Info: Module ES, version git:2612eb0
EVS Port1 1980-012-14:03:20.09507 66/1/CFE_ES 91: Version Info: Module EVS, version git:2612eb0
EVS Port1 1980-012-14:03:20.09567 66/1/CFE_ES 91: Version Info: Module FS, version git:2612eb0
EVS Port1 1980-012-14:03:20.09596 66/1/CFE_ES 91: Version Info: Module SB, version git:2612eb0
EVS Port1 1980-012-14:03:20.09761 66/1/CFE_ES 91: Version Info: Module TBL, version git:2612eb0
EVS Port1 1980-012-14:03:20.09986 66/1/CFE_ES 91: Version Info: Module TIME, version git:2612eb0
EVS Port1 1980-012-14:03:20.10050 66/1/CFE_ES 91: Version Info: Module OSAL, version git:8111e4a
EVS Port1 1980-012-14:03:20.10087 66/1/CFE_ES 91: Version Info: Module PSP, version git:d1da809
EVS Port1 1980-012-14:03:20.10253 66/1/CFE_ES 91: Version Info: Module MSG, version git:2612eb0
EVS Port1 1980-012-14:03:20.10440 66/1/CFE_ES 91: Version Info: Module SBR, version git:2612eb0
EVS Port1 1980-012-14:03:20.10498 66/1/CFE_ES 91: Version Info: Module RESOURCEID, version git:2612eb0
EVS Port1 1980-012-14:03:20.10581 66/1/CFE_ES 92: Build 202609120624 by root@vm, config aarch64
EVS Port1 1980-012-14:03:20.22750 66/1/CFE_EVS 1: cFE EVS Initialized: CFE_EVS v7.0.1+dev1 (Draco) DEV BUILD, based on v7.0.1, EDS disabled
1980-012-14:03:20.33195 CFE_SB_AppInit: Registered 4 events for filtering
EVS Port1 1980-012-14:03:20.33680 66/1/CFE_SB 1: cFE SB Initialized: CFE_SB v7.0.1+dev1 (Draco) DEV BUILD, based on v7.0.1, EDS disabled
EVS Port1 1980-012-14:03:20.33869 66/1/CFE_SB 14: No subscribers for MsgId 0x808,sender CFE_SB
EVS Port1 1980-012-14:03:20.44464 66/1/CFE_TBL 1: cFE TBL Initialized: CFE_TBL v7.0.1+dev1 (Draco) DEV BUILD, based on v7.0.1, EDS disabled
EVS Port1 1980-012-14:03:20.44555 66/1/CFE_SB 14: No subscribers for MsgId 0x808,sender CFE_TBL
EVS Port1 1980-012-14:03:20.57269 66/1/CFE_TIME 1: cFE TIME Initialized: CFE_TIME v7.0.1+dev1 (Draco) DEV BUILD, based on v7.0.1, EDS disabled
EVS Port1 1980-012-14:03:20.57478 66/1/CFE_SB 14: No subscribers for MsgId 0x808,sender CFE_TIME
1980-012-14:03:20.59580 CFE_ES_CreateObjects: Finished ES CreateObject table entries.
1980-012-14:03:20.59663 CFE_ES_Main: CFE_ES_Main entering CORE_READY state
1980-012-14:03:20.60436 CFE_ES_OpenStartupScript: Opened ES App Startup file: /cf/cfe_es_startup.scr
1980-012-14:03:20.64422 CFE_ES_ParseFileEntry: Loading shared library: /cf/cfe_assert.so
1980-012-14:03:20.66060 [BEGIN] CFE FUNCTIONAL TEST
1980-012-14:03:20.66149 [BEGIN] 01 CFE-STARTUP
1980-012-14:03:20.68373 CFE_ES_ParseFileEntry: Loading shared library: /cf/sample_lib.so
SAMPLE Lib Initialized.Sample Lib v7.0.0+dev1 (Draco) DEV BUILD, based on v7.0.1, EDS disabled
1980-012-14:03:20.72961 CFE_ES_ParseFileEntry: Loading file: /cf/sch_lab.so, APP: SCH_LAB
1980-012-14:03:20.76372 CFE_ES_ParseFileEntry: Loading file: /cf/ci_lab.so, APP: CI_LAB
1980-012-14:03:20.80487 CFE_ES_ParseFileEntry: Loading file: /cf/to_lab.so, APP: TO_LAB
SCH Lab Initialized.SCH Lab v7.0.1+dev1 (Draco) DEV BUILD, based on v7.0.1, EDS disabled
EVS Port1 1980-012-14:03:20.91581 66/1/TO_LAB 1: TO Lab Initialized.TO Lab v7.0.1+dev1 (Draco) DEV BUILD, based on v7.0.1, EDS disabled, Awaiting enable command.
EVS Port1 1980-012-14:03:20.92945 66/1/CFE_SB 14: No subscribers for MsgId 0x808,sender TO_LAB
1980-012-14:03:21.01291 CFE_ES_ParseFileEntry: Loading file: /cf/sample_app.so, APP: SAMPLE_APP
1980-012-14:03:21.14705 CI_LAB listening on UDP port: 1234
EVS Port1 1980-012-14:03:21.15139 66/1/CI_LAB 3: CI Lab Initialized.CI Lab App v7.0.1+dev1 (Draco) DEV BUILD, based on v7.0.1, EDS disabled
1980-012-14:03:21.17049 CFE_ES_ParseFileEntry: Loading file: /cf/ai_learner.so, APP: AI_LEARNER
EVS Port1 1980-012-14:03:21.20666 66/1/SAMPLE_APP 1: Sample App Initialized.Sample App v7.0.0+dev1 (Draco) DEV BUILD, based on v7.0.1, EDS disabled
1980-012-14:03:21.21994 CFE_ES_ParseFileEntry: Loading file: /cf/lc.so, APP: LC
1980-012-14:03:21.24556 CFE_ES_ParseFileEntry: Loading file: /cf/cf.so, APP: CF
{"app":"AI_LEARNER","stage":"build_config","model":"wgan","allow_conditional_map":0,"contract_bounded_bytes":135666432,"contract_per_call_bytes":131382784,"contract_const_bytes":4283648,"contract_bound_known":true,"contract_artifact_sha256":"e382429cbfbf580356379365fa67a8a2b01b47d58ec4e04b4a4c14165be2e102"}
{"app":"AI_LEARNER","stage":"stack","es_stack_size":263024,"stack_base_bytes":262144,"contract_kernel_stack_bytes":880,"kernel_stack_accounted":true}
EVS Port1 1980-012-14:03:21.26779 66/1/AI_LEARNER 8: AI_LEARNER stack: es=263024 base=262144 kernel=880 accounted=1
{"app":"AI_LEARNER","stage":"admission","verdict":"ADMIT","model":"wgan","target":"aarch64-unknown-linux-gnu","bounded":135666432,"budget":268435456,"budget_source":"override","per_call":131382784,"constants":4283648,"kernel_stack_bytes":880,"bound_known":true,"scope":"per_app_local_budget"}
1980-012-14:03:21.31174 CFE_ES_ParseFileEntry: Loading file: /cf/ds.so, APP: DS
EVS Port1 1980-012-14:03:21.31254 66/1/LC 56: WDT verify results: good = 0, bad = 0, unused = 176
EVS Port1 1980-012-14:03:21.35069 66/1/LC 66: ADT verify results: good = 0, bad = 0, unused = 176
EVS Port1 1980-012-14:03:21.36882 66/1/LC 23: LC use of Critical Data Store disabled, activity mask = 0x00991990
EVS Port1 1980-012-14:03:21.40142 66/1/LC 2: LC Initialized. Version 7.0.1.255
EVS Port1 1980-012-14:03:21.47598 66/1/CF 20: CF Initialized. Version 7.0.1.255
1980-012-14:03:21.48992 CFE_ES_ParseFileEntry: Loading file: /cf/fm.so, APP: FM
EVS Port1 1980-012-14:03:21.50085 66/1/DS 10: Destination file table verify results: good entries = 6, bad = 0, unused = 10
EVS Port1 1980-012-14:03:21.51321 66/1/DS 12: Filter table verify results: good entries = 14, bad = 0, unused = 242
EVS Port1 1980-012-14:03:21.54296 66/1/DS 1: Application initialized, version 7.0.1.255, data at 0xef11919a0460
1980-012-14:03:21.59557 CFE_ES_ParseFileEntry: Loading file: /cf/hk.so, APP: HK
EVS Port1 1980-012-14:03:21.63186 66/1/FM 80: Free Space Table verify results: good entries = 3, bad = 0, unused = 5
EVS Port1 1980-012-14:03:21.66963 66/1/FM 1: Initialization complete: version 7.0.1.255
1980-012-14:03:21.70453 CFE_ES_ParseFileEntry: Loading file: /cf/hs.so, APP: HS
EVS Port1 1980-012-14:03:21.72483 66/1/FM 72: Child Task initialization complete
EVS Port1 1980-012-14:03:21.74461 66/1/HK 1: HK Initialized.  Version 7.0.1.255
1980-012-14:03:21.79665 CFE_ES_ParseFileEntry: Loading file: /cf/mm.so, APP: MM
EVS Port1 1980-012-14:03:21.89665 66/1/HS 54: ExeCount verify results: good = 5, bad = 0, unused = 27
EVS Port1 1980-012-14:03:21.91876 66/1/HS 50: AppMon verify results: good = 0, bad = 0, unused = 32
EVS Port1 1980-012-14:03:21.93702 66/1/MM 1: MM Initialized. Version 7.0.1.255
EVS Port1 1980-012-14:03:21.94560 66/1/HS 52: EventMon verify results: good = 0, bad = 0, unused = 16
EVS Port1 1980-012-14:03:21.96548 66/1/HS 56: MsgActs verify results: good = 2, bad = 0, unused = 6
1980-012-14:03:21.97826 HS_SysMonInit(): System Monitor using PSP device ID 0110ff05
1980-012-14:03:21.97971 CFE_ES_ParseFileEntry: Loading file: /cf/sc.so, APP: SC
CFE_PSP(Linux_SysMon): Started CPU utilization monitoring on 1 CPU(s)
EVS Port1 1980-012-14:03:22.03585 66/1/HS 1: HS Initialized.  Version 7.0.1.255
1980-012-14:03:22.07709 CFE_ES_ParseFileEntry: Loading file: /cf/md.so, APP: MD
EVS Port1 1980-012-14:03:22.17356 66/1/SC 21: RTS table files not loaded at initialization = 0 of 4
EVS Port1 1980-012-14:03:22.18853 66/1/SC 9: SC Initialized. Version 7.0.1.255
1980-012-14:03:22.22499 CFE_ES_ParseFileEntry: Loading file: /cf/cs.so, APP: CS
EVS Port1 1980-012-14:03:22.23486 66/1/MD 52: MD Dwell Tbl verify results: good = 0, bad = 0, unused = 25
EVS Port1 1980-012-14:03:22.26190 66/1/MD 52: MD Dwell Tbl verify results: good = 0, bad = 0, unused = 25
EVS Port1 1980-012-14:03:22.29295 66/1/MD 52: MD Dwell Tbl verify results: good = 0, bad = 0, unused = 25
EVS Port1 1980-012-14:03:22.31304 66/1/MD 52: MD Dwell Tbl verify results: good = 0, bad = 0, unused = 25
EVS Port1 1980-012-14:03:22.32154 66/1/MD 7: Dwell Tables Recovered: 0, Dwell Tables Initialized: 4
EVS Port1 1980-012-14:03:22.32431 66/1/MD 1: MD Initialized.  Version 7.0.1.255
EVS Port1 1980-012-14:03:22.37174 66/1/CS 144: CS EEPROM Table verification results: good = 0, bad = 0, unused = 16
EVS Port1 1980-012-14:03:22.38284 66/1/CS 107: CS EEPROM Table: No valid entries in the table
EVS Port1 1980-012-14:03:22.39552 66/1/CS 143: CS Memory Table verification results: good = 0, bad = 0, unused = 16
EVS Port1 1980-012-14:03:22.39965 66/1/CS 107: CS Memory Table: No valid entries in the table
EVS Port1 1980-012-14:03:22.42042 66/1/CS 139: CS Tables Table verification results: good = 1, bad = 0, unused = 23
EVS Port1 1980-012-14:03:22.43472 66/1/CS 142: CS Apps Table verification results: good = 0, bad = 0, unused = 24
EVS Port1 1980-012-14:03:22.44288 66/1/CS 108: CS Apps Table: No valid entries in the table
EVS Port1 1980-012-14:03:22.44979 66/1/CS 127: OS Text Segment disabled due to platform
EVS Port1 1980-012-14:03:22.45298 66/1/CS 1: CS Initialized. Version 7.0.1.255
{"app":"AI_LEARNER","stage":"binding","verdict":"MATCH","artifact_bytes":4321533,"artifact_sha256":"e382429cbfbf5803","contract_sha256":"e382429cbfbf5803"}
{"app":"AI_LEARNER","stage":"map_branch","model":"wgan","module_ptr_mod64":0,"hal_peak_after_append":0,"contract_const_bytes":4283648,"contract_per_call_bytes":131382784,"arm":"map","admission_mode":"unconditional"}
{"app":"AI_LEARNER","stage":"mem_init","model":"wgan","target":"aarch64-unknown-linux-gnu","hal_peak":602112,"hal_allocated":602112,"bounded":135666432,"peak_within_bounded":true,"inferences_so_far":0,"process_rss_kb":12508,"rss_kb_before_runtime":10864,"rss_kb_after_session":11152,"rss_kb_after_init":12508}
EVS Port1 1980-012-14:03:23.01210 66/1/CFE_TIME 21: Stop FLYWHEEL
1980-012-14:03:23.24370 CFE_ES_Main: Startup Sync failed - Applications may not have all initialized
1980-012-14:03:23.24405 CFE_ES_Main: CFE_ES_Main entering APPS_INIT state
1980-012-14:03:24.27096 CFE_ES_Main: Startup Sync failed - Applications may not have all started
1980-012-14:03:24.27127 CFE_ES_Main: CFE_ES_Main entering OPERATIONAL state
EVS Port1 1980-012-14:03:24.29397 66/1/TO_LAB 19: L550 TO Lab subscribed to 32 messages from the table
EVS Port1 1980-012-14:03:30.01725 66/1/CFE_TIME 21: Stop FLYWHEEL
.EVS Port1 1980-012-14:03:31.00173 66/1/CFE_TIME 20: Start FLYWHEEL
EVS Port1 1980-012-14:03:35.00730 66/1/CFE_TIME 21: Stop FLYWHEEL
EVS Port1 1980-012-14:03:36.08532 66/1/CFE_TIME 20: Start FLYWHEEL
.EVS Port1 1980-012-14:03:38.31642 66/1/CFE_TIME 20: Start FLYWHEEL
EVS Port1 1980-012-14:03:38.00619 66/1/CFE_TIME 21: Stop FLYWHEEL
EVS Port1 1980-012-14:03:40.00810 66/1/CFE_TIME 21: Stop FLYWHEEL
EVS Port1 1980-012-14:03:41.00021 66/1/CFE_TIME 20: Start FLYWHEEL
....EVS Port1 1980-012-14:04:04.04905 66/1/CFE_TIME 20: Start FLYWHEEL
EVS Port1 1980-012-14:04:04.00517 66/1/CFE_TIME 21: Stop FLYWHEEL
.EVS Port1 1980-012-14:04:07.49255 66/1/CFE_TIME 20: Start FLYWHEEL
.EVS Port1 1980-012-14:04:12.04856 66/1/CFE_TIME 21: Stop FLYWHEEL
EVS Port1 1980-012-14:04:17.03833 66/1/CFE_TIME 20: Start FLYWHEEL
EVS Port1 1980-012-14:04:17.00347 66/1/CFE_TIME 21: Stop FLYWHEEL
.EVS Port1 1980-012-14:04:22.01013 66/1/CFE_TIME 21: Stop FLYWHEEL
EVS Port1 1980-012-14:04:23.01020 66/1/CFE_TIME 20: Start FLYWHEEL
.EVS Port1 1980-012-14:04:25.10626 66/1/CFE_TIME 20: Start FLYWHEEL
............EVS Port1 1980-012-14:05:46.01538 66/1/CFE_TIME 21: Stop FLYWHEEL
EVS Port1 1980-012-14:05:48.00700 66/1/CFE_TIME 21: Stop FLYWHEEL
.EVS Port1 1980-012-14:05:49.03547 66/1/CFE_TIME 20: Start FLYWHEEL
EVS Port1 1980-012-14:05:50.01057 66/1/CFE_TIME 21: Stop FLYWHEEL
EVS Port1 1980-012-14:05:51.04222 66/1/CFE_TIME 20: Start FLYWHEEL
EVS Port1 1980-012-14:05:52.01959 66/1/CFE_TIME 21: Stop FLYWHEEL
EVS Port1 1980-012-14:05:53.10083 66/1/CFE_TIME 20: Start FLYWHEEL
EVS Port1 1980-012-14:05:54.00651 66/1/CFE_TIME 21: Stop FLYWHEEL
.EVS Port1 1980-012-14:05:55.03128 66/1/CFE_TIME 20: Start FLYWHEEL
EVS Port1 1980-012-14:05:55.60317 66/1/HS 61: CPU Hogging Detected
1980-012-14:05:55.61407 HS App: CPU Hogging Detected
EVS Port1 1980-012-14:05:56.00526 66/1/CFE_TIME 21: Stop FLYWHEEL
EVS Port1 1980-012-14:05:56.98551 66/1/CFE_TIME 20: Start FLYWHEEL
.EVS Port1 1980-012-14:06:06.12597 66/1/CFE_TIME 20: Start FLYWHEEL
EVS Port1 1980-012-14:06:06.00894 66/1/CFE_TIME 21: Stop FLYWHEEL
..EVS Port1 1980-012-14:06:12.07740 66/1/CFE_TIME 20: Start FLYWHEEL
EVS Port1 1980-012-14:06:12.00495 66/1/CFE_TIME 21: Stop FLYWHEEL
.EVS Port1 1980-012-14:06:21.00630 66/1/CFE_TIME 21: Stop FLYWHEEL
EVS Port1 1980-012-14:06:22.00494 66/1/CFE_TIME 20: Start FLYWHEEL
..EVS Port1 1980-012-14:06:31.00418 66/1/CFE_TIME 21: Stop FLYWHEEL
EVS Port1 1980-012-14:06:32.02542 66/1/CFE_TIME 20: Start FLYWHEEL
EVS Port1 1980-012-14:06:34.15490 66/1/CFE_TIME 20: Start FLYWHEEL
EVS Port1 1980-012-14:06:34.00314 66/1/CFE_TIME 21: Stop FLYWHEEL
...EVS Port1 1980-012-14:06:50.01144 66/1/CFE_TIME 21: Stop FLYWHEEL
EVS Port1 1980-012-14:06:51.06935 66/1/CFE_TIME 20: Start FLYWHEEL
EVS Port1 1980-012-14:06:52.00701 66/1/CFE_TIME 21: Stop FLYWHEEL
EVS Port1 1980-012-14:06:53.00028 66/1/CFE_TIME 20: Start FLYWHEEL
.EVS Port1 1980-012-14:06:54.03695 66/1/CFE_TIME 21: Stop FLYWHEEL
EVS Port1 1980-012-14:06:54.99383 66/1/CFE_TIME 20: Start FLYWHEEL
EVS Port1 1980-012-14:06:59.00880 66/1/CFE_TIME 21: Stop FLYWHEEL
.EVS Port1 1980-012-14:07:00.00135 66/1/CFE_TIME 20: Start FLYWHEEL
EVS Port1 1980-012-14:07:01.02081 66/1/CFE_TIME 21: Stop FLYWHEEL
EVS Port1 1980-012-14:07:02.03125 66/1/CFE_TIME 20: Start FLYWHEEL
EVS Port1 1980-012-14:07:04.35440 66/1/CFE_TIME 20: Start FLYWHEEL
.EVS Port1 1980-012-14:07:05.01115 66/1/CFE_TIME 21: Stop FLYWHEEL
.EVS Port1 1980-012-14:07:11.00787 66/1/CFE_TIME 21: Stop FLYWHEEL
EVS Port1 1980-012-14:07:12.16931 66/1/CFE_TIME 20: Start FLYWHEEL
EVS Port1 1980-012-14:07:14.34677 66/1/CFE_TIME 20: Start FLYWHEEL
EVS Port1 1980-012-14:07:15.01318 66/1/CFE_TIME 21: Stop FLYWHEEL
.EVS Port1 1980-012-14:07:19.11671 66/1/CFE_TIME 20: Start FLYWHEEL
.........EVS Port1 1980-012-14:08:22.00993 66/1/CFE_TIME 21: Stop FLYWHEEL
.EVS Port1 1980-012-14:08:28.00588 66/1/CFE_TIME 21: Stop FLYWHEEL
.EVS Port1 1980-012-14:08:29.01153 66/1/CFE_TIME 20: Start FLYWHEEL
EVS Port1 1980-012-14:08:31.09458 66/1/CFE_TIME 20: Start FLYWHEEL
EVS Port1 1980-012-14:08:34.00415 66/1/CFE_TIME 21: Stop FLYWHEEL
.....EVS Port1 1980-012-14:09:01.20877 66/1/CFE_TIME 20: Start FLYWHEEL
EVS Port1 1980-012-14:09:02.00637 66/1/CFE_TIME 21: Stop FLYWHEEL
.EVS Port1 1980-012-14:09:04.02197 66/1/CFE_TIME 21: Stop FLYWHEEL
EVS Port1 1980-012-14:09:04.98168 66/1/CFE_TIME 20: Start FLYWHEEL
...EVS Port1 1980-012-14:09:24.06100 66/1/CFE_TIME 20: Start FLYWHEEL
EVS Port1 1980-012-14:09:26.00627 66/1/CFE_TIME 21: Stop FLYWHEEL
.EVS Port1 1980-012-14:09:30.43797 66/1/CFE_TIME 20: Start FLYWHEEL
...........EVS Port1 1980-012-14:10:45.01210 66/1/CFE_TIME 21: Stop FLYWHEEL
.EVS Port1 1980-012-14:10:49.03332 66/1/CFE_TIME 20: Start FLYWHEEL
EVS Port1 1980-012-14:10:50.01905 66/1/CFE_TIME 21: Stop FLYWHEEL
..EVS Port1 1980-012-14:11:00.00689 66/1/CFE_TIME 21: Stop FLYWHEEL
EVS Port1 1980-012-14:11:00.99876 66/1/CFE_TIME 20: Start FLYWHEEL
.....EVS Port1 1980-012-14:11:30.01370 66/1/CFE_TIME 21: Stop FLYWHEEL
EVS Port1 1980-012-14:11:31.00082 66/1/CFE_TIME 20: Start FLYWHEEL
.EVS Port1 1980-012-14:11:37.00895 66/1/CFE_TIME 21: Stop FLYWHEEL
EVS Port1 1980-012-14:11:37.98780 66/1/CFE_TIME 20: Start FLYWHEEL
.EVS Port1 1980-012-14:11:41.01026 66/1/CFE_TIME 21: Stop FLYWHEEL
EVS Port1 1980-012-14:11:41.99360 66/1/CFE_TIME 20: Start FLYWHEEL
...EVS Port1 1980-012-14:12:00.00399 66/1/CFE_TIME 21: Stop FLYWHEEL
EVS Port1 1980-012-14:12:00.99783 66/1/CFE_TIME 20: Start FLYWHEEL
.EVS Port1 1980-012-14:12:08.00537 66/1/CFE_TIME 20: Start FLYWHEEL
EVS Port1 1980-012-14:12:08.00489 66/1/CFE_TIME 21: Stop FLYWHEEL
.EVS Port1 1980-012-14:12:11.01937 66/1/CFE_TIME 21: Stop FLYWHEEL
EVS Port1 1980-012-14:12:11.99969 66/1/CFE_TIME 20: Start FLYWHEEL
EVS Port1 1980-012-14:12:14.01048 66/1/CFE_TIME 21: Stop FLYWHEEL
EVS Port1 1980-012-14:12:15.05294 66/1/CFE_TIME 20: Start FLYWHEEL
.EVS Port1 1980-012-14:12:17.34736 66/1/CFE_TIME 20: Start FLYWHEEL
...EVS Port1 1980-012-14:12:39.01022 66/1/CFE_TIME 21: Stop FLYWHEEL
.EVS Port1 1980-012-14:12:43.20764 66/1/CFE_TIME 20: Start FLYWHEEL
....EVS Port1 1980-012-14:13:05.01896 66/1/CFE_TIME 21: Stop FLYWHEEL
EVS Port1 1980-012-14:13:07.00675 66/1/CFE_TIME 21: Stop FLYWHEEL
EVS Port1 1980-012-14:13:07.99188 66/1/CFE_TIME 20: Start FLYWHEEL
.EVS Port1 1980-012-14:13:12.01649 66/1/CFE_TIME 21: Stop FLYWHEEL
EVS Port1 1980-012-14:13:12.99635 66/1/CFE_TIME 20: Start FLYWHEEL
..EVS Port1 1980-012-14:13:25.01191 66/1/CFE_TIME 21: Stop FLYWHEEL
EVS Port1 1980-012-14:13:26.01010 66/1/CFE_TIME 20: Start FLYWHEEL
.EVS Port1 1980-012-14:13:28.13253 66/1/CFE_TIME 20: Start FLYWHEEL
EVS Port1 1980-012-14:13:29.00395 66/1/CFE_TIME 21: Stop FLYWHEEL
..EVS Port1 1980-012-14:13:43.01176 66/1/CFE_TIME 21: Stop FLYWHEEL
EVS Port1 1980-012-14:13:44.29893 66/1/CFE_TIME 20: Start FLYWHEEL
EVS Port1 1980-012-14:13:45.01184 66/1/CFE_TIME 21: Stop FLYWHEEL
.EVS Port1 1980-012-14:13:45.98493 66/1/CFE_TIME 20: Start FLYWHEEL
EVS Port1 1980-012-14:13:50.01306 66/1/CFE_TIME 21: Stop FLYWHEEL
EVS Port1 1980-012-14:13:51.03041 66/1/CFE_TIME 20: Start FLYWHEEL
.EVS Port1 1980-012-14:13:53.18954 66/1/CFE_TIME 20: Start FLYWHEEL
...........EVS Port1 1980-012-14:15:09.00547 66/1/CFE_TIME 21: Stop FLYWHEEL
.EVS Port1 1980-012-14:15:12.26374 66/1/CFE_TIME 20: Start FLYWHEEL
EVS Port1 1980-012-14:15:13.02279 66/1/CFE_TIME 21: Stop FLYWHEEL
...EVS Port1 1980-012-14:15:28.38417 66/1/CFE_TIME 20: Start FLYWHEEL
EVS Port1 1980-012-14:15:28.01170 66/1/CFE_TIME 21: Stop FLYWHEEL
..EVS Port1 1980-012-14:15:43.00885 66/1/CFE_TIME 21: Stop FLYWHEEL
EVS Port1 1980-012-14:15:44.00590 66/1/CFE_TIME 20: Start FLYWHEEL
..EVS Port1 1980-012-14:15:56.00352 66/1/CFE_TIME 21: Stop FLYWHEEL
.EVS Port1 1980-012-14:15:57.00494 66/1/CFE_TIME 20: Start FLYWHEEL
.EVS Port1 1980-012-14:16:04.00865 66/1/CFE_TIME 21: Stop FLYWHEEL
EVS Port1 1980-012-14:16:04.99673 66/1/CFE_TIME 20: Start FLYWHEEL
...EVS Port1 1980-012-14:16:26.19537 66/1/CFE_TIME 20: Start FLYWHEEL
.EVS Port1 1980-012-14:16:27.00338 66/1/CFE_TIME 21: Stop FLYWHEEL
.EVS Port1 1980-012-14:16:38.01870 66/1/CFE_TIME 21: Stop FLYWHEEL
.EVS Port1 1980-012-14:16:38.99920 66/1/CFE_TIME 20: Start FLYWHEEL
.EVS Port1 1980-012-14:16:45.00488 66/1/CFE_TIME 21: Stop FLYWHEEL
EVS Port1 1980-012-14:16:46.06732 66/1/CFE_TIME 20: Start FLYWHEEL
EVS Port1 1980-012-14:16:47.00694 66/1/CFE_TIME 21: Stop FLYWHEEL
EVS Port1 1980-012-14:16:48.07518 66/1/CFE_TIME 20: Start FLYWHEEL
EVS Port1 1980-012-14:16:50.32096 66/1/CFE_TIME 20: Start FLYWHEEL
..........EVS Port1 1980-012-14:18:02.02064 66/1/CFE_TIME 21: Stop FLYWHEEL
.EVS Port1 1980-012-14:18:10.04600 66/1/CFE_TIME 20: Start FLYWHEEL
EVS Port1 1980-012-14:18:10.00918 66/1/CFE_TIME 21: Stop FLYWHEEL
.EVS Port1 1980-012-14:18:14.01458 66/1/CFE_TIME 21: Stop FLYWHEEL
EVS Port1 1980-012-14:18:14.99540 66/1/CFE_TIME 20: Start FLYWHEEL
.EVS Port1 1980-012-14:18:24.01478 66/1/CFE_TIME 21: Stop FLYWHEEL
.EVS Port1 1980-012-14:18:25.01530 66/1/CFE_TIME 20: Start FLYWHEEL
EVS Port1 1980-012-14:18:27.07792 66/1/CFE_TIME 20: Start FLYWHEEL
EVS Port1 1980-012-14:18:30.00405 66/1/CFE_TIME 21: Stop FLYWHEEL
.....EVS Port1 1980-012-14:18:55.00408 66/1/CFE_TIME 21: Stop FLYWHEEL
EVS Port1 1980-012-14:18:56.00007 66/1/CFE_TIME 20: Start FLYWHEEL
EVS Port1 1980-012-14:18:58.00138 66/1/CFE_TIME 20: Start FLYWHEEL
EVS Port1 1980-012-14:18:58.00572 66/1/CFE_TIME 21: Stop FLYWHEEL
...EVS Port1 1980-012-14:19:17.10044 66/1/CFE_TIME 20: Start FLYWHEEL
.EVS Port1 1980-012-14:19:19.00938 66/1/CFE_TIME 21: Stop FLYWHEEL
.EVS Port1 1980-012-14:19:26.36634 66/1/CFE_TIME 20: Start FLYWHEEL
EVS Port1 1980-012-14:19:26.01007 66/1/CFE_TIME 21: Stop FLYWHEEL
.EVS Port1 1980-012-14:19:31.01176 66/1/CFE_TIME 21: Stop FLYWHEEL
EVS Port1 1980-012-14:19:31.99790 66/1/CFE_TIME 20: Start FLYWHEEL
.EVS Port1 1980-012-14:19:37.00979 66/1/CFE_TIME 21: Stop FLYWHEEL
EVS Port1 1980-012-14:19:38.02253 66/1/CFE_TIME 20: Start FLYWHEEL
EVS Port1 1980-012-14:19:40.06311 66/1/CFE_TIME 20: Start FLYWHEEL
EVS Port1 1980-012-14:19:41.01856 66/1/CFE_TIME 21: Stop FLYWHEEL
.EVS Port1 1980-012-14:19:44.61422 66/1/CFE_TIME 20: Start FLYWHEEL
.........EVS Port1 1980-012-14:20:41.01585 66/1/CFE_TIME 21: Stop FLYWHEEL
.EVS Port1 1980-012-14:20:44.09254 66/1/CFE_TIME 20: Start FLYWHEEL
EVS Port1 1980-012-14:20:44.00553 66/1/CFE_TIME 21: Stop FLYWHEEL
EVS Port1 1980-012-14:20:48.01097 66/1/CFE_TIME 21: Stop FLYWHEEL
EVS Port1 1980-012-14:20:48.99615 66/1/CFE_TIME 20: Start FLYWHEEL
.EVS Port1 1980-012-14:20:53.00428 66/1/CFE_TIME 21: Stop FLYWHEEL
EVS Port1 1980-012-14:20:54.00019 66/1/CFE_TIME 20: Start FLYWHEEL
....EVS Port1 1980-012-14:21:15.00622 66/1/CFE_TIME 21: Stop FLYWHEEL
EVS Port1 1980-012-14:21:16.00096 66/1/CFE_TIME 20: Start FLYWHEEL
.EVS Port1 1980-012-14:21:23.00746 66/1/CFE_TIME 21: Stop FLYWHEEL
EVS Port1 1980-012-14:21:23.99696 66/1/CFE_TIME 20: Start FLYWHEEL
....EVS Port1 1980-012-14:21:49.00875 66/1/CFE_TIME 21: Stop FLYWHEEL
.EVS Port1 1980-012-14:21:50.00953 66/1/CFE_TIME 20: Start FLYWHEEL
EVS Port1 1980-012-14:21:51.00714 66/1/CFE_TIME 21: Stop FLYWHEEL
EVS Port1 1980-012-14:21:52.11640 66/1/CFE_TIME 20: Start FLYWHEEL
EVS Port1 1980-012-14:21:54.54246 66/1/CFE_TIME 20: Start FLYWHEEL
EVS Port1 1980-012-14:21:54.01472 66/1/CFE_TIME 21: Stop FLYWHEEL
.EVS Port1 1980-012-14:21:56.01760 66/1/CFE_TIME 21: Stop FLYWHEEL
EVS Port1 1980-012-14:21:57.03422 66/1/CFE_TIME 20: Start FLYWHEEL
EVS Port1 1980-012-14:21:58.02052 66/1/CFE_TIME 21: Stop FLYWHEEL
EVS Port1 1980-012-14:21:59.04064 66/1/CFE_TIME 20: Start FLYWHEEL
EVS Port1 1980-012-14:22:00.01361 66/1/CFE_TIME 21: Stop FLYWHEEL
EVS Port1 1980-012-14:22:00.99188 66/1/CFE_TIME 20: Start FLYWHEEL
..EVS Port1 1980-012-14:22:08.00074 66/1/CFE_TIME 20: Start FLYWHEEL
EVS Port1 1980-012-14:22:09.00674 66/1/CFE_TIME 21: Stop FLYWHEEL
EVS Port1 1980-012-14:22:13.15020 66/1/CFE_TIME 20: Start FLYWHEEL
EVS Port1 1980-012-14:22:13.00704 66/1/CFE_TIME 21: Stop FLYWHEEL
.EVS Port1 1980-012-14:22:17.21588 66/1/CFE_TIME 20: Start FLYWHEEL
..EVS Port1 1980-012-14:22:25.01171 66/1/CFE_TIME 21: Stop FLYWHEEL
EVS Port1 1980-012-14:22:27.00717 66/1/CFE_TIME 21: Stop FLYWHEEL
EVS Port1 1980-012-14:22:28.00120 66/1/CFE_TIME 20: Start FLYWHEEL
..EVS Port1 1980-012-14:22:37.08065 66/1/CFE_TIME 20: Start FLYWHEEL
EVS Port1 1980-012-14:22:37.01019 66/1/CFE_TIME 21: Stop FLYWHEEL
EVS Port1 1980-012-14:22:40.13984 66/1/CFE_TIME 20: Start FLYWHEEL
EVS Port1 1980-012-14:22:41.01765 66/1/CFE_TIME 21: Stop FLYWHEEL
.EVS Port1 1980-012-14:22:48.00814 66/1/CFE_TIME 21: Stop FLYWHEEL
.EVS Port1 1980-012-14:22:48.99601 66/1/CFE_TIME 20: Start FLYWHEEL
EVS Port1 1980-012-14:22:51.01338 66/1/CFE_TIME 21: Stop FLYWHEEL
EVS Port1 1980-012-14:22:51.99388 66/1/CFE_TIME 20: Start FLYWHEEL
EVS Port1 1980-012-14:22:54.01194 66/1/CFE_TIME 21: Stop FLYWHEEL
.EVS Port1 1980-012-14:22:55.00175 66/1/CFE_TIME 20: Start FLYWHEEL
..EVS Port1 1980-012-14:23:09.00868 66/1/CFE_TIME 21: Stop FLYWHEEL
EVS Port1 1980-012-14:23:10.00019 66/1/CFE_TIME 20: Start FLYWHEEL
..EVS Port1 1980-012-14:23:20.65898 66/1/CFE_TIME 20: Start FLYWHEEL
EVS Port1 1980-012-14:23:22.00361 66/1/CFE_TIME 21: Stop FLYWHEEL
.EVS Port1 1980-012-14:23:26.14505 66/1/CFE_TIME 20: Start FLYWHEEL
EVS Port1 1980-012-14:23:26.00860 66/1/CFE_TIME 21: Stop FLYWHEEL
.EVS Port1 1980-012-14:23:31.11112 66/1/CFE_TIME 20: Start FLYWHEEL
...EVS Port1 1980-012-14:23:53.03472 66/1/CFE_TIME 21: Stop FLYWHEEL
...EVS Port1 1980-012-14:24:10.01077 66/1/CFE_TIME 21: Stop FLYWHEEL
EVS Port1 1980-012-14:24:11.00512 66/1/CFE_TIME 20: Start FLYWHEEL
.EVS Port1 1980-012-14:24:12.00410 66/1/CFE_TIME 21: Stop FLYWHEEL
EVS Port1 1980-012-14:24:13.00227 66/1/CFE_TIME 20: Start FLYWHEEL
.EVS Port1 1980-012-14:24:19.01258 66/1/CFE_TIME 21: Stop FLYWHEEL
EVS Port1 1980-012-14:24:19.99537 66/1/CFE_TIME 20: Start FLYWHEEL
EVS Port1 1980-012-14:24:22.00874 66/1/CFE_TIME 21: Stop FLYWHEEL
EVS Port1 1980-012-14:24:22.99884 66/1/CFE_TIME 20: Start FLYWHEEL
.EVS Port1 1980-012-14:24:26.01902 66/1/CFE_TIME 20: Start FLYWHEEL
EVS Port1 1980-012-14:24:26.01782 66/1/CFE_TIME 21: Stop FLYWHEEL
..EVS Port1 1980-012-14:24:39.58724 66/1/CFE_TIME 20: Start FLYWHEEL
....EVS Port1 1980-012-14:25:00.00953 66/1/CFE_TIME 21: Stop FLYWHEEL
EVS Port1 1980-012-14:25:03.27975 66/1/CFE_TIME 20: Start FLYWHEEL
.EVS Port1 1980-012-14:25:09.00747 66/1/CFE_TIME 21: Stop FLYWHEEL
.EVS Port1 1980-012-14:25:16.01026 66/1/CFE_TIME 21: Stop FLYWHEEL
.EVS Port1 1980-012-14:25:17.09494 66/1/CFE_TIME 20: Start FLYWHEEL
EVS Port1 1980-012-14:25:19.33285 66/1/CFE_TIME 20: Start FLYWHEEL
EVS Port1 1980-012-14:25:19.02110 66/1/CFE_TIME 21: Stop FLYWHEEL
....EVS Port1 1980-012-14:25:45.01014 66/1/CFE_TIME 21: Stop FLYWHEEL
EVS Port1 1980-012-14:25:46.09997 66/1/CFE_TIME 20: Start FLYWHEEL
.EVS Port1 1980-012-14:25:50.49693 66/1/CFE_TIME 20: Start FLYWHEEL
EVS Port1 1980-012-14:25:51.01701 66/1/CFE_TIME 21: Stop FLYWHEEL
.EVS Port1 1980-012-14:25:53.00796 66/1/CFE_TIME 21: Stop FLYWHEEL
EVS Port1 1980-012-14:25:54.02514 66/1/CFE_TIME 20: Start FLYWHEEL
EVS Port1 1980-012-14:25:56.12654 66/1/CFE_TIME 20: Start FLYWHEEL
.EVS Port1 1980-012-14:25:58.02697 66/1/CFE_TIME 21: Stop FLYWHEEL
EVS Port1 1980-012-14:26:02.30900 66/1/CFE_TIME 20: Start FLYWHEEL
......EVS Port1 1980-012-14:26:35.00527 66/1/CFE_TIME 21: Stop FLYWHEEL
EVS Port1 1980-012-14:26:39.18472 66/1/CFE_TIME 20: Start FLYWHEEL
....EVS Port1 1980-012-14:27:02.00288 66/1/CFE_TIME 21: Stop FLYWHEEL
.EVS Port1 1980-012-14:27:10.00633 66/1/CFE_TIME 21: Stop FLYWHEEL
.EVS Port1 1980-012-14:27:10.99855 66/1/CFE_TIME 20: Start FLYWHEEL
EVS Port1 1980-012-14:27:15.32234 66/1/CFE_TIME 20: Start FLYWHEEL
.EVS Port1 1980-012-14:27:16.00305 66/1/CFE_TIME 21: Stop FLYWHEEL
.EVS Port1 1980-012-14:27:23.21377 66/1/CFE_TIME 20: Start FLYWHEEL
EVS Port1 1980-012-14:27:23.01023 66/1/CFE_TIME 21: Stop FLYWHEEL
.EVS Port1 1980-012-14:27:33.00872 66/1/CFE_TIME 21: Stop FLYWHEEL
.EVS Port1 1980-012-14:27:33.99919 66/1/CFE_TIME 20: Start FLYWHEEL
..EVS Port1 1980-012-14:27:46.22706 66/1/CFE_TIME 20: Start FLYWHEEL
EVS Port1 1980-012-14:27:46.00584 66/1/CFE_TIME 21: Stop FLYWHEEL
.EVS Port1 1980-012-14:27:57.00697 66/1/CFE_TIME 21: Stop FLYWHEEL
.EVS Port1 1980-012-14:27:58.00817 66/1/CFE_TIME 20: Start FLYWHEEL
EVS Port1 1980-012-14:28:00.01344 66/1/CFE_TIME 20: Start FLYWHEEL
EVS Port1 1980-012-14:28:01.01440 66/1/CFE_TIME 21: Stop FLYWHEEL
.EVS Port1 1980-012-14:28:07.00973 66/1/CFE_TIME 21: Stop FLYWHEEL
EVS Port1 1980-012-14:28:08.00555 66/1/CFE_TIME 20: Start FLYWHEEL
.EVS Port1 1980-012-14:28:10.00953 66/1/CFE_TIME 21: Stop FLYWHEEL
EVS Port1 1980-012-14:28:11.07867 66/1/CFE_TIME 20: Start FLYWHEEL
EVS Port1 1980-012-14:28:13.68974 66/1/CFE_TIME 20: Start FLYWHEEL
............EVS Port1 1980-012-14:29:27.00895 66/1/CFE_TIME 21: Stop FLYWHEEL
EVS Port1 1980-012-14:29:32.11936 66/1/CFE_TIME 20: Start FLYWHEEL
.EVS Port1 1980-012-14:29:36.01193 66/1/CFE_TIME 21: Stop FLYWHEEL
..EVS Port1 1980-012-14:29:44.00540 66/1/CFE_TIME 21: Stop FLYWHEEL
EVS Port1 1980-012-14:29:45.00004 66/1/CFE_TIME 20: Start FLYWHEEL
EVS Port1 1980-012-14:29:47.00634 66/1/CFE_TIME 21: Stop FLYWHEEL
EVS Port1 1980-012-14:29:47.99563 66/1/CFE_TIME 20: Start FLYWHEEL
.EVS Port1 1980-012-14:29:52.15208 66/1/CFE_TIME 20: Start FLYWHEEL
EVS Port1 1980-012-14:29:53.00598 66/1/CFE_TIME 21: Stop FLYWHEEL
.EVS Port1 1980-012-14:29:58.17779 66/1/CFE_TIME 20: Start FLYWHEEL
EVS Port1 1980-012-14:29:58.00544 66/1/CFE_TIME 21: Stop FLYWHEEL
EVS Port1 1980-012-14:30:01.00326 66/1/CFE_TIME 21: Stop FLYWHEEL
.EVS Port1 1980-012-14:30:02.01387 66/1/CFE_TIME 20: Start FLYWHEEL
EVS Port1 1980-012-14:30:03.00537 66/1/CFE_TIME 21: Stop FLYWHEEL
EVS Port1 1980-012-14:30:03.99504 66/1/CFE_TIME 20: Start FLYWHEEL
EVS Port1 1980-012-14:30:06.00968 66/1/CFE_TIME 21: Stop FLYWHEEL
EVS Port1 1980-012-14:30:07.00587 66/1/CFE_TIME 20: Start FLYWHEEL
.EVS Port1 1980-012-14:30:08.00512 66/1/CFE_TIME 21: Stop FLYWHEEL
EVS Port1 1980-012-14:30:08.99876 66/1/CFE_TIME 20: Start FLYWHEEL
.EVS Port1 1980-012-14:30:14.32823 66/1/CFE_TIME 20: Start FLYWHEEL
EVS Port1 1980-012-14:30:14.00401 66/1/CFE_TIME 21: Stop FLYWHEEL
EVS Port1 1980-012-14:30:17.00421 66/1/CFE_TIME 21: Stop FLYWHEEL
EVS Port1 1980-012-14:30:18.00128 66/1/CFE_TIME 20: Start FLYWHEEL
..EVS Port1 1980-012-14:30:26.00433 66/1/CFE_TIME 21: Stop FLYWHEEL
EVS Port1 1980-012-14:30:27.04234 66/1/CFE_TIME 20: Start FLYWHEEL
EVS Port1 1980-012-14:30:28.02009 66/1/CFE_TIME 21: Stop FLYWHEEL
EVS Port1 1980-012-14:30:29.00495 66/1/CFE_TIME 20: Start FLYWHEEL
..EVS Port1 1980-012-14:30:37.00448 66/1/CFE_TIME 21: Stop FLYWHEEL
EVS Port1 1980-012-14:30:37.99888 66/1/CFE_TIME 20: Start FLYWHEEL
.EVS Port1 1980-012-14:30:43.01202 66/1/CFE_TIME 21: Stop FLYWHEEL
EVS Port1 1980-012-14:30:44.00930 66/1/CFE_TIME 20: Start FLYWHEEL
..EVS Port1 1980-012-14:30:55.01254 66/1/CFE_TIME 21: Stop FLYWHEEL
EVS Port1 1980-012-14:30:56.02769 66/1/CFE_TIME 20: Start FLYWHEEL
EVS Port1 1980-012-14:30:57.01498 66/1/CFE_TIME 21: Stop FLYWHEEL
EVS Port1 1980-012-14:30:58.01469 66/1/CFE_TIME 20: Start FLYWHEEL
EVS Port1 1980-012-14:30:59.00923 66/1/CFE_TIME 21: Stop FLYWHEEL
EVS Port1 1980-012-14:31:00.01506 66/1/CFE_TIME 20: Start FLYWHEEL
.EVS Port1 1980-012-14:31:01.00718 66/1/CFE_TIME 21: Stop FLYWHEEL
EVS Port1 1980-012-14:31:02.00601 66/1/CFE_TIME 20: Start FLYWHEEL
EVS Port1 1980-012-14:31:03.01228 66/1/CFE_TIME 21: Stop FLYWHEEL
EVS Port1 1980-012-14:31:04.04725 66/1/CFE_TIME 20: Start FLYWHEEL
EVS Port1 1980-012-14:31:06.28163 66/1/CFE_TIME 20: Start FLYWHEEL
.............EVS Port1 1980-012-14:32:28.00784 66/1/CFE_TIME 21: Stop FLYWHEEL
..EVS Port1 1980-012-14:32:41.00366 66/1/CFE_TIME 21: Stop FLYWHEEL
.EVS Port1 1980-012-14:32:42.02604 66/1/CFE_TIME 20: Start FLYWHEEL
EVS Port1 1980-012-14:32:43.01313 66/1/CFE_TIME 21: Stop FLYWHEEL
EVS Port1 1980-012-14:32:43.99954 66/1/CFE_TIME 20: Start FLYWHEEL
....EVS Port1 1980-012-14:33:11.24867 66/1/CFE_TIME 20: Start FLYWHEEL
.EVS Port1 1980-012-14:33:12.01179 66/1/CFE_TIME 21: Stop FLYWHEEL
...EVS Port1 1980-012-14:33:31.00495 66/1/CFE_TIME 21: Stop FLYWHEEL
EVS Port1 1980-012-14:33:31.99635 66/1/CFE_TIME 20: Start FLYWHEEL
.EVS Port1 1980-012-14:33:41.00401 66/1/CFE_TIME 21: Stop FLYWHEEL
.EVS Port1 1980-012-14:33:41.99760 66/1/CFE_TIME 20: Start FLYWHEEL
EVS Port1 1980-012-14:33:47.00636 66/1/CFE_TIME 21: Stop FLYWHEEL
.EVS Port1 1980-012-14:33:47.99609 66/1/CFE_TIME 20: Start FLYWHEEL
..EVS Port1 1980-012-14:34:01.01281 66/1/CFE_TIME 21: Stop FLYWHEEL
EVS Port1 1980-012-14:34:02.09947 66/1/CFE_TIME 20: Start FLYWHEEL
EVS Port1 1980-012-14:34:04.58937 66/1/CFE_TIME 20: Start FLYWHEEL
.........EVS Port1 1980-012-14:35:04.00758 66/1/CFE_TIME 21: Stop FLYWHEEL
.EVS Port1 1980-012-14:35:06.00712 66/1/CFE_TIME 21: Stop FLYWHEEL
EVS Port1 1980-012-14:35:07.29005 66/1/CFE_TIME 20: Start FLYWHEEL
EVS Port1 1980-012-14:35:09.74171 66/1/CFE_TIME 20: Start FLYWHEEL
.EVS Port1 1980-012-14:35:12.01200 66/1/CFE_TIME 21: Stop FLYWHEEL
EVS Port1 1980-012-14:35:14.01290 66/1/CFE_TIME 21: Stop FLYWHEEL
EVS Port1 1980-012-14:35:15.00846 66/1/CFE_TIME 20: Start FLYWHEEL
.EVS Port1 1980-012-14:35:17.13568 66/1/CFE_TIME 20: Start FLYWHEEL
EVS Port1 1980-012-14:35:18.01022 66/1/CFE_TIME 21: Stop FLYWHEEL
..EVS Port1 1980-012-14:35:33.01837 66/1/CFE_TIME 21: Stop FLYWHEEL
EVS Port1 1980-012-14:35:33.99891 66/1/CFE_TIME 20: Start FLYWHEEL
..EVS Port1 1980-012-14:35:40.15135 66/1/CFE_TIME 20: Start FLYWHEEL
EVS Port1 1980-012-14:35:40.00405 66/1/CFE_TIME 21: Stop FLYWHEEL
.EVS Port1 1980-012-14:35:47.01414 66/1/CFE_TIME 21: Stop FLYWHEEL
EVS Port1 1980-012-14:35:47.97731 66/1/CFE_TIME 20: Start FLYWHEEL
EVS Port1 1980-012-14:35:50.01626 66/1/CFE_TIME 21: Stop FLYWHEEL
EVS Port1 1980-012-14:35:50.99821 66/1/CFE_TIME 20: Start FLYWHEEL
....EVS Port1 1980-012-14:36:10.15841 66/1/CFE_TIME 20: Start FLYWHEEL
EVS Port1 1980-012-14:36:10.01423 66/1/CFE_TIME 21: Stop FLYWHEEL
EVS Port1 1980-012-14:36:14.01113 66/1/CFE_TIME 21: Stop FLYWHEEL
EVS Port1 1980-012-14:36:14.99476 66/1/CFE_TIME 20: Start FLYWHEEL
..EVS Port1 1980-012-14:36:24.01368 66/1/CFE_TIME 21: Stop FLYWHEEL
EVS Port1 1980-012-14:36:25.04425 66/1/CFE_TIME 20: Start FLYWHEEL
EVS Port1 1980-012-14:36:26.00750 66/1/CFE_TIME 21: Stop FLYWHEEL
EVS Port1 1980-012-14:36:27.15068 66/1/CFE_TIME 20: Start FLYWHEEL
.EVS Port1 1980-012-14:36:29.41987 66/1/CFE_TIME 20: Start FLYWHEEL
.......EVS Port1 1980-012-14:37:11.04200 66/1/CFE_TIME 21: Stop FLYWHEEL
EVS Port1 1980-012-14:37:14.10348 66/1/CFE_TIME 20: Start FLYWHEEL
EVS Port1 1980-012-14:37:14.01133 66/1/CFE_TIME 21: Stop FLYWHEEL
...EVS Port1 1980-012-14:37:31.06112 66/1/CFE_TIME 20: Start FLYWHEEL
EVS Port1 1980-012-14:37:31.00579 66/1/CFE_TIME 21: Stop FLYWHEEL
.EVS Port1 1980-012-14:37:40.20030 66/1/CFE_TIME 20: Start FLYWHEEL
EVS Port1 1980-012-14:37:40.01280 66/1/CFE_TIME 21: Stop FLYWHEEL
.....EVS Port1 1980-012-14:38:08.22602 66/1/CFE_TIME 20: Start FLYWHEEL
.EVS Port1 1980-012-14:38:10.03080 66/1/CFE_TIME 21: Stop FLYWHEEL
.EVS Port1 1980-012-14:38:15.37367 66/1/CFE_TIME 20: Start FLYWHEEL
........EVS Port1 1980-012-14:39:10.02302 66/1/CFE_TIME 21: Stop FLYWHEEL
..EVS Port1 1980-012-14:39:19.00407 66/1/CFE_TIME 21: Stop FLYWHEEL
EVS Port1 1980-012-14:39:20.00843 66/1/CFE_TIME 20: Start FLYWHEEL
EVS Port1 1980-012-14:39:21.01922 66/1/CFE_TIME 21: Stop FLYWHEEL
EVS Port1 1980-012-14:39:22.00743 66/1/CFE_TIME 20: Start FLYWHEEL
..EVS Port1 1980-012-14:39:29.01312 66/1/CFE_TIME 21: Stop FLYWHEEL
EVS Port1 1980-012-14:39:29.98764 66/1/CFE_TIME 20: Start FLYWHEEL
EVS Port1 1980-012-14:39:32.02412 66/1/CFE_TIME 21: Stop FLYWHEEL
EVS Port1 1980-012-14:39:33.00257 66/1/CFE_TIME 20: Start FLYWHEEL
.EVS Port1 1980-012-14:39:37.23020 66/1/CFE_TIME 20: Start FLYWHEEL
EVS Port1 1980-012-14:39:37.00234 66/1/CFE_TIME 21: Stop FLYWHEEL
..EVS Port1 1980-012-14:39:52.01956 66/1/CFE_TIME 20: Start FLYWHEEL
.EVS Port1 1980-012-14:39:53.02708 66/1/CFE_TIME 21: Stop FLYWHEEL
..EVS Port1 1980-012-14:40:07.11254 66/1/CFE_TIME 20: Start FLYWHEEL
EVS Port1 1980-012-14:40:07.00590 66/1/CFE_TIME 21: Stop FLYWHEEL
....EVS Port1 1980-012-14:40:30.01362 66/1/CFE_TIME 21: Stop FLYWHEEL
EVS Port1 1980-012-14:40:30.98851 66/1/CFE_TIME 20: Start FLYWHEEL
.EVS Port1 1980-012-14:40:37.01939 66/1/CFE_TIME 21: Stop FLYWHEEL
EVS Port1 1980-012-14:40:38.01625 66/1/CFE_TIME 20: Start FLYWHEEL
EVS Port1 1980-012-14:40:39.00721 66/1/CFE_TIME 21: Stop FLYWHEEL
EVS Port1 1980-012-14:40:40.01814 66/1/CFE_TIME 20: Start FLYWHEEL
.EVS Port1 1980-012-14:40:42.02497 66/1/CFE_TIME 20: Start FLYWHEEL
EVS Port1 1980-012-14:40:42.00382 66/1/CFE_TIME 21: Stop FLYWHEEL
.EVS Port1 1980-012-14:40:50.00540 66/1/CFE_TIME 21: Stop FLYWHEEL
EVS Port1 1980-012-14:40:51.00781 66/1/CFE_TIME 20: Start FLYWHEEL
.EVS Port1 1980-012-14:40:54.07748 66/1/CFE_TIME 20: Start FLYWHEEL
EVS Port1 1980-012-14:40:54.01005 66/1/CFE_TIME 21: Stop FLYWHEEL
.EVS Port1 1980-012-14:41:00.05941 66/1/CFE_TIME 20: Start FLYWHEEL
EVS Port1 1980-012-14:41:01.00794 66/1/CFE_TIME 21: Stop FLYWHEEL
EVS Port1 1980-012-14:41:03.00498 66/1/CFE_TIME 21: Stop FLYWHEEL
.EVS Port1 1980-012-14:41:04.07095 66/1/CFE_TIME 20: Start FLYWHEEL
EVS Port1 1980-012-14:41:06.18688 66/1/CFE_TIME 20: Start FLYWHEEL
EVS Port1 1980-012-14:41:06.00865 66/1/CFE_TIME 21: Stop FLYWHEEL
.EVS Port1 1980-012-14:41:12.01687 66/1/CFE_TIME 21: Stop FLYWHEEL
EVS Port1 1980-012-14:41:13.07336 66/1/CFE_TIME 20: Start FLYWHEEL
.EVS Port1 1980-012-14:41:15.12345 66/1/CFE_TIME 20: Start FLYWHEEL
EVS Port1 1980-012-14:41:16.05455 66/1/CFE_TIME 21: Stop FLYWHEEL
EVS Port1 1980-012-14:41:19.17776 66/1/CFE_TIME 20: Start FLYWHEEL
.........EVS Port1 1980-012-14:42:13.01611 66/1/CFE_TIME 21: Stop FLYWHEEL
EVS Port1 1980-012-14:42:15.01130 66/1/CFE_TIME 21: Stop FLYWHEEL
EVS Port1 1980-012-14:42:16.10395 66/1/CFE_TIME 20: Start FLYWHEEL
.EVS Port1 1980-012-14:42:18.17398 66/1/CFE_TIME 20: Start FLYWHEEL
EVS Port1 1980-012-14:42:18.01319 66/1/CFE_TIME 21: Stop FLYWHEEL
EVS Port1 1980-012-14:42:20.01873 66/1/CFE_TIME 21: Stop FLYWHEEL
EVS Port1 1980-012-14:42:21.04220 66/1/CFE_TIME 20: Start FLYWHEEL
EVS Port1 1980-012-14:42:22.00474 66/1/CFE_TIME 21: Stop FLYWHEEL
.EVS Port1 1980-012-14:42:23.01541 66/1/CFE_TIME 20: Start FLYWHEEL
EVS Port1 1980-012-14:42:24.00471 66/1/CFE_TIME 21: Stop FLYWHEEL
EVS Port1 1980-012-14:42:24.99661 66/1/CFE_TIME 20: Start FLYWHEEL
.EVS Port1 1980-012-14:42:34.00701 66/1/CFE_TIME 21: Stop FLYWHEEL
.EVS Port1 1980-012-14:42:35.00900 66/1/CFE_TIME 20: Start FLYWHEEL
....EVS Port1 1980-012-14:43:03.01130 66/1/CFE_TIME 21: Stop FLYWHEEL
{"app":"AI_LEARNER","stage":"e25_equivalence","inputs":1,"completed":1,"model":"wgan","target":"aarch64-unknown-linux-gnu","artifact_sha256":"e382429cbfbf5803..."}
EVS Port1 1980-012-14:43:03.06188 66/1/AI_LEARNER 4: AI_LEARNER: E25 equivalence 1/1 inferences written
{"app":"AI_LEARNER","stage":"e25_mode","active":true,"inputs_path":"/cf/e25_inputs.bin"}
EVS Port1 1980-012-14:43:03.07292 66/1/AI_LEARNER 3: AI_LEARNER initialized: model wgan (4321533 B), rss_delta_init=1644 KB
EVS Port1 1980-012-14:43:03.99816 66/1/CFE_TIME 20: Start FLYWHEEL
....EVS Port1 1980-012-14:43:26.72241 66/1/CFE_SB 17: Msg Limit Err,MsgId 0x800,pipe AI_LEARNER_PIPE,sender CFE_ES
EVS Port1 1980-012-14:43:28.01611 66/1/CFE_TIME 21: Stop FLYWHEEL
.EVS Port1 1980-012-14:43:28.99476 66/1/CFE_TIME 20: Start FLYWHEEL
EVS Port1 1980-012-14:43:30.86499 66/1/CFE_SB 17: Msg Limit Err,MsgId 0x800,pipe AI_LEARNER_PIPE,sender CFE_ES
EVS Port1 1980-012-14:43:32.39595 66/1/CFE_TIME 20: Start FLYWHEEL
.EVS Port1 1980-012-14:43:35.99594 66/1/CFE_SB 17: Msg Limit Err,MsgId 0x800,pipe AI_LEARNER_PIPE,sender CFE_ES
EVS Port1 1980-012-14:43:37.00988 66/1/CFE_TIME 21: Stop FLYWHEEL
EVS Port1 1980-012-14:43:39.71012 66/1/CFE_SB 17: Msg Limit Err,MsgId 0x800,pipe AI_LEARNER_PIPE,sender CFE_ES
EVS Port1 1980-012-14:43:40.01327 66/1/CFE_TIME 21: Stop FLYWHEEL
.EVS Port1 1980-012-14:43:41.04457 66/1/CFE_TIME 20: Start FLYWHEEL
EVS Port1 1980-012-14:43:43.37153 66/1/CFE_TIME 20: Start FLYWHEEL
EVS Port1 1980-012-14:43:44.12107 66/1/CFE_SB 17: Msg Limit Err,MsgId 0x800,pipe AI_LEARNER_PIPE,sender CFE_ES
.EVS Port1 1980-012-14:43:50.07695 66/1/CFE_SB 17: Msg Limit Err,MsgId 0x800,pipe AI_LEARNER_PIPE,sender CFE_ES
.EVS Port1 1980-012-14:44:00.20826 66/1/CFE_SB 17: Msg Limit Err,MsgId 0x800,pipe AI_LEARNER_PIPE,sender CFE_ES
..EVS Port1 1980-012-14:44:10.44242 66/1/CFE_SB 17: Msg Limit Err,MsgId 0x800,pipe AI_LEARNER_PIPE,sender CFE_ES
.EVS Port1 1980-012-14:44:19.50259 66/1/CFE_SB 17: Msg Limit Err,MsgId 0x800,pipe AI_LEARNER_PIPE,sender CFE_ES
..EVS Port1 1980-012-14:44:30.86090 66/1/CFE_SB 17: Msg Limit Err,MsgId 0x800,pipe AI_LEARNER_PIPE,sender CFE_ES
.EVS Port1 1980-012-14:44:38.66587 66/1/CFE_SB 17: Msg Limit Err,MsgId 0x800,pipe AI_LEARNER_PIPE,sender CFE_ES
.EVS Port1 1980-012-14:44:44.89765 66/1/CFE_SB 17: Msg Limit Err,MsgId 0x800,pipe AI_LEARNER_PIPE,sender CFE_ES
.EVS Port1 1980-012-14:44:50.23141 66/1/CFE_SB 17: Msg Limit Err,MsgId 0x800,pipe AI_LEARNER_PIPE,sender CFE_ES
.EVS Port1 1980-012-14:44:52.00961 66/1/CFE_TIME 21: Stop FLYWHEEL
EVS Port1 1980-012-14:44:53.67848 66/1/CFE_SB 17: Msg Limit Err,MsgId 0x800,pipe AI_LEARNER_PIPE,sender CFE_ES
.EVS Port1 1980-012-14:44:57.02035 66/1/CFE_TIME 21: Stop FLYWHEEL
EVS Port1 1980-012-14:44:57.67736 66/1/CFE_SB 17: Msg Limit Err,MsgId 0x800,pipe AI_LEARNER_PIPE,sender CFE_ES
EVS Port1 1980-012-14:44:57.98632 66/1/CFE_TIME 20: Start FLYWHEEL
EVS Port1 1980-012-14:45:01.95849 66/1/CFE_SB 17: Msg Limit Err,MsgId 0x800,pipe AI_LEARNER_PIPE,sender CFE_ES
.EVS Port1 1980-012-14:45:03.27104 66/1/CFE_TIME 20: Start FLYWHEEL
EVS Port1 1980-012-14:45:03.00917 66/1/CFE_TIME 21: Stop FLYWHEEL
.EVS Port1 1980-012-14:45:10.00637 66/1/CFE_TIME 21: Stop FLYWHEEL
EVS Port1 1980-012-14:45:10.99192 66/1/CFE_TIME 20: Start FLYWHEEL
.EVS Port1 1980-012-14:45:16.00390 66/1/CFE_TIME 21: Stop FLYWHEEL
EVS Port1 1980-012-14:45:17.00244 66/1/CFE_TIME 20: Start FLYWHEEL
EVS Port1 1980-012-14:45:19.00509 66/1/CFE_TIME 20: Start FLYWHEEL
EVS Port1 1980-012-14:45:20.02015 66/1/CFE_TIME 21: Stop FLYWHEEL
.EVS Port1 1980-012-14:45:23.01315 66/1/CFE_TIME 20: Start FLYWHEEL
EVS Port1 1980-012-14:45:23.00289 66/1/CFE_TIME 21: Stop FLYWHEEL
.EVS Port1 1980-012-14:45:28.00631 66/1/CFE_TIME 21: Stop FLYWHEEL
EVS Port1 1980-012-14:45:28.99229 66/1/CFE_TIME 20: Start FLYWHEEL
EVS Port1 1980-012-14:45:32.00935 66/1/CFE_TIME 21: Stop FLYWHEEL
.EVS Port1 1980-012-14:45:32.99327 66/1/CFE_TIME 20: Start FLYWHEEL
..EVS Port1 1980-012-14:45:48.00106 66/1/CFE_TIME 20: Start FLYWHEEL
EVS Port1 1980-012-14:45:48.01278 66/1/CFE_TIME 21: Stop FLYWHEEL
..EVS Port1 1980-012-14:46:00.34951 66/1/CFE_TIME 20: Start FLYWHEEL
.EVS Port1 1980-012-14:46:03.01315 66/1/CFE_TIME 21: Stop FLYWHEEL
EVS Port1 1980-012-14:46:06.45915 66/1/CFE_TIME 20: Start FLYWHEEL
...........EVS Port1 1980-012-14:47:22.00727 66/1/CFE_TIME 21: Stop FLYWHEEL
.EVS Port1 1980-012-14:47:31.16590 66/1/CFE_TIME 20: Start FLYWHEEL
EVS Port1 1980-012-14:47:32.00654 66/1/CFE_TIME 21: Stop FLYWHEEL
..EVS Port1 1980-012-14:47:43.00563 66/1/CFE_TIME 21: Stop FLYWHEEL
EVS Port1 1980-012-14:47:43.99972 66/1/CFE_TIME 20: Start FLYWHEEL
........EVS Port1 1980-012-14:48:32.27407 66/1/CFE_TIME 20: Start FLYWHEEL
EVS Port1 1980-012-14:48:32.01000 66/1/CFE_TIME 21: Stop FLYWHEEL
....EVS Port1 1980-012-14:48:53.58959 66/1/CFE_TIME 20: Start FLYWHEEL
.........EVS Port1 1980-012-14:49:49.03411 66/1/CFE_TIME 21: Stop FLYWHEEL
.EVS Port1 1980-012-14:49:52.28358 66/1/CFE_TIME 20: Start FLYWHEEL
.EVS Port1 1980-012-14:49:57.00686 66/1/CFE_TIME 21: Stop FLYWHEEL
EVS Port1 1980-012-14:50:00.15647 66/1/CFE_TIME 20: Start FLYWHEEL
EVS Port1 1980-012-14:50:00.00807 66/1/CFE_TIME 21: Stop FLYWHEEL
.EVS Port1 1980-012-14:50:03.00801 66/1/CFE_TIME 21: Stop FLYWHEEL
EVS Port1 1980-012-14:50:03.99899 66/1/CFE_TIME 20: Start FLYWHEEL
.EVS Port1 1980-012-14:50:11.00665 66/1/CFE_TIME 21: Stop FLYWHEEL
EVS Port1 1980-012-14:50:12.00547 66/1/CFE_TIME 20: Start FLYWHEEL
EVS Port1 1980-012-14:50:13.00801 66/1/CFE_TIME 21: Stop FLYWHEEL
EVS Port1 1980-012-14:50:13.99827 66/1/CFE_TIME 20: Start FLYWHEEL
.EVS Port1 1980-012-14:50:17.42449 66/1/CFE_TIME 20: Start FLYWHEEL
EVS Port1 1980-012-14:50:19.00491 66/1/CFE_TIME 21: Stop FLYWHEEL
..EVS Port1 1980-012-14:50:29.14735 66/1/CFE_TIME 20: Start FLYWHEEL
EVS Port1 1980-012-14:50:29.00410 66/1/CFE_TIME 21: Stop FLYWHEEL
....EVS Port1 1980-012-14:50:54.01884 66/1/CFE_TIME 20: Start FLYWHEEL
EVS Port1 1980-012-14:50:54.00410 66/1/CFE_TIME 21: Stop FLYWHEEL
.EVS Port1 1980-012-14:50:58.00434 66/1/CFE_TIME 21: Stop FLYWHEEL
EVS Port1 1980-012-14:50:59.00344 66/1/CFE_TIME 20: Start FLYWHEEL
EVS Port1 1980-012-14:51:00.01049 66/1/CFE_TIME 21: Stop FLYWHEEL
EVS Port1 1980-012-14:51:01.00859 66/1/CFE_TIME 20: Start FLYWHEEL
.EVS Port1 1980-012-14:51:02.00512 66/1/CFE_TIME 21: Stop FLYWHEEL
EVS Port1 1980-012-14:51:02.99693 66/1/CFE_TIME 20: Start FLYWHEEL
EVS Port1 1980-012-14:51:06.01286 66/1/CFE_TIME 21: Stop FLYWHEEL
EVS Port1 1980-012-14:51:06.98999 66/1/CFE_TIME 20: Start FLYWHEEL
.EVS Port1 1980-012-14:51:09.01148 66/1/CFE_TIME 21: Stop FLYWHEEL
EVS Port1 1980-012-14:51:09.99366 66/1/CFE_TIME 20: Start FLYWHEEL
.EVS Port1 1980-012-14:51:17.20642 66/1/CFE_TIME 20: Start FLYWHEEL
EVS Port1 1980-012-14:51:17.00906 66/1/CFE_TIME 21: Stop FLYWHEEL
.EVS Port1 1980-012-14:51:20.32978 66/1/CFE_TIME 20: Start FLYWHEEL
........EVS Port1 1980-012-14:52:11.01414 66/1/CFE_TIME 21: Stop FLYWHEEL
EVS Port1 1980-012-14:52:14.14753 66/1/CFE_TIME 20: Start FLYWHEEL
.EVS Port1 1980-012-14:52:15.01290 66/1/CFE_TIME 21: Stop FLYWHEEL
..EVS Port1 1980-012-14:52:28.20207 66/1/CFE_TIME 20: Start FLYWHEEL
EVS Port1 1980-012-14:52:28.00721 66/1/CFE_TIME 21: Stop FLYWHEEL
.EVS Port1 1980-012-14:52:32.00958 66/1/CFE_TIME 21: Stop FLYWHEEL
EVS Port1 1980-012-14:52:33.00822 66/1/CFE_TIME 20: Start FLYWHEEL
1980-012-14:52:37.00382 CFE_ES_RunExceptionScan: ExceptionID 0x1110000 in TaskID 0: Caught SIGINT
1980-012-14:52:37.00902 CFE_ES_RunExceptionScan: Processor Reset count not reached (0/2)
CFE_PSP: Exiting cFE with PROCESSOR Reset status.

CFE_PSP: Shutdown initiated - Exiting cFE
EVS Port1 1980-012-14:52:37.03192 66/1/CFE_TIME 20: Start FLYWHEEL
EVS Port1 1980-012-14:52:37.01202 66/1/CFE_TIME 21: Stop FLYWHEEL
CI delete callback -- Closing CI Network socket.
TO delete callback -- Closing TO Network socket.
...EXIT=137
