OS_BSP_Initialize():Maximum user msg queue depth = 512
CFE_PSP: Default Reset SubType = 1
CFE_PSP: Default CPU ID = 1
CFE_PSP: Default Spacecraft ID = 66
CFE_PSP: Default CPU Name: cpu1
OS_Posix_GetSchedulerParams():208:Policy 1: available, min-max: 1-99
OS_Posix_GetSchedulerParams():208:Policy 2: available, min-max: 1-99
OS_Posix_TaskAPI_Impl_Init():401:Selected policy 2 for RT tasks, root task = 99
OS_Posix_TaskAPI_Impl_Init():419:Could not setschedparam in main thread: Operation not permitted (1)
CFE_PSP: initializing module 'soft_timebase' with ID 0110ff00
CFE_PSP: Instantiated software timebase 'cFS-Master' running at 10000 usec
CFE_PSP: initializing module 'timebase_posix_clock' with ID 0110ff01
CFE_PSP: Using POSIX monotonic clock as CFE timebase
CFE_PSP: initializing module 'eeprom_mmap_file' with ID 0110ff02
CFE_PSP: Using MMAP simulated EEPROM implementation
CFE_PSP: initializing module 'port_notimpl' with ID 0110ff03
CFE_PSP: EEPROM Range (2) created: Start Address = FBBD6B92E000, Size = 00080000 Status = 0
CFE_PSP: I/O Port access not implemented
CFE_PSP: initializing module 'iodriver' with ID 0110ff04
CFE_PSP: initializing module 'linux_sysmon' with ID 0110ff05
CFE_PSP: initializing module 'endian_api' with ID 0110ff06
CFE_PSP: Host CPU Endian=LITTLE
CFE_PSP: initializing module 'ram_notimpl' with ID 0110ff07
CFE_PSP: Physical RAM access not implemented
CFE_PSP: Normal exit from previous cFE instance
CFE_PSP: Starting the cFE with a PROCESSOR reset.
1980-001-00:21:36.38978 CFE_ES_Main: CFE_ES_Main in EARLY_INIT state
1980-001-00:21:36.40288 CFE_ES_InitializeFileSystems: Volatile Disk has 100 Percent free space.
Number of addresses returned by backtrace = 1
CFE_PSP: CFE_PSP_AttachExceptions called
1980-001-00:21:36.42181 CFE_ES_Main: CFE_ES_Main entering CORE_STARTUP state
1980-001-00:21:36.42205 CFE_ES_CreateObjects: Starting Object Creation calls.
1980-001-00:21:36.42400 CFE_ES_CreateObjects: Calling EarlyInit for CFE_CONFIG
1980-001-00:21:36.42661 CFE_ES_CreateObjects: Calling EarlyInit for CFE_ES
1980-001-00:21:36.43060 CFE_ES_CreateObjects: Calling EarlyInit for CFE_EVS
1980-001-00:21:36.43392 CFE_EVS_EarlyInit: Event Log restored, n=0, c=20, f=1, m=1, o=122
1980-001-00:21:36.43432 CFE_ES_CreateObjects: Calling EarlyInit for CFE_FS
1980-001-00:21:36.43453 CFE_ES_CreateObjects: Calling EarlyInit for CFE_SB
1980-001-00:21:36.45151 CFE_ES_CreateObjects: Calling EarlyInit for CFE_TBL
1980-001-00:21:36.47403 CFE_ES_CreateObjects: Calling EarlyInit for CFE_TIME
EVS Port1 1980-012-14:04:31.92443 66/1/CFE_ES 1: cFE ES Initialized: CFE_ES v7.0.1+dev1 (Draco) DEV BUILD, based on v7.0.1, EDS disabled
EVS Port1 1980-012-14:04:31.93133 66/1/CFE_ES 2: cFS Versions: cfe v7.0.1+dev1, osal v7.0.1+dev1, psp v7.0.1+dev1. cFE chksm 25089
EVS Port1 1980-012-14:04:31.93211 66/1/CFE_ES 91: Version Info: Mission SampleMission, version git:v7.0.1-90-g78c23b0-dirty
EVS Port1 1980-012-14:04:31.93367 66/1/CFE_ES 91: Version Info: Module CORE_API, version git:2612eb0
EVS Port1 1980-012-14:04:31.93481 66/1/CFE_ES 91: Version Info: Module CONFIG, version git:2612eb0
EVS Port1 1980-012-14:04:31.93605 66/1/CFE_ES 91: Version Info: Module ES, version git:2612eb0
EVS Port1 1980-012-14:04:31.93629 66/1/CFE_ES 91: Version Info: Module EVS, version git:2612eb0
EVS Port1 1980-012-14:04:31.93742 66/1/CFE_ES 91: Version Info: Module FS, version git:2612eb0
EVS Port1 1980-012-14:04:31.93878 66/1/CFE_ES 91: Version Info: Module SB, version git:2612eb0
EVS Port1 1980-012-14:04:31.93907 66/1/CFE_ES 91: Version Info: Module TBL, version git:2612eb0
EVS Port1 1980-012-14:04:31.93945 66/1/CFE_ES 91: Version Info: Module TIME, version git:2612eb0
EVS Port1 1980-012-14:04:31.94139 66/1/CFE_ES 91: Version Info: Module OSAL, version git:8111e4a
EVS Port1 1980-012-14:04:31.94181 66/1/CFE_ES 91: Version Info: Module PSP, version git:d1da809
EVS Port1 1980-012-14:04:31.94203 66/1/CFE_ES 91: Version Info: Module MSG, version git:2612eb0
EVS Port1 1980-012-14:04:31.94230 66/1/CFE_ES 91: Version Info: Module SBR, version git:2612eb0
EVS Port1 1980-012-14:04:31.94343 66/1/CFE_ES 91: Version Info: Module RESOURCEID, version git:2612eb0
EVS Port1 1980-012-14:04:31.94537 66/1/CFE_ES 92: Build 202609080413 by root@vm, config aarch64
EVS Port1 1980-012-14:04:32.01637 66/1/CFE_EVS 1: cFE EVS Initialized: CFE_EVS v7.0.1+dev1 (Draco) DEV BUILD, based on v7.0.1, EDS disabled
1980-012-14:04:32.12015 CFE_SB_AppInit: Registered 4 events for filtering
EVS Port1 1980-012-14:04:32.12373 66/1/CFE_SB 1: cFE SB Initialized: CFE_SB v7.0.1+dev1 (Draco) DEV BUILD, based on v7.0.1, EDS disabled
EVS Port1 1980-012-14:04:32.12419 66/1/CFE_SB 14: No subscribers for MsgId 0x808,sender CFE_SB
EVS Port1 1980-012-14:04:32.22914 66/1/CFE_TBL 1: cFE TBL Initialized: CFE_TBL v7.0.1+dev1 (Draco) DEV BUILD, based on v7.0.1, EDS disabled
EVS Port1 1980-012-14:04:32.22988 66/1/CFE_SB 14: No subscribers for MsgId 0x808,sender CFE_TBL
EVS Port1 1980-012-14:04:32.34118 66/1/CFE_TIME 1: cFE TIME Initialized: CFE_TIME v7.0.1+dev1 (Draco) DEV BUILD, based on v7.0.1, EDS disabled
EVS Port1 1980-012-14:04:32.34278 66/1/CFE_SB 14: No subscribers for MsgId 0x808,sender CFE_TIME
1980-012-14:04:32.37851 CFE_ES_CreateObjects: Finished ES CreateObject table entries.
1980-012-14:04:32.37986 CFE_ES_Main: CFE_ES_Main entering CORE_READY state
OS_FileOpen_Impl():110:open(/dev/shm/osal:RAM/cfe_es_startup.scr): No such file or directory
1980-012-14:04:32.38641 CFE_ES_OpenStartupScript: Cannot Open Volatile Startup file: /ram/cfe_es_startup.scr, Trying Nonvolatile.
1980-012-14:04:32.38874 CFE_ES_OpenStartupScript: Opened ES App Startup file: /cf/cfe_es_startup.scr
1980-012-14:04:32.41828 CFE_ES_ParseFileEntry: Loading shared library: /cf/cfe_assert.so
1980-012-14:04:32.43122 [BEGIN] CFE FUNCTIONAL TEST
1980-012-14:04:32.43201 [BEGIN] 01 CFE-STARTUP
1980-012-14:04:32.45814 CFE_ES_ParseFileEntry: Loading shared library: /cf/sample_lib.so
SAMPLE Lib Initialized.Sample Lib v7.0.0+dev1 (Draco) DEV BUILD, based on v7.0.1, EDS disabled
1980-012-14:04:32.48988 CFE_ES_ParseFileEntry: Loading file: /cf/sch_lab.so, APP: SCH_LAB
1980-012-14:04:32.52747 CFE_ES_ParseFileEntry: Loading file: /cf/ci_lab.so, APP: CI_LAB
1980-012-14:04:32.58237 CFE_ES_ParseFileEntry: Loading file: /cf/to_lab.so, APP: TO_LAB
SCH Lab Initialized.SCH Lab v7.0.1+dev1 (Draco) DEV BUILD, based on v7.0.1, EDS disabled
1980-012-14:04:32.68235 CFE_ES_ParseFileEntry: Loading file: /cf/sample_app.so, APP: SAMPLE_APP
EVS Port1 1980-012-14:04:32.68647 66/1/TO_LAB 1: TO Lab Initialized.TO Lab v7.0.1+dev1 (Draco) DEV BUILD, based on v7.0.1, EDS disabled, Awaiting enable command.
1980-012-14:04:32.69108 CI_LAB listening on UDP port: 1234
EVS Port1 1980-012-14:04:32.69044 66/1/CFE_SB 14: No subscribers for MsgId 0x808,sender TO_LAB
EVS Port1 1980-012-14:04:32.69912 66/1/CI_LAB 3: CI Lab Initialized.CI Lab App v7.0.1+dev1 (Draco) DEV BUILD, based on v7.0.1, EDS disabled
1980-012-14:04:32.73381 CFE_ES_ParseFileEntry: Loading file: /cf/ai_learner.so, APP: AI_LEARNER
EVS Port1 1980-012-14:04:32.77091 66/1/SAMPLE_APP 1: Sample App Initialized.Sample App v7.0.0+dev1 (Draco) DEV BUILD, based on v7.0.1, EDS disabled
1980-012-14:04:32.78100 CFE_ES_ParseFileEntry: Loading file: /cf/lc.so, APP: LC
{"app":"AI_LEARNER","stage":"admission","verdict":"ADMIT","model":"mlp16k","target":"aarch64-unknown-linux-gnu","bounded":786476,"budget":1048576,"per_call":65580,"constants":720896,"kernel_stack_bytes":16,"bound_known":true}
1980-012-14:04:32.82331 CFE_ES_ParseFileEntry: Loading file: /cf/cf.so, APP: CF
EVS Port1 1980-012-14:04:32.89955 66/1/LC 56: WDT verify results: good = 0, bad = 0, unused = 176
EVS Port1 1980-012-14:04:32.93133 66/1/LC 66: ADT verify results: good = 0, bad = 0, unused = 176
EVS Port1 1980-012-14:04:32.97129 66/1/LC 23: LC use of Critical Data Store disabled, activity mask = 0x00991990
EVS Port1 1980-012-14:04:32.98414 66/1/LC 2: LC Initialized. Version 7.0.1.255
{"app":"AI_LEARNER","stage":"binding","verdict":"CONTRACT_ARTIFACT_MISMATCH","artifact_bytes":192140,"artifact_sha256":"b0b4f6e5068052bf","contract_sha256":"a439de2130def66b"}
EVS Port1 1980-012-14:04:33.02822 66/1/AI_LEARNER 5: AI_LEARNER CONTRACT_ARTIFACT_MISMATCH: /cf/model.vmfb is not the artifact this contract describes; app will not start
1980-012-14:04:33.03046 CFE_ES_ParseFileEntry: Loading file: /cf/ds.so, APP: DS
{"app":"AI_LEARNER","stage":"cleanup","released":true,"cleanup_calls":1}
1980-012-14:04:33.04806 CFE_ES_ExitApp: Application AI_LEARNER called CFE_ES_ExitApp
EVS Port1 1980-012-14:04:33.06930 66/1/CF 20: CF Initialized. Version 7.0.1.255
1980-012-14:04:33.09037 CFE_ES_ParseFileEntry: Loading file: /cf/fm.so, APP: FM
EVS Port1 1980-012-14:04:33.14633 66/1/DS 10: Destination file table verify results: good entries = 6, bad = 0, unused = 10
EVS Port1 1980-012-14:04:33.16419 66/1/DS 12: Filter table verify results: good entries = 14, bad = 0, unused = 242
EVS Port1 1980-012-14:04:33.20919 66/1/DS 1: Application initialized, version 7.0.1.255, data at 0xfbbd6b310460
1980-012-14:04:33.22903 CFE_ES_ParseFileEntry: Loading file: /cf/hk.so, APP: HK
EVS Port1 1980-012-14:04:33.23008 66/1/FM 80: Free Space Table verify results: good entries = 3, bad = 0, unused = 5
EVS Port1 1980-012-14:04:33.26039 66/1/FM 1: Initialization complete: version 7.0.1.255
1980-012-14:04:33.29020 CFE_ES_ParseFileEntry: Loading file: /cf/hs.so, APP: HS
EVS Port1 1980-012-14:04:33.31405 66/1/FM 72: Child Task initialization complete
1980-012-14:04:33.32184 CFE_ES_ParseFileEntry: Loading file: /cf/mm.so, APP: MM
EVS Port1 1980-012-14:04:33.33694 66/1/HK 1: HK Initialized.  Version 7.0.1.255
1980-012-14:04:33.36442 CFE_ES_ParseFileEntry: Loading file: /cf/sc.so, APP: SC
EVS Port1 1980-012-14:04:33.37020 66/1/HS 54: ExeCount verify results: good = 5, bad = 0, unused = 27
EVS Port1 1980-012-14:04:33.38092 66/1/HS 50: AppMon verify results: good = 0, bad = 0, unused = 32
EVS Port1 1980-012-14:04:33.38948 66/1/HS 52: EventMon verify results: good = 0, bad = 0, unused = 16
EVS Port1 1980-012-14:04:33.40698 66/1/MM 1: MM Initialized. Version 7.0.1.255
EVS Port1 1980-012-14:04:33.41600 66/1/HS 56: MsgActs verify results: good = 2, bad = 0, unused = 6
1980-012-14:04:33.43217 HS_SysMonInit(): System Monitor using PSP device ID 0110ff05
CFE_PSP(Linux_SysMon): Started CPU utilization monitoring on 1 CPU(s)
EVS Port1 1980-012-14:04:33.47903 66/1/HS 1: HS Initialized.  Version 7.0.1.255
1980-012-14:04:33.48129 CFE_ES_ParseFileEntry: Loading file: /cf/md.so, APP: MD
EVS Port1 1980-012-14:04:33.50546 66/1/SC 21: RTS table files not loaded at initialization = 0 of 4
EVS Port1 1980-012-14:04:33.51245 66/1/SC 9: SC Initialized. Version 7.0.1.255
1980-012-14:04:33.52845 CFE_ES_ParseFileEntry: Loading file: /cf/cs.so, APP: CS
EVS Port1 1980-012-14:04:33.55744 66/1/MD 52: MD Dwell Tbl verify results: good = 0, bad = 0, unused = 25
EVS Port1 1980-012-14:04:33.56033 66/1/MD 3: Recovered Dwell Table #1 is valid and has been copied to the MD App
EVS Port1 1980-012-14:04:33.56140 66/1/MD 52: MD Dwell Tbl verify results: good = 0, bad = 0, unused = 25
EVS Port1 1980-012-14:04:33.56344 66/1/MD 3: Recovered Dwell Table #2 is valid and has been copied to the MD App
EVS Port1 1980-012-14:04:33.56431 66/1/MD 52: MD Dwell Tbl verify results: good = 0, bad = 0, unused = 25
EVS Port1 1980-012-14:04:33.56814 66/1/MD 3: Recovered Dwell Table #3 is valid and has been copied to the MD App
EVS Port1 1980-012-14:04:33.57208 66/1/MD 52: MD Dwell Tbl verify results: good = 0, bad = 0, unused = 25
EVS Port1 1980-012-14:04:33.57383 66/1/MD 3: Recovered Dwell Table #4 is valid and has been copied to the MD App
EVS Port1 1980-012-14:04:33.57438 66/1/MD 7: Dwell Tables Recovered: 4, Dwell Tables Initialized: 0
EVS Port1 1980-012-14:04:33.57746 66/1/MD 1: MD Initialized.  Version 7.0.1.255
EVS Port1 1980-012-14:04:33.60382 66/1/CS 144: CS EEPROM Table verification results: good = 0, bad = 0, unused = 16
EVS Port1 1980-012-14:04:33.61013 66/1/CS 107: CS EEPROM Table: No valid entries in the table
EVS Port1 1980-012-14:04:33.61898 66/1/CS 143: CS Memory Table verification results: good = 0, bad = 0, unused = 16
EVS Port1 1980-012-14:04:33.62138 66/1/CS 107: CS Memory Table: No valid entries in the table
EVS Port1 1980-012-14:04:33.63240 66/1/CS 139: CS Tables Table verification results: good = 1, bad = 0, unused = 23
EVS Port1 1980-012-14:04:33.64384 66/1/CS 142: CS Apps Table verification results: good = 0, bad = 0, unused = 24
EVS Port1 1980-012-14:04:33.64884 66/1/CS 108: CS Apps Table: No valid entries in the table
EVS Port1 1980-012-14:04:33.64979 66/1/CS 127: OS Text Segment disabled due to platform
EVS Port1 1980-012-14:04:33.65031 66/1/CS 1: CS Initialized. Version 7.0.1.255
1980-012-14:04:33.69584 CFE_ES_Main: CFE_ES_Main entering APPS_INIT state
1980-012-14:04:33.69701 CFE_ES_Main: CFE_ES_Main entering OPERATIONAL state
EVS Port1 1980-012-14:04:33.73638 66/1/TO_LAB 19: L550 TO Lab subscribed to 32 messages from the table
EVS Port1 1980-012-14:04:33.00535 66/1/CFE_TIME 21: Stop FLYWHEEL
EVS Port1 1980-012-14:04:33.21162 66/1/CFE_ES 14: ErrExit Application AI_LEARNER Success.
..1980-012-14:04:49.82656 CFE_ES_RunExceptionScan: ExceptionID 0x1110004 in TaskID 0: Caught SIGINT
1980-012-14:04:49.82824 CFE_ES_RunExceptionScan: Maximum Processor Reset count reached (2)
CFE_PSP: Exiting cFE with POWERON Reset status.
CFE_PSP: Critical Data Store Shared memory segment removed
Reset Area Shared memory segment removed
User Reserved Area Shared memory segment removed

CFE_PSP: Shutdown initiated - Exiting cFE
CI delete callback -- Closing CI Network socket.
TO delete callback -- Closing TO Network socket.
EXIT=124
