OS_BSP_Initialize():Maximum user msg queue depth = 512
CFE_PSP: Default Reset SubType = 1
CFE_PSP: Default CPU ID = 1
CFE_PSP: Default Spacecraft ID = 66
CFE_PSP: Default CPU Name: cpu1
OS_Posix_GetSchedulerParams():208:Policy 1: available, min-max: 1-99
OS_Posix_GetSchedulerParams():208:Policy 2: available, min-max: 1-99
OS_Posix_TaskAPI_Impl_Init():401:Selected policy 2 for RT tasks, root task = 99
OS_Posix_TaskAPI_Impl_Init():419:Could not setschedparam in main thread: Operation not permitted (1)
CFE_PSP: initializing module 'soft_timebase' with ID 0110ff00
CFE_PSP: Instantiated software timebase 'cFS-Master' running at 10000 usec
CFE_PSP: initializing module 'timebase_posix_clock' with ID 0110ff01
CFE_PSP: Using POSIX monotonic clock as CFE timebase
CFE_PSP: initializing module 'eeprom_mmap_file' with ID 0110ff02
CFE_PSP: Using MMAP simulated EEPROM implementation
CFE_PSP: initializing module 'port_notimpl' with ID 0110ff03
CFE_PSP: I/O Port access not implemented
CFE_PSP: initializing module 'iodriver' with ID 0110ff04
CFE_PSP: EEPROM Range (2) created: Start Address = E23FA98AE000, Size = 00080000 Status = 0
CFE_PSP: initializing module 'linux_sysmon' with ID 0110ff05
CFE_PSP: initializing module 'endian_api' with ID 0110ff06
CFE_PSP: Host CPU Endian=LITTLE
CFE_PSP: initializing module 'ram_notimpl' with ID 0110ff07
CFE_PSP: Physical RAM access not implemented
CFE_PSP: Normal exit from previous cFE instance
CFE_PSP: Starting the cFE with a PROCESSOR reset.
1980-001-00:22:47.68884 CFE_ES_Main: CFE_ES_Main in EARLY_INIT state
1980-001-00:22:47.70530 CFE_ES_InitializeFileSystems: Volatile Disk has 100 Percent free space.
Number of addresses returned by backtrace = 1
CFE_PSP: CFE_PSP_AttachExceptions called
1980-001-00:22:47.72297 CFE_ES_Main: CFE_ES_Main entering CORE_STARTUP state
1980-001-00:22:47.72341 CFE_ES_CreateObjects: Starting Object Creation calls.
1980-001-00:22:47.72357 CFE_ES_CreateObjects: Calling EarlyInit for CFE_CONFIG
1980-001-00:22:47.72637 CFE_ES_CreateObjects: Calling EarlyInit for CFE_ES
1980-001-00:22:47.73036 CFE_ES_CreateObjects: Calling EarlyInit for CFE_EVS
1980-001-00:22:47.73254 CFE_EVS_EarlyInit: Event Log restored, n=0, c=20, f=1, m=1, o=47
1980-001-00:22:47.73277 CFE_ES_CreateObjects: Calling EarlyInit for CFE_FS
1980-001-00:22:47.73293 CFE_ES_CreateObjects: Calling EarlyInit for CFE_SB
1980-001-00:22:47.75132 CFE_ES_CreateObjects: Calling EarlyInit for CFE_TBL
1980-001-00:22:47.77425 CFE_ES_CreateObjects: Calling EarlyInit for CFE_TIME
EVS Port1 1980-012-14:03:33.95478 66/1/CFE_ES 1: cFE ES Initialized: CFE_ES v7.0.1+dev1 (Draco) DEV BUILD, based on v7.0.1, EDS disabled
EVS Port1 1980-012-14:03:33.96032 66/1/CFE_ES 2: cFS Versions: cfe v7.0.1+dev1, osal v7.0.1+dev1, psp v7.0.1+dev1. cFE chksm 25089
EVS Port1 1980-012-14:03:33.96208 66/1/CFE_ES 91: Version Info: Mission SampleMission, version git:v7.0.1-90-g78c23b0-dirty
EVS Port1 1980-012-14:03:33.96253 66/1/CFE_ES 91: Version Info: Module CORE_API, version git:2612eb0
EVS Port1 1980-012-14:03:33.96302 66/1/CFE_ES 91: Version Info: Module CONFIG, version git:2612eb0
EVS Port1 1980-012-14:03:33.96324 66/1/CFE_ES 91: Version Info: Module ES, version git:2612eb0
EVS Port1 1980-012-14:03:33.96348 66/1/CFE_ES 91: Version Info: Module EVS, version git:2612eb0
EVS Port1 1980-012-14:03:33.96458 66/1/CFE_ES 91: Version Info: Module FS, version git:2612eb0
EVS Port1 1980-012-14:03:33.96563 66/1/CFE_ES 91: Version Info: Module SB, version git:2612eb0
EVS Port1 1980-012-14:03:33.96693 66/1/CFE_ES 91: Version Info: Module TBL, version git:2612eb0
EVS Port1 1980-012-14:03:33.96810 66/1/CFE_ES 91: Version Info: Module TIME, version git:2612eb0
EVS Port1 1980-012-14:03:33.96839 66/1/CFE_ES 91: Version Info: Module OSAL, version git:8111e4a
EVS Port1 1980-012-14:03:33.96858 66/1/CFE_ES 91: Version Info: Module PSP, version git:d1da809
EVS Port1 1980-012-14:03:33.97003 66/1/CFE_ES 91: Version Info: Module MSG, version git:2612eb0
EVS Port1 1980-012-14:03:33.97160 66/1/CFE_ES 91: Version Info: Module SBR, version git:2612eb0
EVS Port1 1980-012-14:03:33.97204 66/1/CFE_ES 91: Version Info: Module RESOURCEID, version git:2612eb0
EVS Port1 1980-012-14:03:33.97232 66/1/CFE_ES 92: Build 202609080413 by root@vm, config aarch64
EVS Port1 1980-012-14:03:34.07728 66/1/CFE_EVS 1: cFE EVS Initialized: CFE_EVS v7.0.1+dev1 (Draco) DEV BUILD, based on v7.0.1, EDS disabled
1980-012-14:03:34.17921 CFE_SB_AppInit: Registered 4 events for filtering
EVS Port1 1980-012-14:03:34.18338 66/1/CFE_SB 1: cFE SB Initialized: CFE_SB v7.0.1+dev1 (Draco) DEV BUILD, based on v7.0.1, EDS disabled
EVS Port1 1980-012-14:03:34.18501 66/1/CFE_SB 14: No subscribers for MsgId 0x808,sender CFE_SB
EVS Port1 1980-012-14:03:34.28726 66/1/CFE_TBL 1: cFE TBL Initialized: CFE_TBL v7.0.1+dev1 (Draco) DEV BUILD, based on v7.0.1, EDS disabled
EVS Port1 1980-012-14:03:34.28898 66/1/CFE_SB 14: No subscribers for MsgId 0x808,sender CFE_TBL
EVS Port1 1980-012-14:03:34.40550 66/1/CFE_TIME 1: cFE TIME Initialized: CFE_TIME v7.0.1+dev1 (Draco) DEV BUILD, based on v7.0.1, EDS disabled
EVS Port1 1980-012-14:03:34.40608 66/1/CFE_SB 14: No subscribers for MsgId 0x808,sender CFE_TIME
1980-012-14:03:34.43997 CFE_ES_CreateObjects: Finished ES CreateObject table entries.
1980-012-14:03:34.44020 CFE_ES_Main: CFE_ES_Main entering CORE_READY state
OS_FileOpen_Impl():110:open(/dev/shm/osal:RAM/cfe_es_startup.scr): No such file or directory
1980-012-14:03:34.44845 CFE_ES_OpenStartupScript: Cannot Open Volatile Startup file: /ram/cfe_es_startup.scr, Trying Nonvolatile.
1980-012-14:03:34.44954 CFE_ES_OpenStartupScript: Opened ES App Startup file: /cf/cfe_es_startup.scr
1980-012-14:03:34.48626 CFE_ES_ParseFileEntry: Loading shared library: /cf/cfe_assert.so
1980-012-14:03:34.49951 [BEGIN] CFE FUNCTIONAL TEST
1980-012-14:03:34.50198 [BEGIN] 01 CFE-STARTUP
1980-012-14:03:34.52795 CFE_ES_ParseFileEntry: Loading shared library: /cf/sample_lib.so
SAMPLE Lib Initialized.Sample Lib v7.0.0+dev1 (Draco) DEV BUILD, based on v7.0.1, EDS disabled
1980-012-14:03:34.55863 CFE_ES_ParseFileEntry: Loading file: /cf/sch_lab.so, APP: SCH_LAB
1980-012-14:03:34.59426 CFE_ES_ParseFileEntry: Loading file: /cf/ci_lab.so, APP: CI_LAB
1980-012-14:03:34.64257 CFE_ES_ParseFileEntry: Loading file: /cf/to_lab.so, APP: TO_LAB
SCH Lab Initialized.SCH Lab v7.0.1+dev1 (Draco) DEV BUILD, based on v7.0.1, EDS disabled
1980-012-14:03:34.74321 CFE_ES_ParseFileEntry: Loading file: /cf/sample_app.so, APP: SAMPLE_APP
EVS Port1 1980-012-14:03:34.74539 66/1/TO_LAB 1: TO Lab Initialized.TO Lab v7.0.1+dev1 (Draco) DEV BUILD, based on v7.0.1, EDS disabled, Awaiting enable command.
EVS Port1 1980-012-14:03:34.75015 66/1/CFE_SB 14: No subscribers for MsgId 0x808,sender TO_LAB
EVS Port1 1980-012-14:03:34.83866 66/1/SAMPLE_APP 1: Sample App Initialized.Sample App v7.0.0+dev1 (Draco) DEV BUILD, based on v7.0.1, EDS disabled
1980-012-14:03:34.86330 CFE_ES_ParseFileEntry: Loading file: /cf/ai_learner.so, APP: AI_LEARNER
1980-012-14:03:34.88557 CI_LAB listening on UDP port: 1234
EVS Port1 1980-012-14:03:34.88760 66/1/CI_LAB 3: CI Lab Initialized.CI Lab App v7.0.1+dev1 (Draco) DEV BUILD, based on v7.0.1, EDS disabled
1980-012-14:03:34.93242 CFE_ES_ParseFileEntry: Loading file: /cf/lc.so, APP: LC
{"app":"AI_LEARNER","stage":"admission","verdict":"ADMIT","model":"mlp16k","target":"aarch64-unknown-linux-gnu","bounded":786476,"budget":1048576,"per_call":65580,"constants":720896,"kernel_stack_bytes":16,"bound_known":true}
1980-012-14:03:34.96132 CFE_ES_ParseFileEntry: Loading file: /cf/cf.so, APP: CF
EVS Port1 1980-012-14:03:35.02056 66/1/LC 56: WDT verify results: good = 0, bad = 0, unused = 176
EVS Port1 1980-012-14:03:35.03843 66/1/LC 66: ADT verify results: good = 0, bad = 0, unused = 176
EVS Port1 1980-012-14:03:35.04751 66/1/LC 23: LC use of Critical Data Store disabled, activity mask = 0x00991990
EVS Port1 1980-012-14:03:35.05262 66/1/LC 2: LC Initialized. Version 7.0.1.255
1980-012-14:03:35.05321 CFE_ES_ParseFileEntry: Loading file: /cf/ds.so, APP: DS
EVS Port1 1980-012-14:03:35.13520 66/1/CF 20: CF Initialized. Version 7.0.1.255
EVS Port1 1980-012-14:03:35.16230 66/1/DS 10: Destination file table verify results: good entries = 6, bad = 0, unused = 10
1980-012-14:03:35.16337 CFE_ES_ParseFileEntry: Loading file: /cf/fm.so, APP: FM
EVS Port1 1980-012-14:03:35.17752 66/1/DS 12: Filter table verify results: good entries = 14, bad = 0, unused = 242
EVS Port1 1980-012-14:03:35.19343 66/1/DS 1: Application initialized, version 7.0.1.255, data at 0xe23fa9120460
1980-012-14:03:35.23220 CFE_ES_ParseFileEntry: Loading file: /cf/hk.so, APP: HK
EVS Port1 1980-012-14:03:35.26329 66/1/FM 80: Free Space Table verify results: good entries = 3, bad = 0, unused = 5
EVS Port1 1980-012-14:03:35.28536 66/1/FM 1: Initialization complete: version 7.0.1.255
1980-012-14:03:35.31329 CFE_ES_ParseFileEntry: Loading file: /cf/hs.so, APP: HS
EVS Port1 1980-012-14:03:35.34117 66/1/HK 1: HK Initialized.  Version 7.0.1.255
EVS Port1 1980-012-14:03:35.33918 66/1/FM 72: Child Task initialization complete
{"app":"AI_LEARNER","stage":"binding","verdict":"MATCH","artifact_bytes":732795,"artifact_sha256":"a439de2130def66b","contract_sha256":"a439de2130def66b"}
1980-012-14:03:35.38614 CFE_ES_ParseFileEntry: Loading file: /cf/mm.so, APP: MM
EVS Port1 1980-012-14:03:35.42625 66/1/HS 54: ExeCount verify results: good = 5, bad = 0, unused = 27
EVS Port1 1980-012-14:03:35.43832 66/1/HS 50: AppMon verify results: good = 0, bad = 0, unused = 32
EVS Port1 1980-012-14:03:35.45343 66/1/HS 52: EventMon verify results: good = 0, bad = 0, unused = 16
EVS Port1 1980-012-14:03:35.47055 66/1/HS 56: MsgActs verify results: good = 2, bad = 0, unused = 6
EVS Port1 1980-012-14:03:35.47451 66/1/MM 1: MM Initialized. Version 7.0.1.255
1980-012-14:03:35.48357 CFE_ES_ParseFileEntry: Loading file: /cf/sc.so, APP: SC
1980-012-14:03:35.48653 HS_SysMonInit(): System Monitor using PSP device ID 0110ff05
CFE_PSP(Linux_SysMon): Started CPU utilization monitoring on 1 CPU(s)
EVS Port1 1980-012-14:03:35.52363 66/1/HS 1: HS Initialized.  Version 7.0.1.255
1980-012-14:03:35.56040 CFE_ES_ParseFileEntry: Loading file: /cf/md.so, APP: MD
EVS Port1 1980-012-14:03:35.62318 66/1/SC 21: RTS table files not loaded at initialization = 0 of 4
EVS Port1 1980-012-14:03:35.63346 66/1/SC 9: SC Initialized. Version 7.0.1.255
1980-012-14:03:35.65162 CFE_ES_ParseFileEntry: Loading file: /cf/cs.so, APP: CS
EVS Port1 1980-012-14:03:35.65065 66/1/MD 52: MD Dwell Tbl verify results: good = 0, bad = 0, unused = 25
EVS Port1 1980-012-14:03:35.66040 66/1/MD 3: Recovered Dwell Table #1 is valid and has been copied to the MD App
EVS Port1 1980-012-14:03:35.66700 66/1/MD 52: MD Dwell Tbl verify results: good = 0, bad = 0, unused = 25
EVS Port1 1980-012-14:03:35.67312 66/1/MD 3: Recovered Dwell Table #2 is valid and has been copied to the MD App
EVS Port1 1980-012-14:03:35.67637 66/1/MD 52: MD Dwell Tbl verify results: good = 0, bad = 0, unused = 25
EVS Port1 1980-012-14:03:35.68170 66/1/MD 3: Recovered Dwell Table #3 is valid and has been copied to the MD App
EVS Port1 1980-012-14:03:35.68721 66/1/MD 52: MD Dwell Tbl verify results: good = 0, bad = 0, unused = 25
EVS Port1 1980-012-14:03:35.69052 66/1/MD 3: Recovered Dwell Table #4 is valid and has been copied to the MD App
EVS Port1 1980-012-14:03:35.69621 66/1/MD 7: Dwell Tables Recovered: 4, Dwell Tables Initialized: 0
EVS Port1 1980-012-14:03:35.69889 66/1/MD 1: MD Initialized.  Version 7.0.1.255
{"app":"AI_LEARNER","stage":"stack","es_stack_size":262160,"stack_base_bytes":262144,"contract_kernel_stack_bytes":16,"kernel_stack_accounted":true}
EVS Port1 1980-012-14:03:35.71839 66/1/AI_LEARNER 8: AI_LEARNER stack: es=262160 base=262144 kernel=16 accounted=1
EVS Port1 1980-012-14:03:35.72102 66/1/AI_LEARNER 3: AI_LEARNER initialized: model mlp16k (732795 B), rss_delta_init=1452 KB
EVS Port1 1980-012-14:03:35.75660 66/1/CS 144: CS EEPROM Table verification results: good = 0, bad = 0, unused = 16
EVS Port1 1980-012-14:03:35.75927 66/1/CS 107: CS EEPROM Table: No valid entries in the table
EVS Port1 1980-012-14:03:35.76416 66/1/CS 143: CS Memory Table verification results: good = 0, bad = 0, unused = 16
EVS Port1 1980-012-14:03:35.76608 66/1/CS 107: CS Memory Table: No valid entries in the table
EVS Port1 1980-012-14:03:35.77056 66/1/CS 139: CS Tables Table verification results: good = 1, bad = 0, unused = 23
EVS Port1 1980-012-14:03:35.77549 66/1/CS 142: CS Apps Table verification results: good = 0, bad = 0, unused = 24
EVS Port1 1980-012-14:03:35.77641 66/1/CS 108: CS Apps Table: No valid entries in the table
EVS Port1 1980-012-14:03:35.77859 66/1/CS 127: OS Text Segment disabled due to platform
EVS Port1 1980-012-14:03:35.78155 66/1/CS 1: CS Initialized. Version 7.0.1.255
1980-012-14:03:35.79557 CFE_ES_Main: CFE_ES_Main entering APPS_INIT state
1980-012-14:03:35.79655 CFE_ES_Main: CFE_ES_Main entering OPERATIONAL state
EVS Port1 1980-012-14:03:35.83532 66/1/TO_LAB 19: L550 TO Lab subscribed to 32 messages from the table
EVS Port1 1980-012-14:03:35.00390 66/1/CFE_TIME 21: Stop FLYWHEEL
.EVS Port1 1980-012-14:03:44.00268 66/1/CFE_TIME 21: Stop FLYWHEEL
EVS Port1 1980-012-14:03:45.00015 66/1/CFE_TIME 20: Start FLYWHEEL
..EVS Port1 1980-012-14:03:54.69091 66/1/AI_LEARNER 4: AI_LEARNER completed=5/5 mean=13867.2us max=21111.2us hal_peak=786476 within_bounded=1
{"app":"AI_LEARNER","stage":"run","model":"mlp16k","target":"aarch64-unknown-linux-gnu","attempted":5,"completed":5,"fail_input":0,"fail_invoke":0,"fail_output":0,"mean_us":13867.21,"max_us":21111.17,"last_us":21111.17,"out0":1.41199,"out":[1.411992,1.098279]}
{"app":"AI_LEARNER","stage":"mem","model":"mlp16k","target":"aarch64-unknown-linux-gnu","completed":5,"hal_peak":786476,"peak_within_bounded":true,"hal_bytes_per_call_amortized":209730.4,"process_rss_kb":7460,"process_rss_delta_init_kb":1452}
...EVS Port1 1980-012-14:04:14.00259 66/1/CFE_TIME 21: Stop FLYWHEEL
{"app":"AI_LEARNER","stage":"run","model":"mlp16k","target":"aarch64-unknown-linux-gnu","attempted":10,"completed":10,"fail_input":0,"fail_invoke":0,"fail_output":0,"mean_us":12326.67,"max_us":21111.17,"last_us":9845.68,"out0":1.41199,"out":[1.411992,1.098279]}
EVS Port1 1980-012-14:04:14.66455 66/1/AI_LEARNER 4: AI_LEARNER completed=10/10 mean=12326.7us max=21111.2us hal_peak=786476 within_bounded=1
{"app":"AI_LEARNER","stage":"mem","model":"mlp16k","target":"aarch64-unknown-linux-gnu","completed":10,"hal_peak":786476,"peak_within_bounded":true,"hal_bytes_per_call_amortized":137637.2,"process_rss_kb":7460,"process_rss_delta_init_kb":1452}
EVS Port1 1980-012-14:04:14.99903 66/1/CFE_TIME 20: Start FLYWHEEL
...EVS Port1 1980-012-14:04:34.67446 66/1/AI_LEARNER 4: AI_LEARNER completed=15/15 mean=12182.6us max=21111.2us hal_peak=786476 within_bounded=1
{"app":"AI_LEARNER","stage":"run","model":"mlp16k","target":"aarch64-unknown-linux-gnu","attempted":15,"completed":15,"fail_input":0,"fail_invoke":0,"fail_output":0,"mean_us":12182.57,"max_us":21111.17,"last_us":14158.50,"out0":1.41199,"out":[1.411992,1.098279]}
{"app":"AI_LEARNER","stage":"mem","model":"mlp16k","target":"aarch64-unknown-linux-gnu","completed":15,"hal_peak":786476,"peak_within_bounded":true,"hal_bytes_per_call_amortized":113606.1,"process_rss_kb":7460,"process_rss_delta_init_kb":1452}
....{"app":"AI_LEARNER","stage":"run","model":"mlp16k","target":"aarch64-unknown-linux-gnu","attempted":20,"completed":20,"fail_input":0,"fail_invoke":0,"fail_output":0,"mean_us":11715.00,"max_us":21111.17,"last_us":11284.34,"out0":1.41199,"out":[1.411992,1.098279]}
EVS Port1 1980-012-14:04:54.66947 66/1/AI_LEARNER 4: AI_LEARNER completed=20/20 mean=11715.0us max=21111.2us hal_peak=786476 within_bounded=1
{"app":"AI_LEARNER","stage":"mem","model":"mlp16k","target":"aarch64-unknown-linux-gnu","completed":20,"hal_peak":786476,"peak_within_bounded":true,"hal_bytes_per_call_amortized":101590.6,"process_rss_kb":7460,"process_rss_delta_init_kb":1452}
.1980-012-14:05:01.64770 CFE_ES_RunExceptionScan: ExceptionID 0x1110001 in TaskID 0: Caught SIGINT
1980-012-14:05:01.65233 CFE_ES_RunExceptionScan: Processor Reset count not reached (1/2)
CFE_PSP: Exiting cFE with PROCESSOR Reset status.

CFE_PSP: Shutdown initiated - Exiting cFE
CI delete callback -- Closing CI Network socket.
TO delete callback -- Closing TO Network socket.
EXIT=124
