OS_BSP_Initialize():Maximum user msg queue depth = 512
CFE_PSP: Default Reset SubType = 1
CFE_PSP: Default CPU ID = 1
CFE_PSP: Default Spacecraft ID = 66
CFE_PSP: Default CPU Name: cpu1
OS_Posix_GetSchedulerParams():208:Policy 1: available, min-max: 1-99
OS_Posix_GetSchedulerParams():208:Policy 2: available, min-max: 1-99
OS_Posix_TaskAPI_Impl_Init():401:Selected policy 2 for RT tasks, root task = 99
OS_Posix_TaskAPI_Impl_Init():419:Could not setschedparam in main thread: Operation not permitted (1)
CFE_PSP: initializing module 'soft_timebase' with ID 0110ff00
CFE_PSP: Instantiated software timebase 'cFS-Master' running at 10000 usec
CFE_PSP: initializing module 'timebase_posix_clock' with ID 0110ff01
CFE_PSP: Using POSIX monotonic clock as CFE timebase
CFE_PSP: initializing module 'eeprom_mmap_file' with ID 0110ff02
CFE_PSP: Using MMAP simulated EEPROM implementation
CFE_PSP: initializing module 'port_notimpl' with ID 0110ff03
CFE_PSP: I/O Port access not implemented
CFE_PSP: initializing module 'iodriver' with ID 0110ff04
CFE_PSP: EEPROM Range (2) created: Start Address = EAA5A0C1E000, Size = 00080000 Status = 0
CFE_PSP: initializing module 'linux_sysmon' with ID 0110ff05
CFE_PSP: initializing module 'endian_api' with ID 0110ff06
CFE_PSP: Host CPU Endian=LITTLE
CFE_PSP: initializing module 'ram_notimpl' with ID 0110ff07
CFE_PSP: Physical RAM access not implemented
CFE_PSP: Starting the cFE with a POWER ON reset.
CFE_PSP: Clearing out CFE CDS Shared memory segment.
CFE_PSP: Clearing out CFE Reset Shared memory segment.
CFE_PSP: Clearing out CFE User Reserved Shared memory segment.
1980-001-03:45:28.65052 CFE_ES_SetupResetVariables: POWER ON RESET due to Power Cycle (Power Cycle).
1980-001-03:45:28.66062 CFE_ES_Main: CFE_ES_Main in EARLY_INIT state
Number of addresses returned by backtrace = 1
CFE_PSP: CFE_PSP_AttachExceptions called
1980-001-03:45:28.67990 CFE_ES_Main: CFE_ES_Main entering CORE_STARTUP state
1980-001-03:45:28.68124 CFE_ES_CreateObjects: Starting Object Creation calls.
1980-001-03:45:28.68234 CFE_ES_CreateObjects: Calling EarlyInit for CFE_CONFIG
1980-001-03:45:28.68478 CFE_ES_CreateObjects: Calling EarlyInit for CFE_ES
1980-001-03:45:28.68981 CFE_ES_CreateObjects: Calling EarlyInit for CFE_EVS
1980-001-03:45:28.69192 CFE_EVS_EarlyInit: Event Log cleared following power-on reset
1980-001-03:45:28.69237 CFE_ES_CreateObjects: Calling EarlyInit for CFE_FS
1980-001-03:45:28.69258 CFE_ES_CreateObjects: Calling EarlyInit for CFE_SB
1980-001-03:45:28.71037 CFE_ES_CreateObjects: Calling EarlyInit for CFE_TBL
1980-001-03:45:28.73229 CFE_ES_CreateObjects: Calling EarlyInit for CFE_TIME
EVS Port1 1980-012-14:03:20.07604 66/1/CFE_ES 1: cFE ES Initialized: CFE_ES v7.0.1+dev1 (Draco) DEV BUILD, based on v7.0.1, EDS disabled
EVS Port1 1980-012-14:03:20.08131 66/1/CFE_ES 2: cFS Versions: cfe v7.0.1+dev1, osal v7.0.1+dev1, psp v7.0.1+dev1. cFE chksm 31659
EVS Port1 1980-012-14:03:20.08195 66/1/CFE_ES 91: Version Info: Mission SampleMission, version git:v7.0.1-90-g78c23b0-dirty
EVS Port1 1980-012-14:03:20.08348 66/1/CFE_ES 91: Version Info: Module CORE_API, version git:2612eb0
EVS Port1 1980-012-14:03:20.08386 66/1/CFE_ES 91: Version Info: Module CONFIG, version git:2612eb0
EVS Port1 1980-012-14:03:20.08439 66/1/CFE_ES 91: Version Info: Module ES, version git:2612eb0
EVS Port1 1980-012-14:03:20.08633 66/1/CFE_ES 91: Version Info: Module EVS, version git:2612eb0
EVS Port1 1980-012-14:03:20.08668 66/1/CFE_ES 91: Version Info: Module FS, version git:2612eb0
EVS Port1 1980-012-14:03:20.08689 66/1/CFE_ES 91: Version Info: Module SB, version git:2612eb0
EVS Port1 1980-012-14:03:20.08799 66/1/CFE_ES 91: Version Info: Module TBL, version git:2612eb0
EVS Port1 1980-012-14:03:20.08848 66/1/CFE_ES 91: Version Info: Module TIME, version git:2612eb0
EVS Port1 1980-012-14:03:20.08879 66/1/CFE_ES 91: Version Info: Module OSAL, version git:8111e4a
EVS Port1 1980-012-14:03:20.08900 66/1/CFE_ES 91: Version Info: Module PSP, version git:d1da809
EVS Port1 1980-012-14:03:20.09005 66/1/CFE_ES 91: Version Info: Module MSG, version git:2612eb0
EVS Port1 1980-012-14:03:20.09117 66/1/CFE_ES 91: Version Info: Module SBR, version git:2612eb0
EVS Port1 1980-012-14:03:20.09252 66/1/CFE_ES 91: Version Info: Module RESOURCEID, version git:2612eb0
EVS Port1 1980-012-14:03:20.09295 66/1/CFE_ES 92: Build 202609140214 by root@vm, config aarch64
EVS Port1 1980-012-14:03:20.16354 66/1/CFE_EVS 1: cFE EVS Initialized: CFE_EVS v7.0.1+dev1 (Draco) DEV BUILD, based on v7.0.1, EDS disabled
1980-012-14:03:20.26780 CFE_SB_AppInit: Registered 4 events for filtering
EVS Port1 1980-012-14:03:20.27090 66/1/CFE_SB 1: cFE SB Initialized: CFE_SB v7.0.1+dev1 (Draco) DEV BUILD, based on v7.0.1, EDS disabled
EVS Port1 1980-012-14:03:20.27153 66/1/CFE_SB 14: No subscribers for MsgId 0x808,sender CFE_SB
EVS Port1 1980-012-14:03:20.37239 66/1/CFE_TBL 1: cFE TBL Initialized: CFE_TBL v7.0.1+dev1 (Draco) DEV BUILD, based on v7.0.1, EDS disabled
EVS Port1 1980-012-14:03:20.37306 66/1/CFE_SB 14: No subscribers for MsgId 0x808,sender CFE_TBL
EVS Port1 1980-012-14:03:20.48585 66/1/CFE_TIME 1: cFE TIME Initialized: CFE_TIME v7.0.1+dev1 (Draco) DEV BUILD, based on v7.0.1, EDS disabled
EVS Port1 1980-012-14:03:20.48643 66/1/CFE_SB 14: No subscribers for MsgId 0x808,sender CFE_TIME
1980-012-14:03:20.52291 CFE_ES_CreateObjects: Finished ES CreateObject table entries.
1980-012-14:03:20.52430 CFE_ES_Main: CFE_ES_Main entering CORE_READY state
1980-012-14:03:20.53008 CFE_ES_OpenStartupScript: Opened ES App Startup file: /cf/cfe_es_startup.scr
1980-012-14:03:20.56038 CFE_ES_ParseFileEntry: Loading shared library: /cf/cfe_assert.so
1980-012-14:03:20.57201 [BEGIN] CFE FUNCTIONAL TEST
1980-012-14:03:20.57278 [BEGIN] 01 CFE-STARTUP
1980-012-14:03:20.59673 CFE_ES_ParseFileEntry: Loading shared library: /cf/sample_lib.so
SAMPLE Lib Initialized.Sample Lib v7.0.0+dev1 (Draco) DEV BUILD, based on v7.0.1, EDS disabled
1980-012-14:03:20.62690 CFE_ES_ParseFileEntry: Loading file: /cf/sch_lab.so, APP: SCH_LAB
1980-012-14:03:20.66030 CFE_ES_ParseFileEntry: Loading file: /cf/ci_lab.so, APP: CI_LAB
1980-012-14:03:20.69868 CFE_ES_ParseFileEntry: Loading file: /cf/to_lab.so, APP: TO_LAB
SCH Lab Initialized.SCH Lab v7.0.1+dev1 (Draco) DEV BUILD, based on v7.0.1, EDS disabled
1980-012-14:03:20.78767 CFE_ES_ParseFileEntry: Loading file: /cf/sample_app.so, APP: SAMPLE_APP
EVS Port1 1980-012-14:03:20.78848 66/1/TO_LAB 1: TO Lab Initialized.TO Lab v7.0.1+dev1 (Draco) DEV BUILD, based on v7.0.1, EDS disabled, Awaiting enable command.
EVS Port1 1980-012-14:03:20.78886 66/1/CFE_SB 14: No subscribers for MsgId 0x808,sender TO_LAB
EVS Port1 1980-012-14:03:20.88575 66/1/SAMPLE_APP 1: Sample App Initialized.Sample App v7.0.0+dev1 (Draco) DEV BUILD, based on v7.0.1, EDS disabled
1980-012-14:03:20.90708 CFE_ES_ParseFileEntry: Loading file: /cf/ai_learner.so, APP: AI_LEARNER
1980-012-14:03:20.91267 CI_LAB listening on UDP port: 1234
EVS Port1 1980-012-14:03:20.91572 66/1/CI_LAB 3: CI Lab Initialized.CI Lab App v7.0.1+dev1 (Draco) DEV BUILD, based on v7.0.1, EDS disabled
1980-012-14:03:20.95153 CFE_ES_ParseFileEntry: Loading file: /cf/lc.so, APP: LC
1980-012-14:03:20.97967 CFE_ES_ParseFileEntry: Loading file: /cf/cf.so, APP: CF
{"app":"AI_LEARNER","stage":"build_config","model":"wgan","allow_conditional_map":0,"contract_bounded_bytes":135666432,"contract_per_call_bytes":131382784,"contract_const_bytes":4283648,"contract_bound_known":true,"contract_artifact_sha256":"e382429cbfbf580356379365fa67a8a2b01b47d58ec4e04b4a4c14165be2e102"}
{"app":"AI_LEARNER","stage":"stack","es_stack_size":263024,"stack_base_bytes":262144,"contract_kernel_stack_bytes":880,"kernel_stack_accounted":true}
EVS Port1 1980-012-14:03:21.00349 66/1/AI_LEARNER 8: AI_LEARNER stack: es=263024 base=262144 kernel=880 accounted=1
{"app":"AI_LEARNER","stage":"admission","verdict":"ADMIT","model":"wgan","target":"aarch64-unknown-linux-gnu","bounded":135666432,"budget":135666432,"budget_source":"override","per_call":131382784,"constants":4283648,"kernel_stack_bytes":880,"bound_known":true,"scope":"per_app_local_budget"}
{"app":"AI_LEARNER","stage":"blob_align","requested_offset":8,"state":"applied","module_ptr_mod64":8}
EVS Port1 1980-012-14:03:21.03507 66/1/LC 56: WDT verify results: good = 0, bad = 0, unused = 176
EVS Port1 1980-012-14:03:21.05009 66/1/LC 66: ADT verify results: good = 0, bad = 0, unused = 176
EVS Port1 1980-012-14:03:21.06181 66/1/LC 23: LC use of Critical Data Store disabled, activity mask = 0x00991990
1980-012-14:03:21.06376 CFE_ES_ParseFileEntry: Loading file: /cf/ds.so, APP: DS
EVS Port1 1980-012-14:03:21.06607 66/1/LC 2: LC Initialized. Version 7.0.1.255
EVS Port1 1980-012-14:03:21.12550 66/1/CF 20: CF Initialized. Version 7.0.1.255
1980-012-14:03:21.15003 CFE_ES_ParseFileEntry: Loading file: /cf/fm.so, APP: FM
EVS Port1 1980-012-14:03:21.17903 66/1/DS 10: Destination file table verify results: good entries = 6, bad = 0, unused = 10
EVS Port1 1980-012-14:03:21.19299 66/1/DS 12: Filter table verify results: good entries = 14, bad = 0, unused = 242
EVS Port1 1980-012-14:03:21.20870 66/1/DS 1: Application initialized, version 7.0.1.255, data at 0xeaa593bd0460
1980-012-14:03:21.23661 CFE_ES_ParseFileEntry: Loading file: /cf/hk.so, APP: HK
EVS Port1 1980-012-14:03:21.25892 66/1/FM 80: Free Space Table verify results: good entries = 3, bad = 0, unused = 5
EVS Port1 1980-012-14:03:21.27687 66/1/FM 1: Initialization complete: version 7.0.1.255
1980-012-14:03:21.31371 CFE_ES_ParseFileEntry: Loading file: /cf/hs.so, APP: HS
EVS Port1 1980-012-14:03:21.33273 66/1/FM 72: Child Task initialization complete
EVS Port1 1980-012-14:03:21.35946 66/1/HK 1: HK Initialized.  Version 7.0.1.255
1980-012-14:03:21.39398 CFE_ES_ParseFileEntry: Loading file: /cf/mm.so, APP: MM
EVS Port1 1980-012-14:03:21.44804 66/1/HS 54: ExeCount verify results: good = 5, bad = 0, unused = 27
EVS Port1 1980-012-14:03:21.46081 66/1/HS 50: AppMon verify results: good = 0, bad = 0, unused = 32
EVS Port1 1980-012-14:03:21.47688 66/1/HS 52: EventMon verify results: good = 0, bad = 0, unused = 16
EVS Port1 1980-012-14:03:21.48554 66/1/MM 1: MM Initialized. Version 7.0.1.255
EVS Port1 1980-012-14:03:21.49369 66/1/HS 56: MsgActs verify results: good = 2, bad = 0, unused = 6
1980-012-14:03:21.49456 CFE_ES_ParseFileEntry: Loading file: /cf/sc.so, APP: SC
1980-012-14:03:21.50197 HS_SysMonInit(): System Monitor using PSP device ID 0110ff05
CFE_PSP(Linux_SysMon): Started CPU utilization monitoring on 1 CPU(s)
EVS Port1 1980-012-14:03:21.53904 66/1/HS 1: HS Initialized.  Version 7.0.1.255
1980-012-14:03:21.57306 CFE_ES_ParseFileEntry: Loading file: /cf/md.so, APP: MD
EVS Port1 1980-012-14:03:21.64361 66/1/SC 21: RTS table files not loaded at initialization = 0 of 4
EVS Port1 1980-012-14:03:21.65502 66/1/SC 9: SC Initialized. Version 7.0.1.255
1980-012-14:03:21.66386 CFE_ES_ParseFileEntry: Loading file: /cf/cs.so, APP: CS
EVS Port1 1980-012-14:03:21.67701 66/1/MD 52: MD Dwell Tbl verify results: good = 0, bad = 0, unused = 25
EVS Port1 1980-012-14:03:21.69784 66/1/MD 52: MD Dwell Tbl verify results: good = 0, bad = 0, unused = 25
EVS Port1 1980-012-14:03:21.70904 66/1/MD 52: MD Dwell Tbl verify results: good = 0, bad = 0, unused = 25
EVS Port1 1980-012-14:03:21.71978 66/1/MD 52: MD Dwell Tbl verify results: good = 0, bad = 0, unused = 25
EVS Port1 1980-012-14:03:21.72393 66/1/MD 7: Dwell Tables Recovered: 0, Dwell Tables Initialized: 4
EVS Port1 1980-012-14:03:21.72848 66/1/MD 1: MD Initialized.  Version 7.0.1.255
EVS Port1 1980-012-14:03:21.77287 66/1/CS 144: CS EEPROM Table verification results: good = 0, bad = 0, unused = 16
EVS Port1 1980-012-14:03:21.77853 66/1/CS 107: CS EEPROM Table: No valid entries in the table
EVS Port1 1980-012-14:03:21.78854 66/1/CS 143: CS Memory Table verification results: good = 0, bad = 0, unused = 16
EVS Port1 1980-012-14:03:21.79003 66/1/CS 107: CS Memory Table: No valid entries in the table
EVS Port1 1980-012-14:03:21.79882 66/1/CS 139: CS Tables Table verification results: good = 1, bad = 0, unused = 23
EVS Port1 1980-012-14:03:21.80958 66/1/CS 142: CS Apps Table verification results: good = 0, bad = 0, unused = 24
EVS Port1 1980-012-14:03:21.81272 66/1/CS 108: CS Apps Table: No valid entries in the table
EVS Port1 1980-012-14:03:21.81605 66/1/CS 127: OS Text Segment disabled due to platform
EVS Port1 1980-012-14:03:21.81895 66/1/CS 1: CS Initialized. Version 7.0.1.255
{"app":"AI_LEARNER","stage":"binding","verdict":"MATCH","artifact_bytes":4321533,"artifact_sha256":"e382429cbfbf5803","contract_sha256":"e382429cbfbf5803"}
{"app":"AI_LEARNER","stage":"map_branch","model":"wgan","module_ptr_mod64":8,"hal_peak_after_append":4283648,"contract_const_bytes":4283648,"contract_per_call_bytes":131382784,"arm":"copy","admission_mode":"unconditional"}
{"app":"AI_LEARNER","stage":"mem_init","model":"wgan","target":"aarch64-unknown-linux-gnu","hal_peak":4885760,"hal_allocated":4885760,"bounded":135666432,"peak_within_bounded":true,"inferences_so_far":0,"process_rss_kb":16676,"rss_kb_before_runtime":10852,"rss_kb_after_session":11140,"rss_kb_after_init":16676}
1980-012-14:03:22.73352 CFE_ES_Main: Startup Sync failed - Applications may not have all initialized
1980-012-14:03:22.73757 CFE_ES_Main: CFE_ES_Main entering APPS_INIT state
EVS Port1 1980-012-14:03:23.01426 66/1/CFE_TIME 21: Stop FLYWHEEL
1980-012-14:03:23.76926 CFE_ES_Main: Startup Sync failed - Applications may not have all started
1980-012-14:03:23.76953 CFE_ES_Main: CFE_ES_Main entering OPERATIONAL state
EVS Port1 1980-012-14:03:23.78129 66/1/TO_LAB 19: L550 TO Lab subscribed to 32 messages from the table
.............EVS Port1 1980-012-14:04:44.00590 66/1/CFE_TIME 21: Stop FLYWHEEL
EVS Port1 1980-012-14:04:45.00024 66/1/CFE_TIME 20: Start FLYWHEEL
...........EVS Port1 1980-012-14:05:49.22335 66/1/HS 61: CPU Hogging Detected
1980-012-14:05:49.22794 HS App: CPU Hogging Detected
..................................EVS Port1 1980-012-14:09:13.00801 66/1/CFE_TIME 21: Stop FLYWHEEL
EVS Port1 1980-012-14:09:13.99829 66/1/CFE_TIME 20: Start FLYWHEEL
EVS Port1 1980-012-14:09:17.00431 66/1/CFE_TIME 21: Stop FLYWHEEL
EVS Port1 1980-012-14:09:17.99806 66/1/CFE_TIME 20: Start FLYWHEEL
.............................................EVS Port1 1980-012-14:13:44.00831 66/1/CFE_TIME 21: Stop FLYWHEEL
EVS Port1 1980-012-14:13:44.99819 66/1/CFE_TIME 20: Start FLYWHEEL
..................................EVS Port1 1980-012-14:17:13.00610 66/1/CFE_TIME 21: Stop FLYWHEEL
.EVS Port1 1980-012-14:17:13.99809 66/1/CFE_TIME 20: Start FLYWHEEL
....EVS Port1 1980-012-14:17:43.01051 66/1/CFE_TIME 21: Stop FLYWHEEL
.EVS Port1 1980-012-14:17:43.99983 66/1/CFE_TIME 20: Start FLYWHEEL
.EVS Port1 1980-012-14:17:54.01098 66/1/CFE_TIME 21: Stop FLYWHEEL
EVS Port1 1980-012-14:17:55.00003 66/1/CFE_TIME 20: Start FLYWHEEL
...EVS Port1 1980-012-14:18:13.00515 66/1/CFE_TIME 21: Stop FLYWHEEL
.EVS Port1 1980-012-14:18:13.99903 66/1/CFE_TIME 20: Start FLYWHEEL
..........................EVS Port1 1980-012-14:20:49.99940 66/1/CFE_TIME 20: Start FLYWHEEL
EVS Port1 1980-012-14:20:50.00971 66/1/CFE_TIME 21: Stop FLYWHEEL
............................EVS Port1 1980-012-14:23:43.00602 66/1/CFE_TIME 21: Stop FLYWHEEL
.EVS Port1 1980-012-14:23:43.99810 66/1/CFE_TIME 20: Start FLYWHEEL
........................EVS Port1 1980-012-14:26:13.00419 66/1/CFE_TIME 21: Stop FLYWHEEL
EVS Port1 1980-012-14:26:13.99786 66/1/CFE_TIME 20: Start FLYWHEEL
.....EVS Port1 1980-012-14:26:43.00570 66/1/CFE_TIME 21: Stop FLYWHEEL
EVS Port1 1980-012-14:26:43.99769 66/1/CFE_TIME 20: Start FLYWHEEL
.....{"app":"AI_LEARNER","stage":"e25_equivalence","inputs":1,"completed":1,"model":"wgan","target":"aarch64-unknown-linux-gnu","artifact_sha256":"e382429cbfbf5803..."}
EVS Port1 1980-012-14:27:13.04412 66/1/AI_LEARNER 4: AI_LEARNER: E25 equivalence 1/1 inferences written
{"app":"AI_LEARNER","stage":"e25_mode","active":true,"inputs_path":"/cf/e25_inputs.bin"}
EVS Port1 1980-012-14:27:13.04895 66/1/AI_LEARNER 3: AI_LEARNER initialized: model wgan (4321533 B), rss_delta_init=5824 KB
....EVS Port1 1980-012-14:27:33.64810 66/1/CFE_SB 17: Msg Limit Err,MsgId 0x800,pipe AI_LEARNER_PIPE,sender CFE_ES
EVS Port1 1980-012-14:27:37.63934 66/1/CFE_SB 17: Msg Limit Err,MsgId 0x800,pipe AI_LEARNER_PIPE,sender CFE_ES
.EVS Port1 1980-012-14:27:41.64071 66/1/CFE_SB 17: Msg Limit Err,MsgId 0x800,pipe AI_LEARNER_PIPE,sender CFE_ES
.EVS Port1 1980-012-14:27:45.64677 66/1/CFE_SB 17: Msg Limit Err,MsgId 0x800,pipe AI_LEARNER_PIPE,sender CFE_ES
EVS Port1 1980-012-14:27:49.64129 66/1/CFE_SB 17: Msg Limit Err,MsgId 0x800,pipe AI_LEARNER_PIPE,sender CFE_ES
.EVS Port1 1980-012-14:27:53.68714 66/1/CFE_SB 17: Msg Limit Err,MsgId 0x800,pipe AI_LEARNER_PIPE,sender CFE_ES
.EVS Port1 1980-012-14:27:57.66604 66/1/CFE_SB 17: Msg Limit Err,MsgId 0x800,pipe AI_LEARNER_PIPE,sender CFE_ES
EVS Port1 1980-012-14:28:01.64491 66/1/CFE_SB 17: Msg Limit Err,MsgId 0x800,pipe AI_LEARNER_PIPE,sender CFE_ES
.EVS Port1 1980-012-14:28:05.64828 66/1/CFE_SB 17: Msg Limit Err,MsgId 0x800,pipe AI_LEARNER_PIPE,sender CFE_ES
.EVS Port1 1980-012-14:28:09.64179 66/1/CFE_SB 17: Msg Limit Err,MsgId 0x800,pipe AI_LEARNER_PIPE,sender CFE_ES
EVS Port1 1980-012-14:28:13.64996 66/1/CFE_SB 17: Msg Limit Err,MsgId 0x800,pipe AI_LEARNER_PIPE,sender CFE_ES
.EVS Port1 1980-012-14:28:17.64328 66/1/CFE_SB 17: Msg Limit Err,MsgId 0x800,pipe AI_LEARNER_PIPE,sender CFE_ES
.EVS Port1 1980-012-14:28:21.65678 66/1/CFE_SB 17: Msg Limit Err,MsgId 0x800,pipe AI_LEARNER_PIPE,sender CFE_ES
EVS Port1 1980-012-14:28:25.64866 66/1/CFE_SB 17: Msg Limit Err,MsgId 0x800,pipe AI_LEARNER_PIPE,sender CFE_ES
.EVS Port1 1980-012-14:28:29.64486 66/1/CFE_SB 17: Msg Limit Err,MsgId 0x800,pipe AI_LEARNER_PIPE,sender CFE_ES
.EVS Port1 1980-012-14:28:33.65345 66/1/CFE_SB 17: Msg Limit Err,MsgId 0x800,pipe AI_LEARNER_PIPE,sender CFE_ES
....................................EVS Port1 1980-012-14:32:13.00517 66/1/CFE_TIME 21: Stop FLYWHEEL
EVS Port1 1980-012-14:32:13.99893 66/1/CFE_TIME 20: Start FLYWHEEL
..........EVS Port1 1980-012-14:33:13.00408 66/1/CFE_TIME 21: Stop FLYWHEEL
EVS Port1 1980-012-14:33:13.99929 66/1/CFE_TIME 20: Start FLYWHEEL
..EVS Port1 1980-012-14:33:23.02313 66/1/CFE_TIME 21: Stop FLYWHEEL
EVS Port1 1980-012-14:33:23.99800 66/1/CFE_TIME 20: Start FLYWHEEL
........EVS Port1 1980-012-14:34:13.00500 66/1/CFE_TIME 21: Stop FLYWHEEL
EVS Port1 1980-012-14:34:13.99908 66/1/CFE_TIME 20: Start FLYWHEEL
.....EVS Port1 1980-012-14:34:43.00416 66/1/CFE_TIME 21: Stop FLYWHEEL
EVS Port1 1980-012-14:34:44.00358 66/1/CFE_TIME 20: Start FLYWHEEL
....................EVS Port1 1980-012-14:36:43.00804 66/1/CFE_TIME 21: Stop FLYWHEEL
EVS Port1 1980-012-14:36:43.99697 66/1/CFE_TIME 20: Start FLYWHEEL
.............................................EVS Port1 1980-012-14:41:13.01583 66/1/CFE_TIME 21: Stop FLYWHEEL
EVS Port1 1980-012-14:41:13.99530 66/1/CFE_TIME 20: Start FLYWHEEL
.....EVS Port1 1980-012-14:41:43.00497 66/1/CFE_TIME 21: Stop FLYWHEEL
EVS Port1 1980-012-14:41:43.99897 66/1/CFE_TIME 20: Start FLYWHEEL
..........EVS Port1 1980-012-14:42:43.00811 66/1/CFE_TIME 21: Stop FLYWHEEL
EVS Port1 1980-012-14:42:43.99653 66/1/CFE_TIME 20: Start FLYWHEEL
....EVS Port1 1980-012-14:43:08.02813 66/1/CFE_TIME 21: Stop FLYWHEEL
EVS Port1 1980-012-14:43:08.98710 66/1/CFE_TIME 20: Start FLYWHEEL
......EVS Port1 1980-012-14:43:42.00605 66/1/CFE_TIME 21: Stop FLYWHEEL
EVS Port1 1980-012-14:43:42.99911 66/1/CFE_TIME 20: Start FLYWHEEL
.....EVS Port1 1980-012-14:44:14.00418 66/1/CFE_TIME 21: Stop FLYWHEEL
EVS Port1 1980-012-14:44:14.99937 66/1/CFE_TIME 20: Start FLYWHEEL
........EVS Port1 1980-012-14:45:00.00869 66/1/CFE_TIME 21: Stop FLYWHEEL
EVS Port1 1980-012-14:45:00.99543 66/1/CFE_TIME 20: Start FLYWHEEL
.......EVS Port1 1980-012-14:45:43.00743 66/1/CFE_TIME 21: Stop FLYWHEEL
EVS Port1 1980-012-14:45:43.99412 66/1/CFE_TIME 20: Start FLYWHEEL
.....EVS Port1 1980-012-14:46:13.00816 66/1/CFE_TIME 21: Stop FLYWHEEL
EVS Port1 1980-012-14:46:13.99893 66/1/CFE_TIME 20: Start FLYWHEEL
..................EVS Port1 1980-012-14:48:00.00498 66/1/CFE_TIME 21: Stop FLYWHEEL
EVS Port1 1980-012-14:48:00.99778 66/1/CFE_TIME 20: Start FLYWHEEL
............................EVS Port1 1980-012-14:50:51.00646 66/1/CFE_TIME 21: Stop FLYWHEEL
EVS Port1 1980-012-14:50:51.99737 66/1/CFE_TIME 20: Start FLYWHEEL
.........EVS Port1 1980-012-14:51:42.00817 66/1/CFE_TIME 21: Stop FLYWHEEL
EVS Port1 1980-012-14:51:42.99383 66/1/CFE_TIME 20: Start FLYWHEEL
.EVS Port1 1980-012-14:51:47.35998 66/1/AI_LEARNER 4: AI_LEARNER completed=1/1 mean=1473724831.8us max=1473724831.8us hal_peak=135666432 within_bounded=1
{"app":"AI_LEARNER","stage":"run","model":"wgan","target":"aarch64-unknown-linux-gnu","attempted":1,"completed":1,"fail_input":0,"fail_invoke":0,"fail_output":0,"mean_us":1473724831.78,"max_us":1473724831.78,"last_us":1473724831.78,"out0":-0.04231,"out_elems":150528,"out_sha256":"8013a509272db674ab8c3afc9f10bb094e13335b4a4a3f9fbc29036f2d57b810","out_head":[-0.042312,0.048241,0.281001,0.151537,0.015720,-0.020226],"out_tail":[-0.023806,-0.002283,0.024540,0.030610,0.071837,0.146624],"out_full_file":"/cf/last_out.json","out_full_file_bytes":1454982,"out_full_file_reason":"ok","out_record_truncates":false}
{"app":"AI_LEARNER","stage":"mem","model":"wgan","target":"aarch64-unknown-linux-gnu","completed":1,"hal_peak":135666432,"peak_within_bounded":true,"admitted_budget_bytes":135666432,"peak_within_admitted_budget":true,"admission_mode":"unconditional","hal_bytes_per_call_amortized":266447104.0,"process_rss_kb":21672,"process_rss_delta_init_kb":5824,"max_active_calls":1,"active_calls_now":0,"call_counter_balanced":true}
....EVS Port1 1980-012-14:52:12.00852 66/1/CFE_TIME 21: Stop FLYWHEEL
EVS Port1 1980-012-14:52:12.99961 66/1/CFE_TIME 20: Start FLYWHEEL
.........................EVS Port1 1980-012-14:54:42.00514 66/1/CFE_TIME 21: Stop FLYWHEEL
EVS Port1 1980-012-14:54:42.99980 66/1/CFE_TIME 20: Start FLYWHEEL
...............EVS Port1 1980-012-14:56:12.00994 66/1/CFE_TIME 21: Stop FLYWHEEL
EVS Port1 1980-012-14:56:12.99565 66/1/CFE_TIME 20: Start FLYWHEEL
...............EVS Port1 1980-012-14:57:42.00988 66/1/CFE_TIME 21: Stop FLYWHEEL
EVS Port1 1980-012-14:57:42.99920 66/1/CFE_TIME 20: Start FLYWHEEL
..........EVS Port1 1980-012-14:58:42.00379 66/1/CFE_TIME 21: Stop FLYWHEEL
EVS Port1 1980-012-14:58:43.00294 66/1/CFE_TIME 20: Start FLYWHEEL
...EVS Port1 1980-012-14:59:03.00788 66/1/CFE_TIME 21: Stop FLYWHEEL
EVS Port1 1980-012-14:59:03.99754 66/1/CFE_TIME 20: Start FLYWHEEL
............EVS Port1 1980-012-15:00:12.00625 66/1/CFE_TIME 21: Stop FLYWHEEL
EVS Port1 1980-012-15:00:12.99804 66/1/CFE_TIME 20: Start FLYWHEEL
.............EVS Port1 1980-012-15:01:30.00691 66/1/CFE_TIME 21: Stop FLYWHEEL
EVS Port1 1980-012-15:01:30.99501 66/1/CFE_TIME 20: Start FLYWHEEL
..EVS Port1 1980-012-15:01:42.00625 66/1/CFE_TIME 21: Stop FLYWHEEL
EVS Port1 1980-012-15:01:42.99208 66/1/CFE_TIME 20: Start FLYWHEEL
.....EVS Port1 1980-012-15:02:11.00569 66/1/CFE_TIME 21: Stop FLYWHEEL
EVS Port1 1980-012-15:02:11.99851 66/1/CFE_TIME 20: Start FLYWHEEL
..EVS Port1 1980-012-15:02:26.00892 66/1/CFE_TIME 21: Stop FLYWHEEL
EVS Port1 1980-012-15:02:26.99812 66/1/CFE_TIME 20: Start FLYWHEEL
..................EVS Port1 1980-012-15:04:11.00791 66/1/CFE_TIME 21: Stop FLYWHEEL
EVS Port1 1980-012-15:04:12.00192 66/1/CFE_TIME 20: Start FLYWHEEL
..........EVS Port1 1980-012-15:05:11.00540 66/1/CFE_TIME 21: Stop FLYWHEEL
EVS Port1 1980-012-15:05:11.99740 66/1/CFE_TIME 20: Start FLYWHEEL
..........EVS Port1 1980-012-15:06:11.00839 66/1/CFE_TIME 21: Stop FLYWHEEL
EVS Port1 1980-012-15:06:11.99644 66/1/CFE_TIME 20: Start FLYWHEEL
...............EVS Port1 1980-012-15:07:40.00801 66/1/CFE_TIME 21: Stop FLYWHEEL
EVS Port1 1980-012-15:07:41.00016 66/1/CFE_TIME 20: Start FLYWHEEL
..........EVS Port1 1980-012-15:08:40.00733 66/1/CFE_TIME 21: Stop FLYWHEEL
EVS Port1 1980-012-15:08:40.99957 66/1/CFE_TIME 20: Start FLYWHEEL
..........EVS Port1 1980-012-15:09:40.00534 66/1/CFE_TIME 21: Stop FLYWHEEL
EVS Port1 1980-012-15:09:41.00703 66/1/CFE_TIME 20: Start FLYWHEEL
.......................................EVS Port1 1980-012-15:13:40.00503 66/1/CFE_TIME 21: Stop FLYWHEEL
.EVS Port1 1980-012-15:13:40.99679 66/1/CFE_TIME 20: Start FLYWHEEL
.........EVS Port1 1980-012-15:14:40.00526 66/1/CFE_TIME 21: Stop FLYWHEEL
.EVS Port1 1980-012-15:14:41.00097 66/1/CFE_TIME 20: Start FLYWHEEL
.EVS Port1 1980-012-15:14:49.00614 66/1/CFE_TIME 21: Stop FLYWHEEL
EVS Port1 1980-012-15:14:49.99485 66/1/CFE_TIME 20: Start FLYWHEEL
...EVS Port1 1980-012-15:15:07.00387 66/1/CFE_TIME 21: Stop FLYWHEEL
EVS Port1 1980-012-15:15:08.02101 66/1/CFE_TIME 20: Start FLYWHEEL
EVS Port1 1980-012-15:15:09.00689 66/1/CFE_TIME 21: Stop FLYWHEEL
EVS Port1 1980-012-15:15:09.99801 66/1/CFE_TIME 20: Start FLYWHEEL
.....EVS Port1 1980-012-15:15:39.00401 66/1/CFE_TIME 21: Stop FLYWHEEL
EVS Port1 1980-012-15:15:39.99722 66/1/CFE_TIME 20: Start FLYWHEEL
.....EVS Port1 1980-012-15:16:08.00219 66/1/CFE_TIME 20: Start FLYWHEEL
EVS Port1 1980-012-15:16:08.00993 66/1/CFE_TIME 21: Stop FLYWHEEL
...EVS Port1 1980-012-15:16:22.89811 66/1/AI_LEARNER 4: AI_LEARNER completed=2/2 mean=1475628800.1us max=1477532768.5us hal_peak=135666432 within_bounded=1
{"app":"AI_LEARNER","stage":"run","model":"wgan","target":"aarch64-unknown-linux-gnu","attempted":2,"completed":2,"fail_input":0,"fail_invoke":0,"fail_output":0,"mean_us":1475628800.13,"max_us":1477532768.48,"last_us":1477532768.48,"out0":-0.04231,"out_elems":150528,"out_sha256":"8013a509272db674ab8c3afc9f10bb094e13335b4a4a3f9fbc29036f2d57b810","out_head":[-0.042312,0.048241,0.281001,0.151537,0.015720,-0.020226],"out_tail":[-0.023806,-0.002283,0.024540,0.030610,0.071837,0.146624],"out_full_file":"/cf/last_out.json","out_full_file_bytes":1454982,"out_full_file_reason":"ok","out_record_truncates":false}
{"app":"AI_LEARNER","stage":"mem","model":"wgan","target":"aarch64-unknown-linux-gnu","completed":2,"hal_peak":135666432,"peak_within_bounded":true,"admitted_budget_bytes":135666432,"peak_within_admitted_budget":true,"admission_mode":"unconditional","hal_bytes_per_call_amortized":198613888.0,"process_rss_kb":21672,"process_rss_delta_init_kb":5824,"max_active_calls":1,"active_calls_now":0,"call_counter_balanced":true}
..EVS Port1 1980-012-15:16:39.00346 66/1/CFE_TIME 21: Stop FLYWHEEL
EVS Port1 1980-012-15:16:40.00123 66/1/CFE_TIME 20: Start FLYWHEEL
.....EVS Port1 1980-012-15:17:09.00468 66/1/CFE_TIME 21: Stop FLYWHEEL
EVS Port1 1980-012-15:17:10.00094 66/1/CFE_TIME 20: Start FLYWHEEL
..............................EVS Port1 1980-012-15:20:08.00761 66/1/CFE_TIME 21: Stop FLYWHEEL
EVS Port1 1980-012-15:20:08.99148 66/1/CFE_TIME 20: Start FLYWHEEL
...............EVS Port1 1980-012-15:21:39.00646 66/1/CFE_TIME 21: Stop FLYWHEEL
EVS Port1 1980-012-15:21:39.99382 66/1/CFE_TIME 20: Start FLYWHEEL
..........EVS Port1 1980-012-15:22:39.00605 66/1/CFE_TIME 21: Stop FLYWHEEL
EVS Port1 1980-012-15:22:39.99998 66/1/CFE_TIME 20: Start FLYWHEEL
...EVS Port1 1980-012-15:22:59.01713 66/1/CFE_TIME 21: Stop FLYWHEEL
.EVS Port1 1980-012-15:23:00.00315 66/1/CFE_TIME 20: Start FLYWHEEL
.EVS Port1 1980-012-15:23:09.05921 66/1/CFE_TIME 20: Start FLYWHEEL
EVS Port1 1980-012-15:23:09.00634 66/1/CFE_TIME 21: Stop FLYWHEEL
....EVS Port1 1980-012-15:23:30.04620 66/1/CFE_TIME 20: Start FLYWHEEL
EVS Port1 1980-012-15:23:30.00637 66/1/CFE_TIME 21: Stop FLYWHEEL
................EVS Port1 1980-012-15:25:09.00590 66/1/CFE_TIME 21: Stop FLYWHEEL
EVS Port1 1980-012-15:25:09.99603 66/1/CFE_TIME 20: Start FLYWHEEL
.....EVS Port1 1980-012-15:25:39.01138 66/1/CFE_TIME 21: Stop FLYWHEEL
EVS Port1 1980-012-15:25:39.99914 66/1/CFE_TIME 20: Start FLYWHEEL
....................EVS Port1 1980-012-15:27:39.00704 66/1/CFE_TIME 21: Stop FLYWHEEL
EVS Port1 1980-012-15:27:39.99787 66/1/CFE_TIME 20: Start FLYWHEEL
.....EVS Port1 1980-012-15:28:09.00469 66/1/CFE_TIME 21: Stop FLYWHEEL
EVS Port1 1980-012-15:28:09.99749 66/1/CFE_TIME 20: Start FLYWHEEL
.....EVS Port1 1980-012-15:28:39.00730 66/1/CFE_TIME 21: Stop FLYWHEEL
EVS Port1 1980-012-15:28:39.99781 66/1/CFE_TIME 20: Start FLYWHEEL
...............EVS Port1 1980-012-15:30:09.00706 66/1/CFE_TIME 21: Stop FLYWHEEL
EVS Port1 1980-012-15:30:09.99378 66/1/CFE_TIME 20: Start FLYWHEEL
...................EVS Port1 1980-012-15:32:01.24417 66/1/CFE_TIME 20: Start FLYWHEEL
EVS Port1 1980-012-15:32:01.04794 66/1/CFE_TIME 21: Stop FLYWHEEL
.EVS Port1 1980-012-15:32:08.01547 66/1/CFE_TIME 21: Stop FLYWHEEL
EVS Port1 1980-012-15:32:08.98960 66/1/CFE_TIME 20: Start FLYWHEEL
.....EVS Port1 1980-012-15:32:38.00541 66/1/CFE_TIME 21: Stop FLYWHEEL
EVS Port1 1980-012-15:32:38.99882 66/1/CFE_TIME 20: Start FLYWHEEL
......1980-012-15:33:13.08842 CFE_ES_RunExceptionScan: ExceptionID 0x1110000 in TaskID 0: Caught SIGINT
1980-012-15:33:13.09713 CFE_ES_RunExceptionScan: Processor Reset count not reached (0/2)
CFE_PSP: Exiting cFE with PROCESSOR Reset status.

CFE_PSP: Shutdown initiated - Exiting cFE
CI delete callback -- Closing CI Network socket.
TO delete callback -- Closing TO Network socket.
..EXIT=137
