OS_BSP_Initialize():Maximum user msg queue depth = 512
CFE_PSP: Default Reset SubType = 1
CFE_PSP: Default CPU ID = 1
CFE_PSP: Default Spacecraft ID = 66
CFE_PSP: Default CPU Name: cpu1
OS_Posix_GetSchedulerParams():208:Policy 1: available, min-max: 1-99
OS_Posix_GetSchedulerParams():208:Policy 2: available, min-max: 1-99
OS_Posix_TaskAPI_Impl_Init():401:Selected policy 2 for RT tasks, root task = 99
OS_Posix_TaskAPI_Impl_Init():419:Could not setschedparam in main thread: Operation not permitted (1)
CFE_PSP: initializing module 'soft_timebase' with ID 0110ff00
CFE_PSP: Instantiated software timebase 'cFS-Master' running at 10000 usec
CFE_PSP: initializing module 'timebase_posix_clock' with ID 0110ff01
CFE_PSP: Using POSIX monotonic clock as CFE timebase
CFE_PSP: initializing module 'eeprom_mmap_file' with ID 0110ff02
CFE_PSP: Using MMAP simulated EEPROM implementation
CFE_PSP: initializing module 'port_notimpl' with ID 0110ff03
CFE_PSP: I/O Port access not implemented
CFE_PSP: initializing module 'iodriver' with ID 0110ff04
CFE_PSP: EEPROM Range (2) created: Start Address = EC0B5131E000, Size = 00080000 Status = 0
CFE_PSP: initializing module 'linux_sysmon' with ID 0110ff05
CFE_PSP: initializing module 'endian_api' with ID 0110ff06
CFE_PSP: Host CPU Endian=LITTLE
CFE_PSP: initializing module 'ram_notimpl' with ID 0110ff07
CFE_PSP: Physical RAM access not implemented
CFE_PSP: Normal exit from previous cFE instance
CFE_PSP: Starting the cFE with a PROCESSOR reset.
1980-001-08:10:57.57869 CFE_ES_Main: CFE_ES_Main in EARLY_INIT state
1980-001-08:10:57.59189 CFE_ES_InitializeFileSystems: Volatile Disk has 100 Percent free space.
Number of addresses returned by backtrace = 1
CFE_PSP: CFE_PSP_AttachExceptions called
1980-001-08:10:57.61527 CFE_ES_Main: CFE_ES_Main entering CORE_STARTUP state
1980-001-08:10:57.61559 CFE_ES_CreateObjects: Starting Object Creation calls.
1980-001-08:10:57.61571 CFE_ES_CreateObjects: Calling EarlyInit for CFE_CONFIG
1980-001-08:10:57.61829 CFE_ES_CreateObjects: Calling EarlyInit for CFE_ES
1980-001-08:10:57.62362 CFE_ES_CreateObjects: Calling EarlyInit for CFE_EVS
1980-001-08:10:57.62669 CFE_EVS_EarlyInit: Event Log restored, n=0, c=20, f=1, m=1, o=342
1980-001-08:10:57.62695 CFE_ES_CreateObjects: Calling EarlyInit for CFE_FS
1980-001-08:10:57.62709 CFE_ES_CreateObjects: Calling EarlyInit for CFE_SB
1980-001-08:10:57.64559 CFE_ES_CreateObjects: Calling EarlyInit for CFE_TBL
1980-001-08:10:57.66879 CFE_ES_CreateObjects: Calling EarlyInit for CFE_TIME
EVS Port1 1980-012-14:13:02.39819 66/1/CFE_ES 1: cFE ES Initialized: CFE_ES v7.0.1+dev1 (Draco) DEV BUILD, based on v7.0.1, EDS disabled
EVS Port1 1980-012-14:13:02.40290 66/1/CFE_ES 2: cFS Versions: cfe v7.0.1+dev1, osal v7.0.1+dev1, psp v7.0.1+dev1. cFE chksm 31659
EVS Port1 1980-012-14:13:02.40469 66/1/CFE_ES 91: Version Info: Mission SampleMission, version git:v7.0.1-90-g78c23b0-dirty
EVS Port1 1980-012-14:13:02.40531 66/1/CFE_ES 91: Version Info: Module CORE_API, version git:2612eb0
EVS Port1 1980-012-14:13:02.40704 66/1/CFE_ES 91: Version Info: Module CONFIG, version git:2612eb0
EVS Port1 1980-012-14:13:02.40731 66/1/CFE_ES 91: Version Info: Module ES, version git:2612eb0
EVS Port1 1980-012-14:13:02.40747 66/1/CFE_ES 91: Version Info: Module EVS, version git:2612eb0
EVS Port1 1980-012-14:13:02.40885 66/1/CFE_ES 91: Version Info: Module FS, version git:2612eb0
EVS Port1 1980-012-14:13:02.40928 66/1/CFE_ES 91: Version Info: Module SB, version git:2612eb0
EVS Port1 1980-012-14:13:02.40971 66/1/CFE_ES 91: Version Info: Module TBL, version git:2612eb0
EVS Port1 1980-012-14:13:02.40998 66/1/CFE_ES 91: Version Info: Module TIME, version git:2612eb0
EVS Port1 1980-012-14:13:02.41012 66/1/CFE_ES 91: Version Info: Module OSAL, version git:8111e4a
EVS Port1 1980-012-14:13:02.41026 66/1/CFE_ES 91: Version Info: Module PSP, version git:d1da809
EVS Port1 1980-012-14:13:02.41038 66/1/CFE_ES 91: Version Info: Module MSG, version git:2612eb0
EVS Port1 1980-012-14:13:02.41140 66/1/CFE_ES 91: Version Info: Module SBR, version git:2612eb0
EVS Port1 1980-012-14:13:02.41293 66/1/CFE_ES 91: Version Info: Module RESOURCEID, version git:2612eb0
EVS Port1 1980-012-14:13:02.41474 66/1/CFE_ES 92: Build 202609111416 by root@vm, config aarch64
EVS Port1 1980-012-14:13:02.48898 66/1/CFE_EVS 1: cFE EVS Initialized: CFE_EVS v7.0.1+dev1 (Draco) DEV BUILD, based on v7.0.1, EDS disabled
1980-012-14:13:02.59308 CFE_SB_AppInit: Registered 4 events for filtering
EVS Port1 1980-012-14:13:02.59802 66/1/CFE_SB 1: cFE SB Initialized: CFE_SB v7.0.1+dev1 (Draco) DEV BUILD, based on v7.0.1, EDS disabled
EVS Port1 1980-012-14:13:02.59831 66/1/CFE_SB 14: No subscribers for MsgId 0x808,sender CFE_SB
EVS Port1 1980-012-14:13:02.70010 66/1/CFE_TBL 1: cFE TBL Initialized: CFE_TBL v7.0.1+dev1 (Draco) DEV BUILD, based on v7.0.1, EDS disabled
EVS Port1 1980-012-14:13:02.70227 66/1/CFE_SB 14: No subscribers for MsgId 0x808,sender CFE_TBL
EVS Port1 1980-012-14:13:02.82283 66/1/CFE_TIME 1: cFE TIME Initialized: CFE_TIME v7.0.1+dev1 (Draco) DEV BUILD, based on v7.0.1, EDS disabled
EVS Port1 1980-012-14:13:02.82328 66/1/CFE_SB 14: No subscribers for MsgId 0x808,sender CFE_TIME
1980-012-14:13:02.85291 CFE_ES_CreateObjects: Finished ES CreateObject table entries.
1980-012-14:13:02.85334 CFE_ES_Main: CFE_ES_Main entering CORE_READY state
OS_FileOpen_Impl():110:open(/dev/shm/osal:RAM/cfe_es_startup.scr): No such file or directory
1980-012-14:13:02.86231 CFE_ES_OpenStartupScript: Cannot Open Volatile Startup file: /ram/cfe_es_startup.scr, Trying Nonvolatile.
1980-012-14:13:02.86414 CFE_ES_OpenStartupScript: Opened ES App Startup file: /cf/cfe_es_startup.scr
1980-012-14:13:02.89206 CFE_ES_ParseFileEntry: Loading shared library: /cf/cfe_assert.so
1980-012-14:13:02.90713 [BEGIN] CFE FUNCTIONAL TEST
1980-012-14:13:02.90806 [BEGIN] 01 CFE-STARTUP
1980-012-14:13:02.92833 CFE_ES_ParseFileEntry: Loading shared library: /cf/sample_lib.so
SAMPLE Lib Initialized.Sample Lib v7.0.0+dev1 (Draco) DEV BUILD, based on v7.0.1, EDS disabled
1980-012-14:13:02.95717 CFE_ES_ParseFileEntry: Loading file: /cf/sch_lab.so, APP: SCH_LAB
1980-012-14:13:02.99037 CFE_ES_ParseFileEntry: Loading file: /cf/ci_lab.so, APP: CI_LAB
1980-012-14:13:03.02096 CFE_ES_ParseFileEntry: Loading file: /cf/to_lab.so, APP: TO_LAB
SCH Lab Initialized.SCH Lab v7.0.1+dev1 (Draco) DEV BUILD, based on v7.0.1, EDS disabled
1980-012-14:13:03.09890 CFE_ES_ParseFileEntry: Loading file: /cf/sample_app.so, APP: SAMPLE_APP
EVS Port1 1980-012-14:13:03.12142 66/1/TO_LAB 1: TO Lab Initialized.TO Lab v7.0.1+dev1 (Draco) DEV BUILD, based on v7.0.1, EDS disabled, Awaiting enable command.
EVS Port1 1980-012-14:13:03.12829 66/1/CFE_SB 14: No subscribers for MsgId 0x808,sender TO_LAB
1980-012-14:13:03.20148 CFE_ES_ParseFileEntry: Loading file: /cf/ai_learner.so, APP: AI_LEARNER
EVS Port1 1980-012-14:13:03.22387 66/1/SAMPLE_APP 1: Sample App Initialized.Sample App v7.0.0+dev1 (Draco) DEV BUILD, based on v7.0.1, EDS disabled
1980-012-14:13:03.26824 CI_LAB listening on UDP port: 1234
EVS Port1 1980-012-14:13:03.27017 66/1/CI_LAB 3: CI Lab Initialized.CI Lab App v7.0.1+dev1 (Draco) DEV BUILD, based on v7.0.1, EDS disabled
1980-012-14:13:03.28968 CFE_ES_ParseFileEntry: Loading file: /cf/lc.so, APP: LC
1980-012-14:13:03.31408 CFE_ES_ParseFileEntry: Loading file: /cf/cf.so, APP: CF
{"app":"AI_LEARNER","stage":"build_config","model":"smartcam","allow_conditional_map":0,"contract_bounded_bytes":18222796,"contract_per_call_bytes":9382092,"contract_const_bytes":8840704,"contract_bound_known":true,"contract_artifact_sha256":"ecffe6e0bcbadf51c8482c73ab147e91fa857927d1183955e03a3257041c78f1"}
{"app":"AI_LEARNER","stage":"stack","es_stack_size":264063,"stack_base_bytes":262144,"contract_kernel_stack_bytes":1919,"kernel_stack_accounted":true}
EVS Port1 1980-012-14:13:03.33903 66/1/AI_LEARNER 8: AI_LEARNER stack: es=264063 base=262144 kernel=1919 accounted=1
{"app":"AI_LEARNER","stage":"admission","verdict":"ADMIT","model":"smartcam","target":"aarch64-unknown-linux-gnu","bounded":18222796,"budget":1907615220,"budget_source":"override","per_call":9382092,"constants":8840704,"kernel_stack_bytes":1919,"bound_known":true,"scope":"per_app_local_budget"}
1980-012-14:13:03.37119 CFE_ES_ParseFileEntry: Loading file: /cf/ds.so, APP: DS
EVS Port1 1980-012-14:13:03.37583 66/1/LC 56: WDT verify results: good = 0, bad = 0, unused = 176
EVS Port1 1980-012-14:13:03.38787 66/1/LC 66: ADT verify results: good = 0, bad = 0, unused = 176
EVS Port1 1980-012-14:13:03.39010 66/1/LC 23: LC use of Critical Data Store disabled, activity mask = 0x00991990
EVS Port1 1980-012-14:13:03.39610 66/1/LC 2: LC Initialized. Version 7.0.1.255
EVS Port1 1980-012-14:13:03.44105 66/1/CF 20: CF Initialized. Version 7.0.1.255
1980-012-14:13:03.44938 CFE_ES_ParseFileEntry: Loading file: /cf/fm.so, APP: FM
EVS Port1 1980-012-14:13:03.48220 66/1/DS 10: Destination file table verify results: good entries = 6, bad = 0, unused = 10
EVS Port1 1980-012-14:13:03.49336 66/1/DS 12: Filter table verify results: good entries = 14, bad = 0, unused = 242
EVS Port1 1980-012-14:13:03.50538 66/1/DS 1: Application initialized, version 7.0.1.255, data at 0xec0b50270460
1980-012-14:13:03.51041 CFE_ES_ParseFileEntry: Loading file: /cf/hk.so, APP: HK
EVS Port1 1980-012-14:13:03.53814 66/1/FM 80: Free Space Table verify results: good entries = 3, bad = 0, unused = 5
EVS Port1 1980-012-14:13:03.56715 66/1/FM 1: Initialization complete: version 7.0.1.255
1980-012-14:13:03.60905 CFE_ES_ParseFileEntry: Loading file: /cf/hs.so, APP: HS
EVS Port1 1980-012-14:13:03.63104 66/1/FM 72: Child Task initialization complete
EVS Port1 1980-012-14:13:03.67114 66/1/HK 1: HK Initialized.  Version 7.0.1.255
1980-012-14:13:03.69505 CFE_ES_ParseFileEntry: Loading file: /cf/mm.so, APP: MM
EVS Port1 1980-012-14:13:03.73820 66/1/HS 54: ExeCount verify results: good = 5, bad = 0, unused = 27
EVS Port1 1980-012-14:13:03.75776 66/1/HS 50: AppMon verify results: good = 0, bad = 0, unused = 32
EVS Port1 1980-012-14:13:03.77296 66/1/HS 52: EventMon verify results: good = 0, bad = 0, unused = 16
EVS Port1 1980-012-14:13:03.79179 66/1/HS 56: MsgActs verify results: good = 2, bad = 0, unused = 6
1980-012-14:13:03.80035 HS_SysMonInit(): System Monitor using PSP device ID 0110ff05
1980-012-14:13:03.80228 CFE_ES_ParseFileEntry: Loading file: /cf/sc.so, APP: SC
EVS Port1 1980-012-14:13:03.81501 66/1/MM 1: MM Initialized. Version 7.0.1.255
CFE_PSP(Linux_SysMon): Started CPU utilization monitoring on 1 CPU(s)
EVS Port1 1980-012-14:13:03.86334 66/1/HS 1: HS Initialized.  Version 7.0.1.255
1980-012-14:13:03.90135 CFE_ES_ParseFileEntry: Loading file: /cf/md.so, APP: MD
EVS Port1 1980-012-14:13:03.97335 66/1/SC 21: RTS table files not loaded at initialization = 0 of 4
EVS Port1 1980-012-14:13:03.98133 66/1/SC 9: SC Initialized. Version 7.0.1.255
1980-012-14:13:03.99083 CFE_ES_ParseFileEntry: Loading file: /cf/cs.so, APP: CS
EVS Port1 1980-012-14:13:04.01974 66/1/MD 52: MD Dwell Tbl verify results: good = 0, bad = 0, unused = 25
EVS Port1 1980-012-14:13:04.02700 66/1/MD 3: Recovered Dwell Table #1 is valid and has been copied to the MD App
EVS Port1 1980-012-14:13:04.03530 66/1/MD 52: MD Dwell Tbl verify results: good = 0, bad = 0, unused = 25
EVS Port1 1980-012-14:13:04.03814 66/1/MD 3: Recovered Dwell Table #2 is valid and has been copied to the MD App
EVS Port1 1980-012-14:13:04.04225 66/1/MD 52: MD Dwell Tbl verify results: good = 0, bad = 0, unused = 25
EVS Port1 1980-012-14:13:04.05104 66/1/MD 3: Recovered Dwell Table #3 is valid and has been copied to the MD App
EVS Port1 1980-012-14:13:04.05430 66/1/MD 52: MD Dwell Tbl verify results: good = 0, bad = 0, unused = 25
EVS Port1 1980-012-14:13:04.08915 66/1/MD 3: Recovered Dwell Table #4 is valid and has been copied to the MD App
EVS Port1 1980-012-14:13:04.11097 66/1/MD 7: Dwell Tables Recovered: 4, Dwell Tables Initialized: 0
EVS Port1 1980-012-14:13:04.12026 66/1/MD 1: MD Initialized.  Version 7.0.1.255
EVS Port1 1980-012-14:13:04.13481 66/1/CS 144: CS EEPROM Table verification results: good = 0, bad = 0, unused = 16
EVS Port1 1980-012-14:13:04.14288 66/1/CS 107: CS EEPROM Table: No valid entries in the table
EVS Port1 1980-012-14:13:04.15675 66/1/CS 143: CS Memory Table verification results: good = 0, bad = 0, unused = 16
EVS Port1 1980-012-14:13:04.16206 66/1/CS 107: CS Memory Table: No valid entries in the table
EVS Port1 1980-012-14:13:04.18106 66/1/CS 139: CS Tables Table verification results: good = 1, bad = 0, unused = 23
EVS Port1 1980-012-14:13:04.19425 66/1/CS 142: CS Apps Table verification results: good = 0, bad = 0, unused = 24
EVS Port1 1980-012-14:13:04.19639 66/1/CS 108: CS Apps Table: No valid entries in the table
EVS Port1 1980-012-14:13:04.20201 66/1/CS 127: OS Text Segment disabled due to platform
EVS Port1 1980-012-14:13:04.20776 66/1/CS 1: CS Initialized. Version 7.0.1.255
EVS Port1 1980-012-14:13:04.00935 66/1/CFE_TIME 21: Stop FLYWHEEL
1980-012-14:13:04.74627 CFE_ES_Main: Startup Sync failed - Applications may not have all initialized
1980-012-14:13:04.74656 CFE_ES_Main: CFE_ES_Main entering APPS_INIT state
{"app":"AI_LEARNER","stage":"binding","verdict":"MATCH","artifact_bytes":8991281,"artifact_sha256":"ecffe6e0bcbadf51","contract_sha256":"ecffe6e0bcbadf51"}
{"app":"AI_LEARNER","stage":"map_branch","model":"smartcam","module_ptr_mod64":0,"hal_peak_after_append":0,"contract_const_bytes":8840704,"contract_per_call_bytes":9382092,"arm":"map","admission_mode":"unconditional"}
{"app":"AI_LEARNER","stage":"mem_init","model":"smartcam","target":"aarch64-unknown-linux-gnu","hal_peak":602112,"hal_allocated":602112,"bounded":18222796,"peak_within_bounded":true,"inferences_so_far":0,"process_rss_kb":15948,"rss_kb_before_runtime":14208,"rss_kb_after_session":14496,"rss_kb_after_init":15948}
{"app":"AI_LEARNER","stage":"e25_mode","active":false,"inputs_path":"/cf/e25_inputs.bin"}
EVS Port1 1980-012-14:13:04.88894 66/1/AI_LEARNER 3: AI_LEARNER initialized: model smartcam (8991281 B), rss_delta_init=1740 KB
1980-012-14:13:04.90176 CFE_ES_Main: CFE_ES_Main entering OPERATIONAL state
EVS Port1 1980-012-14:13:04.92402 66/1/TO_LAB 19: L550 TO Lab subscribed to 32 messages from the table
.{"app":"AI_LEARNER","stage":"run","model":"smartcam","target":"aarch64-unknown-linux-gnu","attempted":1,"completed":1,"fail_input":0,"fail_invoke":0,"fail_output":0,"mean_us":7403640.13,"max_us":7403640.13,"last_us":7403640.13,"out0":0.85892,"out":[0.858921,0.111592,0.029487]}
EVS Port1 1980-012-14:13:15.07051 66/1/AI_LEARNER 4: AI_LEARNER completed=1/1 mean=7403640.1us max=7403640.1us hal_peak=9382092 within_bounded=1
{"app":"AI_LEARNER","stage":"mem","model":"smartcam","target":"aarch64-unknown-linux-gnu","completed":1,"hal_peak":9382092,"peak_within_bounded":true,"admitted_budget_bytes":1907615220,"peak_within_admitted_budget":true,"admission_mode":"unconditional","hal_bytes_per_call_amortized":9382092.0,"process_rss_kb":16572,"process_rss_delta_init_kb":1740}
EVS Port1 1980-012-14:13:15.23838 66/1/CFE_TIME 20: Start FLYWHEEL
EVS Port1 1980-012-14:13:16.00732 66/1/CFE_TIME 21: Stop FLYWHEEL
.{"app":"AI_LEARNER","stage":"run","model":"smartcam","target":"aarch64-unknown-linux-gnu","attempted":2,"completed":2,"fail_input":0,"fail_invoke":0,"fail_output":0,"mean_us":7106976.82,"max_us":7403640.13,"last_us":6810313.52,"out0":0.85892,"out":[0.858921,0.111592,0.029487]}
EVS Port1 1980-012-14:13:21.67616 66/1/AI_LEARNER 4: AI_LEARNER completed=2/2 mean=7106976.8us max=7403640.1us hal_peak=9382092 within_bounded=1
{"app":"AI_LEARNER","stage":"mem","model":"smartcam","target":"aarch64-unknown-linux-gnu","completed":2,"hal_peak":9382092,"peak_within_bounded":true,"admitted_budget_bytes":1907615220,"peak_within_admitted_budget":true,"admission_mode":"unconditional","hal_bytes_per_call_amortized":9081036.0,"process_rss_kb":25152,"process_rss_delta_init_kb":1740}
.EVS Port1 1980-012-14:13:28.05209 66/1/AI_LEARNER 4: AI_LEARNER completed=3/3 mean=6861058.3us max=7403640.1us hal_peak=9382092 within_bounded=1
{"app":"AI_LEARNER","stage":"run","model":"smartcam","target":"aarch64-unknown-linux-gnu","attempted":3,"completed":3,"fail_input":0,"fail_invoke":0,"fail_output":0,"mean_us":6861058.33,"max_us":7403640.13,"last_us":6369221.33,"out0":0.85892,"out":[0.858921,0.111592,0.029487]}
{"app":"AI_LEARNER","stage":"mem","model":"smartcam","target":"aarch64-unknown-linux-gnu","completed":3,"hal_peak":9382092,"peak_within_bounded":true,"admitted_budget_bytes":1907615220,"peak_within_admitted_budget":true,"admission_mode":"unconditional","hal_bytes_per_call_amortized":8980684.0,"process_rss_kb":25152,"process_rss_delta_init_kb":1740}
.EVS Port1 1980-012-14:13:34.75106 66/1/AI_LEARNER 4: AI_LEARNER completed=4/4 mean=6814531.1us max=7403640.1us hal_peak=9382092 within_bounded=1
{"app":"AI_LEARNER","stage":"run","model":"smartcam","target":"aarch64-unknown-linux-gnu","attempted":4,"completed":4,"fail_input":0,"fail_invoke":0,"fail_output":0,"mean_us":6814531.12,"max_us":7403640.13,"last_us":6674949.50,"out0":0.85892,"out":[0.858921,0.111592,0.029487]}
{"app":"AI_LEARNER","stage":"mem","model":"smartcam","target":"aarch64-unknown-linux-gnu","completed":4,"hal_peak":9382092,"peak_within_bounded":true,"admitted_budget_bytes":1907615220,"peak_within_admitted_budget":true,"admission_mode":"unconditional","hal_bytes_per_call_amortized":8930508.0,"process_rss_kb":25152,"process_rss_delta_init_kb":1740}
..{"app":"AI_LEARNER","stage":"run","model":"smartcam","target":"aarch64-unknown-linux-gnu","attempted":5,"completed":5,"fail_input":0,"fail_invoke":0,"fail_output":0,"mean_us":6910167.33,"max_us":7403640.13,"last_us":7292712.19,"out0":0.85892,"out":[0.858921,0.111592,0.029487]}
EVS Port1 1980-012-14:13:42.03738 66/1/AI_LEARNER 4: AI_LEARNER completed=5/5 mean=6910167.3us max=7403640.1us hal_peak=9382092 within_bounded=1
{"app":"AI_LEARNER","stage":"mem","model":"smartcam","target":"aarch64-unknown-linux-gnu","completed":5,"hal_peak":9382092,"peak_within_bounded":true,"admitted_budget_bytes":1907615220,"peak_within_admitted_budget":true,"admission_mode":"unconditional","hal_bytes_per_call_amortized":8900402.4,"process_rss_kb":25152,"process_rss_delta_init_kb":1740}
EVS Port1 1980-012-14:13:45.17718 66/1/CFE_TIME 20: Start FLYWHEEL
EVS Port1 1980-012-14:13:45.00616 66/1/CFE_TIME 21: Stop FLYWHEEL
.EVS Port1 1980-012-14:13:47.64825 66/1/CFE_SB 17: Msg Limit Err,MsgId 0x800,pipe AI_LEARNER_PIPE,sender CFE_ES
EVS Port1 1980-012-14:13:48.11825 66/1/AI_LEARNER 4: AI_LEARNER completed=6/6 mean=6798997.1us max=7403640.1us hal_peak=9382092 within_bounded=1
{"app":"AI_LEARNER","stage":"run","model":"smartcam","target":"aarch64-unknown-linux-gnu","attempted":6,"completed":6,"fail_input":0,"fail_invoke":0,"fail_output":0,"mean_us":6798997.06,"max_us":7403640.13,"last_us":6243145.68,"out0":0.85892,"out":[0.858921,0.111592,0.029487]}
{"app":"AI_LEARNER","stage":"mem","model":"smartcam","target":"aarch64-unknown-linux-gnu","completed":6,"hal_peak":9382092,"peak_within_bounded":true,"admitted_budget_bytes":1907615220,"peak_within_admitted_budget":true,"admission_mode":"unconditional","hal_bytes_per_call_amortized":8880332.0,"process_rss_kb":25156,"process_rss_delta_init_kb":1740}
.EVS Port1 1980-012-14:13:55.04241 66/1/CFE_TIME 20: Start FLYWHEEL
EVS Port1 1980-012-14:13:55.00651 66/1/CFE_TIME 21: Stop FLYWHEEL
EVS Port1 1980-012-14:13:55.65162 66/1/CFE_SB 17: Msg Limit Err,MsgId 0x800,pipe AI_LEARNER_PIPE,sender CFE_ES
EVS Port1 1980-012-14:13:57.75946 66/1/AI_LEARNER 4: AI_LEARNER completed=7/7 mean=7210188.7us max=9677338.4us hal_peak=9382092 within_bounded=1
{"app":"AI_LEARNER","stage":"run","model":"smartcam","target":"aarch64-unknown-linux-gnu","attempted":7,"completed":7,"fail_input":0,"fail_invoke":0,"fail_output":0,"mean_us":7210188.68,"max_us":9677338.42,"last_us":9677338.42,"out0":0.85892,"out":[0.858921,0.111592,0.029487]}
{"app":"AI_LEARNER","stage":"mem","model":"smartcam","target":"aarch64-unknown-linux-gnu","completed":7,"hal_peak":9382092,"peak_within_bounded":true,"admitted_budget_bytes":1907615220,"peak_within_admitted_budget":true,"admission_mode":"unconditional","hal_bytes_per_call_amortized":8865996.0,"process_rss_kb":25156,"process_rss_delta_init_kb":1740}
.EVS Port1 1980-012-14:14:03.66418 66/1/CFE_SB 17: Msg Limit Err,MsgId 0x800,pipe AI_LEARNER_PIPE,sender CFE_ES
.EVS Port1 1980-012-14:14:05.88308 66/1/AI_LEARNER 4: AI_LEARNER completed=8/8 mean=7323748.7us max=9677338.4us hal_peak=9382092 within_bounded=1
{"app":"AI_LEARNER","stage":"run","model":"smartcam","target":"aarch64-unknown-linux-gnu","attempted":8,"completed":8,"fail_input":0,"fail_invoke":0,"fail_output":0,"mean_us":7323748.69,"max_us":9677338.42,"last_us":8118668.74,"out0":0.85892,"out":[0.858921,0.111592,0.029487]}
{"app":"AI_LEARNER","stage":"mem","model":"smartcam","target":"aarch64-unknown-linux-gnu","completed":8,"hal_peak":9382092,"peak_within_bounded":true,"admitted_budget_bytes":1907615220,"peak_within_admitted_budget":true,"admission_mode":"unconditional","hal_bytes_per_call_amortized":8855244.0,"process_rss_kb":25156,"process_rss_delta_init_kb":1740}
.EVS Port1 1980-012-14:14:11.69210 66/1/CFE_SB 17: Msg Limit Err,MsgId 0x800,pipe AI_LEARNER_PIPE,sender CFE_ES
EVS Port1 1980-012-14:14:12.02403 66/1/CFE_TIME 21: Stop FLYWHEEL
EVS Port1 1980-012-14:14:13.12501 66/1/CFE_TIME 20: Start FLYWHEEL
EVS Port1 1980-012-14:14:14.00903 66/1/CFE_TIME 21: Stop FLYWHEEL
EVS Port1 1980-012-14:14:14.24186 66/1/AI_LEARNER 4: AI_LEARNER completed=9/9 mean=7459949.0us max=9677338.4us hal_peak=9382092 within_bounded=1
{"app":"AI_LEARNER","stage":"run","model":"smartcam","target":"aarch64-unknown-linux-gnu","attempted":9,"completed":9,"fail_input":0,"fail_invoke":0,"fail_output":0,"mean_us":7459949.02,"max_us":9677338.42,"last_us":8549551.63,"out0":0.85892,"out":[0.858921,0.111592,0.029487]}
{"app":"AI_LEARNER","stage":"mem","model":"smartcam","target":"aarch64-unknown-linux-gnu","completed":9,"hal_peak":9382092,"peak_within_bounded":true,"admitted_budget_bytes":1907615220,"peak_within_admitted_budget":true,"admission_mode":"unconditional","hal_bytes_per_call_amortized":8846881.3,"process_rss_kb":25156,"process_rss_delta_init_kb":1740}
EVS Port1 1980-012-14:14:15.05937 66/1/CFE_TIME 20: Start FLYWHEEL
EVS Port1 1980-012-14:14:16.01301 66/1/CFE_TIME 21: Stop FLYWHEEL
.EVS Port1 1980-012-14:14:16.99476 66/1/CFE_TIME 20: Start FLYWHEEL
EVS Port1 1980-012-14:14:19.65943 66/1/CFE_SB 17: Msg Limit Err,MsgId 0x800,pipe AI_LEARNER_PIPE,sender CFE_ES
.EVS Port1 1980-012-14:14:23.00749 66/1/CFE_TIME 21: Stop FLYWHEEL
EVS Port1 1980-012-14:14:23.66374 66/1/CFE_SB 17: Msg Limit Err,MsgId 0x800,pipe AI_LEARNER_PIPE,sender CFE_ES
EVS Port1 1980-012-14:14:23.99559 66/1/CFE_TIME 20: Start FLYWHEEL
EVS Port1 1980-012-14:14:24.57467 66/1/AI_LEARNER 4: AI_LEARNER completed=10/10 mean=7756975.3us max=10430212.2us hal_peak=9382092 within_bounded=1
{"app":"AI_LEARNER","stage":"run","model":"smartcam","target":"aarch64-unknown-linux-gnu","attempted":10,"completed":10,"fail_input":0,"fail_invoke":0,"fail_output":0,"mean_us":7756975.33,"max_us":10430212.21,"last_us":10430212.21,"out0":0.85892,"out":[0.858921,0.111592,0.029487]}
{"app":"AI_LEARNER","stage":"mem","model":"smartcam","target":"aarch64-unknown-linux-gnu","completed":10,"hal_peak":9382092,"peak_within_bounded":true,"admitted_budget_bytes":1907615220,"peak_within_admitted_budget":true,"admission_mode":"unconditional","hal_bytes_per_call_amortized":8840191.2,"process_rss_kb":25156,"process_rss_delta_init_kb":1740}
EVS Port1 1980-012-14:14:28.01728 66/1/CFE_TIME 21: Stop FLYWHEEL
.EVS Port1 1980-012-14:14:28.99360 66/1/CFE_TIME 20: Start FLYWHEEL
EVS Port1 1980-012-14:14:31.65496 66/1/CFE_SB 17: Msg Limit Err,MsgId 0x800,pipe AI_LEARNER_PIPE,sender CFE_ES
EVS Port1 1980-012-14:14:32.50790 66/1/AI_LEARNER 4: AI_LEARNER completed=11/11 mean=7775940.9us max=10430212.2us hal_peak=9382092 within_bounded=1
{"app":"AI_LEARNER","stage":"run","model":"smartcam","target":"aarch64-unknown-linux-gnu","attempted":11,"completed":11,"fail_input":0,"fail_invoke":0,"fail_output":0,"mean_us":7775940.89,"max_us":10430212.21,"last_us":7965596.48,"out0":0.85892,"out":[0.858921,0.111592,0.029487]}
{"app":"AI_LEARNER","stage":"mem","model":"smartcam","target":"aarch64-unknown-linux-gnu","completed":11,"hal_peak":9382092,"peak_within_bounded":true,"admitted_budget_bytes":1907615220,"peak_within_admitted_budget":true,"admission_mode":"unconditional","hal_bytes_per_call_amortized":8834717.5,"process_rss_kb":25156,"process_rss_delta_init_kb":1740}
.EVS Port1 1980-012-14:14:35.05213 66/1/CFE_TIME 20: Start FLYWHEEL
EVS Port1 1980-012-14:14:35.00662 66/1/CFE_TIME 21: Stop FLYWHEEL
EVS Port1 1980-012-14:14:39.01261 66/1/CFE_TIME 21: Stop FLYWHEEL
EVS Port1 1980-012-14:14:39.67106 66/1/CFE_SB 17: Msg Limit Err,MsgId 0x800,pipe AI_LEARNER_PIPE,sender CFE_ES
EVS Port1 1980-012-14:14:40.05619 66/1/CFE_TIME 20: Start FLYWHEEL
.EVS Port1 1980-012-14:14:41.00331 66/1/CFE_TIME 21: Stop FLYWHEEL
EVS Port1 1980-012-14:14:42.06495 66/1/CFE_TIME 20: Start FLYWHEEL
{"app":"AI_LEARNER","stage":"run","model":"smartcam","target":"aarch64-unknown-linux-gnu","attempted":12,"completed":12,"fail_input":0,"fail_invoke":0,"fail_output":0,"mean_us":7972856.30,"max_us":10430212.21,"last_us":10138925.74,"out0":0.85892,"out":[0.858921,0.111592,0.029487]}
{"app":"AI_LEARNER","stage":"mem","model":"smartcam","target":"aarch64-unknown-linux-gnu","completed":12,"hal_peak":9382092,"peak_within_bounded":true,"admitted_budget_bytes":1907615220,"peak_within_admitted_budget":true,"admission_mode":"unconditional","hal_bytes_per_call_amortized":8830156.0,"process_rss_kb":25156,"process_rss_delta_init_kb":1740}
EVS Port1 1980-012-14:14:42.49725 66/1/AI_LEARNER 4: AI_LEARNER completed=12/12 mean=7972856.3us max=10430212.2us hal_peak=9382092 within_bounded=1
EVS Port1 1980-012-14:14:44.46704 66/1/CFE_TIME 20: Start FLYWHEEL
EVS Port1 1980-012-14:14:45.00830 66/1/CFE_TIME 21: Stop FLYWHEEL
.EVS Port1 1980-012-14:14:47.66072 66/1/CFE_SB 17: Msg Limit Err,MsgId 0x800,pipe AI_LEARNER_PIPE,sender CFE_ES
EVS Port1 1980-012-14:14:50.80230 66/1/AI_LEARNER 4: AI_LEARNER completed=13/13 mean=8033990.6us max=10430212.2us hal_peak=9382092 within_bounded=1
{"app":"AI_LEARNER","stage":"run","model":"smartcam","target":"aarch64-unknown-linux-gnu","attempted":13,"completed":13,"fail_input":0,"fail_invoke":0,"fail_output":0,"mean_us":8033990.59,"max_us":10430212.21,"last_us":8767602.16,"out0":0.85892,"out":[0.858921,0.111592,0.029487]}
{"app":"AI_LEARNER","stage":"mem","model":"smartcam","target":"aarch64-unknown-linux-gnu","completed":13,"hal_peak":9382092,"peak_within_bounded":true,"admitted_budget_bytes":1907615220,"peak_within_admitted_budget":true,"admission_mode":"unconditional","hal_bytes_per_call_amortized":8826296.3,"process_rss_kb":25156,"process_rss_delta_init_kb":1740}
.EVS Port1 1980-012-14:14:53.00588 66/1/CFE_TIME 21: Stop FLYWHEEL
EVS Port1 1980-012-14:14:54.03158 66/1/CFE_TIME 20: Start FLYWHEEL
EVS Port1 1980-012-14:14:55.00640 66/1/CFE_TIME 21: Stop FLYWHEEL
EVS Port1 1980-012-14:14:55.69796 66/1/CFE_SB 17: Msg Limit Err,MsgId 0x800,pipe AI_LEARNER_PIPE,sender CFE_ES
EVS Port1 1980-012-14:14:56.08702 66/1/CFE_TIME 20: Start FLYWHEEL
.EVS Port1 1980-012-14:14:58.42448 66/1/CFE_TIME 20: Start FLYWHEEL
EVS Port1 1980-012-14:14:59.01736 66/1/CFE_TIME 21: Stop FLYWHEEL
EVS Port1 1980-012-14:14:59.71217 66/1/CFE_SB 17: Msg Limit Err,MsgId 0x800,pipe AI_LEARNER_PIPE,sender CFE_ES
EVS Port1 1980-012-14:14:59.85514 66/1/AI_LEARNER 4: AI_LEARNER completed=14/14 mean=8145536.4us max=10430212.2us hal_peak=9382092 within_bounded=1
{"app":"AI_LEARNER","stage":"run","model":"smartcam","target":"aarch64-unknown-linux-gnu","attempted":14,"completed":14,"fail_input":0,"fail_invoke":0,"fail_output":0,"mean_us":8145536.39,"max_us":10430212.21,"last_us":9595631.74,"out0":0.85892,"out":[0.858921,0.111592,0.029487]}
{"app":"AI_LEARNER","stage":"mem","model":"smartcam","target":"aarch64-unknown-linux-gnu","completed":14,"hal_peak":9382092,"peak_within_bounded":true,"admitted_budget_bytes":1907615220,"peak_within_admitted_budget":true,"admission_mode":"unconditional","hal_bytes_per_call_amortized":8822988.0,"process_rss_kb":25156,"process_rss_delta_init_kb":1740}
EVS Port1 1980-012-14:15:01.01081 66/1/CFE_TIME 21: Stop FLYWHEEL
EVS Port1 1980-012-14:15:01.99659 66/1/CFE_TIME 20: Start FLYWHEEL
.EVS Port1 1980-012-14:15:07.42977 66/1/CFE_TIME 20: Start FLYWHEEL
EVS Port1 1980-012-14:15:08.28297 66/1/CFE_SB 17: Msg Limit Err,MsgId 0x800,pipe AI_LEARNER_PIPE,sender CFE_ES
.EVS Port1 1980-012-14:15:10.19334 66/1/AI_LEARNER 4: AI_LEARNER completed=15/15 mean=8295724.0us max=10430212.2us hal_peak=9382092 within_bounded=1
{"app":"AI_LEARNER","stage":"run","model":"smartcam","target":"aarch64-unknown-linux-gnu","attempted":15,"completed":15,"fail_input":0,"fail_invoke":0,"fail_output":0,"mean_us":8295723.99,"max_us":10430212.21,"last_us":10398350.40,"out0":0.85892,"out":[0.858921,0.111592,0.029487]}
{"app":"AI_LEARNER","stage":"mem","model":"smartcam","target":"aarch64-unknown-linux-gnu","completed":15,"hal_peak":9382092,"peak_within_bounded":true,"admitted_budget_bytes":1907615220,"peak_within_admitted_budget":true,"admission_mode":"unconditional","hal_bytes_per_call_amortized":8820120.8,"process_rss_kb":25156,"process_rss_delta_init_kb":1740}
.EVS Port1 1980-012-14:15:17.54135 66/1/CFE_SB 17: Msg Limit Err,MsgId 0x800,pipe AI_LEARNER_PIPE,sender CFE_ES
EVS Port1 1980-012-14:15:17.00975 66/1/CFE_TIME 21: Stop FLYWHEEL
EVS Port1 1980-012-14:15:20.30511 66/1/AI_LEARNER 4: AI_LEARNER completed=16/16 mean=8464146.0us max=10990475.5us hal_peak=9382092 within_bounded=1
{"app":"AI_LEARNER","stage":"run","model":"smartcam","target":"aarch64-unknown-linux-gnu","attempted":16,"completed":16,"fail_input":0,"fail_invoke":0,"fail_output":0,"mean_us":8464145.96,"max_us":10990475.46,"last_us":10990475.46,"out0":0.85892,"out":[0.858921,0.111592,0.029487]}
{"app":"AI_LEARNER","stage":"mem","model":"smartcam","target":"aarch64-unknown-linux-gnu","completed":16,"hal_peak":9382092,"peak_within_bounded":true,"admitted_budget_bytes":1907615220,"peak_within_admitted_budget":true,"admission_mode":"unconditional","hal_bytes_per_call_amortized":8817612.0,"process_rss_kb":25156,"process_rss_delta_init_kb":1740}
.EVS Port1 1980-012-14:15:24.68650 66/1/CFE_SB 17: Msg Limit Err,MsgId 0x800,pipe AI_LEARNER_PIPE,sender CFE_ES
.EVS Port1 1980-012-14:15:27.85261 66/1/HS 61: CPU Hogging Detected
1980-012-14:15:27.86243 HS App: CPU Hogging Detected
EVS Port1 1980-012-14:15:28.00822 66/1/CFE_TIME 21: Stop FLYWHEEL
EVS Port1 1980-012-14:15:28.65725 66/1/CFE_SB 17: Msg Limit Err,MsgId 0x800,pipe AI_LEARNER_PIPE,sender CFE_ES
EVS Port1 1980-012-14:15:28.69638 66/1/AI_LEARNER 4: AI_LEARNER completed=17/17 mean=8461673.0us max=10990475.5us hal_peak=9382092 within_bounded=1
{"app":"AI_LEARNER","stage":"run","model":"smartcam","target":"aarch64-unknown-linux-gnu","attempted":17,"completed":17,"fail_input":0,"fail_invoke":0,"fail_output":0,"mean_us":8461672.98,"max_us":10990475.46,"last_us":8422105.34,"out0":0.85892,"out":[0.858921,0.111592,0.029487]}
{"app":"AI_LEARNER","stage":"mem","model":"smartcam","target":"aarch64-unknown-linux-gnu","completed":17,"hal_peak":9382092,"peak_within_bounded":true,"admitted_budget_bytes":1907615220,"peak_within_admitted_budget":true,"admission_mode":"unconditional","hal_bytes_per_call_amortized":8815398.4,"process_rss_kb":25156,"process_rss_delta_init_kb":1740}
EVS Port1 1980-012-14:15:28.99942 66/1/CFE_TIME 20: Start FLYWHEEL
EVS Port1 1980-012-14:15:32.16497 66/1/CFE_TIME 20: Start FLYWHEEL
.EVS Port1 1980-012-14:15:33.00921 66/1/CFE_TIME 21: Stop FLYWHEEL
EVS Port1 1980-012-14:15:35.00689 66/1/CFE_TIME 21: Stop FLYWHEEL
EVS Port1 1980-012-14:15:36.12986 66/1/CFE_TIME 20: Start FLYWHEEL
EVS Port1 1980-012-14:15:36.83352 66/1/CFE_SB 17: Msg Limit Err,MsgId 0x800,pipe AI_LEARNER_PIPE,sender CFE_ES
EVS Port1 1980-012-14:15:38.21603 66/1/CFE_TIME 20: Start FLYWHEEL
.EVS Port1 1980-012-14:15:38.70933 66/1/AI_LEARNER 4: AI_LEARNER completed=18/18 mean=8558778.6us max=10990475.5us hal_peak=9382092 within_bounded=1
{"app":"AI_LEARNER","stage":"run","model":"smartcam","target":"aarch64-unknown-linux-gnu","attempted":18,"completed":18,"fail_input":0,"fail_invoke":0,"fail_output":0,"mean_us":8558778.61,"max_us":10990475.46,"last_us":10209574.27,"out0":0.85892,"out":[0.858921,0.111592,0.029487]}
{"app":"AI_LEARNER","stage":"mem","model":"smartcam","target":"aarch64-unknown-linux-gnu","completed":18,"hal_peak":9382092,"peak_within_bounded":true,"admitted_budget_bytes":1907615220,"peak_within_admitted_budget":true,"admission_mode":"unconditional","hal_bytes_per_call_amortized":8813430.7,"process_rss_kb":25156,"process_rss_delta_init_kb":1740}
EVS Port1 1980-012-14:15:39.01144 66/1/CFE_TIME 21: Stop FLYWHEEL
EVS Port1 1980-012-14:15:42.19944 66/1/CFE_TIME 20: Start FLYWHEEL
EVS Port1 1980-012-14:15:43.01045 66/1/CFE_TIME 21: Stop FLYWHEEL
.EVS Port1 1980-012-14:15:46.15687 66/1/CFE_TIME 20: Start FLYWHEEL
EVS Port1 1980-012-14:15:47.53152 66/1/AI_LEARNER 4: AI_LEARNER completed=19/19 mean=8594632.9us max=10990475.5us hal_peak=9382092 within_bounded=1
{"app":"AI_LEARNER","stage":"run","model":"smartcam","target":"aarch64-unknown-linux-gnu","attempted":19,"completed":19,"fail_input":0,"fail_invoke":0,"fail_output":0,"mean_us":8594632.91,"max_us":10990475.46,"last_us":9240010.32,"out0":0.85892,"out":[0.858921,0.111592,0.029487]}
{"app":"AI_LEARNER","stage":"mem","model":"smartcam","target":"aarch64-unknown-linux-gnu","completed":19,"hal_peak":9382092,"peak_within_bounded":true,"admitted_budget_bytes":1907615220,"peak_within_admitted_budget":true,"admission_mode":"unconditional","hal_bytes_per_call_amortized":8811670.1,"process_rss_kb":25156,"process_rss_delta_init_kb":1740}
..EVS Port1 1980-012-14:16:00.00694 66/1/CFE_TIME 21: Stop FLYWHEEL
.EVS Port1 1980-012-14:16:02.19030 66/1/AI_LEARNER 4: AI_LEARNER completed=20/20 mean=8905592.3us max=14813819.9us hal_peak=9382092 within_bounded=1
{"app":"AI_LEARNER","stage":"run","model":"smartcam","target":"aarch64-unknown-linux-gnu","attempted":20,"completed":20,"fail_input":0,"fail_invoke":0,"fail_output":0,"mean_us":8905592.26,"max_us":14813819.94,"last_us":14813819.94,"out0":0.85892,"out":[0.858921,0.111592,0.029487]}
{"app":"AI_LEARNER","stage":"mem","model":"smartcam","target":"aarch64-unknown-linux-gnu","completed":20,"hal_peak":9382092,"peak_within_bounded":true,"admitted_budget_bytes":1907615220,"peak_within_admitted_budget":true,"admission_mode":"unconditional","hal_bytes_per_call_amortized":8810085.6,"process_rss_kb":25156,"process_rss_delta_init_kb":1740}
EVS Port1 1980-012-14:16:03.06813 66/1/CFE_TIME 20: Start FLYWHEEL
EVS Port1 1980-012-14:16:03.00895 66/1/CFE_TIME 21: Stop FLYWHEEL
.EVS Port1 1980-012-14:16:08.05671 66/1/CFE_TIME 20: Start FLYWHEEL
EVS Port1 1980-012-14:16:08.01686 66/1/CFE_TIME 21: Stop FLYWHEEL
EVS Port1 1980-012-14:16:09.95436 66/1/AI_LEARNER 4: AI_LEARNER completed=21/21 mean=8857262.5us max=14813819.9us hal_peak=9382092 within_bounded=1
{"app":"AI_LEARNER","stage":"run","model":"smartcam","target":"aarch64-unknown-linux-gnu","attempted":21,"completed":21,"fail_input":0,"fail_invoke":0,"fail_output":0,"mean_us":8857262.48,"max_us":14813819.94,"last_us":7890666.90,"out0":0.85892,"out":[0.858921,0.111592,0.029487]}
{"app":"AI_LEARNER","stage":"mem","model":"smartcam","target":"aarch64-unknown-linux-gnu","completed":21,"hal_peak":9382092,"peak_within_bounded":true,"admitted_budget_bytes":1907615220,"peak_within_admitted_budget":true,"admission_mode":"unconditional","hal_bytes_per_call_amortized":8808652.0,"process_rss_kb":25156,"process_rss_delta_init_kb":1740}
EVS Port1 1980-012-14:16:12.33351 66/1/CFE_TIME 20: Start FLYWHEEL
EVS Port1 1980-012-14:16:12.01040 66/1/CFE_TIME 21: Stop FLYWHEEL
.EVS Port1 1980-012-14:16:18.00920 66/1/CFE_TIME 21: Stop FLYWHEEL
EVS Port1 1980-012-14:16:18.52038 66/1/AI_LEARNER 4: AI_LEARNER completed=22/22 mean=8865094.4us max=14813819.9us hal_peak=9382092 within_bounded=1
{"app":"AI_LEARNER","stage":"run","model":"smartcam","target":"aarch64-unknown-linux-gnu","attempted":22,"completed":22,"fail_input":0,"fail_invoke":0,"fail_output":0,"mean_us":8865094.36,"max_us":14813819.94,"last_us":9029563.89,"out0":0.85892,"out":[0.858921,0.111592,0.029487]}
{"app":"AI_LEARNER","stage":"mem","model":"smartcam","target":"aarch64-unknown-linux-gnu","completed":22,"hal_peak":9382092,"peak_within_bounded":true,"admitted_budget_bytes":1907615220,"peak_within_admitted_budget":true,"admission_mode":"unconditional","hal_bytes_per_call_amortized":8807348.7,"process_rss_kb":25156,"process_rss_delta_init_kb":1740}
EVS Port1 1980-012-14:16:19.01313 66/1/CFE_TIME 20: Start FLYWHEEL
.EVS Port1 1980-012-14:16:20.01229 66/1/CFE_TIME 21: Stop FLYWHEEL
EVS Port1 1980-012-14:16:20.99278 66/1/CFE_TIME 20: Start FLYWHEEL
.EVS Port1 1980-012-14:16:26.95874 66/1/AI_LEARNER 4: AI_LEARNER completed=23/23 mean=8847009.7us max=14813819.9us hal_peak=9382092 within_bounded=1
{"app":"AI_LEARNER","stage":"run","model":"smartcam","target":"aarch64-unknown-linux-gnu","attempted":23,"completed":23,"fail_input":0,"fail_invoke":0,"fail_output":0,"mean_us":8847009.75,"max_us":14813819.94,"last_us":8449148.19,"out0":0.85892,"out":[0.858921,0.111592,0.029487]}
{"app":"AI_LEARNER","stage":"mem","model":"smartcam","target":"aarch64-unknown-linux-gnu","completed":23,"hal_peak":9382092,"peak_within_bounded":true,"admitted_budget_bytes":1907615220,"peak_within_admitted_budget":true,"admission_mode":"unconditional","hal_bytes_per_call_amortized":8806158.8,"process_rss_kb":25156,"process_rss_delta_init_kb":1740}
EVS Port1 1980-012-14:16:29.00595 66/1/CFE_TIME 21: Stop FLYWHEEL
EVS Port1 1980-012-14:16:29.99000 66/1/CFE_TIME 20: Start FLYWHEEL
.EVS Port1 1980-012-14:16:33.57667 66/1/AI_LEARNER 4: AI_LEARNER completed=24/24 mean=8753395.1us max=14813819.9us hal_peak=9382092 within_bounded=1
{"app":"AI_LEARNER","stage":"run","model":"smartcam","target":"aarch64-unknown-linux-gnu","attempted":24,"completed":24,"fail_input":0,"fail_invoke":0,"fail_output":0,"mean_us":8753395.09,"max_us":14813819.94,"last_us":6600257.90,"out0":0.85892,"out":[0.858921,0.111592,0.029487]}
{"app":"AI_LEARNER","stage":"mem","model":"smartcam","target":"aarch64-unknown-linux-gnu","completed":24,"hal_peak":9382092,"peak_within_bounded":true,"admitted_budget_bytes":1907615220,"peak_within_admitted_budget":true,"admission_mode":"unconditional","hal_bytes_per_call_amortized":8805068.0,"process_rss_kb":25156,"process_rss_delta_init_kb":1740}
.EVS Port1 1980-012-14:16:40.33847 66/1/CFE_TIME 20: Start FLYWHEEL
EVS Port1 1980-012-14:16:40.00677 66/1/CFE_TIME 21: Stop FLYWHEEL
EVS Port1 1980-012-14:16:41.15223 66/1/AI_LEARNER 4: AI_LEARNER completed=25/25 mean=8719743.6us max=14813819.9us hal_peak=9382092 within_bounded=1
{"app":"AI_LEARNER","stage":"run","model":"smartcam","target":"aarch64-unknown-linux-gnu","attempted":25,"completed":25,"fail_input":0,"fail_invoke":0,"fail_output":0,"mean_us":8719743.59,"max_us":14813819.94,"last_us":7912107.66,"out0":0.85892,"out":[0.858921,0.111592,0.029487]}
{"app":"AI_LEARNER","stage":"mem","model":"smartcam","target":"aarch64-unknown-linux-gnu","completed":25,"hal_peak":9382092,"peak_within_bounded":true,"admitted_budget_bytes":1907615220,"peak_within_admitted_budget":true,"admission_mode":"unconditional","hal_bytes_per_call_amortized":8804064.5,"process_rss_kb":25156,"process_rss_delta_init_kb":1740}
.EVS Port1 1980-012-14:16:45.00515 66/1/CFE_TIME 21: Stop FLYWHEEL
EVS Port1 1980-012-14:16:45.99394 66/1/CFE_TIME 20: Start FLYWHEEL
EVS Port1 1980-012-14:16:47.71347 66/1/AI_LEARNER 4: AI_LEARNER completed=26/26 mean=8638160.6us max=14813819.9us hal_peak=9382092 within_bounded=1
{"app":"AI_LEARNER","stage":"run","model":"smartcam","target":"aarch64-unknown-linux-gnu","attempted":26,"completed":26,"fail_input":0,"fail_invoke":0,"fail_output":0,"mean_us":8638160.64,"max_us":14813819.94,"last_us":6598586.82,"out0":0.85892,"out":[0.858921,0.111592,0.029487]}
{"app":"AI_LEARNER","stage":"mem","model":"smartcam","target":"aarch64-unknown-linux-gnu","completed":26,"hal_peak":9382092,"peak_within_bounded":true,"admitted_budget_bytes":1907615220,"peak_within_admitted_budget":true,"admission_mode":"unconditional","hal_bytes_per_call_amortized":8803138.2,"process_rss_kb":25156,"process_rss_delta_init_kb":1740}
.EVS Port1 1980-012-14:16:55.00720 66/1/CFE_TIME 21: Stop FLYWHEEL
.EVS Port1 1980-012-14:16:55.37606 66/1/AI_LEARNER 4: AI_LEARNER completed=27/27 mean=8603789.8us max=14813819.9us hal_peak=9382092 within_bounded=1
{"app":"AI_LEARNER","stage":"run","model":"smartcam","target":"aarch64-unknown-linux-gnu","attempted":27,"completed":27,"fail_input":0,"fail_invoke":0,"fail_output":0,"mean_us":8603789.81,"max_us":14813819.94,"last_us":7710148.38,"out0":0.85892,"out":[0.858921,0.111592,0.029487]}
{"app":"AI_LEARNER","stage":"mem","model":"smartcam","target":"aarch64-unknown-linux-gnu","completed":27,"hal_peak":9382092,"peak_within_bounded":true,"admitted_budget_bytes":1907615220,"peak_within_admitted_budget":true,"admission_mode":"unconditional","hal_bytes_per_call_amortized":8802280.4,"process_rss_kb":25156,"process_rss_delta_init_kb":1740}
EVS Port1 1980-012-14:16:55.99600 66/1/CFE_TIME 20: Start FLYWHEEL
.EVS Port1 1980-012-14:17:04.68333 66/1/AI_LEARNER 4: AI_LEARNER completed=28/28 mean=8629853.2us max=14813819.9us hal_peak=9382092 within_bounded=1
{"app":"AI_LEARNER","stage":"run","model":"smartcam","target":"aarch64-unknown-linux-gnu","attempted":28,"completed":28,"fail_input":0,"fail_invoke":0,"fail_output":0,"mean_us":8629853.17,"max_us":14813819.94,"last_us":9333563.89,"out0":0.85892,"out":[0.858921,0.111592,0.029487]}
{"app":"AI_LEARNER","stage":"mem","model":"smartcam","target":"aarch64-unknown-linux-gnu","completed":28,"hal_peak":9382092,"peak_within_bounded":true,"admitted_budget_bytes":1907615220,"peak_within_admitted_budget":true,"admission_mode":"unconditional","hal_bytes_per_call_amortized":8801484.0,"process_rss_kb":25156,"process_rss_delta_init_kb":1740}
EVS Port1 1980-012-14:17:07.01460 66/1/CFE_TIME 21: Stop FLYWHEEL
.EVS Port1 1980-012-14:17:08.00556 66/1/CFE_TIME 20: Start FLYWHEEL
EVS Port1 1980-012-14:17:11.42744 66/1/CFE_TIME 20: Start FLYWHEEL
EVS Port1 1980-012-14:17:12.00750 66/1/CFE_TIME 21: Stop FLYWHEEL
.EVS Port1 1980-012-14:17:13.05639 66/1/AI_LEARNER 4: AI_LEARNER completed=29/29 mean=8638431.7us max=14813819.9us hal_peak=9382092 within_bounded=1
{"app":"AI_LEARNER","stage":"run","model":"smartcam","target":"aarch64-unknown-linux-gnu","attempted":29,"completed":29,"fail_input":0,"fail_invoke":0,"fail_output":0,"mean_us":8638431.66,"max_us":14813819.94,"last_us":8878629.34,"out0":0.85892,"out":[0.858921,0.111592,0.029487]}
{"app":"AI_LEARNER","stage":"mem","model":"smartcam","target":"aarch64-unknown-linux-gnu","completed":29,"hal_peak":9382092,"peak_within_bounded":true,"admitted_budget_bytes":1907615220,"peak_within_admitted_budget":true,"admission_mode":"unconditional","hal_bytes_per_call_amortized":8800742.5,"process_rss_kb":25156,"process_rss_delta_init_kb":1740}
EVS Port1 1980-012-14:17:15.01995 66/1/CFE_TIME 21: Stop FLYWHEEL
EVS Port1 1980-012-14:17:15.99467 66/1/CFE_TIME 20: Start FLYWHEEL
.EVS Port1 1980-012-14:17:21.70384 66/1/AI_LEARNER 4: AI_LEARNER completed=30/30 mean=8676602.5us max=14813819.9us hal_peak=9382092 within_bounded=1
{"app":"AI_LEARNER","stage":"run","model":"smartcam","target":"aarch64-unknown-linux-gnu","attempted":30,"completed":30,"fail_input":0,"fail_invoke":0,"fail_output":0,"mean_us":8676602.50,"max_us":14813819.94,"last_us":9783556.93,"out0":0.85892,"out":[0.858921,0.111592,0.029487]}
{"app":"AI_LEARNER","stage":"mem","model":"smartcam","target":"aarch64-unknown-linux-gnu","completed":30,"hal_peak":9382092,"peak_within_bounded":true,"admitted_budget_bytes":1907615220,"peak_within_admitted_budget":true,"admission_mode":"unconditional","hal_bytes_per_call_amortized":8800050.4,"process_rss_kb":25156,"process_rss_delta_init_kb":1740}
.EVS Port1 1980-012-14:17:25.18295 66/1/CFE_TIME 20: Start FLYWHEEL
..EVS Port1 1980-012-14:17:39.51786 66/1/AI_LEARNER 4: AI_LEARNER completed=31/31 mean=8971486.2us max=17817996.9us hal_peak=9382092 within_bounded=1
{"app":"AI_LEARNER","stage":"run","model":"smartcam","target":"aarch64-unknown-linux-gnu","attempted":31,"completed":31,"fail_input":0,"fail_invoke":0,"fail_output":0,"mean_us":8971486.20,"max_us":17817996.94,"last_us":17817996.94,"out0":0.85892,"out":[0.858921,0.111592,0.029487]}
{"app":"AI_LEARNER","stage":"mem","model":"smartcam","target":"aarch64-unknown-linux-gnu","completed":31,"hal_peak":9382092,"peak_within_bounded":true,"admitted_budget_bytes":1907615220,"peak_within_admitted_budget":true,"admission_mode":"unconditional","hal_bytes_per_call_amortized":8799403.0,"process_rss_kb":25156,"process_rss_delta_init_kb":1740}
...EVS Port1 1980-012-14:17:54.46310 66/1/AI_LEARNER 4: AI_LEARNER completed=32/32 mean=9157551.3us max=17817996.9us hal_peak=9382092 within_bounded=1
{"app":"AI_LEARNER","stage":"run","model":"smartcam","target":"aarch64-unknown-linux-gnu","attempted":32,"completed":32,"fail_input":0,"fail_invoke":0,"fail_output":0,"mean_us":9157551.28,"max_us":17817996.94,"last_us":14925568.82,"out0":0.85892,"out":[0.858921,0.111592,0.029487]}
{"app":"AI_LEARNER","stage":"mem","model":"smartcam","target":"aarch64-unknown-linux-gnu","completed":32,"hal_peak":9382092,"peak_within_bounded":true,"admitted_budget_bytes":1907615220,"peak_within_admitted_budget":true,"admission_mode":"unconditional","hal_bytes_per_call_amortized":8798796.0,"process_rss_kb":25156,"process_rss_delta_init_kb":1740}
EVS Port1 1980-012-14:17:54.00776 66/1/CFE_TIME 21: Stop FLYWHEEL
EVS Port1 1980-012-14:17:58.10697 66/1/CFE_TIME 20: Start FLYWHEEL
EVS Port1 1980-012-14:17:58.00434 66/1/CFE_TIME 21: Stop FLYWHEEL
.EVS Port1 1980-012-14:18:02.65275 66/1/CFE_TIME 20: Start FLYWHEEL
EVS Port1 1980-012-14:18:05.30349 66/1/AI_LEARNER 4: AI_LEARNER completed=33/33 mean=9230515.8us max=17817996.9us hal_peak=9382092 within_bounded=1
{"app":"AI_LEARNER","stage":"run","model":"smartcam","target":"aarch64-unknown-linux-gnu","attempted":33,"completed":33,"fail_input":0,"fail_invoke":0,"fail_output":0,"mean_us":9230515.81,"max_us":17817996.94,"last_us":11565380.86,"out0":0.85892,"out":[0.858921,0.111592,0.029487]}
{"app":"AI_LEARNER","stage":"mem","model":"smartcam","target":"aarch64-unknown-linux-gnu","completed":33,"hal_peak":9382092,"peak_within_bounded":true,"admitted_budget_bytes":1907615220,"peak_within_admitted_budget":true,"admission_mode":"unconditional","hal_bytes_per_call_amortized":8798225.8,"process_rss_kb":25156,"process_rss_delta_init_kb":1740}
.EVS Port1 1980-012-14:18:08.01028 66/1/CFE_TIME 21: Stop FLYWHEEL
EVS Port1 1980-012-14:18:10.01420 66/1/CFE_TIME 21: Stop FLYWHEEL
EVS Port1 1980-012-14:18:11.01574 66/1/CFE_TIME 20: Start FLYWHEEL
.EVS Port1 1980-012-14:18:12.00776 66/1/CFE_TIME 21: Stop FLYWHEEL
EVS Port1 1980-012-14:18:12.98251 66/1/CFE_TIME 20: Start FLYWHEEL
EVS Port1 1980-012-14:18:15.48327 66/1/AI_LEARNER 4: AI_LEARNER completed=34/34 mean=9276298.0us max=17817996.9us hal_peak=9382092 within_bounded=1
{"app":"AI_LEARNER","stage":"run","model":"smartcam","target":"aarch64-unknown-linux-gnu","attempted":34,"completed":34,"fail_input":0,"fail_invoke":0,"fail_output":0,"mean_us":9276298.00,"max_us":17817996.94,"last_us":10787110.21,"out0":0.85892,"out":[0.858921,0.111592,0.029487]}
{"app":"AI_LEARNER","stage":"mem","model":"smartcam","target":"aarch64-unknown-linux-gnu","completed":34,"hal_peak":9382092,"peak_within_bounded":true,"admitted_budget_bytes":1907615220,"peak_within_admitted_budget":true,"admission_mode":"unconditional","hal_bytes_per_call_amortized":8797689.2,"process_rss_kb":25156,"process_rss_delta_init_kb":1740}
EVS Port1 1980-012-14:18:16.01101 66/1/CFE_TIME 21: Stop FLYWHEEL
EVS Port1 1980-012-14:18:17.00086 66/1/CFE_TIME 20: Start FLYWHEEL
.EVS Port1 1980-012-14:18:22.31292 66/1/AI_LEARNER 4: AI_LEARNER completed=35/35 mean=9206468.4us max=17817996.9us hal_peak=9382092 within_bounded=1
{"app":"AI_LEARNER","stage":"run","model":"smartcam","target":"aarch64-unknown-linux-gnu","attempted":35,"completed":35,"fail_input":0,"fail_invoke":0,"fail_output":0,"mean_us":9206468.36,"max_us":17817996.94,"last_us":6832260.77,"out0":0.85892,"out":[0.858921,0.111592,0.029487]}
{"app":"AI_LEARNER","stage":"mem","model":"smartcam","target":"aarch64-unknown-linux-gnu","completed":35,"hal_peak":9382092,"peak_within_bounded":true,"admitted_budget_bytes":1907615220,"peak_within_admitted_budget":true,"admission_mode":"unconditional","hal_bytes_per_call_amortized":8797183.2,"process_rss_kb":25156,"process_rss_delta_init_kb":1740}
.{"app":"AI_LEARNER","stage":"run","model":"smartcam","target":"aarch64-unknown-linux-gnu","attempted":36,"completed":36,"fail_input":0,"fail_invoke":0,"fail_output":0,"mean_us":9139347.41,"max_us":17817996.94,"last_us":6790114.16,"out0":0.85892,"out":[0.858921,0.111592,0.029487]}
EVS Port1 1980-012-14:18:29.09941 66/1/AI_LEARNER 4: AI_LEARNER completed=36/36 mean=9139347.4us max=17817996.9us hal_peak=9382092 within_bounded=1
{"app":"AI_LEARNER","stage":"mem","model":"smartcam","target":"aarch64-unknown-linux-gnu","completed":36,"hal_peak":9382092,"peak_within_bounded":true,"admitted_budget_bytes":1907615220,"peak_within_admitted_budget":true,"admission_mode":"unconditional","hal_bytes_per_call_amortized":8796705.3,"process_rss_kb":25156,"process_rss_delta_init_kb":1740}
..{"app":"AI_LEARNER","stage":"run","model":"smartcam","target":"aarch64-unknown-linux-gnu","attempted":37,"completed":37,"fail_input":0,"fail_invoke":0,"fail_output":0,"mean_us":9077768.79,"max_us":17817996.94,"last_us":6860938.30,"out0":0.85892,"out":[0.858921,0.111592,0.029487]}
EVS Port1 1980-012-14:18:35.95823 66/1/AI_LEARNER 4: AI_LEARNER completed=37/37 mean=9077768.8us max=17817996.9us hal_peak=9382092 within_bounded=1
{"app":"AI_LEARNER","stage":"mem","model":"smartcam","target":"aarch64-unknown-linux-gnu","completed":37,"hal_peak":9382092,"peak_within_bounded":true,"admitted_budget_bytes":1907615220,"peak_within_admitted_budget":true,"admission_mode":"unconditional","hal_bytes_per_call_amortized":8796253.3,"process_rss_kb":25156,"process_rss_delta_init_kb":1740}
EVS Port1 1980-012-14:18:36.04905 66/1/CFE_TIME 21: Stop FLYWHEEL
EVS Port1 1980-012-14:18:36.99354 66/1/CFE_TIME 20: Start FLYWHEEL
.EVS Port1 1980-012-14:18:42.70979 66/1/AI_LEARNER 4: AI_LEARNER completed=38/38 mean=9017490.9us max=17817996.9us hal_peak=9382092 within_bounded=1
{"app":"AI_LEARNER","stage":"run","model":"smartcam","target":"aarch64-unknown-linux-gnu","attempted":38,"completed":38,"fail_input":0,"fail_invoke":0,"fail_output":0,"mean_us":9017490.89,"max_us":17817996.94,"last_us":6787208.58,"out0":0.85892,"out":[0.858921,0.111592,0.029487]}
{"app":"AI_LEARNER","stage":"mem","model":"smartcam","target":"aarch64-unknown-linux-gnu","completed":38,"hal_peak":9382092,"peak_within_bounded":true,"admitted_budget_bytes":1907615220,"peak_within_admitted_budget":true,"admission_mode":"unconditional","hal_bytes_per_call_amortized":8795825.1,"process_rss_kb":25156,"process_rss_delta_init_kb":1740}
.EVS Port1 1980-012-14:18:49.00537 66/1/CFE_TIME 21: Stop FLYWHEEL
EVS Port1 1980-012-14:18:49.99604 66/1/CFE_TIME 20: Start FLYWHEEL
EVS Port1 1980-012-14:18:50.09481 66/1/AI_LEARNER 4: AI_LEARNER completed=39/39 mean=8975234.9us max=17817996.9us hal_peak=9382092 within_bounded=1
{"app":"AI_LEARNER","stage":"run","model":"smartcam","target":"aarch64-unknown-linux-gnu","attempted":39,"completed":39,"fail_input":0,"fail_invoke":0,"fail_output":0,"mean_us":8975234.85,"max_us":17817996.94,"last_us":7369505.54,"out0":0.85892,"out":[0.858921,0.111592,0.029487]}
{"app":"AI_LEARNER","stage":"mem","model":"smartcam","target":"aarch64-unknown-linux-gnu","completed":39,"hal_peak":9382092,"peak_within_bounded":true,"admitted_budget_bytes":1907615220,"peak_within_admitted_budget":true,"admission_mode":"unconditional","hal_bytes_per_call_amortized":8795418.8,"process_rss_kb":25156,"process_rss_delta_init_kb":1740}
.{"app":"AI_LEARNER","stage":"run","model":"smartcam","target":"aarch64-unknown-linux-gnu","attempted":40,"completed":40,"fail_input":0,"fail_invoke":0,"fail_output":0,"mean_us":8964572.58,"max_us":17817996.94,"last_us":8548743.81,"out0":0.85892,"out":[0.858921,0.111592,0.029487]}
EVS Port1 1980-012-14:18:58.62145 66/1/AI_LEARNER 4: AI_LEARNER completed=40/40 mean=8964572.6us max=17817996.9us hal_peak=9382092 within_bounded=1
{"app":"AI_LEARNER","stage":"mem","model":"smartcam","target":"aarch64-unknown-linux-gnu","completed":40,"hal_peak":9382092,"peak_within_bounded":true,"admitted_budget_bytes":1907615220,"peak_within_admitted_budget":true,"admission_mode":"unconditional","hal_bytes_per_call_amortized":8795032.8,"process_rss_kb":25156,"process_rss_delta_init_kb":1740}
EVS Port1 1980-012-14:18:59.00466 66/1/CFE_TIME 21: Stop FLYWHEEL
.EVS Port1 1980-012-14:19:00.00152 66/1/CFE_TIME 20: Start FLYWHEEL
.EVS Port1 1980-012-14:19:06.09855 66/1/AI_LEARNER 4: AI_LEARNER completed=41/41 mean=8928622.4us max=17817996.9us hal_peak=9382092 within_bounded=1
{"app":"AI_LEARNER","stage":"run","model":"smartcam","target":"aarch64-unknown-linux-gnu","attempted":41,"completed":41,"fail_input":0,"fail_invoke":0,"fail_output":0,"mean_us":8928622.38,"max_us":17817996.94,"last_us":7490614.66,"out0":0.85892,"out":[0.858921,0.111592,0.029487]}
{"app":"AI_LEARNER","stage":"mem","model":"smartcam","target":"aarch64-unknown-linux-gnu","completed":41,"hal_peak":9382092,"peak_within_bounded":true,"admitted_budget_bytes":1907615220,"peak_within_admitted_budget":true,"admission_mode":"unconditional","hal_bytes_per_call_amortized":8794665.7,"process_rss_kb":25156,"process_rss_delta_init_kb":1740}
EVS Port1 1980-012-14:19:06.00427 66/1/CFE_TIME 21: Stop FLYWHEEL
EVS Port1 1980-012-14:19:06.99765 66/1/CFE_TIME 20: Start FLYWHEEL
.EVS Port1 1980-012-14:19:13.00427 66/1/CFE_TIME 21: Stop FLYWHEEL
EVS Port1 1980-012-14:19:13.03834 66/1/AI_LEARNER 4: AI_LEARNER completed=42/42 mean=8886802.6us max=17817996.9us hal_peak=9382092 within_bounded=1
{"app":"AI_LEARNER","stage":"run","model":"smartcam","target":"aarch64-unknown-linux-gnu","attempted":42,"completed":42,"fail_input":0,"fail_invoke":0,"fail_output":0,"mean_us":8886802.60,"max_us":17817996.94,"last_us":7172191.46,"out0":0.85892,"out":[0.858921,0.111592,0.029487]}
{"app":"AI_LEARNER","stage":"mem","model":"smartcam","target":"aarch64-unknown-linux-gnu","completed":42,"hal_peak":9382092,"peak_within_bounded":true,"admitted_budget_bytes":1907615220,"peak_within_admitted_budget":true,"admission_mode":"unconditional","hal_bytes_per_call_amortized":8794316.0,"process_rss_kb":25156,"process_rss_delta_init_kb":1740}
EVS Port1 1980-012-14:19:14.00422 66/1/CFE_TIME 20: Start FLYWHEEL
.{"app":"AI_LEARNER","stage":"run","model":"smartcam","target":"aarch64-unknown-linux-gnu","attempted":43,"completed":43,"fail_input":0,"fail_invoke":0,"fail_output":0,"mean_us":8857628.93,"max_us":17817996.94,"last_us":7632334.86,"out0":0.85892,"out":[0.858921,0.111592,0.029487]}
EVS Port1 1980-012-14:19:20.67341 66/1/AI_LEARNER 4: AI_LEARNER completed=43/43 mean=8857628.9us max=17817996.9us hal_peak=9382092 within_bounded=1
{"app":"AI_LEARNER","stage":"mem","model":"smartcam","target":"aarch64-unknown-linux-gnu","completed":43,"hal_peak":9382092,"peak_within_bounded":true,"admitted_budget_bytes":1907615220,"peak_within_admitted_budget":true,"admission_mode":"unconditional","hal_bytes_per_call_amortized":8793982.6,"process_rss_kb":25156,"process_rss_delta_init_kb":1740}
.EVS Port1 1980-012-14:19:27.32354 66/1/CFE_TIME 20: Start FLYWHEEL
..EVS Port1 1980-012-14:19:37.07334 66/1/AI_LEARNER 4: AI_LEARNER completed=44/44 mean=9028999.8us max=17817996.9us hal_peak=9382092 within_bounded=1
{"app":"AI_LEARNER","stage":"run","model":"smartcam","target":"aarch64-unknown-linux-gnu","attempted":44,"completed":44,"fail_input":0,"fail_invoke":0,"fail_output":0,"mean_us":9028999.77,"max_us":17817996.94,"last_us":16397945.66,"out0":0.85892,"out":[0.858921,0.111592,0.029487]}
{"app":"AI_LEARNER","stage":"mem","model":"smartcam","target":"aarch64-unknown-linux-gnu","completed":44,"hal_peak":9382092,"peak_within_bounded":true,"admitted_budget_bytes":1907615220,"peak_within_admitted_budget":true,"admission_mode":"unconditional","hal_bytes_per_call_amortized":8793664.4,"process_rss_kb":25156,"process_rss_delta_init_kb":1740}
.EVS Port1 1980-012-14:19:42.00434 66/1/CFE_TIME 21: Stop FLYWHEEL
EVS Port1 1980-012-14:19:45.29855 66/1/CFE_TIME 20: Start FLYWHEEL
.EVS Port1 1980-012-14:19:49.09196 66/1/AI_LEARNER 4: AI_LEARNER completed=45/45 mean=9110522.4us max=17817996.9us hal_peak=9382092 within_bounded=1
{"app":"AI_LEARNER","stage":"run","model":"smartcam","target":"aarch64-unknown-linux-gnu","attempted":45,"completed":45,"fail_input":0,"fail_invoke":0,"fail_output":0,"mean_us":9110522.38,"max_us":17817996.94,"last_us":12697517.28,"out0":0.85892,"out":[0.858921,0.111592,0.029487]}
{"app":"AI_LEARNER","stage":"mem","model":"smartcam","target":"aarch64-unknown-linux-gnu","completed":45,"hal_peak":9382092,"peak_within_bounded":true,"admitted_budget_bytes":1907615220,"peak_within_admitted_budget":true,"admission_mode":"unconditional","hal_bytes_per_call_amortized":8793360.3,"process_rss_kb":25156,"process_rss_delta_init_kb":1740}
1980-012-14:19:51.30847 CFE_ES_RunExceptionScan: ExceptionID 0x1110004 in TaskID 0: Caught SIGINT
1980-012-14:19:51.31660 CFE_ES_RunExceptionScan: Maximum Processor Reset count reached (2)
CFE_PSP: Exiting cFE with POWERON Reset status.
CFE_PSP: Critical Data Store Shared memory segment removed
Reset Area Shared memory segment removed
User Reserved Area Shared memory segment removed

CFE_PSP: Shutdown initiated - Exiting cFE
CI delete callback -- Closing CI Network socket.
TO delete callback -- Closing TO Network socket.
...EXIT=137
