OS_BSP_Initialize():Maximum user msg queue depth = 512
CFE_PSP: Default Reset SubType = 1
CFE_PSP: Default CPU ID = 1
CFE_PSP: Default Spacecraft ID = 66
CFE_PSP: Default CPU Name: cpu1
OS_Posix_GetSchedulerParams():208:Policy 1: available, min-max: 1-99
OS_Posix_GetSchedulerParams():208:Policy 2: available, min-max: 1-99
OS_Posix_TaskAPI_Impl_Init():401:Selected policy 2 for RT tasks, root task = 99
OS_Posix_TaskAPI_Impl_Init():419:Could not setschedparam in main thread: Operation not permitted (1)
CFE_PSP: initializing module 'soft_timebase' with ID 0110ff00
CFE_PSP: Instantiated software timebase 'cFS-Master' running at 10000 usec
CFE_PSP: initializing module 'timebase_posix_clock' with ID 0110ff01
CFE_PSP: Using POSIX monotonic clock as CFE timebase
CFE_PSP: initializing module 'eeprom_mmap_file' with ID 0110ff02
CFE_PSP: Using MMAP simulated EEPROM implementation
CFE_PSP: initializing module 'port_notimpl' with ID 0110ff03
CFE_PSP: EEPROM Range (2) created: Start Address = FF4F649BE000, Size = 00080000 Status = 0
CFE_PSP: I/O Port access not implemented
CFE_PSP: initializing module 'iodriver' with ID 0110ff04
CFE_PSP: initializing module 'linux_sysmon' with ID 0110ff05
CFE_PSP: initializing module 'endian_api' with ID 0110ff06
CFE_PSP: Host CPU Endian=LITTLE
CFE_PSP: initializing module 'ram_notimpl' with ID 0110ff07
CFE_PSP: Physical RAM access not implemented
CFE_PSP: Normal exit from previous cFE instance
CFE_PSP: Starting the cFE with a PROCESSOR reset.
1980-001-08:04:27.96856 CFE_ES_Main: CFE_ES_Main in EARLY_INIT state
1980-001-08:04:27.98171 CFE_ES_InitializeFileSystems: Volatile Disk has 100 Percent free space.
Number of addresses returned by backtrace = 1
CFE_PSP: CFE_PSP_AttachExceptions called
1980-001-08:04:28.00288 CFE_ES_Main: CFE_ES_Main entering CORE_STARTUP state
1980-001-08:04:28.00309 CFE_ES_CreateObjects: Starting Object Creation calls.
1980-001-08:04:28.00555 CFE_ES_CreateObjects: Calling EarlyInit for CFE_CONFIG
1980-001-08:04:28.01083 CFE_ES_CreateObjects: Calling EarlyInit for CFE_ES
1980-001-08:04:28.01582 CFE_ES_CreateObjects: Calling EarlyInit for CFE_EVS
1980-001-08:04:28.01984 CFE_EVS_EarlyInit: Event Log restored, n=0, c=20, f=1, m=1, o=154
1980-001-08:04:28.02166 CFE_ES_CreateObjects: Calling EarlyInit for CFE_FS
1980-001-08:04:28.02203 CFE_ES_CreateObjects: Calling EarlyInit for CFE_SB
1980-001-08:04:28.03743 CFE_ES_CreateObjects: Calling EarlyInit for CFE_TBL
1980-001-08:04:28.07224 CFE_ES_CreateObjects: Calling EarlyInit for CFE_TIME
EVS Port1 1980-012-14:08:08.78276 66/1/CFE_ES 1: cFE ES Initialized: CFE_ES v7.0.1+dev1 (Draco) DEV BUILD, based on v7.0.1, EDS disabled
EVS Port1 1980-012-14:08:08.79084 66/1/CFE_ES 2: cFS Versions: cfe v7.0.1+dev1, osal v7.0.1+dev1, psp v7.0.1+dev1. cFE chksm 31659
EVS Port1 1980-012-14:08:08.79580 66/1/CFE_ES 91: Version Info: Mission SampleMission, version git:v7.0.1-90-g78c23b0-dirty
EVS Port1 1980-012-14:08:08.79972 66/1/CFE_ES 91: Version Info: Module CORE_API, version git:2612eb0
EVS Port1 1980-012-14:08:08.80064 66/1/CFE_ES 91: Version Info: Module CONFIG, version git:2612eb0
EVS Port1 1980-012-14:08:08.80273 66/1/CFE_ES 91: Version Info: Module ES, version git:2612eb0
EVS Port1 1980-012-14:08:08.80357 66/1/CFE_ES 91: Version Info: Module EVS, version git:2612eb0
EVS Port1 1980-012-14:08:08.80393 66/1/CFE_ES 91: Version Info: Module FS, version git:2612eb0
EVS Port1 1980-012-14:08:08.80673 66/1/CFE_ES 91: Version Info: Module SB, version git:2612eb0
EVS Port1 1980-012-14:08:08.81065 66/1/CFE_ES 91: Version Info: Module TBL, version git:2612eb0
EVS Port1 1980-012-14:08:08.81152 66/1/CFE_ES 91: Version Info: Module TIME, version git:2612eb0
EVS Port1 1980-012-14:08:08.81190 66/1/CFE_ES 91: Version Info: Module OSAL, version git:8111e4a
EVS Port1 1980-012-14:08:08.81365 66/1/CFE_ES 91: Version Info: Module PSP, version git:d1da809
EVS Port1 1980-012-14:08:08.81549 66/1/CFE_ES 91: Version Info: Module MSG, version git:2612eb0
EVS Port1 1980-012-14:08:08.81602 66/1/CFE_ES 91: Version Info: Module SBR, version git:2612eb0
EVS Port1 1980-012-14:08:08.81683 66/1/CFE_ES 91: Version Info: Module RESOURCEID, version git:2612eb0
EVS Port1 1980-012-14:08:08.82191 66/1/CFE_ES 92: Build 202609111416 by root@vm, config aarch64
EVS Port1 1980-012-14:08:08.91989 66/1/CFE_EVS 1: cFE EVS Initialized: CFE_EVS v7.0.1+dev1 (Draco) DEV BUILD, based on v7.0.1, EDS disabled
1980-012-14:08:09.03567 CFE_SB_AppInit: Registered 4 events for filtering
EVS Port1 1980-012-14:08:09.04484 66/1/CFE_SB 1: cFE SB Initialized: CFE_SB v7.0.1+dev1 (Draco) DEV BUILD, based on v7.0.1, EDS disabled
EVS Port1 1980-012-14:08:09.05084 66/1/CFE_SB 14: No subscribers for MsgId 0x808,sender CFE_SB
EVS Port1 1980-012-14:08:09.14440 66/1/CFE_TBL 1: cFE TBL Initialized: CFE_TBL v7.0.1+dev1 (Draco) DEV BUILD, based on v7.0.1, EDS disabled
EVS Port1 1980-012-14:08:09.14859 66/1/CFE_SB 14: No subscribers for MsgId 0x808,sender CFE_TBL
EVS Port1 1980-012-14:08:09.26948 66/1/CFE_TIME 1: cFE TIME Initialized: CFE_TIME v7.0.1+dev1 (Draco) DEV BUILD, based on v7.0.1, EDS disabled
EVS Port1 1980-012-14:08:09.26998 66/1/CFE_SB 14: No subscribers for MsgId 0x808,sender CFE_TIME
1980-012-14:08:09.29452 CFE_ES_CreateObjects: Finished ES CreateObject table entries.
1980-012-14:08:09.29489 CFE_ES_Main: CFE_ES_Main entering CORE_READY state
OS_FileOpen_Impl():110:open(/dev/shm/osal:RAM/cfe_es_startup.scr): No such file or directory
1980-012-14:08:09.30563 CFE_ES_OpenStartupScript: Cannot Open Volatile Startup file: /ram/cfe_es_startup.scr, Trying Nonvolatile.
1980-012-14:08:09.30994 CFE_ES_OpenStartupScript: Opened ES App Startup file: /cf/cfe_es_startup.scr
1980-012-14:08:09.33886 CFE_ES_ParseFileEntry: Loading shared library: /cf/cfe_assert.so
1980-012-14:08:09.36130 [BEGIN] CFE FUNCTIONAL TEST
1980-012-14:08:09.36376 [BEGIN] 01 CFE-STARTUP
1980-012-14:08:09.40038 CFE_ES_ParseFileEntry: Loading shared library: /cf/sample_lib.so
SAMPLE Lib Initialized.Sample Lib v7.0.0+dev1 (Draco) DEV BUILD, based on v7.0.1, EDS disabled
1980-012-14:08:09.43949 CFE_ES_ParseFileEntry: Loading file: /cf/sch_lab.so, APP: SCH_LAB
1980-012-14:08:09.47377 CFE_ES_ParseFileEntry: Loading file: /cf/ci_lab.so, APP: CI_LAB
1980-012-14:08:09.50156 CFE_ES_ParseFileEntry: Loading file: /cf/to_lab.so, APP: TO_LAB
SCH Lab Initialized.SCH Lab v7.0.1+dev1 (Draco) DEV BUILD, based on v7.0.1, EDS disabled
1980-012-14:08:09.56183 CFE_ES_ParseFileEntry: Loading file: /cf/sample_app.so, APP: SAMPLE_APP
EVS Port1 1980-012-14:08:09.59645 66/1/TO_LAB 1: TO Lab Initialized.TO Lab v7.0.1+dev1 (Draco) DEV BUILD, based on v7.0.1, EDS disabled, Awaiting enable command.
EVS Port1 1980-012-14:08:09.60079 66/1/CFE_SB 14: No subscribers for MsgId 0x808,sender TO_LAB
1980-012-14:08:09.65444 CFE_ES_ParseFileEntry: Loading file: /cf/ai_learner.so, APP: AI_LEARNER
1980-012-14:08:09.65575 CI_LAB listening on UDP port: 1234
EVS Port1 1980-012-14:08:09.65982 66/1/CI_LAB 3: CI Lab Initialized.CI Lab App v7.0.1+dev1 (Draco) DEV BUILD, based on v7.0.1, EDS disabled
EVS Port1 1980-012-14:08:09.67092 66/1/SAMPLE_APP 1: Sample App Initialized.Sample App v7.0.0+dev1 (Draco) DEV BUILD, based on v7.0.1, EDS disabled
1980-012-14:08:09.71092 CFE_ES_ParseFileEntry: Loading file: /cf/lc.so, APP: LC
1980-012-14:08:09.73995 CFE_ES_ParseFileEntry: Loading file: /cf/cf.so, APP: CF
{"app":"AI_LEARNER","stage":"build_config","model":"b3_deepae","allow_conditional_map":0,"contract_bounded_bytes":1069632,"contract_per_call_bytes":6208,"contract_const_bytes":1063424,"contract_bound_known":true,"contract_artifact_sha256":"9ff64bd168e07135c196423d44408e7780984c977912b67c8240c0db522c4d7c"}
{"app":"AI_LEARNER","stage":"stack","es_stack_size":262160,"stack_base_bytes":262144,"contract_kernel_stack_bytes":16,"kernel_stack_accounted":true}
EVS Port1 1980-012-14:08:09.76049 66/1/AI_LEARNER 8: AI_LEARNER stack: es=262160 base=262144 kernel=16 accounted=1
{"app":"AI_LEARNER","stage":"admission","verdict":"ADMIT","model":"b3_deepae","target":"aarch64-unknown-linux-gnu","bounded":1069632,"budget":1916708942,"budget_source":"override","per_call":6208,"constants":1063424,"kernel_stack_bytes":16,"bound_known":true,"scope":"per_app_local_budget"}
EVS Port1 1980-012-14:08:09.82775 66/1/LC 56: WDT verify results: good = 0, bad = 0, unused = 176
EVS Port1 1980-012-14:08:09.85494 66/1/LC 66: ADT verify results: good = 0, bad = 0, unused = 176
1980-012-14:08:09.86556 CFE_ES_ParseFileEntry: Loading file: /cf/ds.so, APP: DS
EVS Port1 1980-012-14:08:09.86682 66/1/LC 23: LC use of Critical Data Store disabled, activity mask = 0x00991990
EVS Port1 1980-012-14:08:09.87620 66/1/LC 2: LC Initialized. Version 7.0.1.255
EVS Port1 1980-012-14:08:09.92068 66/1/CF 20: CF Initialized. Version 7.0.1.255
1980-012-14:08:09.96737 CFE_ES_ParseFileEntry: Loading file: /cf/fm.so, APP: FM
EVS Port1 1980-012-14:08:10.01469 66/1/DS 10: Destination file table verify results: good entries = 6, bad = 0, unused = 10
EVS Port1 1980-012-14:08:10.04548 66/1/DS 12: Filter table verify results: good entries = 14, bad = 0, unused = 242
EVS Port1 1980-012-14:08:10.06576 66/1/DS 1: Application initialized, version 7.0.1.255, data at 0xff4f641c0460
1980-012-14:08:10.08050 CFE_ES_ParseFileEntry: Loading file: /cf/hk.so, APP: HK
EVS Port1 1980-012-14:08:10.10574 66/1/FM 80: Free Space Table verify results: good entries = 3, bad = 0, unused = 5
EVS Port1 1980-012-14:08:10.13012 66/1/FM 1: Initialization complete: version 7.0.1.255
1980-012-14:08:10.17757 CFE_ES_ParseFileEntry: Loading file: /cf/hs.so, APP: HS
EVS Port1 1980-012-14:08:10.19657 66/1/FM 72: Child Task initialization complete
EVS Port1 1980-012-14:08:10.23388 66/1/HK 1: HK Initialized.  Version 7.0.1.255
{"app":"AI_LEARNER","stage":"binding","verdict":"MATCH","artifact_bytes":1080730,"artifact_sha256":"9ff64bd168e07135","contract_sha256":"9ff64bd168e07135"}
1980-012-14:08:10.26358 CFE_ES_ParseFileEntry: Loading file: /cf/mm.so, APP: MM
EVS Port1 1980-012-14:08:10.32452 66/1/HS 54: ExeCount verify results: good = 5, bad = 0, unused = 27
EVS Port1 1980-012-14:08:10.34452 66/1/HS 50: AppMon verify results: good = 0, bad = 0, unused = 32
EVS Port1 1980-012-14:08:10.37928 66/1/HS 52: EventMon verify results: good = 0, bad = 0, unused = 16
1980-012-14:08:10.38035 CFE_ES_ParseFileEntry: Loading file: /cf/sc.so, APP: SC
EVS Port1 1980-012-14:08:10.42170 66/1/MM 1: MM Initialized. Version 7.0.1.255
EVS Port1 1980-012-14:08:10.43075 66/1/HS 56: MsgActs verify results: good = 2, bad = 0, unused = 6
1980-012-14:08:10.44643 HS_SysMonInit(): System Monitor using PSP device ID 0110ff05
{"app":"AI_LEARNER","stage":"map_branch","model":"b3_deepae","module_ptr_mod64":0,"hal_peak_after_append":0,"contract_const_bytes":1063424,"contract_per_call_bytes":6208,"arm":"map","admission_mode":"unconditional"}
CFE_PSP(Linux_SysMon): Started CPU utilization monitoring on 1 CPU(s)
EVS Port1 1980-012-14:08:10.48182 66/1/HS 1: HS Initialized.  Version 7.0.1.255
{"app":"AI_LEARNER","stage":"mem_init","model":"b3_deepae","target":"aarch64-unknown-linux-gnu","hal_peak":2560,"hal_allocated":2560,"bounded":1069632,"peak_within_bounded":true,"inferences_so_far":0,"process_rss_kb":6788,"rss_kb_before_runtime":6172,"rss_kb_after_session":6524,"rss_kb_after_init":6788}
1980-012-14:08:10.49644 CFE_ES_ParseFileEntry: Loading file: /cf/md.so, APP: MD
{"app":"AI_LEARNER","stage":"e25_mode","active":false,"inputs_path":"/cf/e25_inputs.bin"}
EVS Port1 1980-012-14:08:10.50192 66/1/AI_LEARNER 3: AI_LEARNER initialized: model b3_deepae (1080730 B), rss_delta_init=616 KB
EVS Port1 1980-012-14:08:10.56965 66/1/SC 21: RTS table files not loaded at initialization = 0 of 4
1980-012-14:08:10.57482 CFE_ES_ParseFileEntry: Loading file: /cf/cs.so, APP: CS
EVS Port1 1980-012-14:08:10.59060 66/1/MD 52: MD Dwell Tbl verify results: good = 0, bad = 0, unused = 25
EVS Port1 1980-012-14:08:10.59368 66/1/SC 9: SC Initialized. Version 7.0.1.255
EVS Port1 1980-012-14:08:10.59854 66/1/MD 3: Recovered Dwell Table #1 is valid and has been copied to the MD App
EVS Port1 1980-012-14:08:10.60887 66/1/MD 52: MD Dwell Tbl verify results: good = 0, bad = 0, unused = 25
EVS Port1 1980-012-14:08:10.61936 66/1/MD 3: Recovered Dwell Table #2 is valid and has been copied to the MD App
EVS Port1 1980-012-14:08:10.62586 66/1/MD 52: MD Dwell Tbl verify results: good = 0, bad = 0, unused = 25
EVS Port1 1980-012-14:08:10.62680 66/1/MD 3: Recovered Dwell Table #3 is valid and has been copied to the MD App
EVS Port1 1980-012-14:08:10.62974 66/1/MD 52: MD Dwell Tbl verify results: good = 0, bad = 0, unused = 25
EVS Port1 1980-012-14:08:10.63282 66/1/MD 3: Recovered Dwell Table #4 is valid and has been copied to the MD App
EVS Port1 1980-012-14:08:10.63653 66/1/MD 7: Dwell Tables Recovered: 4, Dwell Tables Initialized: 0
EVS Port1 1980-012-14:08:10.64094 66/1/MD 1: MD Initialized.  Version 7.0.1.255
EVS Port1 1980-012-14:08:10.68325 66/1/CS 144: CS EEPROM Table verification results: good = 0, bad = 0, unused = 16
EVS Port1 1980-012-14:08:10.68794 66/1/CS 107: CS EEPROM Table: No valid entries in the table
EVS Port1 1980-012-14:08:10.69563 66/1/CS 143: CS Memory Table verification results: good = 0, bad = 0, unused = 16
EVS Port1 1980-012-14:08:10.69680 66/1/CS 107: CS Memory Table: No valid entries in the table
EVS Port1 1980-012-14:08:10.70457 66/1/CS 139: CS Tables Table verification results: good = 1, bad = 0, unused = 23
EVS Port1 1980-012-14:08:10.71679 66/1/CS 142: CS Apps Table verification results: good = 0, bad = 0, unused = 24
EVS Port1 1980-012-14:08:10.72172 66/1/CS 108: CS Apps Table: No valid entries in the table
EVS Port1 1980-012-14:08:10.72294 66/1/CS 127: OS Text Segment disabled due to platform
EVS Port1 1980-012-14:08:10.72378 66/1/CS 1: CS Initialized. Version 7.0.1.255
1980-012-14:08:10.72778 CFE_ES_Main: CFE_ES_Main entering APPS_INIT state
1980-012-14:08:10.72951 CFE_ES_Main: CFE_ES_Main entering OPERATIONAL state
EVS Port1 1980-012-14:08:10.73748 66/1/TO_LAB 19: L550 TO Lab subscribed to 32 messages from the table
EVS Port1 1980-012-14:08:10.00561 66/1/CFE_TIME 21: Stop FLYWHEEL
EVS Port1 1980-012-14:08:13.74406 66/1/AI_LEARNER 4: AI_LEARNER completed=1/1 mean=19808.3us max=19808.3us hal_peak=6208 within_bounded=1
{"app":"AI_LEARNER","stage":"run","model":"b3_deepae","target":"aarch64-unknown-linux-gnu","attempted":1,"completed":1,"fail_input":0,"fail_invoke":0,"fail_output":0,"mean_us":19808.27,"max_us":19808.27,"last_us":19808.27,"out0":-34.89132,"out":[-34.891319,-19.254387,-10.698231,-6.055479,-3.156272,1.490048,-0.860534,-2.367169,-5.884599,-6.853049,-8.317361,-7.668149,-7.141639,-5.634950,-7.484860,-9.513639,-12.107039,-10.704519,-9.059523,-7.311430,-8.943243,-10.108817,-15.073160,-13.584818,-11.930336,-14.828816,-20.849394,-20.662361,-18.232008,-15.077122,-15.750715,-15.619902,-16.931551,-16.270535,-17.651590,-17.575378,-16.172056,-13.405522,-14.796816,-15.313039,-15.378397,-14.612791,-16.248327,-13.651954,-13.531722,-15.435070,-14.894404,-16.882477,-16.73428
{"app":"AI_LEARNER","stage":"mem","model":"b3_deepae","target":"aarch64-unknown-linux-gnu","completed":1,"hal_peak":6208,"peak_within_bounded":true,"admitted_budget_bytes":1916708942,"peak_within_admitted_budget":true,"admission_mode":"unconditional","hal_bytes_per_call_amortized":6208.0,"process_rss_kb":7000,"process_rss_delta_init_kb":616}
.EVS Port1 1980-012-14:08:17.68728 66/1/AI_LEARNER 4: AI_LEARNER completed=2/2 mean=15986.7us max=19808.3us hal_peak=6208 within_bounded=1
{"app":"AI_LEARNER","stage":"run","model":"b3_deepae","target":"aarch64-unknown-linux-gnu","attempted":2,"completed":2,"fail_input":0,"fail_invoke":0,"fail_output":0,"mean_us":15986.66,"max_us":19808.27,"last_us":12165.06,"out0":-34.89132,"out":[-34.891319,-19.254387,-10.698231,-6.055479,-3.156272,1.490048,-0.860534,-2.367169,-5.884599,-6.853049,-8.317361,-7.668149,-7.141639,-5.634950,-7.484860,-9.513639,-12.107039,-10.704519,-9.059523,-7.311430,-8.943243,-10.108817,-15.073160,-13.584818,-11.930336,-14.828816,-20.849394,-20.662361,-18.232008,-15.077122,-15.750715,-15.619902,-16.931551,-16.270535,-17.651590,-17.575378,-16.172056,-13.405522,-14.796816,-15.313039,-15.378397,-14.612791,-16.248327,-13.651954,-13.531722,-15.435070,-14.894404,-16.882477,-16.73428
{"app":"AI_LEARNER","stage":"mem","model":"b3_deepae","target":"aarch64-unknown-linux-gnu","completed":2,"hal_peak":6208,"peak_within_bounded":true,"admitted_budget_bytes":1916708942,"peak_within_admitted_budget":true,"admission_mode":"unconditional","hal_bytes_per_call_amortized":4928.0,"process_rss_kb":7000,"process_rss_delta_init_kb":616}
EVS Port1 1980-012-14:08:21.17190 66/1/CFE_TIME 20: Start FLYWHEEL
EVS Port1 1980-012-14:08:21.00329 66/1/CFE_TIME 21: Stop FLYWHEEL
EVS Port1 1980-012-14:08:21.67927 66/1/AI_LEARNER 4: AI_LEARNER completed=3/3 mean=14267.7us max=19808.3us hal_peak=6208 within_bounded=1
{"app":"AI_LEARNER","stage":"run","model":"b3_deepae","target":"aarch64-unknown-linux-gnu","attempted":3,"completed":3,"fail_input":0,"fail_invoke":0,"fail_output":0,"mean_us":14267.72,"max_us":19808.27,"last_us":10829.82,"out0":-34.89132,"out":[-34.891319,-19.254387,-10.698231,-6.055479,-3.156272,1.490048,-0.860534,-2.367169,-5.884599,-6.853049,-8.317361,-7.668149,-7.141639,-5.634950,-7.484860,-9.513639,-12.107039,-10.704519,-9.059523,-7.311430,-8.943243,-10.108817,-15.073160,-13.584818,-11.930336,-14.828816,-20.849394,-20.662361,-18.232008,-15.077122,-15.750715,-15.619902,-16.931551,-16.270535,-17.651590,-17.575378,-16.172056,-13.405522,-14.796816,-15.313039,-15.378397,-14.612791,-16.248327,-13.651954,-13.531722,-15.435070,-14.894404,-16.882477,-16.73428
{"app":"AI_LEARNER","stage":"mem","model":"b3_deepae","target":"aarch64-unknown-linux-gnu","completed":3,"hal_peak":6208,"peak_within_bounded":true,"admitted_budget_bytes":1916708942,"peak_within_admitted_budget":true,"admission_mode":"unconditional","hal_bytes_per_call_amortized":4501.3,"process_rss_kb":7004,"process_rss_delta_init_kb":616}
.EVS Port1 1980-012-14:08:25.71446 66/1/AI_LEARNER 4: AI_LEARNER completed=4/4 mean=14080.0us max=19808.3us hal_peak=6208 within_bounded=1
{"app":"AI_LEARNER","stage":"run","model":"b3_deepae","target":"aarch64-unknown-linux-gnu","attempted":4,"completed":4,"fail_input":0,"fail_invoke":0,"fail_output":0,"mean_us":14080.04,"max_us":19808.27,"last_us":13516.99,"out0":-34.89132,"out":[-34.891319,-19.254387,-10.698231,-6.055479,-3.156272,1.490048,-0.860534,-2.367169,-5.884599,-6.853049,-8.317361,-7.668149,-7.141639,-5.634950,-7.484860,-9.513639,-12.107039,-10.704519,-9.059523,-7.311430,-8.943243,-10.108817,-15.073160,-13.584818,-11.930336,-14.828816,-20.849394,-20.662361,-18.232008,-15.077122,-15.750715,-15.619902,-16.931551,-16.270535,-17.651590,-17.575378,-16.172056,-13.405522,-14.796816,-15.313039,-15.378397,-14.612791,-16.248327,-13.651954,-13.531722,-15.435070,-14.894404,-16.882477,-16.73428
{"app":"AI_LEARNER","stage":"mem","model":"b3_deepae","target":"aarch64-unknown-linux-gnu","completed":4,"hal_peak":6208,"peak_within_bounded":true,"admitted_budget_bytes":1916708942,"peak_within_admitted_budget":true,"admission_mode":"unconditional","hal_bytes_per_call_amortized":4288.0,"process_rss_kb":7004,"process_rss_delta_init_kb":616}
.EVS Port1 1980-012-14:08:28.00389 66/1/CFE_TIME 21: Stop FLYWHEEL
EVS Port1 1980-012-14:08:28.98970 66/1/CFE_TIME 20: Start FLYWHEEL
EVS Port1 1980-012-14:08:29.69863 66/1/AI_LEARNER 4: AI_LEARNER completed=5/5 mean=15836.7us max=22863.4us hal_peak=6208 within_bounded=1
{"app":"AI_LEARNER","stage":"run","model":"b3_deepae","target":"aarch64-unknown-linux-gnu","attempted":5,"completed":5,"fail_input":0,"fail_invoke":0,"fail_output":0,"mean_us":15836.70,"max_us":22863.36,"last_us":22863.36,"out0":-34.89132,"out":[-34.891319,-19.254387,-10.698231,-6.055479,-3.156272,1.490048,-0.860534,-2.367169,-5.884599,-6.853049,-8.317361,-7.668149,-7.141639,-5.634950,-7.484860,-9.513639,-12.107039,-10.704519,-9.059523,-7.311430,-8.943243,-10.108817,-15.073160,-13.584818,-11.930336,-14.828816,-20.849394,-20.662361,-18.232008,-15.077122,-15.750715,-15.619902,-16.931551,-16.270535,-17.651590,-17.575378,-16.172056,-13.405522,-14.796816,-15.313039,-15.378397,-14.612791,-16.248327,-13.651954,-13.531722,-15.435070,-14.894404,-16.882477,-16.73428
{"app":"AI_LEARNER","stage":"mem","model":"b3_deepae","target":"aarch64-unknown-linux-gnu","completed":5,"hal_peak":6208,"peak_within_bounded":true,"admitted_budget_bytes":1916708942,"peak_within_admitted_budget":true,"admission_mode":"unconditional","hal_bytes_per_call_amortized":4160.0,"process_rss_kb":7004,"process_rss_delta_init_kb":616}
.EVS Port1 1980-012-14:08:33.73831 66/1/AI_LEARNER 4: AI_LEARNER completed=6/6 mean=18993.4us max=34777.1us hal_peak=6208 within_bounded=1
{"app":"AI_LEARNER","stage":"run","model":"b3_deepae","target":"aarch64-unknown-linux-gnu","attempted":6,"completed":6,"fail_input":0,"fail_invoke":0,"fail_output":0,"mean_us":18993.43,"max_us":34777.06,"last_us":34777.06,"out0":-34.89132,"out":[-34.891319,-19.254387,-10.698231,-6.055479,-3.156272,1.490048,-0.860534,-2.367169,-5.884599,-6.853049,-8.317361,-7.668149,-7.141639,-5.634950,-7.484860,-9.513639,-12.107039,-10.704519,-9.059523,-7.311430,-8.943243,-10.108817,-15.073160,-13.584818,-11.930336,-14.828816,-20.849394,-20.662361,-18.232008,-15.077122,-15.750715,-15.619902,-16.931551,-16.270535,-17.651590,-17.575378,-16.172056,-13.405522,-14.796816,-15.313039,-15.378397,-14.612791,-16.248327,-13.651954,-13.531722,-15.435070,-14.894404,-16.882477,-16.73428
{"app":"AI_LEARNER","stage":"mem","model":"b3_deepae","target":"aarch64-unknown-linux-gnu","completed":6,"hal_peak":6208,"peak_within_bounded":true,"admitted_budget_bytes":1916708942,"peak_within_admitted_budget":true,"admission_mode":"unconditional","hal_bytes_per_call_amortized":4074.7,"process_rss_kb":7004,"process_rss_delta_init_kb":616}
EVS Port1 1980-012-14:08:36.00468 66/1/CFE_TIME 21: Stop FLYWHEEL
EVS Port1 1980-012-14:08:36.99761 66/1/CFE_TIME 20: Start FLYWHEEL
EVS Port1 1980-012-14:08:37.71723 66/1/AI_LEARNER 4: AI_LEARNER completed=7/7 mean=17419.2us max=34777.1us hal_peak=6208 within_bounded=1
{"app":"AI_LEARNER","stage":"run","model":"b3_deepae","target":"aarch64-unknown-linux-gnu","attempted":7,"completed":7,"fail_input":0,"fail_invoke":0,"fail_output":0,"mean_us":17419.25,"max_us":34777.06,"last_us":7974.16,"out0":-34.89132,"out":[-34.891319,-19.254387,-10.698231,-6.055479,-3.156272,1.490048,-0.860534,-2.367169,-5.884599,-6.853049,-8.317361,-7.668149,-7.141639,-5.634950,-7.484860,-9.513639,-12.107039,-10.704519,-9.059523,-7.311430,-8.943243,-10.108817,-15.073160,-13.584818,-11.930336,-14.828816,-20.849394,-20.662361,-18.232008,-15.077122,-15.750715,-15.619902,-16.931551,-16.270535,-17.651590,-17.575378,-16.172056,-13.405522,-14.796816,-15.313039,-15.378397,-14.612791,-16.248327,-13.651954,-13.531722,-15.435070,-14.894404,-16.882477,-16.734287
{"app":"AI_LEARNER","stage":"mem","model":"b3_deepae","target":"aarch64-unknown-linux-gnu","completed":7,"hal_peak":6208,"peak_within_bounded":true,"admitted_budget_bytes":1916708942,"peak_within_admitted_budget":true,"admission_mode":"unconditional","hal_bytes_per_call_amortized":4013.7,"process_rss_kb":7008,"process_rss_delta_init_kb":616}
.EVS Port1 1980-012-14:08:41.75727 66/1/AI_LEARNER 4: AI_LEARNER completed=8/8 mean=16910.8us max=34777.1us hal_peak=6208 within_bounded=1
{"app":"AI_LEARNER","stage":"run","model":"b3_deepae","target":"aarch64-unknown-linux-gnu","attempted":8,"completed":8,"fail_input":0,"fail_invoke":0,"fail_output":0,"mean_us":16910.76,"max_us":34777.06,"last_us":13351.36,"out0":-34.89132,"out":[-34.891319,-19.254387,-10.698231,-6.055479,-3.156272,1.490048,-0.860534,-2.367169,-5.884599,-6.853049,-8.317361,-7.668149,-7.141639,-5.634950,-7.484860,-9.513639,-12.107039,-10.704519,-9.059523,-7.311430,-8.943243,-10.108817,-15.073160,-13.584818,-11.930336,-14.828816,-20.849394,-20.662361,-18.232008,-15.077122,-15.750715,-15.619902,-16.931551,-16.270535,-17.651590,-17.575378,-16.172056,-13.405522,-14.796816,-15.313039,-15.378397,-14.612791,-16.248327,-13.651954,-13.531722,-15.435070,-14.894404,-16.882477,-16.73428
{"app":"AI_LEARNER","stage":"mem","model":"b3_deepae","target":"aarch64-unknown-linux-gnu","completed":8,"hal_peak":6208,"peak_within_bounded":true,"admitted_budget_bytes":1916708942,"peak_within_admitted_budget":true,"admission_mode":"unconditional","hal_bytes_per_call_amortized":3968.0,"process_rss_kb":7008,"process_rss_delta_init_kb":616}
EVS Port1 1980-012-14:08:42.00402 66/1/CFE_TIME 21: Stop FLYWHEEL
EVS Port1 1980-012-14:08:43.01080 66/1/CFE_TIME 20: Start FLYWHEEL
EVS Port1 1980-012-14:08:44.00482 66/1/CFE_TIME 21: Stop FLYWHEEL
EVS Port1 1980-012-14:08:44.99919 66/1/CFE_TIME 20: Start FLYWHEEL
.EVS Port1 1980-012-14:08:45.74942 66/1/AI_LEARNER 4: AI_LEARNER completed=9/9 mean=17220.4us max=34777.1us hal_peak=6208 within_bounded=1
{"app":"AI_LEARNER","stage":"run","model":"b3_deepae","target":"aarch64-unknown-linux-gnu","attempted":9,"completed":9,"fail_input":0,"fail_invoke":0,"fail_output":0,"mean_us":17220.40,"max_us":34777.06,"last_us":19697.49,"out0":-34.89132,"out":[-34.891319,-19.254387,-10.698231,-6.055479,-3.156272,1.490048,-0.860534,-2.367169,-5.884599,-6.853049,-8.317361,-7.668149,-7.141639,-5.634950,-7.484860,-9.513639,-12.107039,-10.704519,-9.059523,-7.311430,-8.943243,-10.108817,-15.073160,-13.584818,-11.930336,-14.828816,-20.849394,-20.662361,-18.232008,-15.077122,-15.750715,-15.619902,-16.931551,-16.270535,-17.651590,-17.575378,-16.172056,-13.405522,-14.796816,-15.313039,-15.378397,-14.612791,-16.248327,-13.651954,-13.531722,-15.435070,-14.894404,-16.882477,-16.73428
{"app":"AI_LEARNER","stage":"mem","model":"b3_deepae","target":"aarch64-unknown-linux-gnu","completed":9,"hal_peak":6208,"peak_within_bounded":true,"admitted_budget_bytes":1916708942,"peak_within_admitted_budget":true,"admission_mode":"unconditional","hal_bytes_per_call_amortized":3932.4,"process_rss_kb":7008,"process_rss_delta_init_kb":616}
EVS Port1 1980-012-14:08:49.61073 66/1/CFE_TIME 20: Start FLYWHEEL
{"app":"AI_LEARNER","stage":"run","model":"b3_deepae","target":"aarch64-unknown-linux-gnu","attempted":10,"completed":10,"fail_input":0,"fail_invoke":0,"fail_output":0,"mean_us":19210.64,"max_us":37122.85,"last_us":37122.85,"out0":-34.89132,"out":[-34.891319,-19.254387,-10.698231,-6.055479,-3.156272,1.490048,-0.860534,-2.367169,-5.884599,-6.853049,-8.317361,-7.668149,-7.141639,-5.634950,-7.484860,-9.513639,-12.107039,-10.704519,-9.059523,-7.311430,-8.943243,-10.108817,-15.073160,-13.584818,-11.930336,-14.828816,-20.849394,-20.662361,-18.232008,-15.077122,-15.750715,-15.619902,-16.931551,-16.270535,-17.651590,-17.575378,-16.172056,-13.405522,-14.796816,-15.313039,-15.378397,-14.612791,-16.248327,-13.651954,-13.531722,-15.435070,-14.894404,-16.882477,-16.734
EVS Port1 1980-012-14:08:51.87445 66/1/AI_LEARNER 4: AI_LEARNER completed=10/10 mean=19210.6us max=37122.8us hal_peak=6208 within_bounded=1
{"app":"AI_LEARNER","stage":"mem","model":"b3_deepae","target":"aarch64-unknown-linux-gnu","completed":10,"hal_peak":6208,"peak_within_bounded":true,"admitted_budget_bytes":1916708942,"peak_within_admitted_budget":true,"admission_mode":"unconditional","hal_bytes_per_call_amortized":3904.0,"process_rss_kb":7008,"process_rss_delta_init_kb":616}
.EVS Port1 1980-012-14:08:56.11274 66/1/AI_LEARNER 4: AI_LEARNER completed=11/11 mean=22131.3us max=51338.0us hal_peak=6208 within_bounded=1
{"app":"AI_LEARNER","stage":"run","model":"b3_deepae","target":"aarch64-unknown-linux-gnu","attempted":11,"completed":11,"fail_input":0,"fail_invoke":0,"fail_output":0,"mean_us":22131.31,"max_us":51337.95,"last_us":51337.95,"out0":-34.89132,"out":[-34.891319,-19.254387,-10.698231,-6.055479,-3.156272,1.490048,-0.860534,-2.367169,-5.884599,-6.853049,-8.317361,-7.668149,-7.141639,-5.634950,-7.484860,-9.513639,-12.107039,-10.704519,-9.059523,-7.311430,-8.943243,-10.108817,-15.073160,-13.584818,-11.930336,-14.828816,-20.849394,-20.662361,-18.232008,-15.077122,-15.750715,-15.619902,-16.931551,-16.270535,-17.651590,-17.575378,-16.172056,-13.405522,-14.796816,-15.313039,-15.378397,-14.612791,-16.248327,-13.651954,-13.531722,-15.435070,-14.894404,-16.882477,-16.734
{"app":"AI_LEARNER","stage":"mem","model":"b3_deepae","target":"aarch64-unknown-linux-gnu","completed":11,"hal_peak":6208,"peak_within_bounded":true,"admitted_budget_bytes":1916708942,"peak_within_admitted_budget":true,"admission_mode":"unconditional","hal_bytes_per_call_amortized":3880.7,"process_rss_kb":7008,"process_rss_delta_init_kb":616}
EVS Port1 1980-012-14:08:56.01062 66/1/CFE_TIME 21: Stop FLYWHEEL
.EVS Port1 1980-012-14:08:59.69839 66/1/CFE_TIME 20: Start FLYWHEEL
EVS Port1 1980-012-14:09:00.46937 66/1/AI_LEARNER 4: AI_LEARNER completed=12/12 mean=21876.6us max=51338.0us hal_peak=6208 within_bounded=1
{"app":"AI_LEARNER","stage":"run","model":"b3_deepae","target":"aarch64-unknown-linux-gnu","attempted":12,"completed":12,"fail_input":0,"fail_invoke":0,"fail_output":0,"mean_us":21876.60,"max_us":51337.95,"last_us":19074.82,"out0":-34.89132,"out":[-34.891319,-19.254387,-10.698231,-6.055479,-3.156272,1.490048,-0.860534,-2.367169,-5.884599,-6.853049,-8.317361,-7.668149,-7.141639,-5.634950,-7.484860,-9.513639,-12.107039,-10.704519,-9.059523,-7.311430,-8.943243,-10.108817,-15.073160,-13.584818,-11.930336,-14.828816,-20.849394,-20.662361,-18.232008,-15.077122,-15.750715,-15.619902,-16.931551,-16.270535,-17.651590,-17.575378,-16.172056,-13.405522,-14.796816,-15.313039,-15.378397,-14.612791,-16.248327,-13.651954,-13.531722,-15.435070,-14.894404,-16.882477,-16.734
{"app":"AI_LEARNER","stage":"mem","model":"b3_deepae","target":"aarch64-unknown-linux-gnu","completed":12,"hal_peak":6208,"peak_within_bounded":true,"admitted_budget_bytes":1916708942,"peak_within_admitted_budget":true,"admission_mode":"unconditional","hal_bytes_per_call_amortized":3861.3,"process_rss_kb":7008,"process_rss_delta_init_kb":616}
.EVS Port1 1980-012-14:09:06.51138 66/1/AI_LEARNER 4: AI_LEARNER completed=13/13 mean=20481.4us max=51338.0us hal_peak=6208 within_bounded=1
{"app":"AI_LEARNER","stage":"run","model":"b3_deepae","target":"aarch64-unknown-linux-gnu","attempted":13,"completed":13,"fail_input":0,"fail_invoke":0,"fail_output":0,"mean_us":20481.41,"max_us":51337.95,"last_us":3739.17,"out0":-34.89132,"out":[-34.891319,-19.254387,-10.698231,-6.055479,-3.156272,1.490048,-0.860534,-2.367169,-5.884599,-6.853049,-8.317361,-7.668149,-7.141639,-5.634950,-7.484860,-9.513639,-12.107039,-10.704519,-9.059523,-7.311430,-8.943243,-10.108817,-15.073160,-13.584818,-11.930336,-14.828816,-20.849394,-20.662361,-18.232008,-15.077122,-15.750715,-15.619902,-16.931551,-16.270535,-17.651590,-17.575378,-16.172056,-13.405522,-14.796816,-15.313039,-15.378397,-14.612791,-16.248327,-13.651954,-13.531722,-15.435070,-14.894404,-16.882477,-16.7342
{"app":"AI_LEARNER","stage":"mem","model":"b3_deepae","target":"aarch64-unknown-linux-gnu","completed":13,"hal_peak":6208,"peak_within_bounded":true,"admitted_budget_bytes":1916708942,"peak_within_admitted_budget":true,"admission_mode":"unconditional","hal_bytes_per_call_amortized":3844.9,"process_rss_kb":7008,"process_rss_delta_init_kb":616}
..EVS Port1 1980-012-14:09:20.96427 66/1/AI_LEARNER 4: AI_LEARNER completed=14/14 mean=42083.6us max=322911.5us hal_peak=6208 within_bounded=1
{"app":"AI_LEARNER","stage":"run","model":"b3_deepae","target":"aarch64-unknown-linux-gnu","attempted":14,"completed":14,"fail_input":0,"fail_invoke":0,"fail_output":0,"mean_us":42083.56,"max_us":322911.47,"last_us":322911.47,"out0":-34.89132,"out":[-34.891319,-19.254387,-10.698231,-6.055479,-3.156272,1.490048,-0.860534,-2.367169,-5.884599,-6.853049,-8.317361,-7.668149,-7.141639,-5.634950,-7.484860,-9.513639,-12.107039,-10.704519,-9.059523,-7.311430,-8.943243,-10.108817,-15.073160,-13.584818,-11.930336,-14.828816,-20.849394,-20.662361,-18.232008,-15.077122,-15.750715,-15.619902,-16.931551,-16.270535,-17.651590,-17.575378,-16.172056,-13.405522,-14.796816,-15.313039,-15.378397,-14.612791,-16.248327,-13.651954,-13.531722,-15.435070,-14.894404,-16.882477,-16.7
{"app":"AI_LEARNER","stage":"mem","model":"b3_deepae","target":"aarch64-unknown-linux-gnu","completed":14,"hal_peak":6208,"peak_within_bounded":true,"admitted_budget_bytes":1916708942,"peak_within_admitted_budget":true,"admission_mode":"unconditional","hal_bytes_per_call_amortized":3830.9,"process_rss_kb":7008,"process_rss_delta_init_kb":616}
.{"app":"AI_LEARNER","stage":"run","model":"b3_deepae","target":"aarch64-unknown-linux-gnu","attempted":15,"completed":15,"fail_input":0,"fail_invoke":0,"fail_output":0,"mean_us":39722.41,"max_us":322911.47,"last_us":6666.35,"out0":-34.89132,"out":[-34.891319,-19.254387,-10.698231,-6.055479,-3.156272,1.490048,-0.860534,-2.367169,-5.884599,-6.853049,-8.317361,-7.668149,-7.141639,-5.634950,-7.484860,-9.513639,-12.107039,-10.704519,-9.059523,-7.311430,-8.943243,-10.108817,-15.073160,-13.584818,-11.930336,-14.828816,-20.849394,-20.662361,-18.232008,-15.077122,-15.750715,-15.619902,-16.931551,-16.270535,-17.651590,-17.575378,-16.172056,-13.405522,-14.796816,-15.313039,-15.378397,-14.612791,-16.248327,-13.651954,-13.531722,-15.435070,-14.894404,-16.882477,-16.734
EVS Port1 1980-012-14:09:32.28894 66/1/AI_LEARNER 4: AI_LEARNER completed=15/15 mean=39722.4us max=322911.5us hal_peak=6208 within_bounded=1
{"app":"AI_LEARNER","stage":"mem","model":"b3_deepae","target":"aarch64-unknown-linux-gnu","completed":15,"hal_peak":6208,"peak_within_bounded":true,"admitted_budget_bytes":1916708942,"peak_within_admitted_budget":true,"admission_mode":"unconditional","hal_bytes_per_call_amortized":3818.7,"process_rss_kb":7008,"process_rss_delta_init_kb":616}
.EVS Port1 1980-012-14:09:39.26934 66/1/AI_LEARNER 4: AI_LEARNER completed=16/16 mean=37811.3us max=322911.5us hal_peak=6208 within_bounded=1
{"app":"AI_LEARNER","stage":"run","model":"b3_deepae","target":"aarch64-unknown-linux-gnu","attempted":16,"completed":16,"fail_input":0,"fail_invoke":0,"fail_output":0,"mean_us":37811.31,"max_us":322911.47,"last_us":9144.82,"out0":-34.89132,"out":[-34.891319,-19.254387,-10.698231,-6.055479,-3.156272,1.490048,-0.860534,-2.367169,-5.884599,-6.853049,-8.317361,-7.668149,-7.141639,-5.634950,-7.484860,-9.513639,-12.107039,-10.704519,-9.059523,-7.311430,-8.943243,-10.108817,-15.073160,-13.584818,-11.930336,-14.828816,-20.849394,-20.662361,-18.232008,-15.077122,-15.750715,-15.619902,-16.931551,-16.270535,-17.651590,-17.575378,-16.172056,-13.405522,-14.796816,-15.313039,-15.378397,-14.612791,-16.248327,-13.651954,-13.531722,-15.435070,-14.894404,-16.882477,-16.734
{"app":"AI_LEARNER","stage":"mem","model":"b3_deepae","target":"aarch64-unknown-linux-gnu","completed":16,"hal_peak":6208,"peak_within_bounded":true,"admitted_budget_bytes":1916708942,"peak_within_admitted_budget":true,"admission_mode":"unconditional","hal_bytes_per_call_amortized":3808.0,"process_rss_kb":7008,"process_rss_delta_init_kb":616}
.EVS Port1 1980-012-14:09:44.93510 66/1/AI_LEARNER 4: AI_LEARNER completed=17/17 mean=36920.2us max=322911.5us hal_peak=6208 within_bounded=1
{"app":"AI_LEARNER","stage":"run","model":"b3_deepae","target":"aarch64-unknown-linux-gnu","attempted":17,"completed":17,"fail_input":0,"fail_invoke":0,"fail_output":0,"mean_us":36920.23,"max_us":322911.47,"last_us":22662.86,"out0":-34.89132,"out":[-34.891319,-19.254387,-10.698231,-6.055479,-3.156272,1.490048,-0.860534,-2.367169,-5.884599,-6.853049,-8.317361,-7.668149,-7.141639,-5.634950,-7.484860,-9.513639,-12.107039,-10.704519,-9.059523,-7.311430,-8.943243,-10.108817,-15.073160,-13.584818,-11.930336,-14.828816,-20.849394,-20.662361,-18.232008,-15.077122,-15.750715,-15.619902,-16.931551,-16.270535,-17.651590,-17.575378,-16.172056,-13.405522,-14.796816,-15.313039,-15.378397,-14.612791,-16.248327,-13.651954,-13.531722,-15.435070,-14.894404,-16.882477,-16.73
{"app":"AI_LEARNER","stage":"mem","model":"b3_deepae","target":"aarch64-unknown-linux-gnu","completed":17,"hal_peak":6208,"peak_within_bounded":true,"admitted_budget_bytes":1916708942,"peak_within_admitted_budget":true,"admission_mode":"unconditional","hal_bytes_per_call_amortized":3798.6,"process_rss_kb":7008,"process_rss_delta_init_kb":616}
.EVS Port1 1980-012-14:09:50.83151 66/1/AI_LEARNER 4: AI_LEARNER completed=18/18 mean=36008.1us max=322911.5us hal_peak=6208 within_bounded=1
{"app":"AI_LEARNER","stage":"run","model":"b3_deepae","target":"aarch64-unknown-linux-gnu","attempted":18,"completed":18,"fail_input":0,"fail_invoke":0,"fail_output":0,"mean_us":36008.14,"max_us":322911.47,"last_us":20502.75,"out0":-34.89132,"out":[-34.891319,-19.254387,-10.698231,-6.055479,-3.156272,1.490048,-0.860534,-2.367169,-5.884599,-6.853049,-8.317361,-7.668149,-7.141639,-5.634950,-7.484860,-9.513639,-12.107039,-10.704519,-9.059523,-7.311430,-8.943243,-10.108817,-15.073160,-13.584818,-11.930336,-14.828816,-20.849394,-20.662361,-18.232008,-15.077122,-15.750715,-15.619902,-16.931551,-16.270535,-17.651590,-17.575378,-16.172056,-13.405522,-14.796816,-15.313039,-15.378397,-14.612791,-16.248327,-13.651954,-13.531722,-15.435070,-14.894404,-16.882477,-16.73
{"app":"AI_LEARNER","stage":"mem","model":"b3_deepae","target":"aarch64-unknown-linux-gnu","completed":18,"hal_peak":6208,"peak_within_bounded":true,"admitted_budget_bytes":1916708942,"peak_within_admitted_budget":true,"admission_mode":"unconditional","hal_bytes_per_call_amortized":3790.2,"process_rss_kb":7008,"process_rss_delta_init_kb":616}
.EVS Port1 1980-012-14:09:53.01347 66/1/CFE_TIME 21: Stop FLYWHEEL
EVS Port1 1980-012-14:09:54.70161 66/1/AI_LEARNER 4: AI_LEARNER completed=19/19 mean=34835.2us max=322911.5us hal_peak=6208 within_bounded=1
{"app":"AI_LEARNER","stage":"run","model":"b3_deepae","target":"aarch64-unknown-linux-gnu","attempted":19,"completed":19,"fail_input":0,"fail_invoke":0,"fail_output":0,"mean_us":34835.21,"max_us":322911.47,"last_us":13722.40,"out0":-34.89132,"out":[-34.891319,-19.254387,-10.698231,-6.055479,-3.156272,1.490048,-0.860534,-2.367169,-5.884599,-6.853049,-8.317361,-7.668149,-7.141639,-5.634950,-7.484860,-9.513639,-12.107039,-10.704519,-9.059523,-7.311430,-8.943243,-10.108817,-15.073160,-13.584818,-11.930336,-14.828816,-20.849394,-20.662361,-18.232008,-15.077122,-15.750715,-15.619902,-16.931551,-16.270535,-17.651590,-17.575378,-16.172056,-13.405522,-14.796816,-15.313039,-15.378397,-14.612791,-16.248327,-13.651954,-13.531722,-15.435070,-14.894404,-16.882477,-16.73
{"app":"AI_LEARNER","stage":"mem","model":"b3_deepae","target":"aarch64-unknown-linux-gnu","completed":19,"hal_peak":6208,"peak_within_bounded":true,"admitted_budget_bytes":1916708942,"peak_within_admitted_budget":true,"admission_mode":"unconditional","hal_bytes_per_call_amortized":3782.7,"process_rss_kb":7008,"process_rss_delta_init_kb":616}
.{"app":"AI_LEARNER","stage":"run","model":"b3_deepae","target":"aarch64-unknown-linux-gnu","attempted":20,"completed":20,"fail_input":0,"fail_invoke":0,"fail_output":0,"mean_us":33788.62,"max_us":322911.47,"last_us":13903.31,"out0":-34.89132,"out":[-34.891319,-19.254387,-10.698231,-6.055479,-3.156272,1.490048,-0.860534,-2.367169,-5.884599,-6.853049,-8.317361,-7.668149,-7.141639,-5.634950,-7.484860,-9.513639,-12.107039,-10.704519,-9.059523,-7.311430,-8.943243,-10.108817,-15.073160,-13.584818,-11.930336,-14.828816,-20.849394,-20.662361,-18.232008,-15.077122,-15.750715,-15.619902,-16.931551,-16.270535,-17.651590,-17.575378,-16.172056,-13.405522,-14.796816,-15.313039,-15.378397,-14.612791,-16.248327,-13.651954,-13.531722,-15.435070,-14.894404,-16.882477,-16.73
EVS Port1 1980-012-14:09:58.69287 66/1/AI_LEARNER 4: AI_LEARNER completed=20/20 mean=33788.6us max=322911.5us hal_peak=6208 within_bounded=1
{"app":"AI_LEARNER","stage":"mem","model":"b3_deepae","target":"aarch64-unknown-linux-gnu","completed":20,"hal_peak":6208,"peak_within_bounded":true,"admitted_budget_bytes":1916708942,"peak_within_admitted_budget":true,"admission_mode":"unconditional","hal_bytes_per_call_amortized":3776.0,"process_rss_kb":7008,"process_rss_delta_init_kb":616}
EVS Port1 1980-012-14:10:02.69721 66/1/AI_LEARNER 4: AI_LEARNER completed=21/21 mean=32768.8us max=322911.5us hal_peak=6208 within_bounded=1
{"app":"AI_LEARNER","stage":"run","model":"b3_deepae","target":"aarch64-unknown-linux-gnu","attempted":21,"completed":21,"fail_input":0,"fail_invoke":0,"fail_output":0,"mean_us":32768.85,"max_us":322911.47,"last_us":12373.44,"out0":-34.89132,"out":[-34.891319,-19.254387,-10.698231,-6.055479,-3.156272,1.490048,-0.860534,-2.367169,-5.884599,-6.853049,-8.317361,-7.668149,-7.141639,-5.634950,-7.484860,-9.513639,-12.107039,-10.704519,-9.059523,-7.311430,-8.943243,-10.108817,-15.073160,-13.584818,-11.930336,-14.828816,-20.849394,-20.662361,-18.232008,-15.077122,-15.750715,-15.619902,-16.931551,-16.270535,-17.651590,-17.575378,-16.172056,-13.405522,-14.796816,-15.313039,-15.378397,-14.612791,-16.248327,-13.651954,-13.531722,-15.435070,-14.894404,-16.882477,-16.73
{"app":"AI_LEARNER","stage":"mem","model":"b3_deepae","target":"aarch64-unknown-linux-gnu","completed":21,"hal_peak":6208,"peak_within_bounded":true,"admitted_budget_bytes":1916708942,"peak_within_admitted_budget":true,"admission_mode":"unconditional","hal_bytes_per_call_amortized":3769.9,"process_rss_kb":7008,"process_rss_delta_init_kb":616}
.EVS Port1 1980-012-14:10:06.68740 66/1/AI_LEARNER 4: AI_LEARNER completed=22/22 mean=31637.8us max=322911.5us hal_peak=6208 within_bounded=1
{"app":"AI_LEARNER","stage":"run","model":"b3_deepae","target":"aarch64-unknown-linux-gnu","attempted":22,"completed":22,"fail_input":0,"fail_invoke":0,"fail_output":0,"mean_us":31637.77,"max_us":322911.47,"last_us":7885.28,"out0":-34.89132,"out":[-34.891319,-19.254387,-10.698231,-6.055479,-3.156272,1.490048,-0.860534,-2.367169,-5.884599,-6.853049,-8.317361,-7.668149,-7.141639,-5.634950,-7.484860,-9.513639,-12.107039,-10.704519,-9.059523,-7.311430,-8.943243,-10.108817,-15.073160,-13.584818,-11.930336,-14.828816,-20.849394,-20.662361,-18.232008,-15.077122,-15.750715,-15.619902,-16.931551,-16.270535,-17.651590,-17.575378,-16.172056,-13.405522,-14.796816,-15.313039,-15.378397,-14.612791,-16.248327,-13.651954,-13.531722,-15.435070,-14.894404,-16.882477,-16.734
{"app":"AI_LEARNER","stage":"mem","model":"b3_deepae","target":"aarch64-unknown-linux-gnu","completed":22,"hal_peak":6208,"peak_within_bounded":true,"admitted_budget_bytes":1916708942,"peak_within_admitted_budget":true,"admission_mode":"unconditional","hal_bytes_per_call_amortized":3764.4,"process_rss_kb":7008,"process_rss_delta_init_kb":616}
.EVS Port1 1980-012-14:10:10.68849 66/1/AI_LEARNER 4: AI_LEARNER completed=23/23 mean=30611.9us max=322911.5us hal_peak=6208 within_bounded=1
{"app":"AI_LEARNER","stage":"run","model":"b3_deepae","target":"aarch64-unknown-linux-gnu","attempted":23,"completed":23,"fail_input":0,"fail_invoke":0,"fail_output":0,"mean_us":30611.89,"max_us":322911.47,"last_us":8042.35,"out0":-34.89132,"out":[-34.891319,-19.254387,-10.698231,-6.055479,-3.156272,1.490048,-0.860534,-2.367169,-5.884599,-6.853049,-8.317361,-7.668149,-7.141639,-5.634950,-7.484860,-9.513639,-12.107039,-10.704519,-9.059523,-7.311430,-8.943243,-10.108817,-15.073160,-13.584818,-11.930336,-14.828816,-20.849394,-20.662361,-18.232008,-15.077122,-15.750715,-15.619902,-16.931551,-16.270535,-17.651590,-17.575378,-16.172056,-13.405522,-14.796816,-15.313039,-15.378397,-14.612791,-16.248327,-13.651954,-13.531722,-15.435070,-14.894404,-16.882477,-16.734
{"app":"AI_LEARNER","stage":"mem","model":"b3_deepae","target":"aarch64-unknown-linux-gnu","completed":23,"hal_peak":6208,"peak_within_bounded":true,"admitted_budget_bytes":1916708942,"peak_within_admitted_budget":true,"admission_mode":"unconditional","hal_bytes_per_call_amortized":3759.3,"process_rss_kb":7008,"process_rss_delta_init_kb":616}
{"app":"AI_LEARNER","stage":"run","model":"b3_deepae","target":"aarch64-unknown-linux-gnu","attempted":24,"completed":24,"fail_input":0,"fail_invoke":0,"fail_output":0,"mean_us":29725.64,"max_us":322911.47,"last_us":9341.97,"out0":-34.89132,"out":[-34.891319,-19.254387,-10.698231,-6.055479,-3.156272,1.490048,-0.860534,-2.367169,-5.884599,-6.853049,-8.317361,-7.668149,-7.141639,-5.634950,-7.484860,-9.513639,-12.107039,-10.704519,-9.059523,-7.311430,-8.943243,-10.108817,-15.073160,-13.584818,-11.930336,-14.828816,-20.849394,-20.662361,-18.232008,-15.077122,-15.750715,-15.619902,-16.931551,-16.270535,-17.651590,-17.575378,-16.172056,-13.405522,-14.796816,-15.313039,-15.378397,-14.612791,-16.248327,-13.651954,-13.531722,-15.435070,-14.894404,-16.882477,-16.734
EVS Port1 1980-012-14:10:14.68820 66/1/AI_LEARNER 4: AI_LEARNER completed=24/24 mean=29725.6us max=322911.5us hal_peak=6208 within_bounded=1
{"app":"AI_LEARNER","stage":"mem","model":"b3_deepae","target":"aarch64-unknown-linux-gnu","completed":24,"hal_peak":6208,"peak_within_bounded":true,"admitted_budget_bytes":1916708942,"peak_within_admitted_budget":true,"admission_mode":"unconditional","hal_bytes_per_call_amortized":3754.7,"process_rss_kb":7008,"process_rss_delta_init_kb":616}
.EVS Port1 1980-012-14:10:18.88725 66/1/AI_LEARNER 4: AI_LEARNER completed=25/25 mean=28933.9us max=322911.5us hal_peak=6208 within_bounded=1
{"app":"AI_LEARNER","stage":"run","model":"b3_deepae","target":"aarch64-unknown-linux-gnu","attempted":25,"completed":25,"fail_input":0,"fail_invoke":0,"fail_output":0,"mean_us":28933.91,"max_us":322911.47,"last_us":9932.38,"out0":-34.89132,"out":[-34.891319,-19.254387,-10.698231,-6.055479,-3.156272,1.490048,-0.860534,-2.367169,-5.884599,-6.853049,-8.317361,-7.668149,-7.141639,-5.634950,-7.484860,-9.513639,-12.107039,-10.704519,-9.059523,-7.311430,-8.943243,-10.108817,-15.073160,-13.584818,-11.930336,-14.828816,-20.849394,-20.662361,-18.232008,-15.077122,-15.750715,-15.619902,-16.931551,-16.270535,-17.651590,-17.575378,-16.172056,-13.405522,-14.796816,-15.313039,-15.378397,-14.612791,-16.248327,-13.651954,-13.531722,-15.435070,-14.894404,-16.882477,-16.734
{"app":"AI_LEARNER","stage":"mem","model":"b3_deepae","target":"aarch64-unknown-linux-gnu","completed":25,"hal_peak":6208,"peak_within_bounded":true,"admitted_budget_bytes":1916708942,"peak_within_admitted_budget":true,"admission_mode":"unconditional","hal_bytes_per_call_amortized":3750.4,"process_rss_kb":7008,"process_rss_delta_init_kb":616}
EVS Port1 1980-012-14:10:19.00213 66/1/CFE_TIME 21: Stop FLYWHEEL
EVS Port1 1980-012-14:10:19.99482 66/1/CFE_TIME 20: Start FLYWHEEL
.EVS Port1 1980-012-14:10:22.71531 66/1/AI_LEARNER 4: AI_LEARNER completed=26/26 mean=29134.4us max=322911.5us hal_peak=6208 within_bounded=1
{"app":"AI_LEARNER","stage":"run","model":"b3_deepae","target":"aarch64-unknown-linux-gnu","attempted":26,"completed":26,"fail_input":0,"fail_invoke":0,"fail_output":0,"mean_us":29134.37,"max_us":322911.47,"last_us":34145.84,"out0":-34.89132,"out":[-34.891319,-19.254387,-10.698231,-6.055479,-3.156272,1.490048,-0.860534,-2.367169,-5.884599,-6.853049,-8.317361,-7.668149,-7.141639,-5.634950,-7.484860,-9.513639,-12.107039,-10.704519,-9.059523,-7.311430,-8.943243,-10.108817,-15.073160,-13.584818,-11.930336,-14.828816,-20.849394,-20.662361,-18.232008,-15.077122,-15.750715,-15.619902,-16.931551,-16.270535,-17.651590,-17.575378,-16.172056,-13.405522,-14.796816,-15.313039,-15.378397,-14.612791,-16.248327,-13.651954,-13.531722,-15.435070,-14.894404,-16.882477,-16.73
{"app":"AI_LEARNER","stage":"mem","model":"b3_deepae","target":"aarch64-unknown-linux-gnu","completed":26,"hal_peak":6208,"peak_within_bounded":true,"admitted_budget_bytes":1916708942,"peak_within_admitted_budget":true,"admission_mode":"unconditional","hal_bytes_per_call_amortized":3746.5,"process_rss_kb":7008,"process_rss_delta_init_kb":616}
{"app":"AI_LEARNER","stage":"run","model":"b3_deepae","target":"aarch64-unknown-linux-gnu","attempted":27,"completed":27,"fail_input":0,"fail_invoke":0,"fail_output":0,"mean_us":29011.88,"max_us":322911.47,"last_us":25827.28,"out0":-34.89132,"out":[-34.891319,-19.254387,-10.698231,-6.055479,-3.156272,1.490048,-0.860534,-2.367169,-5.884599,-6.853049,-8.317361,-7.668149,-7.141639,-5.634950,-7.484860,-9.513639,-12.107039,-10.704519,-9.059523,-7.311430,-8.943243,-10.108817,-15.073160,-13.584818,-11.930336,-14.828816,-20.849394,-20.662361,-18.232008,-15.077122,-15.750715,-15.619902,-16.931551,-16.270535,-17.651590,-17.575378,-16.172056,-13.405522,-14.796816,-15.313039,-15.378397,-14.612791,-16.248327,-13.651954,-13.531722,-15.435070,-14.894404,-16.882477,-16.73
EVS Port1 1980-012-14:10:26.71279 66/1/AI_LEARNER 4: AI_LEARNER completed=27/27 mean=29011.9us max=322911.5us hal_peak=6208 within_bounded=1
{"app":"AI_LEARNER","stage":"mem","model":"b3_deepae","target":"aarch64-unknown-linux-gnu","completed":27,"hal_peak":6208,"peak_within_bounded":true,"admitted_budget_bytes":1916708942,"peak_within_admitted_budget":true,"admission_mode":"unconditional","hal_bytes_per_call_amortized":3742.8,"process_rss_kb":7008,"process_rss_delta_init_kb":616}
.EVS Port1 1980-012-14:10:29.01033 66/1/CFE_TIME 21: Stop FLYWHEEL
EVS Port1 1980-012-14:10:29.99722 66/1/CFE_TIME 20: Start FLYWHEEL
EVS Port1 1980-012-14:10:30.69361 66/1/AI_LEARNER 4: AI_LEARNER completed=28/28 mean=28338.5us max=322911.5us hal_peak=6208 within_bounded=1
{"app":"AI_LEARNER","stage":"run","model":"b3_deepae","target":"aarch64-unknown-linux-gnu","attempted":28,"completed":28,"fail_input":0,"fail_invoke":0,"fail_output":0,"mean_us":28338.52,"max_us":322911.47,"last_us":10157.58,"out0":-34.89132,"out":[-34.891319,-19.254387,-10.698231,-6.055479,-3.156272,1.490048,-0.860534,-2.367169,-5.884599,-6.853049,-8.317361,-7.668149,-7.141639,-5.634950,-7.484860,-9.513639,-12.107039,-10.704519,-9.059523,-7.311430,-8.943243,-10.108817,-15.073160,-13.584818,-11.930336,-14.828816,-20.849394,-20.662361,-18.232008,-15.077122,-15.750715,-15.619902,-16.931551,-16.270535,-17.651590,-17.575378,-16.172056,-13.405522,-14.796816,-15.313039,-15.378397,-14.612791,-16.248327,-13.651954,-13.531722,-15.435070,-14.894404,-16.882477,-16.73
{"app":"AI_LEARNER","stage":"mem","model":"b3_deepae","target":"aarch64-unknown-linux-gnu","completed":28,"hal_peak":6208,"peak_within_bounded":true,"admitted_budget_bytes":1916708942,"peak_within_admitted_budget":true,"admission_mode":"unconditional","hal_bytes_per_call_amortized":3739.4,"process_rss_kb":7008,"process_rss_delta_init_kb":616}
.{"app":"AI_LEARNER","stage":"run","model":"b3_deepae","target":"aarch64-unknown-linux-gnu","attempted":29,"completed":29,"fail_input":0,"fail_invoke":0,"fail_output":0,"mean_us":28620.49,"max_us":322911.47,"last_us":36515.71,"out0":-34.89132,"out":[-34.891319,-19.254387,-10.698231,-6.055479,-3.156272,1.490048,-0.860534,-2.367169,-5.884599,-6.853049,-8.317361,-7.668149,-7.141639,-5.634950,-7.484860,-9.513639,-12.107039,-10.704519,-9.059523,-7.311430,-8.943243,-10.108817,-15.073160,-13.584818,-11.930336,-14.828816,-20.849394,-20.662361,-18.232008,-15.077122,-15.750715,-15.619902,-16.931551,-16.270535,-17.651590,-17.575378,-16.172056,-13.405522,-14.796816,-15.313039,-15.378397,-14.612791,-16.248327,-13.651954,-13.531722,-15.435070,-14.894404,-16.882477,-16.73
EVS Port1 1980-012-14:10:34.72534 66/1/AI_LEARNER 4: AI_LEARNER completed=29/29 mean=28620.5us max=322911.5us hal_peak=6208 within_bounded=1
{"app":"AI_LEARNER","stage":"mem","model":"b3_deepae","target":"aarch64-unknown-linux-gnu","completed":29,"hal_peak":6208,"peak_within_bounded":true,"admitted_budget_bytes":1916708942,"peak_within_admitted_budget":true,"admission_mode":"unconditional","hal_bytes_per_call_amortized":3736.3,"process_rss_kb":7008,"process_rss_delta_init_kb":616}
EVS Port1 1980-012-14:10:38.69682 66/1/AI_LEARNER 4: AI_LEARNER completed=30/30 mean=28280.4us max=322911.5us hal_peak=6208 within_bounded=1
{"app":"AI_LEARNER","stage":"run","model":"b3_deepae","target":"aarch64-unknown-linux-gnu","attempted":30,"completed":30,"fail_input":0,"fail_invoke":0,"fail_output":0,"mean_us":28280.36,"max_us":322911.47,"last_us":18416.51,"out0":-34.89132,"out":[-34.891319,-19.254387,-10.698231,-6.055479,-3.156272,1.490048,-0.860534,-2.367169,-5.884599,-6.853049,-8.317361,-7.668149,-7.141639,-5.634950,-7.484860,-9.513639,-12.107039,-10.704519,-9.059523,-7.311430,-8.943243,-10.108817,-15.073160,-13.584818,-11.930336,-14.828816,-20.849394,-20.662361,-18.232008,-15.077122,-15.750715,-15.619902,-16.931551,-16.270535,-17.651590,-17.575378,-16.172056,-13.405522,-14.796816,-15.313039,-15.378397,-14.612791,-16.248327,-13.651954,-13.531722,-15.435070,-14.894404,-16.882477,-16.73
{"app":"AI_LEARNER","stage":"mem","model":"b3_deepae","target":"aarch64-unknown-linux-gnu","completed":30,"hal_peak":6208,"peak_within_bounded":true,"admitted_budget_bytes":1916708942,"peak_within_admitted_budget":true,"admission_mode":"unconditional","hal_bytes_per_call_amortized":3733.3,"process_rss_kb":7008,"process_rss_delta_init_kb":616}
.{"app":"AI_LEARNER","stage":"run","model":"b3_deepae","target":"aarch64-unknown-linux-gnu","attempted":31,"completed":31,"fail_input":0,"fail_invoke":0,"fail_output":0,"mean_us":27641.15,"max_us":322911.47,"last_us":8465.04,"out0":-34.89132,"out":[-34.891319,-19.254387,-10.698231,-6.055479,-3.156272,1.490048,-0.860534,-2.367169,-5.884599,-6.853049,-8.317361,-7.668149,-7.141639,-5.634950,-7.484860,-9.513639,-12.107039,-10.704519,-9.059523,-7.311430,-8.943243,-10.108817,-15.073160,-13.584818,-11.930336,-14.828816,-20.849394,-20.662361,-18.232008,-15.077122,-15.750715,-15.619902,-16.931551,-16.270535,-17.651590,-17.575378,-16.172056,-13.405522,-14.796816,-15.313039,-15.378397,-14.612791,-16.248327,-13.651954,-13.531722,-15.435070,-14.894404,-16.882477,-16.734
EVS Port1 1980-012-14:10:42.68801 66/1/AI_LEARNER 4: AI_LEARNER completed=31/31 mean=27641.2us max=322911.5us hal_peak=6208 within_bounded=1
{"app":"AI_LEARNER","stage":"mem","model":"b3_deepae","target":"aarch64-unknown-linux-gnu","completed":31,"hal_peak":6208,"peak_within_bounded":true,"admitted_budget_bytes":1916708942,"peak_within_admitted_budget":true,"admission_mode":"unconditional","hal_bytes_per_call_amortized":3730.6,"process_rss_kb":7008,"process_rss_delta_init_kb":616}
.{"app":"AI_LEARNER","stage":"run","model":"b3_deepae","target":"aarch64-unknown-linux-gnu","attempted":32,"completed":32,"fail_input":0,"fail_invoke":0,"fail_output":0,"mean_us":27099.42,"max_us":322911.47,"last_us":10305.62,"out0":-34.89132,"out":[-34.891319,-19.254387,-10.698231,-6.055479,-3.156272,1.490048,-0.860534,-2.367169,-5.884599,-6.853049,-8.317361,-7.668149,-7.141639,-5.634950,-7.484860,-9.513639,-12.107039,-10.704519,-9.059523,-7.311430,-8.943243,-10.108817,-15.073160,-13.584818,-11.930336,-14.828816,-20.849394,-20.662361,-18.232008,-15.077122,-15.750715,-15.619902,-16.931551,-16.270535,-17.651590,-17.575378,-16.172056,-13.405522,-14.796816,-15.313039,-15.378397,-14.612791,-16.248327,-13.651954,-13.531722,-15.435070,-14.894404,-16.882477,-16.73
EVS Port1 1980-012-14:10:46.67883 66/1/AI_LEARNER 4: AI_LEARNER completed=32/32 mean=27099.4us max=322911.5us hal_peak=6208 within_bounded=1
{"app":"AI_LEARNER","stage":"mem","model":"b3_deepae","target":"aarch64-unknown-linux-gnu","completed":32,"hal_peak":6208,"peak_within_bounded":true,"admitted_budget_bytes":1916708942,"peak_within_admitted_budget":true,"admission_mode":"unconditional","hal_bytes_per_call_amortized":3728.0,"process_rss_kb":7008,"process_rss_delta_init_kb":616}
EVS Port1 1980-012-14:10:49.17713 66/1/CFE_TIME 20: Start FLYWHEEL
EVS Port1 1980-012-14:10:49.00688 66/1/CFE_TIME 21: Stop FLYWHEEL
EVS Port1 1980-012-14:10:50.68930 66/1/AI_LEARNER 4: AI_LEARNER completed=33/33 mean=26571.3us max=322911.5us hal_peak=6208 within_bounded=1
{"app":"AI_LEARNER","stage":"run","model":"b3_deepae","target":"aarch64-unknown-linux-gnu","attempted":33,"completed":33,"fail_input":0,"fail_invoke":0,"fail_output":0,"mean_us":26571.29,"max_us":322911.47,"last_us":9671.39,"out0":-34.89132,"out":[-34.891319,-19.254387,-10.698231,-6.055479,-3.156272,1.490048,-0.860534,-2.367169,-5.884599,-6.853049,-8.317361,-7.668149,-7.141639,-5.634950,-7.484860,-9.513639,-12.107039,-10.704519,-9.059523,-7.311430,-8.943243,-10.108817,-15.073160,-13.584818,-11.930336,-14.828816,-20.849394,-20.662361,-18.232008,-15.077122,-15.750715,-15.619902,-16.931551,-16.270535,-17.651590,-17.575378,-16.172056,-13.405522,-14.796816,-15.313039,-15.378397,-14.612791,-16.248327,-13.651954,-13.531722,-15.435070,-14.894404,-16.882477,-16.734
{"app":"AI_LEARNER","stage":"mem","model":"b3_deepae","target":"aarch64-unknown-linux-gnu","completed":33,"hal_peak":6208,"peak_within_bounded":true,"admitted_budget_bytes":1916708942,"peak_within_admitted_budget":true,"admission_mode":"unconditional","hal_bytes_per_call_amortized":3725.6,"process_rss_kb":7008,"process_rss_delta_init_kb":616}
.EVS Port1 1980-012-14:10:54.69070 66/1/AI_LEARNER 4: AI_LEARNER completed=34/34 mean=26139.2us max=322911.5us hal_peak=6208 within_bounded=1
{"app":"AI_LEARNER","stage":"run","model":"b3_deepae","target":"aarch64-unknown-linux-gnu","attempted":34,"completed":34,"fail_input":0,"fail_invoke":0,"fail_output":0,"mean_us":26139.24,"max_us":322911.47,"last_us":11881.34,"out0":-34.89132,"out":[-34.891319,-19.254387,-10.698231,-6.055479,-3.156272,1.490048,-0.860534,-2.367169,-5.884599,-6.853049,-8.317361,-7.668149,-7.141639,-5.634950,-7.484860,-9.513639,-12.107039,-10.704519,-9.059523,-7.311430,-8.943243,-10.108817,-15.073160,-13.584818,-11.930336,-14.828816,-20.849394,-20.662361,-18.232008,-15.077122,-15.750715,-15.619902,-16.931551,-16.270535,-17.651590,-17.575378,-16.172056,-13.405522,-14.796816,-15.313039,-15.378397,-14.612791,-16.248327,-13.651954,-13.531722,-15.435070,-14.894404,-16.882477,-16.73
{"app":"AI_LEARNER","stage":"mem","model":"b3_deepae","target":"aarch64-unknown-linux-gnu","completed":34,"hal_peak":6208,"peak_within_bounded":true,"admitted_budget_bytes":1916708942,"peak_within_admitted_budget":true,"admission_mode":"unconditional","hal_bytes_per_call_amortized":3723.3,"process_rss_kb":7008,"process_rss_delta_init_kb":616}
.{"app":"AI_LEARNER","stage":"run","model":"b3_deepae","target":"aarch64-unknown-linux-gnu","attempted":35,"completed":35,"fail_input":0,"fail_invoke":0,"fail_output":0,"mean_us":25844.41,"max_us":322911.47,"last_us":15820.27,"out0":-34.89132,"out":[-34.891319,-19.254387,-10.698231,-6.055479,-3.156272,1.490048,-0.860534,-2.367169,-5.884599,-6.853049,-8.317361,-7.668149,-7.141639,-5.634950,-7.484860,-9.513639,-12.107039,-10.704519,-9.059523,-7.311430,-8.943243,-10.108817,-15.073160,-13.584818,-11.930336,-14.828816,-20.849394,-20.662361,-18.232008,-15.077122,-15.750715,-15.619902,-16.931551,-16.270535,-17.651590,-17.575378,-16.172056,-13.405522,-14.796816,-15.313039,-15.378397,-14.612791,-16.248327,-13.651954,-13.531722,-15.435070,-14.894404,-16.882477,-16.73
EVS Port1 1980-012-14:10:58.69038 66/1/AI_LEARNER 4: AI_LEARNER completed=35/35 mean=25844.4us max=322911.5us hal_peak=6208 within_bounded=1
{"app":"AI_LEARNER","stage":"mem","model":"b3_deepae","target":"aarch64-unknown-linux-gnu","completed":35,"hal_peak":6208,"peak_within_bounded":true,"admitted_budget_bytes":1916708942,"peak_within_admitted_budget":true,"admission_mode":"unconditional","hal_bytes_per_call_amortized":3721.1,"process_rss_kb":7008,"process_rss_delta_init_kb":616}
EVS Port1 1980-012-14:11:02.71972 66/1/AI_LEARNER 4: AI_LEARNER completed=36/36 mean=25984.5us max=322911.5us hal_peak=6208 within_bounded=1
{"app":"AI_LEARNER","stage":"run","model":"b3_deepae","target":"aarch64-unknown-linux-gnu","attempted":36,"completed":36,"fail_input":0,"fail_invoke":0,"fail_output":0,"mean_us":25984.50,"max_us":322911.47,"last_us":30887.71,"out0":-34.89132,"out":[-34.891319,-19.254387,-10.698231,-6.055479,-3.156272,1.490048,-0.860534,-2.367169,-5.884599,-6.853049,-8.317361,-7.668149,-7.141639,-5.634950,-7.484860,-9.513639,-12.107039,-10.704519,-9.059523,-7.311430,-8.943243,-10.108817,-15.073160,-13.584818,-11.930336,-14.828816,-20.849394,-20.662361,-18.232008,-15.077122,-15.750715,-15.619902,-16.931551,-16.270535,-17.651590,-17.575378,-16.172056,-13.405522,-14.796816,-15.313039,-15.378397,-14.612791,-16.248327,-13.651954,-13.531722,-15.435070,-14.894404,-16.882477,-16.73
{"app":"AI_LEARNER","stage":"mem","model":"b3_deepae","target":"aarch64-unknown-linux-gnu","completed":36,"hal_peak":6208,"peak_within_bounded":true,"admitted_budget_bytes":1916708942,"peak_within_admitted_budget":true,"admission_mode":"unconditional","hal_bytes_per_call_amortized":3719.1,"process_rss_kb":7008,"process_rss_delta_init_kb":616}
.EVS Port1 1980-012-14:11:05.00471 66/1/CFE_TIME 21: Stop FLYWHEEL
EVS Port1 1980-012-14:11:05.99955 66/1/CFE_TIME 20: Start FLYWHEEL
EVS Port1 1980-012-14:11:06.67790 66/1/AI_LEARNER 4: AI_LEARNER completed=37/37 mean=25612.9us max=322911.5us hal_peak=6208 within_bounded=1
{"app":"AI_LEARNER","stage":"run","model":"b3_deepae","target":"aarch64-unknown-linux-gnu","attempted":37,"completed":37,"fail_input":0,"fail_invoke":0,"fail_output":0,"mean_us":25612.86,"max_us":322911.47,"last_us":12233.63,"out0":-34.89132,"out":[-34.891319,-19.254387,-10.698231,-6.055479,-3.156272,1.490048,-0.860534,-2.367169,-5.884599,-6.853049,-8.317361,-7.668149,-7.141639,-5.634950,-7.484860,-9.513639,-12.107039,-10.704519,-9.059523,-7.311430,-8.943243,-10.108817,-15.073160,-13.584818,-11.930336,-14.828816,-20.849394,-20.662361,-18.232008,-15.077122,-15.750715,-15.619902,-16.931551,-16.270535,-17.651590,-17.575378,-16.172056,-13.405522,-14.796816,-15.313039,-15.378397,-14.612791,-16.248327,-13.651954,-13.531722,-15.435070,-14.894404,-16.882477,-16.73
{"app":"AI_LEARNER","stage":"mem","model":"b3_deepae","target":"aarch64-unknown-linux-gnu","completed":37,"hal_peak":6208,"peak_within_bounded":true,"admitted_budget_bytes":1916708942,"peak_within_admitted_budget":true,"admission_mode":"unconditional","hal_bytes_per_call_amortized":3717.2,"process_rss_kb":7008,"process_rss_delta_init_kb":616}
.EVS Port1 1980-012-14:11:10.73925 66/1/AI_LEARNER 4: AI_LEARNER completed=38/38 mean=25359.7us max=322911.5us hal_peak=6208 within_bounded=1
{"app":"AI_LEARNER","stage":"run","model":"b3_deepae","target":"aarch64-unknown-linux-gnu","attempted":38,"completed":38,"fail_input":0,"fail_invoke":0,"fail_output":0,"mean_us":25359.65,"max_us":322911.47,"last_us":15991.09,"out0":-34.89132,"out":[-34.891319,-19.254387,-10.698231,-6.055479,-3.156272,1.490048,-0.860534,-2.367169,-5.884599,-6.853049,-8.317361,-7.668149,-7.141639,-5.634950,-7.484860,-9.513639,-12.107039,-10.704519,-9.059523,-7.311430,-8.943243,-10.108817,-15.073160,-13.584818,-11.930336,-14.828816,-20.849394,-20.662361,-18.232008,-15.077122,-15.750715,-15.619902,-16.931551,-16.270535,-17.651590,-17.575378,-16.172056,-13.405522,-14.796816,-15.313039,-15.378397,-14.612791,-16.248327,-13.651954,-13.531722,-15.435070,-14.894404,-16.882477,-16.73
{"app":"AI_LEARNER","stage":"mem","model":"b3_deepae","target":"aarch64-unknown-linux-gnu","completed":38,"hal_peak":6208,"peak_within_bounded":true,"admitted_budget_bytes":1916708942,"peak_within_admitted_budget":true,"admission_mode":"unconditional","hal_bytes_per_call_amortized":3715.4,"process_rss_kb":7008,"process_rss_delta_init_kb":616}
EVS Port1 1980-012-14:11:12.00514 66/1/CFE_TIME 21: Stop FLYWHEEL
EVS Port1 1980-012-14:11:13.00569 66/1/CFE_TIME 20: Start FLYWHEEL
EVS Port1 1980-012-14:11:14.71818 66/1/AI_LEARNER 4: AI_LEARNER completed=39/39 mean=25211.1us max=322911.5us hal_peak=6208 within_bounded=1
{"app":"AI_LEARNER","stage":"run","model":"b3_deepae","target":"aarch64-unknown-linux-gnu","attempted":39,"completed":39,"fail_input":0,"fail_invoke":0,"fail_output":0,"mean_us":25211.12,"max_us":322911.47,"last_us":19567.04,"out0":-34.89132,"out":[-34.891319,-19.254387,-10.698231,-6.055479,-3.156272,1.490048,-0.860534,-2.367169,-5.884599,-6.853049,-8.317361,-7.668149,-7.141639,-5.634950,-7.484860,-9.513639,-12.107039,-10.704519,-9.059523,-7.311430,-8.943243,-10.108817,-15.073160,-13.584818,-11.930336,-14.828816,-20.849394,-20.662361,-18.232008,-15.077122,-15.750715,-15.619902,-16.931551,-16.270535,-17.651590,-17.575378,-16.172056,-13.405522,-14.796816,-15.313039,-15.378397,-14.612791,-16.248327,-13.651954,-13.531722,-15.435070,-14.894404,-16.882477,-16.73
{"app":"AI_LEARNER","stage":"mem","model":"b3_deepae","target":"aarch64-unknown-linux-gnu","completed":39,"hal_peak":6208,"peak_within_bounded":true,"admitted_budget_bytes":1916708942,"peak_within_admitted_budget":true,"admission_mode":"unconditional","hal_bytes_per_call_amortized":3713.6,"process_rss_kb":7008,"process_rss_delta_init_kb":616}
.EVS Port1 1980-012-14:11:17.91725 66/1/CFE_TIME 20: Start FLYWHEEL
EVS Port1 1980-012-14:11:20.13246 66/1/AI_LEARNER 4: AI_LEARNER completed=40/40 mean=25724.9us max=322911.5us hal_peak=6208 within_bounded=1
{"app":"AI_LEARNER","stage":"run","model":"b3_deepae","target":"aarch64-unknown-linux-gnu","attempted":40,"completed":40,"fail_input":0,"fail_invoke":0,"fail_output":0,"mean_us":25724.86,"max_us":322911.47,"last_us":45760.75,"out0":-34.89132,"out":[-34.891319,-19.254387,-10.698231,-6.055479,-3.156272,1.490048,-0.860534,-2.367169,-5.884599,-6.853049,-8.317361,-7.668149,-7.141639,-5.634950,-7.484860,-9.513639,-12.107039,-10.704519,-9.059523,-7.311430,-8.943243,-10.108817,-15.073160,-13.584818,-11.930336,-14.828816,-20.849394,-20.662361,-18.232008,-15.077122,-15.750715,-15.619902,-16.931551,-16.270535,-17.651590,-17.575378,-16.172056,-13.405522,-14.796816,-15.313039,-15.378397,-14.612791,-16.248327,-13.651954,-13.531722,-15.435070,-14.894404,-16.882477,-16.73
{"app":"AI_LEARNER","stage":"mem","model":"b3_deepae","target":"aarch64-unknown-linux-gnu","completed":40,"hal_peak":6208,"peak_within_bounded":true,"admitted_budget_bytes":1916708942,"peak_within_admitted_budget":true,"admission_mode":"unconditional","hal_bytes_per_call_amortized":3712.0,"process_rss_kb":7008,"process_rss_delta_init_kb":616}
EVS Port1 1980-012-14:11:21.00851 66/1/CFE_TIME 21: Stop FLYWHEEL
.EVS Port1 1980-012-14:11:23.73126 66/1/AI_LEARNER 4: AI_LEARNER completed=41/41 mean=25592.9us max=322911.5us hal_peak=6208 within_bounded=1
{"app":"AI_LEARNER","stage":"run","model":"b3_deepae","target":"aarch64-unknown-linux-gnu","attempted":41,"completed":41,"fail_input":0,"fail_invoke":0,"fail_output":0,"mean_us":25592.92,"max_us":322911.47,"last_us":20315.09,"out0":-34.89132,"out":[-34.891319,-19.254387,-10.698231,-6.055479,-3.156272,1.490048,-0.860534,-2.367169,-5.884599,-6.853049,-8.317361,-7.668149,-7.141639,-5.634950,-7.484860,-9.513639,-12.107039,-10.704519,-9.059523,-7.311430,-8.943243,-10.108817,-15.073160,-13.584818,-11.930336,-14.828816,-20.849394,-20.662361,-18.232008,-15.077122,-15.750715,-15.619902,-16.931551,-16.270535,-17.651590,-17.575378,-16.172056,-13.405522,-14.796816,-15.313039,-15.378397,-14.612791,-16.248327,-13.651954,-13.531722,-15.435070,-14.894404,-16.882477,-16.73
{"app":"AI_LEARNER","stage":"mem","model":"b3_deepae","target":"aarch64-unknown-linux-gnu","completed":41,"hal_peak":6208,"peak_within_bounded":true,"admitted_budget_bytes":1916708942,"peak_within_admitted_budget":true,"admission_mode":"unconditional","hal_bytes_per_call_amortized":3710.4,"process_rss_kb":7008,"process_rss_delta_init_kb":616}
EVS Port1 1980-012-14:11:24.00373 66/1/CFE_TIME 21: Stop FLYWHEEL
EVS Port1 1980-012-14:11:24.99781 66/1/CFE_TIME 20: Start FLYWHEEL
EVS Port1 1980-012-14:11:27.00651 66/1/CFE_TIME 21: Stop FLYWHEEL
.EVS Port1 1980-012-14:11:27.75148 66/1/AI_LEARNER 4: AI_LEARNER completed=42/42 mean=25561.9us max=322911.5us hal_peak=6208 within_bounded=1
{"app":"AI_LEARNER","stage":"run","model":"b3_deepae","target":"aarch64-unknown-linux-gnu","attempted":42,"completed":42,"fail_input":0,"fail_invoke":0,"fail_output":0,"mean_us":25561.93,"max_us":322911.47,"last_us":24291.60,"out0":-34.89132,"out":[-34.891319,-19.254387,-10.698231,-6.055479,-3.156272,1.490048,-0.860534,-2.367169,-5.884599,-6.853049,-8.317361,-7.668149,-7.141639,-5.634950,-7.484860,-9.513639,-12.107039,-10.704519,-9.059523,-7.311430,-8.943243,-10.108817,-15.073160,-13.584818,-11.930336,-14.828816,-20.849394,-20.662361,-18.232008,-15.077122,-15.750715,-15.619902,-16.931551,-16.270535,-17.651590,-17.575378,-16.172056,-13.405522,-14.796816,-15.313039,-15.378397,-14.612791,-16.248327,-13.651954,-13.531722,-15.435070,-14.894404,-16.882477,-16.73
{"app":"AI_LEARNER","stage":"mem","model":"b3_deepae","target":"aarch64-unknown-linux-gnu","completed":42,"hal_peak":6208,"peak_within_bounded":true,"admitted_budget_bytes":1916708942,"peak_within_admitted_budget":true,"admission_mode":"unconditional","hal_bytes_per_call_amortized":3709.0,"process_rss_kb":7008,"process_rss_delta_init_kb":616}
EVS Port1 1980-012-14:11:28.01057 66/1/CFE_TIME 20: Start FLYWHEEL
EVS Port1 1980-012-14:11:30.00744 66/1/CFE_TIME 21: Stop FLYWHEEL
EVS Port1 1980-012-14:11:31.05378 66/1/CFE_TIME 20: Start FLYWHEEL
EVS Port1 1980-012-14:11:31.81393 66/1/AI_LEARNER 4: AI_LEARNER completed=43/43 mean=25282.2us max=322911.5us hal_peak=6208 within_bounded=1
{"app":"AI_LEARNER","stage":"run","model":"b3_deepae","target":"aarch64-unknown-linux-gnu","attempted":43,"completed":43,"fail_input":0,"fail_invoke":0,"fail_output":0,"mean_us":25282.24,"max_us":322911.47,"last_us":13535.07,"out0":-34.89132,"out":[-34.891319,-19.254387,-10.698231,-6.055479,-3.156272,1.490048,-0.860534,-2.367169,-5.884599,-6.853049,-8.317361,-7.668149,-7.141639,-5.634950,-7.484860,-9.513639,-12.107039,-10.704519,-9.059523,-7.311430,-8.943243,-10.108817,-15.073160,-13.584818,-11.930336,-14.828816,-20.849394,-20.662361,-18.232008,-15.077122,-15.750715,-15.619902,-16.931551,-16.270535,-17.651590,-17.575378,-16.172056,-13.405522,-14.796816,-15.313039,-15.378397,-14.612791,-16.248327,-13.651954,-13.531722,-15.435070,-14.894404,-16.882477,-16.73
{"app":"AI_LEARNER","stage":"mem","model":"b3_deepae","target":"aarch64-unknown-linux-gnu","completed":43,"hal_peak":6208,"peak_within_bounded":true,"admitted_budget_bytes":1916708942,"peak_within_admitted_budget":true,"admission_mode":"unconditional","hal_bytes_per_call_amortized":3707.5,"process_rss_kb":7008,"process_rss_delta_init_kb":616}
EVS Port1 1980-012-14:11:33.16946 66/1/CFE_TIME 20: Start FLYWHEEL
.{"app":"AI_LEARNER","stage":"run","model":"b3_deepae","target":"aarch64-unknown-linux-gnu","attempted":44,"completed":44,"fail_input":0,"fail_invoke":0,"fail_output":0,"mean_us":25041.47,"max_us":322911.47,"last_us":14688.42,"out0":-34.89132,"out":[-34.891319,-19.254387,-10.698231,-6.055479,-3.156272,1.490048,-0.860534,-2.367169,-5.884599,-6.853049,-8.317361,-7.668149,-7.141639,-5.634950,-7.484860,-9.513639,-12.107039,-10.704519,-9.059523,-7.311430,-8.943243,-10.108817,-15.073160,-13.584818,-11.930336,-14.828816,-20.849394,-20.662361,-18.232008,-15.077122,-15.750715,-15.619902,-16.931551,-16.270535,-17.651590,-17.575378,-16.172056,-13.405522,-14.796816,-15.313039,-15.378397,-14.612791,-16.248327,-13.651954,-13.531722,-15.435070,-14.894404,-16.882477,-16.73
EVS Port1 1980-012-14:11:36.04220 66/1/AI_LEARNER 4: AI_LEARNER completed=44/44 mean=25041.5us max=322911.5us hal_peak=6208 within_bounded=1
{"app":"AI_LEARNER","stage":"mem","model":"b3_deepae","target":"aarch64-unknown-linux-gnu","completed":44,"hal_peak":6208,"peak_within_bounded":true,"admitted_budget_bytes":1916708942,"peak_within_admitted_budget":true,"admission_mode":"unconditional","hal_bytes_per_call_amortized":3706.2,"process_rss_kb":7008,"process_rss_delta_init_kb":616}
EVS Port1 1980-012-14:11:37.00405 66/1/CFE_TIME 21: Stop FLYWHEEL
.EVS Port1 1980-012-14:11:39.78332 66/1/AI_LEARNER 4: AI_LEARNER completed=45/45 mean=24985.3us max=322911.5us hal_peak=6208 within_bounded=1
{"app":"AI_LEARNER","stage":"run","model":"b3_deepae","target":"aarch64-unknown-linux-gnu","attempted":45,"completed":45,"fail_input":0,"fail_invoke":0,"fail_output":0,"mean_us":24985.26,"max_us":322911.47,"last_us":22512.16,"out0":-34.89132,"out":[-34.891319,-19.254387,-10.698231,-6.055479,-3.156272,1.490048,-0.860534,-2.367169,-5.884599,-6.853049,-8.317361,-7.668149,-7.141639,-5.634950,-7.484860,-9.513639,-12.107039,-10.704519,-9.059523,-7.311430,-8.943243,-10.108817,-15.073160,-13.584818,-11.930336,-14.828816,-20.849394,-20.662361,-18.232008,-15.077122,-15.750715,-15.619902,-16.931551,-16.270535,-17.651590,-17.575378,-16.172056,-13.405522,-14.796816,-15.313039,-15.378397,-14.612791,-16.248327,-13.651954,-13.531722,-15.435070,-14.894404,-16.882477,-16.73
{"app":"AI_LEARNER","stage":"mem","model":"b3_deepae","target":"aarch64-unknown-linux-gnu","completed":45,"hal_peak":6208,"peak_within_bounded":true,"admitted_budget_bytes":1916708942,"peak_within_admitted_budget":true,"admission_mode":"unconditional","hal_bytes_per_call_amortized":3704.9,"process_rss_kb":7008,"process_rss_delta_init_kb":616}
EVS Port1 1980-012-14:11:41.24053 66/1/CFE_TIME 20: Start FLYWHEEL
EVS Port1 1980-012-14:11:43.01284 66/1/CFE_TIME 21: Stop FLYWHEEL
EVS Port1 1980-012-14:11:44.21673 66/1/AI_LEARNER 4: AI_LEARNER completed=46/46 mean=26599.8us max=322911.5us hal_peak=6208 within_bounded=1
{"app":"AI_LEARNER","stage":"run","model":"b3_deepae","target":"aarch64-unknown-linux-gnu","attempted":46,"completed":46,"fail_input":0,"fail_invoke":0,"fail_output":0,"mean_us":26599.77,"max_us":322911.47,"last_us":99252.59,"out0":-34.89132,"out":[-34.891319,-19.254387,-10.698231,-6.055479,-3.156272,1.490048,-0.860534,-2.367169,-5.884599,-6.853049,-8.317361,-7.668149,-7.141639,-5.634950,-7.484860,-9.513639,-12.107039,-10.704519,-9.059523,-7.311430,-8.943243,-10.108817,-15.073160,-13.584818,-11.930336,-14.828816,-20.849394,-20.662361,-18.232008,-15.077122,-15.750715,-15.619902,-16.931551,-16.270535,-17.651590,-17.575378,-16.172056,-13.405522,-14.796816,-15.313039,-15.378397,-14.612791,-16.248327,-13.651954,-13.531722,-15.435070,-14.894404,-16.882477,-16.73
{"app":"AI_LEARNER","stage":"mem","model":"b3_deepae","target":"aarch64-unknown-linux-gnu","completed":46,"hal_peak":6208,"peak_within_bounded":true,"admitted_budget_bytes":1916708942,"peak_within_admitted_budget":true,"admission_mode":"unconditional","hal_bytes_per_call_amortized":3703.7,"process_rss_kb":7008,"process_rss_delta_init_kb":616}
.EVS Port1 1980-012-14:11:47.63633 66/1/CFE_TIME 20: Start FLYWHEEL
EVS Port1 1980-012-14:11:49.47946 66/1/AI_LEARNER 4: AI_LEARNER completed=47/47 mean=26244.6us max=322911.5us hal_peak=6208 within_bounded=1
{"app":"AI_LEARNER","stage":"run","model":"b3_deepae","target":"aarch64-unknown-linux-gnu","attempted":47,"completed":47,"fail_input":0,"fail_invoke":0,"fail_output":0,"mean_us":26244.62,"max_us":322911.47,"last_us":9907.68,"out0":-34.89132,"out":[-34.891319,-19.254387,-10.698231,-6.055479,-3.156272,1.490048,-0.860534,-2.367169,-5.884599,-6.853049,-8.317361,-7.668149,-7.141639,-5.634950,-7.484860,-9.513639,-12.107039,-10.704519,-9.059523,-7.311430,-8.943243,-10.108817,-15.073160,-13.584818,-11.930336,-14.828816,-20.849394,-20.662361,-18.232008,-15.077122,-15.750715,-15.619902,-16.931551,-16.270535,-17.651590,-17.575378,-16.172056,-13.405522,-14.796816,-15.313039,-15.378397,-14.612791,-16.248327,-13.651954,-13.531722,-15.435070,-14.894404,-16.882477,-16.734
{"app":"AI_LEARNER","stage":"mem","model":"b3_deepae","target":"aarch64-unknown-linux-gnu","completed":47,"hal_peak":6208,"peak_within_bounded":true,"admitted_budget_bytes":1916708942,"peak_within_admitted_budget":true,"admission_mode":"unconditional","hal_bytes_per_call_amortized":3702.5,"process_rss_kb":7008,"process_rss_delta_init_kb":616}
.EVS Port1 1980-012-14:11:53.74264 66/1/AI_LEARNER 4: AI_LEARNER completed=48/48 mean=26363.6us max=322911.5us hal_peak=6208 within_bounded=1
{"app":"AI_LEARNER","stage":"run","model":"b3_deepae","target":"aarch64-unknown-linux-gnu","attempted":48,"completed":48,"fail_input":0,"fail_invoke":0,"fail_output":0,"mean_us":26363.59,"max_us":322911.47,"last_us":31955.39,"out0":-34.89132,"out":[-34.891319,-19.254387,-10.698231,-6.055479,-3.156272,1.490048,-0.860534,-2.367169,-5.884599,-6.853049,-8.317361,-7.668149,-7.141639,-5.634950,-7.484860,-9.513639,-12.107039,-10.704519,-9.059523,-7.311430,-8.943243,-10.108817,-15.073160,-13.584818,-11.930336,-14.828816,-20.849394,-20.662361,-18.232008,-15.077122,-15.750715,-15.619902,-16.931551,-16.270535,-17.651590,-17.575378,-16.172056,-13.405522,-14.796816,-15.313039,-15.378397,-14.612791,-16.248327,-13.651954,-13.531722,-15.435070,-14.894404,-16.882477,-16.73
{"app":"AI_LEARNER","stage":"mem","model":"b3_deepae","target":"aarch64-unknown-linux-gnu","completed":48,"hal_peak":6208,"peak_within_bounded":true,"admitted_budget_bytes":1916708942,"peak_within_admitted_budget":true,"admission_mode":"unconditional","hal_bytes_per_call_amortized":3701.3,"process_rss_kb":7008,"process_rss_delta_init_kb":616}
EVS Port1 1980-012-14:11:54.00842 66/1/CFE_TIME 21: Stop FLYWHEEL
.EVS Port1 1980-012-14:11:57.72198 66/1/AI_LEARNER 4: AI_LEARNER completed=49/49 mean=26093.4us max=322911.5us hal_peak=6208 within_bounded=1
{"app":"AI_LEARNER","stage":"run","model":"b3_deepae","target":"aarch64-unknown-linux-gnu","attempted":49,"completed":49,"fail_input":0,"fail_invoke":0,"fail_output":0,"mean_us":26093.42,"max_us":322911.47,"last_us":13125.23,"out0":-34.89132,"out":[-34.891319,-19.254387,-10.698231,-6.055479,-3.156272,1.490048,-0.860534,-2.367169,-5.884599,-6.853049,-8.317361,-7.668149,-7.141639,-5.634950,-7.484860,-9.513639,-12.107039,-10.704519,-9.059523,-7.311430,-8.943243,-10.108817,-15.073160,-13.584818,-11.930336,-14.828816,-20.849394,-20.662361,-18.232008,-15.077122,-15.750715,-15.619902,-16.931551,-16.270535,-17.651590,-17.575378,-16.172056,-13.405522,-14.796816,-15.313039,-15.378397,-14.612791,-16.248327,-13.651954,-13.531722,-15.435070,-14.894404,-16.882477,-16.73
{"app":"AI_LEARNER","stage":"mem","model":"b3_deepae","target":"aarch64-unknown-linux-gnu","completed":49,"hal_peak":6208,"peak_within_bounded":true,"admitted_budget_bytes":1916708942,"peak_within_admitted_budget":true,"admission_mode":"unconditional","hal_bytes_per_call_amortized":3700.2,"process_rss_kb":7008,"process_rss_delta_init_kb":616}
EVS Port1 1980-012-14:12:01.73857 66/1/AI_LEARNER 4: AI_LEARNER completed=50/50 mean=26345.1us max=322911.5us hal_peak=6208 within_bounded=1
{"app":"AI_LEARNER","stage":"run","model":"b3_deepae","target":"aarch64-unknown-linux-gnu","attempted":50,"completed":50,"fail_input":0,"fail_invoke":0,"fail_output":0,"mean_us":26345.09,"max_us":322911.47,"last_us":38676.82,"out0":-34.89132,"out":[-34.891319,-19.254387,-10.698231,-6.055479,-3.156272,1.490048,-0.860534,-2.367169,-5.884599,-6.853049,-8.317361,-7.668149,-7.141639,-5.634950,-7.484860,-9.513639,-12.107039,-10.704519,-9.059523,-7.311430,-8.943243,-10.108817,-15.073160,-13.584818,-11.930336,-14.828816,-20.849394,-20.662361,-18.232008,-15.077122,-15.750715,-15.619902,-16.931551,-16.270535,-17.651590,-17.575378,-16.172056,-13.405522,-14.796816,-15.313039,-15.378397,-14.612791,-16.248327,-13.651954,-13.531722,-15.435070,-14.894404,-16.882477,-16.73
{"app":"AI_LEARNER","stage":"mem","model":"b3_deepae","target":"aarch64-unknown-linux-gnu","completed":50,"hal_peak":6208,"peak_within_bounded":true,"admitted_budget_bytes":1916708942,"peak_within_admitted_budget":true,"admission_mode":"unconditional","hal_bytes_per_call_amortized":3699.2,"process_rss_kb":7008,"process_rss_delta_init_kb":616}
.EVS Port1 1980-012-14:12:05.69087 66/1/AI_LEARNER 4: AI_LEARNER completed=51/51 mean=26273.0us max=322911.5us hal_peak=6208 within_bounded=1
{"app":"AI_LEARNER","stage":"run","model":"b3_deepae","target":"aarch64-unknown-linux-gnu","attempted":51,"completed":51,"fail_input":0,"fail_invoke":0,"fail_output":0,"mean_us":26272.99,"max_us":322911.47,"last_us":22668.06,"out0":-34.89132,"out":[-34.891319,-19.254387,-10.698231,-6.055479,-3.156272,1.490048,-0.860534,-2.367169,-5.884599,-6.853049,-8.317361,-7.668149,-7.141639,-5.634950,-7.484860,-9.513639,-12.107039,-10.704519,-9.059523,-7.311430,-8.943243,-10.108817,-15.073160,-13.584818,-11.930336,-14.828816,-20.849394,-20.662361,-18.232008,-15.077122,-15.750715,-15.619902,-16.931551,-16.270535,-17.651590,-17.575378,-16.172056,-13.405522,-14.796816,-15.313039,-15.378397,-14.612791,-16.248327,-13.651954,-13.531722,-15.435070,-14.894404,-16.882477,-16.73
{"app":"AI_LEARNER","stage":"mem","model":"b3_deepae","target":"aarch64-unknown-linux-gnu","completed":51,"hal_peak":6208,"peak_within_bounded":true,"admitted_budget_bytes":1916708942,"peak_within_admitted_budget":true,"admission_mode":"unconditional","hal_bytes_per_call_amortized":3698.2,"process_rss_kb":7008,"process_rss_delta_init_kb":616}
.EVS Port1 1980-012-14:12:09.68759 66/1/AI_LEARNER 4: AI_LEARNER completed=52/52 mean=25969.1us max=322911.5us hal_peak=6208 within_bounded=1
{"app":"AI_LEARNER","stage":"run","model":"b3_deepae","target":"aarch64-unknown-linux-gnu","attempted":52,"completed":52,"fail_input":0,"fail_invoke":0,"fail_output":0,"mean_us":25969.14,"max_us":322911.47,"last_us":10472.82,"out0":-34.89132,"out":[-34.891319,-19.254387,-10.698231,-6.055479,-3.156272,1.490048,-0.860534,-2.367169,-5.884599,-6.853049,-8.317361,-7.668149,-7.141639,-5.634950,-7.484860,-9.513639,-12.107039,-10.704519,-9.059523,-7.311430,-8.943243,-10.108817,-15.073160,-13.584818,-11.930336,-14.828816,-20.849394,-20.662361,-18.232008,-15.077122,-15.750715,-15.619902,-16.931551,-16.270535,-17.651590,-17.575378,-16.172056,-13.405522,-14.796816,-15.313039,-15.378397,-14.612791,-16.248327,-13.651954,-13.531722,-15.435070,-14.894404,-16.882477,-16.73
{"app":"AI_LEARNER","stage":"mem","model":"b3_deepae","target":"aarch64-unknown-linux-gnu","completed":52,"hal_peak":6208,"peak_within_bounded":true,"admitted_budget_bytes":1916708942,"peak_within_admitted_budget":true,"admission_mode":"unconditional","hal_bytes_per_call_amortized":3697.2,"process_rss_kb":7008,"process_rss_delta_init_kb":616}
EVS Port1 1980-012-14:12:12.00480 66/1/CFE_TIME 20: Start FLYWHEEL
EVS Port1 1980-012-14:12:12.00445 66/1/CFE_TIME 21: Stop FLYWHEEL
EVS Port1 1980-012-14:12:13.81745 66/1/AI_LEARNER 4: AI_LEARNER completed=53/53 mean=26671.5us max=322911.5us hal_peak=6208 within_bounded=1
{"app":"AI_LEARNER","stage":"run","model":"b3_deepae","target":"aarch64-unknown-linux-gnu","attempted":53,"completed":53,"fail_input":0,"fail_invoke":0,"fail_output":0,"mean_us":26671.54,"max_us":322911.47,"last_us":63196.05,"out0":-34.89132,"out":[-34.891319,-19.254387,-10.698231,-6.055479,-3.156272,1.490048,-0.860534,-2.367169,-5.884599,-6.853049,-8.317361,-7.668149,-7.141639,-5.634950,-7.484860,-9.513639,-12.107039,-10.704519,-9.059523,-7.311430,-8.943243,-10.108817,-15.073160,-13.584818,-11.930336,-14.828816,-20.849394,-20.662361,-18.232008,-15.077122,-15.750715,-15.619902,-16.931551,-16.270535,-17.651590,-17.575378,-16.172056,-13.405522,-14.796816,-15.313039,-15.378397,-14.612791,-16.248327,-13.651954,-13.531722,-15.435070,-14.894404,-16.882477,-16.73
{"app":"AI_LEARNER","stage":"mem","model":"b3_deepae","target":"aarch64-unknown-linux-gnu","completed":53,"hal_peak":6208,"peak_within_bounded":true,"admitted_budget_bytes":1916708942,"peak_within_admitted_budget":true,"admission_mode":"unconditional","hal_bytes_per_call_amortized":3696.3,"process_rss_kb":7008,"process_rss_delta_init_kb":616}
.EVS Port1 1980-012-14:12:17.16981 66/1/CFE_TIME 20: Start FLYWHEEL
EVS Port1 1980-012-14:12:17.00299 66/1/CFE_TIME 21: Stop FLYWHEEL
{"app":"AI_LEARNER","stage":"run","model":"b3_deepae","target":"aarch64-unknown-linux-gnu","attempted":54,"completed":54,"fail_input":0,"fail_invoke":0,"fail_output":0,"mean_us":26546.07,"max_us":322911.47,"last_us":19896.22,"out0":-34.89132,"out":[-34.891319,-19.254387,-10.698231,-6.055479,-3.156272,1.490048,-0.860534,-2.367169,-5.884599,-6.853049,-8.317361,-7.668149,-7.141639,-5.634950,-7.484860,-9.513639,-12.107039,-10.704519,-9.059523,-7.311430,-8.943243,-10.108817,-15.073160,-13.584818,-11.930336,-14.828816,-20.849394,-20.662361,-18.232008,-15.077122,-15.750715,-15.619902,-16.931551,-16.270535,-17.651590,-17.575378,-16.172056,-13.405522,-14.796816,-15.313039,-15.378397,-14.612791,-16.248327,-13.651954,-13.531722,-15.435070,-14.894404,-16.882477,-16.73
EVS Port1 1980-012-14:12:17.68867 66/1/AI_LEARNER 4: AI_LEARNER completed=54/54 mean=26546.1us max=322911.5us hal_peak=6208 within_bounded=1
{"app":"AI_LEARNER","stage":"mem","model":"b3_deepae","target":"aarch64-unknown-linux-gnu","completed":54,"hal_peak":6208,"peak_within_bounded":true,"admitted_budget_bytes":1916708942,"peak_within_admitted_budget":true,"admission_mode":"unconditional","hal_bytes_per_call_amortized":3695.4,"process_rss_kb":7008,"process_rss_delta_init_kb":616}
.EVS Port1 1980-012-14:12:21.69514 66/1/AI_LEARNER 4: AI_LEARNER completed=55/55 mean=26259.2us max=322911.5us hal_peak=6208 within_bounded=1
{"app":"AI_LEARNER","stage":"run","model":"b3_deepae","target":"aarch64-unknown-linux-gnu","attempted":55,"completed":55,"fail_input":0,"fail_invoke":0,"fail_output":0,"mean_us":26259.24,"max_us":322911.47,"last_us":10770.26,"out0":-34.89132,"out":[-34.891319,-19.254387,-10.698231,-6.055479,-3.156272,1.490048,-0.860534,-2.367169,-5.884599,-6.853049,-8.317361,-7.668149,-7.141639,-5.634950,-7.484860,-9.513639,-12.107039,-10.704519,-9.059523,-7.311430,-8.943243,-10.108817,-15.073160,-13.584818,-11.930336,-14.828816,-20.849394,-20.662361,-18.232008,-15.077122,-15.750715,-15.619902,-16.931551,-16.270535,-17.651590,-17.575378,-16.172056,-13.405522,-14.796816,-15.313039,-15.378397,-14.612791,-16.248327,-13.651954,-13.531722,-15.435070,-14.894404,-16.882477,-16.73
{"app":"AI_LEARNER","stage":"mem","model":"b3_deepae","target":"aarch64-unknown-linux-gnu","completed":55,"hal_peak":6208,"peak_within_bounded":true,"admitted_budget_bytes":1916708942,"peak_within_admitted_budget":true,"admission_mode":"unconditional","hal_bytes_per_call_amortized":3694.5,"process_rss_kb":7008,"process_rss_delta_init_kb":616}
EVS Port1 1980-012-14:12:25.72627 66/1/AI_LEARNER 4: AI_LEARNER completed=56/56 mean=26348.8us max=322911.5us hal_peak=6208 within_bounded=1
{"app":"AI_LEARNER","stage":"run","model":"b3_deepae","target":"aarch64-unknown-linux-gnu","attempted":56,"completed":56,"fail_input":0,"fail_invoke":0,"fail_output":0,"mean_us":26348.78,"max_us":322911.47,"last_us":31273.79,"out0":-34.89132,"out":[-34.891319,-19.254387,-10.698231,-6.055479,-3.156272,1.490048,-0.860534,-2.367169,-5.884599,-6.853049,-8.317361,-7.668149,-7.141639,-5.634950,-7.484860,-9.513639,-12.107039,-10.704519,-9.059523,-7.311430,-8.943243,-10.108817,-15.073160,-13.584818,-11.930336,-14.828816,-20.849394,-20.662361,-18.232008,-15.077122,-15.750715,-15.619902,-16.931551,-16.270535,-17.651590,-17.575378,-16.172056,-13.405522,-14.796816,-15.313039,-15.378397,-14.612791,-16.248327,-13.651954,-13.531722,-15.435070,-14.894404,-16.882477,-16.73
{"app":"AI_LEARNER","stage":"mem","model":"b3_deepae","target":"aarch64-unknown-linux-gnu","completed":56,"hal_peak":6208,"peak_within_bounded":true,"admitted_budget_bytes":1916708942,"peak_within_admitted_budget":true,"admission_mode":"unconditional","hal_bytes_per_call_amortized":3693.7,"process_rss_kb":7008,"process_rss_delta_init_kb":616}
.EVS Port1 1980-012-14:12:29.01409 66/1/CFE_TIME 21: Stop FLYWHEEL
EVS Port1 1980-012-14:12:29.72518 66/1/AI_LEARNER 4: AI_LEARNER completed=57/57 mean=26080.3us max=322911.5us hal_peak=6208 within_bounded=1
{"app":"AI_LEARNER","stage":"run","model":"b3_deepae","target":"aarch64-unknown-linux-gnu","attempted":57,"completed":57,"fail_input":0,"fail_invoke":0,"fail_output":0,"mean_us":26080.33,"max_us":322911.47,"last_us":11046.78,"out0":-34.89132,"out":[-34.891319,-19.254387,-10.698231,-6.055479,-3.156272,1.490048,-0.860534,-2.367169,-5.884599,-6.853049,-8.317361,-7.668149,-7.141639,-5.634950,-7.484860,-9.513639,-12.107039,-10.704519,-9.059523,-7.311430,-8.943243,-10.108817,-15.073160,-13.584818,-11.930336,-14.828816,-20.849394,-20.662361,-18.232008,-15.077122,-15.750715,-15.619902,-16.931551,-16.270535,-17.651590,-17.575378,-16.172056,-13.405522,-14.796816,-15.313039,-15.378397,-14.612791,-16.248327,-13.651954,-13.531722,-15.435070,-14.894404,-16.882477,-16.73
{"app":"AI_LEARNER","stage":"mem","model":"b3_deepae","target":"aarch64-unknown-linux-gnu","completed":57,"hal_peak":6208,"peak_within_bounded":true,"admitted_budget_bytes":1916708942,"peak_within_admitted_budget":true,"admission_mode":"unconditional","hal_bytes_per_call_amortized":3692.9,"process_rss_kb":7008,"process_rss_delta_init_kb":616}
EVS Port1 1980-012-14:12:29.99713 66/1/CFE_TIME 20: Start FLYWHEEL
.EVS Port1 1980-012-14:12:33.72146 66/1/AI_LEARNER 4: AI_LEARNER completed=58/58 mean=25858.6us max=322911.5us hal_peak=6208 within_bounded=1
{"app":"AI_LEARNER","stage":"run","model":"b3_deepae","target":"aarch64-unknown-linux-gnu","attempted":58,"completed":58,"fail_input":0,"fail_invoke":0,"fail_output":0,"mean_us":25858.56,"max_us":322911.47,"last_us":13218.06,"out0":-34.89132,"out":[-34.891319,-19.254387,-10.698231,-6.055479,-3.156272,1.490048,-0.860534,-2.367169,-5.884599,-6.853049,-8.317361,-7.668149,-7.141639,-5.634950,-7.484860,-9.513639,-12.107039,-10.704519,-9.059523,-7.311430,-8.943243,-10.108817,-15.073160,-13.584818,-11.930336,-14.828816,-20.849394,-20.662361,-18.232008,-15.077122,-15.750715,-15.619902,-16.931551,-16.270535,-17.651590,-17.575378,-16.172056,-13.405522,-14.796816,-15.313039,-15.378397,-14.612791,-16.248327,-13.651954,-13.531722,-15.435070,-14.894404,-16.882477,-16.73
{"app":"AI_LEARNER","stage":"mem","model":"b3_deepae","target":"aarch64-unknown-linux-gnu","completed":58,"hal_peak":6208,"peak_within_bounded":true,"admitted_budget_bytes":1916708942,"peak_within_admitted_budget":true,"admission_mode":"unconditional","hal_bytes_per_call_amortized":3692.1,"process_rss_kb":7008,"process_rss_delta_init_kb":616}
EVS Port1 1980-012-14:12:37.71600 66/1/AI_LEARNER 4: AI_LEARNER completed=59/59 mean=25829.2us max=322911.5us hal_peak=6208 within_bounded=1
{"app":"AI_LEARNER","stage":"run","model":"b3_deepae","target":"aarch64-unknown-linux-gnu","attempted":59,"completed":59,"fail_input":0,"fail_invoke":0,"fail_output":0,"mean_us":25829.23,"max_us":322911.47,"last_us":24127.97,"out0":-34.89132,"out":[-34.891319,-19.254387,-10.698231,-6.055479,-3.156272,1.490048,-0.860534,-2.367169,-5.884599,-6.853049,-8.317361,-7.668149,-7.141639,-5.634950,-7.484860,-9.513639,-12.107039,-10.704519,-9.059523,-7.311430,-8.943243,-10.108817,-15.073160,-13.584818,-11.930336,-14.828816,-20.849394,-20.662361,-18.232008,-15.077122,-15.750715,-15.619902,-16.931551,-16.270535,-17.651590,-17.575378,-16.172056,-13.405522,-14.796816,-15.313039,-15.378397,-14.612791,-16.248327,-13.651954,-13.531722,-15.435070,-14.894404,-16.882477,-16.73
{"app":"AI_LEARNER","stage":"mem","model":"b3_deepae","target":"aarch64-unknown-linux-gnu","completed":59,"hal_peak":6208,"peak_within_bounded":true,"admitted_budget_bytes":1916708942,"peak_within_admitted_budget":true,"admission_mode":"unconditional","hal_bytes_per_call_amortized":3691.4,"process_rss_kb":7008,"process_rss_delta_init_kb":616}
.{"app":"AI_LEARNER","stage":"run","model":"b3_deepae","target":"aarch64-unknown-linux-gnu","attempted":60,"completed":60,"fail_input":0,"fail_invoke":0,"fail_output":0,"mean_us":25810.14,"max_us":322911.47,"last_us":24684.00,"out0":-34.89132,"out":[-34.891319,-19.254387,-10.698231,-6.055479,-3.156272,1.490048,-0.860534,-2.367169,-5.884599,-6.853049,-8.317361,-7.668149,-7.141639,-5.634950,-7.484860,-9.513639,-12.107039,-10.704519,-9.059523,-7.311430,-8.943243,-10.108817,-15.073160,-13.584818,-11.930336,-14.828816,-20.849394,-20.662361,-18.232008,-15.077122,-15.750715,-15.619902,-16.931551,-16.270535,-17.651590,-17.575378,-16.172056,-13.405522,-14.796816,-15.313039,-15.378397,-14.612791,-16.248327,-13.651954,-13.531722,-15.435070,-14.894404,-16.882477,-16.73
{"app":"AI_LEARNER","stage":"mem","model":"b3_deepae","target":"aarch64-unknown-linux-gnu","completed":60,"hal_peak":6208,"peak_within_bounded":true,"admitted_budget_bytes":1916708942,"peak_within_admitted_budget":true,"admission_mode":"unconditional","hal_bytes_per_call_amortized":3690.7,"process_rss_kb":7008,"process_rss_delta_init_kb":616}
EVS Port1 1980-012-14:12:41.74798 66/1/AI_LEARNER 4: AI_LEARNER completed=60/60 mean=25810.1us max=322911.5us hal_peak=6208 within_bounded=1
EVS Port1 1980-012-14:12:44.08621 66/1/CFE_TIME 20: Start FLYWHEEL
EVS Port1 1980-012-14:12:44.00770 66/1/CFE_TIME 21: Stop FLYWHEEL
.{"app":"AI_LEARNER","stage":"run","model":"b3_deepae","target":"aarch64-unknown-linux-gnu","attempted":61,"completed":61,"fail_input":0,"fail_invoke":0,"fail_output":0,"mean_us":25876.20,"max_us":322911.47,"last_us":29839.71,"out0":-34.89132,"out":[-34.891319,-19.254387,-10.698231,-6.055479,-3.156272,1.490048,-0.860534,-2.367169,-5.884599,-6.853049,-8.317361,-7.668149,-7.141639,-5.634950,-7.484860,-9.513639,-12.107039,-10.704519,-9.059523,-7.311430,-8.943243,-10.108817,-15.073160,-13.584818,-11.930336,-14.828816,-20.849394,-20.662361,-18.232008,-15.077122,-15.750715,-15.619902,-16.931551,-16.270535,-17.651590,-17.575378,-16.172056,-13.405522,-14.796816,-15.313039,-15.378397,-14.612791,-16.248327,-13.651954,-13.531722,-15.435070,-14.894404,-16.882477,-16.73
EVS Port1 1980-012-14:12:46.03434 66/1/AI_LEARNER 4: AI_LEARNER completed=61/61 mean=25876.2us max=322911.5us hal_peak=6208 within_bounded=1
{"app":"AI_LEARNER","stage":"mem","model":"b3_deepae","target":"aarch64-unknown-linux-gnu","completed":61,"hal_peak":6208,"peak_within_bounded":true,"admitted_budget_bytes":1916708942,"peak_within_admitted_budget":true,"admission_mode":"unconditional","hal_bytes_per_call_amortized":3690.0,"process_rss_kb":7008,"process_rss_delta_init_kb":616}
EVS Port1 1980-012-14:12:48.47032 66/1/CFE_TIME 20: Start FLYWHEEL
EVS Port1 1980-012-14:12:49.00346 66/1/CFE_TIME 21: Stop FLYWHEEL
EVS Port1 1980-012-14:12:49.71560 66/1/AI_LEARNER 4: AI_LEARNER completed=62/62 mean=25793.8us max=322911.5us hal_peak=6208 within_bounded=1
{"app":"AI_LEARNER","stage":"run","model":"b3_deepae","target":"aarch64-unknown-linux-gnu","attempted":62,"completed":62,"fail_input":0,"fail_invoke":0,"fail_output":0,"mean_us":25793.77,"max_us":322911.47,"last_us":20765.50,"out0":-34.89132,"out":[-34.891319,-19.254387,-10.698231,-6.055479,-3.156272,1.490048,-0.860534,-2.367169,-5.884599,-6.853049,-8.317361,-7.668149,-7.141639,-5.634950,-7.484860,-9.513639,-12.107039,-10.704519,-9.059523,-7.311430,-8.943243,-10.108817,-15.073160,-13.584818,-11.930336,-14.828816,-20.849394,-20.662361,-18.232008,-15.077122,-15.750715,-15.619902,-16.931551,-16.270535,-17.651590,-17.575378,-16.172056,-13.405522,-14.796816,-15.313039,-15.378397,-14.612791,-16.248327,-13.651954,-13.531722,-15.435070,-14.894404,-16.882477,-16.73
{"app":"AI_LEARNER","stage":"mem","model":"b3_deepae","target":"aarch64-unknown-linux-gnu","completed":62,"hal_peak":6208,"peak_within_bounded":true,"admitted_budget_bytes":1916708942,"peak_within_admitted_budget":true,"admission_mode":"unconditional","hal_bytes_per_call_amortized":3689.3,"process_rss_kb":7008,"process_rss_delta_init_kb":616}
.EVS Port1 1980-012-14:12:52.00337 66/1/CFE_TIME 21: Stop FLYWHEEL
EVS Port1 1980-012-14:12:53.02645 66/1/CFE_TIME 20: Start FLYWHEEL
EVS Port1 1980-012-14:12:53.72966 66/1/AI_LEARNER 4: AI_LEARNER completed=63/63 mean=25626.4us max=322911.5us hal_peak=6208 within_bounded=1
{"app":"AI_LEARNER","stage":"run","model":"b3_deepae","target":"aarch64-unknown-linux-gnu","attempted":63,"completed":63,"fail_input":0,"fail_invoke":0,"fail_output":0,"mean_us":25626.43,"max_us":322911.47,"last_us":15250.98,"out0":-34.89132,"out":[-34.891319,-19.254387,-10.698231,-6.055479,-3.156272,1.490048,-0.860534,-2.367169,-5.884599,-6.853049,-8.317361,-7.668149,-7.141639,-5.634950,-7.484860,-9.513639,-12.107039,-10.704519,-9.059523,-7.311430,-8.943243,-10.108817,-15.073160,-13.584818,-11.930336,-14.828816,-20.849394,-20.662361,-18.232008,-15.077122,-15.750715,-15.619902,-16.931551,-16.270535,-17.651590,-17.575378,-16.172056,-13.405522,-14.796816,-15.313039,-15.378397,-14.612791,-16.248327,-13.651954,-13.531722,-15.435070,-14.894404,-16.882477,-16.73
{"app":"AI_LEARNER","stage":"mem","model":"b3_deepae","target":"aarch64-unknown-linux-gnu","completed":63,"hal_peak":6208,"peak_within_bounded":true,"admitted_budget_bytes":1916708942,"peak_within_admitted_budget":true,"admission_mode":"unconditional","hal_bytes_per_call_amortized":3688.6,"process_rss_kb":7008,"process_rss_delta_init_kb":616}
EVS Port1 1980-012-14:12:54.00720 66/1/CFE_TIME 21: Stop FLYWHEEL
EVS Port1 1980-012-14:12:55.09701 66/1/CFE_TIME 20: Start FLYWHEEL
.EVS Port1 1980-012-14:12:57.47003 66/1/CFE_TIME 20: Start FLYWHEEL
EVS Port1 1980-012-14:12:58.24804 66/1/AI_LEARNER 4: AI_LEARNER completed=64/64 mean=25342.2us max=322911.5us hal_peak=6208 within_bounded=1
{"app":"AI_LEARNER","stage":"run","model":"b3_deepae","target":"aarch64-unknown-linux-gnu","attempted":64,"completed":64,"fail_input":0,"fail_invoke":0,"fail_output":0,"mean_us":25342.16,"max_us":322911.47,"last_us":7433.36,"out0":-34.89132,"out":[-34.891319,-19.254387,-10.698231,-6.055479,-3.156272,1.490048,-0.860534,-2.367169,-5.884599,-6.853049,-8.317361,-7.668149,-7.141639,-5.634950,-7.484860,-9.513639,-12.107039,-10.704519,-9.059523,-7.311430,-8.943243,-10.108817,-15.073160,-13.584818,-11.930336,-14.828816,-20.849394,-20.662361,-18.232008,-15.077122,-15.750715,-15.619902,-16.931551,-16.270535,-17.651590,-17.575378,-16.172056,-13.405522,-14.796816,-15.313039,-15.378397,-14.612791,-16.248327,-13.651954,-13.531722,-15.435070,-14.894404,-16.882477,-16.734
{"app":"AI_LEARNER","stage":"mem","model":"b3_deepae","target":"aarch64-unknown-linux-gnu","completed":64,"hal_peak":6208,"peak_within_bounded":true,"admitted_budget_bytes":1916708942,"peak_within_admitted_budget":true,"admission_mode":"unconditional","hal_bytes_per_call_amortized":3688.0,"process_rss_kb":7008,"process_rss_delta_init_kb":616}
.1980-012-14:13:02.56196 CFE_ES_RunExceptionScan: ExceptionID 0x1110002 in TaskID 0: Caught SIGINT
1980-012-14:13:02.56443 CFE_ES_RunExceptionScan: Processor Reset count not reached (1/2)
CFE_PSP: Exiting cFE with PROCESSOR Reset status.

CFE_PSP: Shutdown initiated - Exiting cFE
CI delete callback -- Closing CI Network socket.
TO delete callback -- Closing TO Network socket.
EXIT=124
