OS_BSP_Initialize():Maximum user msg queue depth = 512
CFE_PSP: Default Reset SubType = 1
CFE_PSP: Default CPU ID = 1
CFE_PSP: Default Spacecraft ID = 66
CFE_PSP: Default CPU Name: cpu1
OS_Posix_GetSchedulerParams():208:Policy 1: available, min-max: 1-99
OS_Posix_GetSchedulerParams():208:Policy 2: available, min-max: 1-99
OS_Posix_TaskAPI_Impl_Init():401:Selected policy 2 for RT tasks, root task = 99
OS_Posix_TaskAPI_Impl_Init():419:Could not setschedparam in main thread: Operation not permitted (1)
CFE_PSP: initializing module 'soft_timebase' with ID 0110ff00
CFE_PSP: Instantiated software timebase 'cFS-Master' running at 10000 usec
CFE_PSP: initializing module 'timebase_posix_clock' with ID 0110ff01
CFE_PSP: Using POSIX monotonic clock as CFE timebase
CFE_PSP: initializing module 'eeprom_mmap_file' with ID 0110ff02
CFE_PSP: Using MMAP simulated EEPROM implementation
CFE_PSP: EEPROM Range (2) created: Start Address = ED88956AE000, Size = 00080000 Status = 0
CFE_PSP: initializing module 'port_notimpl' with ID 0110ff03
CFE_PSP: I/O Port access not implemented
CFE_PSP: initializing module 'iodriver' with ID 0110ff04
CFE_PSP: initializing module 'linux_sysmon' with ID 0110ff05
CFE_PSP: initializing module 'endian_api' with ID 0110ff06
CFE_PSP: Host CPU Endian=LITTLE
CFE_PSP: initializing module 'ram_notimpl' with ID 0110ff07
CFE_PSP: Physical RAM access not implemented
CFE_PSP: Normal exit from previous cFE instance
CFE_PSP: Starting the cFE with a PROCESSOR reset.
1980-001-08:25:13.00203 CFE_ES_Main: CFE_ES_Main in EARLY_INIT state
1980-001-08:25:13.01850 CFE_ES_InitializeFileSystems: Volatile Disk has 100 Percent free space.
Number of addresses returned by backtrace = 1
CFE_PSP: CFE_PSP_AttachExceptions called
1980-001-08:25:13.03476 CFE_ES_Main: CFE_ES_Main entering CORE_STARTUP state
1980-001-08:25:13.03492 CFE_ES_CreateObjects: Starting Object Creation calls.
1980-001-08:25:13.03506 CFE_ES_CreateObjects: Calling EarlyInit for CFE_CONFIG
1980-001-08:25:13.03767 CFE_ES_CreateObjects: Calling EarlyInit for CFE_ES
1980-001-08:25:13.04137 CFE_ES_CreateObjects: Calling EarlyInit for CFE_EVS
1980-001-08:25:13.04438 CFE_EVS_EarlyInit: Event Log restored, n=0, c=20, f=1, m=1, o=165
1980-001-08:25:13.04462 CFE_ES_CreateObjects: Calling EarlyInit for CFE_FS
1980-001-08:25:13.04477 CFE_ES_CreateObjects: Calling EarlyInit for CFE_SB
1980-001-08:25:13.05900 CFE_ES_CreateObjects: Calling EarlyInit for CFE_TBL
1980-001-08:25:13.07658 CFE_ES_CreateObjects: Calling EarlyInit for CFE_TIME
EVS Port1 1980-012-14:08:13.79634 66/1/CFE_ES 1: cFE ES Initialized: CFE_ES v7.0.1+dev1 (Draco) DEV BUILD, based on v7.0.1, EDS disabled
EVS Port1 1980-012-14:08:13.80256 66/1/CFE_ES 2: cFS Versions: cfe v7.0.1+dev1, osal v7.0.1+dev1, psp v7.0.1+dev1. cFE chksm 31659
EVS Port1 1980-012-14:08:13.80558 66/1/CFE_ES 91: Version Info: Mission SampleMission, version git:v7.0.1-90-g78c23b0-dirty
EVS Port1 1980-012-14:08:13.80665 66/1/CFE_ES 91: Version Info: Module CORE_API, version git:2612eb0
EVS Port1 1980-012-14:08:13.80830 66/1/CFE_ES 91: Version Info: Module CONFIG, version git:2612eb0
EVS Port1 1980-012-14:08:13.81013 66/1/CFE_ES 91: Version Info: Module ES, version git:2612eb0
EVS Port1 1980-012-14:08:13.81065 66/1/CFE_ES 91: Version Info: Module EVS, version git:2612eb0
EVS Port1 1980-012-14:08:13.81262 66/1/CFE_ES 91: Version Info: Module FS, version git:2612eb0
EVS Port1 1980-012-14:08:13.81350 66/1/CFE_ES 91: Version Info: Module SB, version git:2612eb0
EVS Port1 1980-012-14:08:13.81535 66/1/CFE_ES 91: Version Info: Module TBL, version git:2612eb0
EVS Port1 1980-012-14:08:13.81675 66/1/CFE_ES 91: Version Info: Module TIME, version git:2612eb0
EVS Port1 1980-012-14:08:13.81803 66/1/CFE_ES 91: Version Info: Module OSAL, version git:8111e4a
EVS Port1 1980-012-14:08:13.81993 66/1/CFE_ES 91: Version Info: Module PSP, version git:d1da809
EVS Port1 1980-012-14:08:13.82028 66/1/CFE_ES 91: Version Info: Module MSG, version git:2612eb0
EVS Port1 1980-012-14:08:13.82077 66/1/CFE_ES 91: Version Info: Module SBR, version git:2612eb0
EVS Port1 1980-012-14:08:13.82275 66/1/CFE_ES 91: Version Info: Module RESOURCEID, version git:2612eb0
EVS Port1 1980-012-14:08:13.82638 66/1/CFE_ES 92: Build 202609111416 by root@vm, config aarch64
EVS Port1 1980-012-14:08:13.93447 66/1/CFE_EVS 1: cFE EVS Initialized: CFE_EVS v7.0.1+dev1 (Draco) DEV BUILD, based on v7.0.1, EDS disabled
1980-012-14:08:14.04148 CFE_SB_AppInit: Registered 4 events for filtering
EVS Port1 1980-012-14:08:14.04765 66/1/CFE_SB 1: cFE SB Initialized: CFE_SB v7.0.1+dev1 (Draco) DEV BUILD, based on v7.0.1, EDS disabled
EVS Port1 1980-012-14:08:14.04957 66/1/CFE_SB 14: No subscribers for MsgId 0x808,sender CFE_SB
EVS Port1 1980-012-14:08:14.16694 66/1/CFE_TBL 1: cFE TBL Initialized: CFE_TBL v7.0.1+dev1 (Draco) DEV BUILD, based on v7.0.1, EDS disabled
EVS Port1 1980-012-14:08:14.16860 66/1/CFE_SB 14: No subscribers for MsgId 0x808,sender CFE_TBL
EVS Port1 1980-012-14:08:14.28672 66/1/CFE_TIME 1: cFE TIME Initialized: CFE_TIME v7.0.1+dev1 (Draco) DEV BUILD, based on v7.0.1, EDS disabled
EVS Port1 1980-012-14:08:14.28739 66/1/CFE_SB 14: No subscribers for MsgId 0x808,sender CFE_TIME
1980-012-14:08:14.32129 CFE_ES_CreateObjects: Finished ES CreateObject table entries.
1980-012-14:08:14.32315 CFE_ES_Main: CFE_ES_Main entering CORE_READY state
OS_FileOpen_Impl():110:open(/dev/shm/osal:RAM/cfe_es_startup.scr): No such file or directory
1980-012-14:08:14.32964 CFE_ES_OpenStartupScript: Cannot Open Volatile Startup file: /ram/cfe_es_startup.scr, Trying Nonvolatile.
1980-012-14:08:14.33274 CFE_ES_OpenStartupScript: Opened ES App Startup file: /cf/cfe_es_startup.scr
1980-012-14:08:14.37073 CFE_ES_ParseFileEntry: Loading shared library: /cf/cfe_assert.so
1980-012-14:08:14.39859 [BEGIN] CFE FUNCTIONAL TEST
1980-012-14:08:14.40194 [BEGIN] 01 CFE-STARTUP
1980-012-14:08:14.42764 CFE_ES_ParseFileEntry: Loading shared library: /cf/sample_lib.so
SAMPLE Lib Initialized.Sample Lib v7.0.0+dev1 (Draco) DEV BUILD, based on v7.0.1, EDS disabled
1980-012-14:08:14.45628 CFE_ES_ParseFileEntry: Loading file: /cf/sch_lab.so, APP: SCH_LAB
1980-012-14:08:14.50422 CFE_ES_ParseFileEntry: Loading file: /cf/ci_lab.so, APP: CI_LAB
1980-012-14:08:14.54678 CFE_ES_ParseFileEntry: Loading file: /cf/to_lab.so, APP: TO_LAB
SCH Lab Initialized.SCH Lab v7.0.1+dev1 (Draco) DEV BUILD, based on v7.0.1, EDS disabled
1980-012-14:08:14.64022 CFE_ES_ParseFileEntry: Loading file: /cf/sample_app.so, APP: SAMPLE_APP
EVS Port1 1980-012-14:08:14.69804 66/1/TO_LAB 1: TO Lab Initialized.TO Lab v7.0.1+dev1 (Draco) DEV BUILD, based on v7.0.1, EDS disabled, Awaiting enable command.
EVS Port1 1980-012-14:08:14.70803 66/1/CFE_SB 14: No subscribers for MsgId 0x808,sender TO_LAB
1980-012-14:08:14.79422 CFE_ES_ParseFileEntry: Loading file: /cf/ai_learner.so, APP: AI_LEARNER
EVS Port1 1980-012-14:08:14.84953 66/1/SAMPLE_APP 1: Sample App Initialized.Sample App v7.0.0+dev1 (Draco) DEV BUILD, based on v7.0.1, EDS disabled
1980-012-14:08:14.89737 CI_LAB listening on UDP port: 1234
EVS Port1 1980-012-14:08:14.89782 66/1/CI_LAB 3: CI Lab Initialized.CI Lab App v7.0.1+dev1 (Draco) DEV BUILD, based on v7.0.1, EDS disabled
1980-012-14:08:14.92397 CFE_ES_ParseFileEntry: Loading file: /cf/lc.so, APP: LC
1980-012-14:08:14.96257 CFE_ES_ParseFileEntry: Loading file: /cf/cf.so, APP: CF
{"app":"AI_LEARNER","stage":"build_config","model":"b3_deepae","allow_conditional_map":0,"contract_bounded_bytes":1069632,"contract_per_call_bytes":6208,"contract_const_bytes":1063424,"contract_bound_known":true,"contract_artifact_sha256":"9ff64bd168e07135c196423d44408e7780984c977912b67c8240c0db522c4d7c"}
{"app":"AI_LEARNER","stage":"stack","es_stack_size":262160,"stack_base_bytes":262144,"contract_kernel_stack_bytes":16,"kernel_stack_accounted":true}
EVS Port1 1980-012-14:08:14.99160 66/1/AI_LEARNER 8: AI_LEARNER stack: es=262160 base=262144 kernel=16 accounted=1
{"app":"AI_LEARNER","stage":"admission","verdict":"ADMIT","model":"b3_deepae","target":"aarch64-unknown-linux-gnu","bounded":1069632,"budget":2775702401,"budget_source":"override","per_call":6208,"constants":1063424,"kernel_stack_bytes":16,"bound_known":true,"scope":"per_app_local_budget"}
EVS Port1 1980-012-14:08:15.03955 66/1/LC 56: WDT verify results: good = 0, bad = 0, unused = 176
EVS Port1 1980-012-14:08:15.06355 66/1/LC 66: ADT verify results: good = 0, bad = 0, unused = 176
EVS Port1 1980-012-14:08:15.07742 66/1/LC 23: LC use of Critical Data Store disabled, activity mask = 0x00991990
EVS Port1 1980-012-14:08:15.07984 66/1/LC 2: LC Initialized. Version 7.0.1.255
1980-012-14:08:15.14040 CFE_ES_ParseFileEntry: Loading file: /cf/ds.so, APP: DS
EVS Port1 1980-012-14:08:15.22377 66/1/CF 20: CF Initialized. Version 7.0.1.255
1980-012-14:08:15.30546 CFE_ES_ParseFileEntry: Loading file: /cf/fm.so, APP: FM
EVS Port1 1980-012-14:08:15.31040 66/1/DS 10: Destination file table verify results: good entries = 6, bad = 0, unused = 10
EVS Port1 1980-012-14:08:15.32440 66/1/DS 12: Filter table verify results: good entries = 14, bad = 0, unused = 242
EVS Port1 1980-012-14:08:15.33763 66/1/DS 1: Application initialized, version 7.0.1.255, data at 0xed8894eb0460
1980-012-14:08:15.36654 CFE_ES_ParseFileEntry: Loading file: /cf/hk.so, APP: HK
EVS Port1 1980-012-14:08:15.40565 66/1/FM 80: Free Space Table verify results: good entries = 3, bad = 0, unused = 5
EVS Port1 1980-012-14:08:15.42594 66/1/FM 1: Initialization complete: version 7.0.1.255
1980-012-14:08:15.43892 CFE_ES_ParseFileEntry: Loading file: /cf/hs.so, APP: HS
EVS Port1 1980-012-14:08:15.47033 66/1/HK 1: HK Initialized.  Version 7.0.1.255
EVS Port1 1980-012-14:08:15.48748 66/1/FM 72: Child Task initialization complete
1980-012-14:08:15.52164 CFE_ES_ParseFileEntry: Loading file: /cf/mm.so, APP: MM
{"app":"AI_LEARNER","stage":"binding","verdict":"MATCH","artifact_bytes":1080730,"artifact_sha256":"9ff64bd168e07135","contract_sha256":"9ff64bd168e07135"}
EVS Port1 1980-012-14:08:15.56808 66/1/HS 54: ExeCount verify results: good = 5, bad = 0, unused = 27
EVS Port1 1980-012-14:08:15.58056 66/1/HS 50: AppMon verify results: good = 0, bad = 0, unused = 32
EVS Port1 1980-012-14:08:15.59555 66/1/HS 52: EventMon verify results: good = 0, bad = 0, unused = 16
EVS Port1 1980-012-14:08:15.60845 66/1/HS 56: MsgActs verify results: good = 2, bad = 0, unused = 6
EVS Port1 1980-012-14:08:15.61476 66/1/MM 1: MM Initialized. Version 7.0.1.255
1980-012-14:08:15.62128 CFE_ES_ParseFileEntry: Loading file: /cf/sc.so, APP: SC
1980-012-14:08:15.62348 HS_SysMonInit(): System Monitor using PSP device ID 0110ff05
CFE_PSP(Linux_SysMon): Started CPU utilization monitoring on 1 CPU(s)
EVS Port1 1980-012-14:08:15.66647 66/1/HS 1: HS Initialized.  Version 7.0.1.255
1980-012-14:08:15.69122 CFE_ES_ParseFileEntry: Loading file: /cf/md.so, APP: MD
{"app":"AI_LEARNER","stage":"map_branch","model":"b3_deepae","module_ptr_mod64":0,"hal_peak_after_append":0,"contract_const_bytes":1063424,"contract_per_call_bytes":6208,"arm":"map","admission_mode":"unconditional"}
EVS Port1 1980-012-14:08:15.77162 66/1/SC 21: RTS table files not loaded at initialization = 0 of 4
{"app":"AI_LEARNER","stage":"mem_init","model":"b3_deepae","target":"aarch64-unknown-linux-gnu","hal_peak":2560,"hal_allocated":2560,"bounded":1069632,"peak_within_bounded":true,"inferences_so_far":0,"process_rss_kb":6852,"rss_kb_before_runtime":6232,"rss_kb_after_session":6608,"rss_kb_after_init":6852}
1980-012-14:08:15.78722 CFE_ES_ParseFileEntry: Loading file: /cf/cs.so, APP: CS
EVS Port1 1980-012-14:08:15.78788 66/1/SC 9: SC Initialized. Version 7.0.1.255
EVS Port1 1980-012-14:08:15.79953 66/1/MD 52: MD Dwell Tbl verify results: good = 0, bad = 0, unused = 25
{"app":"AI_LEARNER","stage":"e25_mode","active":false,"inputs_path":"/cf/e25_inputs.bin"}
EVS Port1 1980-012-14:08:15.80361 66/1/MD 3: Recovered Dwell Table #1 is valid and has been copied to the MD App
EVS Port1 1980-012-14:08:15.80529 66/1/AI_LEARNER 3: AI_LEARNER initialized: model b3_deepae (1080730 B), rss_delta_init=620 KB
EVS Port1 1980-012-14:08:15.81387 66/1/MD 52: MD Dwell Tbl verify results: good = 0, bad = 0, unused = 25
EVS Port1 1980-012-14:08:15.82022 66/1/MD 3: Recovered Dwell Table #2 is valid and has been copied to the MD App
EVS Port1 1980-012-14:08:15.82279 66/1/MD 52: MD Dwell Tbl verify results: good = 0, bad = 0, unused = 25
EVS Port1 1980-012-14:08:15.82347 66/1/MD 3: Recovered Dwell Table #3 is valid and has been copied to the MD App
EVS Port1 1980-012-14:08:15.82670 66/1/MD 52: MD Dwell Tbl verify results: good = 0, bad = 0, unused = 25
EVS Port1 1980-012-14:08:15.82739 66/1/MD 3: Recovered Dwell Table #4 is valid and has been copied to the MD App
EVS Port1 1980-012-14:08:15.82780 66/1/MD 7: Dwell Tables Recovered: 4, Dwell Tables Initialized: 0
EVS Port1 1980-012-14:08:15.83128 66/1/MD 1: MD Initialized.  Version 7.0.1.255
EVS Port1 1980-012-14:08:15.88745 66/1/CS 144: CS EEPROM Table verification results: good = 0, bad = 0, unused = 16
EVS Port1 1980-012-14:08:15.88919 66/1/CS 107: CS EEPROM Table: No valid entries in the table
EVS Port1 1980-012-14:08:15.89990 66/1/CS 143: CS Memory Table verification results: good = 0, bad = 0, unused = 16
EVS Port1 1980-012-14:08:15.90086 66/1/CS 107: CS Memory Table: No valid entries in the table
EVS Port1 1980-012-14:08:15.90946 66/1/CS 139: CS Tables Table verification results: good = 1, bad = 0, unused = 23
EVS Port1 1980-012-14:08:15.91865 66/1/CS 142: CS Apps Table verification results: good = 0, bad = 0, unused = 24
EVS Port1 1980-012-14:08:15.92141 66/1/CS 108: CS Apps Table: No valid entries in the table
EVS Port1 1980-012-14:08:15.92568 66/1/CS 127: OS Text Segment disabled due to platform
EVS Port1 1980-012-14:08:15.92765 66/1/CS 1: CS Initialized. Version 7.0.1.255
1980-012-14:08:15.97268 CFE_ES_Main: CFE_ES_Main entering APPS_INIT state
1980-012-14:08:15.97474 CFE_ES_Main: CFE_ES_Main entering OPERATIONAL state
EVS Port1 1980-012-14:08:16.01458 66/1/TO_LAB 19: L550 TO Lab subscribed to 32 messages from the table
EVS Port1 1980-012-14:08:16.00634 66/1/CFE_TIME 21: Stop FLYWHEEL
{"app":"AI_LEARNER","stage":"run","model":"b3_deepae","target":"aarch64-unknown-linux-gnu","attempted":1,"completed":1,"fail_input":0,"fail_invoke":0,"fail_output":0,"mean_us":26963.46,"max_us":26963.46,"last_us":26963.46,"out0":-34.89132,"out":[-34.891319,-19.254387,-10.698231,-6.055479,-3.156272,1.490048,-0.860534,-2.367169,-5.884599,-6.853049,-8.317361,-7.668149,-7.141639,-5.634950,-7.484860,-9.513639,-12.107039,-10.704519,-9.059523,-7.311430,-8.943243,-10.108817,-15.073160,-13.584818,-11.930336,-14.828816,-20.849394,-20.662361,-18.232008,-15.077122,-15.750715,-15.619902,-16.931551,-16.270535,-17.651590,-17.575378,-16.172056,-13.405522,-14.796816,-15.313039,-15.378397,-14.612791,-16.248327,-13.651954,-13.531722,-15.435070,-14.894404,-16.882477,-16.73428
EVS Port1 1980-012-14:08:18.75630 66/1/AI_LEARNER 4: AI_LEARNER completed=1/1 mean=26963.5us max=26963.5us hal_peak=6208 within_bounded=1
{"app":"AI_LEARNER","stage":"mem","model":"b3_deepae","target":"aarch64-unknown-linux-gnu","completed":1,"hal_peak":6208,"peak_within_bounded":true,"admitted_budget_bytes":2775702401,"peak_within_admitted_budget":true,"admission_mode":"unconditional","hal_bytes_per_call_amortized":6208.0,"process_rss_kb":7000,"process_rss_delta_init_kb":620}
.EVS Port1 1980-012-14:08:22.70970 66/1/AI_LEARNER 4: AI_LEARNER completed=2/2 mean=18836.5us max=26963.5us hal_peak=6208 within_bounded=1
{"app":"AI_LEARNER","stage":"run","model":"b3_deepae","target":"aarch64-unknown-linux-gnu","attempted":2,"completed":2,"fail_input":0,"fail_invoke":0,"fail_output":0,"mean_us":18836.49,"max_us":26963.46,"last_us":10709.52,"out0":-34.89132,"out":[-34.891319,-19.254387,-10.698231,-6.055479,-3.156272,1.490048,-0.860534,-2.367169,-5.884599,-6.853049,-8.317361,-7.668149,-7.141639,-5.634950,-7.484860,-9.513639,-12.107039,-10.704519,-9.059523,-7.311430,-8.943243,-10.108817,-15.073160,-13.584818,-11.930336,-14.828816,-20.849394,-20.662361,-18.232008,-15.077122,-15.750715,-15.619902,-16.931551,-16.270535,-17.651590,-17.575378,-16.172056,-13.405522,-14.796816,-15.313039,-15.378397,-14.612791,-16.248327,-13.651954,-13.531722,-15.435070,-14.894404,-16.882477,-16.73428
{"app":"AI_LEARNER","stage":"mem","model":"b3_deepae","target":"aarch64-unknown-linux-gnu","completed":2,"hal_peak":6208,"peak_within_bounded":true,"admitted_budget_bytes":2775702401,"peak_within_admitted_budget":true,"admission_mode":"unconditional","hal_bytes_per_call_amortized":4928.0,"process_rss_kb":7000,"process_rss_delta_init_kb":620}
EVS Port1 1980-012-14:08:24.00198 66/1/CFE_TIME 21: Stop FLYWHEEL
EVS Port1 1980-012-14:08:25.04096 66/1/CFE_TIME 20: Start FLYWHEEL
{"app":"AI_LEARNER","stage":"run","model":"b3_deepae","target":"aarch64-unknown-linux-gnu","attempted":3,"completed":3,"fail_input":0,"fail_invoke":0,"fail_output":0,"mean_us":14971.16,"max_us":26963.46,"last_us":7240.51,"out0":-34.89132,"out":[-34.891319,-19.254387,-10.698231,-6.055479,-3.156272,1.490048,-0.860534,-2.367169,-5.884599,-6.853049,-8.317361,-7.668149,-7.141639,-5.634950,-7.484860,-9.513639,-12.107039,-10.704519,-9.059523,-7.311430,-8.943243,-10.108817,-15.073160,-13.584818,-11.930336,-14.828816,-20.849394,-20.662361,-18.232008,-15.077122,-15.750715,-15.619902,-16.931551,-16.270535,-17.651590,-17.575378,-16.172056,-13.405522,-14.796816,-15.313039,-15.378397,-14.612791,-16.248327,-13.651954,-13.531722,-15.435070,-14.894404,-16.882477,-16.734287
EVS Port1 1980-012-14:08:26.73585 66/1/AI_LEARNER 4: AI_LEARNER completed=3/3 mean=14971.2us max=26963.5us hal_peak=6208 within_bounded=1
{"app":"AI_LEARNER","stage":"mem","model":"b3_deepae","target":"aarch64-unknown-linux-gnu","completed":3,"hal_peak":6208,"peak_within_bounded":true,"admitted_budget_bytes":2775702401,"peak_within_admitted_budget":true,"admission_mode":"unconditional","hal_bytes_per_call_amortized":4501.3,"process_rss_kb":7004,"process_rss_delta_init_kb":620}
EVS Port1 1980-012-14:08:27.04052 66/1/CFE_TIME 20: Start FLYWHEEL
EVS Port1 1980-012-14:08:27.00491 66/1/CFE_TIME 21: Stop FLYWHEEL
.EVS Port1 1980-012-14:08:30.72364 66/1/AI_LEARNER 4: AI_LEARNER completed=4/4 mean=13304.1us max=26963.5us hal_peak=6208 within_bounded=1
{"app":"AI_LEARNER","stage":"run","model":"b3_deepae","target":"aarch64-unknown-linux-gnu","attempted":4,"completed":4,"fail_input":0,"fail_invoke":0,"fail_output":0,"mean_us":13304.15,"max_us":26963.46,"last_us":8303.10,"out0":-34.89132,"out":[-34.891319,-19.254387,-10.698231,-6.055479,-3.156272,1.490048,-0.860534,-2.367169,-5.884599,-6.853049,-8.317361,-7.668149,-7.141639,-5.634950,-7.484860,-9.513639,-12.107039,-10.704519,-9.059523,-7.311430,-8.943243,-10.108817,-15.073160,-13.584818,-11.930336,-14.828816,-20.849394,-20.662361,-18.232008,-15.077122,-15.750715,-15.619902,-16.931551,-16.270535,-17.651590,-17.575378,-16.172056,-13.405522,-14.796816,-15.313039,-15.378397,-14.612791,-16.248327,-13.651954,-13.531722,-15.435070,-14.894404,-16.882477,-16.734287
{"app":"AI_LEARNER","stage":"mem","model":"b3_deepae","target":"aarch64-unknown-linux-gnu","completed":4,"hal_peak":6208,"peak_within_bounded":true,"admitted_budget_bytes":2775702401,"peak_within_admitted_budget":true,"admission_mode":"unconditional","hal_bytes_per_call_amortized":4288.0,"process_rss_kb":7004,"process_rss_delta_init_kb":620}
EVS Port1 1980-012-14:08:31.00343 66/1/CFE_TIME 21: Stop FLYWHEEL
EVS Port1 1980-012-14:08:32.00061 66/1/CFE_TIME 20: Start FLYWHEEL
.EVS Port1 1980-012-14:08:34.77175 66/1/AI_LEARNER 4: AI_LEARNER completed=5/5 mean=13307.4us max=26963.5us hal_peak=6208 within_bounded=1
{"app":"AI_LEARNER","stage":"run","model":"b3_deepae","target":"aarch64-unknown-linux-gnu","attempted":5,"completed":5,"fail_input":0,"fail_invoke":0,"fail_output":0,"mean_us":13307.44,"max_us":26963.46,"last_us":13320.62,"out0":-34.89132,"out":[-34.891319,-19.254387,-10.698231,-6.055479,-3.156272,1.490048,-0.860534,-2.367169,-5.884599,-6.853049,-8.317361,-7.668149,-7.141639,-5.634950,-7.484860,-9.513639,-12.107039,-10.704519,-9.059523,-7.311430,-8.943243,-10.108817,-15.073160,-13.584818,-11.930336,-14.828816,-20.849394,-20.662361,-18.232008,-15.077122,-15.750715,-15.619902,-16.931551,-16.270535,-17.651590,-17.575378,-16.172056,-13.405522,-14.796816,-15.313039,-15.378397,-14.612791,-16.248327,-13.651954,-13.531722,-15.435070,-14.894404,-16.882477,-16.73428
{"app":"AI_LEARNER","stage":"mem","model":"b3_deepae","target":"aarch64-unknown-linux-gnu","completed":5,"hal_peak":6208,"peak_within_bounded":true,"admitted_budget_bytes":2775702401,"peak_within_admitted_budget":true,"admission_mode":"unconditional","hal_bytes_per_call_amortized":4160.0,"process_rss_kb":7004,"process_rss_delta_init_kb":620}
EVS Port1 1980-012-14:08:36.00320 66/1/CFE_TIME 21: Stop FLYWHEEL
EVS Port1 1980-012-14:08:36.99595 66/1/CFE_TIME 20: Start FLYWHEEL
{"app":"AI_LEARNER","stage":"run","model":"b3_deepae","target":"aarch64-unknown-linux-gnu","attempted":6,"completed":6,"fail_input":0,"fail_invoke":0,"fail_output":0,"mean_us":13114.39,"max_us":26963.46,"last_us":12149.10,"out0":-34.89132,"out":[-34.891319,-19.254387,-10.698231,-6.055479,-3.156272,1.490048,-0.860534,-2.367169,-5.884599,-6.853049,-8.317361,-7.668149,-7.141639,-5.634950,-7.484860,-9.513639,-12.107039,-10.704519,-9.059523,-7.311430,-8.943243,-10.108817,-15.073160,-13.584818,-11.930336,-14.828816,-20.849394,-20.662361,-18.232008,-15.077122,-15.750715,-15.619902,-16.931551,-16.270535,-17.651590,-17.575378,-16.172056,-13.405522,-14.796816,-15.313039,-15.378397,-14.612791,-16.248327,-13.651954,-13.531722,-15.435070,-14.894404,-16.882477,-16.73428
EVS Port1 1980-012-14:08:38.90084 66/1/AI_LEARNER 4: AI_LEARNER completed=6/6 mean=13114.4us max=26963.5us hal_peak=6208 within_bounded=1
{"app":"AI_LEARNER","stage":"mem","model":"b3_deepae","target":"aarch64-unknown-linux-gnu","completed":6,"hal_peak":6208,"peak_within_bounded":true,"admitted_budget_bytes":2775702401,"peak_within_admitted_budget":true,"admission_mode":"unconditional","hal_bytes_per_call_amortized":4074.7,"process_rss_kb":7008,"process_rss_delta_init_kb":620}
.EVS Port1 1980-012-14:08:40.00683 66/1/CFE_TIME 21: Stop FLYWHEEL
EVS Port1 1980-012-14:08:40.99572 66/1/CFE_TIME 20: Start FLYWHEEL
{"app":"AI_LEARNER","stage":"run","model":"b3_deepae","target":"aarch64-unknown-linux-gnu","attempted":7,"completed":7,"fail_input":0,"fail_invoke":0,"fail_output":0,"mean_us":14459.12,"max_us":26963.46,"last_us":22527.54,"out0":-34.89132,"out":[-34.891319,-19.254387,-10.698231,-6.055479,-3.156272,1.490048,-0.860534,-2.367169,-5.884599,-6.853049,-8.317361,-7.668149,-7.141639,-5.634950,-7.484860,-9.513639,-12.107039,-10.704519,-9.059523,-7.311430,-8.943243,-10.108817,-15.073160,-13.584818,-11.930336,-14.828816,-20.849394,-20.662361,-18.232008,-15.077122,-15.750715,-15.619902,-16.931551,-16.270535,-17.651590,-17.575378,-16.172056,-13.405522,-14.796816,-15.313039,-15.378397,-14.612791,-16.248327,-13.651954,-13.531722,-15.435070,-14.894404,-16.882477,-16.73428
EVS Port1 1980-012-14:08:42.72225 66/1/AI_LEARNER 4: AI_LEARNER completed=7/7 mean=14459.1us max=26963.5us hal_peak=6208 within_bounded=1
{"app":"AI_LEARNER","stage":"mem","model":"b3_deepae","target":"aarch64-unknown-linux-gnu","completed":7,"hal_peak":6208,"peak_within_bounded":true,"admitted_budget_bytes":2775702401,"peak_within_admitted_budget":true,"admission_mode":"unconditional","hal_bytes_per_call_amortized":4013.7,"process_rss_kb":7008,"process_rss_delta_init_kb":620}
.EVS Port1 1980-012-14:08:46.69882 66/1/AI_LEARNER 4: AI_LEARNER completed=8/8 mean=13600.2us max=26963.5us hal_peak=6208 within_bounded=1
{"app":"AI_LEARNER","stage":"run","model":"b3_deepae","target":"aarch64-unknown-linux-gnu","attempted":8,"completed":8,"fail_input":0,"fail_invoke":0,"fail_output":0,"mean_us":13600.18,"max_us":26963.46,"last_us":7587.60,"out0":-34.89132,"out":[-34.891319,-19.254387,-10.698231,-6.055479,-3.156272,1.490048,-0.860534,-2.367169,-5.884599,-6.853049,-8.317361,-7.668149,-7.141639,-5.634950,-7.484860,-9.513639,-12.107039,-10.704519,-9.059523,-7.311430,-8.943243,-10.108817,-15.073160,-13.584818,-11.930336,-14.828816,-20.849394,-20.662361,-18.232008,-15.077122,-15.750715,-15.619902,-16.931551,-16.270535,-17.651590,-17.575378,-16.172056,-13.405522,-14.796816,-15.313039,-15.378397,-14.612791,-16.248327,-13.651954,-13.531722,-15.435070,-14.894404,-16.882477,-16.734287
{"app":"AI_LEARNER","stage":"mem","model":"b3_deepae","target":"aarch64-unknown-linux-gnu","completed":8,"hal_peak":6208,"peak_within_bounded":true,"admitted_budget_bytes":2775702401,"peak_within_admitted_budget":true,"admission_mode":"unconditional","hal_bytes_per_call_amortized":3968.0,"process_rss_kb":7008,"process_rss_delta_init_kb":620}
EVS Port1 1980-012-14:08:50.70523 66/1/AI_LEARNER 4: AI_LEARNER completed=9/9 mean=13050.1us max=26963.5us hal_peak=6208 within_bounded=1
{"app":"AI_LEARNER","stage":"run","model":"b3_deepae","target":"aarch64-unknown-linux-gnu","attempted":9,"completed":9,"fail_input":0,"fail_invoke":0,"fail_output":0,"mean_us":13050.12,"max_us":26963.46,"last_us":8649.66,"out0":-34.89132,"out":[-34.891319,-19.254387,-10.698231,-6.055479,-3.156272,1.490048,-0.860534,-2.367169,-5.884599,-6.853049,-8.317361,-7.668149,-7.141639,-5.634950,-7.484860,-9.513639,-12.107039,-10.704519,-9.059523,-7.311430,-8.943243,-10.108817,-15.073160,-13.584818,-11.930336,-14.828816,-20.849394,-20.662361,-18.232008,-15.077122,-15.750715,-15.619902,-16.931551,-16.270535,-17.651590,-17.575378,-16.172056,-13.405522,-14.796816,-15.313039,-15.378397,-14.612791,-16.248327,-13.651954,-13.531722,-15.435070,-14.894404,-16.882477,-16.734287
{"app":"AI_LEARNER","stage":"mem","model":"b3_deepae","target":"aarch64-unknown-linux-gnu","completed":9,"hal_peak":6208,"peak_within_bounded":true,"admitted_budget_bytes":2775702401,"peak_within_admitted_budget":true,"admission_mode":"unconditional","hal_bytes_per_call_amortized":3932.4,"process_rss_kb":7008,"process_rss_delta_init_kb":620}
.{"app":"AI_LEARNER","stage":"run","model":"b3_deepae","target":"aarch64-unknown-linux-gnu","attempted":10,"completed":10,"fail_input":0,"fail_invoke":0,"fail_output":0,"mean_us":13668.60,"max_us":26963.46,"last_us":19234.90,"out0":-34.89132,"out":[-34.891319,-19.254387,-10.698231,-6.055479,-3.156272,1.490048,-0.860534,-2.367169,-5.884599,-6.853049,-8.317361,-7.668149,-7.141639,-5.634950,-7.484860,-9.513639,-12.107039,-10.704519,-9.059523,-7.311430,-8.943243,-10.108817,-15.073160,-13.584818,-11.930336,-14.828816,-20.849394,-20.662361,-18.232008,-15.077122,-15.750715,-15.619902,-16.931551,-16.270535,-17.651590,-17.575378,-16.172056,-13.405522,-14.796816,-15.313039,-15.378397,-14.612791,-16.248327,-13.651954,-13.531722,-15.435070,-14.894404,-16.882477,-16.734
EVS Port1 1980-012-14:08:54.71507 66/1/AI_LEARNER 4: AI_LEARNER completed=10/10 mean=13668.6us max=26963.5us hal_peak=6208 within_bounded=1
{"app":"AI_LEARNER","stage":"mem","model":"b3_deepae","target":"aarch64-unknown-linux-gnu","completed":10,"hal_peak":6208,"peak_within_bounded":true,"admitted_budget_bytes":2775702401,"peak_within_admitted_budget":true,"admission_mode":"unconditional","hal_bytes_per_call_amortized":3904.0,"process_rss_kb":7008,"process_rss_delta_init_kb":620}
.EVS Port1 1980-012-14:08:58.73002 66/1/AI_LEARNER 4: AI_LEARNER completed=11/11 mean=14322.6us max=26963.5us hal_peak=6208 within_bounded=1
{"app":"AI_LEARNER","stage":"run","model":"b3_deepae","target":"aarch64-unknown-linux-gnu","attempted":11,"completed":11,"fail_input":0,"fail_invoke":0,"fail_output":0,"mean_us":14322.63,"max_us":26963.46,"last_us":20862.91,"out0":-34.89132,"out":[-34.891319,-19.254387,-10.698231,-6.055479,-3.156272,1.490048,-0.860534,-2.367169,-5.884599,-6.853049,-8.317361,-7.668149,-7.141639,-5.634950,-7.484860,-9.513639,-12.107039,-10.704519,-9.059523,-7.311430,-8.943243,-10.108817,-15.073160,-13.584818,-11.930336,-14.828816,-20.849394,-20.662361,-18.232008,-15.077122,-15.750715,-15.619902,-16.931551,-16.270535,-17.651590,-17.575378,-16.172056,-13.405522,-14.796816,-15.313039,-15.378397,-14.612791,-16.248327,-13.651954,-13.531722,-15.435070,-14.894404,-16.882477,-16.734
{"app":"AI_LEARNER","stage":"mem","model":"b3_deepae","target":"aarch64-unknown-linux-gnu","completed":11,"hal_peak":6208,"peak_within_bounded":true,"admitted_budget_bytes":2775702401,"peak_within_admitted_budget":true,"admission_mode":"unconditional","hal_bytes_per_call_amortized":3880.7,"process_rss_kb":7008,"process_rss_delta_init_kb":620}
EVS Port1 1980-012-14:09:02.00382 66/1/CFE_TIME 21: Stop FLYWHEEL
EVS Port1 1980-012-14:09:02.75608 66/1/AI_LEARNER 4: AI_LEARNER completed=12/12 mean=16435.2us max=39673.7us hal_peak=6208 within_bounded=1
{"app":"AI_LEARNER","stage":"run","model":"b3_deepae","target":"aarch64-unknown-linux-gnu","attempted":12,"completed":12,"fail_input":0,"fail_invoke":0,"fail_output":0,"mean_us":16435.22,"max_us":39673.73,"last_us":39673.73,"out0":-34.89132,"out":[-34.891319,-19.254387,-10.698231,-6.055479,-3.156272,1.490048,-0.860534,-2.367169,-5.884599,-6.853049,-8.317361,-7.668149,-7.141639,-5.634950,-7.484860,-9.513639,-12.107039,-10.704519,-9.059523,-7.311430,-8.943243,-10.108817,-15.073160,-13.584818,-11.930336,-14.828816,-20.849394,-20.662361,-18.232008,-15.077122,-15.750715,-15.619902,-16.931551,-16.270535,-17.651590,-17.575378,-16.172056,-13.405522,-14.796816,-15.313039,-15.378397,-14.612791,-16.248327,-13.651954,-13.531722,-15.435070,-14.894404,-16.882477,-16.734
{"app":"AI_LEARNER","stage":"mem","model":"b3_deepae","target":"aarch64-unknown-linux-gnu","completed":12,"hal_peak":6208,"peak_within_bounded":true,"admitted_budget_bytes":2775702401,"peak_within_admitted_budget":true,"admission_mode":"unconditional","hal_bytes_per_call_amortized":3861.3,"process_rss_kb":7008,"process_rss_delta_init_kb":620}
.EVS Port1 1980-012-14:09:03.00434 66/1/CFE_TIME 20: Start FLYWHEEL
EVS Port1 1980-012-14:09:06.73446 66/1/AI_LEARNER 4: AI_LEARNER completed=13/13 mean=17280.8us max=39673.7us hal_peak=6208 within_bounded=1
{"app":"AI_LEARNER","stage":"run","model":"b3_deepae","target":"aarch64-unknown-linux-gnu","attempted":13,"completed":13,"fail_input":0,"fail_invoke":0,"fail_output":0,"mean_us":17280.77,"max_us":39673.73,"last_us":27427.36,"out0":-34.89132,"out":[-34.891319,-19.254387,-10.698231,-6.055479,-3.156272,1.490048,-0.860534,-2.367169,-5.884599,-6.853049,-8.317361,-7.668149,-7.141639,-5.634950,-7.484860,-9.513639,-12.107039,-10.704519,-9.059523,-7.311430,-8.943243,-10.108817,-15.073160,-13.584818,-11.930336,-14.828816,-20.849394,-20.662361,-18.232008,-15.077122,-15.750715,-15.619902,-16.931551,-16.270535,-17.651590,-17.575378,-16.172056,-13.405522,-14.796816,-15.313039,-15.378397,-14.612791,-16.248327,-13.651954,-13.531722,-15.435070,-14.894404,-16.882477,-16.734
{"app":"AI_LEARNER","stage":"mem","model":"b3_deepae","target":"aarch64-unknown-linux-gnu","completed":13,"hal_peak":6208,"peak_within_bounded":true,"admitted_budget_bytes":2775702401,"peak_within_admitted_budget":true,"admission_mode":"unconditional","hal_bytes_per_call_amortized":3844.9,"process_rss_kb":7008,"process_rss_delta_init_kb":620}
.EVS Port1 1980-012-14:09:10.13360 66/1/CFE_TIME 20: Start FLYWHEEL
EVS Port1 1980-012-14:09:10.84696 66/1/AI_LEARNER 4: AI_LEARNER completed=14/14 mean=16936.6us max=39673.7us hal_peak=6208 within_bounded=1
{"app":"AI_LEARNER","stage":"run","model":"b3_deepae","target":"aarch64-unknown-linux-gnu","attempted":14,"completed":14,"fail_input":0,"fail_invoke":0,"fail_output":0,"mean_us":16936.57,"max_us":39673.73,"last_us":12461.92,"out0":-34.89132,"out":[-34.891319,-19.254387,-10.698231,-6.055479,-3.156272,1.490048,-0.860534,-2.367169,-5.884599,-6.853049,-8.317361,-7.668149,-7.141639,-5.634950,-7.484860,-9.513639,-12.107039,-10.704519,-9.059523,-7.311430,-8.943243,-10.108817,-15.073160,-13.584818,-11.930336,-14.828816,-20.849394,-20.662361,-18.232008,-15.077122,-15.750715,-15.619902,-16.931551,-16.270535,-17.651590,-17.575378,-16.172056,-13.405522,-14.796816,-15.313039,-15.378397,-14.612791,-16.248327,-13.651954,-13.531722,-15.435070,-14.894404,-16.882477,-16.734
{"app":"AI_LEARNER","stage":"mem","model":"b3_deepae","target":"aarch64-unknown-linux-gnu","completed":14,"hal_peak":6208,"peak_within_bounded":true,"admitted_budget_bytes":2775702401,"peak_within_admitted_budget":true,"admission_mode":"unconditional","hal_bytes_per_call_amortized":3830.9,"process_rss_kb":7008,"process_rss_delta_init_kb":620}
EVS Port1 1980-012-14:09:11.00811 66/1/CFE_TIME 21: Stop FLYWHEEL
{"app":"AI_LEARNER","stage":"run","model":"b3_deepae","target":"aarch64-unknown-linux-gnu","attempted":15,"completed":15,"fail_input":0,"fail_invoke":0,"fail_output":0,"mean_us":17665.56,"max_us":39673.73,"last_us":27871.39,"out0":-34.89132,"out":[-34.891319,-19.254387,-10.698231,-6.055479,-3.156272,1.490048,-0.860534,-2.367169,-5.884599,-6.853049,-8.317361,-7.668149,-7.141639,-5.634950,-7.484860,-9.513639,-12.107039,-10.704519,-9.059523,-7.311430,-8.943243,-10.108817,-15.073160,-13.584818,-11.930336,-14.828816,-20.849394,-20.662361,-18.232008,-15.077122,-15.750715,-15.619902,-16.931551,-16.270535,-17.651590,-17.575378,-16.172056,-13.405522,-14.796816,-15.313039,-15.378397,-14.612791,-16.248327,-13.651954,-13.531722,-15.435070,-14.894404,-16.882477,-16.734
EVS Port1 1980-012-14:09:14.76609 66/1/AI_LEARNER 4: AI_LEARNER completed=15/15 mean=17665.6us max=39673.7us hal_peak=6208 within_bounded=1
{"app":"AI_LEARNER","stage":"mem","model":"b3_deepae","target":"aarch64-unknown-linux-gnu","completed":15,"hal_peak":6208,"peak_within_bounded":true,"admitted_budget_bytes":2775702401,"peak_within_admitted_budget":true,"admission_mode":"unconditional","hal_bytes_per_call_amortized":3818.7,"process_rss_kb":7008,"process_rss_delta_init_kb":620}
.EVS Port1 1980-012-14:09:18.00379 66/1/CFE_TIME 21: Stop FLYWHEEL
{"app":"AI_LEARNER","stage":"run","model":"b3_deepae","target":"aarch64-unknown-linux-gnu","attempted":16,"completed":16,"fail_input":0,"fail_invoke":0,"fail_output":0,"mean_us":17202.75,"max_us":39673.73,"last_us":10260.70,"out0":-34.89132,"out":[-34.891319,-19.254387,-10.698231,-6.055479,-3.156272,1.490048,-0.860534,-2.367169,-5.884599,-6.853049,-8.317361,-7.668149,-7.141639,-5.634950,-7.484860,-9.513639,-12.107039,-10.704519,-9.059523,-7.311430,-8.943243,-10.108817,-15.073160,-13.584818,-11.930336,-14.828816,-20.849394,-20.662361,-18.232008,-15.077122,-15.750715,-15.619902,-16.931551,-16.270535,-17.651590,-17.575378,-16.172056,-13.405522,-14.796816,-15.313039,-15.378397,-14.612791,-16.248327,-13.651954,-13.531722,-15.435070,-14.894404,-16.882477,-16.734
EVS Port1 1980-012-14:09:18.70953 66/1/AI_LEARNER 4: AI_LEARNER completed=16/16 mean=17202.8us max=39673.7us hal_peak=6208 within_bounded=1
{"app":"AI_LEARNER","stage":"mem","model":"b3_deepae","target":"aarch64-unknown-linux-gnu","completed":16,"hal_peak":6208,"peak_within_bounded":true,"admitted_budget_bytes":2775702401,"peak_within_admitted_budget":true,"admission_mode":"unconditional","hal_bytes_per_call_amortized":3808.0,"process_rss_kb":7008,"process_rss_delta_init_kb":620}
EVS Port1 1980-012-14:09:19.01119 66/1/CFE_TIME 20: Start FLYWHEEL
.EVS Port1 1980-012-14:09:22.71064 66/1/AI_LEARNER 4: AI_LEARNER completed=17/17 mean=17011.9us max=39673.7us hal_peak=6208 within_bounded=1
{"app":"AI_LEARNER","stage":"run","model":"b3_deepae","target":"aarch64-unknown-linux-gnu","attempted":17,"completed":17,"fail_input":0,"fail_invoke":0,"fail_output":0,"mean_us":17011.94,"max_us":39673.73,"last_us":13958.86,"out0":-34.89132,"out":[-34.891319,-19.254387,-10.698231,-6.055479,-3.156272,1.490048,-0.860534,-2.367169,-5.884599,-6.853049,-8.317361,-7.668149,-7.141639,-5.634950,-7.484860,-9.513639,-12.107039,-10.704519,-9.059523,-7.311430,-8.943243,-10.108817,-15.073160,-13.584818,-11.930336,-14.828816,-20.849394,-20.662361,-18.232008,-15.077122,-15.750715,-15.619902,-16.931551,-16.270535,-17.651590,-17.575378,-16.172056,-13.405522,-14.796816,-15.313039,-15.378397,-14.612791,-16.248327,-13.651954,-13.531722,-15.435070,-14.894404,-16.882477,-16.734
{"app":"AI_LEARNER","stage":"mem","model":"b3_deepae","target":"aarch64-unknown-linux-gnu","completed":17,"hal_peak":6208,"peak_within_bounded":true,"admitted_budget_bytes":2775702401,"peak_within_admitted_budget":true,"admission_mode":"unconditional","hal_bytes_per_call_amortized":3798.6,"process_rss_kb":7008,"process_rss_delta_init_kb":620}
EVS Port1 1980-012-14:09:26.73411 66/1/AI_LEARNER 4: AI_LEARNER completed=18/18 mean=17258.6us max=39673.7us hal_peak=6208 within_bounded=1
{"app":"AI_LEARNER","stage":"run","model":"b3_deepae","target":"aarch64-unknown-linux-gnu","attempted":18,"completed":18,"fail_input":0,"fail_invoke":0,"fail_output":0,"mean_us":17258.61,"max_us":39673.73,"last_us":21452.14,"out0":-34.89132,"out":[-34.891319,-19.254387,-10.698231,-6.055479,-3.156272,1.490048,-0.860534,-2.367169,-5.884599,-6.853049,-8.317361,-7.668149,-7.141639,-5.634950,-7.484860,-9.513639,-12.107039,-10.704519,-9.059523,-7.311430,-8.943243,-10.108817,-15.073160,-13.584818,-11.930336,-14.828816,-20.849394,-20.662361,-18.232008,-15.077122,-15.750715,-15.619902,-16.931551,-16.270535,-17.651590,-17.575378,-16.172056,-13.405522,-14.796816,-15.313039,-15.378397,-14.612791,-16.248327,-13.651954,-13.531722,-15.435070,-14.894404,-16.882477,-16.734
.{"app":"AI_LEARNER","stage":"mem","model":"b3_deepae","target":"aarch64-unknown-linux-gnu","completed":18,"hal_peak":6208,"peak_within_bounded":true,"admitted_budget_bytes":2775702401,"peak_within_admitted_budget":true,"admission_mode":"unconditional","hal_bytes_per_call_amortized":3790.2,"process_rss_kb":7008,"process_rss_delta_init_kb":620}
EVS Port1 1980-012-14:09:30.71617 66/1/AI_LEARNER 4: AI_LEARNER completed=19/19 mean=17030.7us max=39673.7us hal_peak=6208 within_bounded=1
{"app":"AI_LEARNER","stage":"run","model":"b3_deepae","target":"aarch64-unknown-linux-gnu","attempted":19,"completed":19,"fail_input":0,"fail_invoke":0,"fail_output":0,"mean_us":17030.74,"max_us":39673.73,"last_us":12928.99,"out0":-34.89132,"out":[-34.891319,-19.254387,-10.698231,-6.055479,-3.156272,1.490048,-0.860534,-2.367169,-5.884599,-6.853049,-8.317361,-7.668149,-7.141639,-5.634950,-7.484860,-9.513639,-12.107039,-10.704519,-9.059523,-7.311430,-8.943243,-10.108817,-15.073160,-13.584818,-11.930336,-14.828816,-20.849394,-20.662361,-18.232008,-15.077122,-15.750715,-15.619902,-16.931551,-16.270535,-17.651590,-17.575378,-16.172056,-13.405522,-14.796816,-15.313039,-15.378397,-14.612791,-16.248327,-13.651954,-13.531722,-15.435070,-14.894404,-16.882477,-16.734
{"app":"AI_LEARNER","stage":"mem","model":"b3_deepae","target":"aarch64-unknown-linux-gnu","completed":19,"hal_peak":6208,"peak_within_bounded":true,"admitted_budget_bytes":2775702401,"peak_within_admitted_budget":true,"admission_mode":"unconditional","hal_bytes_per_call_amortized":3782.7,"process_rss_kb":7008,"process_rss_delta_init_kb":620}
.EVS Port1 1980-012-14:09:34.79243 66/1/AI_LEARNER 4: AI_LEARNER completed=20/20 mean=17177.5us max=39673.7us hal_peak=6208 within_bounded=1
{"app":"AI_LEARNER","stage":"run","model":"b3_deepae","target":"aarch64-unknown-linux-gnu","attempted":20,"completed":20,"fail_input":0,"fail_invoke":0,"fail_output":0,"mean_us":17177.55,"max_us":39673.73,"last_us":19966.93,"out0":-34.89132,"out":[-34.891319,-19.254387,-10.698231,-6.055479,-3.156272,1.490048,-0.860534,-2.367169,-5.884599,-6.853049,-8.317361,-7.668149,-7.141639,-5.634950,-7.484860,-9.513639,-12.107039,-10.704519,-9.059523,-7.311430,-8.943243,-10.108817,-15.073160,-13.584818,-11.930336,-14.828816,-20.849394,-20.662361,-18.232008,-15.077122,-15.750715,-15.619902,-16.931551,-16.270535,-17.651590,-17.575378,-16.172056,-13.405522,-14.796816,-15.313039,-15.378397,-14.612791,-16.248327,-13.651954,-13.531722,-15.435070,-14.894404,-16.882477,-16.734
{"app":"AI_LEARNER","stage":"mem","model":"b3_deepae","target":"aarch64-unknown-linux-gnu","completed":20,"hal_peak":6208,"peak_within_bounded":true,"admitted_budget_bytes":2775702401,"peak_within_admitted_budget":true,"admission_mode":"unconditional","hal_bytes_per_call_amortized":3776.0,"process_rss_kb":7008,"process_rss_delta_init_kb":620}
EVS Port1 1980-012-14:09:37.08158 66/1/CFE_TIME 20: Start FLYWHEEL
EVS Port1 1980-012-14:09:37.01335 66/1/CFE_TIME 21: Stop FLYWHEEL
.EVS Port1 1980-012-14:09:38.79151 66/1/AI_LEARNER 4: AI_LEARNER completed=21/21 mean=17135.4us max=39673.7us hal_peak=6208 within_bounded=1
{"app":"AI_LEARNER","stage":"run","model":"b3_deepae","target":"aarch64-unknown-linux-gnu","attempted":21,"completed":21,"fail_input":0,"fail_invoke":0,"fail_output":0,"mean_us":17135.39,"max_us":39673.73,"last_us":16292.27,"out0":-34.89132,"out":[-34.891319,-19.254387,-10.698231,-6.055479,-3.156272,1.490048,-0.860534,-2.367169,-5.884599,-6.853049,-8.317361,-7.668149,-7.141639,-5.634950,-7.484860,-9.513639,-12.107039,-10.704519,-9.059523,-7.311430,-8.943243,-10.108817,-15.073160,-13.584818,-11.930336,-14.828816,-20.849394,-20.662361,-18.232008,-15.077122,-15.750715,-15.619902,-16.931551,-16.270535,-17.651590,-17.575378,-16.172056,-13.405522,-14.796816,-15.313039,-15.378397,-14.612791,-16.248327,-13.651954,-13.531722,-15.435070,-14.894404,-16.882477,-16.734
{"app":"AI_LEARNER","stage":"mem","model":"b3_deepae","target":"aarch64-unknown-linux-gnu","completed":21,"hal_peak":6208,"peak_within_bounded":true,"admitted_budget_bytes":2775702401,"peak_within_admitted_budget":true,"admission_mode":"unconditional","hal_bytes_per_call_amortized":3769.9,"process_rss_kb":7008,"process_rss_delta_init_kb":620}
EVS Port1 1980-012-14:09:41.22503 66/1/CFE_TIME 20: Start FLYWHEEL
EVS Port1 1980-012-14:09:41.00588 66/1/CFE_TIME 21: Stop FLYWHEEL
EVS Port1 1980-012-14:09:42.81527 66/1/AI_LEARNER 4: AI_LEARNER completed=22/22 mean=17306.3us max=39673.7us hal_peak=6208 within_bounded=1
{"app":"AI_LEARNER","stage":"run","model":"b3_deepae","target":"aarch64-unknown-linux-gnu","attempted":22,"completed":22,"fail_input":0,"fail_invoke":0,"fail_output":0,"mean_us":17306.30,"max_us":39673.73,"last_us":20895.44,"out0":-34.89132,"out":[-34.891319,-19.254387,-10.698231,-6.055479,-3.156272,1.490048,-0.860534,-2.367169,-5.884599,-6.853049,-8.317361,-7.668149,-7.141639,-5.634950,-7.484860,-9.513639,-12.107039,-10.704519,-9.059523,-7.311430,-8.943243,-10.108817,-15.073160,-13.584818,-11.930336,-14.828816,-20.849394,-20.662361,-18.232008,-15.077122,-15.750715,-15.619902,-16.931551,-16.270535,-17.651590,-17.575378,-16.172056,-13.405522,-14.796816,-15.313039,-15.378397,-14.612791,-16.248327,-13.651954,-13.531722,-15.435070,-14.894404,-16.882477,-16.734
{"app":"AI_LEARNER","stage":"mem","model":"b3_deepae","target":"aarch64-unknown-linux-gnu","completed":22,"hal_peak":6208,"peak_within_bounded":true,"admitted_budget_bytes":2775702401,"peak_within_admitted_budget":true,"admission_mode":"unconditional","hal_bytes_per_call_amortized":3764.4,"process_rss_kb":7008,"process_rss_delta_init_kb":620}
.EVS Port1 1980-012-14:09:44.53964 66/1/CFE_TIME 20: Start FLYWHEEL
EVS Port1 1980-012-14:09:47.41171 66/1/AI_LEARNER 4: AI_LEARNER completed=23/23 mean=17880.2us max=39673.7us hal_peak=6208 within_bounded=1
{"app":"AI_LEARNER","stage":"run","model":"b3_deepae","target":"aarch64-unknown-linux-gnu","attempted":23,"completed":23,"fail_input":0,"fail_invoke":0,"fail_output":0,"mean_us":17880.15,"max_us":39673.73,"last_us":30504.82,"out0":-34.89132,"out":[-34.891319,-19.254387,-10.698231,-6.055479,-3.156272,1.490048,-0.860534,-2.367169,-5.884599,-6.853049,-8.317361,-7.668149,-7.141639,-5.634950,-7.484860,-9.513639,-12.107039,-10.704519,-9.059523,-7.311430,-8.943243,-10.108817,-15.073160,-13.584818,-11.930336,-14.828816,-20.849394,-20.662361,-18.232008,-15.077122,-15.750715,-15.619902,-16.931551,-16.270535,-17.651590,-17.575378,-16.172056,-13.405522,-14.796816,-15.313039,-15.378397,-14.612791,-16.248327,-13.651954,-13.531722,-15.435070,-14.894404,-16.882477,-16.734
{"app":"AI_LEARNER","stage":"mem","model":"b3_deepae","target":"aarch64-unknown-linux-gnu","completed":23,"hal_peak":6208,"peak_within_bounded":true,"admitted_budget_bytes":2775702401,"peak_within_admitted_budget":true,"admission_mode":"unconditional","hal_bytes_per_call_amortized":3759.3,"process_rss_kb":7008,"process_rss_delta_init_kb":620}
.EVS Port1 1980-012-14:09:52.76959 66/1/AI_LEARNER 4: AI_LEARNER completed=24/24 mean=18050.5us max=39673.7us hal_peak=6208 within_bounded=1
{"app":"AI_LEARNER","stage":"run","model":"b3_deepae","target":"aarch64-unknown-linux-gnu","attempted":24,"completed":24,"fail_input":0,"fail_invoke":0,"fail_output":0,"mean_us":18050.55,"max_us":39673.73,"last_us":21969.70,"out0":-34.89132,"out":[-34.891319,-19.254387,-10.698231,-6.055479,-3.156272,1.490048,-0.860534,-2.367169,-5.884599,-6.853049,-8.317361,-7.668149,-7.141639,-5.634950,-7.484860,-9.513639,-12.107039,-10.704519,-9.059523,-7.311430,-8.943243,-10.108817,-15.073160,-13.584818,-11.930336,-14.828816,-20.849394,-20.662361,-18.232008,-15.077122,-15.750715,-15.619902,-16.931551,-16.270535,-17.651590,-17.575378,-16.172056,-13.405522,-14.796816,-15.313039,-15.378397,-14.612791,-16.248327,-13.651954,-13.531722,-15.435070,-14.894404,-16.882477,-16.734
{"app":"AI_LEARNER","stage":"mem","model":"b3_deepae","target":"aarch64-unknown-linux-gnu","completed":24,"hal_peak":6208,"peak_within_bounded":true,"admitted_budget_bytes":2775702401,"peak_within_admitted_budget":true,"admission_mode":"unconditional","hal_bytes_per_call_amortized":3754.7,"process_rss_kb":7008,"process_rss_delta_init_kb":620}
.EVS Port1 1980-012-14:09:58.47000 66/1/AI_LEARNER 4: AI_LEARNER completed=25/25 mean=19134.3us max=45145.1us hal_peak=6208 within_bounded=1
{"app":"AI_LEARNER","stage":"run","model":"b3_deepae","target":"aarch64-unknown-linux-gnu","attempted":25,"completed":25,"fail_input":0,"fail_invoke":0,"fail_output":0,"mean_us":19134.33,"max_us":45145.10,"last_us":45145.10,"out0":-34.89132,"out":[-34.891319,-19.254387,-10.698231,-6.055479,-3.156272,1.490048,-0.860534,-2.367169,-5.884599,-6.853049,-8.317361,-7.668149,-7.141639,-5.634950,-7.484860,-9.513639,-12.107039,-10.704519,-9.059523,-7.311430,-8.943243,-10.108817,-15.073160,-13.584818,-11.930336,-14.828816,-20.849394,-20.662361,-18.232008,-15.077122,-15.750715,-15.619902,-16.931551,-16.270535,-17.651590,-17.575378,-16.172056,-13.405522,-14.796816,-15.313039,-15.378397,-14.612791,-16.248327,-13.651954,-13.531722,-15.435070,-14.894404,-16.882477,-16.734
{"app":"AI_LEARNER","stage":"mem","model":"b3_deepae","target":"aarch64-unknown-linux-gnu","completed":25,"hal_peak":6208,"peak_within_bounded":true,"admitted_budget_bytes":2775702401,"peak_within_admitted_budget":true,"admission_mode":"unconditional","hal_bytes_per_call_amortized":3750.4,"process_rss_kb":7008,"process_rss_delta_init_kb":620}
..EVS Port1 1980-012-14:10:10.86207 66/1/AI_LEARNER 4: AI_LEARNER completed=26/26 mean=18564.3us max=45145.1us hal_peak=6208 within_bounded=1
{"app":"AI_LEARNER","stage":"run","model":"b3_deepae","target":"aarch64-unknown-linux-gnu","attempted":26,"completed":26,"fail_input":0,"fail_invoke":0,"fail_output":0,"mean_us":18564.28,"max_us":45145.10,"last_us":4312.91,"out0":-34.89132,"out":[-34.891319,-19.254387,-10.698231,-6.055479,-3.156272,1.490048,-0.860534,-2.367169,-5.884599,-6.853049,-8.317361,-7.668149,-7.141639,-5.634950,-7.484860,-9.513639,-12.107039,-10.704519,-9.059523,-7.311430,-8.943243,-10.108817,-15.073160,-13.584818,-11.930336,-14.828816,-20.849394,-20.662361,-18.232008,-15.077122,-15.750715,-15.619902,-16.931551,-16.270535,-17.651590,-17.575378,-16.172056,-13.405522,-14.796816,-15.313039,-15.378397,-14.612791,-16.248327,-13.651954,-13.531722,-15.435070,-14.894404,-16.882477,-16.7342
{"app":"AI_LEARNER","stage":"mem","model":"b3_deepae","target":"aarch64-unknown-linux-gnu","completed":26,"hal_peak":6208,"peak_within_bounded":true,"admitted_budget_bytes":2775702401,"peak_within_admitted_budget":true,"admission_mode":"unconditional","hal_bytes_per_call_amortized":3746.5,"process_rss_kb":7008,"process_rss_delta_init_kb":620}
..EVS Port1 1980-012-14:10:26.69314 66/1/AI_LEARNER 4: AI_LEARNER completed=27/27 mean=29641.2us max=317642.1us hal_peak=6208 within_bounded=1
{"app":"AI_LEARNER","stage":"run","model":"b3_deepae","target":"aarch64-unknown-linux-gnu","attempted":27,"completed":27,"fail_input":0,"fail_invoke":0,"fail_output":0,"mean_us":29641.23,"max_us":317642.14,"last_us":317642.14,"out0":-34.89132,"out":[-34.891319,-19.254387,-10.698231,-6.055479,-3.156272,1.490048,-0.860534,-2.367169,-5.884599,-6.853049,-8.317361,-7.668149,-7.141639,-5.634950,-7.484860,-9.513639,-12.107039,-10.704519,-9.059523,-7.311430,-8.943243,-10.108817,-15.073160,-13.584818,-11.930336,-14.828816,-20.849394,-20.662361,-18.232008,-15.077122,-15.750715,-15.619902,-16.931551,-16.270535,-17.651590,-17.575378,-16.172056,-13.405522,-14.796816,-15.313039,-15.378397,-14.612791,-16.248327,-13.651954,-13.531722,-15.435070,-14.894404,-16.882477,-16.7
{"app":"AI_LEARNER","stage":"mem","model":"b3_deepae","target":"aarch64-unknown-linux-gnu","completed":27,"hal_peak":6208,"peak_within_bounded":true,"admitted_budget_bytes":2775702401,"peak_within_admitted_budget":true,"admission_mode":"unconditional","hal_bytes_per_call_amortized":3742.8,"process_rss_kb":7008,"process_rss_delta_init_kb":620}
.EVS Port1 1980-012-14:10:32.65809 66/1/AI_LEARNER 4: AI_LEARNER completed=28/28 mean=29400.5us max=317642.1us hal_peak=6208 within_bounded=1
{"app":"AI_LEARNER","stage":"run","model":"b3_deepae","target":"aarch64-unknown-linux-gnu","attempted":28,"completed":28,"fail_input":0,"fail_invoke":0,"fail_output":0,"mean_us":29400.48,"max_us":317642.14,"last_us":22900.21,"out0":-34.89132,"out":[-34.891319,-19.254387,-10.698231,-6.055479,-3.156272,1.490048,-0.860534,-2.367169,-5.884599,-6.853049,-8.317361,-7.668149,-7.141639,-5.634950,-7.484860,-9.513639,-12.107039,-10.704519,-9.059523,-7.311430,-8.943243,-10.108817,-15.073160,-13.584818,-11.930336,-14.828816,-20.849394,-20.662361,-18.232008,-15.077122,-15.750715,-15.619902,-16.931551,-16.270535,-17.651590,-17.575378,-16.172056,-13.405522,-14.796816,-15.313039,-15.378397,-14.612791,-16.248327,-13.651954,-13.531722,-15.435070,-14.894404,-16.882477,-16.73
{"app":"AI_LEARNER","stage":"mem","model":"b3_deepae","target":"aarch64-unknown-linux-gnu","completed":28,"hal_peak":6208,"peak_within_bounded":true,"admitted_budget_bytes":2775702401,"peak_within_admitted_budget":true,"admission_mode":"unconditional","hal_bytes_per_call_amortized":3739.4,"process_rss_kb":7008,"process_rss_delta_init_kb":620}
..{"app":"AI_LEARNER","stage":"run","model":"b3_deepae","target":"aarch64-unknown-linux-gnu","attempted":29,"completed":29,"fail_input":0,"fail_invoke":0,"fail_output":0,"mean_us":32842.04,"max_us":317642.14,"last_us":129205.55,"out0":-34.89132,"out":[-34.891319,-19.254387,-10.698231,-6.055479,-3.156272,1.490048,-0.860534,-2.367169,-5.884599,-6.853049,-8.317361,-7.668149,-7.141639,-5.634950,-7.484860,-9.513639,-12.107039,-10.704519,-9.059523,-7.311430,-8.943243,-10.108817,-15.073160,-13.584818,-11.930336,-14.828816,-20.849394,-20.662361,-18.232008,-15.077122,-15.750715,-15.619902,-16.931551,-16.270535,-17.651590,-17.575378,-16.172056,-13.405522,-14.796816,-15.313039,-15.378397,-14.612791,-16.248327,-13.651954,-13.531722,-15.435070,-14.894404,-16.882477,-16.7
EVS Port1 1980-012-14:10:44.18861 66/1/AI_LEARNER 4: AI_LEARNER completed=29/29 mean=32842.0us max=317642.1us hal_peak=6208 within_bounded=1
{"app":"AI_LEARNER","stage":"mem","model":"b3_deepae","target":"aarch64-unknown-linux-gnu","completed":29,"hal_peak":6208,"peak_within_bounded":true,"admitted_budget_bytes":2775702401,"peak_within_admitted_budget":true,"admission_mode":"unconditional","hal_bytes_per_call_amortized":3736.3,"process_rss_kb":7008,"process_rss_delta_init_kb":620}
.EVS Port1 1980-012-14:10:51.95883 66/1/AI_LEARNER 4: AI_LEARNER completed=30/30 mean=32877.3us max=317642.1us hal_peak=6208 within_bounded=1
{"app":"AI_LEARNER","stage":"run","model":"b3_deepae","target":"aarch64-unknown-linux-gnu","attempted":30,"completed":30,"fail_input":0,"fail_invoke":0,"fail_output":0,"mean_us":32877.29,"max_us":317642.14,"last_us":33899.65,"out0":-34.89132,"out":[-34.891319,-19.254387,-10.698231,-6.055479,-3.156272,1.490048,-0.860534,-2.367169,-5.884599,-6.853049,-8.317361,-7.668149,-7.141639,-5.634950,-7.484860,-9.513639,-12.107039,-10.704519,-9.059523,-7.311430,-8.943243,-10.108817,-15.073160,-13.584818,-11.930336,-14.828816,-20.849394,-20.662361,-18.232008,-15.077122,-15.750715,-15.619902,-16.931551,-16.270535,-17.651590,-17.575378,-16.172056,-13.405522,-14.796816,-15.313039,-15.378397,-14.612791,-16.248327,-13.651954,-13.531722,-15.435070,-14.894404,-16.882477,-16.73
{"app":"AI_LEARNER","stage":"mem","model":"b3_deepae","target":"aarch64-unknown-linux-gnu","completed":30,"hal_peak":6208,"peak_within_bounded":true,"admitted_budget_bytes":2775702401,"peak_within_admitted_budget":true,"admission_mode":"unconditional","hal_bytes_per_call_amortized":3733.3,"process_rss_kb":7008,"process_rss_delta_init_kb":620}
.EVS Port1 1980-012-14:10:57.07731 66/1/AI_LEARNER 4: AI_LEARNER completed=31/31 mean=32384.0us max=317642.1us hal_peak=6208 within_bounded=1
{"app":"AI_LEARNER","stage":"run","model":"b3_deepae","target":"aarch64-unknown-linux-gnu","attempted":31,"completed":31,"fail_input":0,"fail_invoke":0,"fail_output":0,"mean_us":32384.04,"max_us":317642.14,"last_us":17586.51,"out0":-34.89132,"out":[-34.891319,-19.254387,-10.698231,-6.055479,-3.156272,1.490048,-0.860534,-2.367169,-5.884599,-6.853049,-8.317361,-7.668149,-7.141639,-5.634950,-7.484860,-9.513639,-12.107039,-10.704519,-9.059523,-7.311430,-8.943243,-10.108817,-15.073160,-13.584818,-11.930336,-14.828816,-20.849394,-20.662361,-18.232008,-15.077122,-15.750715,-15.619902,-16.931551,-16.270535,-17.651590,-17.575378,-16.172056,-13.405522,-14.796816,-15.313039,-15.378397,-14.612791,-16.248327,-13.651954,-13.531722,-15.435070,-14.894404,-16.882477,-16.73
{"app":"AI_LEARNER","stage":"mem","model":"b3_deepae","target":"aarch64-unknown-linux-gnu","completed":31,"hal_peak":6208,"peak_within_bounded":true,"admitted_budget_bytes":2775702401,"peak_within_admitted_budget":true,"admission_mode":"unconditional","hal_bytes_per_call_amortized":3730.6,"process_rss_kb":7008,"process_rss_delta_init_kb":620}
EVS Port1 1980-012-14:10:59.01165 66/1/CFE_TIME 21: Stop FLYWHEEL
EVS Port1 1980-012-14:11:00.81466 66/1/AI_LEARNER 4: AI_LEARNER completed=32/32 mean=31800.4us max=317642.1us hal_peak=6208 within_bounded=1
{"app":"AI_LEARNER","stage":"run","model":"b3_deepae","target":"aarch64-unknown-linux-gnu","attempted":32,"completed":32,"fail_input":0,"fail_invoke":0,"fail_output":0,"mean_us":31800.41,"max_us":317642.14,"last_us":13707.98,"out0":-34.89132,"out":[-34.891319,-19.254387,-10.698231,-6.055479,-3.156272,1.490048,-0.860534,-2.367169,-5.884599,-6.853049,-8.317361,-7.668149,-7.141639,-5.634950,-7.484860,-9.513639,-12.107039,-10.704519,-9.059523,-7.311430,-8.943243,-10.108817,-15.073160,-13.584818,-11.930336,-14.828816,-20.849394,-20.662361,-18.232008,-15.077122,-15.750715,-15.619902,-16.931551,-16.270535,-17.651590,-17.575378,-16.172056,-13.405522,-14.796816,-15.313039,-15.378397,-14.612791,-16.248327,-13.651954,-13.531722,-15.435070,-14.894404,-16.882477,-16.73
{"app":"AI_LEARNER","stage":"mem","model":"b3_deepae","target":"aarch64-unknown-linux-gnu","completed":32,"hal_peak":6208,"peak_within_bounded":true,"admitted_budget_bytes":2775702401,"peak_within_admitted_budget":true,"admission_mode":"unconditional","hal_bytes_per_call_amortized":3728.0,"process_rss_kb":7008,"process_rss_delta_init_kb":620}
.EVS Port1 1980-012-14:11:02.13475 66/1/CFE_TIME 20: Start FLYWHEEL
EVS Port1 1980-012-14:11:03.00532 66/1/CFE_TIME 21: Stop FLYWHEEL
EVS Port1 1980-012-14:11:04.79515 66/1/AI_LEARNER 4: AI_LEARNER completed=33/33 mean=30972.9us max=317642.1us hal_peak=6208 within_bounded=1
{"app":"AI_LEARNER","stage":"run","model":"b3_deepae","target":"aarch64-unknown-linux-gnu","attempted":33,"completed":33,"fail_input":0,"fail_invoke":0,"fail_output":0,"mean_us":30972.94,"max_us":317642.14,"last_us":4493.76,"out0":-34.89132,"out":[-34.891319,-19.254387,-10.698231,-6.055479,-3.156272,1.490048,-0.860534,-2.367169,-5.884599,-6.853049,-8.317361,-7.668149,-7.141639,-5.634950,-7.484860,-9.513639,-12.107039,-10.704519,-9.059523,-7.311430,-8.943243,-10.108817,-15.073160,-13.584818,-11.930336,-14.828816,-20.849394,-20.662361,-18.232008,-15.077122,-15.750715,-15.619902,-16.931551,-16.270535,-17.651590,-17.575378,-16.172056,-13.405522,-14.796816,-15.313039,-15.378397,-14.612791,-16.248327,-13.651954,-13.531722,-15.435070,-14.894404,-16.882477,-16.734
{"app":"AI_LEARNER","stage":"mem","model":"b3_deepae","target":"aarch64-unknown-linux-gnu","completed":33,"hal_peak":6208,"peak_within_bounded":true,"admitted_budget_bytes":2775702401,"peak_within_admitted_budget":true,"admission_mode":"unconditional","hal_bytes_per_call_amortized":3725.6,"process_rss_kb":7008,"process_rss_delta_init_kb":620}
EVS Port1 1980-012-14:11:07.27018 66/1/CFE_TIME 20: Start FLYWHEEL
.{"app":"AI_LEARNER","stage":"run","model":"b3_deepae","target":"aarch64-unknown-linux-gnu","attempted":34,"completed":34,"fail_input":0,"fail_invoke":0,"fail_output":0,"mean_us":30872.11,"max_us":317642.14,"last_us":27544.59,"out0":-34.89132,"out":[-34.891319,-19.254387,-10.698231,-6.055479,-3.156272,1.490048,-0.860534,-2.367169,-5.884599,-6.853049,-8.317361,-7.668149,-7.141639,-5.634950,-7.484860,-9.513639,-12.107039,-10.704519,-9.059523,-7.311430,-8.943243,-10.108817,-15.073160,-13.584818,-11.930336,-14.828816,-20.849394,-20.662361,-18.232008,-15.077122,-15.750715,-15.619902,-16.931551,-16.270535,-17.651590,-17.575378,-16.172056,-13.405522,-14.796816,-15.313039,-15.378397,-14.612791,-16.248327,-13.651954,-13.531722,-15.435070,-14.894404,-16.882477,-16.73
EVS Port1 1980-012-14:11:09.24621 66/1/AI_LEARNER 4: AI_LEARNER completed=34/34 mean=30872.1us max=317642.1us hal_peak=6208 within_bounded=1
{"app":"AI_LEARNER","stage":"mem","model":"b3_deepae","target":"aarch64-unknown-linux-gnu","completed":34,"hal_peak":6208,"peak_within_bounded":true,"admitted_budget_bytes":2775702401,"peak_within_admitted_budget":true,"admission_mode":"unconditional","hal_bytes_per_call_amortized":3723.3,"process_rss_kb":7008,"process_rss_delta_init_kb":620}
EVS Port1 1980-012-14:11:11.00659 66/1/CFE_TIME 21: Stop FLYWHEEL
EVS Port1 1980-012-14:11:12.71374 66/1/AI_LEARNER 4: AI_LEARNER completed=35/35 mean=30423.2us max=317642.1us hal_peak=6208 within_bounded=1
{"app":"AI_LEARNER","stage":"run","model":"b3_deepae","target":"aarch64-unknown-linux-gnu","attempted":35,"completed":35,"fail_input":0,"fail_invoke":0,"fail_output":0,"mean_us":30423.16,"max_us":317642.14,"last_us":15158.88,"out0":-34.89132,"out":[-34.891319,-19.254387,-10.698231,-6.055479,-3.156272,1.490048,-0.860534,-2.367169,-5.884599,-6.853049,-8.317361,-7.668149,-7.141639,-5.634950,-7.484860,-9.513639,-12.107039,-10.704519,-9.059523,-7.311430,-8.943243,-10.108817,-15.073160,-13.584818,-11.930336,-14.828816,-20.849394,-20.662361,-18.232008,-15.077122,-15.750715,-15.619902,-16.931551,-16.270535,-17.651590,-17.575378,-16.172056,-13.405522,-14.796816,-15.313039,-15.378397,-14.612791,-16.248327,-13.651954,-13.531722,-15.435070,-14.894404,-16.882477,-16.73
{"app":"AI_LEARNER","stage":"mem","model":"b3_deepae","target":"aarch64-unknown-linux-gnu","completed":35,"hal_peak":6208,"peak_within_bounded":true,"admitted_budget_bytes":2775702401,"peak_within_admitted_budget":true,"admission_mode":"unconditional","hal_bytes_per_call_amortized":3721.1,"process_rss_kb":7008,"process_rss_delta_init_kb":620}
.EVS Port1 1980-012-14:11:16.73808 66/1/AI_LEARNER 4: AI_LEARNER completed=36/36 mean=30345.1us max=317642.1us hal_peak=6208 within_bounded=1
{"app":"AI_LEARNER","stage":"run","model":"b3_deepae","target":"aarch64-unknown-linux-gnu","attempted":36,"completed":36,"fail_input":0,"fail_invoke":0,"fail_output":0,"mean_us":30345.08,"max_us":317642.14,"last_us":27612.30,"out0":-34.89132,"out":[-34.891319,-19.254387,-10.698231,-6.055479,-3.156272,1.490048,-0.860534,-2.367169,-5.884599,-6.853049,-8.317361,-7.668149,-7.141639,-5.634950,-7.484860,-9.513639,-12.107039,-10.704519,-9.059523,-7.311430,-8.943243,-10.108817,-15.073160,-13.584818,-11.930336,-14.828816,-20.849394,-20.662361,-18.232008,-15.077122,-15.750715,-15.619902,-16.931551,-16.270535,-17.651590,-17.575378,-16.172056,-13.405522,-14.796816,-15.313039,-15.378397,-14.612791,-16.248327,-13.651954,-13.531722,-15.435070,-14.894404,-16.882477,-16.73
{"app":"AI_LEARNER","stage":"mem","model":"b3_deepae","target":"aarch64-unknown-linux-gnu","completed":36,"hal_peak":6208,"peak_within_bounded":true,"admitted_budget_bytes":2775702401,"peak_within_admitted_budget":true,"admission_mode":"unconditional","hal_bytes_per_call_amortized":3719.1,"process_rss_kb":7008,"process_rss_delta_init_kb":620}
.EVS Port1 1980-012-14:11:20.71977 66/1/AI_LEARNER 4: AI_LEARNER completed=37/37 mean=30008.0us max=317642.1us hal_peak=6208 within_bounded=1
{"app":"AI_LEARNER","stage":"run","model":"b3_deepae","target":"aarch64-unknown-linux-gnu","attempted":37,"completed":37,"fail_input":0,"fail_invoke":0,"fail_output":0,"mean_us":30007.98,"max_us":317642.14,"last_us":17872.43,"out0":-34.89132,"out":[-34.891319,-19.254387,-10.698231,-6.055479,-3.156272,1.490048,-0.860534,-2.367169,-5.884599,-6.853049,-8.317361,-7.668149,-7.141639,-5.634950,-7.484860,-9.513639,-12.107039,-10.704519,-9.059523,-7.311430,-8.943243,-10.108817,-15.073160,-13.584818,-11.930336,-14.828816,-20.849394,-20.662361,-18.232008,-15.077122,-15.750715,-15.619902,-16.931551,-16.270535,-17.651590,-17.575378,-16.172056,-13.405522,-14.796816,-15.313039,-15.378397,-14.612791,-16.248327,-13.651954,-13.531722,-15.435070,-14.894404,-16.882477,-16.73
{"app":"AI_LEARNER","stage":"mem","model":"b3_deepae","target":"aarch64-unknown-linux-gnu","completed":37,"hal_peak":6208,"peak_within_bounded":true,"admitted_budget_bytes":2775702401,"peak_within_admitted_budget":true,"admission_mode":"unconditional","hal_bytes_per_call_amortized":3717.2,"process_rss_kb":7008,"process_rss_delta_init_kb":620}
EVS Port1 1980-012-14:11:24.71810 66/1/AI_LEARNER 4: AI_LEARNER completed=38/38 mean=29560.2us max=317642.1us hal_peak=6208 within_bounded=1
{"app":"AI_LEARNER","stage":"run","model":"b3_deepae","target":"aarch64-unknown-linux-gnu","attempted":38,"completed":38,"fail_input":0,"fail_invoke":0,"fail_output":0,"mean_us":29560.16,"max_us":317642.14,"last_us":12991.01,"out0":-34.89132,"out":[-34.891319,-19.254387,-10.698231,-6.055479,-3.156272,1.490048,-0.860534,-2.367169,-5.884599,-6.853049,-8.317361,-7.668149,-7.141639,-5.634950,-7.484860,-9.513639,-12.107039,-10.704519,-9.059523,-7.311430,-8.943243,-10.108817,-15.073160,-13.584818,-11.930336,-14.828816,-20.849394,-20.662361,-18.232008,-15.077122,-15.750715,-15.619902,-16.931551,-16.270535,-17.651590,-17.575378,-16.172056,-13.405522,-14.796816,-15.313039,-15.378397,-14.612791,-16.248327,-13.651954,-13.531722,-15.435070,-14.894404,-16.882477,-16.73
{"app":"AI_LEARNER","stage":"mem","model":"b3_deepae","target":"aarch64-unknown-linux-gnu","completed":38,"hal_peak":6208,"peak_within_bounded":true,"admitted_budget_bytes":2775702401,"peak_within_admitted_budget":true,"admission_mode":"unconditional","hal_bytes_per_call_amortized":3715.4,"process_rss_kb":7008,"process_rss_delta_init_kb":620}
.EVS Port1 1980-012-14:11:28.71273 66/1/AI_LEARNER 4: AI_LEARNER completed=39/39 mean=28988.2us max=317642.1us hal_peak=6208 within_bounded=1
{"app":"AI_LEARNER","stage":"run","model":"b3_deepae","target":"aarch64-unknown-linux-gnu","attempted":39,"completed":39,"fail_input":0,"fail_invoke":0,"fail_output":0,"mean_us":28988.16,"max_us":317642.14,"last_us":7252.18,"out0":-34.89132,"out":[-34.891319,-19.254387,-10.698231,-6.055479,-3.156272,1.490048,-0.860534,-2.367169,-5.884599,-6.853049,-8.317361,-7.668149,-7.141639,-5.634950,-7.484860,-9.513639,-12.107039,-10.704519,-9.059523,-7.311430,-8.943243,-10.108817,-15.073160,-13.584818,-11.930336,-14.828816,-20.849394,-20.662361,-18.232008,-15.077122,-15.750715,-15.619902,-16.931551,-16.270535,-17.651590,-17.575378,-16.172056,-13.405522,-14.796816,-15.313039,-15.378397,-14.612791,-16.248327,-13.651954,-13.531722,-15.435070,-14.894404,-16.882477,-16.734
{"app":"AI_LEARNER","stage":"mem","model":"b3_deepae","target":"aarch64-unknown-linux-gnu","completed":39,"hal_peak":6208,"peak_within_bounded":true,"admitted_budget_bytes":2775702401,"peak_within_admitted_budget":true,"admission_mode":"unconditional","hal_bytes_per_call_amortized":3713.6,"process_rss_kb":7008,"process_rss_delta_init_kb":620}
.EVS Port1 1980-012-14:11:32.70796 66/1/AI_LEARNER 4: AI_LEARNER completed=40/40 mean=28506.0us max=317642.1us hal_peak=6208 within_bounded=1
{"app":"AI_LEARNER","stage":"run","model":"b3_deepae","target":"aarch64-unknown-linux-gnu","attempted":40,"completed":40,"fail_input":0,"fail_invoke":0,"fail_output":0,"mean_us":28506.02,"max_us":317642.14,"last_us":9702.26,"out0":-34.89132,"out":[-34.891319,-19.254387,-10.698231,-6.055479,-3.156272,1.490048,-0.860534,-2.367169,-5.884599,-6.853049,-8.317361,-7.668149,-7.141639,-5.634950,-7.484860,-9.513639,-12.107039,-10.704519,-9.059523,-7.311430,-8.943243,-10.108817,-15.073160,-13.584818,-11.930336,-14.828816,-20.849394,-20.662361,-18.232008,-15.077122,-15.750715,-15.619902,-16.931551,-16.270535,-17.651590,-17.575378,-16.172056,-13.405522,-14.796816,-15.313039,-15.378397,-14.612791,-16.248327,-13.651954,-13.531722,-15.435070,-14.894404,-16.882477,-16.734
{"app":"AI_LEARNER","stage":"mem","model":"b3_deepae","target":"aarch64-unknown-linux-gnu","completed":40,"hal_peak":6208,"peak_within_bounded":true,"admitted_budget_bytes":2775702401,"peak_within_admitted_budget":true,"admission_mode":"unconditional","hal_bytes_per_call_amortized":3712.0,"process_rss_kb":7008,"process_rss_delta_init_kb":620}
{"app":"AI_LEARNER","stage":"run","model":"b3_deepae","target":"aarch64-unknown-linux-gnu","attempted":41,"completed":41,"fail_input":0,"fail_invoke":0,"fail_output":0,"mean_us":27999.02,"max_us":317642.14,"last_us":7719.18,"out0":-34.89132,"out":[-34.891319,-19.254387,-10.698231,-6.055479,-3.156272,1.490048,-0.860534,-2.367169,-5.884599,-6.853049,-8.317361,-7.668149,-7.141639,-5.634950,-7.484860,-9.513639,-12.107039,-10.704519,-9.059523,-7.311430,-8.943243,-10.108817,-15.073160,-13.584818,-11.930336,-14.828816,-20.849394,-20.662361,-18.232008,-15.077122,-15.750715,-15.619902,-16.931551,-16.270535,-17.651590,-17.575378,-16.172056,-13.405522,-14.796816,-15.313039,-15.378397,-14.612791,-16.248327,-13.651954,-13.531722,-15.435070,-14.894404,-16.882477,-16.734
EVS Port1 1980-012-14:11:36.93328 66/1/AI_LEARNER 4: AI_LEARNER completed=41/41 mean=27999.0us max=317642.1us hal_peak=6208 within_bounded=1
{"app":"AI_LEARNER","stage":"mem","model":"b3_deepae","target":"aarch64-unknown-linux-gnu","completed":41,"hal_peak":6208,"peak_within_bounded":true,"admitted_budget_bytes":2775702401,"peak_within_admitted_budget":true,"admission_mode":"unconditional","hal_bytes_per_call_amortized":3710.4,"process_rss_kb":7008,"process_rss_delta_init_kb":620}
.EVS Port1 1980-012-14:11:38.27117 66/1/CFE_TIME 20: Start FLYWHEEL
EVS Port1 1980-012-14:11:38.00236 66/1/CFE_TIME 21: Stop FLYWHEEL
EVS Port1 1980-012-14:11:40.72393 66/1/AI_LEARNER 4: AI_LEARNER completed=42/42 mean=27980.9us max=317642.1us hal_peak=6208 within_bounded=1
{"app":"AI_LEARNER","stage":"run","model":"b3_deepae","target":"aarch64-unknown-linux-gnu","attempted":42,"completed":42,"fail_input":0,"fail_invoke":0,"fail_output":0,"mean_us":27980.90,"max_us":317642.14,"last_us":27238.05,"out0":-34.89132,"out":[-34.891319,-19.254387,-10.698231,-6.055479,-3.156272,1.490048,-0.860534,-2.367169,-5.884599,-6.853049,-8.317361,-7.668149,-7.141639,-5.634950,-7.484860,-9.513639,-12.107039,-10.704519,-9.059523,-7.311430,-8.943243,-10.108817,-15.073160,-13.584818,-11.930336,-14.828816,-20.849394,-20.662361,-18.232008,-15.077122,-15.750715,-15.619902,-16.931551,-16.270535,-17.651590,-17.575378,-16.172056,-13.405522,-14.796816,-15.313039,-15.378397,-14.612791,-16.248327,-13.651954,-13.531722,-15.435070,-14.894404,-16.882477,-16.73
{"app":"AI_LEARNER","stage":"mem","model":"b3_deepae","target":"aarch64-unknown-linux-gnu","completed":42,"hal_peak":6208,"peak_within_bounded":true,"admitted_budget_bytes":2775702401,"peak_within_admitted_budget":true,"admission_mode":"unconditional","hal_bytes_per_call_amortized":3709.0,"process_rss_kb":7008,"process_rss_delta_init_kb":620}
.EVS Port1 1980-012-14:11:44.70677 66/1/AI_LEARNER 4: AI_LEARNER completed=43/43 mean=27536.3us max=317642.1us hal_peak=6208 within_bounded=1
{"app":"AI_LEARNER","stage":"run","model":"b3_deepae","target":"aarch64-unknown-linux-gnu","attempted":43,"completed":43,"fail_input":0,"fail_invoke":0,"fail_output":0,"mean_us":27536.27,"max_us":317642.14,"last_us":8861.82,"out0":-34.89132,"out":[-34.891319,-19.254387,-10.698231,-6.055479,-3.156272,1.490048,-0.860534,-2.367169,-5.884599,-6.853049,-8.317361,-7.668149,-7.141639,-5.634950,-7.484860,-9.513639,-12.107039,-10.704519,-9.059523,-7.311430,-8.943243,-10.108817,-15.073160,-13.584818,-11.930336,-14.828816,-20.849394,-20.662361,-18.232008,-15.077122,-15.750715,-15.619902,-16.931551,-16.270535,-17.651590,-17.575378,-16.172056,-13.405522,-14.796816,-15.313039,-15.378397,-14.612791,-16.248327,-13.651954,-13.531722,-15.435070,-14.894404,-16.882477,-16.734
{"app":"AI_LEARNER","stage":"mem","model":"b3_deepae","target":"aarch64-unknown-linux-gnu","completed":43,"hal_peak":6208,"peak_within_bounded":true,"admitted_budget_bytes":2775702401,"peak_within_admitted_budget":true,"admission_mode":"unconditional","hal_bytes_per_call_amortized":3707.5,"process_rss_kb":7008,"process_rss_delta_init_kb":620}
{"app":"AI_LEARNER","stage":"run","model":"b3_deepae","target":"aarch64-unknown-linux-gnu","attempted":44,"completed":44,"fail_input":0,"fail_invoke":0,"fail_output":0,"mean_us":27574.77,"max_us":317642.14,"last_us":29230.19,"out0":-34.89132,"out":[-34.891319,-19.254387,-10.698231,-6.055479,-3.156272,1.490048,-0.860534,-2.367169,-5.884599,-6.853049,-8.317361,-7.668149,-7.141639,-5.634950,-7.484860,-9.513639,-12.107039,-10.704519,-9.059523,-7.311430,-8.943243,-10.108817,-15.073160,-13.584818,-11.930336,-14.828816,-20.849394,-20.662361,-18.232008,-15.077122,-15.750715,-15.619902,-16.931551,-16.270535,-17.651590,-17.575378,-16.172056,-13.405522,-14.796816,-15.313039,-15.378397,-14.612791,-16.248327,-13.651954,-13.531722,-15.435070,-14.894404,-16.882477,-16.73
EVS Port1 1980-012-14:11:48.72129 66/1/AI_LEARNER 4: AI_LEARNER completed=44/44 mean=27574.8us max=317642.1us hal_peak=6208 within_bounded=1
{"app":"AI_LEARNER","stage":"mem","model":"b3_deepae","target":"aarch64-unknown-linux-gnu","completed":44,"hal_peak":6208,"peak_within_bounded":true,"admitted_budget_bytes":2775702401,"peak_within_admitted_budget":true,"admission_mode":"unconditional","hal_bytes_per_call_amortized":3706.2,"process_rss_kb":7008,"process_rss_delta_init_kb":620}
.EVS Port1 1980-012-14:11:50.00279 66/1/CFE_TIME 21: Stop FLYWHEEL
EVS Port1 1980-012-14:11:50.99763 66/1/CFE_TIME 20: Start FLYWHEEL
{"app":"AI_LEARNER","stage":"run","model":"b3_deepae","target":"aarch64-unknown-linux-gnu","attempted":45,"completed":45,"fail_input":0,"fail_invoke":0,"fail_output":0,"mean_us":27254.19,"max_us":317642.14,"last_us":13148.45,"out0":-34.89132,"out":[-34.891319,-19.254387,-10.698231,-6.055479,-3.156272,1.490048,-0.860534,-2.367169,-5.884599,-6.853049,-8.317361,-7.668149,-7.141639,-5.634950,-7.484860,-9.513639,-12.107039,-10.704519,-9.059523,-7.311430,-8.943243,-10.108817,-15.073160,-13.584818,-11.930336,-14.828816,-20.849394,-20.662361,-18.232008,-15.077122,-15.750715,-15.619902,-16.931551,-16.270535,-17.651590,-17.575378,-16.172056,-13.405522,-14.796816,-15.313039,-15.378397,-14.612791,-16.248327,-13.651954,-13.531722,-15.435070,-14.894404,-16.882477,-16.73
EVS Port1 1980-012-14:11:52.72328 66/1/AI_LEARNER 4: AI_LEARNER completed=45/45 mean=27254.2us max=317642.1us hal_peak=6208 within_bounded=1
{"app":"AI_LEARNER","stage":"mem","model":"b3_deepae","target":"aarch64-unknown-linux-gnu","completed":45,"hal_peak":6208,"peak_within_bounded":true,"admitted_budget_bytes":2775702401,"peak_within_admitted_budget":true,"admission_mode":"unconditional","hal_bytes_per_call_amortized":3704.9,"process_rss_kb":7008,"process_rss_delta_init_kb":620}
.EVS Port1 1980-012-14:11:56.72299 66/1/AI_LEARNER 4: AI_LEARNER completed=46/46 mean=27155.1us max=317642.1us hal_peak=6208 within_bounded=1
{"app":"AI_LEARNER","stage":"run","model":"b3_deepae","target":"aarch64-unknown-linux-gnu","attempted":46,"completed":46,"fail_input":0,"fail_invoke":0,"fail_output":0,"mean_us":27155.07,"max_us":317642.14,"last_us":22694.66,"out0":-34.89132,"out":[-34.891319,-19.254387,-10.698231,-6.055479,-3.156272,1.490048,-0.860534,-2.367169,-5.884599,-6.853049,-8.317361,-7.668149,-7.141639,-5.634950,-7.484860,-9.513639,-12.107039,-10.704519,-9.059523,-7.311430,-8.943243,-10.108817,-15.073160,-13.584818,-11.930336,-14.828816,-20.849394,-20.662361,-18.232008,-15.077122,-15.750715,-15.619902,-16.931551,-16.270535,-17.651590,-17.575378,-16.172056,-13.405522,-14.796816,-15.313039,-15.378397,-14.612791,-16.248327,-13.651954,-13.531722,-15.435070,-14.894404,-16.882477,-16.73
{"app":"AI_LEARNER","stage":"mem","model":"b3_deepae","target":"aarch64-unknown-linux-gnu","completed":46,"hal_peak":6208,"peak_within_bounded":true,"admitted_budget_bytes":2775702401,"peak_within_admitted_budget":true,"admission_mode":"unconditional","hal_bytes_per_call_amortized":3703.7,"process_rss_kb":7008,"process_rss_delta_init_kb":620}
EVS Port1 1980-012-14:12:00.71995 66/1/AI_LEARNER 4: AI_LEARNER completed=47/47 mean=26932.7us max=317642.1us hal_peak=6208 within_bounded=1
{"app":"AI_LEARNER","stage":"run","model":"b3_deepae","target":"aarch64-unknown-linux-gnu","attempted":47,"completed":47,"fail_input":0,"fail_invoke":0,"fail_output":0,"mean_us":26932.72,"max_us":317642.14,"last_us":16704.78,"out0":-34.89132,"out":[-34.891319,-19.254387,-10.698231,-6.055479,-3.156272,1.490048,-0.860534,-2.367169,-5.884599,-6.853049,-8.317361,-7.668149,-7.141639,-5.634950,-7.484860,-9.513639,-12.107039,-10.704519,-9.059523,-7.311430,-8.943243,-10.108817,-15.073160,-13.584818,-11.930336,-14.828816,-20.849394,-20.662361,-18.232008,-15.077122,-15.750715,-15.619902,-16.931551,-16.270535,-17.651590,-17.575378,-16.172056,-13.405522,-14.796816,-15.313039,-15.378397,-14.612791,-16.248327,-13.651954,-13.531722,-15.435070,-14.894404,-16.882477,-16.73
{"app":"AI_LEARNER","stage":"mem","model":"b3_deepae","target":"aarch64-unknown-linux-gnu","completed":47,"hal_peak":6208,"peak_within_bounded":true,"admitted_budget_bytes":2775702401,"peak_within_admitted_budget":true,"admission_mode":"unconditional","hal_bytes_per_call_amortized":3702.5,"process_rss_kb":7008,"process_rss_delta_init_kb":620}
.EVS Port1 1980-012-14:12:04.83349 66/1/AI_LEARNER 4: AI_LEARNER completed=48/48 mean=27998.2us max=317642.1us hal_peak=6208 within_bounded=1
{"app":"AI_LEARNER","stage":"run","model":"b3_deepae","target":"aarch64-unknown-linux-gnu","attempted":48,"completed":48,"fail_input":0,"fail_invoke":0,"fail_output":0,"mean_us":27998.18,"max_us":317642.14,"last_us":78074.85,"out0":-34.89132,"out":[-34.891319,-19.254387,-10.698231,-6.055479,-3.156272,1.490048,-0.860534,-2.367169,-5.884599,-6.853049,-8.317361,-7.668149,-7.141639,-5.634950,-7.484860,-9.513639,-12.107039,-10.704519,-9.059523,-7.311430,-8.943243,-10.108817,-15.073160,-13.584818,-11.930336,-14.828816,-20.849394,-20.662361,-18.232008,-15.077122,-15.750715,-15.619902,-16.931551,-16.270535,-17.651590,-17.575378,-16.172056,-13.405522,-14.796816,-15.313039,-15.378397,-14.612791,-16.248327,-13.651954,-13.531722,-15.435070,-14.894404,-16.882477,-16.73
{"app":"AI_LEARNER","stage":"mem","model":"b3_deepae","target":"aarch64-unknown-linux-gnu","completed":48,"hal_peak":6208,"peak_within_bounded":true,"admitted_budget_bytes":2775702401,"peak_within_admitted_budget":true,"admission_mode":"unconditional","hal_bytes_per_call_amortized":3701.3,"process_rss_kb":7008,"process_rss_delta_init_kb":620}
.EVS Port1 1980-012-14:12:08.16914 66/1/CFE_TIME 20: Start FLYWHEEL
EVS Port1 1980-012-14:12:08.00404 66/1/CFE_TIME 21: Stop FLYWHEEL
EVS Port1 1980-012-14:12:08.69892 66/1/AI_LEARNER 4: AI_LEARNER completed=49/49 mean=27697.4us max=317642.1us hal_peak=6208 within_bounded=1
{"app":"AI_LEARNER","stage":"run","model":"b3_deepae","target":"aarch64-unknown-linux-gnu","attempted":49,"completed":49,"fail_input":0,"fail_invoke":0,"fail_output":0,"mean_us":27697.41,"max_us":317642.14,"last_us":13260.64,"out0":-34.89132,"out":[-34.891319,-19.254387,-10.698231,-6.055479,-3.156272,1.490048,-0.860534,-2.367169,-5.884599,-6.853049,-8.317361,-7.668149,-7.141639,-5.634950,-7.484860,-9.513639,-12.107039,-10.704519,-9.059523,-7.311430,-8.943243,-10.108817,-15.073160,-13.584818,-11.930336,-14.828816,-20.849394,-20.662361,-18.232008,-15.077122,-15.750715,-15.619902,-16.931551,-16.270535,-17.651590,-17.575378,-16.172056,-13.405522,-14.796816,-15.313039,-15.378397,-14.612791,-16.248327,-13.651954,-13.531722,-15.435070,-14.894404,-16.882477,-16.73
{"app":"AI_LEARNER","stage":"mem","model":"b3_deepae","target":"aarch64-unknown-linux-gnu","completed":49,"hal_peak":6208,"peak_within_bounded":true,"admitted_budget_bytes":2775702401,"peak_within_admitted_budget":true,"admission_mode":"unconditional","hal_bytes_per_call_amortized":3700.2,"process_rss_kb":7008,"process_rss_delta_init_kb":620}
.EVS Port1 1980-012-14:12:12.73829 66/1/AI_LEARNER 4: AI_LEARNER completed=50/50 mean=27579.0us max=317642.1us hal_peak=6208 within_bounded=1
{"app":"AI_LEARNER","stage":"run","model":"b3_deepae","target":"aarch64-unknown-linux-gnu","attempted":50,"completed":50,"fail_input":0,"fail_invoke":0,"fail_output":0,"mean_us":27579.03,"max_us":317642.14,"last_us":21778.42,"out0":-34.89132,"out":[-34.891319,-19.254387,-10.698231,-6.055479,-3.156272,1.490048,-0.860534,-2.367169,-5.884599,-6.853049,-8.317361,-7.668149,-7.141639,-5.634950,-7.484860,-9.513639,-12.107039,-10.704519,-9.059523,-7.311430,-8.943243,-10.108817,-15.073160,-13.584818,-11.930336,-14.828816,-20.849394,-20.662361,-18.232008,-15.077122,-15.750715,-15.619902,-16.931551,-16.270535,-17.651590,-17.575378,-16.172056,-13.405522,-14.796816,-15.313039,-15.378397,-14.612791,-16.248327,-13.651954,-13.531722,-15.435070,-14.894404,-16.882477,-16.73
{"app":"AI_LEARNER","stage":"mem","model":"b3_deepae","target":"aarch64-unknown-linux-gnu","completed":50,"hal_peak":6208,"peak_within_bounded":true,"admitted_budget_bytes":2775702401,"peak_within_admitted_budget":true,"admission_mode":"unconditional","hal_bytes_per_call_amortized":3699.2,"process_rss_kb":7008,"process_rss_delta_init_kb":620}
EVS Port1 1980-012-14:12:16.70701 66/1/AI_LEARNER 4: AI_LEARNER completed=51/51 mean=27426.4us max=317642.1us hal_peak=6208 within_bounded=1
{"app":"AI_LEARNER","stage":"run","model":"b3_deepae","target":"aarch64-unknown-linux-gnu","attempted":51,"completed":51,"fail_input":0,"fail_invoke":0,"fail_output":0,"mean_us":27426.38,"max_us":317642.14,"last_us":19793.57,"out0":-34.89132,"out":[-34.891319,-19.254387,-10.698231,-6.055479,-3.156272,1.490048,-0.860534,-2.367169,-5.884599,-6.853049,-8.317361,-7.668149,-7.141639,-5.634950,-7.484860,-9.513639,-12.107039,-10.704519,-9.059523,-7.311430,-8.943243,-10.108817,-15.073160,-13.584818,-11.930336,-14.828816,-20.849394,-20.662361,-18.232008,-15.077122,-15.750715,-15.619902,-16.931551,-16.270535,-17.651590,-17.575378,-16.172056,-13.405522,-14.796816,-15.313039,-15.378397,-14.612791,-16.248327,-13.651954,-13.531722,-15.435070,-14.894404,-16.882477,-16.73
{"app":"AI_LEARNER","stage":"mem","model":"b3_deepae","target":"aarch64-unknown-linux-gnu","completed":51,"hal_peak":6208,"peak_within_bounded":true,"admitted_budget_bytes":2775702401,"peak_within_admitted_budget":true,"admission_mode":"unconditional","hal_bytes_per_call_amortized":3698.2,"process_rss_kb":7008,"process_rss_delta_init_kb":620}
.EVS Port1 1980-012-14:12:20.73278 66/1/AI_LEARNER 4: AI_LEARNER completed=52/52 mean=27132.8us max=317642.1us hal_peak=6208 within_bounded=1
{"app":"AI_LEARNER","stage":"run","model":"b3_deepae","target":"aarch64-unknown-linux-gnu","attempted":52,"completed":52,"fail_input":0,"fail_invoke":0,"fail_output":0,"mean_us":27132.78,"max_us":317642.14,"last_us":12159.15,"out0":-34.89132,"out":[-34.891319,-19.254387,-10.698231,-6.055479,-3.156272,1.490048,-0.860534,-2.367169,-5.884599,-6.853049,-8.317361,-7.668149,-7.141639,-5.634950,-7.484860,-9.513639,-12.107039,-10.704519,-9.059523,-7.311430,-8.943243,-10.108817,-15.073160,-13.584818,-11.930336,-14.828816,-20.849394,-20.662361,-18.232008,-15.077122,-15.750715,-15.619902,-16.931551,-16.270535,-17.651590,-17.575378,-16.172056,-13.405522,-14.796816,-15.313039,-15.378397,-14.612791,-16.248327,-13.651954,-13.531722,-15.435070,-14.894404,-16.882477,-16.73
{"app":"AI_LEARNER","stage":"mem","model":"b3_deepae","target":"aarch64-unknown-linux-gnu","completed":52,"hal_peak":6208,"peak_within_bounded":true,"admitted_budget_bytes":2775702401,"peak_within_admitted_budget":true,"admission_mode":"unconditional","hal_bytes_per_call_amortized":3697.2,"process_rss_kb":7008,"process_rss_delta_init_kb":620}
EVS Port1 1980-012-14:12:24.71109 66/1/AI_LEARNER 4: AI_LEARNER completed=53/53 mean=26735.8us max=317642.1us hal_peak=6208 within_bounded=1
{"app":"AI_LEARNER","stage":"run","model":"b3_deepae","target":"aarch64-unknown-linux-gnu","attempted":53,"completed":53,"fail_input":0,"fail_invoke":0,"fail_output":0,"mean_us":26735.75,"max_us":317642.14,"last_us":6090.45,"out0":-34.89132,"out":[-34.891319,-19.254387,-10.698231,-6.055479,-3.156272,1.490048,-0.860534,-2.367169,-5.884599,-6.853049,-8.317361,-7.668149,-7.141639,-5.634950,-7.484860,-9.513639,-12.107039,-10.704519,-9.059523,-7.311430,-8.943243,-10.108817,-15.073160,-13.584818,-11.930336,-14.828816,-20.849394,-20.662361,-18.232008,-15.077122,-15.750715,-15.619902,-16.931551,-16.270535,-17.651590,-17.575378,-16.172056,-13.405522,-14.796816,-15.313039,-15.378397,-14.612791,-16.248327,-13.651954,-13.531722,-15.435070,-14.894404,-16.882477,-16.734
{"app":"AI_LEARNER","stage":"mem","model":"b3_deepae","target":"aarch64-unknown-linux-gnu","completed":53,"hal_peak":6208,"peak_within_bounded":true,"admitted_budget_bytes":2775702401,"peak_within_admitted_budget":true,"admission_mode":"unconditional","hal_bytes_per_call_amortized":3696.3,"process_rss_kb":7008,"process_rss_delta_init_kb":620}
.EVS Port1 1980-012-14:12:28.75662 66/1/AI_LEARNER 4: AI_LEARNER completed=54/54 mean=26701.5us max=317642.1us hal_peak=6208 within_bounded=1
{"app":"AI_LEARNER","stage":"run","model":"b3_deepae","target":"aarch64-unknown-linux-gnu","attempted":54,"completed":54,"fail_input":0,"fail_invoke":0,"fail_output":0,"mean_us":26701.50,"max_us":317642.14,"last_us":24886.32,"out0":-34.89132,"out":[-34.891319,-19.254387,-10.698231,-6.055479,-3.156272,1.490048,-0.860534,-2.367169,-5.884599,-6.853049,-8.317361,-7.668149,-7.141639,-5.634950,-7.484860,-9.513639,-12.107039,-10.704519,-9.059523,-7.311430,-8.943243,-10.108817,-15.073160,-13.584818,-11.930336,-14.828816,-20.849394,-20.662361,-18.232008,-15.077122,-15.750715,-15.619902,-16.931551,-16.270535,-17.651590,-17.575378,-16.172056,-13.405522,-14.796816,-15.313039,-15.378397,-14.612791,-16.248327,-13.651954,-13.531722,-15.435070,-14.894404,-16.882477,-16.73
{"app":"AI_LEARNER","stage":"mem","model":"b3_deepae","target":"aarch64-unknown-linux-gnu","completed":54,"hal_peak":6208,"peak_within_bounded":true,"admitted_budget_bytes":2775702401,"peak_within_admitted_budget":true,"admission_mode":"unconditional","hal_bytes_per_call_amortized":3695.4,"process_rss_kb":7008,"process_rss_delta_init_kb":620}
EVS Port1 1980-012-14:12:29.00317 66/1/CFE_TIME 21: Stop FLYWHEEL
EVS Port1 1980-012-14:12:30.00529 66/1/CFE_TIME 20: Start FLYWHEEL
.{"app":"AI_LEARNER","stage":"run","model":"b3_deepae","target":"aarch64-unknown-linux-gnu","attempted":55,"completed":55,"fail_input":0,"fail_invoke":0,"fail_output":0,"mean_us":26473.70,"max_us":317642.14,"last_us":14172.54,"out0":-34.89132,"out":[-34.891319,-19.254387,-10.698231,-6.055479,-3.156272,1.490048,-0.860534,-2.367169,-5.884599,-6.853049,-8.317361,-7.668149,-7.141639,-5.634950,-7.484860,-9.513639,-12.107039,-10.704519,-9.059523,-7.311430,-8.943243,-10.108817,-15.073160,-13.584818,-11.930336,-14.828816,-20.849394,-20.662361,-18.232008,-15.077122,-15.750715,-15.619902,-16.931551,-16.270535,-17.651590,-17.575378,-16.172056,-13.405522,-14.796816,-15.313039,-15.378397,-14.612791,-16.248327,-13.651954,-13.531722,-15.435070,-14.894404,-16.882477,-16.73
EVS Port1 1980-012-14:12:32.71989 66/1/AI_LEARNER 4: AI_LEARNER completed=55/55 mean=26473.7us max=317642.1us hal_peak=6208 within_bounded=1
{"app":"AI_LEARNER","stage":"mem","model":"b3_deepae","target":"aarch64-unknown-linux-gnu","completed":55,"hal_peak":6208,"peak_within_bounded":true,"admitted_budget_bytes":2775702401,"peak_within_admitted_budget":true,"admission_mode":"unconditional","hal_bytes_per_call_amortized":3694.5,"process_rss_kb":7008,"process_rss_delta_init_kb":620}
EVS Port1 1980-012-14:12:36.25892 66/1/CFE_TIME 20: Start FLYWHEEL
.EVS Port1 1980-012-14:12:37.29980 66/1/AI_LEARNER 4: AI_LEARNER completed=56/56 mean=26263.4us max=317642.1us hal_peak=6208 within_bounded=1
{"app":"AI_LEARNER","stage":"run","model":"b3_deepae","target":"aarch64-unknown-linux-gnu","attempted":56,"completed":56,"fail_input":0,"fail_invoke":0,"fail_output":0,"mean_us":26263.44,"max_us":317642.14,"last_us":14698.94,"out0":-34.89132,"out":[-34.891319,-19.254387,-10.698231,-6.055479,-3.156272,1.490048,-0.860534,-2.367169,-5.884599,-6.853049,-8.317361,-7.668149,-7.141639,-5.634950,-7.484860,-9.513639,-12.107039,-10.704519,-9.059523,-7.311430,-8.943243,-10.108817,-15.073160,-13.584818,-11.930336,-14.828816,-20.849394,-20.662361,-18.232008,-15.077122,-15.750715,-15.619902,-16.931551,-16.270535,-17.651590,-17.575378,-16.172056,-13.405522,-14.796816,-15.313039,-15.378397,-14.612791,-16.248327,-13.651954,-13.531722,-15.435070,-14.894404,-16.882477,-16.73
{"app":"AI_LEARNER","stage":"mem","model":"b3_deepae","target":"aarch64-unknown-linux-gnu","completed":56,"hal_peak":6208,"peak_within_bounded":true,"admitted_budget_bytes":2775702401,"peak_within_admitted_budget":true,"admission_mode":"unconditional","hal_bytes_per_call_amortized":3693.7,"process_rss_kb":7008,"process_rss_delta_init_kb":620}
EVS Port1 1980-012-14:12:41.75897 66/1/AI_LEARNER 4: AI_LEARNER completed=57/57 mean=25991.4us max=317642.1us hal_peak=6208 within_bounded=1
{"app":"AI_LEARNER","stage":"run","model":"b3_deepae","target":"aarch64-unknown-linux-gnu","attempted":57,"completed":57,"fail_input":0,"fail_invoke":0,"fail_output":0,"mean_us":25991.38,"max_us":317642.14,"last_us":10756.16,"out0":-34.89132,"out":[-34.891319,-19.254387,-10.698231,-6.055479,-3.156272,1.490048,-0.860534,-2.367169,-5.884599,-6.853049,-8.317361,-7.668149,-7.141639,-5.634950,-7.484860,-9.513639,-12.107039,-10.704519,-9.059523,-7.311430,-8.943243,-10.108817,-15.073160,-13.584818,-11.930336,-14.828816,-20.849394,-20.662361,-18.232008,-15.077122,-15.750715,-15.619902,-16.931551,-16.270535,-17.651590,-17.575378,-16.172056,-13.405522,-14.796816,-15.313039,-15.378397,-14.612791,-16.248327,-13.651954,-13.531722,-15.435070,-14.894404,-16.882477,-16.73
{"app":"AI_LEARNER","stage":"mem","model":"b3_deepae","target":"aarch64-unknown-linux-gnu","completed":57,"hal_peak":6208,"peak_within_bounded":true,"admitted_budget_bytes":2775702401,"peak_within_admitted_budget":true,"admission_mode":"unconditional","hal_bytes_per_call_amortized":3692.9,"process_rss_kb":7008,"process_rss_delta_init_kb":620}
EVS Port1 1980-012-14:12:42.00709 66/1/CFE_TIME 21: Stop FLYWHEEL
.EVS Port1 1980-012-14:12:44.01173 66/1/CFE_TIME 21: Stop FLYWHEEL
EVS Port1 1980-012-14:12:45.00733 66/1/CFE_TIME 20: Start FLYWHEEL
EVS Port1 1980-012-14:12:45.73634 66/1/AI_LEARNER 4: AI_LEARNER completed=58/58 mean=26022.7us max=317642.1us hal_peak=6208 within_bounded=1
{"app":"AI_LEARNER","stage":"run","model":"b3_deepae","target":"aarch64-unknown-linux-gnu","attempted":58,"completed":58,"fail_input":0,"fail_invoke":0,"fail_output":0,"mean_us":26022.69,"max_us":317642.14,"last_us":27807.23,"out0":-34.89132,"out":[-34.891319,-19.254387,-10.698231,-6.055479,-3.156272,1.490048,-0.860534,-2.367169,-5.884599,-6.853049,-8.317361,-7.668149,-7.141639,-5.634950,-7.484860,-9.513639,-12.107039,-10.704519,-9.059523,-7.311430,-8.943243,-10.108817,-15.073160,-13.584818,-11.930336,-14.828816,-20.849394,-20.662361,-18.232008,-15.077122,-15.750715,-15.619902,-16.931551,-16.270535,-17.651590,-17.575378,-16.172056,-13.405522,-14.796816,-15.313039,-15.378397,-14.612791,-16.248327,-13.651954,-13.531722,-15.435070,-14.894404,-16.882477,-16.73
{"app":"AI_LEARNER","stage":"mem","model":"b3_deepae","target":"aarch64-unknown-linux-gnu","completed":58,"hal_peak":6208,"peak_within_bounded":true,"admitted_budget_bytes":2775702401,"peak_within_admitted_budget":true,"admission_mode":"unconditional","hal_bytes_per_call_amortized":3692.1,"process_rss_kb":7008,"process_rss_delta_init_kb":620}
.{"app":"AI_LEARNER","stage":"run","model":"b3_deepae","target":"aarch64-unknown-linux-gnu","attempted":59,"completed":59,"fail_input":0,"fail_invoke":0,"fail_output":0,"mean_us":25809.36,"max_us":317642.14,"last_us":13436.03,"out0":-34.89132,"out":[-34.891319,-19.254387,-10.698231,-6.055479,-3.156272,1.490048,-0.860534,-2.367169,-5.884599,-6.853049,-8.317361,-7.668149,-7.141639,-5.634950,-7.484860,-9.513639,-12.107039,-10.704519,-9.059523,-7.311430,-8.943243,-10.108817,-15.073160,-13.584818,-11.930336,-14.828816,-20.849394,-20.662361,-18.232008,-15.077122,-15.750715,-15.619902,-16.931551,-16.270535,-17.651590,-17.575378,-16.172056,-13.405522,-14.796816,-15.313039,-15.378397,-14.612791,-16.248327,-13.651954,-13.531722,-15.435070,-14.894404,-16.882477,-16.73
EVS Port1 1980-012-14:12:49.78880 66/1/AI_LEARNER 4: AI_LEARNER completed=59/59 mean=25809.4us max=317642.1us hal_peak=6208 within_bounded=1
{"app":"AI_LEARNER","stage":"mem","model":"b3_deepae","target":"aarch64-unknown-linux-gnu","completed":59,"hal_peak":6208,"peak_within_bounded":true,"admitted_budget_bytes":2775702401,"peak_within_admitted_budget":true,"admission_mode":"unconditional","hal_bytes_per_call_amortized":3691.4,"process_rss_kb":7008,"process_rss_delta_init_kb":620}
EVS Port1 1980-012-14:12:50.09925 66/1/CFE_TIME 20: Start FLYWHEEL
EVS Port1 1980-012-14:12:51.00834 66/1/CFE_TIME 21: Stop FLYWHEEL
EVS Port1 1980-012-14:12:53.75155 66/1/AI_LEARNER 4: AI_LEARNER completed=60/60 mean=25776.9us max=317642.1us hal_peak=6208 within_bounded=1
{"app":"AI_LEARNER","stage":"run","model":"b3_deepae","target":"aarch64-unknown-linux-gnu","attempted":60,"completed":60,"fail_input":0,"fail_invoke":0,"fail_output":0,"mean_us":25776.87,"max_us":317642.14,"last_us":23860.08,"out0":-34.89132,"out":[-34.891319,-19.254387,-10.698231,-6.055479,-3.156272,1.490048,-0.860534,-2.367169,-5.884599,-6.853049,-8.317361,-7.668149,-7.141639,-5.634950,-7.484860,-9.513639,-12.107039,-10.704519,-9.059523,-7.311430,-8.943243,-10.108817,-15.073160,-13.584818,-11.930336,-14.828816,-20.849394,-20.662361,-18.232008,-15.077122,-15.750715,-15.619902,-16.931551,-16.270535,-17.651590,-17.575378,-16.172056,-13.405522,-14.796816,-15.313039,-15.378397,-14.612791,-16.248327,-13.651954,-13.531722,-15.435070,-14.894404,-16.882477,-16.73
{"app":"AI_LEARNER","stage":"mem","model":"b3_deepae","target":"aarch64-unknown-linux-gnu","completed":60,"hal_peak":6208,"peak_within_bounded":true,"admitted_budget_bytes":2775702401,"peak_within_admitted_budget":true,"admission_mode":"unconditional","hal_bytes_per_call_amortized":3690.7,"process_rss_kb":7008,"process_rss_delta_init_kb":620}
.EVS Port1 1980-012-14:12:55.01190 66/1/CFE_TIME 21: Stop FLYWHEEL
EVS Port1 1980-012-14:12:56.00502 66/1/CFE_TIME 20: Start FLYWHEEL
{"app":"AI_LEARNER","stage":"run","model":"b3_deepae","target":"aarch64-unknown-linux-gnu","attempted":61,"completed":61,"fail_input":0,"fail_invoke":0,"fail_output":0,"mean_us":25649.64,"max_us":317642.14,"last_us":18016.10,"out0":-34.89132,"out":[-34.891319,-19.254387,-10.698231,-6.055479,-3.156272,1.490048,-0.860534,-2.367169,-5.884599,-6.853049,-8.317361,-7.668149,-7.141639,-5.634950,-7.484860,-9.513639,-12.107039,-10.704519,-9.059523,-7.311430,-8.943243,-10.108817,-15.073160,-13.584818,-11.930336,-14.828816,-20.849394,-20.662361,-18.232008,-15.077122,-15.750715,-15.619902,-16.931551,-16.270535,-17.651590,-17.575378,-16.172056,-13.405522,-14.796816,-15.313039,-15.378397,-14.612791,-16.248327,-13.651954,-13.531722,-15.435070,-14.894404,-16.882477,-16.73
EVS Port1 1980-012-14:12:57.74429 66/1/AI_LEARNER 4: AI_LEARNER completed=61/61 mean=25649.6us max=317642.1us hal_peak=6208 within_bounded=1
{"app":"AI_LEARNER","stage":"mem","model":"b3_deepae","target":"aarch64-unknown-linux-gnu","completed":61,"hal_peak":6208,"peak_within_bounded":true,"admitted_budget_bytes":2775702401,"peak_within_admitted_budget":true,"admission_mode":"unconditional","hal_bytes_per_call_amortized":3690.0,"process_rss_kb":7008,"process_rss_delta_init_kb":620}
EVS Port1 1980-012-14:13:00.18577 66/1/CFE_TIME 20: Start FLYWHEEL
.EVS Port1 1980-012-14:13:01.95532 66/1/AI_LEARNER 4: AI_LEARNER completed=62/62 mean=25397.7us max=317642.1us hal_peak=6208 within_bounded=1
{"app":"AI_LEARNER","stage":"run","model":"b3_deepae","target":"aarch64-unknown-linux-gnu","attempted":62,"completed":62,"fail_input":0,"fail_invoke":0,"fail_output":0,"mean_us":25397.68,"max_us":317642.14,"last_us":10028.02,"out0":-34.89132,"out":[-34.891319,-19.254387,-10.698231,-6.055479,-3.156272,1.490048,-0.860534,-2.367169,-5.884599,-6.853049,-8.317361,-7.668149,-7.141639,-5.634950,-7.484860,-9.513639,-12.107039,-10.704519,-9.059523,-7.311430,-8.943243,-10.108817,-15.073160,-13.584818,-11.930336,-14.828816,-20.849394,-20.662361,-18.232008,-15.077122,-15.750715,-15.619902,-16.931551,-16.270535,-17.651590,-17.575378,-16.172056,-13.405522,-14.796816,-15.313039,-15.378397,-14.612791,-16.248327,-13.651954,-13.531722,-15.435070,-14.894404,-16.882477,-16.73
{"app":"AI_LEARNER","stage":"mem","model":"b3_deepae","target":"aarch64-unknown-linux-gnu","completed":62,"hal_peak":6208,"peak_within_bounded":true,"admitted_budget_bytes":2775702401,"peak_within_admitted_budget":true,"admission_mode":"unconditional","hal_bytes_per_call_amortized":3689.3,"process_rss_kb":7008,"process_rss_delta_init_kb":620}
EVS Port1 1980-012-14:13:02.01698 66/1/CFE_TIME 21: Stop FLYWHEEL
EVS Port1 1980-012-14:13:06.00643 66/1/AI_LEARNER 4: AI_LEARNER completed=63/63 mean=25493.2us max=317642.1us hal_peak=6208 within_bounded=1
{"app":"AI_LEARNER","stage":"run","model":"b3_deepae","target":"aarch64-unknown-linux-gnu","attempted":63,"completed":63,"fail_input":0,"fail_invoke":0,"fail_output":0,"mean_us":25493.24,"max_us":317642.14,"last_us":31417.62,"out0":-34.89132,"out":[-34.891319,-19.254387,-10.698231,-6.055479,-3.156272,1.490048,-0.860534,-2.367169,-5.884599,-6.853049,-8.317361,-7.668149,-7.141639,-5.634950,-7.484860,-9.513639,-12.107039,-10.704519,-9.059523,-7.311430,-8.943243,-10.108817,-15.073160,-13.584818,-11.930336,-14.828816,-20.849394,-20.662361,-18.232008,-15.077122,-15.750715,-15.619902,-16.931551,-16.270535,-17.651590,-17.575378,-16.172056,-13.405522,-14.796816,-15.313039,-15.378397,-14.612791,-16.248327,-13.651954,-13.531722,-15.435070,-14.894404,-16.882477,-16.73
{"app":"AI_LEARNER","stage":"mem","model":"b3_deepae","target":"aarch64-unknown-linux-gnu","completed":63,"hal_peak":6208,"peak_within_bounded":true,"admitted_budget_bytes":2775702401,"peak_within_admitted_budget":true,"admission_mode":"unconditional","hal_bytes_per_call_amortized":3688.6,"process_rss_kb":7008,"process_rss_delta_init_kb":620}
.EVS Port1 1980-012-14:13:06.49757 66/1/CFE_TIME 20: Start FLYWHEEL
1980-012-14:13:08.28209 CFE_ES_RunExceptionScan: ExceptionID 0x1110001 in TaskID 0: Caught SIGINT
1980-012-14:13:08.28349 CFE_ES_RunExceptionScan: Processor Reset count not reached (1/2)
CFE_PSP: Exiting cFE with PROCESSOR Reset status.

CFE_PSP: Shutdown initiated - Exiting cFE
CI delete callback -- Closing CI Network socket.
TO delete callback -- Closing TO Network socket.
EXIT=124
