OS_BSP_Initialize():Maximum user msg queue depth = 512
CFE_PSP: Default Reset SubType = 1
CFE_PSP: Default CPU ID = 1
CFE_PSP: Default Spacecraft ID = 66
CFE_PSP: Default CPU Name: cpu1
OS_Posix_GetSchedulerParams():208:Policy 1: available, min-max: 1-99
OS_Posix_GetSchedulerParams():208:Policy 2: available, min-max: 1-99
OS_Posix_TaskAPI_Impl_Init():401:Selected policy 2 for RT tasks, root task = 99
OS_Posix_TaskAPI_Impl_Init():419:Could not setschedparam in main thread: Operation not permitted (1)
CFE_PSP: initializing module 'soft_timebase' with ID 0110ff00
CFE_PSP: Instantiated software timebase 'cFS-Master' running at 10000 usec
CFE_PSP: initializing module 'timebase_posix_clock' with ID 0110ff01
CFE_PSP: Using POSIX monotonic clock as CFE timebase
CFE_PSP: initializing module 'eeprom_mmap_file' with ID 0110ff02
CFE_PSP: Using MMAP simulated EEPROM implementation
CFE_PSP: initializing module 'port_notimpl' with ID 0110ff03
CFE_PSP: I/O Port access not implemented
CFE_PSP: initializing module 'iodriver' with ID 0110ff04
CFE_PSP: EEPROM Range (2) created: Start Address = F0050A29E000, Size = 00080000 Status = 0
CFE_PSP: initializing module 'linux_sysmon' with ID 0110ff05
CFE_PSP: initializing module 'endian_api' with ID 0110ff06
CFE_PSP: Host CPU Endian=LITTLE
CFE_PSP: initializing module 'ram_notimpl' with ID 0110ff07
CFE_PSP: Physical RAM access not implemented
CFE_PSP: Normal exit from previous cFE instance
CFE_PSP: Starting the cFE with a PROCESSOR reset.
1980-001-09:04:17.82884 CFE_ES_Main: CFE_ES_Main in EARLY_INIT state
1980-001-09:04:17.85321 CFE_ES_InitializeFileSystems: Volatile Disk has 100 Percent free space.
Number of addresses returned by backtrace = 1
CFE_PSP: CFE_PSP_AttachExceptions called
1980-001-09:04:17.88281 CFE_ES_Main: CFE_ES_Main entering CORE_STARTUP state
1980-001-09:04:17.88298 CFE_ES_CreateObjects: Starting Object Creation calls.
1980-001-09:04:17.88385 CFE_ES_CreateObjects: Calling EarlyInit for CFE_CONFIG
1980-001-09:04:17.88629 CFE_ES_CreateObjects: Calling EarlyInit for CFE_ES
1980-001-09:04:17.89278 CFE_ES_CreateObjects: Calling EarlyInit for CFE_EVS
1980-001-09:04:17.89547 CFE_EVS_EarlyInit: Event Log restored, n=0, c=20, f=1, m=1, o=150
1980-001-09:04:17.89574 CFE_ES_CreateObjects: Calling EarlyInit for CFE_FS
1980-001-09:04:17.89590 CFE_ES_CreateObjects: Calling EarlyInit for CFE_SB
1980-001-09:04:17.92173 CFE_ES_CreateObjects: Calling EarlyInit for CFE_TBL
1980-001-09:04:17.93693 CFE_ES_CreateObjects: Calling EarlyInit for CFE_TIME
EVS Port1 1980-012-14:08:09.45147 66/1/CFE_ES 1: cFE ES Initialized: CFE_ES v7.0.1+dev1 (Draco) DEV BUILD, based on v7.0.1, EDS disabled
EVS Port1 1980-012-14:08:09.45794 66/1/CFE_ES 2: cFS Versions: cfe v7.0.1+dev1, osal v7.0.1+dev1, psp v7.0.1+dev1. cFE chksm 31659
EVS Port1 1980-012-14:08:09.45881 66/1/CFE_ES 91: Version Info: Mission SampleMission, version git:v7.0.1-90-g78c23b0-dirty
EVS Port1 1980-012-14:08:09.46047 66/1/CFE_ES 91: Version Info: Module CORE_API, version git:2612eb0
EVS Port1 1980-012-14:08:09.46090 66/1/CFE_ES 91: Version Info: Module CONFIG, version git:2612eb0
EVS Port1 1980-012-14:08:09.46112 66/1/CFE_ES 91: Version Info: Module ES, version git:2612eb0
EVS Port1 1980-012-14:08:09.46151 66/1/CFE_ES 91: Version Info: Module EVS, version git:2612eb0
EVS Port1 1980-012-14:08:09.46173 66/1/CFE_ES 91: Version Info: Module FS, version git:2612eb0
EVS Port1 1980-012-14:08:09.46189 66/1/CFE_ES 91: Version Info: Module SB, version git:2612eb0
EVS Port1 1980-012-14:08:09.46205 66/1/CFE_ES 91: Version Info: Module TBL, version git:2612eb0
EVS Port1 1980-012-14:08:09.46325 66/1/CFE_ES 91: Version Info: Module TIME, version git:2612eb0
EVS Port1 1980-012-14:08:09.46481 66/1/CFE_ES 91: Version Info: Module OSAL, version git:8111e4a
EVS Port1 1980-012-14:08:09.46595 66/1/CFE_ES 91: Version Info: Module PSP, version git:d1da809
EVS Port1 1980-012-14:08:09.46609 66/1/CFE_ES 91: Version Info: Module MSG, version git:2612eb0
EVS Port1 1980-012-14:08:09.46617 66/1/CFE_ES 91: Version Info: Module SBR, version git:2612eb0
EVS Port1 1980-012-14:08:09.46624 66/1/CFE_ES 91: Version Info: Module RESOURCEID, version git:2612eb0
EVS Port1 1980-012-14:08:09.46644 66/1/CFE_ES 92: Build 202609111416 by root@vm, config aarch64
EVS Port1 1980-012-14:08:09.54414 66/1/CFE_EVS 1: cFE EVS Initialized: CFE_EVS v7.0.1+dev1 (Draco) DEV BUILD, based on v7.0.1, EDS disabled
1980-012-14:08:09.65204 CFE_SB_AppInit: Registered 4 events for filtering
EVS Port1 1980-012-14:08:09.66104 66/1/CFE_SB 1: cFE SB Initialized: CFE_SB v7.0.1+dev1 (Draco) DEV BUILD, based on v7.0.1, EDS disabled
EVS Port1 1980-012-14:08:09.66763 66/1/CFE_SB 14: No subscribers for MsgId 0x808,sender CFE_SB
EVS Port1 1980-012-14:08:09.79107 66/1/CFE_TBL 1: cFE TBL Initialized: CFE_TBL v7.0.1+dev1 (Draco) DEV BUILD, based on v7.0.1, EDS disabled
EVS Port1 1980-012-14:08:09.79199 66/1/CFE_SB 14: No subscribers for MsgId 0x808,sender CFE_TBL
EVS Port1 1980-012-14:08:09.90165 66/1/CFE_TIME 1: cFE TIME Initialized: CFE_TIME v7.0.1+dev1 (Draco) DEV BUILD, based on v7.0.1, EDS disabled
EVS Port1 1980-012-14:08:09.90213 66/1/CFE_SB 14: No subscribers for MsgId 0x808,sender CFE_TIME
1980-012-14:08:09.93706 CFE_ES_CreateObjects: Finished ES CreateObject table entries.
1980-012-14:08:09.93755 CFE_ES_Main: CFE_ES_Main entering CORE_READY state
OS_FileOpen_Impl():110:open(/dev/shm/osal:RAM/cfe_es_startup.scr): No such file or directory
1980-012-14:08:09.95386 CFE_ES_OpenStartupScript: Cannot Open Volatile Startup file: /ram/cfe_es_startup.scr, Trying Nonvolatile.
1980-012-14:08:09.95458 CFE_ES_OpenStartupScript: Opened ES App Startup file: /cf/cfe_es_startup.scr
1980-012-14:08:09.98306 CFE_ES_ParseFileEntry: Loading shared library: /cf/cfe_assert.so
1980-012-14:08:09.99805 [BEGIN] CFE FUNCTIONAL TEST
1980-012-14:08:09.99976 [BEGIN] 01 CFE-STARTUP
1980-012-14:08:10.01904 CFE_ES_ParseFileEntry: Loading shared library: /cf/sample_lib.so
SAMPLE Lib Initialized.Sample Lib v7.0.0+dev1 (Draco) DEV BUILD, based on v7.0.1, EDS disabled
1980-012-14:08:10.04959 CFE_ES_ParseFileEntry: Loading file: /cf/sch_lab.so, APP: SCH_LAB
1980-012-14:08:10.08067 CFE_ES_ParseFileEntry: Loading file: /cf/ci_lab.so, APP: CI_LAB
1980-012-14:08:10.10908 CFE_ES_ParseFileEntry: Loading file: /cf/to_lab.so, APP: TO_LAB
SCH Lab Initialized.SCH Lab v7.0.1+dev1 (Draco) DEV BUILD, based on v7.0.1, EDS disabled
1980-012-14:08:10.19584 CFE_ES_ParseFileEntry: Loading file: /cf/sample_app.so, APP: SAMPLE_APP
EVS Port1 1980-012-14:08:10.20796 66/1/TO_LAB 1: TO Lab Initialized.TO Lab v7.0.1+dev1 (Draco) DEV BUILD, based on v7.0.1, EDS disabled, Awaiting enable command.
EVS Port1 1980-012-14:08:10.21307 66/1/CFE_SB 14: No subscribers for MsgId 0x808,sender TO_LAB
1980-012-14:08:10.27372 CI_LAB listening on UDP port: 1234
EVS Port1 1980-012-14:08:10.27688 66/1/CI_LAB 3: CI Lab Initialized.CI Lab App v7.0.1+dev1 (Draco) DEV BUILD, based on v7.0.1, EDS disabled
1980-012-14:08:10.29091 CFE_ES_ParseFileEntry: Loading file: /cf/ai_learner.so, APP: AI_LEARNER
EVS Port1 1980-012-14:08:10.29193 66/1/SAMPLE_APP 1: Sample App Initialized.Sample App v7.0.0+dev1 (Draco) DEV BUILD, based on v7.0.1, EDS disabled
1980-012-14:08:10.33396 CFE_ES_ParseFileEntry: Loading file: /cf/lc.so, APP: LC
1980-012-14:08:10.36839 CFE_ES_ParseFileEntry: Loading file: /cf/cf.so, APP: CF
{"app":"AI_LEARNER","stage":"build_config","model":"b3_deepae","allow_conditional_map":0,"contract_bounded_bytes":1069632,"contract_per_call_bytes":6208,"contract_const_bytes":1063424,"contract_bound_known":true,"contract_artifact_sha256":"9ff64bd168e07135c196423d44408e7780984c977912b67c8240c0db522c4d7c"}
{"app":"AI_LEARNER","stage":"stack","es_stack_size":262160,"stack_base_bytes":262144,"contract_kernel_stack_bytes":16,"kernel_stack_accounted":true}
EVS Port1 1980-012-14:08:10.38374 66/1/AI_LEARNER 8: AI_LEARNER stack: es=262160 base=262144 kernel=16 accounted=1
{"app":"AI_LEARNER","stage":"admission","verdict":"ADMIT","model":"b3_deepae","target":"aarch64-unknown-linux-gnu","bounded":1069632,"budget":520844570,"budget_source":"override","per_call":6208,"constants":1063424,"kernel_stack_bytes":16,"bound_known":true,"scope":"per_app_local_budget"}
EVS Port1 1980-012-14:08:10.43563 66/1/LC 56: WDT verify results: good = 0, bad = 0, unused = 176
EVS Port1 1980-012-14:08:10.45783 66/1/LC 66: ADT verify results: good = 0, bad = 0, unused = 176
EVS Port1 1980-012-14:08:10.46801 66/1/LC 23: LC use of Critical Data Store disabled, activity mask = 0x00991990
EVS Port1 1980-012-14:08:10.47584 66/1/LC 2: LC Initialized. Version 7.0.1.255
1980-012-14:08:10.48266 CFE_ES_ParseFileEntry: Loading file: /cf/ds.so, APP: DS
EVS Port1 1980-012-14:08:10.54910 66/1/CF 20: CF Initialized. Version 7.0.1.255
1980-012-14:08:10.57812 CFE_ES_ParseFileEntry: Loading file: /cf/fm.so, APP: FM
EVS Port1 1980-012-14:08:10.62104 66/1/DS 10: Destination file table verify results: good entries = 6, bad = 0, unused = 10
EVS Port1 1980-012-14:08:10.64117 66/1/DS 12: Filter table verify results: good entries = 14, bad = 0, unused = 242
EVS Port1 1980-012-14:08:10.66180 66/1/DS 1: Application initialized, version 7.0.1.255, data at 0xf00509aa0460
1980-012-14:08:10.67800 CFE_ES_ParseFileEntry: Loading file: /cf/hk.so, APP: HK
EVS Port1 1980-012-14:08:10.69479 66/1/FM 80: Free Space Table verify results: good entries = 3, bad = 0, unused = 5
EVS Port1 1980-012-14:08:10.72694 66/1/FM 1: Initialization complete: version 7.0.1.255
1980-012-14:08:10.77865 CFE_ES_ParseFileEntry: Loading file: /cf/hs.so, APP: HS
EVS Port1 1980-012-14:08:10.78475 66/1/FM 72: Child Task initialization complete
EVS Port1 1980-012-14:08:10.83995 66/1/HK 1: HK Initialized.  Version 7.0.1.255
{"app":"AI_LEARNER","stage":"binding","verdict":"MATCH","artifact_bytes":1080730,"artifact_sha256":"9ff64bd168e07135","contract_sha256":"9ff64bd168e07135"}
1980-012-14:08:10.87692 CFE_ES_ParseFileEntry: Loading file: /cf/mm.so, APP: MM
EVS Port1 1980-012-14:08:10.92880 66/1/HS 54: ExeCount verify results: good = 5, bad = 0, unused = 27
EVS Port1 1980-012-14:08:10.95167 66/1/HS 50: AppMon verify results: good = 0, bad = 0, unused = 32
EVS Port1 1980-012-14:08:10.97807 66/1/MM 1: MM Initialized. Version 7.0.1.255
EVS Port1 1980-012-14:08:10.98077 66/1/HS 52: EventMon verify results: good = 0, bad = 0, unused = 16
EVS Port1 1980-012-14:08:11.00689 66/1/HS 56: MsgActs verify results: good = 2, bad = 0, unused = 6
1980-012-14:08:11.00949 CFE_ES_ParseFileEntry: Loading file: /cf/sc.so, APP: SC
1980-012-14:08:11.01894 HS_SysMonInit(): System Monitor using PSP device ID 0110ff05
CFE_PSP(Linux_SysMon): Started CPU utilization monitoring on 1 CPU(s)
EVS Port1 1980-012-14:08:11.06188 66/1/HS 1: HS Initialized.  Version 7.0.1.255
1980-012-14:08:11.10247 CFE_ES_ParseFileEntry: Loading file: /cf/md.so, APP: MD
{"app":"AI_LEARNER","stage":"map_branch","model":"b3_deepae","module_ptr_mod64":0,"hal_peak_after_append":0,"contract_const_bytes":1063424,"contract_per_call_bytes":6208,"arm":"map","admission_mode":"unconditional"}
{"app":"AI_LEARNER","stage":"mem_init","model":"b3_deepae","target":"aarch64-unknown-linux-gnu","hal_peak":2560,"hal_allocated":2560,"bounded":1069632,"peak_within_bounded":true,"inferences_so_far":0,"process_rss_kb":6848,"rss_kb_before_runtime":6176,"rss_kb_after_session":6524,"rss_kb_after_init":6844}
{"app":"AI_LEARNER","stage":"e25_mode","active":false,"inputs_path":"/cf/e25_inputs.bin"}
EVS Port1 1980-012-14:08:11.16494 66/1/AI_LEARNER 3: AI_LEARNER initialized: model b3_deepae (1080730 B), rss_delta_init=668 KB
EVS Port1 1980-012-14:08:11.17057 66/1/SC 21: RTS table files not loaded at initialization = 0 of 4
EVS Port1 1980-012-14:08:11.19725 66/1/SC 9: SC Initialized. Version 7.0.1.255
1980-012-14:08:11.19790 CFE_ES_ParseFileEntry: Loading file: /cf/cs.so, APP: CS
EVS Port1 1980-012-14:08:11.22882 66/1/MD 52: MD Dwell Tbl verify results: good = 0, bad = 0, unused = 25
EVS Port1 1980-012-14:08:11.23582 66/1/MD 3: Recovered Dwell Table #1 is valid and has been copied to the MD App
EVS Port1 1980-012-14:08:11.24066 66/1/MD 52: MD Dwell Tbl verify results: good = 0, bad = 0, unused = 25
EVS Port1 1980-012-14:08:11.24151 66/1/MD 3: Recovered Dwell Table #2 is valid and has been copied to the MD App
EVS Port1 1980-012-14:08:11.24488 66/1/MD 52: MD Dwell Tbl verify results: good = 0, bad = 0, unused = 25
EVS Port1 1980-012-14:08:11.24656 66/1/MD 3: Recovered Dwell Table #3 is valid and has been copied to the MD App
EVS Port1 1980-012-14:08:11.24958 66/1/MD 52: MD Dwell Tbl verify results: good = 0, bad = 0, unused = 25
EVS Port1 1980-012-14:08:11.25219 66/1/MD 3: Recovered Dwell Table #4 is valid and has been copied to the MD App
EVS Port1 1980-012-14:08:11.25306 66/1/MD 7: Dwell Tables Recovered: 4, Dwell Tables Initialized: 0
EVS Port1 1980-012-14:08:11.25483 66/1/MD 1: MD Initialized.  Version 7.0.1.255
EVS Port1 1980-012-14:08:11.29624 66/1/CS 144: CS EEPROM Table verification results: good = 0, bad = 0, unused = 16
EVS Port1 1980-012-14:08:11.30198 66/1/CS 107: CS EEPROM Table: No valid entries in the table
EVS Port1 1980-012-14:08:11.30877 66/1/CS 143: CS Memory Table verification results: good = 0, bad = 0, unused = 16
EVS Port1 1980-012-14:08:11.30982 66/1/CS 107: CS Memory Table: No valid entries in the table
EVS Port1 1980-012-14:08:11.31491 66/1/CS 139: CS Tables Table verification results: good = 1, bad = 0, unused = 23
EVS Port1 1980-012-14:08:11.32292 66/1/CS 142: CS Apps Table verification results: good = 0, bad = 0, unused = 24
EVS Port1 1980-012-14:08:11.32402 66/1/CS 108: CS Apps Table: No valid entries in the table
EVS Port1 1980-012-14:08:11.32708 66/1/CS 127: OS Text Segment disabled due to platform
EVS Port1 1980-012-14:08:11.33082 66/1/CS 1: CS Initialized. Version 7.0.1.255
1980-012-14:08:11.34274 CFE_ES_Main: CFE_ES_Main entering APPS_INIT state
1980-012-14:08:11.34400 CFE_ES_Main: CFE_ES_Main entering OPERATIONAL state
EVS Port1 1980-012-14:08:11.35614 66/1/TO_LAB 19: L550 TO Lab subscribed to 32 messages from the table
EVS Port1 1980-012-14:08:12.00497 66/1/CFE_TIME 21: Stop FLYWHEEL
EVS Port1 1980-012-14:08:14.69746 66/1/AI_LEARNER 4: AI_LEARNER completed=1/1 mean=16978.0us max=16978.0us hal_peak=6208 within_bounded=1
{"app":"AI_LEARNER","stage":"run","model":"b3_deepae","target":"aarch64-unknown-linux-gnu","attempted":1,"completed":1,"fail_input":0,"fail_invoke":0,"fail_output":0,"mean_us":16978.00,"max_us":16978.00,"last_us":16978.00,"out0":-34.89132,"out":[-34.891319,-19.254387,-10.698231,-6.055479,-3.156272,1.490048,-0.860534,-2.367169,-5.884599,-6.853049,-8.317361,-7.668149,-7.141639,-5.634950,-7.484860,-9.513639,-12.107039,-10.704519,-9.059523,-7.311430,-8.943243,-10.108817,-15.073160,-13.584818,-11.930336,-14.828816,-20.849394,-20.662361,-18.232008,-15.077122,-15.750715,-15.619902,-16.931551,-16.270535,-17.651590,-17.575378,-16.172056,-13.405522,-14.796816,-15.313039,-15.378397,-14.612791,-16.248327,-13.651954,-13.531722,-15.435070,-14.894404,-16.882477,-16.73428
{"app":"AI_LEARNER","stage":"mem","model":"b3_deepae","target":"aarch64-unknown-linux-gnu","completed":1,"hal_peak":6208,"peak_within_bounded":true,"admitted_budget_bytes":520844570,"peak_within_admitted_budget":true,"admission_mode":"unconditional","hal_bytes_per_call_amortized":6208.0,"process_rss_kb":7000,"process_rss_delta_init_kb":668}
.EVS Port1 1980-012-14:08:18.68313 66/1/AI_LEARNER 4: AI_LEARNER completed=2/2 mean=12724.9us max=16978.0us hal_peak=6208 within_bounded=1
{"app":"AI_LEARNER","stage":"run","model":"b3_deepae","target":"aarch64-unknown-linux-gnu","attempted":2,"completed":2,"fail_input":0,"fail_invoke":0,"fail_output":0,"mean_us":12724.90,"max_us":16978.00,"last_us":8471.79,"out0":-34.89132,"out":[-34.891319,-19.254387,-10.698231,-6.055479,-3.156272,1.490048,-0.860534,-2.367169,-5.884599,-6.853049,-8.317361,-7.668149,-7.141639,-5.634950,-7.484860,-9.513639,-12.107039,-10.704519,-9.059523,-7.311430,-8.943243,-10.108817,-15.073160,-13.584818,-11.930336,-14.828816,-20.849394,-20.662361,-18.232008,-15.077122,-15.750715,-15.619902,-16.931551,-16.270535,-17.651590,-17.575378,-16.172056,-13.405522,-14.796816,-15.313039,-15.378397,-14.612791,-16.248327,-13.651954,-13.531722,-15.435070,-14.894404,-16.882477,-16.734287
{"app":"AI_LEARNER","stage":"mem","model":"b3_deepae","target":"aarch64-unknown-linux-gnu","completed":2,"hal_peak":6208,"peak_within_bounded":true,"admitted_budget_bytes":520844570,"peak_within_admitted_budget":true,"admission_mode":"unconditional","hal_bytes_per_call_amortized":4928.0,"process_rss_kb":7000,"process_rss_delta_init_kb":668}
{"app":"AI_LEARNER","stage":"run","model":"b3_deepae","target":"aarch64-unknown-linux-gnu","attempted":3,"completed":3,"fail_input":0,"fail_invoke":0,"fail_output":0,"mean_us":14745.96,"max_us":18788.08,"last_us":18788.08,"out0":-34.89132,"out":[-34.891319,-19.254387,-10.698231,-6.055479,-3.156272,1.490048,-0.860534,-2.367169,-5.884599,-6.853049,-8.317361,-7.668149,-7.141639,-5.634950,-7.484860,-9.513639,-12.107039,-10.704519,-9.059523,-7.311430,-8.943243,-10.108817,-15.073160,-13.584818,-11.930336,-14.828816,-20.849394,-20.662361,-18.232008,-15.077122,-15.750715,-15.619902,-16.931551,-16.270535,-17.651590,-17.575378,-16.172056,-13.405522,-14.796816,-15.313039,-15.378397,-14.612791,-16.248327,-13.651954,-13.531722,-15.435070,-14.894404,-16.882477,-16.73428
EVS Port1 1980-012-14:08:22.69082 66/1/AI_LEARNER 4: AI_LEARNER completed=3/3 mean=14746.0us max=18788.1us hal_peak=6208 within_bounded=1
{"app":"AI_LEARNER","stage":"mem","model":"b3_deepae","target":"aarch64-unknown-linux-gnu","completed":3,"hal_peak":6208,"peak_within_bounded":true,"admitted_budget_bytes":520844570,"peak_within_admitted_budget":true,"admission_mode":"unconditional","hal_bytes_per_call_amortized":4501.3,"process_rss_kb":7000,"process_rss_delta_init_kb":668}
.EVS Port1 1980-012-14:08:25.00483 66/1/CFE_TIME 21: Stop FLYWHEEL
EVS Port1 1980-012-14:08:26.01959 66/1/CFE_TIME 20: Start FLYWHEEL
EVS Port1 1980-012-14:08:26.69602 66/1/AI_LEARNER 4: AI_LEARNER completed=4/4 mean=12798.5us max=18788.1us hal_peak=6208 within_bounded=1
{"app":"AI_LEARNER","stage":"run","model":"b3_deepae","target":"aarch64-unknown-linux-gnu","attempted":4,"completed":4,"fail_input":0,"fail_invoke":0,"fail_output":0,"mean_us":12798.47,"max_us":18788.08,"last_us":6956.00,"out0":-34.89132,"out":[-34.891319,-19.254387,-10.698231,-6.055479,-3.156272,1.490048,-0.860534,-2.367169,-5.884599,-6.853049,-8.317361,-7.668149,-7.141639,-5.634950,-7.484860,-9.513639,-12.107039,-10.704519,-9.059523,-7.311430,-8.943243,-10.108817,-15.073160,-13.584818,-11.930336,-14.828816,-20.849394,-20.662361,-18.232008,-15.077122,-15.750715,-15.619902,-16.931551,-16.270535,-17.651590,-17.575378,-16.172056,-13.405522,-14.796816,-15.313039,-15.378397,-14.612791,-16.248327,-13.651954,-13.531722,-15.435070,-14.894404,-16.882477,-16.734287
{"app":"AI_LEARNER","stage":"mem","model":"b3_deepae","target":"aarch64-unknown-linux-gnu","completed":4,"hal_peak":6208,"peak_within_bounded":true,"admitted_budget_bytes":520844570,"peak_within_admitted_budget":true,"admission_mode":"unconditional","hal_bytes_per_call_amortized":4288.0,"process_rss_kb":7004,"process_rss_delta_init_kb":668}
EVS Port1 1980-012-14:08:27.00239 66/1/CFE_TIME 21: Stop FLYWHEEL
EVS Port1 1980-012-14:08:28.00892 66/1/CFE_TIME 20: Start FLYWHEEL
.EVS Port1 1980-012-14:08:30.85836 66/1/AI_LEARNER 4: AI_LEARNER completed=5/5 mean=14615.5us max=21883.8us hal_peak=6208 within_bounded=1
{"app":"AI_LEARNER","stage":"run","model":"b3_deepae","target":"aarch64-unknown-linux-gnu","attempted":5,"completed":5,"fail_input":0,"fail_invoke":0,"fail_output":0,"mean_us":14615.54,"max_us":21883.81,"last_us":21883.81,"out0":-34.89132,"out":[-34.891319,-19.254387,-10.698231,-6.055479,-3.156272,1.490048,-0.860534,-2.367169,-5.884599,-6.853049,-8.317361,-7.668149,-7.141639,-5.634950,-7.484860,-9.513639,-12.107039,-10.704519,-9.059523,-7.311430,-8.943243,-10.108817,-15.073160,-13.584818,-11.930336,-14.828816,-20.849394,-20.662361,-18.232008,-15.077122,-15.750715,-15.619902,-16.931551,-16.270535,-17.651590,-17.575378,-16.172056,-13.405522,-14.796816,-15.313039,-15.378397,-14.612791,-16.248327,-13.651954,-13.531722,-15.435070,-14.894404,-16.882477,-16.73428
{"app":"AI_LEARNER","stage":"mem","model":"b3_deepae","target":"aarch64-unknown-linux-gnu","completed":5,"hal_peak":6208,"peak_within_bounded":true,"admitted_budget_bytes":520844570,"peak_within_admitted_budget":true,"admission_mode":"unconditional","hal_bytes_per_call_amortized":4160.0,"process_rss_kb":7004,"process_rss_delta_init_kb":668}
EVS Port1 1980-012-14:08:32.18180 66/1/CFE_TIME 20: Start FLYWHEEL
EVS Port1 1980-012-14:08:33.00767 66/1/CFE_TIME 21: Stop FLYWHEEL
EVS Port1 1980-012-14:08:34.71315 66/1/AI_LEARNER 4: AI_LEARNER completed=6/6 mean=16685.7us max=27036.3us hal_peak=6208 within_bounded=1
{"app":"AI_LEARNER","stage":"run","model":"b3_deepae","target":"aarch64-unknown-linux-gnu","attempted":6,"completed":6,"fail_input":0,"fail_invoke":0,"fail_output":0,"mean_us":16685.66,"max_us":27036.29,"last_us":27036.29,"out0":-34.89132,"out":[-34.891319,-19.254387,-10.698231,-6.055479,-3.156272,1.490048,-0.860534,-2.367169,-5.884599,-6.853049,-8.317361,-7.668149,-7.141639,-5.634950,-7.484860,-9.513639,-12.107039,-10.704519,-9.059523,-7.311430,-8.943243,-10.108817,-15.073160,-13.584818,-11.930336,-14.828816,-20.849394,-20.662361,-18.232008,-15.077122,-15.750715,-15.619902,-16.931551,-16.270535,-17.651590,-17.575378,-16.172056,-13.405522,-14.796816,-15.313039,-15.378397,-14.612791,-16.248327,-13.651954,-13.531722,-15.435070,-14.894404,-16.882477,-16.73428
{"app":"AI_LEARNER","stage":"mem","model":"b3_deepae","target":"aarch64-unknown-linux-gnu","completed":6,"hal_peak":6208,"peak_within_bounded":true,"admitted_budget_bytes":520844570,"peak_within_admitted_budget":true,"admission_mode":"unconditional","hal_bytes_per_call_amortized":4074.7,"process_rss_kb":7008,"process_rss_delta_init_kb":668}
.EVS Port1 1980-012-14:08:38.70111 66/1/AI_LEARNER 4: AI_LEARNER completed=7/7 mean=17835.1us max=27036.3us hal_peak=6208 within_bounded=1
{"app":"AI_LEARNER","stage":"run","model":"b3_deepae","target":"aarch64-unknown-linux-gnu","attempted":7,"completed":7,"fail_input":0,"fail_invoke":0,"fail_output":0,"mean_us":17835.14,"max_us":27036.29,"last_us":24732.03,"out0":-34.89132,"out":[-34.891319,-19.254387,-10.698231,-6.055479,-3.156272,1.490048,-0.860534,-2.367169,-5.884599,-6.853049,-8.317361,-7.668149,-7.141639,-5.634950,-7.484860,-9.513639,-12.107039,-10.704519,-9.059523,-7.311430,-8.943243,-10.108817,-15.073160,-13.584818,-11.930336,-14.828816,-20.849394,-20.662361,-18.232008,-15.077122,-15.750715,-15.619902,-16.931551,-16.270535,-17.651590,-17.575378,-16.172056,-13.405522,-14.796816,-15.313039,-15.378397,-14.612791,-16.248327,-13.651954,-13.531722,-15.435070,-14.894404,-16.882477,-16.73428
{"app":"AI_LEARNER","stage":"mem","model":"b3_deepae","target":"aarch64-unknown-linux-gnu","completed":7,"hal_peak":6208,"peak_within_bounded":true,"admitted_budget_bytes":520844570,"peak_within_admitted_budget":true,"admission_mode":"unconditional","hal_bytes_per_call_amortized":4013.7,"process_rss_kb":7008,"process_rss_delta_init_kb":668}
.EVS Port1 1980-012-14:08:42.72879 66/1/AI_LEARNER 4: AI_LEARNER completed=8/8 mean=20187.5us max=36653.7us hal_peak=6208 within_bounded=1
{"app":"AI_LEARNER","stage":"run","model":"b3_deepae","target":"aarch64-unknown-linux-gnu","attempted":8,"completed":8,"fail_input":0,"fail_invoke":0,"fail_output":0,"mean_us":20187.47,"max_us":36653.74,"last_us":36653.74,"out0":-34.89132,"out":[-34.891319,-19.254387,-10.698231,-6.055479,-3.156272,1.490048,-0.860534,-2.367169,-5.884599,-6.853049,-8.317361,-7.668149,-7.141639,-5.634950,-7.484860,-9.513639,-12.107039,-10.704519,-9.059523,-7.311430,-8.943243,-10.108817,-15.073160,-13.584818,-11.930336,-14.828816,-20.849394,-20.662361,-18.232008,-15.077122,-15.750715,-15.619902,-16.931551,-16.270535,-17.651590,-17.575378,-16.172056,-13.405522,-14.796816,-15.313039,-15.378397,-14.612791,-16.248327,-13.651954,-13.531722,-15.435070,-14.894404,-16.882477,-16.73428
{"app":"AI_LEARNER","stage":"mem","model":"b3_deepae","target":"aarch64-unknown-linux-gnu","completed":8,"hal_peak":6208,"peak_within_bounded":true,"admitted_budget_bytes":520844570,"peak_within_admitted_budget":true,"admission_mode":"unconditional","hal_bytes_per_call_amortized":3968.0,"process_rss_kb":7008,"process_rss_delta_init_kb":668}
EVS Port1 1980-012-14:08:46.68333 66/1/AI_LEARNER 4: AI_LEARNER completed=9/9 mean=19200.6us max=36653.7us hal_peak=6208 within_bounded=1
{"app":"AI_LEARNER","stage":"run","model":"b3_deepae","target":"aarch64-unknown-linux-gnu","attempted":9,"completed":9,"fail_input":0,"fail_invoke":0,"fail_output":0,"mean_us":19200.61,"max_us":36653.74,"last_us":11305.76,"out0":-34.89132,"out":[-34.891319,-19.254387,-10.698231,-6.055479,-3.156272,1.490048,-0.860534,-2.367169,-5.884599,-6.853049,-8.317361,-7.668149,-7.141639,-5.634950,-7.484860,-9.513639,-12.107039,-10.704519,-9.059523,-7.311430,-8.943243,-10.108817,-15.073160,-13.584818,-11.930336,-14.828816,-20.849394,-20.662361,-18.232008,-15.077122,-15.750715,-15.619902,-16.931551,-16.270535,-17.651590,-17.575378,-16.172056,-13.405522,-14.796816,-15.313039,-15.378397,-14.612791,-16.248327,-13.651954,-13.531722,-15.435070,-14.894404,-16.882477,-16.73428
{"app":"AI_LEARNER","stage":"mem","model":"b3_deepae","target":"aarch64-unknown-linux-gnu","completed":9,"hal_peak":6208,"peak_within_bounded":true,"admitted_budget_bytes":520844570,"peak_within_admitted_budget":true,"admission_mode":"unconditional","hal_bytes_per_call_amortized":3932.4,"process_rss_kb":7008,"process_rss_delta_init_kb":668}
.{"app":"AI_LEARNER","stage":"run","model":"b3_deepae","target":"aarch64-unknown-linux-gnu","attempted":10,"completed":10,"fail_input":0,"fail_invoke":0,"fail_output":0,"mean_us":18896.22,"max_us":36653.74,"last_us":16156.72,"out0":-34.89132,"out":[-34.891319,-19.254387,-10.698231,-6.055479,-3.156272,1.490048,-0.860534,-2.367169,-5.884599,-6.853049,-8.317361,-7.668149,-7.141639,-5.634950,-7.484860,-9.513639,-12.107039,-10.704519,-9.059523,-7.311430,-8.943243,-10.108817,-15.073160,-13.584818,-11.930336,-14.828816,-20.849394,-20.662361,-18.232008,-15.077122,-15.750715,-15.619902,-16.931551,-16.270535,-17.651590,-17.575378,-16.172056,-13.405522,-14.796816,-15.313039,-15.378397,-14.612791,-16.248327,-13.651954,-13.531722,-15.435070,-14.894404,-16.882477,-16.734
EVS Port1 1980-012-14:08:50.67649 66/1/AI_LEARNER 4: AI_LEARNER completed=10/10 mean=18896.2us max=36653.7us hal_peak=6208 within_bounded=1
{"app":"AI_LEARNER","stage":"mem","model":"b3_deepae","target":"aarch64-unknown-linux-gnu","completed":10,"hal_peak":6208,"peak_within_bounded":true,"admitted_budget_bytes":520844570,"peak_within_admitted_budget":true,"admission_mode":"unconditional","hal_bytes_per_call_amortized":3904.0,"process_rss_kb":7008,"process_rss_delta_init_kb":668}
.EVS Port1 1980-012-14:08:54.74363 66/1/AI_LEARNER 4: AI_LEARNER completed=11/11 mean=19263.5us max=36653.7us hal_peak=6208 within_bounded=1
{"app":"AI_LEARNER","stage":"run","model":"b3_deepae","target":"aarch64-unknown-linux-gnu","attempted":11,"completed":11,"fail_input":0,"fail_invoke":0,"fail_output":0,"mean_us":19263.45,"max_us":36653.74,"last_us":22935.78,"out0":-34.89132,"out":[-34.891319,-19.254387,-10.698231,-6.055479,-3.156272,1.490048,-0.860534,-2.367169,-5.884599,-6.853049,-8.317361,-7.668149,-7.141639,-5.634950,-7.484860,-9.513639,-12.107039,-10.704519,-9.059523,-7.311430,-8.943243,-10.108817,-15.073160,-13.584818,-11.930336,-14.828816,-20.849394,-20.662361,-18.232008,-15.077122,-15.750715,-15.619902,-16.931551,-16.270535,-17.651590,-17.575378,-16.172056,-13.405522,-14.796816,-15.313039,-15.378397,-14.612791,-16.248327,-13.651954,-13.531722,-15.435070,-14.894404,-16.882477,-16.734
{"app":"AI_LEARNER","stage":"mem","model":"b3_deepae","target":"aarch64-unknown-linux-gnu","completed":11,"hal_peak":6208,"peak_within_bounded":true,"admitted_budget_bytes":520844570,"peak_within_admitted_budget":true,"admission_mode":"unconditional","hal_bytes_per_call_amortized":3880.7,"process_rss_kb":7008,"process_rss_delta_init_kb":668}
EVS Port1 1980-012-14:08:58.00437 66/1/CFE_TIME 21: Stop FLYWHEEL
.{"app":"AI_LEARNER","stage":"run","model":"b3_deepae","target":"aarch64-unknown-linux-gnu","attempted":12,"completed":12,"fail_input":0,"fail_invoke":0,"fail_output":0,"mean_us":22008.76,"max_us":52207.14,"last_us":52207.14,"out0":-34.89132,"out":[-34.891319,-19.254387,-10.698231,-6.055479,-3.156272,1.490048,-0.860534,-2.367169,-5.884599,-6.853049,-8.317361,-7.668149,-7.141639,-5.634950,-7.484860,-9.513639,-12.107039,-10.704519,-9.059523,-7.311430,-8.943243,-10.108817,-15.073160,-13.584818,-11.930336,-14.828816,-20.849394,-20.662361,-18.232008,-15.077122,-15.750715,-15.619902,-16.931551,-16.270535,-17.651590,-17.575378,-16.172056,-13.405522,-14.796816,-15.313039,-15.378397,-14.612791,-16.248327,-13.651954,-13.531722,-15.435070,-14.894404,-16.882477,-16.734
EVS Port1 1980-012-14:08:58.80926 66/1/AI_LEARNER 4: AI_LEARNER completed=12/12 mean=22008.8us max=52207.1us hal_peak=6208 within_bounded=1
{"app":"AI_LEARNER","stage":"mem","model":"b3_deepae","target":"aarch64-unknown-linux-gnu","completed":12,"hal_peak":6208,"peak_within_bounded":true,"admitted_budget_bytes":520844570,"peak_within_admitted_budget":true,"admission_mode":"unconditional","hal_bytes_per_call_amortized":3861.3,"process_rss_kb":7008,"process_rss_delta_init_kb":668}
EVS Port1 1980-012-14:08:59.04174 66/1/CFE_TIME 20: Start FLYWHEEL
EVS Port1 1980-012-14:09:01.26824 66/1/CFE_TIME 20: Start FLYWHEEL
EVS Port1 1980-012-14:09:03.28939 66/1/AI_LEARNER 4: AI_LEARNER completed=13/13 mean=21196.1us max=52207.1us hal_peak=6208 within_bounded=1
{"app":"AI_LEARNER","stage":"run","model":"b3_deepae","target":"aarch64-unknown-linux-gnu","attempted":13,"completed":13,"fail_input":0,"fail_invoke":0,"fail_output":0,"mean_us":21196.11,"max_us":52207.14,"last_us":11444.30,"out0":-34.89132,"out":[-34.891319,-19.254387,-10.698231,-6.055479,-3.156272,1.490048,-0.860534,-2.367169,-5.884599,-6.853049,-8.317361,-7.668149,-7.141639,-5.634950,-7.484860,-9.513639,-12.107039,-10.704519,-9.059523,-7.311430,-8.943243,-10.108817,-15.073160,-13.584818,-11.930336,-14.828816,-20.849394,-20.662361,-18.232008,-15.077122,-15.750715,-15.619902,-16.931551,-16.270535,-17.651590,-17.575378,-16.172056,-13.405522,-14.796816,-15.313039,-15.378397,-14.612791,-16.248327,-13.651954,-13.531722,-15.435070,-14.894404,-16.882477,-16.734
{"app":"AI_LEARNER","stage":"mem","model":"b3_deepae","target":"aarch64-unknown-linux-gnu","completed":13,"hal_peak":6208,"peak_within_bounded":true,"admitted_budget_bytes":520844570,"peak_within_admitted_budget":true,"admission_mode":"unconditional","hal_bytes_per_call_amortized":3844.9,"process_rss_kb":7008,"process_rss_delta_init_kb":668}
EVS Port1 1980-012-14:09:04.00904 66/1/CFE_TIME 21: Stop FLYWHEEL
.EVS Port1 1980-012-14:09:06.70545 66/1/AI_LEARNER 4: AI_LEARNER completed=14/14 mean=20305.8us max=52207.1us hal_peak=6208 within_bounded=1
{"app":"AI_LEARNER","stage":"run","model":"b3_deepae","target":"aarch64-unknown-linux-gnu","attempted":14,"completed":14,"fail_input":0,"fail_invoke":0,"fail_output":0,"mean_us":20305.83,"max_us":52207.14,"last_us":8732.16,"out0":-34.89132,"out":[-34.891319,-19.254387,-10.698231,-6.055479,-3.156272,1.490048,-0.860534,-2.367169,-5.884599,-6.853049,-8.317361,-7.668149,-7.141639,-5.634950,-7.484860,-9.513639,-12.107039,-10.704519,-9.059523,-7.311430,-8.943243,-10.108817,-15.073160,-13.584818,-11.930336,-14.828816,-20.849394,-20.662361,-18.232008,-15.077122,-15.750715,-15.619902,-16.931551,-16.270535,-17.651590,-17.575378,-16.172056,-13.405522,-14.796816,-15.313039,-15.378397,-14.612791,-16.248327,-13.651954,-13.531722,-15.435070,-14.894404,-16.882477,-16.7342
{"app":"AI_LEARNER","stage":"mem","model":"b3_deepae","target":"aarch64-unknown-linux-gnu","completed":14,"hal_peak":6208,"peak_within_bounded":true,"admitted_budget_bytes":520844570,"peak_within_admitted_budget":true,"admission_mode":"unconditional","hal_bytes_per_call_amortized":3830.9,"process_rss_kb":7008,"process_rss_delta_init_kb":668}
.EVS Port1 1980-012-14:09:10.47366 66/1/CFE_TIME 20: Start FLYWHEEL
EVS Port1 1980-012-14:09:11.20039 66/1/AI_LEARNER 4: AI_LEARNER completed=15/15 mean=21305.3us max=52207.1us hal_peak=6208 within_bounded=1
{"app":"AI_LEARNER","stage":"run","model":"b3_deepae","target":"aarch64-unknown-linux-gnu","attempted":15,"completed":15,"fail_input":0,"fail_invoke":0,"fail_output":0,"mean_us":21305.29,"max_us":52207.14,"last_us":35297.79,"out0":-34.89132,"out":[-34.891319,-19.254387,-10.698231,-6.055479,-3.156272,1.490048,-0.860534,-2.367169,-5.884599,-6.853049,-8.317361,-7.668149,-7.141639,-5.634950,-7.484860,-9.513639,-12.107039,-10.704519,-9.059523,-7.311430,-8.943243,-10.108817,-15.073160,-13.584818,-11.930336,-14.828816,-20.849394,-20.662361,-18.232008,-15.077122,-15.750715,-15.619902,-16.931551,-16.270535,-17.651590,-17.575378,-16.172056,-13.405522,-14.796816,-15.313039,-15.378397,-14.612791,-16.248327,-13.651954,-13.531722,-15.435070,-14.894404,-16.882477,-16.734
{"app":"AI_LEARNER","stage":"mem","model":"b3_deepae","target":"aarch64-unknown-linux-gnu","completed":15,"hal_peak":6208,"peak_within_bounded":true,"admitted_budget_bytes":520844570,"peak_within_admitted_budget":true,"admission_mode":"unconditional","hal_bytes_per_call_amortized":3818.7,"process_rss_kb":7008,"process_rss_delta_init_kb":668}
.EVS Port1 1980-012-14:09:16.95925 66/1/AI_LEARNER 4: AI_LEARNER completed=16/16 mean=20851.7us max=52207.1us hal_peak=6208 within_bounded=1
{"app":"AI_LEARNER","stage":"run","model":"b3_deepae","target":"aarch64-unknown-linux-gnu","attempted":16,"completed":16,"fail_input":0,"fail_invoke":0,"fail_output":0,"mean_us":20851.66,"max_us":52207.14,"last_us":14047.20,"out0":-34.89132,"out":[-34.891319,-19.254387,-10.698231,-6.055479,-3.156272,1.490048,-0.860534,-2.367169,-5.884599,-6.853049,-8.317361,-7.668149,-7.141639,-5.634950,-7.484860,-9.513639,-12.107039,-10.704519,-9.059523,-7.311430,-8.943243,-10.108817,-15.073160,-13.584818,-11.930336,-14.828816,-20.849394,-20.662361,-18.232008,-15.077122,-15.750715,-15.619902,-16.931551,-16.270535,-17.651590,-17.575378,-16.172056,-13.405522,-14.796816,-15.313039,-15.378397,-14.612791,-16.248327,-13.651954,-13.531722,-15.435070,-14.894404,-16.882477,-16.734
{"app":"AI_LEARNER","stage":"mem","model":"b3_deepae","target":"aarch64-unknown-linux-gnu","completed":16,"hal_peak":6208,"peak_within_bounded":true,"admitted_budget_bytes":520844570,"peak_within_admitted_budget":true,"admission_mode":"unconditional","hal_bytes_per_call_amortized":3808.0,"process_rss_kb":7008,"process_rss_delta_init_kb":668}
.EVS Port1 1980-012-14:09:26.72169 66/1/AI_LEARNER 4: AI_LEARNER completed=17/17 mean=32815.5us max=224236.3us hal_peak=6208 within_bounded=1
{"app":"AI_LEARNER","stage":"run","model":"b3_deepae","target":"aarch64-unknown-linux-gnu","attempted":17,"completed":17,"fail_input":0,"fail_invoke":0,"fail_output":0,"mean_us":32815.46,"max_us":224236.30,"last_us":224236.30,"out0":-34.89132,"out":[-34.891319,-19.254387,-10.698231,-6.055479,-3.156272,1.490048,-0.860534,-2.367169,-5.884599,-6.853049,-8.317361,-7.668149,-7.141639,-5.634950,-7.484860,-9.513639,-12.107039,-10.704519,-9.059523,-7.311430,-8.943243,-10.108817,-15.073160,-13.584818,-11.930336,-14.828816,-20.849394,-20.662361,-18.232008,-15.077122,-15.750715,-15.619902,-16.931551,-16.270535,-17.651590,-17.575378,-16.172056,-13.405522,-14.796816,-15.313039,-15.378397,-14.612791,-16.248327,-13.651954,-13.531722,-15.435070,-14.894404,-16.882477,-16.7
{"app":"AI_LEARNER","stage":"mem","model":"b3_deepae","target":"aarch64-unknown-linux-gnu","completed":17,"hal_peak":6208,"peak_within_bounded":true,"admitted_budget_bytes":520844570,"peak_within_admitted_budget":true,"admission_mode":"unconditional","hal_bytes_per_call_amortized":3798.6,"process_rss_kb":7008,"process_rss_delta_init_kb":668}
.EVS Port1 1980-012-14:09:35.72438 66/1/AI_LEARNER 4: AI_LEARNER completed=18/18 mean=35548.9us max=224236.3us hal_peak=6208 within_bounded=1
{"app":"AI_LEARNER","stage":"run","model":"b3_deepae","target":"aarch64-unknown-linux-gnu","attempted":18,"completed":18,"fail_input":0,"fail_invoke":0,"fail_output":0,"mean_us":35548.93,"max_us":224236.30,"last_us":82017.87,"out0":-34.89132,"out":[-34.891319,-19.254387,-10.698231,-6.055479,-3.156272,1.490048,-0.860534,-2.367169,-5.884599,-6.853049,-8.317361,-7.668149,-7.141639,-5.634950,-7.484860,-9.513639,-12.107039,-10.704519,-9.059523,-7.311430,-8.943243,-10.108817,-15.073160,-13.584818,-11.930336,-14.828816,-20.849394,-20.662361,-18.232008,-15.077122,-15.750715,-15.619902,-16.931551,-16.270535,-17.651590,-17.575378,-16.172056,-13.405522,-14.796816,-15.313039,-15.378397,-14.612791,-16.248327,-13.651954,-13.531722,-15.435070,-14.894404,-16.882477,-16.73
{"app":"AI_LEARNER","stage":"mem","model":"b3_deepae","target":"aarch64-unknown-linux-gnu","completed":18,"hal_peak":6208,"peak_within_bounded":true,"admitted_budget_bytes":520844570,"peak_within_admitted_budget":true,"admission_mode":"unconditional","hal_bytes_per_call_amortized":3790.2,"process_rss_kb":7008,"process_rss_delta_init_kb":668}
..EVS Port1 1980-012-14:09:42.66157 66/1/AI_LEARNER 4: AI_LEARNER completed=19/19 mean=39364.8us max=224236.3us hal_peak=6208 within_bounded=1
{"app":"AI_LEARNER","stage":"run","model":"b3_deepae","target":"aarch64-unknown-linux-gnu","attempted":19,"completed":19,"fail_input":0,"fail_invoke":0,"fail_output":0,"mean_us":39364.82,"max_us":224236.30,"last_us":108050.74,"out0":-34.89132,"out":[-34.891319,-19.254387,-10.698231,-6.055479,-3.156272,1.490048,-0.860534,-2.367169,-5.884599,-6.853049,-8.317361,-7.668149,-7.141639,-5.634950,-7.484860,-9.513639,-12.107039,-10.704519,-9.059523,-7.311430,-8.943243,-10.108817,-15.073160,-13.584818,-11.930336,-14.828816,-20.849394,-20.662361,-18.232008,-15.077122,-15.750715,-15.619902,-16.931551,-16.270535,-17.651590,-17.575378,-16.172056,-13.405522,-14.796816,-15.313039,-15.378397,-14.612791,-16.248327,-13.651954,-13.531722,-15.435070,-14.894404,-16.882477,-16.7
{"app":"AI_LEARNER","stage":"mem","model":"b3_deepae","target":"aarch64-unknown-linux-gnu","completed":19,"hal_peak":6208,"peak_within_bounded":true,"admitted_budget_bytes":520844570,"peak_within_admitted_budget":true,"admission_mode":"unconditional","hal_bytes_per_call_amortized":3782.7,"process_rss_kb":7008,"process_rss_delta_init_kb":668}
.EVS Port1 1980-012-14:09:49.53065 66/1/AI_LEARNER 4: AI_LEARNER completed=20/20 mean=40036.4us max=224236.3us hal_peak=6208 within_bounded=1
{"app":"AI_LEARNER","stage":"run","model":"b3_deepae","target":"aarch64-unknown-linux-gnu","attempted":20,"completed":20,"fail_input":0,"fail_invoke":0,"fail_output":0,"mean_us":40036.39,"max_us":224236.30,"last_us":52796.26,"out0":-34.89132,"out":[-34.891319,-19.254387,-10.698231,-6.055479,-3.156272,1.490048,-0.860534,-2.367169,-5.884599,-6.853049,-8.317361,-7.668149,-7.141639,-5.634950,-7.484860,-9.513639,-12.107039,-10.704519,-9.059523,-7.311430,-8.943243,-10.108817,-15.073160,-13.584818,-11.930336,-14.828816,-20.849394,-20.662361,-18.232008,-15.077122,-15.750715,-15.619902,-16.931551,-16.270535,-17.651590,-17.575378,-16.172056,-13.405522,-14.796816,-15.313039,-15.378397,-14.612791,-16.248327,-13.651954,-13.531722,-15.435070,-14.894404,-16.882477,-16.73
{"app":"AI_LEARNER","stage":"mem","model":"b3_deepae","target":"aarch64-unknown-linux-gnu","completed":20,"hal_peak":6208,"peak_within_bounded":true,"admitted_budget_bytes":520844570,"peak_within_admitted_budget":true,"admission_mode":"unconditional","hal_bytes_per_call_amortized":3776.0,"process_rss_kb":7008,"process_rss_delta_init_kb":668}
.EVS Port1 1980-012-14:09:56.22558 66/1/AI_LEARNER 4: AI_LEARNER completed=21/21 mean=50246.3us max=254443.5us hal_peak=6208 within_bounded=1
{"app":"AI_LEARNER","stage":"run","model":"b3_deepae","target":"aarch64-unknown-linux-gnu","attempted":21,"completed":21,"fail_input":0,"fail_invoke":0,"fail_output":0,"mean_us":50246.25,"max_us":254443.54,"last_us":254443.54,"out0":-34.89132,"out":[-34.891319,-19.254387,-10.698231,-6.055479,-3.156272,1.490048,-0.860534,-2.367169,-5.884599,-6.853049,-8.317361,-7.668149,-7.141639,-5.634950,-7.484860,-9.513639,-12.107039,-10.704519,-9.059523,-7.311430,-8.943243,-10.108817,-15.073160,-13.584818,-11.930336,-14.828816,-20.849394,-20.662361,-18.232008,-15.077122,-15.750715,-15.619902,-16.931551,-16.270535,-17.651590,-17.575378,-16.172056,-13.405522,-14.796816,-15.313039,-15.378397,-14.612791,-16.248327,-13.651954,-13.531722,-15.435070,-14.894404,-16.882477,-16.7
{"app":"AI_LEARNER","stage":"mem","model":"b3_deepae","target":"aarch64-unknown-linux-gnu","completed":21,"hal_peak":6208,"peak_within_bounded":true,"admitted_budget_bytes":520844570,"peak_within_admitted_budget":true,"admission_mode":"unconditional","hal_bytes_per_call_amortized":3769.9,"process_rss_kb":7008,"process_rss_delta_init_kb":668}
.EVS Port1 1980-012-14:10:06.45028 66/1/AI_LEARNER 4: AI_LEARNER completed=22/22 mean=53797.4us max=254443.5us hal_peak=6208 within_bounded=1
{"app":"AI_LEARNER","stage":"run","model":"b3_deepae","target":"aarch64-unknown-linux-gnu","attempted":22,"completed":22,"fail_input":0,"fail_invoke":0,"fail_output":0,"mean_us":53797.37,"max_us":254443.54,"last_us":128370.82,"out0":-34.89132,"out":[-34.891319,-19.254387,-10.698231,-6.055479,-3.156272,1.490048,-0.860534,-2.367169,-5.884599,-6.853049,-8.317361,-7.668149,-7.141639,-5.634950,-7.484860,-9.513639,-12.107039,-10.704519,-9.059523,-7.311430,-8.943243,-10.108817,-15.073160,-13.584818,-11.930336,-14.828816,-20.849394,-20.662361,-18.232008,-15.077122,-15.750715,-15.619902,-16.931551,-16.270535,-17.651590,-17.575378,-16.172056,-13.405522,-14.796816,-15.313039,-15.378397,-14.612791,-16.248327,-13.651954,-13.531722,-15.435070,-14.894404,-16.882477,-16.7
{"app":"AI_LEARNER","stage":"mem","model":"b3_deepae","target":"aarch64-unknown-linux-gnu","completed":22,"hal_peak":6208,"peak_within_bounded":true,"admitted_budget_bytes":520844570,"peak_within_admitted_budget":true,"admission_mode":"unconditional","hal_bytes_per_call_amortized":3764.4,"process_rss_kb":7008,"process_rss_delta_init_kb":668}
.EVS Port1 1980-012-14:10:11.13731 66/1/AI_LEARNER 4: AI_LEARNER completed=23/23 mean=52005.3us max=254443.5us hal_peak=6208 within_bounded=1
{"app":"AI_LEARNER","stage":"run","model":"b3_deepae","target":"aarch64-unknown-linux-gnu","attempted":23,"completed":23,"fail_input":0,"fail_invoke":0,"fail_output":0,"mean_us":52005.28,"max_us":254443.54,"last_us":12579.42,"out0":-34.89132,"out":[-34.891319,-19.254387,-10.698231,-6.055479,-3.156272,1.490048,-0.860534,-2.367169,-5.884599,-6.853049,-8.317361,-7.668149,-7.141639,-5.634950,-7.484860,-9.513639,-12.107039,-10.704519,-9.059523,-7.311430,-8.943243,-10.108817,-15.073160,-13.584818,-11.930336,-14.828816,-20.849394,-20.662361,-18.232008,-15.077122,-15.750715,-15.619902,-16.931551,-16.270535,-17.651590,-17.575378,-16.172056,-13.405522,-14.796816,-15.313039,-15.378397,-14.612791,-16.248327,-13.651954,-13.531722,-15.435070,-14.894404,-16.882477,-16.73
{"app":"AI_LEARNER","stage":"mem","model":"b3_deepae","target":"aarch64-unknown-linux-gnu","completed":23,"hal_peak":6208,"peak_within_bounded":true,"admitted_budget_bytes":520844570,"peak_within_admitted_budget":true,"admission_mode":"unconditional","hal_bytes_per_call_amortized":3759.3,"process_rss_kb":7008,"process_rss_delta_init_kb":668}
EVS Port1 1980-012-14:10:12.00503 66/1/CFE_TIME 21: Stop FLYWHEEL
.EVS Port1 1980-012-14:10:14.00804 66/1/CFE_TIME 21: Stop FLYWHEEL
EVS Port1 1980-012-14:10:14.69288 66/1/AI_LEARNER 4: AI_LEARNER completed=24/24 mean=51042.3us max=254443.5us hal_peak=6208 within_bounded=1
{"app":"AI_LEARNER","stage":"run","model":"b3_deepae","target":"aarch64-unknown-linux-gnu","attempted":24,"completed":24,"fail_input":0,"fail_invoke":0,"fail_output":0,"mean_us":51042.26,"max_us":254443.54,"last_us":28892.67,"out0":-34.89132,"out":[-34.891319,-19.254387,-10.698231,-6.055479,-3.156272,1.490048,-0.860534,-2.367169,-5.884599,-6.853049,-8.317361,-7.668149,-7.141639,-5.634950,-7.484860,-9.513639,-12.107039,-10.704519,-9.059523,-7.311430,-8.943243,-10.108817,-15.073160,-13.584818,-11.930336,-14.828816,-20.849394,-20.662361,-18.232008,-15.077122,-15.750715,-15.619902,-16.931551,-16.270535,-17.651590,-17.575378,-16.172056,-13.405522,-14.796816,-15.313039,-15.378397,-14.612791,-16.248327,-13.651954,-13.531722,-15.435070,-14.894404,-16.882477,-16.73
{"app":"AI_LEARNER","stage":"mem","model":"b3_deepae","target":"aarch64-unknown-linux-gnu","completed":24,"hal_peak":6208,"peak_within_bounded":true,"admitted_budget_bytes":520844570,"peak_within_admitted_budget":true,"admission_mode":"unconditional","hal_bytes_per_call_amortized":3754.7,"process_rss_kb":7008,"process_rss_delta_init_kb":668}
EVS Port1 1980-012-14:10:14.99661 66/1/CFE_TIME 20: Start FLYWHEEL
.{"app":"AI_LEARNER","stage":"run","model":"b3_deepae","target":"aarch64-unknown-linux-gnu","attempted":25,"completed":25,"fail_input":0,"fail_invoke":0,"fail_output":0,"mean_us":49608.95,"max_us":254443.54,"last_us":15209.65,"out0":-34.89132,"out":[-34.891319,-19.254387,-10.698231,-6.055479,-3.156272,1.490048,-0.860534,-2.367169,-5.884599,-6.853049,-8.317361,-7.668149,-7.141639,-5.634950,-7.484860,-9.513639,-12.107039,-10.704519,-9.059523,-7.311430,-8.943243,-10.108817,-15.073160,-13.584818,-11.930336,-14.828816,-20.849394,-20.662361,-18.232008,-15.077122,-15.750715,-15.619902,-16.931551,-16.270535,-17.651590,-17.575378,-16.172056,-13.405522,-14.796816,-15.313039,-15.378397,-14.612791,-16.248327,-13.651954,-13.531722,-15.435070,-14.894404,-16.882477,-16.73
EVS Port1 1980-012-14:10:18.69694 66/1/AI_LEARNER 4: AI_LEARNER completed=25/25 mean=49609.0us max=254443.5us hal_peak=6208 within_bounded=1
{"app":"AI_LEARNER","stage":"mem","model":"b3_deepae","target":"aarch64-unknown-linux-gnu","completed":25,"hal_peak":6208,"peak_within_bounded":true,"admitted_budget_bytes":520844570,"peak_within_admitted_budget":true,"admission_mode":"unconditional","hal_bytes_per_call_amortized":3750.4,"process_rss_kb":7008,"process_rss_delta_init_kb":668}
EVS Port1 1980-012-14:10:19.00459 66/1/CFE_TIME 21: Stop FLYWHEEL
EVS Port1 1980-012-14:10:19.99851 66/1/CFE_TIME 20: Start FLYWHEEL
EVS Port1 1980-012-14:10:22.69934 66/1/AI_LEARNER 4: AI_LEARNER completed=26/26 mean=48089.7us max=254443.5us hal_peak=6208 within_bounded=1
{"app":"AI_LEARNER","stage":"run","model":"b3_deepae","target":"aarch64-unknown-linux-gnu","attempted":26,"completed":26,"fail_input":0,"fail_invoke":0,"fail_output":0,"mean_us":48089.71,"max_us":254443.54,"last_us":10108.51,"out0":-34.89132,"out":[-34.891319,-19.254387,-10.698231,-6.055479,-3.156272,1.490048,-0.860534,-2.367169,-5.884599,-6.853049,-8.317361,-7.668149,-7.141639,-5.634950,-7.484860,-9.513639,-12.107039,-10.704519,-9.059523,-7.311430,-8.943243,-10.108817,-15.073160,-13.584818,-11.930336,-14.828816,-20.849394,-20.662361,-18.232008,-15.077122,-15.750715,-15.619902,-16.931551,-16.270535,-17.651590,-17.575378,-16.172056,-13.405522,-14.796816,-15.313039,-15.378397,-14.612791,-16.248327,-13.651954,-13.531722,-15.435070,-14.894404,-16.882477,-16.73
{"app":"AI_LEARNER","stage":"mem","model":"b3_deepae","target":"aarch64-unknown-linux-gnu","completed":26,"hal_peak":6208,"peak_within_bounded":true,"admitted_budget_bytes":520844570,"peak_within_admitted_budget":true,"admission_mode":"unconditional","hal_bytes_per_call_amortized":3746.5,"process_rss_kb":7008,"process_rss_delta_init_kb":668}
EVS Port1 1980-012-14:10:23.00508 66/1/CFE_TIME 21: Stop FLYWHEEL
EVS Port1 1980-012-14:10:23.99743 66/1/CFE_TIME 20: Start FLYWHEEL
.EVS Port1 1980-012-14:10:26.68913 66/1/AI_LEARNER 4: AI_LEARNER completed=27/27 mean=47171.6us max=254443.5us hal_peak=6208 within_bounded=1
{"app":"AI_LEARNER","stage":"run","model":"b3_deepae","target":"aarch64-unknown-linux-gnu","attempted":27,"completed":27,"fail_input":0,"fail_invoke":0,"fail_output":0,"mean_us":47171.64,"max_us":254443.54,"last_us":23301.94,"out0":-34.89132,"out":[-34.891319,-19.254387,-10.698231,-6.055479,-3.156272,1.490048,-0.860534,-2.367169,-5.884599,-6.853049,-8.317361,-7.668149,-7.141639,-5.634950,-7.484860,-9.513639,-12.107039,-10.704519,-9.059523,-7.311430,-8.943243,-10.108817,-15.073160,-13.584818,-11.930336,-14.828816,-20.849394,-20.662361,-18.232008,-15.077122,-15.750715,-15.619902,-16.931551,-16.270535,-17.651590,-17.575378,-16.172056,-13.405522,-14.796816,-15.313039,-15.378397,-14.612791,-16.248327,-13.651954,-13.531722,-15.435070,-14.894404,-16.882477,-16.73
{"app":"AI_LEARNER","stage":"mem","model":"b3_deepae","target":"aarch64-unknown-linux-gnu","completed":27,"hal_peak":6208,"peak_within_bounded":true,"admitted_budget_bytes":520844570,"peak_within_admitted_budget":true,"admission_mode":"unconditional","hal_bytes_per_call_amortized":3742.8,"process_rss_kb":7008,"process_rss_delta_init_kb":668}
.EVS Port1 1980-012-14:10:30.94665 66/1/AI_LEARNER 4: AI_LEARNER completed=28/28 mean=45997.1us max=254443.5us hal_peak=6208 within_bounded=1
{"app":"AI_LEARNER","stage":"run","model":"b3_deepae","target":"aarch64-unknown-linux-gnu","attempted":28,"completed":28,"fail_input":0,"fail_invoke":0,"fail_output":0,"mean_us":45997.09,"max_us":254443.54,"last_us":14284.30,"out0":-34.89132,"out":[-34.891319,-19.254387,-10.698231,-6.055479,-3.156272,1.490048,-0.860534,-2.367169,-5.884599,-6.853049,-8.317361,-7.668149,-7.141639,-5.634950,-7.484860,-9.513639,-12.107039,-10.704519,-9.059523,-7.311430,-8.943243,-10.108817,-15.073160,-13.584818,-11.930336,-14.828816,-20.849394,-20.662361,-18.232008,-15.077122,-15.750715,-15.619902,-16.931551,-16.270535,-17.651590,-17.575378,-16.172056,-13.405522,-14.796816,-15.313039,-15.378397,-14.612791,-16.248327,-13.651954,-13.531722,-15.435070,-14.894404,-16.882477,-16.73
{"app":"AI_LEARNER","stage":"mem","model":"b3_deepae","target":"aarch64-unknown-linux-gnu","completed":28,"hal_peak":6208,"peak_within_bounded":true,"admitted_budget_bytes":520844570,"peak_within_admitted_budget":true,"admission_mode":"unconditional","hal_bytes_per_call_amortized":3739.4,"process_rss_kb":7008,"process_rss_delta_init_kb":668}
EVS Port1 1980-012-14:10:31.26405 66/1/CFE_TIME 20: Start FLYWHEEL
EVS Port1 1980-012-14:10:31.00253 66/1/CFE_TIME 21: Stop FLYWHEEL
EVS Port1 1980-012-14:10:34.72084 66/1/AI_LEARNER 4: AI_LEARNER completed=29/29 mean=45623.2us max=254443.5us hal_peak=6208 within_bounded=1
{"app":"AI_LEARNER","stage":"run","model":"b3_deepae","target":"aarch64-unknown-linux-gnu","attempted":29,"completed":29,"fail_input":0,"fail_invoke":0,"fail_output":0,"mean_us":45623.25,"max_us":254443.54,"last_us":35155.62,"out0":-34.89132,"out":[-34.891319,-19.254387,-10.698231,-6.055479,-3.156272,1.490048,-0.860534,-2.367169,-5.884599,-6.853049,-8.317361,-7.668149,-7.141639,-5.634950,-7.484860,-9.513639,-12.107039,-10.704519,-9.059523,-7.311430,-8.943243,-10.108817,-15.073160,-13.584818,-11.930336,-14.828816,-20.849394,-20.662361,-18.232008,-15.077122,-15.750715,-15.619902,-16.931551,-16.270535,-17.651590,-17.575378,-16.172056,-13.405522,-14.796816,-15.313039,-15.378397,-14.612791,-16.248327,-13.651954,-13.531722,-15.435070,-14.894404,-16.882477,-16.73
{"app":"AI_LEARNER","stage":"mem","model":"b3_deepae","target":"aarch64-unknown-linux-gnu","completed":29,"hal_peak":6208,"peak_within_bounded":true,"admitted_budget_bytes":520844570,"peak_within_admitted_budget":true,"admission_mode":"unconditional","hal_bytes_per_call_amortized":3736.3,"process_rss_kb":7008,"process_rss_delta_init_kb":668}
.EVS Port1 1980-012-14:10:38.69042 66/1/AI_LEARNER 4: AI_LEARNER completed=30/30 mean=44706.0us max=254443.5us hal_peak=6208 within_bounded=1
{"app":"AI_LEARNER","stage":"run","model":"b3_deepae","target":"aarch64-unknown-linux-gnu","attempted":30,"completed":30,"fail_input":0,"fail_invoke":0,"fail_output":0,"mean_us":44705.97,"max_us":254443.54,"last_us":18104.88,"out0":-34.89132,"out":[-34.891319,-19.254387,-10.698231,-6.055479,-3.156272,1.490048,-0.860534,-2.367169,-5.884599,-6.853049,-8.317361,-7.668149,-7.141639,-5.634950,-7.484860,-9.513639,-12.107039,-10.704519,-9.059523,-7.311430,-8.943243,-10.108817,-15.073160,-13.584818,-11.930336,-14.828816,-20.849394,-20.662361,-18.232008,-15.077122,-15.750715,-15.619902,-16.931551,-16.270535,-17.651590,-17.575378,-16.172056,-13.405522,-14.796816,-15.313039,-15.378397,-14.612791,-16.248327,-13.651954,-13.531722,-15.435070,-14.894404,-16.882477,-16.73
{"app":"AI_LEARNER","stage":"mem","model":"b3_deepae","target":"aarch64-unknown-linux-gnu","completed":30,"hal_peak":6208,"peak_within_bounded":true,"admitted_budget_bytes":520844570,"peak_within_admitted_budget":true,"admission_mode":"unconditional","hal_bytes_per_call_amortized":3733.3,"process_rss_kb":7008,"process_rss_delta_init_kb":668}
.EVS Port1 1980-012-14:10:42.66798 66/1/AI_LEARNER 4: AI_LEARNER completed=31/31 mean=43608.4us max=254443.5us hal_peak=6208 within_bounded=1
{"app":"AI_LEARNER","stage":"run","model":"b3_deepae","target":"aarch64-unknown-linux-gnu","attempted":31,"completed":31,"fail_input":0,"fail_invoke":0,"fail_output":0,"mean_us":43608.43,"max_us":254443.54,"last_us":10682.11,"out0":-34.89132,"out":[-34.891319,-19.254387,-10.698231,-6.055479,-3.156272,1.490048,-0.860534,-2.367169,-5.884599,-6.853049,-8.317361,-7.668149,-7.141639,-5.634950,-7.484860,-9.513639,-12.107039,-10.704519,-9.059523,-7.311430,-8.943243,-10.108817,-15.073160,-13.584818,-11.930336,-14.828816,-20.849394,-20.662361,-18.232008,-15.077122,-15.750715,-15.619902,-16.931551,-16.270535,-17.651590,-17.575378,-16.172056,-13.405522,-14.796816,-15.313039,-15.378397,-14.612791,-16.248327,-13.651954,-13.531722,-15.435070,-14.894404,-16.882477,-16.73
{"app":"AI_LEARNER","stage":"mem","model":"b3_deepae","target":"aarch64-unknown-linux-gnu","completed":31,"hal_peak":6208,"peak_within_bounded":true,"admitted_budget_bytes":520844570,"peak_within_admitted_budget":true,"admission_mode":"unconditional","hal_bytes_per_call_amortized":3730.6,"process_rss_kb":7008,"process_rss_delta_init_kb":668}
EVS Port1 1980-012-14:10:46.68179 66/1/AI_LEARNER 4: AI_LEARNER completed=32/32 mean=42674.0us max=254443.5us hal_peak=6208 within_bounded=1
{"app":"AI_LEARNER","stage":"run","model":"b3_deepae","target":"aarch64-unknown-linux-gnu","attempted":32,"completed":32,"fail_input":0,"fail_invoke":0,"fail_output":0,"mean_us":42673.96,"max_us":254443.54,"last_us":13705.47,"out0":-34.89132,"out":[-34.891319,-19.254387,-10.698231,-6.055479,-3.156272,1.490048,-0.860534,-2.367169,-5.884599,-6.853049,-8.317361,-7.668149,-7.141639,-5.634950,-7.484860,-9.513639,-12.107039,-10.704519,-9.059523,-7.311430,-8.943243,-10.108817,-15.073160,-13.584818,-11.930336,-14.828816,-20.849394,-20.662361,-18.232008,-15.077122,-15.750715,-15.619902,-16.931551,-16.270535,-17.651590,-17.575378,-16.172056,-13.405522,-14.796816,-15.313039,-15.378397,-14.612791,-16.248327,-13.651954,-13.531722,-15.435070,-14.894404,-16.882477,-16.73
{"app":"AI_LEARNER","stage":"mem","model":"b3_deepae","target":"aarch64-unknown-linux-gnu","completed":32,"hal_peak":6208,"peak_within_bounded":true,"admitted_budget_bytes":520844570,"peak_within_admitted_budget":true,"admission_mode":"unconditional","hal_bytes_per_call_amortized":3728.0,"process_rss_kb":7008,"process_rss_delta_init_kb":668}
.EVS Port1 1980-012-14:10:50.68273 66/1/AI_LEARNER 4: AI_LEARNER completed=33/33 mean=41892.6us max=254443.5us hal_peak=6208 within_bounded=1
{"app":"AI_LEARNER","stage":"run","model":"b3_deepae","target":"aarch64-unknown-linux-gnu","attempted":33,"completed":33,"fail_input":0,"fail_invoke":0,"fail_output":0,"mean_us":41892.58,"max_us":254443.54,"last_us":16888.48,"out0":-34.89132,"out":[-34.891319,-19.254387,-10.698231,-6.055479,-3.156272,1.490048,-0.860534,-2.367169,-5.884599,-6.853049,-8.317361,-7.668149,-7.141639,-5.634950,-7.484860,-9.513639,-12.107039,-10.704519,-9.059523,-7.311430,-8.943243,-10.108817,-15.073160,-13.584818,-11.930336,-14.828816,-20.849394,-20.662361,-18.232008,-15.077122,-15.750715,-15.619902,-16.931551,-16.270535,-17.651590,-17.575378,-16.172056,-13.405522,-14.796816,-15.313039,-15.378397,-14.612791,-16.248327,-13.651954,-13.531722,-15.435070,-14.894404,-16.882477,-16.73
{"app":"AI_LEARNER","stage":"mem","model":"b3_deepae","target":"aarch64-unknown-linux-gnu","completed":33,"hal_peak":6208,"peak_within_bounded":true,"admitted_budget_bytes":520844570,"peak_within_admitted_budget":true,"admission_mode":"unconditional","hal_bytes_per_call_amortized":3725.6,"process_rss_kb":7008,"process_rss_delta_init_kb":668}
.EVS Port1 1980-012-14:10:54.81916 66/1/AI_LEARNER 4: AI_LEARNER completed=34/34 mean=42339.2us max=254443.5us hal_peak=6208 within_bounded=1
{"app":"AI_LEARNER","stage":"run","model":"b3_deepae","target":"aarch64-unknown-linux-gnu","attempted":34,"completed":34,"fail_input":0,"fail_invoke":0,"fail_output":0,"mean_us":42339.19,"max_us":254443.54,"last_us":57077.39,"out0":-34.89132,"out":[-34.891319,-19.254387,-10.698231,-6.055479,-3.156272,1.490048,-0.860534,-2.367169,-5.884599,-6.853049,-8.317361,-7.668149,-7.141639,-5.634950,-7.484860,-9.513639,-12.107039,-10.704519,-9.059523,-7.311430,-8.943243,-10.108817,-15.073160,-13.584818,-11.930336,-14.828816,-20.849394,-20.662361,-18.232008,-15.077122,-15.750715,-15.619902,-16.931551,-16.270535,-17.651590,-17.575378,-16.172056,-13.405522,-14.796816,-15.313039,-15.378397,-14.612791,-16.248327,-13.651954,-13.531722,-15.435070,-14.894404,-16.882477,-16.73
{"app":"AI_LEARNER","stage":"mem","model":"b3_deepae","target":"aarch64-unknown-linux-gnu","completed":34,"hal_peak":6208,"peak_within_bounded":true,"admitted_budget_bytes":520844570,"peak_within_admitted_budget":true,"admission_mode":"unconditional","hal_bytes_per_call_amortized":3723.3,"process_rss_kb":7008,"process_rss_delta_init_kb":668}
{"app":"AI_LEARNER","stage":"run","model":"b3_deepae","target":"aarch64-unknown-linux-gnu","attempted":35,"completed":35,"fail_input":0,"fail_invoke":0,"fail_output":0,"mean_us":41900.47,"max_us":254443.54,"last_us":26984.02,"out0":-34.89132,"out":[-34.891319,-19.254387,-10.698231,-6.055479,-3.156272,1.490048,-0.860534,-2.367169,-5.884599,-6.853049,-8.317361,-7.668149,-7.141639,-5.634950,-7.484860,-9.513639,-12.107039,-10.704519,-9.059523,-7.311430,-8.943243,-10.108817,-15.073160,-13.584818,-11.930336,-14.828816,-20.849394,-20.662361,-18.232008,-15.077122,-15.750715,-15.619902,-16.931551,-16.270535,-17.651590,-17.575378,-16.172056,-13.405522,-14.796816,-15.313039,-15.378397,-14.612791,-16.248327,-13.651954,-13.531722,-15.435070,-14.894404,-16.882477,-16.73
EVS Port1 1980-012-14:10:58.81262 66/1/AI_LEARNER 4: AI_LEARNER completed=35/35 mean=41900.5us max=254443.5us hal_peak=6208 within_bounded=1
{"app":"AI_LEARNER","stage":"mem","model":"b3_deepae","target":"aarch64-unknown-linux-gnu","completed":35,"hal_peak":6208,"peak_within_bounded":true,"admitted_budget_bytes":520844570,"peak_within_admitted_budget":true,"admission_mode":"unconditional","hal_bytes_per_call_amortized":3721.1,"process_rss_kb":7008,"process_rss_delta_init_kb":668}
EVS Port1 1980-012-14:11:00.01681 66/1/CFE_TIME 21: Stop FLYWHEEL
.EVS Port1 1980-012-14:11:01.00419 66/1/CFE_TIME 20: Start FLYWHEEL
{"app":"AI_LEARNER","stage":"run","model":"b3_deepae","target":"aarch64-unknown-linux-gnu","attempted":36,"completed":36,"fail_input":0,"fail_invoke":0,"fail_output":0,"mean_us":41366.41,"max_us":254443.54,"last_us":22674.19,"out0":-34.89132,"out":[-34.891319,-19.254387,-10.698231,-6.055479,-3.156272,1.490048,-0.860534,-2.367169,-5.884599,-6.853049,-8.317361,-7.668149,-7.141639,-5.634950,-7.484860,-9.513639,-12.107039,-10.704519,-9.059523,-7.311430,-8.943243,-10.108817,-15.073160,-13.584818,-11.930336,-14.828816,-20.849394,-20.662361,-18.232008,-15.077122,-15.750715,-15.619902,-16.931551,-16.270535,-17.651590,-17.575378,-16.172056,-13.405522,-14.796816,-15.313039,-15.378397,-14.612791,-16.248327,-13.651954,-13.531722,-15.435070,-14.894404,-16.882477,-16.73
EVS Port1 1980-012-14:11:02.68727 66/1/AI_LEARNER 4: AI_LEARNER completed=36/36 mean=41366.4us max=254443.5us hal_peak=6208 within_bounded=1
{"app":"AI_LEARNER","stage":"mem","model":"b3_deepae","target":"aarch64-unknown-linux-gnu","completed":36,"hal_peak":6208,"peak_within_bounded":true,"admitted_budget_bytes":520844570,"peak_within_admitted_budget":true,"admission_mode":"unconditional","hal_bytes_per_call_amortized":3719.1,"process_rss_kb":7008,"process_rss_delta_init_kb":668}
.EVS Port1 1980-012-14:11:06.72924 66/1/AI_LEARNER 4: AI_LEARNER completed=37/37 mean=41116.8us max=254443.5us hal_peak=6208 within_bounded=1
{"app":"AI_LEARNER","stage":"run","model":"b3_deepae","target":"aarch64-unknown-linux-gnu","attempted":37,"completed":37,"fail_input":0,"fail_invoke":0,"fail_output":0,"mean_us":41116.82,"max_us":254443.54,"last_us":32131.41,"out0":-34.89132,"out":[-34.891319,-19.254387,-10.698231,-6.055479,-3.156272,1.490048,-0.860534,-2.367169,-5.884599,-6.853049,-8.317361,-7.668149,-7.141639,-5.634950,-7.484860,-9.513639,-12.107039,-10.704519,-9.059523,-7.311430,-8.943243,-10.108817,-15.073160,-13.584818,-11.930336,-14.828816,-20.849394,-20.662361,-18.232008,-15.077122,-15.750715,-15.619902,-16.931551,-16.270535,-17.651590,-17.575378,-16.172056,-13.405522,-14.796816,-15.313039,-15.378397,-14.612791,-16.248327,-13.651954,-13.531722,-15.435070,-14.894404,-16.882477,-16.73
{"app":"AI_LEARNER","stage":"mem","model":"b3_deepae","target":"aarch64-unknown-linux-gnu","completed":37,"hal_peak":6208,"peak_within_bounded":true,"admitted_budget_bytes":520844570,"peak_within_admitted_budget":true,"admission_mode":"unconditional","hal_bytes_per_call_amortized":3717.2,"process_rss_kb":7008,"process_rss_delta_init_kb":668}
{"app":"AI_LEARNER","stage":"run","model":"b3_deepae","target":"aarch64-unknown-linux-gnu","attempted":38,"completed":38,"fail_input":0,"fail_invoke":0,"fail_output":0,"mean_us":40904.65,"max_us":254443.54,"last_us":33054.53,"out0":-34.89132,"out":[-34.891319,-19.254387,-10.698231,-6.055479,-3.156272,1.490048,-0.860534,-2.367169,-5.884599,-6.853049,-8.317361,-7.668149,-7.141639,-5.634950,-7.484860,-9.513639,-12.107039,-10.704519,-9.059523,-7.311430,-8.943243,-10.108817,-15.073160,-13.584818,-11.930336,-14.828816,-20.849394,-20.662361,-18.232008,-15.077122,-15.750715,-15.619902,-16.931551,-16.270535,-17.651590,-17.575378,-16.172056,-13.405522,-14.796816,-15.313039,-15.378397,-14.612791,-16.248327,-13.651954,-13.531722,-15.435070,-14.894404,-16.882477,-16.73
EVS Port1 1980-012-14:11:10.69686 66/1/AI_LEARNER 4: AI_LEARNER completed=38/38 mean=40904.7us max=254443.5us hal_peak=6208 within_bounded=1
{"app":"AI_LEARNER","stage":"mem","model":"b3_deepae","target":"aarch64-unknown-linux-gnu","completed":38,"hal_peak":6208,"peak_within_bounded":true,"admitted_budget_bytes":520844570,"peak_within_admitted_budget":true,"admission_mode":"unconditional","hal_bytes_per_call_amortized":3715.4,"process_rss_kb":7008,"process_rss_delta_init_kb":668}
.EVS Port1 1980-012-14:11:14.70202 66/1/AI_LEARNER 4: AI_LEARNER completed=39/39 mean=40571.2us max=254443.5us hal_peak=6208 within_bounded=1
{"app":"AI_LEARNER","stage":"run","model":"b3_deepae","target":"aarch64-unknown-linux-gnu","attempted":39,"completed":39,"fail_input":0,"fail_invoke":0,"fail_output":0,"mean_us":40571.22,"max_us":254443.54,"last_us":27900.93,"out0":-34.89132,"out":[-34.891319,-19.254387,-10.698231,-6.055479,-3.156272,1.490048,-0.860534,-2.367169,-5.884599,-6.853049,-8.317361,-7.668149,-7.141639,-5.634950,-7.484860,-9.513639,-12.107039,-10.704519,-9.059523,-7.311430,-8.943243,-10.108817,-15.073160,-13.584818,-11.930336,-14.828816,-20.849394,-20.662361,-18.232008,-15.077122,-15.750715,-15.619902,-16.931551,-16.270535,-17.651590,-17.575378,-16.172056,-13.405522,-14.796816,-15.313039,-15.378397,-14.612791,-16.248327,-13.651954,-13.531722,-15.435070,-14.894404,-16.882477,-16.73
{"app":"AI_LEARNER","stage":"mem","model":"b3_deepae","target":"aarch64-unknown-linux-gnu","completed":39,"hal_peak":6208,"peak_within_bounded":true,"admitted_budget_bytes":520844570,"peak_within_admitted_budget":true,"admission_mode":"unconditional","hal_bytes_per_call_amortized":3713.6,"process_rss_kb":7008,"process_rss_delta_init_kb":668}
.{"app":"AI_LEARNER","stage":"run","model":"b3_deepae","target":"aarch64-unknown-linux-gnu","attempted":40,"completed":40,"fail_input":0,"fail_invoke":0,"fail_output":0,"mean_us":39985.29,"max_us":254443.54,"last_us":17133.94,"out0":-34.89132,"out":[-34.891319,-19.254387,-10.698231,-6.055479,-3.156272,1.490048,-0.860534,-2.367169,-5.884599,-6.853049,-8.317361,-7.668149,-7.141639,-5.634950,-7.484860,-9.513639,-12.107039,-10.704519,-9.059523,-7.311430,-8.943243,-10.108817,-15.073160,-13.584818,-11.930336,-14.828816,-20.849394,-20.662361,-18.232008,-15.077122,-15.750715,-15.619902,-16.931551,-16.270535,-17.651590,-17.575378,-16.172056,-13.405522,-14.796816,-15.313039,-15.378397,-14.612791,-16.248327,-13.651954,-13.531722,-15.435070,-14.894404,-16.882477,-16.73
EVS Port1 1980-012-14:11:18.68934 66/1/AI_LEARNER 4: AI_LEARNER completed=40/40 mean=39985.3us max=254443.5us hal_peak=6208 within_bounded=1
{"app":"AI_LEARNER","stage":"mem","model":"b3_deepae","target":"aarch64-unknown-linux-gnu","completed":40,"hal_peak":6208,"peak_within_bounded":true,"admitted_budget_bytes":520844570,"peak_within_admitted_budget":true,"admission_mode":"unconditional","hal_bytes_per_call_amortized":3712.0,"process_rss_kb":7008,"process_rss_delta_init_kb":668}
EVS Port1 1980-012-14:11:22.68212 66/1/AI_LEARNER 4: AI_LEARNER completed=41/41 mean=39275.2us max=254443.5us hal_peak=6208 within_bounded=1
{"app":"AI_LEARNER","stage":"run","model":"b3_deepae","target":"aarch64-unknown-linux-gnu","attempted":41,"completed":41,"fail_input":0,"fail_invoke":0,"fail_output":0,"mean_us":39275.24,"max_us":254443.54,"last_us":10873.47,"out0":-34.89132,"out":[-34.891319,-19.254387,-10.698231,-6.055479,-3.156272,1.490048,-0.860534,-2.367169,-5.884599,-6.853049,-8.317361,-7.668149,-7.141639,-5.634950,-7.484860,-9.513639,-12.107039,-10.704519,-9.059523,-7.311430,-8.943243,-10.108817,-15.073160,-13.584818,-11.930336,-14.828816,-20.849394,-20.662361,-18.232008,-15.077122,-15.750715,-15.619902,-16.931551,-16.270535,-17.651590,-17.575378,-16.172056,-13.405522,-14.796816,-15.313039,-15.378397,-14.612791,-16.248327,-13.651954,-13.531722,-15.435070,-14.894404,-16.882477,-16.73
{"app":"AI_LEARNER","stage":"mem","model":"b3_deepae","target":"aarch64-unknown-linux-gnu","completed":41,"hal_peak":6208,"peak_within_bounded":true,"admitted_budget_bytes":520844570,"peak_within_admitted_budget":true,"admission_mode":"unconditional","hal_bytes_per_call_amortized":3710.4,"process_rss_kb":7008,"process_rss_delta_init_kb":668}
.EVS Port1 1980-012-14:11:26.70526 66/1/AI_LEARNER 4: AI_LEARNER completed=42/42 mean=38986.6us max=254443.5us hal_peak=6208 within_bounded=1
{"app":"AI_LEARNER","stage":"run","model":"b3_deepae","target":"aarch64-unknown-linux-gnu","attempted":42,"completed":42,"fail_input":0,"fail_invoke":0,"fail_output":0,"mean_us":38986.56,"max_us":254443.54,"last_us":27150.53,"out0":-34.89132,"out":[-34.891319,-19.254387,-10.698231,-6.055479,-3.156272,1.490048,-0.860534,-2.367169,-5.884599,-6.853049,-8.317361,-7.668149,-7.141639,-5.634950,-7.484860,-9.513639,-12.107039,-10.704519,-9.059523,-7.311430,-8.943243,-10.108817,-15.073160,-13.584818,-11.930336,-14.828816,-20.849394,-20.662361,-18.232008,-15.077122,-15.750715,-15.619902,-16.931551,-16.270535,-17.651590,-17.575378,-16.172056,-13.405522,-14.796816,-15.313039,-15.378397,-14.612791,-16.248327,-13.651954,-13.531722,-15.435070,-14.894404,-16.882477,-16.73
{"app":"AI_LEARNER","stage":"mem","model":"b3_deepae","target":"aarch64-unknown-linux-gnu","completed":42,"hal_peak":6208,"peak_within_bounded":true,"admitted_budget_bytes":520844570,"peak_within_admitted_budget":true,"admission_mode":"unconditional","hal_bytes_per_call_amortized":3709.0,"process_rss_kb":7008,"process_rss_delta_init_kb":668}
.EVS Port1 1980-012-14:11:30.81593 66/1/AI_LEARNER 4: AI_LEARNER completed=43/43 mean=38356.3us max=254443.5us hal_peak=6208 within_bounded=1
{"app":"AI_LEARNER","stage":"run","model":"b3_deepae","target":"aarch64-unknown-linux-gnu","attempted":43,"completed":43,"fail_input":0,"fail_invoke":0,"fail_output":0,"mean_us":38356.35,"max_us":254443.54,"last_us":11887.28,"out0":-34.89132,"out":[-34.891319,-19.254387,-10.698231,-6.055479,-3.156272,1.490048,-0.860534,-2.367169,-5.884599,-6.853049,-8.317361,-7.668149,-7.141639,-5.634950,-7.484860,-9.513639,-12.107039,-10.704519,-9.059523,-7.311430,-8.943243,-10.108817,-15.073160,-13.584818,-11.930336,-14.828816,-20.849394,-20.662361,-18.232008,-15.077122,-15.750715,-15.619902,-16.931551,-16.270535,-17.651590,-17.575378,-16.172056,-13.405522,-14.796816,-15.313039,-15.378397,-14.612791,-16.248327,-13.651954,-13.531722,-15.435070,-14.894404,-16.882477,-16.73
{"app":"AI_LEARNER","stage":"mem","model":"b3_deepae","target":"aarch64-unknown-linux-gnu","completed":43,"hal_peak":6208,"peak_within_bounded":true,"admitted_budget_bytes":520844570,"peak_within_admitted_budget":true,"admission_mode":"unconditional","hal_bytes_per_call_amortized":3707.5,"process_rss_kb":7008,"process_rss_delta_init_kb":668}
EVS Port1 1980-012-14:11:31.12882 66/1/CFE_TIME 20: Start FLYWHEEL
EVS Port1 1980-012-14:11:31.00419 66/1/CFE_TIME 21: Stop FLYWHEEL
EVS Port1 1980-012-14:11:34.00529 66/1/CFE_TIME 21: Stop FLYWHEEL
EVS Port1 1980-012-14:11:34.69000 66/1/AI_LEARNER 4: AI_LEARNER completed=44/44 mean=37655.0us max=254443.5us hal_peak=6208 within_bounded=1
{"app":"AI_LEARNER","stage":"run","model":"b3_deepae","target":"aarch64-unknown-linux-gnu","attempted":44,"completed":44,"fail_input":0,"fail_invoke":0,"fail_output":0,"mean_us":37655.00,"max_us":254443.54,"last_us":7496.99,"out0":-34.89132,"out":[-34.891319,-19.254387,-10.698231,-6.055479,-3.156272,1.490048,-0.860534,-2.367169,-5.884599,-6.853049,-8.317361,-7.668149,-7.141639,-5.634950,-7.484860,-9.513639,-12.107039,-10.704519,-9.059523,-7.311430,-8.943243,-10.108817,-15.073160,-13.584818,-11.930336,-14.828816,-20.849394,-20.662361,-18.232008,-15.077122,-15.750715,-15.619902,-16.931551,-16.270535,-17.651590,-17.575378,-16.172056,-13.405522,-14.796816,-15.313039,-15.378397,-14.612791,-16.248327,-13.651954,-13.531722,-15.435070,-14.894404,-16.882477,-16.734
{"app":"AI_LEARNER","stage":"mem","model":"b3_deepae","target":"aarch64-unknown-linux-gnu","completed":44,"hal_peak":6208,"peak_within_bounded":true,"admitted_budget_bytes":520844570,"peak_within_admitted_budget":true,"admission_mode":"unconditional","hal_bytes_per_call_amortized":3706.2,"process_rss_kb":7008,"process_rss_delta_init_kb":668}
EVS Port1 1980-012-14:11:35.00030 66/1/CFE_TIME 20: Start FLYWHEEL
.EVS Port1 1980-012-14:11:38.67938 66/1/AI_LEARNER 4: AI_LEARNER completed=45/45 mean=37285.0us max=254443.5us hal_peak=6208 within_bounded=1
{"app":"AI_LEARNER","stage":"run","model":"b3_deepae","target":"aarch64-unknown-linux-gnu","attempted":45,"completed":45,"fail_input":0,"fail_invoke":0,"fail_output":0,"mean_us":37284.98,"max_us":254443.54,"last_us":21004.38,"out0":-34.89132,"out":[-34.891319,-19.254387,-10.698231,-6.055479,-3.156272,1.490048,-0.860534,-2.367169,-5.884599,-6.853049,-8.317361,-7.668149,-7.141639,-5.634950,-7.484860,-9.513639,-12.107039,-10.704519,-9.059523,-7.311430,-8.943243,-10.108817,-15.073160,-13.584818,-11.930336,-14.828816,-20.849394,-20.662361,-18.232008,-15.077122,-15.750715,-15.619902,-16.931551,-16.270535,-17.651590,-17.575378,-16.172056,-13.405522,-14.796816,-15.313039,-15.378397,-14.612791,-16.248327,-13.651954,-13.531722,-15.435070,-14.894404,-16.882477,-16.73
{"app":"AI_LEARNER","stage":"mem","model":"b3_deepae","target":"aarch64-unknown-linux-gnu","completed":45,"hal_peak":6208,"peak_within_bounded":true,"admitted_budget_bytes":520844570,"peak_within_admitted_budget":true,"admission_mode":"unconditional","hal_bytes_per_call_amortized":3704.9,"process_rss_kb":7008,"process_rss_delta_init_kb":668}
.EVS Port1 1980-012-14:11:42.68978 66/1/AI_LEARNER 4: AI_LEARNER completed=46/46 mean=36941.9us max=254443.5us hal_peak=6208 within_bounded=1
{"app":"AI_LEARNER","stage":"run","model":"b3_deepae","target":"aarch64-unknown-linux-gnu","attempted":46,"completed":46,"fail_input":0,"fail_invoke":0,"fail_output":0,"mean_us":36941.94,"max_us":254443.54,"last_us":21505.06,"out0":-34.89132,"out":[-34.891319,-19.254387,-10.698231,-6.055479,-3.156272,1.490048,-0.860534,-2.367169,-5.884599,-6.853049,-8.317361,-7.668149,-7.141639,-5.634950,-7.484860,-9.513639,-12.107039,-10.704519,-9.059523,-7.311430,-8.943243,-10.108817,-15.073160,-13.584818,-11.930336,-14.828816,-20.849394,-20.662361,-18.232008,-15.077122,-15.750715,-15.619902,-16.931551,-16.270535,-17.651590,-17.575378,-16.172056,-13.405522,-14.796816,-15.313039,-15.378397,-14.612791,-16.248327,-13.651954,-13.531722,-15.435070,-14.894404,-16.882477,-16.73
{"app":"AI_LEARNER","stage":"mem","model":"b3_deepae","target":"aarch64-unknown-linux-gnu","completed":46,"hal_peak":6208,"peak_within_bounded":true,"admitted_budget_bytes":520844570,"peak_within_admitted_budget":true,"admission_mode":"unconditional","hal_bytes_per_call_amortized":3703.7,"process_rss_kb":7008,"process_rss_delta_init_kb":668}
EVS Port1 1980-012-14:11:46.00750 66/1/CFE_TIME 21: Stop FLYWHEEL
EVS Port1 1980-012-14:11:46.67938 66/1/AI_LEARNER 4: AI_LEARNER completed=47/47 mean=36463.2us max=254443.5us hal_peak=6208 within_bounded=1
{"app":"AI_LEARNER","stage":"run","model":"b3_deepae","target":"aarch64-unknown-linux-gnu","attempted":47,"completed":47,"fail_input":0,"fail_invoke":0,"fail_output":0,"mean_us":36463.24,"max_us":254443.54,"last_us":14442.88,"out0":-34.89132,"out":[-34.891319,-19.254387,-10.698231,-6.055479,-3.156272,1.490048,-0.860534,-2.367169,-5.884599,-6.853049,-8.317361,-7.668149,-7.141639,-5.634950,-7.484860,-9.513639,-12.107039,-10.704519,-9.059523,-7.311430,-8.943243,-10.108817,-15.073160,-13.584818,-11.930336,-14.828816,-20.849394,-20.662361,-18.232008,-15.077122,-15.750715,-15.619902,-16.931551,-16.270535,-17.651590,-17.575378,-16.172056,-13.405522,-14.796816,-15.313039,-15.378397,-14.612791,-16.248327,-13.651954,-13.531722,-15.435070,-14.894404,-16.882477,-16.73
{"app":"AI_LEARNER","stage":"mem","model":"b3_deepae","target":"aarch64-unknown-linux-gnu","completed":47,"hal_peak":6208,"peak_within_bounded":true,"admitted_budget_bytes":520844570,"peak_within_admitted_budget":true,"admission_mode":"unconditional","hal_bytes_per_call_amortized":3702.5,"process_rss_kb":7008,"process_rss_delta_init_kb":668}
EVS Port1 1980-012-14:11:46.99645 66/1/CFE_TIME 20: Start FLYWHEEL
.EVS Port1 1980-012-14:11:50.67790 66/1/AI_LEARNER 4: AI_LEARNER completed=48/48 mean=36041.7us max=254443.5us hal_peak=6208 within_bounded=1
{"app":"AI_LEARNER","stage":"run","model":"b3_deepae","target":"aarch64-unknown-linux-gnu","attempted":48,"completed":48,"fail_input":0,"fail_invoke":0,"fail_output":0,"mean_us":36041.69,"max_us":254443.54,"last_us":16228.99,"out0":-34.89132,"out":[-34.891319,-19.254387,-10.698231,-6.055479,-3.156272,1.490048,-0.860534,-2.367169,-5.884599,-6.853049,-8.317361,-7.668149,-7.141639,-5.634950,-7.484860,-9.513639,-12.107039,-10.704519,-9.059523,-7.311430,-8.943243,-10.108817,-15.073160,-13.584818,-11.930336,-14.828816,-20.849394,-20.662361,-18.232008,-15.077122,-15.750715,-15.619902,-16.931551,-16.270535,-17.651590,-17.575378,-16.172056,-13.405522,-14.796816,-15.313039,-15.378397,-14.612791,-16.248327,-13.651954,-13.531722,-15.435070,-14.894404,-16.882477,-16.73
{"app":"AI_LEARNER","stage":"mem","model":"b3_deepae","target":"aarch64-unknown-linux-gnu","completed":48,"hal_peak":6208,"peak_within_bounded":true,"admitted_budget_bytes":520844570,"peak_within_admitted_budget":true,"admission_mode":"unconditional","hal_bytes_per_call_amortized":3701.3,"process_rss_kb":7008,"process_rss_delta_init_kb":668}
.EVS Port1 1980-012-14:11:54.68511 66/1/AI_LEARNER 4: AI_LEARNER completed=49/49 mean=35598.3us max=254443.5us hal_peak=6208 within_bounded=1
{"app":"AI_LEARNER","stage":"run","model":"b3_deepae","target":"aarch64-unknown-linux-gnu","attempted":49,"completed":49,"fail_input":0,"fail_invoke":0,"fail_output":0,"mean_us":35598.32,"max_us":254443.54,"last_us":14316.56,"out0":-34.89132,"out":[-34.891319,-19.254387,-10.698231,-6.055479,-3.156272,1.490048,-0.860534,-2.367169,-5.884599,-6.853049,-8.317361,-7.668149,-7.141639,-5.634950,-7.484860,-9.513639,-12.107039,-10.704519,-9.059523,-7.311430,-8.943243,-10.108817,-15.073160,-13.584818,-11.930336,-14.828816,-20.849394,-20.662361,-18.232008,-15.077122,-15.750715,-15.619902,-16.931551,-16.270535,-17.651590,-17.575378,-16.172056,-13.405522,-14.796816,-15.313039,-15.378397,-14.612791,-16.248327,-13.651954,-13.531722,-15.435070,-14.894404,-16.882477,-16.73
{"app":"AI_LEARNER","stage":"mem","model":"b3_deepae","target":"aarch64-unknown-linux-gnu","completed":49,"hal_peak":6208,"peak_within_bounded":true,"admitted_budget_bytes":520844570,"peak_within_admitted_budget":true,"admission_mode":"unconditional","hal_bytes_per_call_amortized":3700.2,"process_rss_kb":7008,"process_rss_delta_init_kb":668}
{"app":"AI_LEARNER","stage":"run","model":"b3_deepae","target":"aarch64-unknown-linux-gnu","attempted":50,"completed":50,"fail_input":0,"fail_invoke":0,"fail_output":0,"mean_us":34959.07,"max_us":254443.54,"last_us":3635.92,"out0":-34.89132,"out":[-34.891319,-19.254387,-10.698231,-6.055479,-3.156272,1.490048,-0.860534,-2.367169,-5.884599,-6.853049,-8.317361,-7.668149,-7.141639,-5.634950,-7.484860,-9.513639,-12.107039,-10.704519,-9.059523,-7.311430,-8.943243,-10.108817,-15.073160,-13.584818,-11.930336,-14.828816,-20.849394,-20.662361,-18.232008,-15.077122,-15.750715,-15.619902,-16.931551,-16.270535,-17.651590,-17.575378,-16.172056,-13.405522,-14.796816,-15.313039,-15.378397,-14.612791,-16.248327,-13.651954,-13.531722,-15.435070,-14.894404,-16.882477,-16.734
EVS Port1 1980-012-14:11:58.86741 66/1/AI_LEARNER 4: AI_LEARNER completed=50/50 mean=34959.1us max=254443.5us hal_peak=6208 within_bounded=1
{"app":"AI_LEARNER","stage":"mem","model":"b3_deepae","target":"aarch64-unknown-linux-gnu","completed":50,"hal_peak":6208,"peak_within_bounded":true,"admitted_budget_bytes":520844570,"peak_within_admitted_budget":true,"admission_mode":"unconditional","hal_bytes_per_call_amortized":3699.2,"process_rss_kb":7008,"process_rss_delta_init_kb":668}
.EVS Port1 1980-012-14:12:00.17575 66/1/CFE_TIME 20: Start FLYWHEEL
EVS Port1 1980-012-14:12:00.00419 66/1/CFE_TIME 21: Stop FLYWHEEL
{"app":"AI_LEARNER","stage":"run","model":"b3_deepae","target":"aarch64-unknown-linux-gnu","attempted":51,"completed":51,"fail_input":0,"fail_invoke":0,"fail_output":0,"mean_us":35027.85,"max_us":254443.54,"last_us":38466.80,"out0":-34.89132,"out":[-34.891319,-19.254387,-10.698231,-6.055479,-3.156272,1.490048,-0.860534,-2.367169,-5.884599,-6.853049,-8.317361,-7.668149,-7.141639,-5.634950,-7.484860,-9.513639,-12.107039,-10.704519,-9.059523,-7.311430,-8.943243,-10.108817,-15.073160,-13.584818,-11.930336,-14.828816,-20.849394,-20.662361,-18.232008,-15.077122,-15.750715,-15.619902,-16.931551,-16.270535,-17.651590,-17.575378,-16.172056,-13.405522,-14.796816,-15.313039,-15.378397,-14.612791,-16.248327,-13.651954,-13.531722,-15.435070,-14.894404,-16.882477,-16.73
EVS Port1 1980-012-14:12:02.72549 66/1/AI_LEARNER 4: AI_LEARNER completed=51/51 mean=35027.9us max=254443.5us hal_peak=6208 within_bounded=1
{"app":"AI_LEARNER","stage":"mem","model":"b3_deepae","target":"aarch64-unknown-linux-gnu","completed":51,"hal_peak":6208,"peak_within_bounded":true,"admitted_budget_bytes":520844570,"peak_within_admitted_budget":true,"admission_mode":"unconditional","hal_bytes_per_call_amortized":3698.2,"process_rss_kb":7008,"process_rss_delta_init_kb":668}
EVS Port1 1980-012-14:12:04.03063 66/1/CFE_TIME 20: Start FLYWHEEL
.EVS Port1 1980-012-14:12:06.85386 66/1/AI_LEARNER 4: AI_LEARNER completed=52/52 mean=34613.9us max=254443.5us hal_peak=6208 within_bounded=1
{"app":"AI_LEARNER","stage":"run","model":"b3_deepae","target":"aarch64-unknown-linux-gnu","attempted":52,"completed":52,"fail_input":0,"fail_invoke":0,"fail_output":0,"mean_us":34613.91,"max_us":254443.54,"last_us":13502.78,"out0":-34.89132,"out":[-34.891319,-19.254387,-10.698231,-6.055479,-3.156272,1.490048,-0.860534,-2.367169,-5.884599,-6.853049,-8.317361,-7.668149,-7.141639,-5.634950,-7.484860,-9.513639,-12.107039,-10.704519,-9.059523,-7.311430,-8.943243,-10.108817,-15.073160,-13.584818,-11.930336,-14.828816,-20.849394,-20.662361,-18.232008,-15.077122,-15.750715,-15.619902,-16.931551,-16.270535,-17.651590,-17.575378,-16.172056,-13.405522,-14.796816,-15.313039,-15.378397,-14.612791,-16.248327,-13.651954,-13.531722,-15.435070,-14.894404,-16.882477,-16.73
{"app":"AI_LEARNER","stage":"mem","model":"b3_deepae","target":"aarch64-unknown-linux-gnu","completed":52,"hal_peak":6208,"peak_within_bounded":true,"admitted_budget_bytes":520844570,"peak_within_admitted_budget":true,"admission_mode":"unconditional","hal_bytes_per_call_amortized":3697.2,"process_rss_kb":7008,"process_rss_delta_init_kb":668}
EVS Port1 1980-012-14:12:07.01202 66/1/CFE_TIME 21: Stop FLYWHEEL
EVS Port1 1980-012-14:12:10.52116 66/1/CFE_TIME 20: Start FLYWHEEL
EVS Port1 1980-012-14:12:11.51542 66/1/AI_LEARNER 4: AI_LEARNER completed=53/53 mean=34258.8us max=254443.5us hal_peak=6208 within_bounded=1
{"app":"AI_LEARNER","stage":"run","model":"b3_deepae","target":"aarch64-unknown-linux-gnu","attempted":53,"completed":53,"fail_input":0,"fail_invoke":0,"fail_output":0,"mean_us":34258.80,"max_us":254443.54,"last_us":15793.26,"out0":-34.89132,"out":[-34.891319,-19.254387,-10.698231,-6.055479,-3.156272,1.490048,-0.860534,-2.367169,-5.884599,-6.853049,-8.317361,-7.668149,-7.141639,-5.634950,-7.484860,-9.513639,-12.107039,-10.704519,-9.059523,-7.311430,-8.943243,-10.108817,-15.073160,-13.584818,-11.930336,-14.828816,-20.849394,-20.662361,-18.232008,-15.077122,-15.750715,-15.619902,-16.931551,-16.270535,-17.651590,-17.575378,-16.172056,-13.405522,-14.796816,-15.313039,-15.378397,-14.612791,-16.248327,-13.651954,-13.531722,-15.435070,-14.894404,-16.882477,-16.73
{"app":"AI_LEARNER","stage":"mem","model":"b3_deepae","target":"aarch64-unknown-linux-gnu","completed":53,"hal_peak":6208,"peak_within_bounded":true,"admitted_budget_bytes":520844570,"peak_within_admitted_budget":true,"admission_mode":"unconditional","hal_bytes_per_call_amortized":3696.3,"process_rss_kb":7008,"process_rss_delta_init_kb":668}
.EVS Port1 1980-012-14:12:16.38259 66/1/AI_LEARNER 4: AI_LEARNER completed=54/54 mean=34189.9us max=254443.5us hal_peak=6208 within_bounded=1
{"app":"AI_LEARNER","stage":"run","model":"b3_deepae","target":"aarch64-unknown-linux-gnu","attempted":54,"completed":54,"fail_input":0,"fail_invoke":0,"fail_output":0,"mean_us":34189.94,"max_us":254443.54,"last_us":30540.06,"out0":-34.89132,"out":[-34.891319,-19.254387,-10.698231,-6.055479,-3.156272,1.490048,-0.860534,-2.367169,-5.884599,-6.853049,-8.317361,-7.668149,-7.141639,-5.634950,-7.484860,-9.513639,-12.107039,-10.704519,-9.059523,-7.311430,-8.943243,-10.108817,-15.073160,-13.584818,-11.930336,-14.828816,-20.849394,-20.662361,-18.232008,-15.077122,-15.750715,-15.619902,-16.931551,-16.270535,-17.651590,-17.575378,-16.172056,-13.405522,-14.796816,-15.313039,-15.378397,-14.612791,-16.248327,-13.651954,-13.531722,-15.435070,-14.894404,-16.882477,-16.73
{"app":"AI_LEARNER","stage":"mem","model":"b3_deepae","target":"aarch64-unknown-linux-gnu","completed":54,"hal_peak":6208,"peak_within_bounded":true,"admitted_budget_bytes":520844570,"peak_within_admitted_budget":true,"admission_mode":"unconditional","hal_bytes_per_call_amortized":3695.4,"process_rss_kb":7008,"process_rss_delta_init_kb":668}
.{"app":"AI_LEARNER","stage":"run","model":"b3_deepae","target":"aarch64-unknown-linux-gnu","attempted":55,"completed":55,"fail_input":0,"fail_invoke":0,"fail_output":0,"mean_us":34195.67,"max_us":254443.54,"last_us":34505.47,"out0":-34.89132,"out":[-34.891319,-19.254387,-10.698231,-6.055479,-3.156272,1.490048,-0.860534,-2.367169,-5.884599,-6.853049,-8.317361,-7.668149,-7.141639,-5.634950,-7.484860,-9.513639,-12.107039,-10.704519,-9.059523,-7.311430,-8.943243,-10.108817,-15.073160,-13.584818,-11.930336,-14.828816,-20.849394,-20.662361,-18.232008,-15.077122,-15.750715,-15.619902,-16.931551,-16.270535,-17.651590,-17.575378,-16.172056,-13.405522,-14.796816,-15.313039,-15.378397,-14.612791,-16.248327,-13.651954,-13.531722,-15.435070,-14.894404,-16.882477,-16.73
EVS Port1 1980-012-14:12:21.80487 66/1/AI_LEARNER 4: AI_LEARNER completed=55/55 mean=34195.7us max=254443.5us hal_peak=6208 within_bounded=1
{"app":"AI_LEARNER","stage":"mem","model":"b3_deepae","target":"aarch64-unknown-linux-gnu","completed":55,"hal_peak":6208,"peak_within_bounded":true,"admitted_budget_bytes":520844570,"peak_within_admitted_budget":true,"admission_mode":"unconditional","hal_bytes_per_call_amortized":3694.5,"process_rss_kb":7008,"process_rss_delta_init_kb":668}
..EVS Port1 1980-012-14:12:32.46078 66/1/AI_LEARNER 4: AI_LEARNER completed=56/56 mean=35850.7us max=254443.5us hal_peak=6208 within_bounded=1
{"app":"AI_LEARNER","stage":"run","model":"b3_deepae","target":"aarch64-unknown-linux-gnu","attempted":56,"completed":56,"fail_input":0,"fail_invoke":0,"fail_output":0,"mean_us":35850.72,"max_us":254443.54,"last_us":126878.35,"out0":-34.89132,"out":[-34.891319,-19.254387,-10.698231,-6.055479,-3.156272,1.490048,-0.860534,-2.367169,-5.884599,-6.853049,-8.317361,-7.668149,-7.141639,-5.634950,-7.484860,-9.513639,-12.107039,-10.704519,-9.059523,-7.311430,-8.943243,-10.108817,-15.073160,-13.584818,-11.930336,-14.828816,-20.849394,-20.662361,-18.232008,-15.077122,-15.750715,-15.619902,-16.931551,-16.270535,-17.651590,-17.575378,-16.172056,-13.405522,-14.796816,-15.313039,-15.378397,-14.612791,-16.248327,-13.651954,-13.531722,-15.435070,-14.894404,-16.882477,-16.7
{"app":"AI_LEARNER","stage":"mem","model":"b3_deepae","target":"aarch64-unknown-linux-gnu","completed":56,"hal_peak":6208,"peak_within_bounded":true,"admitted_budget_bytes":520844570,"peak_within_admitted_budget":true,"admission_mode":"unconditional","hal_bytes_per_call_amortized":3693.7,"process_rss_kb":7008,"process_rss_delta_init_kb":668}
.EVS Port1 1980-012-14:12:39.14866 66/1/AI_LEARNER 4: AI_LEARNER completed=57/57 mean=36195.0us max=254443.5us hal_peak=6208 within_bounded=1
{"app":"AI_LEARNER","stage":"run","model":"b3_deepae","target":"aarch64-unknown-linux-gnu","attempted":57,"completed":57,"fail_input":0,"fail_invoke":0,"fail_output":0,"mean_us":36194.98,"max_us":254443.54,"last_us":55473.71,"out0":-34.89132,"out":[-34.891319,-19.254387,-10.698231,-6.055479,-3.156272,1.490048,-0.860534,-2.367169,-5.884599,-6.853049,-8.317361,-7.668149,-7.141639,-5.634950,-7.484860,-9.513639,-12.107039,-10.704519,-9.059523,-7.311430,-8.943243,-10.108817,-15.073160,-13.584818,-11.930336,-14.828816,-20.849394,-20.662361,-18.232008,-15.077122,-15.750715,-15.619902,-16.931551,-16.270535,-17.651590,-17.575378,-16.172056,-13.405522,-14.796816,-15.313039,-15.378397,-14.612791,-16.248327,-13.651954,-13.531722,-15.435070,-14.894404,-16.882477,-16.73
{"app":"AI_LEARNER","stage":"mem","model":"b3_deepae","target":"aarch64-unknown-linux-gnu","completed":57,"hal_peak":6208,"peak_within_bounded":true,"admitted_budget_bytes":520844570,"peak_within_admitted_budget":true,"admission_mode":"unconditional","hal_bytes_per_call_amortized":3692.9,"process_rss_kb":7008,"process_rss_delta_init_kb":668}
.EVS Port1 1980-012-14:12:47.86444 66/1/AI_LEARNER 4: AI_LEARNER completed=58/58 mean=37905.3us max=254443.5us hal_peak=6208 within_bounded=1
{"app":"AI_LEARNER","stage":"run","model":"b3_deepae","target":"aarch64-unknown-linux-gnu","attempted":58,"completed":58,"fail_input":0,"fail_invoke":0,"fail_output":0,"mean_us":37905.32,"max_us":254443.54,"last_us":135394.77,"out0":-34.89132,"out":[-34.891319,-19.254387,-10.698231,-6.055479,-3.156272,1.490048,-0.860534,-2.367169,-5.884599,-6.853049,-8.317361,-7.668149,-7.141639,-5.634950,-7.484860,-9.513639,-12.107039,-10.704519,-9.059523,-7.311430,-8.943243,-10.108817,-15.073160,-13.584818,-11.930336,-14.828816,-20.849394,-20.662361,-18.232008,-15.077122,-15.750715,-15.619902,-16.931551,-16.270535,-17.651590,-17.575378,-16.172056,-13.405522,-14.796816,-15.313039,-15.378397,-14.612791,-16.248327,-13.651954,-13.531722,-15.435070,-14.894404,-16.882477,-16.7
{"app":"AI_LEARNER","stage":"mem","model":"b3_deepae","target":"aarch64-unknown-linux-gnu","completed":58,"hal_peak":6208,"peak_within_bounded":true,"admitted_budget_bytes":520844570,"peak_within_admitted_budget":true,"admission_mode":"unconditional","hal_bytes_per_call_amortized":3692.1,"process_rss_kb":7008,"process_rss_delta_init_kb":668}
.EVS Port1 1980-012-14:12:56.54296 66/1/AI_LEARNER 4: AI_LEARNER completed=59/59 mean=40551.8us max=254443.5us hal_peak=6208 within_bounded=1
{"app":"AI_LEARNER","stage":"run","model":"b3_deepae","target":"aarch64-unknown-linux-gnu","attempted":59,"completed":59,"fail_input":0,"fail_invoke":0,"fail_output":0,"mean_us":40551.82,"max_us":254443.54,"last_us":194048.32,"out0":-34.89132,"out":[-34.891319,-19.254387,-10.698231,-6.055479,-3.156272,1.490048,-0.860534,-2.367169,-5.884599,-6.853049,-8.317361,-7.668149,-7.141639,-5.634950,-7.484860,-9.513639,-12.107039,-10.704519,-9.059523,-7.311430,-8.943243,-10.108817,-15.073160,-13.584818,-11.930336,-14.828816,-20.849394,-20.662361,-18.232008,-15.077122,-15.750715,-15.619902,-16.931551,-16.270535,-17.651590,-17.575378,-16.172056,-13.405522,-14.796816,-15.313039,-15.378397,-14.612791,-16.248327,-13.651954,-13.531722,-15.435070,-14.894404,-16.882477,-16.7
{"app":"AI_LEARNER","stage":"mem","model":"b3_deepae","target":"aarch64-unknown-linux-gnu","completed":59,"hal_peak":6208,"peak_within_bounded":true,"admitted_budget_bytes":520844570,"peak_within_admitted_budget":true,"admission_mode":"unconditional","hal_bytes_per_call_amortized":3691.4,"process_rss_kb":7008,"process_rss_delta_init_kb":668}
..EVS Port1 1980-012-14:13:04.19158 66/1/AI_LEARNER 4: AI_LEARNER completed=60/60 mean=40217.6us max=254443.5us hal_peak=6208 within_bounded=1
{"app":"AI_LEARNER","stage":"run","model":"b3_deepae","target":"aarch64-unknown-linux-gnu","attempted":60,"completed":60,"fail_input":0,"fail_invoke":0,"fail_output":0,"mean_us":40217.61,"max_us":254443.54,"last_us":20499.23,"out0":-34.89132,"out":[-34.891319,-19.254387,-10.698231,-6.055479,-3.156272,1.490048,-0.860534,-2.367169,-5.884599,-6.853049,-8.317361,-7.668149,-7.141639,-5.634950,-7.484860,-9.513639,-12.107039,-10.704519,-9.059523,-7.311430,-8.943243,-10.108817,-15.073160,-13.584818,-11.930336,-14.828816,-20.849394,-20.662361,-18.232008,-15.077122,-15.750715,-15.619902,-16.931551,-16.270535,-17.651590,-17.575378,-16.172056,-13.405522,-14.796816,-15.313039,-15.378397,-14.612791,-16.248327,-13.651954,-13.531722,-15.435070,-14.894404,-16.882477,-16.73
{"app":"AI_LEARNER","stage":"mem","model":"b3_deepae","target":"aarch64-unknown-linux-gnu","completed":60,"hal_peak":6208,"peak_within_bounded":true,"admitted_budget_bytes":520844570,"peak_within_admitted_budget":true,"admission_mode":"unconditional","hal_bytes_per_call_amortized":3690.7,"process_rss_kb":7008,"process_rss_delta_init_kb":668}
1980-012-14:13:04.81358 CFE_ES_RunExceptionScan: ExceptionID 0x1110002 in TaskID 0: Caught SIGINT
1980-012-14:13:04.83276 CFE_ES_RunExceptionScan: Processor Reset count not reached (1/2)
CFE_PSP: Exiting cFE with PROCESSOR Reset status.

CFE_PSP: Shutdown initiated - Exiting cFE
CI delete callback -- Closing CI Network socket.
TO delete callback -- Closing TO Network socket.
EXIT=124
