OS_BSP_Initialize():Maximum user msg queue depth = 512
CFE_PSP: Default Reset SubType = 1
CFE_PSP: Default CPU ID = 1
CFE_PSP: Default Spacecraft ID = 66
CFE_PSP: Default CPU Name: cpu1
OS_Posix_GetSchedulerParams():208:Policy 1: available, min-max: 1-99
OS_Posix_GetSchedulerParams():208:Policy 2: available, min-max: 1-99
OS_Posix_TaskAPI_Impl_Init():401:Selected policy 2 for RT tasks, root task = 99
OS_Posix_TaskAPI_Impl_Init():419:Could not setschedparam in main thread: Operation not permitted (1)
CFE_PSP: initializing module 'soft_timebase' with ID 0110ff00
CFE_PSP: Instantiated software timebase 'cFS-Master' running at 10000 usec
CFE_PSP: initializing module 'timebase_posix_clock' with ID 0110ff01
CFE_PSP: Using POSIX monotonic clock as CFE timebase
CFE_PSP: initializing module 'eeprom_mmap_file' with ID 0110ff02
CFE_PSP: Using MMAP simulated EEPROM implementation
CFE_PSP: EEPROM Range (2) created: Start Address = F550FF94E000, Size = 00080000 Status = 0
CFE_PSP: initializing module 'port_notimpl' with ID 0110ff03
CFE_PSP: I/O Port access not implemented
CFE_PSP: initializing module 'iodriver' with ID 0110ff04
CFE_PSP: initializing module 'linux_sysmon' with ID 0110ff05
CFE_PSP: initializing module 'endian_api' with ID 0110ff06
CFE_PSP: Host CPU Endian=LITTLE
CFE_PSP: initializing module 'ram_notimpl' with ID 0110ff07
CFE_PSP: Physical RAM access not implemented
CFE_PSP: Normal exit from previous cFE instance
CFE_PSP: Starting the cFE with a PROCESSOR reset.
1980-001-09:09:56.76631 CFE_ES_Main: CFE_ES_Main in EARLY_INIT state
1980-001-09:09:56.77800 CFE_ES_InitializeFileSystems: Volatile Disk has 100 Percent free space.
Number of addresses returned by backtrace = 1
CFE_PSP: CFE_PSP_AttachExceptions called
1980-001-09:09:56.79769 CFE_ES_Main: CFE_ES_Main entering CORE_STARTUP state
1980-001-09:09:56.79793 CFE_ES_CreateObjects: Starting Object Creation calls.
1980-001-09:09:56.79936 CFE_ES_CreateObjects: Calling EarlyInit for CFE_CONFIG
1980-001-09:09:56.80193 CFE_ES_CreateObjects: Calling EarlyInit for CFE_ES
1980-001-09:09:56.80651 CFE_ES_CreateObjects: Calling EarlyInit for CFE_EVS
1980-001-09:09:56.80797 CFE_EVS_EarlyInit: Event Log restored, n=0, c=20, f=1, m=1, o=314
1980-001-09:09:56.80983 CFE_ES_CreateObjects: Calling EarlyInit for CFE_FS
1980-001-09:09:56.81030 CFE_ES_CreateObjects: Calling EarlyInit for CFE_SB
1980-001-09:09:56.82739 CFE_ES_CreateObjects: Calling EarlyInit for CFE_TBL
1980-001-09:09:56.84557 CFE_ES_CreateObjects: Calling EarlyInit for CFE_TIME
EVS Port1 1980-012-14:13:00.49522 66/1/CFE_ES 1: cFE ES Initialized: CFE_ES v7.0.1+dev1 (Draco) DEV BUILD, based on v7.0.1, EDS disabled
EVS Port1 1980-012-14:13:00.50523 66/1/CFE_ES 2: cFS Versions: cfe v7.0.1+dev1, osal v7.0.1+dev1, psp v7.0.1+dev1. cFE chksm 31659
EVS Port1 1980-012-14:13:00.50823 66/1/CFE_ES 91: Version Info: Mission SampleMission, version git:v7.0.1-90-g78c23b0-dirty
EVS Port1 1980-012-14:13:00.50875 66/1/CFE_ES 91: Version Info: Module CORE_API, version git:2612eb0
EVS Port1 1980-012-14:13:00.51017 66/1/CFE_ES 91: Version Info: Module CONFIG, version git:2612eb0
EVS Port1 1980-012-14:13:00.51185 66/1/CFE_ES 91: Version Info: Module ES, version git:2612eb0
EVS Port1 1980-012-14:13:00.51280 66/1/CFE_ES 91: Version Info: Module EVS, version git:2612eb0
EVS Port1 1980-012-14:13:00.51757 66/1/CFE_ES 91: Version Info: Module FS, version git:2612eb0
EVS Port1 1980-012-14:13:00.51838 66/1/CFE_ES 91: Version Info: Module SB, version git:2612eb0
EVS Port1 1980-012-14:13:00.51875 66/1/CFE_ES 91: Version Info: Module TBL, version git:2612eb0
EVS Port1 1980-012-14:13:00.52149 66/1/CFE_ES 91: Version Info: Module TIME, version git:2612eb0
EVS Port1 1980-012-14:13:00.52435 66/1/CFE_ES 91: Version Info: Module OSAL, version git:8111e4a
EVS Port1 1980-012-14:13:00.52627 66/1/CFE_ES 91: Version Info: Module PSP, version git:d1da809
EVS Port1 1980-012-14:13:00.52716 66/1/CFE_ES 91: Version Info: Module MSG, version git:2612eb0
EVS Port1 1980-012-14:13:00.52767 66/1/CFE_ES 91: Version Info: Module SBR, version git:2612eb0
EVS Port1 1980-012-14:13:00.53038 66/1/CFE_ES 91: Version Info: Module RESOURCEID, version git:2612eb0
EVS Port1 1980-012-14:13:00.53129 66/1/CFE_ES 92: Build 202609111416 by root@vm, config aarch64
EVS Port1 1980-012-14:13:00.62579 66/1/CFE_EVS 1: cFE EVS Initialized: CFE_EVS v7.0.1+dev1 (Draco) DEV BUILD, based on v7.0.1, EDS disabled
1980-012-14:13:00.72968 CFE_SB_AppInit: Registered 4 events for filtering
EVS Port1 1980-012-14:13:00.73464 66/1/CFE_SB 1: cFE SB Initialized: CFE_SB v7.0.1+dev1 (Draco) DEV BUILD, based on v7.0.1, EDS disabled
EVS Port1 1980-012-14:13:00.73544 66/1/CFE_SB 14: No subscribers for MsgId 0x808,sender CFE_SB
EVS Port1 1980-012-14:13:00.84176 66/1/CFE_TBL 1: cFE TBL Initialized: CFE_TBL v7.0.1+dev1 (Draco) DEV BUILD, based on v7.0.1, EDS disabled
EVS Port1 1980-012-14:13:00.84281 66/1/CFE_SB 14: No subscribers for MsgId 0x808,sender CFE_TBL
EVS Port1 1980-012-14:13:00.96446 66/1/CFE_TIME 1: cFE TIME Initialized: CFE_TIME v7.0.1+dev1 (Draco) DEV BUILD, based on v7.0.1, EDS disabled
EVS Port1 1980-012-14:13:00.96733 66/1/CFE_SB 14: No subscribers for MsgId 0x808,sender CFE_TIME
1980-012-14:13:00.99254 CFE_ES_CreateObjects: Finished ES CreateObject table entries.
1980-012-14:13:00.99535 CFE_ES_Main: CFE_ES_Main entering CORE_READY state
OS_FileOpen_Impl():110:open(/dev/shm/osal:RAM/cfe_es_startup.scr): No such file or directory
1980-012-14:13:01.00964 CFE_ES_OpenStartupScript: Cannot Open Volatile Startup file: /ram/cfe_es_startup.scr, Trying Nonvolatile.
1980-012-14:13:01.01495 CFE_ES_OpenStartupScript: Opened ES App Startup file: /cf/cfe_es_startup.scr
1980-012-14:13:01.03747 CFE_ES_ParseFileEntry: Loading shared library: /cf/cfe_assert.so
1980-012-14:13:01.05011 [BEGIN] CFE FUNCTIONAL TEST
1980-012-14:13:01.05078 [BEGIN] 01 CFE-STARTUP
1980-012-14:13:01.07014 CFE_ES_ParseFileEntry: Loading shared library: /cf/sample_lib.so
SAMPLE Lib Initialized.Sample Lib v7.0.0+dev1 (Draco) DEV BUILD, based on v7.0.1, EDS disabled
1980-012-14:13:01.09786 CFE_ES_ParseFileEntry: Loading file: /cf/sch_lab.so, APP: SCH_LAB
1980-012-14:13:01.12812 CFE_ES_ParseFileEntry: Loading file: /cf/ci_lab.so, APP: CI_LAB
1980-012-14:13:01.16658 CFE_ES_ParseFileEntry: Loading file: /cf/to_lab.so, APP: TO_LAB
SCH Lab Initialized.SCH Lab v7.0.1+dev1 (Draco) DEV BUILD, based on v7.0.1, EDS disabled
1980-012-14:13:01.27552 CFE_ES_ParseFileEntry: Loading file: /cf/sample_app.so, APP: SAMPLE_APP
EVS Port1 1980-012-14:13:01.28262 66/1/TO_LAB 1: TO Lab Initialized.TO Lab v7.0.1+dev1 (Draco) DEV BUILD, based on v7.0.1, EDS disabled, Awaiting enable command.
EVS Port1 1980-012-14:13:01.28462 66/1/CFE_SB 14: No subscribers for MsgId 0x808,sender TO_LAB
1980-012-14:13:01.34473 CI_LAB listening on UDP port: 1234
EVS Port1 1980-012-14:13:01.34773 66/1/CI_LAB 3: CI Lab Initialized.CI Lab App v7.0.1+dev1 (Draco) DEV BUILD, based on v7.0.1, EDS disabled
1980-012-14:13:01.36863 CFE_ES_ParseFileEntry: Loading file: /cf/ai_learner.so, APP: AI_LEARNER
EVS Port1 1980-012-14:13:01.37147 66/1/SAMPLE_APP 1: Sample App Initialized.Sample App v7.0.0+dev1 (Draco) DEV BUILD, based on v7.0.1, EDS disabled
1980-012-14:13:01.41167 CFE_ES_ParseFileEntry: Loading file: /cf/lc.so, APP: LC
1980-012-14:13:01.44008 CFE_ES_ParseFileEntry: Loading file: /cf/cf.so, APP: CF
{"app":"AI_LEARNER","stage":"build_config","model":"smartcam","allow_conditional_map":0,"contract_bounded_bytes":18222796,"contract_per_call_bytes":9382092,"contract_const_bytes":8840704,"contract_bound_known":true,"contract_artifact_sha256":"ecffe6e0bcbadf51c8482c73ab147e91fa857927d1183955e03a3257041c78f1"}
{"app":"AI_LEARNER","stage":"stack","es_stack_size":264063,"stack_base_bytes":262144,"contract_kernel_stack_bytes":1919,"kernel_stack_accounted":true}
EVS Port1 1980-012-14:13:01.46331 66/1/AI_LEARNER 8: AI_LEARNER stack: es=264063 base=262144 kernel=1919 accounted=1
{"app":"AI_LEARNER","stage":"admission","verdict":"ADMIT","model":"smartcam","target":"aarch64-unknown-linux-gnu","bounded":18222796,"budget":511750848,"budget_source":"override","per_call":9382092,"constants":8840704,"kernel_stack_bytes":1919,"bound_known":true,"scope":"per_app_local_budget"}
EVS Port1 1980-012-14:13:01.51344 66/1/LC 56: WDT verify results: good = 0, bad = 0, unused = 176
1980-012-14:13:01.53477 CFE_ES_ParseFileEntry: Loading file: /cf/ds.so, APP: DS
EVS Port1 1980-012-14:13:01.53916 66/1/LC 66: ADT verify results: good = 0, bad = 0, unused = 176
EVS Port1 1980-012-14:13:01.57125 66/1/LC 23: LC use of Critical Data Store disabled, activity mask = 0x00991990
EVS Port1 1980-012-14:13:01.57479 66/1/LC 2: LC Initialized. Version 7.0.1.255
EVS Port1 1980-012-14:13:01.64649 66/1/CF 20: CF Initialized. Version 7.0.1.255
1980-012-14:13:01.68847 CFE_ES_ParseFileEntry: Loading file: /cf/fm.so, APP: FM
EVS Port1 1980-012-14:13:01.69828 66/1/DS 10: Destination file table verify results: good entries = 6, bad = 0, unused = 10
EVS Port1 1980-012-14:13:01.73358 66/1/DS 12: Filter table verify results: good entries = 14, bad = 0, unused = 242
EVS Port1 1980-012-14:13:01.77876 66/1/DS 1: Application initialized, version 7.0.1.255, data at 0xf550fe8a0460
1980-012-14:13:01.82578 CFE_ES_ParseFileEntry: Loading file: /cf/hk.so, APP: HK
EVS Port1 1980-012-14:13:01.82768 66/1/FM 80: Free Space Table verify results: good entries = 3, bad = 0, unused = 5
EVS Port1 1980-012-14:13:01.86322 66/1/FM 1: Initialization complete: version 7.0.1.255
1980-012-14:13:01.91058 CFE_ES_ParseFileEntry: Loading file: /cf/hs.so, APP: HS
EVS Port1 1980-012-14:13:01.92037 66/1/FM 72: Child Task initialization complete
EVS Port1 1980-012-14:13:01.96580 66/1/HK 1: HK Initialized.  Version 7.0.1.255
1980-012-14:13:02.00172 CFE_ES_ParseFileEntry: Loading file: /cf/mm.so, APP: MM
EVS Port1 1980-012-14:13:02.05110 66/1/HS 54: ExeCount verify results: good = 5, bad = 0, unused = 27
EVS Port1 1980-012-14:13:02.07055 66/1/HS 50: AppMon verify results: good = 0, bad = 0, unused = 32
EVS Port1 1980-012-14:13:02.08972 66/1/HS 52: EventMon verify results: good = 0, bad = 0, unused = 16
1980-012-14:13:02.10358 CFE_ES_ParseFileEntry: Loading file: /cf/sc.so, APP: SC
EVS Port1 1980-012-14:13:02.10671 66/1/MM 1: MM Initialized. Version 7.0.1.255
EVS Port1 1980-012-14:13:02.13009 66/1/HS 56: MsgActs verify results: good = 2, bad = 0, unused = 6
1980-012-14:13:02.14954 HS_SysMonInit(): System Monitor using PSP device ID 0110ff05
CFE_PSP(Linux_SysMon): Started CPU utilization monitoring on 1 CPU(s)
EVS Port1 1980-012-14:13:02.18974 66/1/HS 1: HS Initialized.  Version 7.0.1.255
1980-012-14:13:02.22276 CFE_ES_ParseFileEntry: Loading file: /cf/md.so, APP: MD
EVS Port1 1980-012-14:13:02.32882 66/1/SC 21: RTS table files not loaded at initialization = 0 of 4
EVS Port1 1980-012-14:13:02.34835 66/1/SC 9: SC Initialized. Version 7.0.1.255
EVS Port1 1980-012-14:13:02.35951 66/1/MD 52: MD Dwell Tbl verify results: good = 0, bad = 0, unused = 25
1980-012-14:13:02.36485 CFE_ES_ParseFileEntry: Loading file: /cf/cs.so, APP: CS
EVS Port1 1980-012-14:13:02.36383 66/1/MD 3: Recovered Dwell Table #1 is valid and has been copied to the MD App
EVS Port1 1980-012-14:13:02.37466 66/1/MD 52: MD Dwell Tbl verify results: good = 0, bad = 0, unused = 25
EVS Port1 1980-012-14:13:02.38081 66/1/MD 3: Recovered Dwell Table #2 is valid and has been copied to the MD App
EVS Port1 1980-012-14:13:02.38670 66/1/MD 52: MD Dwell Tbl verify results: good = 0, bad = 0, unused = 25
EVS Port1 1980-012-14:13:02.39379 66/1/MD 3: Recovered Dwell Table #3 is valid and has been copied to the MD App
EVS Port1 1980-012-14:13:02.40310 66/1/MD 52: MD Dwell Tbl verify results: good = 0, bad = 0, unused = 25
EVS Port1 1980-012-14:13:02.40725 66/1/MD 3: Recovered Dwell Table #4 is valid and has been copied to the MD App
EVS Port1 1980-012-14:13:02.41181 66/1/MD 7: Dwell Tables Recovered: 4, Dwell Tables Initialized: 0
EVS Port1 1980-012-14:13:02.41647 66/1/MD 1: MD Initialized.  Version 7.0.1.255
EVS Port1 1980-012-14:13:02.50874 66/1/CS 144: CS EEPROM Table verification results: good = 0, bad = 0, unused = 16
EVS Port1 1980-012-14:13:02.51367 66/1/CS 107: CS EEPROM Table: No valid entries in the table
EVS Port1 1980-012-14:13:02.52770 66/1/CS 143: CS Memory Table verification results: good = 0, bad = 0, unused = 16
EVS Port1 1980-012-14:13:02.52986 66/1/CS 107: CS Memory Table: No valid entries in the table
EVS Port1 1980-012-14:13:02.54463 66/1/CS 139: CS Tables Table verification results: good = 1, bad = 0, unused = 23
EVS Port1 1980-012-14:13:02.55825 66/1/CS 142: CS Apps Table verification results: good = 0, bad = 0, unused = 24
EVS Port1 1980-012-14:13:02.56257 66/1/CS 108: CS Apps Table: No valid entries in the table
EVS Port1 1980-012-14:13:02.56962 66/1/CS 127: OS Text Segment disabled due to platform
EVS Port1 1980-012-14:13:02.57452 66/1/CS 1: CS Initialized. Version 7.0.1.255
{"app":"AI_LEARNER","stage":"binding","verdict":"MATCH","artifact_bytes":8991281,"artifact_sha256":"ecffe6e0bcbadf51","contract_sha256":"ecffe6e0bcbadf51"}
1980-012-14:13:03.46103 CFE_ES_Main: Startup Sync failed - Applications may not have all initialized
1980-012-14:13:03.46240 CFE_ES_Main: CFE_ES_Main entering APPS_INIT state
EVS Port1 1980-012-14:13:03.03009 66/1/CFE_TIME 21: Stop FLYWHEEL
{"app":"AI_LEARNER","stage":"map_branch","model":"smartcam","module_ptr_mod64":0,"hal_peak_after_append":0,"contract_const_bytes":8840704,"contract_per_call_bytes":9382092,"arm":"map","admission_mode":"unconditional"}
{"app":"AI_LEARNER","stage":"mem_init","model":"smartcam","target":"aarch64-unknown-linux-gnu","hal_peak":602112,"hal_allocated":602112,"bounded":18222796,"peak_within_bounded":true,"inferences_so_far":0,"process_rss_kb":15948,"rss_kb_before_runtime":14208,"rss_kb_after_session":14496,"rss_kb_after_init":15948}
{"app":"AI_LEARNER","stage":"e25_mode","active":false,"inputs_path":"/cf/e25_inputs.bin"}
EVS Port1 1980-012-14:13:03.14172 66/1/AI_LEARNER 3: AI_LEARNER initialized: model smartcam (8991281 B), rss_delta_init=1740 KB
1980-012-14:13:03.15278 CFE_ES_Main: CFE_ES_Main entering OPERATIONAL state
EVS Port1 1980-012-14:13:03.18540 66/1/TO_LAB 19: L550 TO Lab subscribed to 32 messages from the table
.EVS Port1 1980-012-14:13:11.01411 66/1/CFE_TIME 21: Stop FLYWHEEL
EVS Port1 1980-012-14:13:11.99668 66/1/CFE_TIME 20: Start FLYWHEEL
EVS Port1 1980-012-14:13:14.00639 66/1/CFE_TIME 21: Stop FLYWHEEL
EVS Port1 1980-012-14:13:14.10722 66/1/AI_LEARNER 4: AI_LEARNER completed=1/1 mean=8620775.3us max=8620775.3us hal_peak=9382092 within_bounded=1
{"app":"AI_LEARNER","stage":"run","model":"smartcam","target":"aarch64-unknown-linux-gnu","attempted":1,"completed":1,"fail_input":0,"fail_invoke":0,"fail_output":0,"mean_us":8620775.30,"max_us":8620775.30,"last_us":8620775.30,"out0":0.85892,"out":[0.858921,0.111592,0.029487]}
{"app":"AI_LEARNER","stage":"mem","model":"smartcam","target":"aarch64-unknown-linux-gnu","completed":1,"hal_peak":9382092,"peak_within_bounded":true,"admitted_budget_bytes":511750848,"peak_within_admitted_budget":true,"admission_mode":"unconditional","hal_bytes_per_call_amortized":9382092.0,"process_rss_kb":16576,"process_rss_delta_init_kb":1740}
.EVS Port1 1980-012-14:13:14.99519 66/1/CFE_TIME 20: Start FLYWHEEL
.{"app":"AI_LEARNER","stage":"run","model":"smartcam","target":"aarch64-unknown-linux-gnu","attempted":2,"completed":2,"fail_input":0,"fail_invoke":0,"fail_output":0,"mean_us":7961926.94,"max_us":8620775.30,"last_us":7303078.58,"out0":0.85892,"out":[0.858921,0.111592,0.029487]}
EVS Port1 1980-012-14:13:21.43572 66/1/AI_LEARNER 4: AI_LEARNER completed=2/2 mean=7961926.9us max=8620775.3us hal_peak=9382092 within_bounded=1
{"app":"AI_LEARNER","stage":"mem","model":"smartcam","target":"aarch64-unknown-linux-gnu","completed":2,"hal_peak":9382092,"peak_within_bounded":true,"admitted_budget_bytes":511750848,"peak_within_admitted_budget":true,"admission_mode":"unconditional","hal_bytes_per_call_amortized":9081036.0,"process_rss_kb":25152,"process_rss_delta_init_kb":1740}
.EVS Port1 1980-012-14:13:28.33898 66/1/AI_LEARNER 4: AI_LEARNER completed=3/3 mean=7601229.2us max=8620775.3us hal_peak=9382092 within_bounded=1
{"app":"AI_LEARNER","stage":"run","model":"smartcam","target":"aarch64-unknown-linux-gnu","attempted":3,"completed":3,"fail_input":0,"fail_invoke":0,"fail_output":0,"mean_us":7601229.18,"max_us":8620775.30,"last_us":6879833.68,"out0":0.85892,"out":[0.858921,0.111592,0.029487]}
{"app":"AI_LEARNER","stage":"mem","model":"smartcam","target":"aarch64-unknown-linux-gnu","completed":3,"hal_peak":9382092,"peak_within_bounded":true,"admitted_budget_bytes":511750848,"peak_within_admitted_budget":true,"admission_mode":"unconditional","hal_bytes_per_call_amortized":8980684.0,"process_rss_kb":25152,"process_rss_delta_init_kb":1740}
.EVS Port1 1980-012-14:13:34.45610 66/1/AI_LEARNER 4: AI_LEARNER completed=4/4 mean=7475042.0us max=8620775.3us hal_peak=9382092 within_bounded=1
{"app":"AI_LEARNER","stage":"run","model":"smartcam","target":"aarch64-unknown-linux-gnu","attempted":4,"completed":4,"fail_input":0,"fail_invoke":0,"fail_output":0,"mean_us":7475041.95,"max_us":8620775.30,"last_us":7096480.26,"out0":0.85892,"out":[0.858921,0.111592,0.029487]}
{"app":"AI_LEARNER","stage":"mem","model":"smartcam","target":"aarch64-unknown-linux-gnu","completed":4,"hal_peak":9382092,"peak_within_bounded":true,"admitted_budget_bytes":511750848,"peak_within_admitted_budget":true,"admission_mode":"unconditional","hal_bytes_per_call_amortized":8930508.0,"process_rss_kb":25152,"process_rss_delta_init_kb":1740}
EVS Port1 1980-012-14:13:37.03495 66/1/CFE_TIME 21: Stop FLYWHEEL
.EVS Port1 1980-012-14:13:38.01660 66/1/CFE_TIME 20: Start FLYWHEEL
EVS Port1 1980-012-14:13:40.13803 66/1/CFE_TIME 20: Start FLYWHEEL
EVS Port1 1980-012-14:13:40.86741 66/1/CFE_SB 17: Msg Limit Err,MsgId 0x800,pipe AI_LEARNER_PIPE,sender CFE_ES
EVS Port1 1980-012-14:13:43.77586 66/1/AI_LEARNER 4: AI_LEARNER completed=5/5 mean=7849639.6us max=9348030.1us hal_peak=9382092 within_bounded=1
{"app":"AI_LEARNER","stage":"run","model":"smartcam","target":"aarch64-unknown-linux-gnu","attempted":5,"completed":5,"fail_input":0,"fail_invoke":0,"fail_output":0,"mean_us":7849639.59,"max_us":9348030.14,"last_us":9348030.14,"out0":0.85892,"out":[0.858921,0.111592,0.029487]}
{"app":"AI_LEARNER","stage":"mem","model":"smartcam","target":"aarch64-unknown-linux-gnu","completed":5,"hal_peak":9382092,"peak_within_bounded":true,"admitted_budget_bytes":511750848,"peak_within_admitted_budget":true,"admission_mode":"unconditional","hal_bytes_per_call_amortized":8900402.4,"process_rss_kb":25156,"process_rss_delta_init_kb":1740}
.EVS Port1 1980-012-14:13:44.00808 66/1/CFE_TIME 21: Stop FLYWHEEL
EVS Port1 1980-012-14:13:48.67208 66/1/CFE_SB 17: Msg Limit Err,MsgId 0x800,pipe AI_LEARNER_PIPE,sender CFE_ES
.EVS Port1 1980-012-14:13:51.12997 66/1/AI_LEARNER 4: AI_LEARNER completed=6/6 mean=7888135.3us max=9348030.1us hal_peak=9382092 within_bounded=1
{"app":"AI_LEARNER","stage":"run","model":"smartcam","target":"aarch64-unknown-linux-gnu","attempted":6,"completed":6,"fail_input":0,"fail_invoke":0,"fail_output":0,"mean_us":7888135.26,"max_us":9348030.14,"last_us":8080613.60,"out0":0.85892,"out":[0.858921,0.111592,0.029487]}
{"app":"AI_LEARNER","stage":"mem","model":"smartcam","target":"aarch64-unknown-linux-gnu","completed":6,"hal_peak":9382092,"peak_within_bounded":true,"admitted_budget_bytes":511750848,"peak_within_admitted_budget":true,"admission_mode":"unconditional","hal_bytes_per_call_amortized":8880332.0,"process_rss_kb":25156,"process_rss_delta_init_kb":1740}
EVS Port1 1980-012-14:13:53.00674 66/1/CFE_TIME 21: Stop FLYWHEEL
EVS Port1 1980-012-14:13:53.99905 66/1/CFE_TIME 20: Start FLYWHEEL
.EVS Port1 1980-012-14:13:56.01092 66/1/CFE_TIME 21: Stop FLYWHEEL
EVS Port1 1980-012-14:13:56.66264 66/1/CFE_SB 17: Msg Limit Err,MsgId 0x800,pipe AI_LEARNER_PIPE,sender CFE_ES
EVS Port1 1980-012-14:13:57.05255 66/1/CFE_TIME 20: Start FLYWHEEL
EVS Port1 1980-012-14:13:58.02319 66/1/CFE_TIME 21: Stop FLYWHEEL
EVS Port1 1980-012-14:13:58.99389 66/1/CFE_TIME 20: Start FLYWHEEL
EVS Port1 1980-012-14:14:00.66584 66/1/AI_LEARNER 4: AI_LEARNER completed=7/7 mean=8143126.6us max=9673074.4us hal_peak=9382092 within_bounded=1
{"app":"AI_LEARNER","stage":"run","model":"smartcam","target":"aarch64-unknown-linux-gnu","attempted":7,"completed":7,"fail_input":0,"fail_invoke":0,"fail_output":0,"mean_us":8143126.56,"max_us":9673074.38,"last_us":9673074.38,"out0":0.85892,"out":[0.858921,0.111592,0.029487]}
{"app":"AI_LEARNER","stage":"mem","model":"smartcam","target":"aarch64-unknown-linux-gnu","completed":7,"hal_peak":9382092,"peak_within_bounded":true,"admitted_budget_bytes":511750848,"peak_within_admitted_budget":true,"admission_mode":"unconditional","hal_bytes_per_call_amortized":8865996.0,"process_rss_kb":25156,"process_rss_delta_init_kb":1740}
EVS Port1 1980-012-14:14:00.67935 66/1/CFE_SB 17: Msg Limit Err,MsgId 0x800,pipe AI_LEARNER_PIPE,sender CFE_ES
.EVS Port1 1980-012-14:14:02.00827 66/1/CFE_TIME 21: Stop FLYWHEEL
EVS Port1 1980-012-14:14:03.81018 66/1/CFE_TIME 20: Start FLYWHEEL
EVS Port1 1980-012-14:14:06.45111 66/1/CFE_TIME 20: Start FLYWHEEL
.EVS Port1 1980-012-14:14:11.26223 66/1/CFE_SB 17: Msg Limit Err,MsgId 0x800,pipe AI_LEARNER_PIPE,sender CFE_ES
EVS Port1 1980-012-14:14:12.01036 66/1/CFE_TIME 21: Stop FLYWHEEL
.EVS Port1 1980-012-14:14:15.13293 66/1/CFE_SB 17: Msg Limit Err,MsgId 0x800,pipe AI_LEARNER_PIPE,sender CFE_ES
{"app":"AI_LEARNER","stage":"run","model":"smartcam","target":"aarch64-unknown-linux-gnu","attempted":8,"completed":8,"fail_input":0,"fail_invoke":0,"fail_output":0,"mean_us":9078456.21,"max_us":15625763.73,"last_us":15625763.73,"out0":0.85892,"out":[0.858921,0.111592,0.029487]}
EVS Port1 1980-012-14:14:15.48057 66/1/AI_LEARNER 4: AI_LEARNER completed=8/8 mean=9078456.2us max=15625763.7us hal_peak=9382092 within_bounded=1
{"app":"AI_LEARNER","stage":"mem","model":"smartcam","target":"aarch64-unknown-linux-gnu","completed":8,"hal_peak":9382092,"peak_within_bounded":true,"admitted_budget_bytes":511750848,"peak_within_admitted_budget":true,"admission_mode":"unconditional","hal_bytes_per_call_amortized":8855244.0,"process_rss_kb":25156,"process_rss_delta_init_kb":1740}
EVS Port1 1980-012-14:14:15.53939 66/1/CFE_TIME 20: Start FLYWHEEL
..EVS Port1 1980-012-14:14:26.01696 66/1/CFE_SB 17: Msg Limit Err,MsgId 0x800,pipe AI_LEARNER_PIPE,sender CFE_ES
.EVS Port1 1980-012-14:14:32.06211 66/1/CFE_SB 17: Msg Limit Err,MsgId 0x800,pipe AI_LEARNER_PIPE,sender CFE_ES
.EVS Port1 1980-012-14:14:40.80560 66/1/CFE_SB 17: Msg Limit Err,MsgId 0x800,pipe AI_LEARNER_PIPE,sender CFE_ES
{"app":"AI_LEARNER","stage":"run","model":"smartcam","target":"aarch64-unknown-linux-gnu","attempted":9,"completed":9,"fail_input":0,"fail_invoke":0,"fail_output":0,"mean_us":11046917.29,"max_us":26794605.97,"last_us":26794605.97,"out0":0.85892,"out":[0.858921,0.111592,0.029487]}
EVS Port1 1980-012-14:14:42.31788 66/1/AI_LEARNER 4: AI_LEARNER completed=9/9 mean=11046917.3us max=26794606.0us hal_peak=9382092 within_bounded=1
{"app":"AI_LEARNER","stage":"mem","model":"smartcam","target":"aarch64-unknown-linux-gnu","completed":9,"hal_peak":9382092,"peak_within_bounded":true,"admitted_budget_bytes":511750848,"peak_within_admitted_budget":true,"admission_mode":"unconditional","hal_bytes_per_call_amortized":8846881.3,"process_rss_kb":25156,"process_rss_delta_init_kb":1740}
..EVS Port1 1980-012-14:14:52.30776 66/1/CFE_SB 17: Msg Limit Err,MsgId 0x800,pipe AI_LEARNER_PIPE,sender CFE_ES
EVS Port1 1980-012-14:14:52.00912 66/1/CFE_TIME 21: Stop FLYWHEEL
EVS Port1 1980-012-14:14:55.01083 66/1/CFE_TIME 21: Stop FLYWHEEL
EVS Port1 1980-012-14:14:55.65599 66/1/CFE_SB 17: Msg Limit Err,MsgId 0x800,pipe AI_LEARNER_PIPE,sender CFE_ES
EVS Port1 1980-012-14:14:55.98904 66/1/AI_LEARNER 4: AI_LEARNER completed=10/10 mean=11374667.5us max=26794606.0us hal_peak=9382092 within_bounded=1
EVS Port1 1980-012-14:14:55.99177 66/1/CFE_TIME 20: Start FLYWHEEL
{"app":"AI_LEARNER","stage":"run","model":"smartcam","target":"aarch64-unknown-linux-gnu","attempted":10,"completed":10,"fail_input":0,"fail_invoke":0,"fail_output":0,"mean_us":11374667.54,"max_us":26794605.97,"last_us":14324419.78,"out0":0.85892,"out":[0.858921,0.111592,0.029487]}
{"app":"AI_LEARNER","stage":"mem","model":"smartcam","target":"aarch64-unknown-linux-gnu","completed":10,"hal_peak":9382092,"peak_within_bounded":true,"admitted_budget_bytes":511750848,"peak_within_admitted_budget":true,"admission_mode":"unconditional","hal_bytes_per_call_amortized":8840191.2,"process_rss_kb":25156,"process_rss_delta_init_kb":1740}
..EVS Port1 1980-012-14:15:03.65597 66/1/CFE_SB 17: Msg Limit Err,MsgId 0x800,pipe AI_LEARNER_PIPE,sender CFE_ES
{"app":"AI_LEARNER","stage":"run","model":"smartcam","target":"aarch64-unknown-linux-gnu","attempted":11,"completed":11,"fail_input":0,"fail_invoke":0,"fail_output":0,"mean_us":11051867.75,"max_us":26794605.97,"last_us":7823869.79,"out0":0.85892,"out":[0.858921,0.111592,0.029487]}
EVS Port1 1980-012-14:15:03.84318 66/1/AI_LEARNER 4: AI_LEARNER completed=11/11 mean=11051867.7us max=26794606.0us hal_peak=9382092 within_bounded=1
{"app":"AI_LEARNER","stage":"mem","model":"smartcam","target":"aarch64-unknown-linux-gnu","completed":11,"hal_peak":9382092,"peak_within_bounded":true,"admitted_budget_bytes":511750848,"peak_within_admitted_budget":true,"admission_mode":"unconditional","hal_bytes_per_call_amortized":8834717.5,"process_rss_kb":25156,"process_rss_delta_init_kb":1740}
EVS Port1 1980-012-14:15:08.00685 66/1/CFE_TIME 21: Stop FLYWHEEL
.EVS Port1 1980-012-14:15:09.16041 66/1/CFE_TIME 20: Start FLYWHEEL
EVS Port1 1980-012-14:15:10.00846 66/1/CFE_TIME 21: Stop FLYWHEEL
EVS Port1 1980-012-14:15:11.00785 66/1/CFE_TIME 20: Start FLYWHEEL
EVS Port1 1980-012-14:15:11.64624 66/1/CFE_SB 17: Msg Limit Err,MsgId 0x800,pipe AI_LEARNER_PIPE,sender CFE_ES
EVS Port1 1980-012-14:15:12.10771 66/1/AI_LEARNER 4: AI_LEARNER completed=12/12 mean=10840655.3us max=26794606.0us hal_peak=9382092 within_bounded=1
{"app":"AI_LEARNER","stage":"run","model":"smartcam","target":"aarch64-unknown-linux-gnu","attempted":12,"completed":12,"fail_input":0,"fail_invoke":0,"fail_output":0,"mean_us":10840655.26,"max_us":26794605.97,"last_us":8517317.94,"out0":0.85892,"out":[0.858921,0.111592,0.029487]}
{"app":"AI_LEARNER","stage":"mem","model":"smartcam","target":"aarch64-unknown-linux-gnu","completed":12,"hal_peak":9382092,"peak_within_bounded":true,"admitted_budget_bytes":511750848,"peak_within_admitted_budget":true,"admission_mode":"unconditional","hal_bytes_per_call_amortized":8830156.0,"process_rss_kb":25156,"process_rss_delta_init_kb":1740}
EVS Port1 1980-012-14:15:13.01356 66/1/CFE_TIME 21: Stop FLYWHEEL
EVS Port1 1980-012-14:15:13.99865 66/1/CFE_TIME 20: Start FLYWHEEL
.EVS Port1 1980-012-14:15:19.19978 66/1/AI_LEARNER 4: AI_LEARNER completed=13/13 mean=10555131.1us max=26794606.0us hal_peak=9382092 within_bounded=1
{"app":"AI_LEARNER","stage":"run","model":"smartcam","target":"aarch64-unknown-linux-gnu","attempted":13,"completed":13,"fail_input":0,"fail_invoke":0,"fail_output":0,"mean_us":10555131.12,"max_us":26794605.97,"last_us":7128841.41,"out0":0.85892,"out":[0.858921,0.111592,0.029487]}
{"app":"AI_LEARNER","stage":"mem","model":"smartcam","target":"aarch64-unknown-linux-gnu","completed":13,"hal_peak":9382092,"peak_within_bounded":true,"admitted_budget_bytes":511750848,"peak_within_admitted_budget":true,"admission_mode":"unconditional","hal_bytes_per_call_amortized":8826296.3,"process_rss_kb":25156,"process_rss_delta_init_kb":1740}
.EVS Port1 1980-012-14:15:23.65919 66/1/CFE_SB 17: Msg Limit Err,MsgId 0x800,pipe AI_LEARNER_PIPE,sender CFE_ES
.{"app":"AI_LEARNER","stage":"run","model":"smartcam","target":"aarch64-unknown-linux-gnu","attempted":14,"completed":14,"fail_input":0,"fail_invoke":0,"fail_output":0,"mean_us":10303080.75,"max_us":26794605.97,"last_us":7026426.02,"out0":0.85892,"out":[0.858921,0.111592,0.029487]}
EVS Port1 1980-012-14:15:26.22279 66/1/AI_LEARNER 4: AI_LEARNER completed=14/14 mean=10303080.8us max=26794606.0us hal_peak=9382092 within_bounded=1
{"app":"AI_LEARNER","stage":"mem","model":"smartcam","target":"aarch64-unknown-linux-gnu","completed":14,"hal_peak":9382092,"peak_within_bounded":true,"admitted_budget_bytes":511750848,"peak_within_admitted_budget":true,"admission_mode":"unconditional","hal_bytes_per_call_amortized":8822988.0,"process_rss_kb":25156,"process_rss_delta_init_kb":1740}
EVS Port1 1980-012-14:15:27.35833 66/1/HS 61: CPU Hogging Detected
1980-012-14:15:27.36528 HS App: CPU Hogging Detected
EVS Port1 1980-012-14:15:29.01008 66/1/CFE_TIME 21: Stop FLYWHEEL
EVS Port1 1980-012-14:15:29.99794 66/1/CFE_TIME 20: Start FLYWHEEL
EVS Port1 1980-012-14:15:31.69520 66/1/CFE_SB 17: Msg Limit Err,MsgId 0x800,pipe AI_LEARNER_PIPE,sender CFE_ES
EVS Port1 1980-012-14:15:32.00596 66/1/CFE_TIME 21: Stop FLYWHEEL
.EVS Port1 1980-012-14:15:33.00593 66/1/CFE_TIME 20: Start FLYWHEEL
EVS Port1 1980-012-14:15:33.51229 66/1/AI_LEARNER 4: AI_LEARNER completed=15/15 mean=10105029.2us max=26794606.0us hal_peak=9382092 within_bounded=1
{"app":"AI_LEARNER","stage":"run","model":"smartcam","target":"aarch64-unknown-linux-gnu","attempted":15,"completed":15,"fail_input":0,"fail_invoke":0,"fail_output":0,"mean_us":10105029.24,"max_us":26794605.97,"last_us":7332308.00,"out0":0.85892,"out":[0.858921,0.111592,0.029487]}
{"app":"AI_LEARNER","stage":"mem","model":"smartcam","target":"aarch64-unknown-linux-gnu","completed":15,"hal_peak":9382092,"peak_within_bounded":true,"admitted_budget_bytes":511750848,"peak_within_admitted_budget":true,"admission_mode":"unconditional","hal_bytes_per_call_amortized":8820120.8,"process_rss_kb":25156,"process_rss_delta_init_kb":1740}
EVS Port1 1980-012-14:15:35.02000 66/1/CFE_TIME 20: Start FLYWHEEL
EVS Port1 1980-012-14:15:35.00782 66/1/CFE_TIME 21: Stop FLYWHEEL
.EVS Port1 1980-012-14:15:39.00897 66/1/CFE_TIME 21: Stop FLYWHEEL
EVS Port1 1980-012-14:15:39.66798 66/1/CFE_SB 17: Msg Limit Err,MsgId 0x800,pipe AI_LEARNER_PIPE,sender CFE_ES
EVS Port1 1980-012-14:15:40.00602 66/1/CFE_TIME 20: Start FLYWHEEL
EVS Port1 1980-012-14:15:41.50541 66/1/AI_LEARNER 4: AI_LEARNER completed=16/16 mean=9978234.2us max=26794606.0us hal_peak=9382092 within_bounded=1
{"app":"AI_LEARNER","stage":"run","model":"smartcam","target":"aarch64-unknown-linux-gnu","attempted":16,"completed":16,"fail_input":0,"fail_invoke":0,"fail_output":0,"mean_us":9978234.21,"max_us":26794605.97,"last_us":8076308.82,"out0":0.85892,"out":[0.858921,0.111592,0.029487]}
{"app":"AI_LEARNER","stage":"mem","model":"smartcam","target":"aarch64-unknown-linux-gnu","completed":16,"hal_peak":9382092,"peak_within_bounded":true,"admitted_budget_bytes":511750848,"peak_within_admitted_budget":true,"admission_mode":"unconditional","hal_bytes_per_call_amortized":8817612.0,"process_rss_kb":25156,"process_rss_delta_init_kb":1740}
.{"app":"AI_LEARNER","stage":"run","model":"smartcam","target":"aarch64-unknown-linux-gnu","attempted":17,"completed":17,"fail_input":0,"fail_invoke":0,"fail_output":0,"mean_us":9885223.59,"max_us":26794605.97,"last_us":8397053.60,"out0":0.85892,"out":[0.858921,0.111592,0.029487]}
EVS Port1 1980-012-14:15:49.90806 66/1/AI_LEARNER 4: AI_LEARNER completed=17/17 mean=9885223.6us max=26794606.0us hal_peak=9382092 within_bounded=1
{"app":"AI_LEARNER","stage":"mem","model":"smartcam","target":"aarch64-unknown-linux-gnu","completed":17,"hal_peak":9382092,"peak_within_bounded":true,"admitted_budget_bytes":511750848,"peak_within_admitted_budget":true,"admission_mode":"unconditional","hal_bytes_per_call_amortized":8815398.4,"process_rss_kb":25156,"process_rss_delta_init_kb":1740}
..EVS Port1 1980-012-14:15:57.01008 66/1/CFE_TIME 21: Stop FLYWHEEL
EVS Port1 1980-012-14:15:58.00912 66/1/CFE_TIME 20: Start FLYWHEEL
EVS Port1 1980-012-14:15:58.11500 66/1/AI_LEARNER 4: AI_LEARNER completed=18/18 mean=9794572.5us max=26794606.0us hal_peak=9382092 within_bounded=1
{"app":"AI_LEARNER","stage":"run","model":"smartcam","target":"aarch64-unknown-linux-gnu","attempted":18,"completed":18,"fail_input":0,"fail_invoke":0,"fail_output":0,"mean_us":9794572.55,"max_us":26794605.97,"last_us":8253504.91,"out0":0.85892,"out":[0.858921,0.111592,0.029487]}
{"app":"AI_LEARNER","stage":"mem","model":"smartcam","target":"aarch64-unknown-linux-gnu","completed":18,"hal_peak":9382092,"peak_within_bounded":true,"admitted_budget_bytes":511750848,"peak_within_admitted_budget":true,"admission_mode":"unconditional","hal_bytes_per_call_amortized":8813430.7,"process_rss_kb":25156,"process_rss_delta_init_kb":1740}
EVS Port1 1980-012-14:16:00.02095 66/1/CFE_TIME 21: Stop FLYWHEEL
EVS Port1 1980-012-14:16:01.02102 66/1/CFE_TIME 20: Start FLYWHEEL
EVS Port1 1980-012-14:16:02.01155 66/1/CFE_TIME 21: Stop FLYWHEEL
.EVS Port1 1980-012-14:16:03.02754 66/1/CFE_TIME 20: Start FLYWHEEL
EVS Port1 1980-012-14:16:05.13436 66/1/CFE_TIME 20: Start FLYWHEEL
.EVS Port1 1980-012-14:16:10.02330 66/1/AI_LEARNER 4: AI_LEARNER completed=19/19 mean=9907562.6us max=26794606.0us hal_peak=9382092 within_bounded=1
{"app":"AI_LEARNER","stage":"run","model":"smartcam","target":"aarch64-unknown-linux-gnu","attempted":19,"completed":19,"fail_input":0,"fail_invoke":0,"fail_output":0,"mean_us":9907562.60,"max_us":26794605.97,"last_us":11941383.55,"out0":0.85892,"out":[0.858921,0.111592,0.029487]}
{"app":"AI_LEARNER","stage":"mem","model":"smartcam","target":"aarch64-unknown-linux-gnu","completed":19,"hal_peak":9382092,"peak_within_bounded":true,"admitted_budget_bytes":511750848,"peak_within_admitted_budget":true,"admission_mode":"unconditional","hal_bytes_per_call_amortized":8811670.1,"process_rss_kb":25156,"process_rss_delta_init_kb":1740}
.EVS Port1 1980-012-14:16:14.01196 66/1/CFE_TIME 21: Stop FLYWHEEL
EVS Port1 1980-012-14:16:17.01733 66/1/CFE_TIME 21: Stop FLYWHEEL
EVS Port1 1980-012-14:16:18.00431 66/1/CFE_TIME 20: Start FLYWHEEL
EVS Port1 1980-012-14:16:19.00608 66/1/CFE_TIME 21: Stop FLYWHEEL
.EVS Port1 1980-012-14:16:20.00434 66/1/CFE_TIME 20: Start FLYWHEEL
EVS Port1 1980-012-14:16:20.06790 66/1/AI_LEARNER 4: AI_LEARNER completed=20/20 mean=9941528.7us max=26794606.0us hal_peak=9382092 within_bounded=1
{"app":"AI_LEARNER","stage":"run","model":"smartcam","target":"aarch64-unknown-linux-gnu","attempted":20,"completed":20,"fail_input":0,"fail_invoke":0,"fail_output":0,"mean_us":9941528.68,"max_us":26794605.97,"last_us":10586884.19,"out0":0.85892,"out":[0.858921,0.111592,0.029487]}
{"app":"AI_LEARNER","stage":"mem","model":"smartcam","target":"aarch64-unknown-linux-gnu","completed":20,"hal_peak":9382092,"peak_within_bounded":true,"admitted_budget_bytes":511750848,"peak_within_admitted_budget":true,"admission_mode":"unconditional","hal_bytes_per_call_amortized":8810085.6,"process_rss_kb":25156,"process_rss_delta_init_kb":1740}
EVS Port1 1980-012-14:16:21.02587 66/1/CFE_TIME 21: Stop FLYWHEEL
EVS Port1 1980-012-14:16:22.04202 66/1/CFE_TIME 20: Start FLYWHEEL
EVS Port1 1980-012-14:16:27.37654 66/1/CFE_TIME 20: Start FLYWHEEL
..EVS Port1 1980-012-14:16:37.00825 66/1/CFE_TIME 21: Stop FLYWHEEL
EVS Port1 1980-012-14:16:39.11538 66/1/AI_LEARNER 4: AI_LEARNER completed=21/21 mean=10421009.5us max=26794606.0us hal_peak=9382092 within_bounded=1
{"app":"AI_LEARNER","stage":"run","model":"smartcam","target":"aarch64-unknown-linux-gnu","attempted":21,"completed":21,"fail_input":0,"fail_invoke":0,"fail_output":0,"mean_us":10421009.47,"max_us":26794605.97,"last_us":20010625.17,"out0":0.85892,"out":[0.858921,0.111592,0.029487]}
{"app":"AI_LEARNER","stage":"mem","model":"smartcam","target":"aarch64-unknown-linux-gnu","completed":21,"hal_peak":9382092,"peak_within_bounded":true,"admitted_budget_bytes":511750848,"peak_within_admitted_budget":true,"admission_mode":"unconditional","hal_bytes_per_call_amortized":8808652.0,"process_rss_kb":25156,"process_rss_delta_init_kb":1740}
.EVS Port1 1980-012-14:16:40.21443 66/1/CFE_TIME 20: Start FLYWHEEL
EVS Port1 1980-012-14:16:41.01713 66/1/CFE_TIME 21: Stop FLYWHEEL
EVS Port1 1980-012-14:16:44.39859 66/1/CFE_TIME 20: Start FLYWHEEL
..EVS Port1 1980-012-14:16:56.27163 66/1/AI_LEARNER 4: AI_LEARNER completed=22/22 mean=10736765.6us max=26794606.0us hal_peak=9382092 within_bounded=1
{"app":"AI_LEARNER","stage":"run","model":"smartcam","target":"aarch64-unknown-linux-gnu","attempted":22,"completed":22,"fail_input":0,"fail_invoke":0,"fail_output":0,"mean_us":10736765.62,"max_us":26794605.97,"last_us":17367644.75,"out0":0.85892,"out":[0.858921,0.111592,0.029487]}
{"app":"AI_LEARNER","stage":"mem","model":"smartcam","target":"aarch64-unknown-linux-gnu","completed":22,"hal_peak":9382092,"peak_within_bounded":true,"admitted_budget_bytes":511750848,"peak_within_admitted_budget":true,"admission_mode":"unconditional","hal_bytes_per_call_amortized":8807348.7,"process_rss_kb":25156,"process_rss_delta_init_kb":1740}
...EVS Port1 1980-012-14:17:15.94232 66/1/AI_LEARNER 4: AI_LEARNER completed=23/23 mean=11124482.5us max=26794606.0us hal_peak=9382092 within_bounded=1
{"app":"AI_LEARNER","stage":"run","model":"smartcam","target":"aarch64-unknown-linux-gnu","attempted":23,"completed":23,"fail_input":0,"fail_invoke":0,"fail_output":0,"mean_us":11124482.54,"max_us":26794605.97,"last_us":19654254.88,"out0":0.85892,"out":[0.858921,0.111592,0.029487]}
{"app":"AI_LEARNER","stage":"mem","model":"smartcam","target":"aarch64-unknown-linux-gnu","completed":23,"hal_peak":9382092,"peak_within_bounded":true,"admitted_budget_bytes":511750848,"peak_within_admitted_budget":true,"admission_mode":"unconditional","hal_bytes_per_call_amortized":8806158.8,"process_rss_kb":25156,"process_rss_delta_init_kb":1740}
.EVS Port1 1980-012-14:17:16.00694 66/1/CFE_TIME 21: Stop FLYWHEEL
EVS Port1 1980-012-14:17:21.09437 66/1/CFE_TIME 21: Stop FLYWHEEL
.EVS Port1 1980-012-14:17:21.99630 66/1/CFE_TIME 20: Start FLYWHEEL
EVS Port1 1980-012-14:17:25.69065 66/1/AI_LEARNER 4: AI_LEARNER completed=24/24 mean=11103405.8us max=26794606.0us hal_peak=9382092 within_bounded=1
{"app":"AI_LEARNER","stage":"run","model":"smartcam","target":"aarch64-unknown-linux-gnu","attempted":24,"completed":24,"fail_input":0,"fail_invoke":0,"fail_output":0,"mean_us":11103405.81,"max_us":26794605.97,"last_us":10618641.10,"out0":0.85892,"out":[0.858921,0.111592,0.029487]}
{"app":"AI_LEARNER","stage":"mem","model":"smartcam","target":"aarch64-unknown-linux-gnu","completed":24,"hal_peak":9382092,"peak_within_bounded":true,"admitted_budget_bytes":511750848,"peak_within_admitted_budget":true,"admission_mode":"unconditional","hal_bytes_per_call_amortized":8805068.0,"process_rss_kb":25156,"process_rss_delta_init_kb":1740}
.EVS Port1 1980-012-14:17:28.01029 66/1/CFE_TIME 21: Stop FLYWHEEL
EVS Port1 1980-012-14:17:29.00599 66/1/CFE_TIME 20: Start FLYWHEEL
EVS Port1 1980-012-14:17:31.00874 66/1/CFE_TIME 20: Start FLYWHEEL
EVS Port1 1980-012-14:17:31.00440 66/1/CFE_TIME 21: Stop FLYWHEEL
.EVS Port1 1980-012-14:17:34.02374 66/1/AI_LEARNER 4: AI_LEARNER completed=25/25 mean=10997381.1us max=26794606.0us hal_peak=9382092 within_bounded=1
{"app":"AI_LEARNER","stage":"run","model":"smartcam","target":"aarch64-unknown-linux-gnu","attempted":25,"completed":25,"fail_input":0,"fail_invoke":0,"fail_output":0,"mean_us":10997381.07,"max_us":26794605.97,"last_us":8452787.31,"out0":0.85892,"out":[0.858921,0.111592,0.029487]}
{"app":"AI_LEARNER","stage":"mem","model":"smartcam","target":"aarch64-unknown-linux-gnu","completed":25,"hal_peak":9382092,"peak_within_bounded":true,"admitted_budget_bytes":511750848,"peak_within_admitted_budget":true,"admission_mode":"unconditional","hal_bytes_per_call_amortized":8804064.5,"process_rss_kb":25156,"process_rss_delta_init_kb":1740}
EVS Port1 1980-012-14:17:38.09902 66/1/CFE_TIME 20: Start FLYWHEEL
EVS Port1 1980-012-14:17:38.01110 66/1/CFE_TIME 21: Stop FLYWHEEL
.EVS Port1 1980-012-14:17:42.74392 66/1/AI_LEARNER 4: AI_LEARNER completed=26/26 mean=10912692.6us max=26794606.0us hal_peak=9382092 within_bounded=1
{"app":"AI_LEARNER","stage":"run","model":"smartcam","target":"aarch64-unknown-linux-gnu","attempted":26,"completed":26,"fail_input":0,"fail_invoke":0,"fail_output":0,"mean_us":10912692.58,"max_us":26794605.97,"last_us":8795480.24,"out0":0.85892,"out":[0.858921,0.111592,0.029487]}
{"app":"AI_LEARNER","stage":"mem","model":"smartcam","target":"aarch64-unknown-linux-gnu","completed":26,"hal_peak":9382092,"peak_within_bounded":true,"admitted_budget_bytes":511750848,"peak_within_admitted_budget":true,"admission_mode":"unconditional","hal_bytes_per_call_amortized":8803138.2,"process_rss_kb":25156,"process_rss_delta_init_kb":1740}
.EVS Port1 1980-012-14:17:50.93106 66/1/AI_LEARNER 4: AI_LEARNER completed=27/27 mean=10811710.2us max=26794606.0us hal_peak=9382092 within_bounded=1
{"app":"AI_LEARNER","stage":"run","model":"smartcam","target":"aarch64-unknown-linux-gnu","attempted":27,"completed":27,"fail_input":0,"fail_invoke":0,"fail_output":0,"mean_us":10811710.16,"max_us":26794605.97,"last_us":8186167.18,"out0":0.85892,"out":[0.858921,0.111592,0.029487]}
{"app":"AI_LEARNER","stage":"mem","model":"smartcam","target":"aarch64-unknown-linux-gnu","completed":27,"hal_peak":9382092,"peak_within_bounded":true,"admitted_budget_bytes":511750848,"peak_within_admitted_budget":true,"admission_mode":"unconditional","hal_bytes_per_call_amortized":8802280.4,"process_rss_kb":25156,"process_rss_delta_init_kb":1740}
..EVS Port1 1980-012-14:17:58.97848 66/1/AI_LEARNER 4: AI_LEARNER completed=28/28 mean=10712047.0us max=26794606.0us hal_peak=9382092 within_bounded=1
{"app":"AI_LEARNER","stage":"run","model":"smartcam","target":"aarch64-unknown-linux-gnu","attempted":28,"completed":28,"fail_input":0,"fail_invoke":0,"fail_output":0,"mean_us":10712046.96,"max_us":26794605.97,"last_us":8021140.72,"out0":0.85892,"out":[0.858921,0.111592,0.029487]}
{"app":"AI_LEARNER","stage":"mem","model":"smartcam","target":"aarch64-unknown-linux-gnu","completed":28,"hal_peak":9382092,"peak_within_bounded":true,"admitted_budget_bytes":511750848,"peak_within_admitted_budget":true,"admission_mode":"unconditional","hal_bytes_per_call_amortized":8801484.0,"process_rss_kb":25156,"process_rss_delta_init_kb":1740}
EVS Port1 1980-012-14:18:02.00717 66/1/CFE_TIME 20: Start FLYWHEEL
EVS Port1 1980-012-14:18:02.00634 66/1/CFE_TIME 21: Stop FLYWHEEL
.{"app":"AI_LEARNER","stage":"run","model":"smartcam","target":"aarch64-unknown-linux-gnu","attempted":29,"completed":29,"fail_input":0,"fail_invoke":0,"fail_output":0,"mean_us":10617813.80,"max_us":26794605.97,"last_us":7979285.20,"out0":0.85892,"out":[0.858921,0.111592,0.029487]}
EVS Port1 1980-012-14:18:06.96359 66/1/AI_LEARNER 4: AI_LEARNER completed=29/29 mean=10617813.8us max=26794606.0us hal_peak=9382092 within_bounded=1
{"app":"AI_LEARNER","stage":"mem","model":"smartcam","target":"aarch64-unknown-linux-gnu","completed":29,"hal_peak":9382092,"peak_within_bounded":true,"admitted_budget_bytes":511750848,"peak_within_admitted_budget":true,"admission_mode":"unconditional","hal_bytes_per_call_amortized":8800742.5,"process_rss_kb":25156,"process_rss_delta_init_kb":1740}
EVS Port1 1980-012-14:18:07.00550 66/1/CFE_TIME 21: Stop FLYWHEEL
EVS Port1 1980-012-14:18:07.99507 66/1/CFE_TIME 20: Start FLYWHEEL
.EVS Port1 1980-012-14:18:12.03959 66/1/CFE_TIME 21: Stop FLYWHEEL
EVS Port1 1980-012-14:18:12.98822 66/1/CFE_TIME 20: Start FLYWHEEL
.EVS Port1 1980-012-14:18:16.42236 66/1/AI_LEARNER 4: AI_LEARNER completed=30/30 mean=10581708.0us max=26794606.0us hal_peak=9382092 within_bounded=1
{"app":"AI_LEARNER","stage":"run","model":"smartcam","target":"aarch64-unknown-linux-gnu","attempted":30,"completed":30,"fail_input":0,"fail_invoke":0,"fail_output":0,"mean_us":10581708.00,"max_us":26794605.97,"last_us":9534639.81,"out0":0.85892,"out":[0.858921,0.111592,0.029487]}
{"app":"AI_LEARNER","stage":"mem","model":"smartcam","target":"aarch64-unknown-linux-gnu","completed":30,"hal_peak":9382092,"peak_within_bounded":true,"admitted_budget_bytes":511750848,"peak_within_admitted_budget":true,"admission_mode":"unconditional","hal_bytes_per_call_amortized":8800050.4,"process_rss_kb":25156,"process_rss_delta_init_kb":1740}
EVS Port1 1980-012-14:18:20.12413 66/1/CFE_TIME 20: Start FLYWHEEL
.EVS Port1 1980-012-14:18:27.00828 66/1/CFE_TIME 21: Stop FLYWHEEL
.EVS Port1 1980-012-14:18:28.17593 66/1/AI_LEARNER 4: AI_LEARNER completed=31/31 mean=10621537.3us max=26794606.0us hal_peak=9382092 within_bounded=1
{"app":"AI_LEARNER","stage":"run","model":"smartcam","target":"aarch64-unknown-linux-gnu","attempted":31,"completed":31,"fail_input":0,"fail_invoke":0,"fail_output":0,"mean_us":10621537.32,"max_us":26794605.97,"last_us":11816417.06,"out0":0.85892,"out":[0.858921,0.111592,0.029487]}
{"app":"AI_LEARNER","stage":"mem","model":"smartcam","target":"aarch64-unknown-linux-gnu","completed":31,"hal_peak":9382092,"peak_within_bounded":true,"admitted_budget_bytes":511750848,"peak_within_admitted_budget":true,"admission_mode":"unconditional","hal_bytes_per_call_amortized":8799403.0,"process_rss_kb":25156,"process_rss_delta_init_kb":1740}
EVS Port1 1980-012-14:18:31.46229 66/1/CFE_TIME 20: Start FLYWHEEL
...EVS Port1 1980-012-14:18:46.15653 66/1/AI_LEARNER 4: AI_LEARNER completed=32/32 mean=10850840.6us max=26794606.0us hal_peak=9382092 within_bounded=1
{"app":"AI_LEARNER","stage":"run","model":"smartcam","target":"aarch64-unknown-linux-gnu","attempted":32,"completed":32,"fail_input":0,"fail_invoke":0,"fail_output":0,"mean_us":10850840.56,"max_us":26794605.97,"last_us":17959240.85,"out0":0.85892,"out":[0.858921,0.111592,0.029487]}
{"app":"AI_LEARNER","stage":"mem","model":"smartcam","target":"aarch64-unknown-linux-gnu","completed":32,"hal_peak":9382092,"peak_within_bounded":true,"admitted_budget_bytes":511750848,"peak_within_admitted_budget":true,"admission_mode":"unconditional","hal_bytes_per_call_amortized":8798796.0,"process_rss_kb":25156,"process_rss_delta_init_kb":1740}
...EVS Port1 1980-012-14:19:10.06475 66/1/AI_LEARNER 4: AI_LEARNER completed=33/33 mean=11245594.2us max=26794606.0us hal_peak=9382092 within_bounded=1
{"app":"AI_LEARNER","stage":"run","model":"smartcam","target":"aarch64-unknown-linux-gnu","attempted":33,"completed":33,"fail_input":0,"fail_invoke":0,"fail_output":0,"mean_us":11245594.19,"max_us":26794605.97,"last_us":23877710.38,"out0":0.85892,"out":[0.858921,0.111592,0.029487]}
{"app":"AI_LEARNER","stage":"mem","model":"smartcam","target":"aarch64-unknown-linux-gnu","completed":33,"hal_peak":9382092,"peak_within_bounded":true,"admitted_budget_bytes":511750848,"peak_within_admitted_budget":true,"admission_mode":"unconditional","hal_bytes_per_call_amortized":8798225.8,"process_rss_kb":25156,"process_rss_delta_init_kb":1740}
..EVS Port1 1980-012-14:19:21.00976 66/1/CFE_TIME 21: Stop FLYWHEEL
.EVS Port1 1980-012-14:19:22.95918 66/1/AI_LEARNER 4: AI_LEARNER completed=34/34 mean=11305737.3us max=26794606.0us hal_peak=9382092 within_bounded=1
{"app":"AI_LEARNER","stage":"run","model":"smartcam","target":"aarch64-unknown-linux-gnu","attempted":34,"completed":34,"fail_input":0,"fail_invoke":0,"fail_output":0,"mean_us":11305737.30,"max_us":26794605.97,"last_us":13290460.08,"out0":0.85892,"out":[0.858921,0.111592,0.029487]}
{"app":"AI_LEARNER","stage":"mem","model":"smartcam","target":"aarch64-unknown-linux-gnu","completed":34,"hal_peak":9382092,"peak_within_bounded":true,"admitted_budget_bytes":511750848,"peak_within_admitted_budget":true,"admission_mode":"unconditional","hal_bytes_per_call_amortized":8797689.2,"process_rss_kb":25156,"process_rss_delta_init_kb":1740}
EVS Port1 1980-012-14:19:24.00932 66/1/CFE_TIME 21: Stop FLYWHEEL
EVS Port1 1980-012-14:19:24.99862 66/1/CFE_TIME 20: Start FLYWHEEL
.EVS Port1 1980-012-14:19:31.21067 66/1/CFE_TIME 20: Start FLYWHEEL
EVS Port1 1980-012-14:19:31.53990 66/1/AI_LEARNER 4: AI_LEARNER completed=35/35 mean=11229020.5us max=26794606.0us hal_peak=9382092 within_bounded=1
{"app":"AI_LEARNER","stage":"run","model":"smartcam","target":"aarch64-unknown-linux-gnu","attempted":35,"completed":35,"fail_input":0,"fail_invoke":0,"fail_output":0,"mean_us":11229020.49,"max_us":26794605.97,"last_us":8620648.93,"out0":0.85892,"out":[0.858921,0.111592,0.029487]}
{"app":"AI_LEARNER","stage":"mem","model":"smartcam","target":"aarch64-unknown-linux-gnu","completed":35,"hal_peak":9382092,"peak_within_bounded":true,"admitted_budget_bytes":511750848,"peak_within_admitted_budget":true,"admission_mode":"unconditional","hal_bytes_per_call_amortized":8797183.2,"process_rss_kb":25156,"process_rss_delta_init_kb":1740}
EVS Port1 1980-012-14:19:32.02264 66/1/CFE_TIME 21: Stop FLYWHEEL
.EVS Port1 1980-012-14:19:35.25146 66/1/CFE_TIME 20: Start FLYWHEEL
EVS Port1 1980-012-14:19:37.00701 66/1/CFE_TIME 21: Stop FLYWHEEL
EVS Port1 1980-012-14:19:39.50485 66/1/AI_LEARNER 4: AI_LEARNER completed=36/36 mean=11155905.1us max=26794606.0us hal_peak=9382092 within_bounded=1
{"app":"AI_LEARNER","stage":"run","model":"smartcam","target":"aarch64-unknown-linux-gnu","attempted":36,"completed":36,"fail_input":0,"fail_invoke":0,"fail_output":0,"mean_us":11155905.08,"max_us":26794605.97,"last_us":8596865.54,"out0":0.85892,"out":[0.858921,0.111592,0.029487]}
{"app":"AI_LEARNER","stage":"mem","model":"smartcam","target":"aarch64-unknown-linux-gnu","completed":36,"hal_peak":9382092,"peak_within_bounded":true,"admitted_budget_bytes":511750848,"peak_within_admitted_budget":true,"admission_mode":"unconditional","hal_bytes_per_call_amortized":8796705.3,"process_rss_kb":25156,"process_rss_delta_init_kb":1740}
..EVS Port1 1980-012-14:19:47.29531 66/1/AI_LEARNER 4: AI_LEARNER completed=37/37 mean=11064700.6us max=26794606.0us hal_peak=9382092 within_bounded=1
{"app":"AI_LEARNER","stage":"run","model":"smartcam","target":"aarch64-unknown-linux-gnu","attempted":37,"completed":37,"fail_input":0,"fail_invoke":0,"fail_output":0,"mean_us":11064700.55,"max_us":26794605.97,"last_us":7781337.63,"out0":0.85892,"out":[0.858921,0.111592,0.029487]}
{"app":"AI_LEARNER","stage":"mem","model":"smartcam","target":"aarch64-unknown-linux-gnu","completed":37,"hal_peak":9382092,"peak_within_bounded":true,"admitted_budget_bytes":511750848,"peak_within_admitted_budget":true,"admission_mode":"unconditional","hal_bytes_per_call_amortized":8796253.3,"process_rss_kb":25156,"process_rss_delta_init_kb":1740}
EVS Port1 1980-012-14:19:48.01359 66/1/CFE_TIME 21: Stop FLYWHEEL
EVS Port1 1980-012-14:19:49.01435 66/1/CFE_TIME 20: Start FLYWHEEL
1980-012-14:19:50.01812 CFE_ES_RunExceptionScan: ExceptionID 0x1110004 in TaskID 0: Caught SIGINT
1980-012-14:19:50.02191 CFE_ES_RunExceptionScan: Maximum Processor Reset count reached (2)
CFE_PSP: Exiting cFE with POWERON Reset status.
EVS Port1 1980-012-14:19:50.01223 66/1/CFE_TIME 21: Stop FLYWHEEL
CFE_PSP: Critical Data Store Shared memory segment removed
Reset Area Shared memory segment removed
User Reserved Area Shared memory segment removed

CFE_PSP: Shutdown initiated - Exiting cFE
CI delete callback -- Closing CI Network socket.
TO delete callback -- Closing TO Network socket.
.EVS Port1 1980-012-14:19:53.37590 66/1/AI_LEARNER 4: AI_LEARNER completed=38/38 mean=10934149.2us max=26794606.0us hal_peak=9382092 within_bounded=1
EXIT=124
