OS_BSP_Initialize():Maximum user msg queue depth = 512
CFE_PSP: Default Reset SubType = 1
CFE_PSP: Default CPU ID = 1
CFE_PSP: Default Spacecraft ID = 66
CFE_PSP: Default CPU Name: cpu1
OS_Posix_GetSchedulerParams():208:Policy 1: available, min-max: 1-99
OS_Posix_GetSchedulerParams():208:Policy 2: available, min-max: 1-99
OS_Posix_TaskAPI_Impl_Init():401:Selected policy 2 for RT tasks, root task = 99
OS_Posix_TaskAPI_Impl_Init():419:Could not setschedparam in main thread: Operation not permitted (1)
CFE_PSP: initializing module 'soft_timebase' with ID 0110ff00
CFE_PSP: Instantiated software timebase 'cFS-Master' running at 10000 usec
CFE_PSP: initializing module 'timebase_posix_clock' with ID 0110ff01
CFE_PSP: Using POSIX monotonic clock as CFE timebase
CFE_PSP: initializing module 'eeprom_mmap_file' with ID 0110ff02
CFE_PSP: Using MMAP simulated EEPROM implementation
CFE_PSP: initializing module 'port_notimpl' with ID 0110ff03
CFE_PSP: EEPROM Range (2) created: Start Address = F059B25EE000, Size = 00080000 Status = 0
CFE_PSP: I/O Port access not implemented
CFE_PSP: initializing module 'iodriver' with ID 0110ff04
CFE_PSP: initializing module 'linux_sysmon' with ID 0110ff05
CFE_PSP: initializing module 'endian_api' with ID 0110ff06
CFE_PSP: Host CPU Endian=LITTLE
CFE_PSP: initializing module 'ram_notimpl' with ID 0110ff07
CFE_PSP: Physical RAM access not implemented
CFE_PSP: Starting the cFE with a POWER ON reset.
CFE_PSP: Clearing out CFE CDS Shared memory segment.
CFE_PSP: Clearing out CFE Reset Shared memory segment.
CFE_PSP: Clearing out CFE User Reserved Shared memory segment.
1980-001-01:15:34.61165 CFE_ES_SetupResetVariables: POWER ON RESET due to Power Cycle (Power Cycle).
1980-001-01:15:34.62342 CFE_ES_Main: CFE_ES_Main in EARLY_INIT state
Number of addresses returned by backtrace = 1
CFE_PSP: CFE_PSP_AttachExceptions called
1980-001-01:15:34.64672 CFE_ES_Main: CFE_ES_Main entering CORE_STARTUP state
1980-001-01:15:34.64700 CFE_ES_CreateObjects: Starting Object Creation calls.
1980-001-01:15:34.64747 CFE_ES_CreateObjects: Calling EarlyInit for CFE_CONFIG
1980-001-01:15:34.65051 CFE_ES_CreateObjects: Calling EarlyInit for CFE_ES
1980-001-01:15:34.65639 CFE_ES_CreateObjects: Calling EarlyInit for CFE_EVS
1980-001-01:15:34.65786 CFE_EVS_EarlyInit: Event Log cleared following power-on reset
1980-001-01:15:34.65907 CFE_ES_CreateObjects: Calling EarlyInit for CFE_FS
1980-001-01:15:34.66068 CFE_ES_CreateObjects: Calling EarlyInit for CFE_SB
1980-001-01:15:34.68139 CFE_ES_CreateObjects: Calling EarlyInit for CFE_TBL
1980-001-01:15:34.70377 CFE_ES_CreateObjects: Calling EarlyInit for CFE_TIME
EVS Port1 1980-012-14:03:20.07461 66/1/CFE_ES 1: cFE ES Initialized: CFE_ES v7.0.1+dev1 (Draco) DEV BUILD, based on v7.0.1, EDS disabled
EVS Port1 1980-012-14:03:20.08015 66/1/CFE_ES 2: cFS Versions: cfe v7.0.1+dev1, osal v7.0.1+dev1, psp v7.0.1+dev1. cFE chksm 31659
EVS Port1 1980-012-14:03:20.08262 66/1/CFE_ES 91: Version Info: Mission SampleMission, version git:v7.0.1-90-g78c23b0-dirty
EVS Port1 1980-012-14:03:20.08325 66/1/CFE_ES 91: Version Info: Module CORE_API, version git:2612eb0
EVS Port1 1980-012-14:03:20.08377 66/1/CFE_ES 91: Version Info: Module CONFIG, version git:2612eb0
EVS Port1 1980-012-14:03:20.08398 66/1/CFE_ES 91: Version Info: Module ES, version git:2612eb0
EVS Port1 1980-012-14:03:20.08514 66/1/CFE_ES 91: Version Info: Module EVS, version git:2612eb0
EVS Port1 1980-012-14:03:20.08688 66/1/CFE_ES 91: Version Info: Module FS, version git:2612eb0
EVS Port1 1980-012-14:03:20.08717 66/1/CFE_ES 91: Version Info: Module SB, version git:2612eb0
EVS Port1 1980-012-14:03:20.08743 66/1/CFE_ES 91: Version Info: Module TBL, version git:2612eb0
EVS Port1 1980-012-14:03:20.08901 66/1/CFE_ES 91: Version Info: Module TIME, version git:2612eb0
EVS Port1 1980-012-14:03:20.09053 66/1/CFE_ES 91: Version Info: Module OSAL, version git:8111e4a
EVS Port1 1980-012-14:03:20.09092 66/1/CFE_ES 91: Version Info: Module PSP, version git:d1da809
EVS Port1 1980-012-14:03:20.09115 66/1/CFE_ES 91: Version Info: Module MSG, version git:2612eb0
EVS Port1 1980-012-14:03:20.09278 66/1/CFE_ES 91: Version Info: Module SBR, version git:2612eb0
EVS Port1 1980-012-14:03:20.09307 66/1/CFE_ES 91: Version Info: Module RESOURCEID, version git:2612eb0
EVS Port1 1980-012-14:03:20.09480 66/1/CFE_ES 92: Build 202609140214 by root@vm, config aarch64
EVS Port1 1980-012-14:03:20.16645 66/1/CFE_EVS 1: cFE EVS Initialized: CFE_EVS v7.0.1+dev1 (Draco) DEV BUILD, based on v7.0.1, EDS disabled
1980-012-14:03:20.27105 CFE_SB_AppInit: Registered 4 events for filtering
EVS Port1 1980-012-14:03:20.27450 66/1/CFE_SB 1: cFE SB Initialized: CFE_SB v7.0.1+dev1 (Draco) DEV BUILD, based on v7.0.1, EDS disabled
EVS Port1 1980-012-14:03:20.27499 66/1/CFE_SB 14: No subscribers for MsgId 0x808,sender CFE_SB
EVS Port1 1980-012-14:03:20.37792 66/1/CFE_TBL 1: cFE TBL Initialized: CFE_TBL v7.0.1+dev1 (Draco) DEV BUILD, based on v7.0.1, EDS disabled
EVS Port1 1980-012-14:03:20.37960 66/1/CFE_SB 14: No subscribers for MsgId 0x808,sender CFE_TBL
EVS Port1 1980-012-14:03:20.49368 66/1/CFE_TIME 1: cFE TIME Initialized: CFE_TIME v7.0.1+dev1 (Draco) DEV BUILD, based on v7.0.1, EDS disabled
EVS Port1 1980-012-14:03:20.49407 66/1/CFE_SB 14: No subscribers for MsgId 0x808,sender CFE_TIME
1980-012-14:03:20.52875 CFE_ES_CreateObjects: Finished ES CreateObject table entries.
1980-012-14:03:20.52947 CFE_ES_Main: CFE_ES_Main entering CORE_READY state
1980-012-14:03:20.53575 CFE_ES_OpenStartupScript: Opened ES App Startup file: /cf/cfe_es_startup.scr
1980-012-14:03:20.56879 CFE_ES_ParseFileEntry: Loading shared library: /cf/cfe_assert.so
1980-012-14:03:20.58349 [BEGIN] CFE FUNCTIONAL TEST
1980-012-14:03:20.58419 [BEGIN] 01 CFE-STARTUP
1980-012-14:03:20.61187 CFE_ES_ParseFileEntry: Loading shared library: /cf/sample_lib.so
SAMPLE Lib Initialized.Sample Lib v7.0.0+dev1 (Draco) DEV BUILD, based on v7.0.1, EDS disabled
1980-012-14:03:20.64999 CFE_ES_ParseFileEntry: Loading file: /cf/sch_lab.so, APP: SCH_LAB
1980-012-14:03:20.68909 CFE_ES_ParseFileEntry: Loading file: /cf/ci_lab.so, APP: CI_LAB
1980-012-14:03:20.74366 CFE_ES_ParseFileEntry: Loading file: /cf/to_lab.so, APP: TO_LAB
SCH Lab Initialized.SCH Lab v7.0.1+dev1 (Draco) DEV BUILD, based on v7.0.1, EDS disabled
1980-012-14:03:20.85478 CFE_ES_ParseFileEntry: Loading file: /cf/sample_app.so, APP: SAMPLE_APP
EVS Port1 1980-012-14:03:20.86279 66/1/TO_LAB 1: TO Lab Initialized.TO Lab v7.0.1+dev1 (Draco) DEV BUILD, based on v7.0.1, EDS disabled, Awaiting enable command.
EVS Port1 1980-012-14:03:20.86680 66/1/CFE_SB 14: No subscribers for MsgId 0x808,sender TO_LAB
1980-012-14:03:20.87763 CI_LAB listening on UDP port: 1234
EVS Port1 1980-012-14:03:20.87802 66/1/CI_LAB 3: CI Lab Initialized.CI Lab App v7.0.1+dev1 (Draco) DEV BUILD, based on v7.0.1, EDS disabled
1980-012-14:03:20.91169 CFE_ES_ParseFileEntry: Loading file: /cf/ai_learner.so, APP: AI_LEARNER
EVS Port1 1980-012-14:03:20.95166 66/1/SAMPLE_APP 1: Sample App Initialized.Sample App v7.0.0+dev1 (Draco) DEV BUILD, based on v7.0.1, EDS disabled
1980-012-14:03:20.96118 CFE_ES_ParseFileEntry: Loading file: /cf/lc.so, APP: LC
{"app":"AI_LEARNER","stage":"build_config","model":"smartcam","allow_conditional_map":1,"contract_bounded_bytes":18222796,"contract_per_call_bytes":9382092,"contract_const_bytes":8840704,"contract_bound_known":true,"contract_artifact_sha256":"ecffe6e0bcbadf51c8482c73ab147e91fa857927d1183955e03a3257041c78f1"}
{"app":"AI_LEARNER","stage":"stack","es_stack_size":264063,"stack_base_bytes":262144,"contract_kernel_stack_bytes":1919,"kernel_stack_accounted":true}
{"app":"AI_LEARNER","stage":"admission","verdict":"ADMIT_CONDITIONAL_MAP","model":"smartcam","target":"aarch64-unknown-linux-gnu","bounded":18222796,"budget":9382092,"budget_source":"override","per_call":9382092,"constants":8840704,"kernel_stack_bytes":1919,"bound_known":true,"scope":"per_app_local_budget"}
EVS Port1 1980-012-14:03:20.99603 66/1/AI_LEARNER 8: AI_LEARNER stack: es=264063 base=262144 kernel=1919 accounted=1
1980-012-14:03:21.00511 CFE_ES_ParseFileEntry: Loading file: /cf/cf.so, APP: CF
EVS Port1 1980-012-14:03:21.05314 66/1/LC 56: WDT verify results: good = 0, bad = 0, unused = 176
EVS Port1 1980-012-14:03:21.07197 66/1/LC 66: ADT verify results: good = 0, bad = 0, unused = 176
EVS Port1 1980-012-14:03:21.07810 66/1/LC 23: LC use of Critical Data Store disabled, activity mask = 0x00991990
EVS Port1 1980-012-14:03:21.08154 66/1/LC 2: LC Initialized. Version 7.0.1.255
1980-012-14:03:21.10563 CFE_ES_ParseFileEntry: Loading file: /cf/ds.so, APP: DS
EVS Port1 1980-012-14:03:21.16700 66/1/CF 20: CF Initialized. Version 7.0.1.255
1980-012-14:03:21.21179 CFE_ES_ParseFileEntry: Loading file: /cf/fm.so, APP: FM
EVS Port1 1980-012-14:03:21.23005 66/1/DS 10: Destination file table verify results: good entries = 6, bad = 0, unused = 10
EVS Port1 1980-012-14:03:21.26597 66/1/DS 12: Filter table verify results: good entries = 14, bad = 0, unused = 242
EVS Port1 1980-012-14:03:21.30610 66/1/DS 1: Application initialized, version 7.0.1.255, data at 0xf059b1540460
EVS Port1 1980-012-14:03:21.33683 66/1/FM 80: Free Space Table verify results: good entries = 3, bad = 0, unused = 5
1980-012-14:03:21.36082 CFE_ES_ParseFileEntry: Loading file: /cf/hk.so, APP: HK
EVS Port1 1980-012-14:03:21.36242 66/1/FM 1: Initialization complete: version 7.0.1.255
EVS Port1 1980-012-14:03:21.41694 66/1/FM 72: Child Task initialization complete
1980-012-14:03:21.44309 CFE_ES_ParseFileEntry: Loading file: /cf/hs.so, APP: HS
EVS Port1 1980-012-14:03:21.49073 66/1/HK 1: HK Initialized.  Version 7.0.1.255
1980-012-14:03:21.52816 CFE_ES_ParseFileEntry: Loading file: /cf/mm.so, APP: MM
EVS Port1 1980-012-14:03:21.57478 66/1/HS 54: ExeCount verify results: good = 5, bad = 0, unused = 27
EVS Port1 1980-012-14:03:21.59799 66/1/HS 50: AppMon verify results: good = 0, bad = 0, unused = 32
EVS Port1 1980-012-14:03:21.62380 66/1/HS 52: EventMon verify results: good = 0, bad = 0, unused = 16
EVS Port1 1980-012-14:03:21.63999 66/1/MM 1: MM Initialized. Version 7.0.1.255
1980-012-14:03:21.66215 CFE_ES_ParseFileEntry: Loading file: /cf/sc.so, APP: SC
EVS Port1 1980-012-14:03:21.66593 66/1/HS 56: MsgActs verify results: good = 2, bad = 0, unused = 6
1980-012-14:03:21.67693 HS_SysMonInit(): System Monitor using PSP device ID 0110ff05
CFE_PSP(Linux_SysMon): Started CPU utilization monitoring on 1 CPU(s)
EVS Port1 1980-012-14:03:21.71557 66/1/HS 1: HS Initialized.  Version 7.0.1.255
1980-012-14:03:21.74858 CFE_ES_ParseFileEntry: Loading file: /cf/md.so, APP: MD
EVS Port1 1980-012-14:03:21.83468 66/1/SC 21: RTS table files not loaded at initialization = 0 of 4
EVS Port1 1980-012-14:03:21.84594 66/1/SC 9: SC Initialized. Version 7.0.1.255
1980-012-14:03:21.86701 CFE_ES_ParseFileEntry: Loading file: /cf/cs.so, APP: CS
EVS Port1 1980-012-14:03:21.88523 66/1/MD 52: MD Dwell Tbl verify results: good = 0, bad = 0, unused = 25
EVS Port1 1980-012-14:03:21.92926 66/1/MD 52: MD Dwell Tbl verify results: good = 0, bad = 0, unused = 25
EVS Port1 1980-012-14:03:21.95690 66/1/MD 52: MD Dwell Tbl verify results: good = 0, bad = 0, unused = 25
EVS Port1 1980-012-14:03:21.97485 66/1/MD 52: MD Dwell Tbl verify results: good = 0, bad = 0, unused = 25
EVS Port1 1980-012-14:03:21.97906 66/1/MD 7: Dwell Tables Recovered: 0, Dwell Tables Initialized: 4
EVS Port1 1980-012-14:03:21.98205 66/1/MD 1: MD Initialized.  Version 7.0.1.255
EVS Port1 1980-012-14:03:22.01678 66/1/CFE_TIME 21: Stop FLYWHEEL
EVS Port1 1980-012-14:03:22.02807 66/1/CS 144: CS EEPROM Table verification results: good = 0, bad = 0, unused = 16
EVS Port1 1980-012-14:03:22.03604 66/1/CS 107: CS EEPROM Table: No valid entries in the table
EVS Port1 1980-012-14:03:22.05361 66/1/CS 143: CS Memory Table verification results: good = 0, bad = 0, unused = 16
EVS Port1 1980-012-14:03:22.06063 66/1/CS 107: CS Memory Table: No valid entries in the table
EVS Port1 1980-012-14:03:22.07313 66/1/CS 139: CS Tables Table verification results: good = 1, bad = 0, unused = 23
EVS Port1 1980-012-14:03:22.08972 66/1/CS 142: CS Apps Table verification results: good = 0, bad = 0, unused = 24
EVS Port1 1980-012-14:03:22.09396 66/1/CS 108: CS Apps Table: No valid entries in the table
EVS Port1 1980-012-14:03:22.09806 66/1/CS 127: OS Text Segment disabled due to platform
EVS Port1 1980-012-14:03:22.10667 66/1/CS 1: CS Initialized. Version 7.0.1.255
1980-012-14:03:22.97855 CFE_ES_Main: Startup Sync failed - Applications may not have all initialized
1980-012-14:03:22.97883 CFE_ES_Main: CFE_ES_Main entering APPS_INIT state
{"app":"AI_LEARNER","stage":"binding","verdict":"MATCH","artifact_bytes":8991281,"artifact_sha256":"ecffe6e0bcbadf51","contract_sha256":"ecffe6e0bcbadf51"}
{"app":"AI_LEARNER","stage":"map_branch","model":"smartcam","module_ptr_mod64":0,"hal_peak_after_append":0,"contract_const_bytes":8840704,"contract_per_call_bytes":9382092,"arm":"map","admission_mode":"conditional_map"}
{"app":"AI_LEARNER","stage":"mem_init","model":"smartcam","target":"aarch64-unknown-linux-gnu","hal_peak":602112,"hal_allocated":602112,"bounded":18222796,"peak_within_bounded":true,"inferences_so_far":0,"process_rss_kb":17164,"rss_kb_before_runtime":15420,"rss_kb_after_session":15708,"rss_kb_after_init":17164}
{"app":"AI_LEARNER","stage":"e25_mode","active":false,"inputs_path":"/cf/e25_inputs.bin"}
EVS Port1 1980-012-14:03:23.34359 66/1/AI_LEARNER 3: AI_LEARNER initialized: model smartcam (8991281 B), rss_delta_init=1744 KB
1980-012-14:03:23.39366 CFE_ES_Main: CFE_ES_Main entering OPERATIONAL state
EVS Port1 1980-012-14:03:23.40129 66/1/TO_LAB 19: L550 TO Lab subscribed to 32 messages from the table
.EVS Port1 1980-012-14:03:34.91487 66/1/AI_LEARNER 4: AI_LEARNER completed=1/1 mean=9212939.1us max=9212939.1us hal_peak=9382092 within_bounded=1
{"app":"AI_LEARNER","stage":"run","model":"smartcam","target":"aarch64-unknown-linux-gnu","attempted":1,"completed":1,"fail_input":0,"fail_invoke":0,"fail_output":0,"mean_us":9212939.09,"max_us":9212939.09,"last_us":9212939.09,"out0":0.83385,"out_elems":3,"out_sha256":"5815ac2d6e804705e76659911e1fd01761e56a7a025481ff49e676c9bc547680","out_head":[0.833847,0.115514,0.050638],"out_tail":[0.833847,0.115514,0.050638],"out_full_file":"/cf/last_out.json","out_full_file_bytes":117,"out_full_file_reason":"ok","out_record_truncates":false}
{"app":"AI_LEARNER","stage":"mem","model":"smartcam","target":"aarch64-unknown-linux-gnu","completed":1,"hal_peak":9382092,"peak_within_bounded":true,"admitted_budget_bytes":9382092,"peak_within_admitted_budget":true,"admission_mode":"conditional_map","hal_bytes_per_call_amortized":9382092.0,"process_rss_kb":17788,"process_rss_delta_init_kb":1744,"max_active_calls":1,"active_calls_now":0,"call_counter_balanced":true}
.EVS Port1 1980-012-14:03:37.00605 66/1/CFE_TIME 21: Stop FLYWHEEL
EVS Port1 1980-012-14:03:37.99765 66/1/CFE_TIME 20: Start FLYWHEEL
.EVS Port1 1980-012-14:03:44.06459 66/1/AI_LEARNER 4: AI_LEARNER completed=2/2 mean=9182654.0us max=9212939.1us hal_peak=9382092 within_bounded=1
{"app":"AI_LEARNER","stage":"run","model":"smartcam","target":"aarch64-unknown-linux-gnu","attempted":2,"completed":2,"fail_input":0,"fail_invoke":0,"fail_output":0,"mean_us":9182653.97,"max_us":9212939.09,"last_us":9152368.85,"out0":0.83385,"out_elems":3,"out_sha256":"5815ac2d6e804705e76659911e1fd01761e56a7a025481ff49e676c9bc547680","out_head":[0.833847,0.115514,0.050638],"out_tail":[0.833847,0.115514,0.050638],"out_full_file":"/cf/last_out.json","out_full_file_bytes":117,"out_full_file_reason":"ok","out_record_truncates":false}
{"app":"AI_LEARNER","stage":"mem","model":"smartcam","target":"aarch64-unknown-linux-gnu","completed":2,"hal_peak":9382092,"peak_within_bounded":true,"admitted_budget_bytes":9382092,"peak_within_admitted_budget":true,"admission_mode":"conditional_map","hal_bytes_per_call_amortized":9081036.0,"process_rss_kb":26364,"process_rss_delta_init_kb":1744,"max_active_calls":1,"active_calls_now":0,"call_counter_balanced":true}
.EVS Port1 1980-012-14:03:52.48846 66/1/AI_LEARNER 4: AI_LEARNER completed=3/3 mean=8925483.7us max=9212939.1us hal_peak=9382092 within_bounded=1
{"app":"AI_LEARNER","stage":"run","model":"smartcam","target":"aarch64-unknown-linux-gnu","attempted":3,"completed":3,"fail_input":0,"fail_invoke":0,"fail_output":0,"mean_us":8925483.69,"max_us":9212939.09,"last_us":8411143.14,"out0":0.83385,"out_elems":3,"out_sha256":"5815ac2d6e804705e76659911e1fd01761e56a7a025481ff49e676c9bc547680","out_head":[0.833847,0.115514,0.050638],"out_tail":[0.833847,0.115514,0.050638],"out_full_file":"/cf/last_out.json","out_full_file_bytes":117,"out_full_file_reason":"ok","out_record_truncates":false}
{"app":"AI_LEARNER","stage":"mem","model":"smartcam","target":"aarch64-unknown-linux-gnu","completed":3,"hal_peak":9382092,"peak_within_bounded":true,"admitted_budget_bytes":9382092,"peak_within_admitted_budget":true,"admission_mode":"conditional_map","hal_bytes_per_call_amortized":8980684.0,"process_rss_kb":26364,"process_rss_delta_init_kb":1744,"max_active_calls":1,"active_calls_now":0,"call_counter_balanced":true}
.EVS Port1 1980-012-14:03:57.69473 66/1/CFE_SB 17: Msg Limit Err,MsgId 0x800,pipe AI_LEARNER_PIPE,sender CFE_ES
.EVS Port1 1980-012-14:04:01.02001 66/1/AI_LEARNER 4: AI_LEARNER completed=4/4 mean=8821341.5us max=9212939.1us hal_peak=9382092 within_bounded=1
{"app":"AI_LEARNER","stage":"run","model":"smartcam","target":"aarch64-unknown-linux-gnu","attempted":4,"completed":4,"fail_input":0,"fail_invoke":0,"fail_output":0,"mean_us":8821341.50,"max_us":9212939.09,"last_us":8508914.91,"out0":0.83385,"out_elems":3,"out_sha256":"5815ac2d6e804705e76659911e1fd01761e56a7a025481ff49e676c9bc547680","out_head":[0.833847,0.115514,0.050638],"out_tail":[0.833847,0.115514,0.050638],"out_full_file":"/cf/last_out.json","out_full_file_bytes":117,"out_full_file_reason":"ok","out_record_truncates":false}
{"app":"AI_LEARNER","stage":"mem","model":"smartcam","target":"aarch64-unknown-linux-gnu","completed":4,"hal_peak":9382092,"peak_within_bounded":true,"admitted_budget_bytes":9382092,"peak_within_admitted_budget":true,"admission_mode":"conditional_map","hal_bytes_per_call_amortized":8930508.0,"process_rss_kb":26364,"process_rss_delta_init_kb":1744,"max_active_calls":1,"active_calls_now":0,"call_counter_balanced":true}
.EVS Port1 1980-012-14:04:05.69129 66/1/CFE_SB 17: Msg Limit Err,MsgId 0x800,pipe AI_LEARNER_PIPE,sender CFE_ES
EVS Port1 1980-012-14:04:09.42814 66/1/AI_LEARNER 4: AI_LEARNER completed=5/5 mean=8736500.5us max=9212939.1us hal_peak=9382092 within_bounded=1
{"app":"AI_LEARNER","stage":"run","model":"smartcam","target":"aarch64-unknown-linux-gnu","attempted":5,"completed":5,"fail_input":0,"fail_invoke":0,"fail_output":0,"mean_us":8736500.54,"max_us":9212939.09,"last_us":8397136.74,"out0":0.83385,"out_elems":3,"out_sha256":"5815ac2d6e804705e76659911e1fd01761e56a7a025481ff49e676c9bc547680","out_head":[0.833847,0.115514,0.050638],"out_tail":[0.833847,0.115514,0.050638],"out_full_file":"/cf/last_out.json","out_full_file_bytes":117,"out_full_file_reason":"ok","out_record_truncates":false}
{"app":"AI_LEARNER","stage":"mem","model":"smartcam","target":"aarch64-unknown-linux-gnu","completed":5,"hal_peak":9382092,"peak_within_bounded":true,"admitted_budget_bytes":9382092,"peak_within_admitted_budget":true,"admission_mode":"conditional_map","hal_bytes_per_call_amortized":8900402.4,"process_rss_kb":26364,"process_rss_delta_init_kb":1744,"max_active_calls":1,"active_calls_now":0,"call_counter_balanced":true}
.EVS Port1 1980-012-14:04:13.66021 66/1/CFE_SB 17: Msg Limit Err,MsgId 0x800,pipe AI_LEARNER_PIPE,sender CFE_ES
.EVS Port1 1980-012-14:04:17.66668 66/1/CFE_SB 17: Msg Limit Err,MsgId 0x800,pipe AI_LEARNER_PIPE,sender CFE_ES
EVS Port1 1980-012-14:04:18.22338 66/1/AI_LEARNER 4: AI_LEARNER completed=6/6 mean=8743315.1us max=9212939.1us hal_peak=9382092 within_bounded=1
{"app":"AI_LEARNER","stage":"run","model":"smartcam","target":"aarch64-unknown-linux-gnu","attempted":6,"completed":6,"fail_input":0,"fail_invoke":0,"fail_output":0,"mean_us":8743315.15,"max_us":9212939.09,"last_us":8777388.18,"out0":0.83385,"out_elems":3,"out_sha256":"5815ac2d6e804705e76659911e1fd01761e56a7a025481ff49e676c9bc547680","out_head":[0.833847,0.115514,0.050638],"out_tail":[0.833847,0.115514,0.050638],"out_full_file":"/cf/last_out.json","out_full_file_bytes":117,"out_full_file_reason":"ok","out_record_truncates":false}
{"app":"AI_LEARNER","stage":"mem","model":"smartcam","target":"aarch64-unknown-linux-gnu","completed":6,"hal_peak":9382092,"peak_within_bounded":true,"admitted_budget_bytes":9382092,"peak_within_admitted_budget":true,"admission_mode":"conditional_map","hal_bytes_per_call_amortized":8880332.0,"process_rss_kb":26364,"process_rss_delta_init_kb":1744,"max_active_calls":1,"active_calls_now":0,"call_counter_balanced":true}
.EVS Port1 1980-012-14:04:25.66029 66/1/CFE_SB 17: Msg Limit Err,MsgId 0x800,pipe AI_LEARNER_PIPE,sender CFE_ES
EVS Port1 1980-012-14:04:27.05490 66/1/AI_LEARNER 4: AI_LEARNER completed=7/7 mean=8753831.7us max=9212939.1us hal_peak=9382092 within_bounded=1
{"app":"AI_LEARNER","stage":"run","model":"smartcam","target":"aarch64-unknown-linux-gnu","attempted":7,"completed":7,"fail_input":0,"fail_invoke":0,"fail_output":0,"mean_us":8753831.68,"max_us":9212939.09,"last_us":8816930.90,"out0":0.83385,"out_elems":3,"out_sha256":"5815ac2d6e804705e76659911e1fd01761e56a7a025481ff49e676c9bc547680","out_head":[0.833847,0.115514,0.050638],"out_tail":[0.833847,0.115514,0.050638],"out_full_file":"/cf/last_out.json","out_full_file_bytes":117,"out_full_file_reason":"ok","out_record_truncates":false}
{"app":"AI_LEARNER","stage":"mem","model":"smartcam","target":"aarch64-unknown-linux-gnu","completed":7,"hal_peak":9382092,"peak_within_bounded":true,"admitted_budget_bytes":9382092,"peak_within_admitted_budget":true,"admission_mode":"conditional_map","hal_bytes_per_call_amortized":8865996.0,"process_rss_kb":26368,"process_rss_delta_init_kb":1744,"max_active_calls":1,"active_calls_now":0,"call_counter_balanced":true}
.EVS Port1 1980-012-14:04:33.66696 66/1/CFE_SB 17: Msg Limit Err,MsgId 0x800,pipe AI_LEARNER_PIPE,sender CFE_ES
EVS Port1 1980-012-14:04:35.49687 66/1/AI_LEARNER 4: AI_LEARNER completed=8/8 mean=8711906.2us max=9212939.1us hal_peak=9382092 within_bounded=1
{"app":"AI_LEARNER","stage":"run","model":"smartcam","target":"aarch64-unknown-linux-gnu","attempted":8,"completed":8,"fail_input":0,"fail_invoke":0,"fail_output":0,"mean_us":8711906.18,"max_us":9212939.09,"last_us":8418427.65,"out0":0.83385,"out_elems":3,"out_sha256":"5815ac2d6e804705e76659911e1fd01761e56a7a025481ff49e676c9bc547680","out_head":[0.833847,0.115514,0.050638],"out_tail":[0.833847,0.115514,0.050638],"out_full_file":"/cf/last_out.json","out_full_file_bytes":117,"out_full_file_reason":"ok","out_record_truncates":false}
{"app":"AI_LEARNER","stage":"mem","model":"smartcam","target":"aarch64-unknown-linux-gnu","completed":8,"hal_peak":9382092,"peak_within_bounded":true,"admitted_budget_bytes":9382092,"peak_within_admitted_budget":true,"admission_mode":"conditional_map","hal_bytes_per_call_amortized":8855244.0,"process_rss_kb":26368,"process_rss_delta_init_kb":1744,"max_active_calls":1,"active_calls_now":0,"call_counter_balanced":true}
..EVS Port1 1980-012-14:04:41.66908 66/1/CFE_SB 17: Msg Limit Err,MsgId 0x800,pipe AI_LEARNER_PIPE,sender CFE_ES
EVS Port1 1980-012-14:04:44.00820 66/1/AI_LEARNER 4: AI_LEARNER completed=9/9 mean=8685726.2us max=9212939.1us hal_peak=9382092 within_bounded=1
{"app":"AI_LEARNER","stage":"run","model":"smartcam","target":"aarch64-unknown-linux-gnu","attempted":9,"completed":9,"fail_input":0,"fail_invoke":0,"fail_output":0,"mean_us":8685726.16,"max_us":9212939.09,"last_us":8476285.98,"out0":0.83385,"out_elems":3,"out_sha256":"5815ac2d6e804705e76659911e1fd01761e56a7a025481ff49e676c9bc547680","out_head":[0.833847,0.115514,0.050638],"out_tail":[0.833847,0.115514,0.050638],"out_full_file":"/cf/last_out.json","out_full_file_bytes":117,"out_full_file_reason":"ok","out_record_truncates":false}
{"app":"AI_LEARNER","stage":"mem","model":"smartcam","target":"aarch64-unknown-linux-gnu","completed":9,"hal_peak":9382092,"peak_within_bounded":true,"admitted_budget_bytes":9382092,"peak_within_admitted_budget":true,"admission_mode":"conditional_map","hal_bytes_per_call_amortized":8846881.3,"process_rss_kb":26368,"process_rss_delta_init_kb":1744,"max_active_calls":1,"active_calls_now":0,"call_counter_balanced":true}
.EVS Port1 1980-012-14:04:49.68721 66/1/CFE_SB 17: Msg Limit Err,MsgId 0x800,pipe AI_LEARNER_PIPE,sender CFE_ES
EVS Port1 1980-012-14:04:51.00691 66/1/CFE_TIME 21: Stop FLYWHEEL
EVS Port1 1980-012-14:04:52.00111 66/1/CFE_TIME 20: Start FLYWHEEL
EVS Port1 1980-012-14:04:52.84982 66/1/AI_LEARNER 4: AI_LEARNER completed=10/10 mean=8703160.5us max=9212939.1us hal_peak=9382092 within_bounded=1
{"app":"AI_LEARNER","stage":"run","model":"smartcam","target":"aarch64-unknown-linux-gnu","attempted":10,"completed":10,"fail_input":0,"fail_invoke":0,"fail_output":0,"mean_us":8703160.46,"max_us":9212939.09,"last_us":8860069.14,"out0":0.83385,"out_elems":3,"out_sha256":"5815ac2d6e804705e76659911e1fd01761e56a7a025481ff49e676c9bc547680","out_head":[0.833847,0.115514,0.050638],"out_tail":[0.833847,0.115514,0.050638],"out_full_file":"/cf/last_out.json","out_full_file_bytes":118,"out_full_file_reason":"ok","out_record_truncates":false}
{"app":"AI_LEARNER","stage":"mem","model":"smartcam","target":"aarch64-unknown-linux-gnu","completed":10,"hal_peak":9382092,"peak_within_bounded":true,"admitted_budget_bytes":9382092,"peak_within_admitted_budget":true,"admission_mode":"conditional_map","hal_bytes_per_call_amortized":8840191.2,"process_rss_kb":26368,"process_rss_delta_init_kb":1744,"max_active_calls":1,"active_calls_now":0,"call_counter_balanced":true}
.EVS Port1 1980-012-14:04:57.67228 66/1/CFE_SB 17: Msg Limit Err,MsgId 0x800,pipe AI_LEARNER_PIPE,sender CFE_ES
.EVS Port1 1980-012-14:05:01.56565 66/1/AI_LEARNER 4: AI_LEARNER completed=11/11 mean=8701746.0us max=9212939.1us hal_peak=9382092 within_bounded=1
{"app":"AI_LEARNER","stage":"run","model":"smartcam","target":"aarch64-unknown-linux-gnu","attempted":11,"completed":11,"fail_input":0,"fail_invoke":0,"fail_output":0,"mean_us":8701746.02,"max_us":9212939.09,"last_us":8687601.62,"out0":0.83385,"out_elems":3,"out_sha256":"5815ac2d6e804705e76659911e1fd01761e56a7a025481ff49e676c9bc547680","out_head":[0.833847,0.115514,0.050638],"out_tail":[0.833847,0.115514,0.050638],"out_full_file":"/cf/last_out.json","out_full_file_bytes":118,"out_full_file_reason":"ok","out_record_truncates":false}
{"app":"AI_LEARNER","stage":"mem","model":"smartcam","target":"aarch64-unknown-linux-gnu","completed":11,"hal_peak":9382092,"peak_within_bounded":true,"admitted_budget_bytes":9382092,"peak_within_admitted_budget":true,"admission_mode":"conditional_map","hal_bytes_per_call_amortized":8834717.5,"process_rss_kb":26368,"process_rss_delta_init_kb":1744,"max_active_calls":1,"active_calls_now":0,"call_counter_balanced":true}
.EVS Port1 1980-012-14:05:05.67221 66/1/CFE_SB 17: Msg Limit Err,MsgId 0x800,pipe AI_LEARNER_PIPE,sender CFE_ES
EVS Port1 1980-012-14:05:09.65914 66/1/CFE_SB 17: Msg Limit Err,MsgId 0x800,pipe AI_LEARNER_PIPE,sender CFE_ES
EVS Port1 1980-012-14:05:10.19465 66/1/AI_LEARNER 4: AI_LEARNER completed=12/12 mean=8693848.1us max=9212939.1us hal_peak=9382092 within_bounded=1
{"app":"AI_LEARNER","stage":"run","model":"smartcam","target":"aarch64-unknown-linux-gnu","attempted":12,"completed":12,"fail_input":0,"fail_invoke":0,"fail_output":0,"mean_us":8693848.08,"max_us":9212939.09,"last_us":8606970.75,"out0":0.83385,"out_elems":3,"out_sha256":"5815ac2d6e804705e76659911e1fd01761e56a7a025481ff49e676c9bc547680","out_head":[0.833847,0.115514,0.050638],"out_tail":[0.833847,0.115514,0.050638],"out_full_file":"/cf/last_out.json","out_full_file_bytes":118,"out_full_file_reason":"ok","out_record_truncates":false}
{"app":"AI_LEARNER","stage":"mem","model":"smartcam","target":"aarch64-unknown-linux-gnu","completed":12,"hal_peak":9382092,"peak_within_bounded":true,"admitted_budget_bytes":9382092,"peak_within_admitted_budget":true,"admission_mode":"conditional_map","hal_bytes_per_call_amortized":8830156.0,"process_rss_kb":26368,"process_rss_delta_init_kb":1744,"max_active_calls":1,"active_calls_now":0,"call_counter_balanced":true}
..EVS Port1 1980-012-14:05:17.66192 66/1/CFE_SB 17: Msg Limit Err,MsgId 0x800,pipe AI_LEARNER_PIPE,sender CFE_ES
EVS Port1 1980-012-14:05:19.07183 66/1/AI_LEARNER 4: AI_LEARNER completed=13/13 mean=8705608.7us max=9212939.1us hal_peak=9382092 within_bounded=1
{"app":"AI_LEARNER","stage":"run","model":"smartcam","target":"aarch64-unknown-linux-gnu","attempted":13,"completed":13,"fail_input":0,"fail_invoke":0,"fail_output":0,"mean_us":8705608.74,"max_us":9212939.09,"last_us":8846736.74,"out0":0.83385,"out_elems":3,"out_sha256":"5815ac2d6e804705e76659911e1fd01761e56a7a025481ff49e676c9bc547680","out_head":[0.833847,0.115514,0.050638],"out_tail":[0.833847,0.115514,0.050638],"out_full_file":"/cf/last_out.json","out_full_file_bytes":118,"out_full_file_reason":"ok","out_record_truncates":false}
{"app":"AI_LEARNER","stage":"mem","model":"smartcam","target":"aarch64-unknown-linux-gnu","completed":13,"hal_peak":9382092,"peak_within_bounded":true,"admitted_budget_bytes":9382092,"peak_within_admitted_budget":true,"admission_mode":"conditional_map","hal_bytes_per_call_amortized":8826296.3,"process_rss_kb":26368,"process_rss_delta_init_kb":1744,"max_active_calls":1,"active_calls_now":0,"call_counter_balanced":true}
.EVS Port1 1980-012-14:05:25.67012 66/1/CFE_SB 17: Msg Limit Err,MsgId 0x800,pipe AI_LEARNER_PIPE,sender CFE_ES
EVS Port1 1980-012-14:05:28.34808 66/1/AI_LEARNER 4: AI_LEARNER completed=14/14 mean=8745190.5us max=9259753.6us hal_peak=9382092 within_bounded=1
{"app":"AI_LEARNER","stage":"run","model":"smartcam","target":"aarch64-unknown-linux-gnu","attempted":14,"completed":14,"fail_input":0,"fail_invoke":0,"fail_output":0,"mean_us":8745190.52,"max_us":9259753.63,"last_us":9259753.63,"out0":0.83385,"out_elems":3,"out_sha256":"5815ac2d6e804705e76659911e1fd01761e56a7a025481ff49e676c9bc547680","out_head":[0.833847,0.115514,0.050638],"out_tail":[0.833847,0.115514,0.050638],"out_full_file":"/cf/last_out.json","out_full_file_bytes":118,"out_full_file_reason":"ok","out_record_truncates":false}
{"app":"AI_LEARNER","stage":"mem","model":"smartcam","target":"aarch64-unknown-linux-gnu","completed":14,"hal_peak":9382092,"peak_within_bounded":true,"admitted_budget_bytes":9382092,"peak_within_admitted_budget":true,"admission_mode":"conditional_map","hal_bytes_per_call_amortized":8822988.0,"process_rss_kb":26368,"process_rss_delta_init_kb":1744,"max_active_calls":1,"active_calls_now":0,"call_counter_balanced":true}
.EVS Port1 1980-012-14:05:33.70599 66/1/CFE_SB 17: Msg Limit Err,MsgId 0x800,pipe AI_LEARNER_PIPE,sender CFE_ES
.EVS Port1 1980-012-14:05:37.01170 66/1/AI_LEARNER 4: AI_LEARNER completed=15/15 mean=8738055.5us max=9259753.6us hal_peak=9382092 within_bounded=1
{"app":"AI_LEARNER","stage":"run","model":"smartcam","target":"aarch64-unknown-linux-gnu","attempted":15,"completed":15,"fail_input":0,"fail_invoke":0,"fail_output":0,"mean_us":8738055.48,"max_us":9259753.63,"last_us":8638164.94,"out0":0.83385,"out_elems":3,"out_sha256":"5815ac2d6e804705e76659911e1fd01761e56a7a025481ff49e676c9bc547680","out_head":[0.833847,0.115514,0.050638],"out_tail":[0.833847,0.115514,0.050638],"out_full_file":"/cf/last_out.json","out_full_file_bytes":118,"out_full_file_reason":"ok","out_record_truncates":false}
{"app":"AI_LEARNER","stage":"mem","model":"smartcam","target":"aarch64-unknown-linux-gnu","completed":15,"hal_peak":9382092,"peak_within_bounded":true,"admitted_budget_bytes":9382092,"peak_within_admitted_budget":true,"admission_mode":"conditional_map","hal_bytes_per_call_amortized":8820120.8,"process_rss_kb":26368,"process_rss_delta_init_kb":1744,"max_active_calls":1,"active_calls_now":0,"call_counter_balanced":true}
EVS Port1 1980-012-14:05:41.69824 66/1/CFE_SB 17: Msg Limit Err,MsgId 0x800,pipe AI_LEARNER_PIPE,sender CFE_ES
.EVS Port1 1980-012-14:05:45.42245 66/1/AI_LEARNER 4: AI_LEARNER completed=16/16 mean=8716641.2us max=9259753.6us hal_peak=9382092 within_bounded=1
{"app":"AI_LEARNER","stage":"run","model":"smartcam","target":"aarch64-unknown-linux-gnu","attempted":16,"completed":16,"fail_input":0,"fail_invoke":0,"fail_output":0,"mean_us":8716641.23,"max_us":9259753.63,"last_us":8395427.50,"out0":0.83385,"out_elems":3,"out_sha256":"5815ac2d6e804705e76659911e1fd01761e56a7a025481ff49e676c9bc547680","out_head":[0.833847,0.115514,0.050638],"out_tail":[0.833847,0.115514,0.050638],"out_full_file":"/cf/last_out.json","out_full_file_bytes":118,"out_full_file_reason":"ok","out_record_truncates":false}
{"app":"AI_LEARNER","stage":"mem","model":"smartcam","target":"aarch64-unknown-linux-gnu","completed":16,"hal_peak":9382092,"peak_within_bounded":true,"admitted_budget_bytes":9382092,"peak_within_admitted_budget":true,"admission_mode":"conditional_map","hal_bytes_per_call_amortized":8817612.0,"process_rss_kb":26368,"process_rss_delta_init_kb":1744,"max_active_calls":1,"active_calls_now":0,"call_counter_balanced":true}
.EVS Port1 1980-012-14:05:48.99151 66/1/HS 61: CPU Hogging Detected
1980-012-14:05:49.01205 HS App: CPU Hogging Detected
EVS Port1 1980-012-14:05:49.65054 66/1/CFE_SB 17: Msg Limit Err,MsgId 0x800,pipe AI_LEARNER_PIPE,sender CFE_ES
.EVS Port1 1980-012-14:05:54.09097 66/1/AI_LEARNER 4: AI_LEARNER completed=17/17 mean=8712459.3us max=9259753.6us hal_peak=9382092 within_bounded=1
{"app":"AI_LEARNER","stage":"run","model":"smartcam","target":"aarch64-unknown-linux-gnu","attempted":17,"completed":17,"fail_input":0,"fail_invoke":0,"fail_output":0,"mean_us":8712459.35,"max_us":9259753.63,"last_us":8645549.15,"out0":0.83385,"out_elems":3,"out_sha256":"5815ac2d6e804705e76659911e1fd01761e56a7a025481ff49e676c9bc547680","out_head":[0.833847,0.115514,0.050638],"out_tail":[0.833847,0.115514,0.050638],"out_full_file":"/cf/last_out.json","out_full_file_bytes":118,"out_full_file_reason":"ok","out_record_truncates":false}
{"app":"AI_LEARNER","stage":"mem","model":"smartcam","target":"aarch64-unknown-linux-gnu","completed":17,"hal_peak":9382092,"peak_within_bounded":true,"admitted_budget_bytes":9382092,"peak_within_admitted_budget":true,"admission_mode":"conditional_map","hal_bytes_per_call_amortized":8815398.4,"process_rss_kb":26368,"process_rss_delta_init_kb":1744,"max_active_calls":1,"active_calls_now":0,"call_counter_balanced":true}
.EVS Port1 1980-012-14:06:02.56886 66/1/AI_LEARNER 4: AI_LEARNER completed=18/18 mean=8698330.1us max=9259753.6us hal_peak=9382092 within_bounded=1
{"app":"AI_LEARNER","stage":"run","model":"smartcam","target":"aarch64-unknown-linux-gnu","attempted":18,"completed":18,"fail_input":0,"fail_invoke":0,"fail_output":0,"mean_us":8698330.07,"max_us":9259753.63,"last_us":8458132.34,"out0":0.83385,"out_elems":3,"out_sha256":"5815ac2d6e804705e76659911e1fd01761e56a7a025481ff49e676c9bc547680","out_head":[0.833847,0.115514,0.050638],"out_tail":[0.833847,0.115514,0.050638],"out_full_file":"/cf/last_out.json","out_full_file_bytes":118,"out_full_file_reason":"ok","out_record_truncates":false}
{"app":"AI_LEARNER","stage":"mem","model":"smartcam","target":"aarch64-unknown-linux-gnu","completed":18,"hal_peak":9382092,"peak_within_bounded":true,"admitted_budget_bytes":9382092,"peak_within_admitted_budget":true,"admission_mode":"conditional_map","hal_bytes_per_call_amortized":8813430.7,"process_rss_kb":26368,"process_rss_delta_init_kb":1744,"max_active_calls":1,"active_calls_now":0,"call_counter_balanced":true}
.EVS Port1 1980-012-14:06:11.43957 66/1/AI_LEARNER 4: AI_LEARNER completed=19/19 mean=8705609.6us max=9259753.6us hal_peak=9382092 within_bounded=1
{"app":"AI_LEARNER","stage":"run","model":"smartcam","target":"aarch64-unknown-linux-gnu","attempted":19,"completed":19,"fail_input":0,"fail_invoke":0,"fail_output":0,"mean_us":8705609.60,"max_us":9259753.63,"last_us":8836641.17,"out0":0.83385,"out_elems":3,"out_sha256":"5815ac2d6e804705e76659911e1fd01761e56a7a025481ff49e676c9bc547680","out_head":[0.833847,0.115514,0.050638],"out_tail":[0.833847,0.115514,0.050638],"out_full_file":"/cf/last_out.json","out_full_file_bytes":118,"out_full_file_reason":"ok","out_record_truncates":false}
{"app":"AI_LEARNER","stage":"mem","model":"smartcam","target":"aarch64-unknown-linux-gnu","completed":19,"hal_peak":9382092,"peak_within_bounded":true,"admitted_budget_bytes":9382092,"peak_within_admitted_budget":true,"admission_mode":"conditional_map","hal_bytes_per_call_amortized":8811670.1,"process_rss_kb":26368,"process_rss_delta_init_kb":1744,"max_active_calls":1,"active_calls_now":0,"call_counter_balanced":true}
..EVS Port1 1980-012-14:06:20.04393 66/1/AI_LEARNER 4: AI_LEARNER completed=20/20 mean=8699685.5us max=9259753.6us hal_peak=9382092 within_bounded=1
{"app":"AI_LEARNER","stage":"run","model":"smartcam","target":"aarch64-unknown-linux-gnu","attempted":20,"completed":20,"fail_input":0,"fail_invoke":0,"fail_output":0,"mean_us":8699685.45,"max_us":9259753.63,"last_us":8587126.69,"out0":0.83385,"out_elems":3,"out_sha256":"5815ac2d6e804705e76659911e1fd01761e56a7a025481ff49e676c9bc547680","out_head":[0.833847,0.115514,0.050638],"out_tail":[0.833847,0.115514,0.050638],"out_full_file":"/cf/last_out.json","out_full_file_bytes":118,"out_full_file_reason":"ok","out_record_truncates":false}
{"app":"AI_LEARNER","stage":"mem","model":"smartcam","target":"aarch64-unknown-linux-gnu","completed":20,"hal_peak":9382092,"peak_within_bounded":true,"admitted_budget_bytes":9382092,"peak_within_admitted_budget":true,"admission_mode":"conditional_map","hal_bytes_per_call_amortized":8810085.6,"process_rss_kb":26368,"process_rss_delta_init_kb":1744,"max_active_calls":1,"active_calls_now":0,"call_counter_balanced":true}
.EVS Port1 1980-012-14:06:28.39038 66/1/AI_LEARNER 4: AI_LEARNER completed=21/21 mean=8681703.2us max=9259753.6us hal_peak=9382092 within_bounded=1
{"app":"AI_LEARNER","stage":"run","model":"smartcam","target":"aarch64-unknown-linux-gnu","attempted":21,"completed":21,"fail_input":0,"fail_invoke":0,"fail_output":0,"mean_us":8681703.19,"max_us":9259753.63,"last_us":8322057.95,"out0":0.83385,"out_elems":3,"out_sha256":"5815ac2d6e804705e76659911e1fd01761e56a7a025481ff49e676c9bc547680","out_head":[0.833847,0.115514,0.050638],"out_tail":[0.833847,0.115514,0.050638],"out_full_file":"/cf/last_out.json","out_full_file_bytes":118,"out_full_file_reason":"ok","out_record_truncates":false}
{"app":"AI_LEARNER","stage":"mem","model":"smartcam","target":"aarch64-unknown-linux-gnu","completed":21,"hal_peak":9382092,"peak_within_bounded":true,"admitted_budget_bytes":9382092,"peak_within_admitted_budget":true,"admission_mode":"conditional_map","hal_bytes_per_call_amortized":8808652.0,"process_rss_kb":26368,"process_rss_delta_init_kb":1744,"max_active_calls":1,"active_calls_now":0,"call_counter_balanced":true}
..EVS Port1 1980-012-14:06:36.86271 66/1/AI_LEARNER 4: AI_LEARNER completed=22/22 mean=8671403.7us max=9259753.6us hal_peak=9382092 within_bounded=1
{"app":"AI_LEARNER","stage":"run","model":"smartcam","target":"aarch64-unknown-linux-gnu","attempted":22,"completed":22,"fail_input":0,"fail_invoke":0,"fail_output":0,"mean_us":8671403.68,"max_us":9259753.63,"last_us":8455113.92,"out0":0.82172,"out_elems":3,"out_sha256":"c8c7a85b5eb779322a832cdfd151091c0aa99297afcfd087eb5e3c8e02684778","out_head":[0.821720,0.125076,0.053204],"out_tail":[0.821720,0.125076,0.053204],"out_full_file":"/cf/last_out.json","out_full_file_bytes":118,"out_full_file_reason":"ok","out_record_truncates":false}
{"app":"AI_LEARNER","stage":"mem","model":"smartcam","target":"aarch64-unknown-linux-gnu","completed":22,"hal_peak":9382092,"peak_within_bounded":true,"admitted_budget_bytes":9382092,"peak_within_admitted_budget":true,"admission_mode":"conditional_map","hal_bytes_per_call_amortized":8807348.7,"process_rss_kb":26368,"process_rss_delta_init_kb":1744,"max_active_calls":1,"active_calls_now":0,"call_counter_balanced":true}
.EVS Port1 1980-012-14:06:45.23817 66/1/AI_LEARNER 4: AI_LEARNER completed=23/23 mean=8657830.1us max=9259753.6us hal_peak=9382092 within_bounded=1
{"app":"AI_LEARNER","stage":"run","model":"smartcam","target":"aarch64-unknown-linux-gnu","attempted":23,"completed":23,"fail_input":0,"fail_invoke":0,"fail_output":0,"mean_us":8657830.07,"max_us":9259753.63,"last_us":8359210.69,"out0":0.82172,"out_elems":3,"out_sha256":"c8c7a85b5eb779322a832cdfd151091c0aa99297afcfd087eb5e3c8e02684778","out_head":[0.821720,0.125076,0.053204],"out_tail":[0.821720,0.125076,0.053204],"out_full_file":"/cf/last_out.json","out_full_file_bytes":118,"out_full_file_reason":"ok","out_record_truncates":false}
{"app":"AI_LEARNER","stage":"mem","model":"smartcam","target":"aarch64-unknown-linux-gnu","completed":23,"hal_peak":9382092,"peak_within_bounded":true,"admitted_budget_bytes":9382092,"peak_within_admitted_budget":true,"admission_mode":"conditional_map","hal_bytes_per_call_amortized":8806158.8,"process_rss_kb":26368,"process_rss_delta_init_kb":1744,"max_active_calls":1,"active_calls_now":0,"call_counter_balanced":true}
..EVS Port1 1980-012-14:06:54.01524 66/1/AI_LEARNER 4: AI_LEARNER completed=24/24 mean=8662301.4us max=9259753.6us hal_peak=9382092 within_bounded=1
{"app":"AI_LEARNER","stage":"run","model":"smartcam","target":"aarch64-unknown-linux-gnu","attempted":24,"completed":24,"fail_input":0,"fail_invoke":0,"fail_output":0,"mean_us":8662301.44,"max_us":9259753.63,"last_us":8765142.85,"out0":0.82172,"out_elems":3,"out_sha256":"c8c7a85b5eb779322a832cdfd151091c0aa99297afcfd087eb5e3c8e02684778","out_head":[0.821720,0.125076,0.053204],"out_tail":[0.821720,0.125076,0.053204],"out_full_file":"/cf/last_out.json","out_full_file_bytes":118,"out_full_file_reason":"ok","out_record_truncates":false}
{"app":"AI_LEARNER","stage":"mem","model":"smartcam","target":"aarch64-unknown-linux-gnu","completed":24,"hal_peak":9382092,"peak_within_bounded":true,"admitted_budget_bytes":9382092,"peak_within_admitted_budget":true,"admission_mode":"conditional_map","hal_bytes_per_call_amortized":8805068.0,"process_rss_kb":26368,"process_rss_delta_init_kb":1744,"max_active_calls":1,"active_calls_now":0,"call_counter_balanced":true}
.EVS Port1 1980-012-14:07:02.78094 66/1/AI_LEARNER 4: AI_LEARNER completed=25/25 mean=8665538.1us max=9259753.6us hal_peak=9382092 within_bounded=1
{"app":"AI_LEARNER","stage":"run","model":"smartcam","target":"aarch64-unknown-linux-gnu","attempted":25,"completed":25,"fail_input":0,"fail_invoke":0,"fail_output":0,"mean_us":8665538.11,"max_us":9259753.63,"last_us":8743218.24,"out0":0.82172,"out_elems":3,"out_sha256":"c8c7a85b5eb779322a832cdfd151091c0aa99297afcfd087eb5e3c8e02684778","out_head":[0.821720,0.125076,0.053204],"out_tail":[0.821720,0.125076,0.053204],"out_full_file":"/cf/last_out.json","out_full_file_bytes":118,"out_full_file_reason":"ok","out_record_truncates":false}
{"app":"AI_LEARNER","stage":"mem","model":"smartcam","target":"aarch64-unknown-linux-gnu","completed":25,"hal_peak":9382092,"peak_within_bounded":true,"admitted_budget_bytes":9382092,"peak_within_admitted_budget":true,"admission_mode":"conditional_map","hal_bytes_per_call_amortized":8804064.5,"process_rss_kb":26368,"process_rss_delta_init_kb":1744,"max_active_calls":1,"active_calls_now":0,"call_counter_balanced":true}
.EVS Port1 1980-012-14:07:11.22418 66/1/AI_LEARNER 4: AI_LEARNER completed=26/26 mean=8655674.1us max=9259753.6us hal_peak=9382092 within_bounded=1
{"app":"AI_LEARNER","stage":"run","model":"smartcam","target":"aarch64-unknown-linux-gnu","attempted":26,"completed":26,"fail_input":0,"fail_invoke":0,"fail_output":0,"mean_us":8655674.11,"max_us":9259753.63,"last_us":8409074.00,"out0":0.82172,"out_elems":3,"out_sha256":"c8c7a85b5eb779322a832cdfd151091c0aa99297afcfd087eb5e3c8e02684778","out_head":[0.821720,0.125076,0.053204],"out_tail":[0.821720,0.125076,0.053204],"out_full_file":"/cf/last_out.json","out_full_file_bytes":118,"out_full_file_reason":"ok","out_record_truncates":false}
{"app":"AI_LEARNER","stage":"mem","model":"smartcam","target":"aarch64-unknown-linux-gnu","completed":26,"hal_peak":9382092,"peak_within_bounded":true,"admitted_budget_bytes":9382092,"peak_within_admitted_budget":true,"admission_mode":"conditional_map","hal_bytes_per_call_amortized":8803138.2,"process_rss_kb":26368,"process_rss_delta_init_kb":1744,"max_active_calls":1,"active_calls_now":0,"call_counter_balanced":true}
..EVS Port1 1980-012-14:07:19.88385 66/1/AI_LEARNER 4: AI_LEARNER completed=27/27 mean=8655142.8us max=9259753.6us hal_peak=9382092 within_bounded=1
{"app":"AI_LEARNER","stage":"run","model":"smartcam","target":"aarch64-unknown-linux-gnu","attempted":27,"completed":27,"fail_input":0,"fail_invoke":0,"fail_output":0,"mean_us":8655142.82,"max_us":9259753.63,"last_us":8641329.38,"out0":0.82172,"out_elems":3,"out_sha256":"c8c7a85b5eb779322a832cdfd151091c0aa99297afcfd087eb5e3c8e02684778","out_head":[0.821720,0.125076,0.053204],"out_tail":[0.821720,0.125076,0.053204],"out_full_file":"/cf/last_out.json","out_full_file_bytes":118,"out_full_file_reason":"ok","out_record_truncates":false}
{"app":"AI_LEARNER","stage":"mem","model":"smartcam","target":"aarch64-unknown-linux-gnu","completed":27,"hal_peak":9382092,"peak_within_bounded":true,"admitted_budget_bytes":9382092,"peak_within_admitted_budget":true,"admission_mode":"conditional_map","hal_bytes_per_call_amortized":8802280.4,"process_rss_kb":26368,"process_rss_delta_init_kb":1744,"max_active_calls":1,"active_calls_now":0,"call_counter_balanced":true}
.EVS Port1 1980-012-14:07:28.18023 66/1/AI_LEARNER 4: AI_LEARNER completed=28/28 mean=8641664.7us max=9259753.6us hal_peak=9382092 within_bounded=1
{"app":"AI_LEARNER","stage":"run","model":"smartcam","target":"aarch64-unknown-linux-gnu","attempted":28,"completed":28,"fail_input":0,"fail_invoke":0,"fail_output":0,"mean_us":8641664.68,"max_us":9259753.63,"last_us":8277754.94,"out0":0.82172,"out_elems":3,"out_sha256":"c8c7a85b5eb779322a832cdfd151091c0aa99297afcfd087eb5e3c8e02684778","out_head":[0.821720,0.125076,0.053204],"out_tail":[0.821720,0.125076,0.053204],"out_full_file":"/cf/last_out.json","out_full_file_bytes":118,"out_full_file_reason":"ok","out_record_truncates":false}
{"app":"AI_LEARNER","stage":"mem","model":"smartcam","target":"aarch64-unknown-linux-gnu","completed":28,"hal_peak":9382092,"peak_within_bounded":true,"admitted_budget_bytes":9382092,"peak_within_admitted_budget":true,"admission_mode":"conditional_map","hal_bytes_per_call_amortized":8801484.0,"process_rss_kb":26368,"process_rss_delta_init_kb":1744,"max_active_calls":1,"active_calls_now":0,"call_counter_balanced":true}
..EVS Port1 1980-012-14:07:36.92936 66/1/AI_LEARNER 4: AI_LEARNER completed=29/29 mean=8644863.4us max=9259753.6us hal_peak=9382092 within_bounded=1
{"app":"AI_LEARNER","stage":"run","model":"smartcam","target":"aarch64-unknown-linux-gnu","attempted":29,"completed":29,"fail_input":0,"fail_invoke":0,"fail_output":0,"mean_us":8644863.39,"max_us":9259753.63,"last_us":8734427.12,"out0":0.82172,"out_elems":3,"out_sha256":"c8c7a85b5eb779322a832cdfd151091c0aa99297afcfd087eb5e3c8e02684778","out_head":[0.821720,0.125076,0.053204],"out_tail":[0.821720,0.125076,0.053204],"out_full_file":"/cf/last_out.json","out_full_file_bytes":118,"out_full_file_reason":"ok","out_record_truncates":false}
{"app":"AI_LEARNER","stage":"mem","model":"smartcam","target":"aarch64-unknown-linux-gnu","completed":29,"hal_peak":9382092,"peak_within_bounded":true,"admitted_budget_bytes":9382092,"peak_within_admitted_budget":true,"admission_mode":"conditional_map","hal_bytes_per_call_amortized":8800742.5,"process_rss_kb":26368,"process_rss_delta_init_kb":1744,"max_active_calls":1,"active_calls_now":0,"call_counter_balanced":true}
.EVS Port1 1980-012-14:07:45.69984 66/1/AI_LEARNER 4: AI_LEARNER completed=30/30 mean=8648246.8us max=9259753.6us hal_peak=9382092 within_bounded=1
{"app":"AI_LEARNER","stage":"run","model":"smartcam","target":"aarch64-unknown-linux-gnu","attempted":30,"completed":30,"fail_input":0,"fail_invoke":0,"fail_output":0,"mean_us":8648246.84,"max_us":9259753.63,"last_us":8746366.98,"out0":0.82172,"out_elems":3,"out_sha256":"c8c7a85b5eb779322a832cdfd151091c0aa99297afcfd087eb5e3c8e02684778","out_head":[0.821720,0.125076,0.053204],"out_tail":[0.821720,0.125076,0.053204],"out_full_file":"/cf/last_out.json","out_full_file_bytes":118,"out_full_file_reason":"ok","out_record_truncates":false}
{"app":"AI_LEARNER","stage":"mem","model":"smartcam","target":"aarch64-unknown-linux-gnu","completed":30,"hal_peak":9382092,"peak_within_bounded":true,"admitted_budget_bytes":9382092,"peak_within_admitted_budget":true,"admission_mode":"conditional_map","hal_bytes_per_call_amortized":8800050.4,"process_rss_kb":26368,"process_rss_delta_init_kb":1744,"max_active_calls":1,"active_calls_now":0,"call_counter_balanced":true}
..EVS Port1 1980-012-14:07:55.18841 66/1/AI_LEARNER 4: AI_LEARNER completed=31/31 mean=8675336.4us max=9488022.5us hal_peak=9382092 within_bounded=1
{"app":"AI_LEARNER","stage":"run","model":"smartcam","target":"aarch64-unknown-linux-gnu","attempted":31,"completed":31,"fail_input":0,"fail_invoke":0,"fail_output":0,"mean_us":8675336.38,"max_us":9488022.50,"last_us":9488022.50,"out0":0.82172,"out_elems":3,"out_sha256":"c8c7a85b5eb779322a832cdfd151091c0aa99297afcfd087eb5e3c8e02684778","out_head":[0.821720,0.125076,0.053204],"out_tail":[0.821720,0.125076,0.053204],"out_full_file":"/cf/last_out.json","out_full_file_bytes":118,"out_full_file_reason":"ok","out_record_truncates":false}
{"app":"AI_LEARNER","stage":"mem","model":"smartcam","target":"aarch64-unknown-linux-gnu","completed":31,"hal_peak":9382092,"peak_within_bounded":true,"admitted_budget_bytes":9382092,"peak_within_admitted_budget":true,"admission_mode":"conditional_map","hal_bytes_per_call_amortized":8799403.0,"process_rss_kb":26368,"process_rss_delta_init_kb":1744,"max_active_calls":1,"active_calls_now":0,"call_counter_balanced":true}
.EVS Port1 1980-012-14:08:03.74172 66/1/AI_LEARNER 4: AI_LEARNER completed=32/32 mean=8670590.7us max=9488022.5us hal_peak=9382092 within_bounded=1
{"app":"AI_LEARNER","stage":"run","model":"smartcam","target":"aarch64-unknown-linux-gnu","attempted":32,"completed":32,"fail_input":0,"fail_invoke":0,"fail_output":0,"mean_us":8670590.69,"max_us":9488022.50,"last_us":8523474.50,"out0":0.82172,"out_elems":3,"out_sha256":"c8c7a85b5eb779322a832cdfd151091c0aa99297afcfd087eb5e3c8e02684778","out_head":[0.821720,0.125076,0.053204],"out_tail":[0.821720,0.125076,0.053204],"out_full_file":"/cf/last_out.json","out_full_file_bytes":118,"out_full_file_reason":"ok","out_record_truncates":false}
{"app":"AI_LEARNER","stage":"mem","model":"smartcam","target":"aarch64-unknown-linux-gnu","completed":32,"hal_peak":9382092,"peak_within_bounded":true,"admitted_budget_bytes":9382092,"peak_within_admitted_budget":true,"admission_mode":"conditional_map","hal_bytes_per_call_amortized":8798796.0,"process_rss_kb":26368,"process_rss_delta_init_kb":1744,"max_active_calls":1,"active_calls_now":0,"call_counter_balanced":true}
.EVS Port1 1980-012-14:08:08.00936 66/1/CFE_TIME 21: Stop FLYWHEEL
EVS Port1 1980-012-14:08:08.99501 66/1/CFE_TIME 20: Start FLYWHEEL
EVS Port1 1980-012-14:08:12.10415 66/1/AI_LEARNER 4: AI_LEARNER completed=33/33 mean=8661624.7us max=9488022.5us hal_peak=9382092 within_bounded=1
{"app":"AI_LEARNER","stage":"run","model":"smartcam","target":"aarch64-unknown-linux-gnu","attempted":33,"completed":33,"fail_input":0,"fail_invoke":0,"fail_output":0,"mean_us":8661624.69,"max_us":9488022.50,"last_us":8374712.69,"out0":0.82172,"out_elems":3,"out_sha256":"c8c7a85b5eb779322a832cdfd151091c0aa99297afcfd087eb5e3c8e02684778","out_head":[0.821720,0.125076,0.053204],"out_tail":[0.821720,0.125076,0.053204],"out_full_file":"/cf/last_out.json","out_full_file_bytes":118,"out_full_file_reason":"ok","out_record_truncates":false}
{"app":"AI_LEARNER","stage":"mem","model":"smartcam","target":"aarch64-unknown-linux-gnu","completed":33,"hal_peak":9382092,"peak_within_bounded":true,"admitted_budget_bytes":9382092,"peak_within_admitted_budget":true,"admission_mode":"conditional_map","hal_bytes_per_call_amortized":8798225.8,"process_rss_kb":26368,"process_rss_delta_init_kb":1744,"max_active_calls":1,"active_calls_now":0,"call_counter_balanced":true}
..EVS Port1 1980-012-14:08:20.19889 66/1/AI_LEARNER 4: AI_LEARNER completed=34/34 mean=8644614.0us max=9488022.5us hal_peak=9382092 within_bounded=1
{"app":"AI_LEARNER","stage":"run","model":"smartcam","target":"aarch64-unknown-linux-gnu","attempted":34,"completed":34,"fail_input":0,"fail_invoke":0,"fail_output":0,"mean_us":8644614.04,"max_us":9488022.50,"last_us":8083262.48,"out0":0.82172,"out_elems":3,"out_sha256":"c8c7a85b5eb779322a832cdfd151091c0aa99297afcfd087eb5e3c8e02684778","out_head":[0.821720,0.125076,0.053204],"out_tail":[0.821720,0.125076,0.053204],"out_full_file":"/cf/last_out.json","out_full_file_bytes":118,"out_full_file_reason":"ok","out_record_truncates":false}
{"app":"AI_LEARNER","stage":"mem","model":"smartcam","target":"aarch64-unknown-linux-gnu","completed":34,"hal_peak":9382092,"peak_within_bounded":true,"admitted_budget_bytes":9382092,"peak_within_admitted_budget":true,"admission_mode":"conditional_map","hal_bytes_per_call_amortized":8797689.2,"process_rss_kb":26368,"process_rss_delta_init_kb":1744,"max_active_calls":1,"active_calls_now":0,"call_counter_balanced":true}
.EVS Port1 1980-012-14:08:28.80223 66/1/AI_LEARNER 4: AI_LEARNER completed=35/35 mean=8642879.7us max=9488022.5us hal_peak=9382092 within_bounded=1
{"app":"AI_LEARNER","stage":"run","model":"smartcam","target":"aarch64-unknown-linux-gnu","attempted":35,"completed":35,"fail_input":0,"fail_invoke":0,"fail_output":0,"mean_us":8642879.71,"max_us":9488022.50,"last_us":8583912.58,"out0":0.82172,"out_elems":3,"out_sha256":"c8c7a85b5eb779322a832cdfd151091c0aa99297afcfd087eb5e3c8e02684778","out_head":[0.821720,0.125076,0.053204],"out_tail":[0.821720,0.125076,0.053204],"out_full_file":"/cf/last_out.json","out_full_file_bytes":118,"out_full_file_reason":"ok","out_record_truncates":false}
{"app":"AI_LEARNER","stage":"mem","model":"smartcam","target":"aarch64-unknown-linux-gnu","completed":35,"hal_peak":9382092,"peak_within_bounded":true,"admitted_budget_bytes":9382092,"peak_within_admitted_budget":true,"admission_mode":"conditional_map","hal_bytes_per_call_amortized":8797183.2,"process_rss_kb":26368,"process_rss_delta_init_kb":1744,"max_active_calls":1,"active_calls_now":0,"call_counter_balanced":true}
..EVS Port1 1980-012-14:08:37.52482 66/1/AI_LEARNER 4: AI_LEARNER completed=36/36 mean=8644429.7us max=9488022.5us hal_peak=9382092 within_bounded=1
{"app":"AI_LEARNER","stage":"run","model":"smartcam","target":"aarch64-unknown-linux-gnu","attempted":36,"completed":36,"fail_input":0,"fail_invoke":0,"fail_output":0,"mean_us":8644429.65,"max_us":9488022.50,"last_us":8698677.55,"out0":0.82172,"out_elems":3,"out_sha256":"c8c7a85b5eb779322a832cdfd151091c0aa99297afcfd087eb5e3c8e02684778","out_head":[0.821720,0.125076,0.053204],"out_tail":[0.821720,0.125076,0.053204],"out_full_file":"/cf/last_out.json","out_full_file_bytes":118,"out_full_file_reason":"ok","out_record_truncates":false}
{"app":"AI_LEARNER","stage":"mem","model":"smartcam","target":"aarch64-unknown-linux-gnu","completed":36,"hal_peak":9382092,"peak_within_bounded":true,"admitted_budget_bytes":9382092,"peak_within_admitted_budget":true,"admission_mode":"conditional_map","hal_bytes_per_call_amortized":8796705.3,"process_rss_kb":26368,"process_rss_delta_init_kb":1744,"max_active_calls":1,"active_calls_now":0,"call_counter_balanced":true}
.EVS Port1 1980-012-14:08:45.75865 66/1/AI_LEARNER 4: AI_LEARNER completed=37/37 mean=8633039.3us max=9488022.5us hal_peak=9382092 within_bounded=1
{"app":"AI_LEARNER","stage":"run","model":"smartcam","target":"aarch64-unknown-linux-gnu","attempted":37,"completed":37,"fail_input":0,"fail_invoke":0,"fail_output":0,"mean_us":8633039.30,"max_us":9488022.50,"last_us":8222986.66,"out0":0.82172,"out_elems":3,"out_sha256":"c8c7a85b5eb779322a832cdfd151091c0aa99297afcfd087eb5e3c8e02684778","out_head":[0.821720,0.125076,0.053204],"out_tail":[0.821720,0.125076,0.053204],"out_full_file":"/cf/last_out.json","out_full_file_bytes":118,"out_full_file_reason":"ok","out_record_truncates":false}
{"app":"AI_LEARNER","stage":"mem","model":"smartcam","target":"aarch64-unknown-linux-gnu","completed":37,"hal_peak":9382092,"peak_within_bounded":true,"admitted_budget_bytes":9382092,"peak_within_admitted_budget":true,"admission_mode":"conditional_map","hal_bytes_per_call_amortized":8796253.3,"process_rss_kb":26368,"process_rss_delta_init_kb":1744,"max_active_calls":1,"active_calls_now":0,"call_counter_balanced":true}
.EVS Port1 1980-012-14:08:52.84989 66/1/AI_LEARNER 4: AI_LEARNER completed=38/38 mean=8618217.6us max=9488022.5us hal_peak=9382092 within_bounded=1
{"app":"AI_LEARNER","stage":"run","model":"smartcam","target":"aarch64-unknown-linux-gnu","attempted":38,"completed":38,"fail_input":0,"fail_invoke":0,"fail_output":0,"mean_us":8618217.64,"max_us":9488022.50,"last_us":8069816.13,"out0":0.82172,"out_elems":3,"out_sha256":"c8c7a85b5eb779322a832cdfd151091c0aa99297afcfd087eb5e3c8e02684778","out_head":[0.821720,0.125076,0.053204],"out_tail":[0.821720,0.125076,0.053204],"out_full_file":"/cf/last_out.json","out_full_file_bytes":118,"out_full_file_reason":"ok","out_record_truncates":false}
{"app":"AI_LEARNER","stage":"mem","model":"smartcam","target":"aarch64-unknown-linux-gnu","completed":38,"hal_peak":9382092,"peak_within_bounded":true,"admitted_budget_bytes":9382092,"peak_within_admitted_budget":true,"admission_mode":"conditional_map","hal_bytes_per_call_amortized":8795825.1,"process_rss_kb":26368,"process_rss_delta_init_kb":1744,"max_active_calls":1,"active_calls_now":0,"call_counter_balanced":true}
..EVS Port1 1980-012-14:09:00.85028 66/1/AI_LEARNER 4: AI_LEARNER completed=39/39 mean=8602035.4us max=9488022.5us hal_peak=9382092 within_bounded=1
{"app":"AI_LEARNER","stage":"run","model":"smartcam","target":"aarch64-unknown-linux-gnu","attempted":39,"completed":39,"fail_input":0,"fail_invoke":0,"fail_output":0,"mean_us":8602035.37,"max_us":9488022.50,"last_us":7987109.02,"out0":0.82172,"out_elems":3,"out_sha256":"c8c7a85b5eb779322a832cdfd151091c0aa99297afcfd087eb5e3c8e02684778","out_head":[0.821720,0.125076,0.053204],"out_tail":[0.821720,0.125076,0.053204],"out_full_file":"/cf/last_out.json","out_full_file_bytes":118,"out_full_file_reason":"ok","out_record_truncates":false}
{"app":"AI_LEARNER","stage":"mem","model":"smartcam","target":"aarch64-unknown-linux-gnu","completed":39,"hal_peak":9382092,"peak_within_bounded":true,"admitted_budget_bytes":9382092,"peak_within_admitted_budget":true,"admission_mode":"conditional_map","hal_bytes_per_call_amortized":8795418.8,"process_rss_kb":26368,"process_rss_delta_init_kb":1744,"max_active_calls":1,"active_calls_now":0,"call_counter_balanced":true}
.EVS Port1 1980-012-14:09:06.00402 66/1/CFE_TIME 21: Stop FLYWHEEL
EVS Port1 1980-012-14:09:07.01889 66/1/CFE_TIME 20: Start FLYWHEEL
EVS Port1 1980-012-14:09:08.00769 66/1/CFE_TIME 21: Stop FLYWHEEL
EVS Port1 1980-012-14:09:08.91589 66/1/AI_LEARNER 4: AI_LEARNER completed=40/40 mean=8588497.0us max=9488022.5us hal_peak=9382092 within_bounded=1
{"app":"AI_LEARNER","stage":"run","model":"smartcam","target":"aarch64-unknown-linux-gnu","attempted":40,"completed":40,"fail_input":0,"fail_invoke":0,"fail_output":0,"mean_us":8588496.98,"max_us":9488022.50,"last_us":8060499.97,"out0":0.82172,"out_elems":3,"out_sha256":"c8c7a85b5eb779322a832cdfd151091c0aa99297afcfd087eb5e3c8e02684778","out_head":[0.821720,0.125076,0.053204],"out_tail":[0.821720,0.125076,0.053204],"out_full_file":"/cf/last_out.json","out_full_file_bytes":118,"out_full_file_reason":"ok","out_record_truncates":false}
{"app":"AI_LEARNER","stage":"mem","model":"smartcam","target":"aarch64-unknown-linux-gnu","completed":40,"hal_peak":9382092,"peak_within_bounded":true,"admitted_budget_bytes":9382092,"peak_within_admitted_budget":true,"admission_mode":"conditional_map","hal_bytes_per_call_amortized":8795032.8,"process_rss_kb":26368,"process_rss_delta_init_kb":1744,"max_active_calls":1,"active_calls_now":0,"call_counter_balanced":true}
EVS Port1 1980-012-14:09:09.00100 66/1/CFE_TIME 20: Start FLYWHEEL
.EVS Port1 1980-012-14:09:16.98066 66/1/AI_LEARNER 4: AI_LEARNER completed=41/41 mean=8575310.4us max=9488022.5us hal_peak=9382092 within_bounded=1
{"app":"AI_LEARNER","stage":"run","model":"smartcam","target":"aarch64-unknown-linux-gnu","attempted":41,"completed":41,"fail_input":0,"fail_invoke":0,"fail_output":0,"mean_us":8575310.40,"max_us":9488022.50,"last_us":8047847.12,"out0":0.82172,"out_elems":3,"out_sha256":"c8c7a85b5eb779322a832cdfd151091c0aa99297afcfd087eb5e3c8e02684778","out_head":[0.821720,0.125076,0.053204],"out_tail":[0.821720,0.125076,0.053204],"out_full_file":"/cf/last_out.json","out_full_file_bytes":118,"out_full_file_reason":"ok","out_record_truncates":false}
{"app":"AI_LEARNER","stage":"mem","model":"smartcam","target":"aarch64-unknown-linux-gnu","completed":41,"hal_peak":9382092,"peak_within_bounded":true,"admitted_budget_bytes":9382092,"peak_within_admitted_budget":true,"admission_mode":"conditional_map","hal_bytes_per_call_amortized":8794665.7,"process_rss_kb":26368,"process_rss_delta_init_kb":1744,"max_active_calls":1,"active_calls_now":0,"call_counter_balanced":true}
..EVS Port1 1980-012-14:09:25.47193 66/1/AI_LEARNER 4: AI_LEARNER completed=42/42 mean=8572846.0us max=9488022.5us hal_peak=9382092 within_bounded=1
{"app":"AI_LEARNER","stage":"run","model":"smartcam","target":"aarch64-unknown-linux-gnu","attempted":42,"completed":42,"fail_input":0,"fail_invoke":0,"fail_output":0,"mean_us":8572846.05,"max_us":9488022.50,"last_us":8471807.76,"out0":0.82172,"out_elems":3,"out_sha256":"c8c7a85b5eb779322a832cdfd151091c0aa99297afcfd087eb5e3c8e02684778","out_head":[0.821720,0.125076,0.053204],"out_tail":[0.821720,0.125076,0.053204],"out_full_file":"/cf/last_out.json","out_full_file_bytes":118,"out_full_file_reason":"ok","out_record_truncates":false}
{"app":"AI_LEARNER","stage":"mem","model":"smartcam","target":"aarch64-unknown-linux-gnu","completed":42,"hal_peak":9382092,"peak_within_bounded":true,"admitted_budget_bytes":9382092,"peak_within_admitted_budget":true,"admission_mode":"conditional_map","hal_bytes_per_call_amortized":8794316.0,"process_rss_kb":26368,"process_rss_delta_init_kb":1744,"max_active_calls":1,"active_calls_now":0,"call_counter_balanced":true}
.EVS Port1 1980-012-14:09:33.58229 66/1/AI_LEARNER 4: AI_LEARNER completed=43/43 mean=8561726.8us max=9488022.5us hal_peak=9382092 within_bounded=1
{"app":"AI_LEARNER","stage":"run","model":"smartcam","target":"aarch64-unknown-linux-gnu","attempted":43,"completed":43,"fail_input":0,"fail_invoke":0,"fail_output":0,"mean_us":8561726.80,"max_us":9488022.50,"last_us":8094718.48,"out0":0.82172,"out_elems":3,"out_sha256":"c8c7a85b5eb779322a832cdfd151091c0aa99297afcfd087eb5e3c8e02684778","out_head":[0.821720,0.125076,0.053204],"out_tail":[0.821720,0.125076,0.053204],"out_full_file":"/cf/last_out.json","out_full_file_bytes":118,"out_full_file_reason":"ok","out_record_truncates":false}
{"app":"AI_LEARNER","stage":"mem","model":"smartcam","target":"aarch64-unknown-linux-gnu","completed":43,"hal_peak":9382092,"peak_within_bounded":true,"admitted_budget_bytes":9382092,"peak_within_admitted_budget":true,"admission_mode":"conditional_map","hal_bytes_per_call_amortized":8793982.6,"process_rss_kb":26368,"process_rss_delta_init_kb":1744,"max_active_calls":1,"active_calls_now":0,"call_counter_balanced":true}
..EVS Port1 1980-012-14:09:41.96925 66/1/AI_LEARNER 4: AI_LEARNER completed=44/44 mean=8557414.5us max=9488022.5us hal_peak=9382092 within_bounded=1
{"app":"AI_LEARNER","stage":"run","model":"smartcam","target":"aarch64-unknown-linux-gnu","attempted":44,"completed":44,"fail_input":0,"fail_invoke":0,"fail_output":0,"mean_us":8557414.51,"max_us":9488022.50,"last_us":8371985.78,"out0":0.82172,"out_elems":3,"out_sha256":"c8c7a85b5eb779322a832cdfd151091c0aa99297afcfd087eb5e3c8e02684778","out_head":[0.821720,0.125076,0.053204],"out_tail":[0.821720,0.125076,0.053204],"out_full_file":"/cf/last_out.json","out_full_file_bytes":118,"out_full_file_reason":"ok","out_record_truncates":false}
{"app":"AI_LEARNER","stage":"mem","model":"smartcam","target":"aarch64-unknown-linux-gnu","completed":44,"hal_peak":9382092,"peak_within_bounded":true,"admitted_budget_bytes":9382092,"peak_within_admitted_budget":true,"admission_mode":"conditional_map","hal_bytes_per_call_amortized":8793664.4,"process_rss_kb":26368,"process_rss_delta_init_kb":1744,"max_active_calls":1,"active_calls_now":0,"call_counter_balanced":true}
.EVS Port1 1980-012-14:09:51.07676 66/1/AI_LEARNER 4: AI_LEARNER completed=45/45 mean=8569512.4us max=9488022.5us hal_peak=9382092 within_bounded=1
{"app":"AI_LEARNER","stage":"run","model":"smartcam","target":"aarch64-unknown-linux-gnu","attempted":45,"completed":45,"fail_input":0,"fail_invoke":0,"fail_output":0,"mean_us":8569512.39,"max_us":9488022.50,"last_us":9101819.17,"out0":0.82172,"out_elems":3,"out_sha256":"c8c7a85b5eb779322a832cdfd151091c0aa99297afcfd087eb5e3c8e02684778","out_head":[0.821720,0.125076,0.053204],"out_tail":[0.821720,0.125076,0.053204],"out_full_file":"/cf/last_out.json","out_full_file_bytes":118,"out_full_file_reason":"ok","out_record_truncates":false}
{"app":"AI_LEARNER","stage":"mem","model":"smartcam","target":"aarch64-unknown-linux-gnu","completed":45,"hal_peak":9382092,"peak_within_bounded":true,"admitted_budget_bytes":9382092,"peak_within_admitted_budget":true,"admission_mode":"conditional_map","hal_bytes_per_call_amortized":8793360.3,"process_rss_kb":26368,"process_rss_delta_init_kb":1744,"max_active_calls":1,"active_calls_now":0,"call_counter_balanced":true}
..EVS Port1 1980-012-14:09:59.92982 66/1/AI_LEARNER 4: AI_LEARNER completed=46/46 mean=8575121.6us max=9488022.5us hal_peak=9382092 within_bounded=1
{"app":"AI_LEARNER","stage":"run","model":"smartcam","target":"aarch64-unknown-linux-gnu","attempted":46,"completed":46,"fail_input":0,"fail_invoke":0,"fail_output":0,"mean_us":8575121.65,"max_us":9488022.50,"last_us":8827538.27,"out0":0.82172,"out_elems":3,"out_sha256":"c8c7a85b5eb779322a832cdfd151091c0aa99297afcfd087eb5e3c8e02684778","out_head":[0.821720,0.125076,0.053204],"out_tail":[0.821720,0.125076,0.053204],"out_full_file":"/cf/last_out.json","out_full_file_bytes":118,"out_full_file_reason":"ok","out_record_truncates":false}
{"app":"AI_LEARNER","stage":"mem","model":"smartcam","target":"aarch64-unknown-linux-gnu","completed":46,"hal_peak":9382092,"peak_within_bounded":true,"admitted_budget_bytes":9382092,"peak_within_admitted_budget":true,"admission_mode":"conditional_map","hal_bytes_per_call_amortized":8793069.4,"process_rss_kb":26368,"process_rss_delta_init_kb":1744,"max_active_calls":1,"active_calls_now":0,"call_counter_balanced":true}
.EVS Port1 1980-012-14:10:08.23072 66/1/AI_LEARNER 4: AI_LEARNER completed=47/47 mean=8568953.7us max=9488022.5us hal_peak=9382092 within_bounded=1
{"app":"AI_LEARNER","stage":"run","model":"smartcam","target":"aarch64-unknown-linux-gnu","attempted":47,"completed":47,"fail_input":0,"fail_invoke":0,"fail_output":0,"mean_us":8568953.72,"max_us":9488022.50,"last_us":8285229.18,"out0":0.82172,"out_elems":3,"out_sha256":"c8c7a85b5eb779322a832cdfd151091c0aa99297afcfd087eb5e3c8e02684778","out_head":[0.821720,0.125076,0.053204],"out_tail":[0.821720,0.125076,0.053204],"out_full_file":"/cf/last_out.json","out_full_file_bytes":118,"out_full_file_reason":"ok","out_record_truncates":false}
{"app":"AI_LEARNER","stage":"mem","model":"smartcam","target":"aarch64-unknown-linux-gnu","completed":47,"hal_peak":9382092,"peak_within_bounded":true,"admitted_budget_bytes":9382092,"peak_within_admitted_budget":true,"admission_mode":"conditional_map","hal_bytes_per_call_amortized":8792790.9,"process_rss_kb":26368,"process_rss_delta_init_kb":1744,"max_active_calls":1,"active_calls_now":0,"call_counter_balanced":true}
.EVS Port1 1980-012-14:10:16.40776 66/1/AI_LEARNER 4: AI_LEARNER completed=48/48 mean=8560169.9us max=9488022.5us hal_peak=9382092 within_bounded=1
{"app":"AI_LEARNER","stage":"run","model":"smartcam","target":"aarch64-unknown-linux-gnu","attempted":48,"completed":48,"fail_input":0,"fail_invoke":0,"fail_output":0,"mean_us":8560169.85,"max_us":9488022.50,"last_us":8147327.87,"out0":0.82172,"out_elems":3,"out_sha256":"c8c7a85b5eb779322a832cdfd151091c0aa99297afcfd087eb5e3c8e02684778","out_head":[0.821720,0.125076,0.053204],"out_tail":[0.821720,0.125076,0.053204],"out_full_file":"/cf/last_out.json","out_full_file_bytes":118,"out_full_file_reason":"ok","out_record_truncates":false}
{"app":"AI_LEARNER","stage":"mem","model":"smartcam","target":"aarch64-unknown-linux-gnu","completed":48,"hal_peak":9382092,"peak_within_bounded":true,"admitted_budget_bytes":9382092,"peak_within_admitted_budget":true,"admission_mode":"conditional_map","hal_bytes_per_call_amortized":8792524.0,"process_rss_kb":26368,"process_rss_delta_init_kb":1744,"max_active_calls":1,"active_calls_now":0,"call_counter_balanced":true}
.1980-012-14:10:17.50591 CFE_ES_RunExceptionScan: ExceptionID 0x1110000 in TaskID 0: Caught SIGINT
1980-012-14:10:17.51005 CFE_ES_RunExceptionScan: Processor Reset count not reached (0/2)
CFE_PSP: Exiting cFE with PROCESSOR Reset status.

CFE_PSP: Shutdown initiated - Exiting cFE
CI delete callback -- Closing CI Network socket.
TO delete callback -- Closing TO Network socket.
EVS Port1 1980-012-14:10:22.42356 66/1/AI_LEARNER 4: AI_LEARNER completed=49/49 mean=8508054.1us max=9488022.5us hal_peak=9382092 within_bounded=1
EXIT=124
