CFE_PSP: Default Reset SubType = 1
CFE_PSP: Default CPU ID = 1
CFE_PSP: Default Spacecraft ID = 66
CFE_PSP: Default CPU Name: cpu1
OS_Posix_GetSchedulerParams():208:Policy 1: available, min-max: 1-99
OS_Posix_GetSchedulerParams():208:Policy 2: available, min-max: 1-99
OS_Posix_TaskAPI_Impl_Init():401:Selected policy 2 for RT tasks, root task = 99
CFE_PSP: initializing module 'soft_timebase' with ID 0110ff00
CFE_PSP: Instantiated software timebase 'cFS-Master' running at 10000 usec
CFE_PSP: initializing module 'timebase_posix_clock' with ID 0110ff01
CFE_PSP: Using POSIX monotonic clock as CFE timebase
CFE_PSP: initializing module 'eeprom_mmap_file' with ID 0110ff02
CFE_PSP: Using MMAP simulated EEPROM implementation
CFE_PSP: initializing module 'port_notimpl' with ID 0110ff03
CFE_PSP: I/O Port access not implemented
CFE_PSP: initializing module 'iodriver' with ID 0110ff04
CFE_PSP: initializing module 'linux_sysmon' with ID 0110ff05
CFE_PSP: initializing module 'endian_api' with ID 0110ff06
CFE_PSP: Host CPU Endian=LITTLE
CFE_PSP: EEPROM Range (2) created: Start Address = 7FE403880000, Size = 00080000 Status = 0
CFE_PSP: initializing module 'ram_notimpl' with ID 0110ff07
CFE_PSP: Physical RAM access not implemented
CFE_PSP: Normal exit from previous cFE instance
CFE_PSP: Starting the cFE with a PROCESSOR reset.
1980-001-13:11:38.15530 CFE_ES_Main: CFE_ES_Main in EARLY_INIT state
1980-001-13:11:38.15540 CFE_ES_InitializeFileSystems: Volatile Disk has 100 Percent free space.
Number of addresses returned by backtrace = 1
CFE_PSP: CFE_PSP_AttachExceptions called
1980-001-13:11:38.15576 CFE_ES_Main: CFE_ES_Main entering CORE_STARTUP state
1980-001-13:11:38.15576 CFE_ES_CreateObjects: Starting Object Creation calls.
1980-001-13:11:38.15576 CFE_ES_CreateObjects: Calling EarlyInit for CFE_CONFIG
1980-001-13:11:38.15578 CFE_ES_CreateObjects: Calling EarlyInit for CFE_ES
1980-001-13:11:38.15587 CFE_ES_CreateObjects: Calling EarlyInit for CFE_EVS
1980-001-13:11:38.15590 CFE_EVS_EarlyInit: Event Log restored, n=0, c=20, f=1, m=1, o=100
1980-001-13:11:38.15591 CFE_ES_CreateObjects: Calling EarlyInit for CFE_FS
1980-001-13:11:38.15591 CFE_ES_CreateObjects: Calling EarlyInit for CFE_SB
1980-001-13:11:38.15637 CFE_ES_CreateObjects: Calling EarlyInit for CFE_TBL
1980-001-13:11:38.15690 CFE_ES_CreateObjects: Calling EarlyInit for CFE_TIME
EVS Port1 1980-012-14:04:00.15200 66/1/CFE_ES 1: cFE ES Initialized: CFE_ES v7.0.1+dev1 (Draco) DEV BUILD, based on v7.0.1, EDS disabled
EVS Port1 1980-012-14:04:00.15203 66/1/CFE_ES 2: cFS Versions: cfe v7.0.1+dev1, osal v7.0.1+dev1, psp v7.0.1+dev1. cFE chksm 44658
EVS Port1 1980-012-14:04:00.15205 66/1/CFE_ES 91: Version Info: Mission SampleMission, version git:v7.0.1-90-g78c23b0-dirty
EVS Port1 1980-012-14:04:00.15208 66/1/CFE_ES 91: Version Info: Module CORE_API, version git:2612eb0
EVS Port1 1980-012-14:04:00.15208 66/1/CFE_ES 91: Version Info: Module CONFIG, version git:2612eb0
EVS Port1 1980-012-14:04:00.15209 66/1/CFE_ES 91: Version Info: Module ES, version git:2612eb0
EVS Port1 1980-012-14:04:00.15209 66/1/CFE_ES 91: Version Info: Module EVS, version git:2612eb0
EVS Port1 1980-012-14:04:00.15209 66/1/CFE_ES 91: Version Info: Module FS, version git:2612eb0
EVS Port1 1980-012-14:04:00.15211 66/1/CFE_ES 91: Version Info: Module SB, version git:2612eb0
EVS Port1 1980-012-14:04:00.15211 66/1/CFE_ES 91: Version Info: Module TBL, version git:2612eb0
EVS Port1 1980-012-14:04:00.15211 66/1/CFE_ES 91: Version Info: Module TIME, version git:2612eb0
EVS Port1 1980-012-14:04:00.15213 66/1/CFE_ES 91: Version Info: Module OSAL, version git:8111e4a
EVS Port1 1980-012-14:04:00.15213 66/1/CFE_ES 91: Version Info: Module PSP, version git:d1da809
EVS Port1 1980-012-14:04:00.15213 66/1/CFE_ES 91: Version Info: Module MSG, version git:2612eb0
EVS Port1 1980-012-14:04:00.15214 66/1/CFE_ES 91: Version Info: Module SBR, version git:2612eb0
EVS Port1 1980-012-14:04:00.15216 66/1/CFE_ES 91: Version Info: Module RESOURCEID, version git:2612eb0
EVS Port1 1980-012-14:04:00.15219 66/1/CFE_ES 92: Build 202609091536 by root@vm, config sample
EVS Port1 1980-012-14:04:00.25088 66/1/CFE_EVS 1: cFE EVS Initialized: CFE_EVS v7.0.1+dev1 (Draco) DEV BUILD, based on v7.0.1, EDS disabled
1980-012-14:04:00.35126 CFE_SB_AppInit: Registered 4 events for filtering
EVS Port1 1980-012-14:04:00.35137 66/1/CFE_SB 1: cFE SB Initialized: CFE_SB v7.0.1+dev1 (Draco) DEV BUILD, based on v7.0.1, EDS disabled
EVS Port1 1980-012-14:04:00.35139 66/1/CFE_SB 14: No subscribers for MsgId 0x808,sender CFE_SB
EVS Port1 1980-012-14:04:00.45208 66/1/CFE_TBL 1: cFE TBL Initialized: CFE_TBL v7.0.1+dev1 (Draco) DEV BUILD, based on v7.0.1, EDS disabled
EVS Port1 1980-012-14:04:00.45213 66/1/CFE_SB 14: No subscribers for MsgId 0x808,sender CFE_TBL
EVS Port1 1980-012-14:04:00.55271 66/1/CFE_TIME 1: cFE TIME Initialized: CFE_TIME v7.0.1+dev1 (Draco) DEV BUILD, based on v7.0.1, EDS disabled
EVS Port1 1980-012-14:04:00.55276 66/1/CFE_SB 14: No subscribers for MsgId 0x808,sender CFE_TIME
OS_FileOpen_Impl():110:open(/dev/shm/osal:RAM/cfe_es_startup.scr): No such file or directory
1980-012-14:04:00.60243 CFE_ES_CreateObjects: Finished ES CreateObject table entries.
1980-012-14:04:00.60248 CFE_ES_Main: CFE_ES_Main entering CORE_READY state
1980-012-14:04:00.60255 CFE_ES_OpenStartupScript: Cannot Open Volatile Startup file: /ram/cfe_es_startup.scr, Trying Nonvolatile.
1980-012-14:04:00.60256 CFE_ES_OpenStartupScript: Opened ES App Startup file: /cf/cfe_es_startup.scr
1980-012-14:04:00.60273 CFE_ES_ParseFileEntry: Loading shared library: /cf/cfe_assert.so
1980-012-14:04:00.60300 [BEGIN] CFE FUNCTIONAL TEST
1980-012-14:04:00.60303 [BEGIN] 01 CFE-STARTUP
1980-012-14:04:00.60322 CFE_ES_ParseFileEntry: Loading shared library: /cf/sample_lib.so
SAMPLE Lib Initialized.Sample Lib v7.0.0+dev1 (Draco) DEV BUILD, based on v7.0.1, EDS disabled
1980-012-14:04:00.60347 CFE_ES_ParseFileEntry: Loading file: /cf/sch_lab.so, APP: SCH_LAB
1980-012-14:04:00.60377 CFE_ES_ParseFileEntry: Loading file: /cf/ci_lab.so, APP: CI_LAB
1980-012-14:04:00.60413 CFE_ES_ParseFileEntry: Loading file: /cf/to_lab.so, APP: TO_LAB
1980-012-14:04:00.60448 CFE_ES_ParseFileEntry: Loading file: /cf/sample_app.so, APP: SAMPLE_APP
1980-012-14:04:00.60475 CFE_ES_ParseFileEntry: Loading file: /cf/ai_learner.so, APP: AI_LEARNER
1980-012-14:04:00.60521 CFE_ES_ParseFileEntry: Loading file: /cf/lc.so, APP: LC
1980-012-14:04:00.60545 CFE_ES_ParseFileEntry: Loading file: /cf/cf.so, APP: CF
1980-012-14:04:00.60573 CFE_ES_ParseFileEntry: Loading file: /cf/ds.so, APP: DS
1980-012-14:04:00.60603 CFE_ES_ParseFileEntry: Loading file: /cf/fm.so, APP: FM
1980-012-14:04:00.60629 CFE_ES_ParseFileEntry: Loading file: /cf/hk.so, APP: HK
1980-012-14:04:00.60652 CFE_ES_ParseFileEntry: Loading file: /cf/hs.so, APP: HS
1980-012-14:04:00.60676 CFE_ES_ParseFileEntry: Loading file: /cf/mm.so, APP: MM
1980-012-14:04:00.60703 CFE_ES_ParseFileEntry: Loading file: /cf/sc.so, APP: SC
1980-012-14:04:00.60732 CFE_ES_ParseFileEntry: Loading file: /cf/md.so, APP: MD
1980-012-14:04:00.60755 CFE_ES_ParseFileEntry: Loading file: /cf/cs.so, APP: CS
1980-012-14:04:00.60788 CFE_ES_ParseFileEntry: Loading file: /cf/sbn.so, APP: SBN
SCH Lab Initialized.SCH Lab v7.0.1+dev1 (Draco) DEV BUILD, based on v7.0.1, EDS disabled
EVS Port1 1980-012-14:04:00.65457 66/1/TO_LAB 1: TO Lab Initialized.TO Lab v7.0.1+dev1 (Draco) DEV BUILD, based on v7.0.1, EDS disabled, Awaiting enable command.
EVS Port1 1980-012-14:04:00.65464 66/1/CFE_SB 14: No subscribers for MsgId 0x808,sender TO_LAB
EVS Port1 1980-012-14:04:00.65478 66/1/SAMPLE_APP 1: Sample App Initialized.Sample App v7.0.0+dev1 (Draco) DEV BUILD, based on v7.0.1, EDS disabled
{"app":"AI_LEARNER","stage":"stack","es_stack_size":262176,"stack_base_bytes":262144,"contract_kernel_stack_bytes":32,"kernel_stack_accounted":true}
{"app":"AI_LEARNER","stage":"admission","verdict":"ADMIT","model":"b3_deepae","target":"x86_64-unknown-linux-gnu","bounded":1069632,"budget":1069632,"per_call":6208,"constants":1063424,"kernel_stack_bytes":32,"bound_known":true,"scope":"per_app_local_budget"}
EVS Port1 1980-012-14:04:00.65525 66/1/AI_LEARNER 8: AI_LEARNER stack: es=262176 base=262144 kernel=32 accounted=1
EVS Port1 1980-012-14:04:00.65562 66/1/LC 56: WDT verify results: good = 0, bad = 0, unused = 176
EVS Port1 1980-012-14:04:00.65597 66/1/LC 66: ADT verify results: good = 0, bad = 0, unused = 176
EVS Port1 1980-012-14:04:00.65603 66/1/LC 23: LC use of Critical Data Store disabled, activity mask = 0x00991990
EVS Port1 1980-012-14:04:00.65605 66/1/LC 2: LC Initialized. Version 7.0.1.255
EVS Port1 1980-012-14:04:00.65617 66/1/CF 20: CF Initialized. Version 7.0.1.255
EVS Port1 1980-012-14:04:00.65628 66/1/DS 10: Destination file table verify results: good entries = 6, bad = 0, unused = 10
EVS Port1 1980-012-14:04:00.65638 66/1/DS 12: Filter table verify results: good entries = 14, bad = 0, unused = 242
EVS Port1 1980-012-14:04:00.65644 66/1/FM 80: Free Space Table verify results: good entries = 3, bad = 0, unused = 5
EVS Port1 1980-012-14:04:00.65658 66/1/DS 1: Application initialized, version 7.0.1.255, data at 0x7fe40353e480
EVS Port1 1980-012-14:04:00.65666 66/1/FM 1: Initialization complete: version 7.0.1.255
EVS Port1 1980-012-14:04:00.65669 66/1/HK 1: HK Initialized.  Version 7.0.1.255
EVS Port1 1980-012-14:04:00.65699 66/1/HS 54: ExeCount verify results: good = 5, bad = 0, unused = 27
EVS Port1 1980-012-14:04:00.65707 66/1/HS 50: AppMon verify results: good = 0, bad = 0, unused = 32
EVS Port1 1980-012-14:04:00.65713 66/1/HS 52: EventMon verify results: good = 0, bad = 0, unused = 16
EVS Port1 1980-012-14:04:00.65721 66/1/HS 56: MsgActs verify results: good = 2, bad = 0, unused = 6
1980-012-14:04:00.65803 HS_SysMonInit(): System Monitor using PSP device ID 0110ff05
open(/proc/schedstat): No such file or directory
1980-012-14:04:00.65828 HS_SysMonInit(): Unable to start device 0110ff05
EVS Port1 1980-012-14:04:00.65867 66/1/MM 1: MM Initialized. Version 7.0.1.255
EVS Port1 1980-012-14:04:00.65875 66/1/HS 74: Error in system monitor initialization, RC=0xC8000005
1980-012-14:04:00.65931 CI_LAB listening on UDP port: 1234
EVS Port1 1980-012-14:04:00.65936 66/1/CI_LAB 3: CI Lab Initialized.CI Lab App v7.0.1+dev1 (Draco) DEV BUILD, based on v7.0.1, EDS disabled
EVS Port1 1980-012-14:04:00.66059 66/1/SBN 2: SBN subscribed to command pipe SBN_CMD_MID 0x18FA
EVS Port1 1980-012-14:04:00.66093 66/1/MD 52: MD Dwell Tbl verify results: good = 0, bad = 0, unused = 25
EVS Port1 1980-012-14:04:00.66128 66/1/MD 3: Recovered Dwell Table #1 is valid and has been copied to the MD App
EVS Port1 1980-012-14:04:00.66140 66/1/CS 144: CS EEPROM Table verification results: good = 0, bad = 0, unused = 16
EVS Port1 1980-012-14:04:00.66149 66/1/MD 52: MD Dwell Tbl verify results: good = 0, bad = 0, unused = 25
EVS Port1 1980-012-14:04:00.66152 66/1/MD 3: Recovered Dwell Table #2 is valid and has been copied to the MD App
EVS Port1 1980-012-14:04:00.66152 66/1/CS 107: CS EEPROM Table: No valid entries in the table
EVS Port1 1980-012-14:04:00.66168 66/1/MD 52: MD Dwell Tbl verify results: good = 0, bad = 0, unused = 25
EVS Port1 1980-012-14:04:00.66172 66/1/MD 3: Recovered Dwell Table #3 is valid and has been copied to the MD App
EVS Port1 1980-012-14:04:00.66174 66/1/CS 143: CS Memory Table verification results: good = 0, bad = 0, unused = 16
EVS Port1 1980-012-14:04:00.66181 66/1/CS 107: CS Memory Table: No valid entries in the table
EVS Port1 1980-012-14:04:00.66209 66/1/MD 52: MD Dwell Tbl verify results: good = 0, bad = 0, unused = 25
EVS Port1 1980-012-14:04:00.66220 66/1/MD 3: Recovered Dwell Table #4 is valid and has been copied to the MD App
EVS Port1 1980-012-14:04:00.66226 66/1/MD 7: Dwell Tables Recovered: 4, Dwell Tables Initialized: 0
EVS Port1 1980-012-14:04:00.66226 66/1/CS 139: CS Tables Table verification results: good = 1, bad = 0, unused = 23
EVS Port1 1980-012-14:04:00.66229 66/1/MD 1: MD Initialized.  Version 7.0.1.255
EVS Port1 1980-012-14:04:00.66236 66/1/CS 142: CS Apps Table verification results: good = 0, bad = 0, unused = 24
EVS Port1 1980-012-14:04:00.66242 66/1/CS 108: CS Apps Table: No valid entries in the table
EVS Port1 1980-012-14:04:00.66242 66/1/SC 21: RTS table files not loaded at initialization = 0 of 4
EVS Port1 1980-012-14:04:00.66246 66/1/CS 127: OS Text Segment disabled due to platform
EVS Port1 1980-012-14:04:00.66246 66/1/CS 1: CS Initialized. Version 7.0.1.255
EVS Port1 1980-012-14:04:00.66270 66/1/SC 9: SC Initialized. Version 7.0.1.255
{"app":"AI_LEARNER","stage":"binding","verdict":"MATCH","artifact_bytes":1080064,"artifact_sha256":"8361791ddcf381b3","contract_sha256":"8361791ddcf381b3"}
{"app":"AI_LEARNER","stage":"map_branch","model":"b3_deepae","module_ptr_mod64":0,"hal_peak_after_append":0,"contract_const_bytes":1063424,"contract_per_call_bytes":6208,"arm":"map","admission_mode":"unconditional"}
{"app":"AI_LEARNER","stage":"mem_init","model":"b3_deepae","target":"x86_64-unknown-linux-gnu","hal_peak":2560,"hal_allocated":2560,"bounded":1069632,"peak_within_bounded":true,"inferences_so_far":0,"process_rss_kb":7688,"rss_kb_before_runtime":7276,"rss_kb_after_session":7580,"rss_kb_after_init":7688}
{"app":"AI_LEARNER","stage":"e25_mode","active":false,"inputs_path":"/cf/e25_inputs.bin"}
EVS Port1 1980-012-14:04:00.67239 66/1/AI_LEARNER 3: AI_LEARNER initialized: model b3_deepae (1080064 B), rss_delta_init=412 KB
EVS Port1 1980-012-14:04:00.70680 66/1/FM 72: Child Task initialization complete
1980-012-14:04:00.70832 CFE_ES_Main: CFE_ES_Main entering APPS_INIT state
1980-012-14:04:00.70836 CFE_ES_Main: CFE_ES_Main entering OPERATIONAL state
EVS Port1 1980-012-14:04:00.71128 66/1/SBN 4: checking if module (UDP) already loaded
OS_GenericSymbolLookup_Impl():114:SBN_UDP_Ops: ./core-cpu1: undefined symbol: SBN_UDP_Ops
OS_GenericSymbolLookup_Impl():114:SBN_UDP_Ops: ./cf/cfe_assert.so: undefined symbol: SBN_UDP_Ops
OS_GenericSymbolLookup_Impl():114:SBN_UDP_Ops: ./cf/sample_lib.so: undefined symbol: SBN_UDP_Ops
OS_GenericSymbolLookup_Impl():114:SBN_UDP_Ops: ./cf/sch_lab.so: undefined symbol: SBN_UDP_Ops
OS_GenericSymbolLookup_Impl():114:SBN_UDP_Ops: ./cf/ci_lab.so: undefined symbol: SBN_UDP_Ops
OS_GenericSymbolLookup_Impl():114:SBN_UDP_Ops: ./cf/to_lab.so: undefined symbol: SBN_UDP_Ops
OS_GenericSymbolLookup_Impl():114:SBN_UDP_Ops: ./cf/sample_app.so: undefined symbol: SBN_UDP_Ops
OS_GenericSymbolLookup_Impl():114:SBN_UDP_Ops: ./cf/ai_learner.so: undefined symbol: SBN_UDP_Ops
OS_GenericSymbolLookup_Impl():114:SBN_UDP_Ops: ./cf/lc.so: undefined symbol: SBN_UDP_Ops
OS_GenericSymbolLookup_Impl():114:SBN_UDP_Ops: ./cf/cf.so: undefined symbol: SBN_UDP_Ops
OS_GenericSymbolLookup_Impl():114:SBN_UDP_Ops: ./cf/ds.so: undefined symbol: SBN_UDP_Ops
OS_GenericSymbolLookup_Impl():114:SBN_UDP_Ops: ./cf/fm.so: undefined symbol: SBN_UDP_Ops
OS_GenericSymbolLookup_Impl():114:SBN_UDP_Ops: ./cf/hk.so: undefined symbol: SBN_UDP_Ops
OS_GenericSymbolLookup_Impl():114:SBN_UDP_Ops: ./cf/hs.so: undefined symbol: SBN_UDP_Ops
OS_GenericSymbolLookup_Impl():114:SBN_UDP_Ops: ./cf/mm.so: undefined symbol: SBN_UDP_Ops
OS_GenericSymbolLookup_Impl():114:SBN_UDP_Ops: ./cf/sc.so: undefined symbol: SBN_UDP_Ops
OS_GenericSymbolLookup_Impl():114:SBN_UDP_Ops: ./cf/md.so: undefined symbol: SBN_UDP_Ops
OS_GenericSymbolLookup_Impl():114:SBN_UDP_Ops: ./cf/cs.so: undefined symbol: SBN_UDP_Ops
OS_GenericSymbolLookup_Impl():114:SBN_UDP_Ops: ./cf/sbn.so: undefined symbol: SBN_UDP_Ops
EVS Port1 1980-012-14:04:00.71148 66/1/SBN 4: symbol not yet loaded (SBN_UDP_Ops)
EVS Port1 1980-012-14:04:00.71154 66/1/SBN 4: loading module (Name=UDP, File=/cf/sbn_udp.so)
EVS Port1 1980-012-14:04:00.71170 66/1/SBN 4: validating symbol load (SBN_UDP_Ops)
EVS Port1 1980-012-14:04:00.71176 66/1/SBN 4: initializing protocol module
SBN_UDP Lib Initialized.
EVS Port1 1980-012-14:04:00.71180 66/1/SBN 4: protocol module initialized
EVS Port1 1980-012-14:04:00.71183 66/1/SBN 4: checking if module (Remap) already loaded
OS_GenericSymbolLookup_Impl():114:SBN_F_Remap: ./core-cpu1: undefined symbol: SBN_F_Remap
OS_GenericSymbolLookup_Impl():114:SBN_F_Remap: ./cf/cfe_assert.so: undefined symbol: SBN_F_Remap
OS_GenericSymbolLookup_Impl():114:SBN_F_Remap: ./cf/sample_lib.so: undefined symbol: SBN_F_Remap
OS_GenericSymbolLookup_Impl():114:SBN_F_Remap: ./cf/sch_lab.so: undefined symbol: SBN_F_Remap
OS_GenericSymbolLookup_Impl():114:SBN_F_Remap: ./cf/ci_lab.so: undefined symbol: SBN_F_Remap
OS_GenericSymbolLookup_Impl():114:SBN_F_Remap: ./cf/to_lab.so: undefined symbol: SBN_F_Remap
OS_GenericSymbolLookup_Impl():114:SBN_F_Remap: ./cf/sample_app.so: undefined symbol: SBN_F_Remap
OS_GenericSymbolLookup_Impl():114:SBN_F_Remap: ./cf/ai_learner.so: undefined symbol: SBN_F_Remap
OS_GenericSymbolLookup_Impl():114:SBN_F_Remap: ./cf/lc.so: undefined symbol: SBN_F_Remap
OS_GenericSymbolLookup_Impl():114:SBN_F_Remap: ./cf/cf.so: undefined symbol: SBN_F_Remap
OS_GenericSymbolLookup_Impl():114:SBN_F_Remap: ./cf/ds.so: undefined symbol: SBN_F_Remap
OS_GenericSymbolLookup_Impl():114:SBN_F_Remap: ./cf/fm.so: undefined symbol: SBN_F_Remap
OS_GenericSymbolLookup_Impl():114:SBN_F_Remap: ./cf/hk.so: undefined symbol: SBN_F_Remap
OS_GenericSymbolLookup_Impl():114:SBN_F_Remap: ./cf/hs.so: undefined symbol: SBN_F_Remap
OS_GenericSymbolLookup_Impl():114:SBN_F_Remap: ./cf/mm.so: undefined symbol: SBN_F_Remap
OS_GenericSymbolLookup_Impl():114:SBN_F_Remap: ./cf/sc.so: undefined symbol: SBN_F_Remap
OS_GenericSymbolLookup_Impl():114:SBN_F_Remap: ./cf/md.so: undefined symbol: SBN_F_Remap
OS_GenericSymbolLookup_Impl():114:SBN_F_Remap: ./cf/cs.so: undefined symbol: SBN_F_Remap
OS_GenericSymbolLookup_Impl():114:SBN_F_Remap: ./cf/sbn.so: undefined symbol: SBN_F_Remap
OS_GenericSymbolLookup_Impl():114:SBN_F_Remap: ./cf/sbn_udp.so: undefined symbol: SBN_F_Remap
EVS Port1 1980-012-14:04:00.71194 66/1/SBN 4: symbol not yet loaded (SBN_F_Remap)
EVS Port1 1980-012-14:04:00.71199 66/1/SBN 4: loading module (Name=Remap, File=/cf/sbn_f_remap.so)
EVS Port1 1980-012-14:04:00.71211 66/1/SBN 4: validating symbol load (SBN_F_Remap)
EVS Port1 1980-012-14:04:00.71215 66/1/SBN 4: initializing filter module
EVS Port1 1980-012-14:04:00.71229 66/1/SBN 4096: SBN_F_Remap Lib Initialized.
EVS Port1 1980-012-14:04:00.71232 66/1/SBN 4: filter module initialized
EVS Port1 1980-012-14:04:00.71237 66/1/SBN 4: configuring peer (SC=66, CPU=1)...
EVS Port1 1980-012-14:04:00.71241 66/1/SBN 4: found new highest net id: 0
EVS Port1 1980-012-14:04:00.71244 66/1/SBN 4: increasing net count to 1
EVS Port1 1980-012-14:04:00.71249 66/1/SBN 4: peer is this processor: loading net 0
EVS Port1 1980-012-14:04:00.71252 66/1/SBN 258: configuring net (NetData=0x7fe4032d88b4, Address=127.0.0.1:3234)
EVS Port1 1980-012-14:04:00.71257 66/1/SBN 258: addr host: '127.0.0.1'
EVS Port1 1980-012-14:04:00.71267 66/1/SBN 258: addr port: '3234'
EVS Port1 1980-012-14:04:00.71272 66/1/SBN 258: configured (NetData=0x7fe4032d88b4)
EVS Port1 1980-012-14:04:00.71276 66/1/SBN 4: configuring peer (SC=66, CPU=2)...
EVS Port1 1980-012-14:04:00.71279 66/1/SBN 4: peer is other processor: loading peer onto net 0
EVS Port1 1980-012-14:04:00.71287 66/1/SBN 258: configuring peer (SC=66, CPU=2, Address=127.0.0.1:3235)
EVS Port1 1980-012-14:04:00.71290 66/1/SBN 258: addr host: '127.0.0.1'
EVS Port1 1980-012-14:04:00.71296 66/1/SBN 258: addr port: '3235'
EVS Port1 1980-012-14:04:00.71299 66/1/SBN 258: configured peer (SC=66, CPU=2, Address=127.0.0.1:3235)
EVS Port1 1980-012-14:04:00.71304 66/1/SBN 4: configuring peer (SC=66, CPU=3)...
EVS Port1 1980-012-14:04:00.71307 66/1/SBN 4: peer is other processor: loading peer onto net 0
EVS Port1 1980-012-14:04:00.71311 66/1/SBN 258: configuring peer (SC=66, CPU=3, Address=127.0.0.1:3236)
EVS Port1 1980-012-14:04:00.71315 66/1/SBN 258: addr host: '127.0.0.1'
EVS Port1 1980-012-14:04:00.71321 66/1/CFE_EVS 44: Events squelched, AppName = SBN
EVS Port1 1980-012-14:04:00.75506 66/1/CFE_SB 17: Msg Limit Err,MsgId 0x80e,pipe SBNSubPipe,sender TO_LAB
EVS Port1 1980-012-14:04:00.75517 66/1/CFE_SB 17: Msg Limit Err,MsgId 0x80e,pipe SBNSubPipe,sender TO_LAB
EVS Port1 1980-012-14:04:00.75520 66/1/CFE_SB 17: Msg Limit Err,MsgId 0x80e,pipe SBNSubPipe,sender TO_LAB
EVS Port1 1980-012-14:04:00.75527 66/1/CFE_SB 17: Msg Limit Err,MsgId 0x80e,pipe SBNSubPipe,sender TO_LAB
EVS Port1 1980-012-14:04:00.75532 66/1/CFE_SB 17: Msg Limit Err,MsgId 0x80e,pipe SBNSubPipe,sender TO_LAB
EVS Port1 1980-012-14:04:00.75534 66/1/CFE_SB 17: Msg Limit Err,MsgId 0x80e,pipe SBNSubPipe,sender TO_LAB
EVS Port1 1980-012-14:04:00.75535 66/1/CFE_SB 17: Msg Limit Err,MsgId 0x80e,pipe SBNSubPipe,sender TO_LAB
EVS Port1 1980-012-14:04:00.75537 66/1/CFE_SB 17: Msg Limit Err,MsgId 0x80e,pipe SBNSubPipe,sender TO_LAB
EVS Port1 1980-012-14:04:00.75544 66/1/CFE_SB 17: Msg Limit Err,MsgId 0x80e,pipe SBNSubPipe,sender TO_LAB
EVS Port1 1980-012-14:04:00.75550 66/1/CFE_SB 17: Msg Limit Err,MsgId 0x80e,pipe SBNSubPipe,sender TO_LAB
EVS Port1 1980-012-14:04:00.75555 66/1/CFE_SB 17: Msg Limit Err,MsgId 0x80e,pipe SBNSubPipe,sender TO_LAB
EVS Port1 1980-012-14:04:00.75559 66/1/CFE_SB 17: Msg Limit Err,MsgId 0x80e,pipe SBNSubPipe,sender TO_LAB
EVS Port1 1980-012-14:04:00.75566 66/1/CFE_SB 17: Msg Limit Err,MsgId 0x80e,pipe SBNSubPipe,sender TO_LAB
EVS Port1 1980-012-14:04:00.75570 66/1/CFE_SB 17: Msg Limit Err,MsgId 0x80e,pipe SBNSubPipe,sender TO_LAB
EVS Port1 1980-012-14:04:00.75575 66/1/CFE_SB 17: Msg Limit Err,MsgId 0x80e,pipe SBNSubPipe,sender TO_LAB
EVS Port1 1980-012-14:04:00.75581 66/1/CFE_SB 17: Msg Limit Err,MsgId 0x80e,pipe SBNSubPipe,sender TO_LAB
EVS Port1 1980-012-14:04:00.75605 66/1/TO_LAB 19: L550 TO Lab subscribed to 37 messages from the table
EVS Port1 1980-012-14:04:02.00004 66/1/CFE_TIME 21: Stop FLYWHEEL
...EVS Port1 1980-012-14:04:20.19995 66/1/CFE_TIME 20: Start FLYWHEEL
EVS Port1 1980-012-14:04:20.00003 66/1/CFE_TIME 21: Stop FLYWHEEL
EVS Port1 1980-012-14:04:21.50079 66/1/AI_LEARNER 4: AI_LEARNER completed=5/5 mean=441.7us max=569.4us hal_peak=6208 within_bounded=1
{"app":"AI_LEARNER","stage":"run","model":"b3_deepae","target":"x86_64-unknown-linux-gnu","attempted":5,"completed":5,"fail_input":0,"fail_invoke":0,"fail_output":0,"mean_us":441.68,"max_us":569.38,"last_us":390.20,"out0":-34.88927,"out":[-34.889275,-19.251631,-10.695650,-6.054246,-3.155028,1.489278,-0.862397,-2.369146,-5.886039,-6.852223,-8.315966,-7.668511,-7.144471,-5.638636,-7.486791,-9.515102,-12.109768,-10.708395,-9.062147,-7.311425,-8.942194,-10.107664,-15.070514,-13.582702,-11.929859,-14.829877,-20.853058,-20.667509,-18.237259,-15.081355,-15.753236,-15.620891,-16.931931,-16.270084,-17.652115,-17.578255,-16.174236,-13.405358,-14.795713,-15.312316,-15.378082,-14.614420,-16.249689,-13.651175,-13.530146,-15.431269,-14.890343,-16.879450,-16.731625,-15.2
{"app":"AI_LEARNER","stage":"mem","model":"b3_deepae","target":"x86_64-unknown-linux-gnu","completed":5,"hal_peak":6208,"peak_within_bounded":true,"hal_bytes_per_call_amortized":4160.0,"process_rss_kb":7840,"process_rss_delta_init_kb":412}
1980-012-14:04:23.84824 CFE_ES_RunExceptionScan: ExceptionID 0x1110001 in TaskID 0: Caught SIGINT
1980-012-14:04:23.84828 CFE_ES_RunExceptionScan: Processor Reset count not reached (1/2)
CFE_PSP: Exiting cFE with PROCESSOR Reset status.

CFE_PSP: Shutdown initiated - Exiting cFE
CI delete callback -- Closing CI Network socket.
TO delete callback -- Closing TO Network socket.
