CFE_PSP: Default Reset SubType = 1
CFE_PSP: Default CPU ID = 1
CFE_PSP: Default Spacecraft ID = 66
CFE_PSP: Default CPU Name: cpu1
OS_Posix_GetSchedulerParams():208:Policy 1: available, min-max: 1-99
OS_Posix_GetSchedulerParams():208:Policy 2: available, min-max: 1-99
OS_Posix_TaskAPI_Impl_Init():401:Selected policy 2 for RT tasks, root task = 99
CFE_PSP: initializing module 'soft_timebase' with ID 0110ff00
CFE_PSP: Instantiated software timebase 'cFS-Master' running at 10000 usec
CFE_PSP: initializing module 'timebase_posix_clock' with ID 0110ff01
CFE_PSP: Using POSIX monotonic clock as CFE timebase
CFE_PSP: initializing module 'eeprom_mmap_file' with ID 0110ff02
CFE_PSP: Using MMAP simulated EEPROM implementation
CFE_PSP: initializing module 'port_notimpl' with ID 0110ff03
CFE_PSP: I/O Port access not implemented
CFE_PSP: initializing module 'iodriver' with ID 0110ff04
CFE_PSP: initializing module 'linux_sysmon' with ID 0110ff05
CFE_PSP: initializing module 'endian_api' with ID 0110ff06
CFE_PSP: Host CPU Endian=LITTLE
CFE_PSP: initializing module 'ram_notimpl' with ID 0110ff07
CFE_PSP: Physical RAM access not implemented
CFE_PSP: EEPROM Range (2) created: Start Address = 7F3668C3E000, Size = 00080000 Status = 0
CFE_PSP: Starting the cFE with a POWER ON reset.
CFE_PSP: Clearing out CFE CDS Shared memory segment.
CFE_PSP: Clearing out CFE Reset Shared memory segment.
CFE_PSP: Clearing out CFE User Reserved Shared memory segment.
1980-001-00:03:10.59370 CFE_ES_SetupResetVariables: POWER ON RESET due to Power Cycle (Power Cycle).
1980-001-00:03:10.59380 CFE_ES_Main: CFE_ES_Main in EARLY_INIT state
Number of addresses returned by backtrace = 1
CFE_PSP: CFE_PSP_AttachExceptions called
1980-001-00:03:10.59421 CFE_ES_Main: CFE_ES_Main entering CORE_STARTUP state
1980-001-00:03:10.59422 CFE_ES_CreateObjects: Starting Object Creation calls.
1980-001-00:03:10.59422 CFE_ES_CreateObjects: Calling EarlyInit for CFE_CONFIG
1980-001-00:03:10.59423 CFE_ES_CreateObjects: Calling EarlyInit for CFE_ES
1980-001-00:03:10.59432 CFE_ES_CreateObjects: Calling EarlyInit for CFE_EVS
1980-001-00:03:10.59433 CFE_EVS_EarlyInit: Event Log cleared following power-on reset
1980-001-00:03:10.59433 CFE_ES_CreateObjects: Calling EarlyInit for CFE_FS
1980-001-00:03:10.59433 CFE_ES_CreateObjects: Calling EarlyInit for CFE_SB
1980-001-00:03:10.59456 CFE_ES_CreateObjects: Calling EarlyInit for CFE_TBL
1980-001-00:03:10.59491 CFE_ES_CreateObjects: Calling EarlyInit for CFE_TIME
EVS Port1 1980-012-14:03:20.05236 66/1/CFE_ES 1: cFE ES Initialized: CFE_ES v7.0.1+dev1 (Draco) DEV BUILD, based on v7.0.1, EDS disabled
EVS Port1 1980-012-14:03:20.05239 66/1/CFE_ES 2: cFS Versions: cfe v7.0.1+dev1, osal v7.0.1+dev1, psp v7.0.1+dev1. cFE chksm 34472
EVS Port1 1980-012-14:03:20.05241 66/1/CFE_ES 91: Version Info: Mission SampleMission, version git:78c23b0-dirty
EVS Port1 1980-012-14:03:20.05242 66/1/CFE_ES 91: Version Info: Module CORE_API, version git:2612eb0
EVS Port1 1980-012-14:03:20.05242 66/1/CFE_ES 91: Version Info: Module CONFIG, version git:2612eb0
EVS Port1 1980-012-14:03:20.05244 66/1/CFE_ES 91: Version Info: Module ES, version git:2612eb0
EVS Port1 1980-012-14:03:20.05244 66/1/CFE_ES 91: Version Info: Module EVS, version git:2612eb0
EVS Port1 1980-012-14:03:20.05244 66/1/CFE_ES 91: Version Info: Module FS, version git:2612eb0
EVS Port1 1980-012-14:03:20.05245 66/1/CFE_ES 91: Version Info: Module SB, version git:2612eb0
EVS Port1 1980-012-14:03:20.05245 66/1/CFE_ES 91: Version Info: Module TBL, version git:2612eb0
EVS Port1 1980-012-14:03:20.05247 66/1/CFE_ES 91: Version Info: Module TIME, version git:2612eb0
EVS Port1 1980-012-14:03:20.05247 66/1/CFE_ES 91: Version Info: Module OSAL, version git:8111e4a
EVS Port1 1980-012-14:03:20.05249 66/1/CFE_ES 91: Version Info: Module PSP, version git:d1da809
EVS Port1 1980-012-14:03:20.05249 66/1/CFE_ES 91: Version Info: Module MSG, version git:2612eb0
EVS Port1 1980-012-14:03:20.05249 66/1/CFE_ES 91: Version Info: Module SBR, version git:2612eb0
EVS Port1 1980-012-14:03:20.05250 66/1/CFE_ES 91: Version Info: Module RESOURCEID, version git:2612eb0
EVS Port1 1980-012-14:03:20.05252 66/1/CFE_ES 92: Build 202609080113 by root@vm, config sample
EVS Port1 1980-012-14:03:20.15037 66/1/CFE_EVS 1: cFE EVS Initialized: CFE_EVS v7.0.1+dev1 (Draco) DEV BUILD, based on v7.0.1, EDS disabled
1980-012-14:03:20.25056 CFE_SB_AppInit: Registered 4 events for filtering
EVS Port1 1980-012-14:03:20.25062 66/1/CFE_SB 1: cFE SB Initialized: CFE_SB v7.0.1+dev1 (Draco) DEV BUILD, based on v7.0.1, EDS disabled
EVS Port1 1980-012-14:03:20.25064 66/1/CFE_SB 14: No subscribers for MsgId 0x808,sender CFE_SB
EVS Port1 1980-012-14:03:20.35081 66/1/CFE_TBL 1: cFE TBL Initialized: CFE_TBL v7.0.1+dev1 (Draco) DEV BUILD, based on v7.0.1, EDS disabled
EVS Port1 1980-012-14:03:20.35083 66/1/CFE_SB 14: No subscribers for MsgId 0x808,sender CFE_TBL
EVS Port1 1980-012-14:03:20.45112 66/1/CFE_TIME 1: cFE TIME Initialized: CFE_TIME v7.0.1+dev1 (Draco) DEV BUILD, based on v7.0.1, EDS disabled
EVS Port1 1980-012-14:03:20.45114 66/1/CFE_SB 14: No subscribers for MsgId 0x808,sender CFE_TIME
1980-012-14:03:20.50090 CFE_ES_CreateObjects: Finished ES CreateObject table entries.
1980-012-14:03:20.50090 CFE_ES_Main: CFE_ES_Main entering CORE_READY state
1980-012-14:03:20.50092 CFE_ES_OpenStartupScript: Opened ES App Startup file: /cf/cfe_es_startup.scr
1980-012-14:03:20.50101 CFE_ES_ParseFileEntry: Loading shared library: /cf/cfe_assert.so
1980-012-14:03:20.50146 [BEGIN] CFE FUNCTIONAL TEST
1980-012-14:03:20.50147 [BEGIN] 01 CFE-STARTUP
1980-012-14:03:20.50154 CFE_ES_ParseFileEntry: Loading shared library: /cf/sample_lib.so
SAMPLE Lib Initialized.Sample Lib v7.0.0+dev1 (Draco) DEV BUILD, based on v7.0.1, EDS disabled
1980-012-14:03:20.50167 CFE_ES_ParseFileEntry: Loading file: /cf/sch_lab.so, APP: SCH_LAB
1980-012-14:03:20.50187 CFE_ES_ParseFileEntry: Loading file: /cf/ci_lab.so, APP: CI_LAB
1980-012-14:03:20.50205 CFE_ES_ParseFileEntry: Loading file: /cf/to_lab.so, APP: TO_LAB
1980-012-14:03:20.50221 CFE_ES_ParseFileEntry: Loading file: /cf/sample_app.so, APP: SAMPLE_APP
1980-012-14:03:20.50232 CFE_ES_ParseFileEntry: Loading file: /cf/ai_learner.so, APP: AI_LEARNER
1980-012-14:03:20.50253 CFE_ES_ParseFileEntry: Loading file: /cf/lc.so, APP: LC
1980-012-14:03:20.50279 CFE_ES_ParseFileEntry: Loading file: /cf/cf.so, APP: CF
1980-012-14:03:20.50296 CFE_ES_ParseFileEntry: Loading file: /cf/ds.so, APP: DS
1980-012-14:03:20.50311 CFE_ES_ParseFileEntry: Loading file: /cf/fm.so, APP: FM
1980-012-14:03:20.50323 CFE_ES_ParseFileEntry: Loading file: /cf/hk.so, APP: HK
1980-012-14:03:20.50334 CFE_ES_ParseFileEntry: Loading file: /cf/hs.so, APP: HS
1980-012-14:03:20.50347 CFE_ES_ParseFileEntry: Loading file: /cf/mm.so, APP: MM
1980-012-14:03:20.50360 CFE_ES_ParseFileEntry: Loading file: /cf/sc.so, APP: SC
1980-012-14:03:20.50375 CFE_ES_ParseFileEntry: Loading file: /cf/md.so, APP: MD
1980-012-14:03:20.50386 CFE_ES_ParseFileEntry: Loading file: /cf/cs.so, APP: CS
1980-012-14:03:20.50408 CFE_ES_ParseFileEntry: Loading file: /cf/sbn.so, APP: SBN
SCH Lab Initialized.SCH Lab v7.0.1+dev1 (Draco) DEV BUILD, based on v7.0.1, EDS disabled
{"app":"AI_LEARNER","stage":"admission","verdict":"ADMIT","bounded":786476,"budget":1048576,"per_call":65580,"constants":720896}
EVS Port1 1980-012-14:03:20.55635 66/1/TO_LAB 1: TO Lab Initialized.TO Lab v7.0.1+dev1 (Draco) DEV BUILD, based on v7.0.1, EDS disabled, Awaiting enable command.
EVS Port1 1980-012-14:03:20.55638 66/1/CFE_SB 14: No subscribers for MsgId 0x808,sender TO_LAB
EVS Port1 1980-012-14:03:20.55639 66/1/SAMPLE_APP 1: Sample App Initialized.Sample App v7.0.0+dev1 (Draco) DEV BUILD, based on v7.0.1, EDS disabled
1980-012-14:03:20.55721 CI_LAB listening on UDP port: 1234
EVS Port1 1980-012-14:03:20.55722 66/1/CI_LAB 3: CI Lab Initialized.CI Lab App v7.0.1+dev1 (Draco) DEV BUILD, based on v7.0.1, EDS disabled
{"app":"AI_LEARNER","stage":"binding","verdict":"MATCH","artifact_bytes":733472,"artifact_sha256":"95e8caff013151e4","contract_sha256":"95e8caff013151e4"}
EVS Port1 1980-012-14:03:20.56355 66/1/AI_LEARNER 3: AI_LEARNER initialized: model 733472 B, rss_delta_init=1160 KB
EVS Port1 1980-012-14:03:20.56359 66/1/SBN 2: SBN subscribed to command pipe SBN_CMD_MID 0x18FA
EVS Port1 1980-012-14:03:20.56405 66/1/MM 1: MM Initialized. Version 7.0.1.255
EVS Port1 1980-012-14:03:20.56466 66/1/CS 144: CS EEPROM Table verification results: good = 0, bad = 0, unused = 16
EVS Port1 1980-012-14:03:20.56474 66/1/CS 107: CS EEPROM Table: No valid entries in the table
EVS Port1 1980-012-14:03:20.56480 66/1/MD 52: MD Dwell Tbl verify results: good = 0, bad = 0, unused = 25
EVS Port1 1980-012-14:03:20.56501 66/1/HS 54: ExeCount verify results: good = 5, bad = 0, unused = 27
EVS Port1 1980-012-14:03:20.56512 66/1/HK 1: HK Initialized.  Version 7.0.1.255
EVS Port1 1980-012-14:03:20.56517 66/1/FM 80: Free Space Table verify results: good entries = 3, bad = 0, unused = 5
EVS Port1 1980-012-14:03:20.56523 66/1/FM 1: Initialization complete: version 7.0.1.255
EVS Port1 1980-012-14:03:20.56527 66/1/DS 10: Destination file table verify results: good entries = 6, bad = 0, unused = 10
EVS Port1 1980-012-14:03:20.56544 66/1/CF 20: CF Initialized. Version 7.0.1.255
EVS Port1 1980-012-14:03:20.56550 66/1/LC 56: WDT verify results: good = 0, bad = 0, unused = 176
EVS Port1 1980-012-14:03:20.56555 66/1/CS 143: CS Memory Table verification results: good = 0, bad = 0, unused = 16
EVS Port1 1980-012-14:03:20.56556 66/1/CS 107: CS Memory Table: No valid entries in the table
EVS Port1 1980-012-14:03:20.56559 66/1/MD 52: MD Dwell Tbl verify results: good = 0, bad = 0, unused = 25
EVS Port1 1980-012-14:03:20.56576 66/1/HS 50: AppMon verify results: good = 0, bad = 0, unused = 32
EVS Port1 1980-012-14:03:20.56588 66/1/DS 12: Filter table verify results: good entries = 14, bad = 0, unused = 242
EVS Port1 1980-012-14:03:20.56602 66/1/DS 1: Application initialized, version 7.0.1.255, data at 0x7f36688ee480
EVS Port1 1980-012-14:03:20.56617 66/1/LC 66: ADT verify results: good = 0, bad = 0, unused = 176
EVS Port1 1980-012-14:03:20.56619 66/1/LC 23: LC use of Critical Data Store disabled, activity mask = 0x00991990
EVS Port1 1980-012-14:03:20.56620 66/1/LC 2: LC Initialized. Version 7.0.1.255
EVS Port1 1980-012-14:03:20.56625 66/1/CS 139: CS Tables Table verification results: good = 1, bad = 0, unused = 23
EVS Port1 1980-012-14:03:20.56629 66/1/MD 52: MD Dwell Tbl verify results: good = 0, bad = 0, unused = 25
EVS Port1 1980-012-14:03:20.56643 66/1/HS 52: EventMon verify results: good = 0, bad = 0, unused = 16
EVS Port1 1980-012-14:03:20.56649 66/1/CS 142: CS Apps Table verification results: good = 0, bad = 0, unused = 24
EVS Port1 1980-012-14:03:20.56651 66/1/CS 108: CS Apps Table: No valid entries in the table
EVS Port1 1980-012-14:03:20.56652 66/1/CS 127: OS Text Segment disabled due to platform
EVS Port1 1980-012-14:03:20.56654 66/1/CS 1: CS Initialized. Version 7.0.1.255
EVS Port1 1980-012-14:03:20.56655 66/1/MD 52: MD Dwell Tbl verify results: good = 0, bad = 0, unused = 25
EVS Port1 1980-012-14:03:20.56660 66/1/MD 7: Dwell Tables Recovered: 0, Dwell Tables Initialized: 4
EVS Port1 1980-012-14:03:20.56661 66/1/MD 1: MD Initialized.  Version 7.0.1.255
EVS Port1 1980-012-14:03:20.56663 66/1/SC 21: RTS table files not loaded at initialization = 0 of 4
EVS Port1 1980-012-14:03:20.56665 66/1/SC 9: SC Initialized. Version 7.0.1.255
EVS Port1 1980-012-14:03:20.56666 66/1/HS 56: MsgActs verify results: good = 2, bad = 0, unused = 6
1980-012-14:03:20.56668 HS_SysMonInit(): System Monitor using PSP device ID 0110ff05
open(/proc/schedstat): No such file or directory
1980-012-14:03:20.56670 HS_SysMonInit(): Unable to start device 0110ff05
EVS Port1 1980-012-14:03:20.56669 66/1/HS 74: Error in system monitor initialization, RC=0xC8000005
1980-012-14:03:20.60435 CFE_ES_Main: CFE_ES_Main entering APPS_INIT state
1980-012-14:03:20.60436 CFE_ES_Main: CFE_ES_Main entering OPERATIONAL state
EVS Port1 1980-012-14:03:20.60646 66/1/TO_LAB 19: L550 TO Lab subscribed to 37 messages from the table
EVS Port1 1980-012-14:03:20.61396 66/1/SBN 4: checking if module (UDP) already loaded
OS_GenericSymbolLookup_Impl():114:SBN_UDP_Ops: ./core-cpu1: undefined symbol: SBN_UDP_Ops
OS_GenericSymbolLookup_Impl():114:SBN_UDP_Ops: ./cf/cfe_assert.so: undefined symbol: SBN_UDP_Ops
OS_GenericSymbolLookup_Impl():114:SBN_UDP_Ops: ./cf/sample_lib.so: undefined symbol: SBN_UDP_Ops
OS_GenericSymbolLookup_Impl():114:SBN_UDP_Ops: ./cf/sch_lab.so: undefined symbol: SBN_UDP_Ops
OS_GenericSymbolLookup_Impl():114:SBN_UDP_Ops: ./cf/ci_lab.so: undefined symbol: SBN_UDP_Ops
OS_GenericSymbolLookup_Impl():114:SBN_UDP_Ops: ./cf/to_lab.so: undefined symbol: SBN_UDP_Ops
OS_GenericSymbolLookup_Impl():114:SBN_UDP_Ops: ./cf/sample_app.so: undefined symbol: SBN_UDP_Ops
OS_GenericSymbolLookup_Impl():114:SBN_UDP_Ops: ./cf/ai_learner.so: undefined symbol: SBN_UDP_Ops
OS_GenericSymbolLookup_Impl():114:SBN_UDP_Ops: ./cf/lc.so: undefined symbol: SBN_UDP_Ops
OS_GenericSymbolLookup_Impl():114:SBN_UDP_Ops: ./cf/cf.so: undefined symbol: SBN_UDP_Ops
OS_GenericSymbolLookup_Impl():114:SBN_UDP_Ops: ./cf/ds.so: undefined symbol: SBN_UDP_Ops
OS_GenericSymbolLookup_Impl():114:SBN_UDP_Ops: ./cf/fm.so: undefined symbol: SBN_UDP_Ops
OS_GenericSymbolLookup_Impl():114:SBN_UDP_Ops: ./cf/hk.so: undefined symbol: SBN_UDP_Ops
OS_GenericSymbolLookup_Impl():114:SBN_UDP_Ops: ./cf/hs.so: undefined symbol: SBN_UDP_Ops
OS_GenericSymbolLookup_Impl():114:SBN_UDP_Ops: ./cf/mm.so: undefined symbol: SBN_UDP_Ops
OS_GenericSymbolLookup_Impl():114:SBN_UDP_Ops: ./cf/sc.so: undefined symbol: SBN_UDP_Ops
OS_GenericSymbolLookup_Impl():114:SBN_UDP_Ops: ./cf/md.so: undefined symbol: SBN_UDP_Ops
OS_GenericSymbolLookup_Impl():114:SBN_UDP_Ops: ./cf/cs.so: undefined symbol: SBN_UDP_Ops
OS_GenericSymbolLookup_Impl():114:SBN_UDP_Ops: ./cf/sbn.so: undefined symbol: SBN_UDP_Ops
EVS Port1 1980-012-14:03:20.61405 66/1/SBN 4: symbol not yet loaded (SBN_UDP_Ops)
EVS Port1 1980-012-14:03:20.61405 66/1/SBN 4: loading module (Name=UDP, File=/cf/sbn_udp.so)
EVS Port1 1980-012-14:03:20.61413 66/1/SBN 4: validating symbol load (SBN_UDP_Ops)
EVS Port1 1980-012-14:03:20.61415 66/1/SBN 4: initializing protocol module
SBN_UDP Lib Initialized.
EVS Port1 1980-012-14:03:20.61416 66/1/SBN 4: protocol module initialized
EVS Port1 1980-012-14:03:20.61416 66/1/SBN 4: checking if module (Remap) already loaded
OS_GenericSymbolLookup_Impl():114:SBN_F_Remap: ./core-cpu1: undefined symbol: SBN_F_Remap
OS_GenericSymbolLookup_Impl():114:SBN_F_Remap: ./cf/cfe_assert.so: undefined symbol: SBN_F_Remap
OS_GenericSymbolLookup_Impl():114:SBN_F_Remap: ./cf/sample_lib.so: undefined symbol: SBN_F_Remap
OS_GenericSymbolLookup_Impl():114:SBN_F_Remap: ./cf/sch_lab.so: undefined symbol: SBN_F_Remap
OS_GenericSymbolLookup_Impl():114:SBN_F_Remap: ./cf/ci_lab.so: undefined symbol: SBN_F_Remap
OS_GenericSymbolLookup_Impl():114:SBN_F_Remap: ./cf/to_lab.so: undefined symbol: SBN_F_Remap
OS_GenericSymbolLookup_Impl():114:SBN_F_Remap: ./cf/sample_app.so: undefined symbol: SBN_F_Remap
OS_GenericSymbolLookup_Impl():114:SBN_F_Remap: ./cf/ai_learner.so: undefined symbol: SBN_F_Remap
OS_GenericSymbolLookup_Impl():114:SBN_F_Remap: ./cf/lc.so: undefined symbol: SBN_F_Remap
OS_GenericSymbolLookup_Impl():114:SBN_F_Remap: ./cf/cf.so: undefined symbol: SBN_F_Remap
OS_GenericSymbolLookup_Impl():114:SBN_F_Remap: ./cf/ds.so: undefined symbol: SBN_F_Remap
OS_GenericSymbolLookup_Impl():114:SBN_F_Remap: ./cf/fm.so: undefined symbol: SBN_F_Remap
OS_GenericSymbolLookup_Impl():114:SBN_F_Remap: ./cf/hk.so: undefined symbol: SBN_F_Remap
OS_GenericSymbolLookup_Impl():114:SBN_F_Remap: ./cf/hs.so: undefined symbol: SBN_F_Remap
OS_GenericSymbolLookup_Impl():114:SBN_F_Remap: ./cf/mm.so: undefined symbol: SBN_F_Remap
OS_GenericSymbolLookup_Impl():114:SBN_F_Remap: ./cf/sc.so: undefined symbol: SBN_F_Remap
OS_GenericSymbolLookup_Impl():114:SBN_F_Remap: ./cf/md.so: undefined symbol: SBN_F_Remap
OS_GenericSymbolLookup_Impl():114:SBN_F_Remap: ./cf/cs.so: undefined symbol: SBN_F_Remap
OS_GenericSymbolLookup_Impl():114:SBN_F_Remap: ./cf/sbn.so: undefined symbol: SBN_F_Remap
OS_GenericSymbolLookup_Impl():114:SBN_F_Remap: ./cf/sbn_udp.so: undefined symbol: SBN_F_Remap
EVS Port1 1980-012-14:03:20.61421 66/1/SBN 4: symbol not yet loaded (SBN_F_Remap)
EVS Port1 1980-012-14:03:20.61421 66/1/SBN 4: loading module (Name=Remap, File=/cf/sbn_f_remap.so)
EVS Port1 1980-012-14:03:20.61425 66/1/SBN 4: validating symbol load (SBN_F_Remap)
EVS Port1 1980-012-14:03:20.61427 66/1/SBN 4: initializing filter module
EVS Port1 1980-012-14:03:20.61442 66/1/SBN 4096: SBN_F_Remap Lib Initialized.
EVS Port1 1980-012-14:03:20.61444 66/1/SBN 4: filter module initialized
EVS Port1 1980-012-14:03:20.61444 66/1/SBN 4: configuring peer (SC=66, CPU=1)...
EVS Port1 1980-012-14:03:20.61445 66/1/SBN 4: found new highest net id: 0
EVS Port1 1980-012-14:03:20.61447 66/1/SBN 4: increasing net count to 1
EVS Port1 1980-012-14:03:20.61447 66/1/SBN 4: peer is this processor: loading net 0
EVS Port1 1980-012-14:03:20.61448 66/1/SBN 258: configuring net (NetData=0x7f36686888b4, Address=127.0.0.1:3234)
EVS Port1 1980-012-14:03:20.61450 66/1/SBN 258: addr host: '127.0.0.1'
EVS Port1 1980-012-14:03:20.61453 66/1/SBN 258: addr port: '3234'
EVS Port1 1980-012-14:03:20.61454 66/1/SBN 258: configured (NetData=0x7f36686888b4)
EVS Port1 1980-012-14:03:20.61454 66/1/SBN 4: configuring peer (SC=66, CPU=2)...
EVS Port1 1980-012-14:03:20.61456 66/1/SBN 4: peer is other processor: loading peer onto net 0
EVS Port1 1980-012-14:03:20.61456 66/1/SBN 258: configuring peer (SC=66, CPU=2, Address=127.0.0.1:3235)
EVS Port1 1980-012-14:03:20.61457 66/1/SBN 258: addr host: '127.0.0.1'
EVS Port1 1980-012-14:03:20.61459 66/1/SBN 258: addr port: '3235'
EVS Port1 1980-012-14:03:20.61459 66/1/SBN 258: configured peer (SC=66, CPU=2, Address=127.0.0.1:3235)
EVS Port1 1980-012-14:03:20.61460 66/1/SBN 4: configuring peer (SC=66, CPU=3)...
EVS Port1 1980-012-14:03:20.61462 66/1/SBN 4: peer is other processor: loading peer onto net 0
EVS Port1 1980-012-14:03:20.61462 66/1/SBN 258: configuring peer (SC=66, CPU=3, Address=127.0.0.1:3236)
EVS Port1 1980-012-14:03:20.61463 66/1/SBN 258: addr host: '127.0.0.1'
EVS Port1 1980-012-14:03:20.61465 66/1/CFE_EVS 44: Events squelched, AppName = SBN
EVS Port1 1980-012-14:03:20.61677 66/1/FM 72: Child Task initialization complete
EVS Port1 1980-012-14:03:21.00001 66/1/CFE_TIME 21: Stop FLYWHEEL
...EVS Port1 1980-012-14:03:40.50019 66/1/AI_LEARNER 4: AI_LEARNER completed=5/5 mean=121.8us max=142.9us hal_peak=786476 within_bounded=1
{"app":"AI_LEARNER","stage":"run","attempted":5,"completed":5,"fail_input":0,"fail_invoke":0,"fail_output":0,"mean_us":121.79,"max_us":142.93,"last_us":111.96,"out0":2.602{"app":"AI_LEARNER","stage":"mem","completed":5,"hal_peak":786476,"peak_within_bounded":true,"hal_bytes_per_call_amortized":209730.4,"process_rss_kb":9588,"process_rss_del...EVS Port1 1980-012-14:04:00.50015 66/1/AI_LEARNER 4: AI_LEARNER completed=10/10 mean=115.8us max=142.9us hal_peak=786476 within_bounded=1
{"app":"AI_LEARNER","stage":"run","attempted":10,"completed":10,"fail_input":0,"fail_invoke":0,"fail_output":0,"mean_us":115.81,"max_us":142.93,"last_us":104.92,"out0":2.6{"app":"AI_LEARNER","stage":"mem","completed":10,"hal_peak":786476,"peak_within_bounded":true,"hal_bytes_per_call_amortized":137637.2,"process_rss_kb":9588,"process_rss_de....EVS Port1 1980-012-14:04:20.50007 66/1/AI_LEARNER 4: AI_LEARNER completed=15/15 mean=112.4us max=142.9us hal_peak=786476 within_bounded=1
{"app":"AI_LEARNER","stage":"run","attempted":15,"completed":15,"fail_input":0,"fail_invoke":0,"fail_output":0,"mean_us":112.38,"max_us":142.93,"last_us":115.21,"out0":2.6{"app":"AI_LEARNER","stage":"mem","completed":15,"hal_peak":786476,"peak_within_bounded":true,"hal_bytes_per_call_amortized":113606.1,"process_rss_kb":9588,"process_rss_de...EVS Port1 1980-012-14:04:40.50010 66/1/AI_LEARNER 4: AI_LEARNER completed=20/20 mean=110.3us max=142.9us hal_peak=786476 within_bounded=1
{"app":"AI_LEARNER","stage":"run","attempted":20,"completed":20,"fail_input":0,"fail_invoke":0,"fail_output":0,"mean_us":110.33,"max_us":142.93,"last_us":99.53,"out0":2.60{"app":"AI_LEARNER","stage":"mem","completed":20,"hal_peak":786476,"peak_within_bounded":true,"hal_bytes_per_call_amortized":101590.6,"process_rss_kb":9588,"process_rss_de...EVS Port1 1980-012-14:05:00.50015 66/1/AI_LEARNER 4: AI_LEARNER completed=25/25 mean=110.5us max=142.9us hal_peak=786476 within_bounded=1
{"app":"AI_LEARNER","stage":"run","attempted":25,"completed":25,"fail_input":0,"fail_invoke":0,"fail_output":0,"mean_us":110.50,"max_us":142.93,"last_us":110.78,"out0":2.6{"app":"AI_LEARNER","stage":"mem","completed":25,"hal_peak":786476,"peak_within_bounded":true,"hal_bytes_per_call_amortized":94381.3,"process_rss_kb":9588,"process_rss_del..1980-012-14:05:08.02842 CFE_ES_RunExceptionScan: ExceptionID 0x1110000 in TaskID 0: Caught Signal 15
1980-012-14:05:08.02845 CFE_ES_RunExceptionScan: Processor Reset count not reached (0/2)
CFE_PSP: Exiting cFE with PROCESSOR Reset status.

CFE_PSP: Shutdown initiated - Exiting cFE
CI delete callback -- Closing CI Network socket.
TO delete callback -- Closing TO Network socket.
