OS_BSP_Initialize():Maximum user msg queue depth = 512
CFE_PSP: Default Reset SubType = 1
CFE_PSP: Default CPU ID = 1
CFE_PSP: Default Spacecraft ID = 66
CFE_PSP: Default CPU Name: cpu1
OS_Posix_GetSchedulerParams():208:Policy 1: available, min-max: 1-99
OS_Posix_GetSchedulerParams():208:Policy 2: available, min-max: 1-99
OS_Posix_TaskAPI_Impl_Init():401:Selected policy 2 for RT tasks, root task = 99
OS_Posix_TaskAPI_Impl_Init():419:Could not setschedparam in main thread: Operation not permitted (1)
CFE_PSP: initializing module 'soft_timebase' with ID 0110ff00
CFE_PSP: Instantiated software timebase 'cFS-Master' running at 10000 usec
CFE_PSP: initializing module 'timebase_posix_clock' with ID 0110ff01
CFE_PSP: Using POSIX monotonic clock as CFE timebase
CFE_PSP: initializing module 'eeprom_mmap_file' with ID 0110ff02
CFE_PSP: Using MMAP simulated EEPROM implementation
CFE_PSP: EEPROM Range (2) created: Start Address = FFD0EB02E000, Size = 00080000 Status = 0
CFE_PSP: initializing module 'port_notimpl' with ID 0110ff03
CFE_PSP: I/O Port access not implemented
CFE_PSP: initializing module 'iodriver' with ID 0110ff04
CFE_PSP: initializing module 'linux_sysmon' with ID 0110ff05
CFE_PSP: initializing module 'endian_api' with ID 0110ff06
CFE_PSP: Host CPU Endian=LITTLE
CFE_PSP: initializing module 'ram_notimpl' with ID 0110ff07
CFE_PSP: Physical RAM access not implemented
CFE_PSP: Starting the cFE with a POWER ON reset.
CFE_PSP: Clearing out CFE CDS Shared memory segment.
CFE_PSP: Clearing out CFE Reset Shared memory segment.
CFE_PSP: Clearing out CFE User Reserved Shared memory segment.
1980-001-02:02:50.38225 CFE_ES_SetupResetVariables: POWER ON RESET due to Power Cycle (Power Cycle).
1980-001-02:02:50.39195 CFE_ES_Main: CFE_ES_Main in EARLY_INIT state
Number of addresses returned by backtrace = 1
CFE_PSP: CFE_PSP_AttachExceptions called
1980-001-02:02:50.41270 CFE_ES_Main: CFE_ES_Main entering CORE_STARTUP state
1980-001-02:02:50.41286 CFE_ES_CreateObjects: Starting Object Creation calls.
1980-001-02:02:50.41302 CFE_ES_CreateObjects: Calling EarlyInit for CFE_CONFIG
1980-001-02:02:50.41578 CFE_ES_CreateObjects: Calling EarlyInit for CFE_ES
1980-001-02:02:50.42063 CFE_ES_CreateObjects: Calling EarlyInit for CFE_EVS
1980-001-02:02:50.42290 CFE_EVS_EarlyInit: Event Log cleared following power-on reset
1980-001-02:02:50.42336 CFE_ES_CreateObjects: Calling EarlyInit for CFE_FS
1980-001-02:02:50.42356 CFE_ES_CreateObjects: Calling EarlyInit for CFE_SB
1980-001-02:02:50.44272 CFE_ES_CreateObjects: Calling EarlyInit for CFE_TBL
1980-001-02:02:50.46668 CFE_ES_CreateObjects: Calling EarlyInit for CFE_TIME
EVS Port1 1980-012-14:03:20.07835 66/1/CFE_ES 1: cFE ES Initialized: CFE_ES v7.0.1+dev1 (Draco) DEV BUILD, based on v7.0.1, EDS disabled
EVS Port1 1980-012-14:03:20.08468 66/1/CFE_ES 2: cFS Versions: cfe v7.0.1+dev1, osal v7.0.1+dev1, psp v7.0.1+dev1. cFE chksm 31659
EVS Port1 1980-012-14:03:20.08540 66/1/CFE_ES 91: Version Info: Mission SampleMission, version git:v7.0.1-90-g78c23b0-dirty
EVS Port1 1980-012-14:03:20.08795 66/1/CFE_ES 91: Version Info: Module CORE_API, version git:2612eb0
EVS Port1 1980-012-14:03:20.08825 66/1/CFE_ES 91: Version Info: Module CONFIG, version git:2612eb0
EVS Port1 1980-012-14:03:20.08979 66/1/CFE_ES 91: Version Info: Module ES, version git:2612eb0
EVS Port1 1980-012-14:03:20.09013 66/1/CFE_ES 91: Version Info: Module EVS, version git:2612eb0
EVS Port1 1980-012-14:03:20.09034 66/1/CFE_ES 91: Version Info: Module FS, version git:2612eb0
EVS Port1 1980-012-14:03:20.09208 66/1/CFE_ES 91: Version Info: Module SB, version git:2612eb0
EVS Port1 1980-012-14:03:20.09239 66/1/CFE_ES 91: Version Info: Module TBL, version git:2612eb0
EVS Port1 1980-012-14:03:20.09349 66/1/CFE_ES 91: Version Info: Module TIME, version git:2612eb0
EVS Port1 1980-012-14:03:20.09403 66/1/CFE_ES 91: Version Info: Module OSAL, version git:8111e4a
EVS Port1 1980-012-14:03:20.09426 66/1/CFE_ES 91: Version Info: Module PSP, version git:d1da809
EVS Port1 1980-012-14:03:20.09539 66/1/CFE_ES 91: Version Info: Module MSG, version git:2612eb0
EVS Port1 1980-012-14:03:20.09674 66/1/CFE_ES 91: Version Info: Module SBR, version git:2612eb0
EVS Port1 1980-012-14:03:20.09703 66/1/CFE_ES 91: Version Info: Module RESOURCEID, version git:2612eb0
EVS Port1 1980-012-14:03:20.09736 66/1/CFE_ES 92: Build 202609101313 by root@vm, config aarch64
EVS Port1 1980-012-14:03:20.16899 66/1/CFE_EVS 1: cFE EVS Initialized: CFE_EVS v7.0.1+dev1 (Draco) DEV BUILD, based on v7.0.1, EDS disabled
1980-012-14:03:20.29179 CFE_SB_AppInit: Registered 4 events for filtering
EVS Port1 1980-012-14:03:20.30212 66/1/CFE_SB 1: cFE SB Initialized: CFE_SB v7.0.1+dev1 (Draco) DEV BUILD, based on v7.0.1, EDS disabled
EVS Port1 1980-012-14:03:20.30316 66/1/CFE_SB 14: No subscribers for MsgId 0x808,sender CFE_SB
EVS Port1 1980-012-14:03:20.40428 66/1/CFE_TBL 1: cFE TBL Initialized: CFE_TBL v7.0.1+dev1 (Draco) DEV BUILD, based on v7.0.1, EDS disabled
EVS Port1 1980-012-14:03:20.40728 66/1/CFE_SB 14: No subscribers for MsgId 0x808,sender CFE_TBL
EVS Port1 1980-012-14:03:20.52919 66/1/CFE_TIME 1: cFE TIME Initialized: CFE_TIME v7.0.1+dev1 (Draco) DEV BUILD, based on v7.0.1, EDS disabled
EVS Port1 1980-012-14:03:20.52986 66/1/CFE_SB 14: No subscribers for MsgId 0x808,sender CFE_TIME
1980-012-14:03:20.56031 CFE_ES_CreateObjects: Finished ES CreateObject table entries.
1980-012-14:03:20.56231 CFE_ES_Main: CFE_ES_Main entering CORE_READY state
1980-012-14:03:20.56874 CFE_ES_OpenStartupScript: Opened ES App Startup file: /cf/cfe_es_startup.scr
1980-012-14:03:20.60209 CFE_ES_ParseFileEntry: Loading shared library: /cf/cfe_assert.so
1980-012-14:03:20.61492 [BEGIN] CFE FUNCTIONAL TEST
1980-012-14:03:20.61640 [BEGIN] 01 CFE-STARTUP
1980-012-14:03:20.64021 CFE_ES_ParseFileEntry: Loading shared library: /cf/sample_lib.so
SAMPLE Lib Initialized.Sample Lib v7.0.0+dev1 (Draco) DEV BUILD, based on v7.0.1, EDS disabled
1980-012-14:03:20.67226 CFE_ES_ParseFileEntry: Loading file: /cf/sch_lab.so, APP: SCH_LAB
1980-012-14:03:20.71219 CFE_ES_ParseFileEntry: Loading file: /cf/ci_lab.so, APP: CI_LAB
1980-012-14:03:20.75525 CFE_ES_ParseFileEntry: Loading file: /cf/to_lab.so, APP: TO_LAB
SCH Lab Initialized.SCH Lab v7.0.1+dev1 (Draco) DEV BUILD, based on v7.0.1, EDS disabled
1980-012-14:03:20.84811 CFE_ES_ParseFileEntry: Loading file: /cf/sample_app.so, APP: SAMPLE_APP
EVS Port1 1980-012-14:03:20.85531 66/1/TO_LAB 1: TO Lab Initialized.TO Lab v7.0.1+dev1 (Draco) DEV BUILD, based on v7.0.1, EDS disabled, Awaiting enable command.
EVS Port1 1980-012-14:03:20.85707 66/1/CFE_SB 14: No subscribers for MsgId 0x808,sender TO_LAB
EVS Port1 1980-012-14:03:20.96908 66/1/SAMPLE_APP 1: Sample App Initialized.Sample App v7.0.0+dev1 (Draco) DEV BUILD, based on v7.0.1, EDS disabled
1980-012-14:03:21.01442 CFE_ES_ParseFileEntry: Loading file: /cf/ai_learner.so, APP: AI_LEARNER
1980-012-14:03:21.01246 CI_LAB listening on UDP port: 1234
EVS Port1 1980-012-14:03:21.01620 66/1/CI_LAB 3: CI Lab Initialized.CI Lab App v7.0.1+dev1 (Draco) DEV BUILD, based on v7.0.1, EDS disabled
1980-012-14:03:21.07487 CFE_ES_ParseFileEntry: Loading file: /cf/lc.so, APP: LC
1980-012-14:03:21.10515 CFE_ES_ParseFileEntry: Loading file: /cf/cf.so, APP: CF
{"app":"AI_LEARNER","stage":"stack","es_stack_size":263376,"stack_base_bytes":262144,"contract_kernel_stack_bytes":1232,"kernel_stack_accounted":true}
EVS Port1 1980-012-14:03:21.12013 66/1/AI_LEARNER 8: AI_LEARNER stack: es=263376 base=262144 kernel=1232 accounted=1
{"app":"AI_LEARNER","stage":"admission","verdict":"ADMIT","model":"b2_resnet","target":"aarch64-unknown-linux-gnu","bounded":618856,"budget":618856,"budget_source":"macro","per_call":309416,"constants":309440,"kernel_stack_bytes":1232,"bound_known":true,"scope":"per_app_local_budget"}
EVS Port1 1980-012-14:03:21.17121 66/1/LC 56: WDT verify results: good = 0, bad = 0, unused = 176
EVS Port1 1980-012-14:03:21.18997 66/1/LC 66: ADT verify results: good = 0, bad = 0, unused = 176
EVS Port1 1980-012-14:03:21.20002 66/1/LC 23: LC use of Critical Data Store disabled, activity mask = 0x00991990
EVS Port1 1980-012-14:03:21.20382 66/1/LC 2: LC Initialized. Version 7.0.1.255
1980-012-14:03:21.21997 CFE_ES_ParseFileEntry: Loading file: /cf/ds.so, APP: DS
EVS Port1 1980-012-14:03:21.28030 66/1/CF 20: CF Initialized. Version 7.0.1.255
1980-012-14:03:21.33362 CFE_ES_ParseFileEntry: Loading file: /cf/fm.so, APP: FM
EVS Port1 1980-012-14:03:21.33935 66/1/DS 10: Destination file table verify results: good entries = 6, bad = 0, unused = 10
{"app":"AI_LEARNER","stage":"binding","verdict":"MATCH","artifact_bytes":343538,"artifact_sha256":"2e0bc7dc67af80b7","contract_sha256":"2e0bc7dc67af80b7"}
EVS Port1 1980-012-14:03:21.36444 66/1/DS 12: Filter table verify results: good entries = 14, bad = 0, unused = 242
EVS Port1 1980-012-14:03:21.38471 66/1/DS 1: Application initialized, version 7.0.1.255, data at 0xffd0ea8f0460
1980-012-14:03:21.39818 CFE_ES_ParseFileEntry: Loading file: /cf/hk.so, APP: HK
EVS Port1 1980-012-14:03:21.46379 66/1/FM 80: Free Space Table verify results: good entries = 3, bad = 0, unused = 5
EVS Port1 1980-012-14:03:21.48818 66/1/FM 1: Initialization complete: version 7.0.1.255
{"app":"AI_LEARNER","stage":"map_branch","model":"b2_resnet","module_ptr_mod64":0,"hal_peak_after_append":0,"contract_const_bytes":309440,"contract_per_call_bytes":309416,"arm":"map","admission_mode":"unconditional"}
{"app":"AI_LEARNER","stage":"mem_init","model":"b2_resnet","target":"aarch64-unknown-linux-gnu","hal_peak":12288,"hal_allocated":12288,"bounded":618856,"peak_within_bounded":true,"inferences_so_far":0,"process_rss_kb":7076,"rss_kb_before_runtime":6528,"rss_kb_after_session":6824,"rss_kb_after_init":7076}
1980-012-14:03:21.55870 CFE_ES_ParseFileEntry: Loading file: /cf/hs.so, APP: HS
EVS Port1 1980-012-14:03:21.57894 66/1/FM 72: Child Task initialization complete
1980-012-14:03:21.60839 CFE_ES_ParseFileEntry: Loading file: /cf/mm.so, APP: MM
EVS Port1 1980-012-14:03:21.63542 66/1/HK 1: HK Initialized.  Version 7.0.1.255
EVS Port1 1980-012-14:03:21.67533 66/1/HS 54: ExeCount verify results: good = 5, bad = 0, unused = 27
EVS Port1 1980-012-14:03:21.70191 66/1/HS 50: AppMon verify results: good = 0, bad = 0, unused = 32
EVS Port1 1980-012-14:03:21.73316 66/1/MM 1: MM Initialized. Version 7.0.1.255
1980-012-14:03:21.73921 CFE_ES_ParseFileEntry: Loading file: /cf/sc.so, APP: SC
EVS Port1 1980-012-14:03:21.80715 66/1/HS 52: EventMon verify results: good = 0, bad = 0, unused = 16
EVS Port1 1980-012-14:03:21.81034 66/1/HS 56: MsgActs verify results: good = 2, bad = 0, unused = 6
1980-012-14:03:21.81202 HS_SysMonInit(): System Monitor using PSP device ID 0110ff05
1980-012-14:03:21.82292 CFE_ES_ParseFileEntry: Loading file: /cf/md.so, APP: MD
EVS Port1 1980-012-14:03:22.00498 66/1/SC 21: RTS table files not loaded at initialization = 0 of 4
CFE_PSP(Linux_SysMon): Started CPU utilization monitoring on 1 CPU(s)
EVS Port1 1980-012-14:03:22.01792 66/1/HS 1: HS Initialized.  Version 7.0.1.255
1980-012-14:03:22.02421 CFE_ES_ParseFileEntry: Loading file: /cf/cs.so, APP: CS
EVS Port1 1980-012-14:03:22.04887 66/1/MD 52: MD Dwell Tbl verify results: good = 0, bad = 0, unused = 25
EVS Port1 1980-012-14:03:22.11674 66/1/SC 9: SC Initialized. Version 7.0.1.255
EVS Port1 1980-012-14:03:22.12182 66/1/MD 52: MD Dwell Tbl verify results: good = 0, bad = 0, unused = 25
EVS Port1 1980-012-14:03:22.13394 66/1/MD 52: MD Dwell Tbl verify results: good = 0, bad = 0, unused = 25
EVS Port1 1980-012-14:03:22.14617 66/1/MD 52: MD Dwell Tbl verify results: good = 0, bad = 0, unused = 25
EVS Port1 1980-012-14:03:22.14909 66/1/MD 7: Dwell Tables Recovered: 0, Dwell Tables Initialized: 4
EVS Port1 1980-012-14:03:22.15274 66/1/MD 1: MD Initialized.  Version 7.0.1.255
EVS Port1 1980-012-14:03:22.19012 66/1/CS 144: CS EEPROM Table verification results: good = 0, bad = 0, unused = 16
EVS Port1 1980-012-14:03:22.19602 66/1/CS 107: CS EEPROM Table: No valid entries in the table
EVS Port1 1980-012-14:03:22.20782 66/1/CS 143: CS Memory Table verification results: good = 0, bad = 0, unused = 16
EVS Port1 1980-012-14:03:22.21145 66/1/CS 107: CS Memory Table: No valid entries in the table
EVS Port1 1980-012-14:03:22.21940 66/1/CS 139: CS Tables Table verification results: good = 1, bad = 0, unused = 23
EVS Port1 1980-012-14:03:22.23394 66/1/CS 142: CS Apps Table verification results: good = 0, bad = 0, unused = 24
EVS Port1 1980-012-14:03:22.23503 66/1/CS 108: CS Apps Table: No valid entries in the table
EVS Port1 1980-012-14:03:22.23915 66/1/CS 127: OS Text Segment disabled due to platform
EVS Port1 1980-012-14:03:22.24125 66/1/CS 1: CS Initialized. Version 7.0.1.255
1980-012-14:03:23.14214 CFE_ES_Main: Startup Sync failed - Applications may not have all initialized
1980-012-14:03:23.14242 CFE_ES_Main: CFE_ES_Main entering APPS_INIT state
EVS Port1 1980-012-14:03:23.01000 66/1/CFE_TIME 21: Stop FLYWHEEL
1980-012-14:03:23.86115 CFE_ES_Main: Startup Sync failed - Applications may not have all started
1980-012-14:03:23.86140 CFE_ES_Main: CFE_ES_Main entering OPERATIONAL state
EVS Port1 1980-012-14:03:23.87998 66/1/TO_LAB 19: L550 TO Lab subscribed to 32 messages from the table
.{"app":"AI_LEARNER","stage":"e25_equivalence","inputs":34,"completed":34,"model":"b2_resnet","target":"aarch64-unknown-linux-gnu","artifact_sha256":"2e0bc7dc67af80b7..."}
EVS Port1 1980-012-14:03:33.64036 66/1/AI_LEARNER 4: AI_LEARNER: E25 equivalence 34/34 inferences written
{"app":"AI_LEARNER","stage":"e25_mode","active":true,"inputs_path":"/cf/e25_inputs.bin"}
EVS Port1 1980-012-14:03:33.65492 66/1/AI_LEARNER 3: AI_LEARNER initialized: model b2_resnet (343538 B), rss_delta_init=548 KB
...EVS Port1 1980-012-14:03:50.00312 66/1/AI_LEARNER 4: AI_LEARNER completed=5/5 mean=361508.8us max=399756.7us hal_peak=309416 within_bounded=1
{"app":"AI_LEARNER","stage":"run","model":"b2_resnet","target":"aarch64-unknown-linux-gnu","attempted":5,"completed":5,"fail_input":0,"fail_invoke":0,"fail_output":0,"mean_us":361508.76,"max_us":399756.69,"last_us":338350.16,"out0":0.34946,"out":[0.349459,0.001114,0.001795,0.065403,0.335932,0.006331,0.201360,0.013375,0.019186,0.006046]}
{"app":"AI_LEARNER","stage":"mem","model":"b2_resnet","target":"aarch64-unknown-linux-gnu","completed":5,"hal_peak":309416,"peak_within_bounded":true,"admitted_budget_bytes":618856,"peak_within_admitted_budget":true,"admission_mode":"unconditional","hal_bytes_per_call_amortized":2320056.0,"process_rss_kb":7800,"process_rss_delta_init_kb":548}
EVS Port1 1980-012-14:03:52.00337 66/1/CFE_TIME 21: Stop FLYWHEEL
EVS Port1 1980-012-14:03:52.99581 66/1/CFE_TIME 20: Start FLYWHEEL
...{"app":"AI_LEARNER","stage":"run","model":"b2_resnet","target":"aarch64-unknown-linux-gnu","attempted":10,"completed":10,"fail_input":0,"fail_invoke":0,"fail_output":0,"mean_us":365701.45,"max_us":442695.65,"last_us":384328.38,"out0":0.34946,"out":[0.349459,0.001114,0.001795,0.065403,0.335932,0.006331,0.201360,0.013375,0.019186,0.006046]}
EVS Port1 1980-012-14:04:10.03103 66/1/AI_LEARNER 4: AI_LEARNER completed=10/10 mean=365701.5us max=442695.6us hal_peak=309416 within_bounded=1
{"app":"AI_LEARNER","stage":"mem","model":"b2_resnet","target":"aarch64-unknown-linux-gnu","completed":10,"hal_peak":309416,"peak_within_bounded":true,"admitted_budget_bytes":618856,"peak_within_admitted_budget":true,"admission_mode":"unconditional","hal_bytes_per_call_amortized":1308592.0,"process_rss_kb":7804,"process_rss_delta_init_kb":548}
..EVS Port1 1980-012-14:04:23.00340 66/1/CFE_TIME 21: Stop FLYWHEEL
.EVS Port1 1980-012-14:04:24.00210 66/1/CFE_TIME 20: Start FLYWHEEL
.EVS Port1 1980-012-14:04:30.05384 66/1/AI_LEARNER 4: AI_LEARNER completed=15/15 mean=396236.3us max=570989.7us hal_peak=309416 within_bounded=1
{"app":"AI_LEARNER","stage":"run","model":"b2_resnet","target":"aarch64-unknown-linux-gnu","attempted":15,"completed":15,"fail_input":0,"fail_invoke":0,"fail_output":0,"mean_us":396236.31,"max_us":570989.73,"last_us":408720.40,"out0":0.34946,"out":[0.349459,0.001114,0.001795,0.065403,0.335932,0.006331,0.201360,0.013375,0.019186,0.006046]}
{"app":"AI_LEARNER","stage":"mem","model":"b2_resnet","target":"aarch64-unknown-linux-gnu","completed":15,"hal_peak":309416,"peak_within_bounded":true,"admitted_budget_bytes":618856,"peak_within_admitted_budget":true,"admission_mode":"unconditional","hal_bytes_per_call_amortized":971437.3,"process_rss_kb":7804,"process_rss_delta_init_kb":548}
...EVS Port1 1980-012-14:04:50.08972 66/1/AI_LEARNER 4: AI_LEARNER completed=20/20 mean=413561.7us max=570989.7us hal_peak=309416 within_bounded=1
{"app":"AI_LEARNER","stage":"run","model":"b2_resnet","target":"aarch64-unknown-linux-gnu","attempted":20,"completed":20,"fail_input":0,"fail_invoke":0,"fail_output":0,"mean_us":413561.67,"max_us":570989.73,"last_us":433381.20,"out0":0.34946,"out":[0.349459,0.001114,0.001795,0.065403,0.335932,0.006331,0.201360,0.013375,0.019186,0.006046]}
{"app":"AI_LEARNER","stage":"mem","model":"b2_resnet","target":"aarch64-unknown-linux-gnu","completed":20,"hal_peak":309416,"peak_within_bounded":true,"admitted_budget_bytes":618856,"peak_within_admitted_budget":true,"admission_mode":"unconditional","hal_bytes_per_call_amortized":802860.0,"process_rss_kb":7804,"process_rss_delta_init_kb":548}
EVS Port1 1980-012-14:04:52.00749 66/1/CFE_TIME 21: Stop FLYWHEEL
EVS Port1 1980-012-14:04:52.99685 66/1/CFE_TIME 20: Start FLYWHEEL
...{"app":"AI_LEARNER","stage":"run","model":"b2_resnet","target":"aarch64-unknown-linux-gnu","attempted":25,"completed":25,"fail_input":0,"fail_invoke":0,"fail_output":0,"mean_us":404632.19,"max_us":570989.73,"last_us":388182.34,"out0":0.34946,"out":[0.349459,0.001114,0.001795,0.065403,0.335932,0.006331,0.201360,0.013375,0.019186,0.006046]}
EVS Port1 1980-012-14:05:10.05303 66/1/AI_LEARNER 4: AI_LEARNER completed=25/25 mean=404632.2us max=570989.7us hal_peak=309416 within_bounded=1
{"app":"AI_LEARNER","stage":"mem","model":"b2_resnet","target":"aarch64-unknown-linux-gnu","completed":25,"hal_peak":309416,"peak_within_bounded":true,"admitted_budget_bytes":618856,"peak_within_admitted_budget":true,"admission_mode":"unconditional","hal_bytes_per_call_amortized":701713.6,"process_rss_kb":7804,"process_rss_delta_init_kb":548}
EVS Port1 1980-012-14:05:11.01083 66/1/CFE_TIME 21: Stop FLYWHEEL
.EVS Port1 1980-012-14:05:11.99501 66/1/CFE_TIME 20: Start FLYWHEEL
.EVS Port1 1980-012-14:05:22.00782 66/1/CFE_TIME 21: Stop FLYWHEEL
EVS Port1 1980-012-14:05:22.99754 66/1/CFE_TIME 20: Start FLYWHEEL
..EVS Port1 1980-012-14:05:29.98789 66/1/AI_LEARNER 4: AI_LEARNER completed=30/30 mean=396452.6us max=570989.7us hal_peak=309416 within_bounded=1
{"app":"AI_LEARNER","stage":"run","model":"b2_resnet","target":"aarch64-unknown-linux-gnu","attempted":30,"completed":30,"fail_input":0,"fail_invoke":0,"fail_output":0,"mean_us":396452.63,"max_us":570989.73,"last_us":337726.22,"out0":0.34946,"out":[0.349459,0.001114,0.001795,0.065403,0.335932,0.006331,0.201360,0.013375,0.019186,0.006046]}
{"app":"AI_LEARNER","stage":"mem","model":"b2_resnet","target":"aarch64-unknown-linux-gnu","completed":30,"hal_peak":309416,"peak_within_bounded":true,"admitted_budget_bytes":618856,"peak_within_admitted_budget":true,"admission_mode":"unconditional","hal_bytes_per_call_amortized":634282.7,"process_rss_kb":7808,"process_rss_delta_init_kb":548}
..EVS Port1 1980-012-14:05:47.00321 66/1/CFE_TIME 21: Stop FLYWHEEL
.EVS Port1 1980-012-14:05:47.99917 66/1/CFE_TIME 20: Start FLYWHEEL
{"app":"AI_LEARNER","stage":"run","model":"b2_resnet","target":"aarch64-unknown-linux-gnu","attempted":35,"completed":35,"fail_input":0,"fail_invoke":0,"fail_output":0,"mean_us":397516.62,"max_us":570989.73,"last_us":378287.97,"out0":0.34946,"out":[0.349459,0.001114,0.001795,0.065403,0.335932,0.006331,0.201360,0.013375,0.019186,0.006046]}
EVS Port1 1980-012-14:05:50.02914 66/1/AI_LEARNER 4: AI_LEARNER completed=35/35 mean=397516.6us max=570989.7us hal_peak=309416 within_bounded=1
{"app":"AI_LEARNER","stage":"mem","model":"b2_resnet","target":"aarch64-unknown-linux-gnu","completed":35,"hal_peak":309416,"peak_within_bounded":true,"admitted_budget_bytes":618856,"peak_within_admitted_budget":true,"admission_mode":"unconditional","hal_bytes_per_call_amortized":586117.7,"process_rss_kb":7808,"process_rss_delta_init_kb":548}
EVS Port1 1980-012-14:05:52.01841 66/1/CFE_TIME 21: Stop FLYWHEEL
EVS Port1 1980-012-14:05:52.99618 66/1/CFE_TIME 20: Start FLYWHEEL
...EVS Port1 1980-012-14:06:10.00756 66/1/AI_LEARNER 4: AI_LEARNER completed=40/40 mean=396417.6us max=570989.7us hal_peak=309416 within_bounded=1
{"app":"AI_LEARNER","stage":"run","model":"b2_resnet","target":"aarch64-unknown-linux-gnu","attempted":40,"completed":40,"fail_input":0,"fail_invoke":0,"fail_output":0,"mean_us":396417.61,"max_us":570989.73,"last_us":349006.38,"out0":0.34946,"out":[0.349459,0.001114,0.001795,0.065403,0.335932,0.006331,0.201360,0.013375,0.019186,0.006046]}
{"app":"AI_LEARNER","stage":"mem","model":"b2_resnet","target":"aarch64-unknown-linux-gnu","completed":40,"hal_peak":309416,"peak_within_bounded":true,"admitted_budget_bytes":618856,"peak_within_admitted_budget":true,"admission_mode":"unconditional","hal_bytes_per_call_amortized":549994.0,"process_rss_kb":7808,"process_rss_delta_init_kb":548}
..EVS Port1 1980-012-14:06:23.09904 66/1/CFE_TIME 20: Start FLYWHEEL
EVS Port1 1980-012-14:06:23.00398 66/1/CFE_TIME 21: Stop FLYWHEEL
.EVS Port1 1980-012-14:06:28.00299 66/1/CFE_TIME 21: Stop FLYWHEEL
EVS Port1 1980-012-14:06:28.99876 66/1/CFE_TIME 20: Start FLYWHEEL
.EVS Port1 1980-012-14:06:30.09342 66/1/AI_LEARNER 4: AI_LEARNER completed=45/45 mean=393827.6us max=570989.7us hal_peak=309416 within_bounded=1
{"app":"AI_LEARNER","stage":"run","model":"b2_resnet","target":"aarch64-unknown-linux-gnu","attempted":45,"completed":45,"fail_input":0,"fail_invoke":0,"fail_output":0,"mean_us":393827.56,"max_us":570989.73,"last_us":429075.81,"out0":0.34946,"out":[0.349459,0.001114,0.001795,0.065403,0.335932,0.006331,0.201360,0.013375,0.019186,0.006046]}
{"app":"AI_LEARNER","stage":"mem","model":"b2_resnet","target":"aarch64-unknown-linux-gnu","completed":45,"hal_peak":309416,"peak_within_bounded":true,"admitted_budget_bytes":618856,"peak_within_admitted_budget":true,"admission_mode":"unconditional","hal_bytes_per_call_amortized":521897.8,"process_rss_kb":7808,"process_rss_delta_init_kb":548}
...EVS Port1 1980-012-14:06:50.04006 66/1/AI_LEARNER 4: AI_LEARNER completed=50/50 mean=389495.5us max=570989.7us hal_peak=309416 within_bounded=1
{"app":"AI_LEARNER","stage":"run","model":"b2_resnet","target":"aarch64-unknown-linux-gnu","attempted":50,"completed":50,"fail_input":0,"fail_invoke":0,"fail_output":0,"mean_us":389495.47,"max_us":570989.73,"last_us":386842.35,"out0":0.34946,"out":[0.349459,0.001114,0.001795,0.065403,0.335932,0.006331,0.201360,0.013375,0.019186,0.006046]}
{"app":"AI_LEARNER","stage":"mem","model":"b2_resnet","target":"aarch64-unknown-linux-gnu","completed":50,"hal_peak":309416,"peak_within_bounded":true,"admitted_budget_bytes":618856,"peak_within_admitted_budget":true,"admission_mode":"unconditional","hal_bytes_per_call_amortized":499420.8,"process_rss_kb":7808,"process_rss_delta_init_kb":548}
EVS Port1 1980-012-14:06:52.00302 66/1/CFE_TIME 21: Stop FLYWHEEL
EVS Port1 1980-012-14:06:52.99894 66/1/CFE_TIME 20: Start FLYWHEEL
...{"app":"AI_LEARNER","stage":"run","model":"b2_resnet","target":"aarch64-unknown-linux-gnu","attempted":55,"completed":55,"fail_input":0,"fail_invoke":0,"fail_output":0,"mean_us":389274.20,"max_us":570989.73,"last_us":408617.09,"out0":0.34946,"out":[0.349459,0.001114,0.001795,0.065403,0.335932,0.006331,0.201360,0.013375,0.019186,0.006046]}
EVS Port1 1980-012-14:07:10.07096 66/1/AI_LEARNER 4: AI_LEARNER completed=55/55 mean=389274.2us max=570989.7us hal_peak=309416 within_bounded=1
{"app":"AI_LEARNER","stage":"mem","model":"b2_resnet","target":"aarch64-unknown-linux-gnu","completed":55,"hal_peak":309416,"peak_within_bounded":true,"admitted_budget_bytes":618856,"peak_within_admitted_budget":true,"admission_mode":"unconditional","hal_bytes_per_call_amortized":481030.5,"process_rss_kb":7808,"process_rss_delta_init_kb":548}
..EVS Port1 1980-012-14:07:22.00384 66/1/CFE_TIME 21: Stop FLYWHEEL
EVS Port1 1980-012-14:07:22.99787 66/1/CFE_TIME 20: Start FLYWHEEL
..EVS Port1 1980-012-14:07:30.05123 66/1/AI_LEARNER 4: AI_LEARNER completed=60/60 mean=390466.8us max=570989.7us hal_peak=309416 within_bounded=1
{"app":"AI_LEARNER","stage":"run","model":"b2_resnet","target":"aarch64-unknown-linux-gnu","attempted":60,"completed":60,"fail_input":0,"fail_invoke":0,"fail_output":0,"mean_us":390466.75,"max_us":570989.73,"last_us":397176.32,"out0":0.34946,"out":[0.349459,0.001114,0.001795,0.065403,0.335932,0.006331,0.201360,0.013375,0.019186,0.006046]}
{"app":"AI_LEARNER","stage":"mem","model":"b2_resnet","target":"aarch64-unknown-linux-gnu","completed":60,"hal_peak":309416,"peak_within_bounded":true,"admitted_budget_bytes":618856,"peak_within_admitted_budget":true,"admission_mode":"unconditional","hal_bytes_per_call_amortized":465705.3,"process_rss_kb":7808,"process_rss_delta_init_kb":548}
.1980-012-14:07:37.53136 CFE_ES_RunExceptionScan: ExceptionID 0x1110000 in TaskID 0: Caught SIGINT
1980-012-14:07:37.53170 CFE_ES_RunExceptionScan: Processor Reset count not reached (0/2)
CFE_PSP: Exiting cFE with PROCESSOR Reset status.

CFE_PSP: Shutdown initiated - Exiting cFE
CI delete callback -- Closing CI Network socket.
TO delete callback -- Closing TO Network socket.
EXIT=124
