CFE_PSP: Default Reset SubType = 1
CFE_PSP: Default CPU ID = 1
CFE_PSP: Default Spacecraft ID = 66
CFE_PSP: Default CPU Name: cpu1
OS_Posix_GetSchedulerParams():208:Policy 1: available, min-max: 1-99
OS_Posix_GetSchedulerParams():208:Policy 2: available, min-max: 1-99
OS_Posix_TaskAPI_Impl_Init():401:Selected policy 2 for RT tasks, root task = 99
CFE_PSP: initializing module 'soft_timebase' with ID 0110ff00
CFE_PSP: Instantiated software timebase 'cFS-Master' running at 10000 usec
CFE_PSP: initializing module 'timebase_posix_clock' with ID 0110ff01
CFE_PSP: Using POSIX monotonic clock as CFE timebase
CFE_PSP: initializing module 'eeprom_mmap_file' with ID 0110ff02
CFE_PSP: Using MMAP simulated EEPROM implementation
CFE_PSP: initializing module 'port_notimpl' with ID 0110ff03
CFE_PSP: I/O Port access not implemented
CFE_PSP: initializing module 'iodriver' with ID 0110ff04
CFE_PSP: initializing module 'linux_sysmon' with ID 0110ff05
CFE_PSP: initializing module 'endian_api' with ID 0110ff06
CFE_PSP: Host CPU Endian=LITTLE
CFE_PSP: initializing module 'ram_notimpl' with ID 0110ff07
CFE_PSP: Physical RAM access not implemented
CFE_PSP: EEPROM Range (2) created: Start Address = 7F0FB1D77000, Size = 00080000 Status = 0
CFE_PSP: Starting the cFE with a POWER ON reset.
CFE_PSP: Clearing out CFE CDS Shared memory segment.
CFE_PSP: Clearing out CFE Reset Shared memory segment.
CFE_PSP: Clearing out CFE User Reserved Shared memory segment.
1980-001-06:41:53.52897 CFE_ES_SetupResetVariables: POWER ON RESET due to Power Cycle (Power Cycle).
1980-001-06:41:53.52910 CFE_ES_Main: CFE_ES_Main in EARLY_INIT state
Number of addresses returned by backtrace = 1
CFE_PSP: CFE_PSP_AttachExceptions called
1980-001-06:41:53.52954 CFE_ES_Main: CFE_ES_Main entering CORE_STARTUP state
1980-001-06:41:53.52954 CFE_ES_CreateObjects: Starting Object Creation calls.
1980-001-06:41:53.52955 CFE_ES_CreateObjects: Calling EarlyInit for CFE_CONFIG
1980-001-06:41:53.52957 CFE_ES_CreateObjects: Calling EarlyInit for CFE_ES
1980-001-06:41:53.52974 CFE_ES_CreateObjects: Calling EarlyInit for CFE_EVS
1980-001-06:41:53.52978 CFE_EVS_EarlyInit: Event Log cleared following power-on reset
1980-001-06:41:53.52979 CFE_ES_CreateObjects: Calling EarlyInit for CFE_FS
1980-001-06:41:53.52979 CFE_ES_CreateObjects: Calling EarlyInit for CFE_SB
1980-001-06:41:53.53017 CFE_ES_CreateObjects: Calling EarlyInit for CFE_TBL
1980-001-06:41:53.53099 CFE_ES_CreateObjects: Calling EarlyInit for CFE_TIME
EVS Port1 1980-012-14:03:20.05204 66/1/CFE_ES 1: cFE ES Initialized: CFE_ES v7.0.1+dev1 (Draco) DEV BUILD, based on v7.0.1, EDS disabled
EVS Port1 1980-012-14:03:20.05209 66/1/CFE_ES 2: cFS Versions: cfe v7.0.1+dev1, osal v7.0.1+dev1, psp v7.0.1+dev1. cFE chksm 44658
EVS Port1 1980-012-14:03:20.05209 66/1/CFE_ES 91: Version Info: Mission SampleMission, version git:v7.0.1-90-g78c23b0-dirty
EVS Port1 1980-012-14:03:20.05210 66/1/CFE_ES 91: Version Info: Module CORE_API, version git:2612eb0
EVS Port1 1980-012-14:03:20.05212 66/1/CFE_ES 91: Version Info: Module CONFIG, version git:2612eb0
EVS Port1 1980-012-14:03:20.05212 66/1/CFE_ES 91: Version Info: Module ES, version git:2612eb0
EVS Port1 1980-012-14:03:20.05212 66/1/CFE_ES 91: Version Info: Module EVS, version git:2612eb0
EVS Port1 1980-012-14:03:20.05215 66/1/CFE_ES 91: Version Info: Module FS, version git:2612eb0
EVS Port1 1980-012-14:03:20.05215 66/1/CFE_ES 91: Version Info: Module SB, version git:2612eb0
EVS Port1 1980-012-14:03:20.05218 66/1/CFE_ES 91: Version Info: Module TBL, version git:2612eb0
EVS Port1 1980-012-14:03:20.05218 66/1/CFE_ES 91: Version Info: Module TIME, version git:2612eb0
EVS Port1 1980-012-14:03:20.05221 66/1/CFE_ES 91: Version Info: Module OSAL, version git:8111e4a
EVS Port1 1980-012-14:03:20.05221 66/1/CFE_ES 91: Version Info: Module PSP, version git:d1da809
EVS Port1 1980-012-14:03:20.05223 66/1/CFE_ES 91: Version Info: Module MSG, version git:2612eb0
EVS Port1 1980-012-14:03:20.05224 66/1/CFE_ES 91: Version Info: Module SBR, version git:2612eb0
EVS Port1 1980-012-14:03:20.05226 66/1/CFE_ES 91: Version Info: Module RESOURCEID, version git:2612eb0
EVS Port1 1980-012-14:03:20.05227 66/1/CFE_ES 92: Build 202609090906 by root@vm, config sample
EVS Port1 1980-012-14:03:20.15068 66/1/CFE_EVS 1: cFE EVS Initialized: CFE_EVS v7.0.1+dev1 (Draco) DEV BUILD, based on v7.0.1, EDS disabled
1980-012-14:03:20.25112 CFE_SB_AppInit: Registered 4 events for filtering
EVS Port1 1980-012-14:03:20.25122 66/1/CFE_SB 1: cFE SB Initialized: CFE_SB v7.0.1+dev1 (Draco) DEV BUILD, based on v7.0.1, EDS disabled
EVS Port1 1980-012-14:03:20.25123 66/1/CFE_SB 14: No subscribers for MsgId 0x808,sender CFE_SB
EVS Port1 1980-012-14:03:20.35147 66/1/CFE_TBL 1: cFE TBL Initialized: CFE_TBL v7.0.1+dev1 (Draco) DEV BUILD, based on v7.0.1, EDS disabled
EVS Port1 1980-012-14:03:20.35151 66/1/CFE_SB 14: No subscribers for MsgId 0x808,sender CFE_TBL
EVS Port1 1980-012-14:03:20.45320 66/1/CFE_TIME 1: cFE TIME Initialized: CFE_TIME v7.0.1+dev1 (Draco) DEV BUILD, based on v7.0.1, EDS disabled
EVS Port1 1980-012-14:03:20.45324 66/1/CFE_SB 14: No subscribers for MsgId 0x808,sender CFE_TIME
1980-012-14:03:20.50289 CFE_ES_CreateObjects: Finished ES CreateObject table entries.
1980-012-14:03:20.50293 CFE_ES_Main: CFE_ES_Main entering CORE_READY state
1980-012-14:03:20.50296 CFE_ES_OpenStartupScript: Opened ES App Startup file: /cf/cfe_es_startup.scr
1980-012-14:03:20.50309 CFE_ES_ParseFileEntry: Loading shared library: /cf/cfe_assert.so
1980-012-14:03:20.50354 [BEGIN] CFE FUNCTIONAL TEST
1980-012-14:03:20.50357 [BEGIN] 01 CFE-STARTUP
1980-012-14:03:20.50367 CFE_ES_ParseFileEntry: Loading shared library: /cf/sample_lib.so
SAMPLE Lib Initialized.Sample Lib v7.0.0+dev1 (Draco) DEV BUILD, based on v7.0.1, EDS disabled
1980-012-14:03:20.50392 CFE_ES_ParseFileEntry: Loading file: /cf/sch_lab.so, APP: SCH_LAB
1980-012-14:03:20.50428 CFE_ES_ParseFileEntry: Loading file: /cf/ci_lab.so, APP: CI_LAB
1980-012-14:03:20.50470 CFE_ES_ParseFileEntry: Loading file: /cf/to_lab.so, APP: TO_LAB
1980-012-14:03:20.50507 CFE_ES_ParseFileEntry: Loading file: /cf/sample_app.so, APP: SAMPLE_APP
1980-012-14:03:20.50547 CFE_ES_ParseFileEntry: Loading file: /cf/ai_learner.so, APP: AI_LEARNER
1980-012-14:03:20.50587 CFE_ES_ParseFileEntry: Loading file: /cf/lc.so, APP: LC
1980-012-14:03:20.50618 CFE_ES_ParseFileEntry: Loading file: /cf/cf.so, APP: CF
1980-012-14:03:20.50660 CFE_ES_ParseFileEntry: Loading file: /cf/ds.so, APP: DS
1980-012-14:03:20.50694 CFE_ES_ParseFileEntry: Loading file: /cf/fm.so, APP: FM
1980-012-14:03:20.50730 CFE_ES_ParseFileEntry: Loading file: /cf/hk.so, APP: HK
1980-012-14:03:20.50756 CFE_ES_ParseFileEntry: Loading file: /cf/hs.so, APP: HS
1980-012-14:03:20.50787 CFE_ES_ParseFileEntry: Loading file: /cf/mm.so, APP: MM
1980-012-14:03:20.50817 CFE_ES_ParseFileEntry: Loading file: /cf/sc.so, APP: SC
1980-012-14:03:20.50850 CFE_ES_ParseFileEntry: Loading file: /cf/md.so, APP: MD
1980-012-14:03:20.50896 CFE_ES_ParseFileEntry: Loading file: /cf/cs.so, APP: CS
1980-012-14:03:20.50940 CFE_ES_ParseFileEntry: Loading file: /cf/sbn.so, APP: SBN
SCH Lab Initialized.SCH Lab v7.0.1+dev1 (Draco) DEV BUILD, based on v7.0.1, EDS disabled
EVS Port1 1980-012-14:03:20.55523 66/1/TO_LAB 1: TO Lab Initialized.TO Lab v7.0.1+dev1 (Draco) DEV BUILD, based on v7.0.1, EDS disabled, Awaiting enable command.
EVS Port1 1980-012-14:03:20.55532 66/1/CFE_SB 14: No subscribers for MsgId 0x808,sender TO_LAB
EVS Port1 1980-012-14:03:20.55555 66/1/SAMPLE_APP 1: Sample App Initialized.Sample App v7.0.0+dev1 (Draco) DEV BUILD, based on v7.0.1, EDS disabled
{"app":"AI_LEARNER","stage":"stack","es_stack_size":262160,"stack_base_bytes":262144,"contract_kernel_stack_bytes":16,"kernel_stack_accounted":true}
{"app":"AI_LEARNER","stage":"admission","verdict":"ADMIT","model":"canonical_e25","target":"x86_64-unknown-linux-gnu","bounded":786476,"budget":786477,"per_call":65580,"constants":720896,"kernel_stack_bytes":16,"bound_known":true,"scope":"per_app_local_budget"}
EVS Port1 1980-012-14:03:20.55590 66/1/AI_LEARNER 8: AI_LEARNER stack: es=262160 base=262144 kernel=16 accounted=1
EVS Port1 1980-012-14:03:20.55633 66/1/LC 56: WDT verify results: good = 0, bad = 0, unused = 176
EVS Port1 1980-012-14:03:20.55659 66/1/LC 66: ADT verify results: good = 0, bad = 0, unused = 176
EVS Port1 1980-012-14:03:20.55664 66/1/LC 23: LC use of Critical Data Store disabled, activity mask = 0x00991990
EVS Port1 1980-012-14:03:20.55665 66/1/LC 2: LC Initialized. Version 7.0.1.255
EVS Port1 1980-012-14:03:20.55696 66/1/CF 20: CF Initialized. Version 7.0.1.255
EVS Port1 1980-012-14:03:20.55723 66/1/DS 10: Destination file table verify results: good entries = 6, bad = 0, unused = 10
EVS Port1 1980-012-14:03:20.55735 66/1/DS 12: Filter table verify results: good entries = 14, bad = 0, unused = 242
EVS Port1 1980-012-14:03:20.55757 66/1/DS 1: Application initialized, version 7.0.1.255, data at 0x7f0fb1a17480
EVS Port1 1980-012-14:03:20.55763 66/1/FM 80: Free Space Table verify results: good entries = 3, bad = 0, unused = 5
EVS Port1 1980-012-14:03:20.55770 66/1/HK 1: HK Initialized.  Version 7.0.1.255
EVS Port1 1980-012-14:03:20.55798 66/1/FM 1: Initialization complete: version 7.0.1.255
EVS Port1 1980-012-14:03:20.55818 66/1/HS 54: ExeCount verify results: good = 5, bad = 0, unused = 27
EVS Port1 1980-012-14:03:20.55818 66/1/MM 1: MM Initialized. Version 7.0.1.255
EVS Port1 1980-012-14:03:20.55828 66/1/HS 50: AppMon verify results: good = 0, bad = 0, unused = 32
EVS Port1 1980-012-14:03:20.55844 66/1/HS 52: EventMon verify results: good = 0, bad = 0, unused = 16
EVS Port1 1980-012-14:03:20.55851 66/1/HS 56: MsgActs verify results: good = 2, bad = 0, unused = 6
1980-012-14:03:20.55857 HS_SysMonInit(): System Monitor using PSP device ID 0110ff05
open(/proc/schedstat): No such file or directory
1980-012-14:03:20.55862 HS_SysMonInit(): Unable to start device 0110ff05
EVS Port1 1980-012-14:03:20.55863 66/1/HS 74: Error in system monitor initialization, RC=0xC8000005
1980-012-14:03:20.55883 CI_LAB listening on UDP port: 1234
EVS Port1 1980-012-14:03:20.55885 66/1/CI_LAB 3: CI Lab Initialized.CI Lab App v7.0.1+dev1 (Draco) DEV BUILD, based on v7.0.1, EDS disabled
EVS Port1 1980-012-14:03:20.55935 66/1/MD 52: MD Dwell Tbl verify results: good = 0, bad = 0, unused = 25
EVS Port1 1980-012-14:03:20.56028 66/1/MD 52: MD Dwell Tbl verify results: good = 0, bad = 0, unused = 25
EVS Port1 1980-012-14:03:20.56115 66/1/CS 144: CS EEPROM Table verification results: good = 0, bad = 0, unused = 16
EVS Port1 1980-012-14:03:20.56179 66/1/MD 52: MD Dwell Tbl verify results: good = 0, bad = 0, unused = 25
EVS Port1 1980-012-14:03:20.56187 66/1/SBN 2: SBN subscribed to command pipe SBN_CMD_MID 0x18FA
EVS Port1 1980-012-14:03:20.56192 66/1/CS 107: CS EEPROM Table: No valid entries in the table
EVS Port1 1980-012-14:03:20.56268 66/1/MD 52: MD Dwell Tbl verify results: good = 0, bad = 0, unused = 25
EVS Port1 1980-012-14:03:20.56274 66/1/MD 7: Dwell Tables Recovered: 0, Dwell Tables Initialized: 4
EVS Port1 1980-012-14:03:20.56277 66/1/MD 1: MD Initialized.  Version 7.0.1.255
EVS Port1 1980-012-14:03:20.56280 66/1/CS 143: CS Memory Table verification results: good = 0, bad = 0, unused = 16
EVS Port1 1980-012-14:03:20.56285 66/1/CS 107: CS Memory Table: No valid entries in the table
EVS Port1 1980-012-14:03:20.56292 66/1/CS 139: CS Tables Table verification results: good = 1, bad = 0, unused = 23
EVS Port1 1980-012-14:03:20.56297 66/1/SC 21: RTS table files not loaded at initialization = 0 of 4
EVS Port1 1980-012-14:03:20.56301 66/1/CS 142: CS Apps Table verification results: good = 0, bad = 0, unused = 24
EVS Port1 1980-012-14:03:20.56304 66/1/CS 108: CS Apps Table: No valid entries in the table
EVS Port1 1980-012-14:03:20.56306 66/1/SC 9: SC Initialized. Version 7.0.1.255
EVS Port1 1980-012-14:03:20.56307 66/1/CS 127: OS Text Segment disabled due to platform
EVS Port1 1980-012-14:03:20.56314 66/1/CS 1: CS Initialized. Version 7.0.1.255
{"app":"AI_LEARNER","stage":"binding","verdict":"MATCH","artifact_bytes":733880,"artifact_sha256":"0e250c2f16e704db","contract_sha256":"0e250c2f16e704db"}
{"app":"AI_LEARNER","stage":"mem_init","model":"canonical_e25","target":"x86_64-unknown-linux-gnu","hal_peak":720932,"hal_allocated":720932,"bounded":786476,"peak_within_bounded":true,"inferences_so_far":0,"process_rss_kb":9356,"rss_kb_before_runtime":8188,"rss_kb_after_session":8492,"rss_kb_after_init":9356}
{"app":"AI_LEARNER","stage":"e25_mode","active":false,"inputs_path":"/cf/e25_inputs.bin"}
EVS Port1 1980-012-14:03:20.56927 66/1/AI_LEARNER 3: AI_LEARNER initialized: model canonical_e25 (733880 B), rss_delta_init=1168 KB
EVS Port1 1980-012-14:03:20.60823 66/1/FM 72: Child Task initialization complete
1980-012-14:03:20.60993 CFE_ES_Main: CFE_ES_Main entering APPS_INIT state
1980-012-14:03:20.60996 CFE_ES_Main: CFE_ES_Main entering OPERATIONAL state
EVS Port1 1980-012-14:03:20.61251 66/1/SBN 4: checking if module (UDP) already loaded
OS_GenericSymbolLookup_Impl():114:SBN_UDP_Ops: ./core-cpu1: undefined symbol: SBN_UDP_Ops
OS_GenericSymbolLookup_Impl():114:SBN_UDP_Ops: ./cf/cfe_assert.so: undefined symbol: SBN_UDP_Ops
OS_GenericSymbolLookup_Impl():114:SBN_UDP_Ops: ./cf/sample_lib.so: undefined symbol: SBN_UDP_Ops
OS_GenericSymbolLookup_Impl():114:SBN_UDP_Ops: ./cf/sch_lab.so: undefined symbol: SBN_UDP_Ops
OS_GenericSymbolLookup_Impl():114:SBN_UDP_Ops: ./cf/ci_lab.so: undefined symbol: SBN_UDP_Ops
OS_GenericSymbolLookup_Impl():114:SBN_UDP_Ops: ./cf/to_lab.so: undefined symbol: SBN_UDP_Ops
OS_GenericSymbolLookup_Impl():114:SBN_UDP_Ops: ./cf/sample_app.so: undefined symbol: SBN_UDP_Ops
OS_GenericSymbolLookup_Impl():114:SBN_UDP_Ops: ./cf/ai_learner.so: undefined symbol: SBN_UDP_Ops
OS_GenericSymbolLookup_Impl():114:SBN_UDP_Ops: ./cf/lc.so: undefined symbol: SBN_UDP_Ops
OS_GenericSymbolLookup_Impl():114:SBN_UDP_Ops: ./cf/cf.so: undefined symbol: SBN_UDP_Ops
OS_GenericSymbolLookup_Impl():114:SBN_UDP_Ops: ./cf/ds.so: undefined symbol: SBN_UDP_Ops
OS_GenericSymbolLookup_Impl():114:SBN_UDP_Ops: ./cf/fm.so: undefined symbol: SBN_UDP_Ops
OS_GenericSymbolLookup_Impl():114:SBN_UDP_Ops: ./cf/hk.so: undefined symbol: SBN_UDP_Ops
OS_GenericSymbolLookup_Impl():114:SBN_UDP_Ops: ./cf/hs.so: undefined symbol: SBN_UDP_Ops
OS_GenericSymbolLookup_Impl():114:SBN_UDP_Ops: ./cf/mm.so: undefined symbol: SBN_UDP_Ops
OS_GenericSymbolLookup_Impl():114:SBN_UDP_Ops: ./cf/sc.so: undefined symbol: SBN_UDP_Ops
OS_GenericSymbolLookup_Impl():114:SBN_UDP_Ops: ./cf/md.so: undefined symbol: SBN_UDP_Ops
OS_GenericSymbolLookup_Impl():114:SBN_UDP_Ops: ./cf/cs.so: undefined symbol: SBN_UDP_Ops
OS_GenericSymbolLookup_Impl():114:SBN_UDP_Ops: ./cf/sbn.so: undefined symbol: SBN_UDP_Ops
EVS Port1 1980-012-14:03:20.61270 66/1/SBN 4: symbol not yet loaded (SBN_UDP_Ops)
EVS Port1 1980-012-14:03:20.61276 66/1/SBN 4: loading module (Name=UDP, File=/cf/sbn_udp.so)
EVS Port1 1980-012-14:03:20.61289 66/1/SBN 4: validating symbol load (SBN_UDP_Ops)
EVS Port1 1980-012-14:03:20.61296 66/1/SBN 4: initializing protocol module
SBN_UDP Lib Initialized.
EVS Port1 1980-012-14:03:20.61303 66/1/SBN 4: protocol module initialized
EVS Port1 1980-012-14:03:20.61306 66/1/SBN 4: checking if module (Remap) already loaded
OS_GenericSymbolLookup_Impl():114:SBN_F_Remap: ./core-cpu1: undefined symbol: SBN_F_Remap
OS_GenericSymbolLookup_Impl():114:SBN_F_Remap: ./cf/cfe_assert.so: undefined symbol: SBN_F_Remap
OS_GenericSymbolLookup_Impl():114:SBN_F_Remap: ./cf/sample_lib.so: undefined symbol: SBN_F_Remap
OS_GenericSymbolLookup_Impl():114:SBN_F_Remap: ./cf/sch_lab.so: undefined symbol: SBN_F_Remap
OS_GenericSymbolLookup_Impl():114:SBN_F_Remap: ./cf/ci_lab.so: undefined symbol: SBN_F_Remap
OS_GenericSymbolLookup_Impl():114:SBN_F_Remap: ./cf/to_lab.so: undefined symbol: SBN_F_Remap
OS_GenericSymbolLookup_Impl():114:SBN_F_Remap: ./cf/sample_app.so: undefined symbol: SBN_F_Remap
OS_GenericSymbolLookup_Impl():114:SBN_F_Remap: ./cf/ai_learner.so: undefined symbol: SBN_F_Remap
OS_GenericSymbolLookup_Impl():114:SBN_F_Remap: ./cf/lc.so: undefined symbol: SBN_F_Remap
OS_GenericSymbolLookup_Impl():114:SBN_F_Remap: ./cf/cf.so: undefined symbol: SBN_F_Remap
OS_GenericSymbolLookup_Impl():114:SBN_F_Remap: ./cf/ds.so: undefined symbol: SBN_F_Remap
OS_GenericSymbolLookup_Impl():114:SBN_F_Remap: ./cf/fm.so: undefined symbol: SBN_F_Remap
OS_GenericSymbolLookup_Impl():114:SBN_F_Remap: ./cf/hk.so: undefined symbol: SBN_F_Remap
OS_GenericSymbolLookup_Impl():114:SBN_F_Remap: ./cf/hs.so: undefined symbol: SBN_F_Remap
OS_GenericSymbolLookup_Impl():114:SBN_F_Remap: ./cf/mm.so: undefined symbol: SBN_F_Remap
OS_GenericSymbolLookup_Impl():114:SBN_F_Remap: ./cf/sc.so: undefined symbol: SBN_F_Remap
OS_GenericSymbolLookup_Impl():114:SBN_F_Remap: ./cf/md.so: undefined symbol: SBN_F_Remap
OS_GenericSymbolLookup_Impl():114:SBN_F_Remap: ./cf/cs.so: undefined symbol: SBN_F_Remap
OS_GenericSymbolLookup_Impl():114:SBN_F_Remap: ./cf/sbn.so: undefined symbol: SBN_F_Remap
OS_GenericSymbolLookup_Impl():114:SBN_F_Remap: ./cf/sbn_udp.so: undefined symbol: SBN_F_Remap
EVS Port1 1980-012-14:03:20.61323 66/1/SBN 4: symbol not yet loaded (SBN_F_Remap)
EVS Port1 1980-012-14:03:20.61329 66/1/SBN 4: loading module (Name=Remap, File=/cf/sbn_f_remap.so)
EVS Port1 1980-012-14:03:20.61346 66/1/SBN 4: validating symbol load (SBN_F_Remap)
EVS Port1 1980-012-14:03:20.61351 66/1/SBN 4: initializing filter module
EVS Port1 1980-012-14:03:20.61364 66/1/SBN 4096: SBN_F_Remap Lib Initialized.
EVS Port1 1980-012-14:03:20.61367 66/1/SBN 4: filter module initialized
EVS Port1 1980-012-14:03:20.61372 66/1/SBN 4: configuring peer (SC=66, CPU=1)...
EVS Port1 1980-012-14:03:20.61375 66/1/SBN 4: found new highest net id: 0
EVS Port1 1980-012-14:03:20.61380 66/1/SBN 4: increasing net count to 1
EVS Port1 1980-012-14:03:20.61384 66/1/SBN 4: peer is this processor: loading net 0
EVS Port1 1980-012-14:03:20.61389 66/1/SBN 258: configuring net (NetData=0x7f0fb17b18b4, Address=127.0.0.1:3234)
EVS Port1 1980-012-14:03:20.61395 66/1/SBN 258: addr host: '127.0.0.1'
EVS Port1 1980-012-14:03:20.61408 66/1/SBN 258: addr port: '3234'
EVS Port1 1980-012-14:03:20.61412 66/1/SBN 258: configured (NetData=0x7f0fb17b18b4)
EVS Port1 1980-012-14:03:20.61416 66/1/SBN 4: configuring peer (SC=66, CPU=2)...
EVS Port1 1980-012-14:03:20.61419 66/1/SBN 4: peer is other processor: loading peer onto net 0
EVS Port1 1980-012-14:03:20.61424 66/1/SBN 258: configuring peer (SC=66, CPU=2, Address=127.0.0.1:3235)
EVS Port1 1980-012-14:03:20.61428 66/1/SBN 258: addr host: '127.0.0.1'
EVS Port1 1980-012-14:03:20.61434 66/1/SBN 258: addr port: '3235'
EVS Port1 1980-012-14:03:20.61441 66/1/SBN 258: configured peer (SC=66, CPU=2, Address=127.0.0.1:3235)
EVS Port1 1980-012-14:03:20.61445 66/1/SBN 4: configuring peer (SC=66, CPU=3)...
EVS Port1 1980-012-14:03:20.61450 66/1/SBN 4: peer is other processor: loading peer onto net 0
EVS Port1 1980-012-14:03:20.61453 66/1/SBN 258: configuring peer (SC=66, CPU=3, Address=127.0.0.1:3236)
EVS Port1 1980-012-14:03:20.61457 66/1/SBN 258: addr host: '127.0.0.1'
EVS Port1 1980-012-14:03:20.61462 66/1/CFE_EVS 44: Events squelched, AppName = SBN
EVS Port1 1980-012-14:03:20.65588 66/1/CFE_SB 17: Msg Limit Err,MsgId 0x80e,pipe SBNSubPipe,sender TO_LAB
EVS Port1 1980-012-14:03:20.65594 66/1/CFE_SB 17: Msg Limit Err,MsgId 0x80e,pipe SBNSubPipe,sender TO_LAB
EVS Port1 1980-012-14:03:20.65600 66/1/CFE_SB 17: Msg Limit Err,MsgId 0x80e,pipe SBNSubPipe,sender TO_LAB
EVS Port1 1980-012-14:03:20.65602 66/1/CFE_SB 17: Msg Limit Err,MsgId 0x80e,pipe SBNSubPipe,sender TO_LAB
EVS Port1 1980-012-14:03:20.65608 66/1/CFE_SB 17: Msg Limit Err,MsgId 0x80e,pipe SBNSubPipe,sender TO_LAB
EVS Port1 1980-012-14:03:20.65614 66/1/CFE_SB 17: Msg Limit Err,MsgId 0x80e,pipe SBNSubPipe,sender TO_LAB
EVS Port1 1980-012-14:03:20.65618 66/1/CFE_SB 17: Msg Limit Err,MsgId 0x80e,pipe SBNSubPipe,sender TO_LAB
EVS Port1 1980-012-14:03:20.65625 66/1/CFE_SB 17: Msg Limit Err,MsgId 0x80e,pipe SBNSubPipe,sender TO_LAB
EVS Port1 1980-012-14:03:20.65629 66/1/CFE_SB 17: Msg Limit Err,MsgId 0x80e,pipe SBNSubPipe,sender TO_LAB
EVS Port1 1980-012-14:03:20.65637 66/1/CFE_SB 17: Msg Limit Err,MsgId 0x80e,pipe SBNSubPipe,sender TO_LAB
EVS Port1 1980-012-14:03:20.65643 66/1/CFE_SB 17: Msg Limit Err,MsgId 0x80e,pipe SBNSubPipe,sender TO_LAB
EVS Port1 1980-012-14:03:20.65647 66/1/CFE_SB 17: Msg Limit Err,MsgId 0x80e,pipe SBNSubPipe,sender TO_LAB
EVS Port1 1980-012-14:03:20.65653 66/1/CFE_SB 17: Msg Limit Err,MsgId 0x80e,pipe SBNSubPipe,sender TO_LAB
EVS Port1 1980-012-14:03:20.65660 66/1/CFE_SB 17: Msg Limit Err,MsgId 0x80e,pipe SBNSubPipe,sender TO_LAB
EVS Port1 1980-012-14:03:20.65666 66/1/CFE_SB 17: Msg Limit Err,MsgId 0x80e,pipe SBNSubPipe,sender TO_LAB
EVS Port1 1980-012-14:03:20.65670 66/1/CFE_SB 17: Msg Limit Err,MsgId 0x80e,pipe SBNSubPipe,sender TO_LAB
EVS Port1 1980-012-14:03:20.65687 66/1/TO_LAB 19: L550 TO Lab subscribed to 37 messages from the table
EVS Port1 1980-012-14:03:22.00004 66/1/CFE_TIME 21: Stop FLYWHEEL
...{"app":"AI_LEARNER","stage":"run","model":"canonical_e25","target":"x86_64-unknown-linux-gnu","attempted":5,"completed":5,"fail_input":0,"fail_invoke":0,"fail_output":0,"mean_us":242.33,"max_us":420.88,"last_us":171.52,"out0":-0.85279,"out":[-0.852794,-1.257165]}
EVS Port1 1980-012-14:03:40.50038 66/1/AI_LEARNER 4: AI_LEARNER completed=5/5 mean=242.3us max=420.9us hal_peak=786476 within_bounded=1
{"app":"AI_LEARNER","stage":"mem","model":"canonical_e25","target":"x86_64-unknown-linux-gnu","completed":5,"hal_peak":786476,"peak_within_bounded":true,"hal_bytes_per_call_amortized":209730.4,"process_rss_kb":9632,"process_rss_delta_init_kb":1168}
..EVS Port1 1980-012-14:03:51.00004 66/1/CFE_TIME 21: Stop FLYWHEEL
EVS Port1 1980-012-14:03:52.00994 66/1/CFE_TIME 20: Start FLYWHEEL
.{"app":"AI_LEARNER","stage":"run","model":"canonical_e25","target":"x86_64-unknown-linux-gnu","attempted":10,"completed":10,"fail_input":0,"fail_invoke":0,"fail_output":0,"mean_us":211.45,"max_us":420.88,"last_us":157.34,"out0":-0.85279,"out":[-0.852794,-1.257165]}
EVS Port1 1980-012-14:04:00.50032 66/1/AI_LEARNER 4: AI_LEARNER completed=10/10 mean=211.5us max=420.9us hal_peak=786476 within_bounded=1
{"app":"AI_LEARNER","stage":"mem","model":"canonical_e25","target":"x86_64-unknown-linux-gnu","completed":10,"hal_peak":786476,"peak_within_bounded":true,"hal_bytes_per_call_amortized":137637.2,"process_rss_kb":9632,"process_rss_delta_init_kb":1168}
.1980-012-14:04:02.93806 CFE_ES_RunExceptionScan: ExceptionID 0x1110000 in TaskID 0: Caught Signal 15
1980-012-14:04:02.93813 CFE_ES_RunExceptionScan: Processor Reset count not reached (0/2)
CFE_PSP: Exiting cFE with PROCESSOR Reset status.

CFE_PSP: Shutdown initiated - Exiting cFE
CI delete callback -- Closing CI Network socket.
TO delete callback -- Closing TO Network socket.
