OS_BSP_Initialize():Maximum user msg queue depth = 512
CFE_PSP: Default Reset SubType = 1
CFE_PSP: Default CPU ID = 1
CFE_PSP: Default Spacecraft ID = 66
CFE_PSP: Default CPU Name: cpu1
OS_Posix_GetSchedulerParams():208:Policy 1: available, min-max: 1-99
OS_Posix_GetSchedulerParams():208:Policy 2: available, min-max: 1-99
OS_Posix_TaskAPI_Impl_Init():401:Selected policy 2 for RT tasks, root task = 99
OS_Posix_TaskAPI_Impl_Init():419:Could not setschedparam in main thread: Operation not permitted (1)
CFE_PSP: initializing module 'soft_timebase' with ID 0110ff00
CFE_PSP: Instantiated software timebase 'cFS-Master' running at 10000 usec
CFE_PSP: initializing module 'timebase_posix_clock' with ID 0110ff01
CFE_PSP: Using POSIX monotonic clock as CFE timebase
CFE_PSP: initializing module 'eeprom_mmap_file' with ID 0110ff02
CFE_PSP: Using MMAP simulated EEPROM implementation
CFE_PSP: initializing module 'port_notimpl' with ID 0110ff03
CFE_PSP: I/O Port access not implementedCFE_PSP: EEPROM Range (2) created: Start Address = FF62E248E000, Size = 00080000 Status = 0

CFE_PSP: initializing module 'iodriver' with ID 0110ff04
CFE_PSP: initializing module 'linux_sysmon' with ID 0110ff05
CFE_PSP: initializing module 'endian_api' with ID 0110ff06
CFE_PSP: Host CPU Endian=LITTLE
CFE_PSP: initializing module 'ram_notimpl' with ID 0110ff07
CFE_PSP: Physical RAM access not implemented
CFE_PSP: Normal exit from previous cFE instance
CFE_PSP: Starting the cFE with a PROCESSOR reset.
1980-001-00:07:30.85337 CFE_ES_Main: CFE_ES_Main in EARLY_INIT state
1980-001-00:07:30.86952 CFE_ES_InitializeFileSystems: Volatile Disk has 100 Percent free space.
Number of addresses returned by backtrace = 1
CFE_PSP: CFE_PSP_AttachExceptions called
1980-001-00:07:30.89335 CFE_ES_Main: CFE_ES_Main entering CORE_STARTUP state
1980-001-00:07:30.89372 CFE_ES_CreateObjects: Starting Object Creation calls.
1980-001-00:07:30.89400 CFE_ES_CreateObjects: Calling EarlyInit for CFE_CONFIG
1980-001-00:07:30.89599 CFE_ES_CreateObjects: Calling EarlyInit for CFE_ES
1980-001-00:07:30.89990 CFE_ES_CreateObjects: Calling EarlyInit for CFE_EVS
1980-001-00:07:30.90168 CFE_EVS_EarlyInit: Event Log restored, n=0, c=20, f=1, m=1, o=50
1980-001-00:07:30.90196 CFE_ES_CreateObjects: Calling EarlyInit for CFE_FS
1980-001-00:07:30.90238 CFE_ES_CreateObjects: Calling EarlyInit for CFE_SB
1980-001-00:07:30.91699 CFE_ES_CreateObjects: Calling EarlyInit for CFE_TBL
1980-001-00:07:30.93580 CFE_ES_CreateObjects: Calling EarlyInit for CFE_TIME
EVS Port1 1980-012-14:04:44.25822 66/1/CFE_ES 1: cFE ES Initialized: CFE_ES v7.0.1+dev1 (Draco) DEV BUILD, based on v7.0.1, EDS disabled
EVS Port1 1980-012-14:04:44.26235 66/1/CFE_ES 2: cFS Versions: cfe v7.0.1+dev1, osal v7.0.1+dev1, psp v7.0.1+dev1. cFE chksm 31659
EVS Port1 1980-012-14:04:44.26370 66/1/CFE_ES 91: Version Info: Mission SampleMission, version git:v7.0.1-90-g78c23b0-dirty
EVS Port1 1980-012-14:04:44.26445 66/1/CFE_ES 91: Version Info: Module CORE_API, version git:2612eb0
EVS Port1 1980-012-14:04:44.26458 66/1/CFE_ES 91: Version Info: Module CONFIG, version git:2612eb0
EVS Port1 1980-012-14:04:44.26493 66/1/CFE_ES 91: Version Info: Module ES, version git:2612eb0
EVS Port1 1980-012-14:04:44.26507 66/1/CFE_ES 91: Version Info: Module EVS, version git:2612eb0
EVS Port1 1980-012-14:04:44.26516 66/1/CFE_ES 91: Version Info: Module FS, version git:2612eb0
EVS Port1 1980-012-14:04:44.26527 66/1/CFE_ES 91: Version Info: Module SB, version git:2612eb0
EVS Port1 1980-012-14:04:44.26535 66/1/CFE_ES 91: Version Info: Module TBL, version git:2612eb0
EVS Port1 1980-012-14:04:44.26545 66/1/CFE_ES 91: Version Info: Module TIME, version git:2612eb0
EVS Port1 1980-012-14:04:44.26554 66/1/CFE_ES 91: Version Info: Module OSAL, version git:8111e4a
EVS Port1 1980-012-14:04:44.26594 66/1/CFE_ES 91: Version Info: Module PSP, version git:d1da809
EVS Port1 1980-012-14:04:44.26608 66/1/CFE_ES 91: Version Info: Module MSG, version git:2612eb0
EVS Port1 1980-012-14:04:44.26615 66/1/CFE_ES 91: Version Info: Module SBR, version git:2612eb0
EVS Port1 1980-012-14:04:44.26623 66/1/CFE_ES 91: Version Info: Module RESOURCEID, version git:2612eb0
EVS Port1 1980-012-14:04:44.26638 66/1/CFE_ES 92: Build 202609280124 by root@vm, config aarch64
EVS Port1 1980-012-14:04:44.35295 66/1/CFE_EVS 1: cFE EVS Initialized: CFE_EVS v7.0.1+dev1 (Draco) DEV BUILD, based on v7.0.1, EDS disabled
1980-012-14:04:44.45528 CFE_SB_AppInit: Registered 4 events for filtering
EVS Port1 1980-012-14:04:44.45849 66/1/CFE_SB 1: cFE SB Initialized: CFE_SB v7.0.1+dev1 (Draco) DEV BUILD, based on v7.0.1, EDS disabled
EVS Port1 1980-012-14:04:44.45919 66/1/CFE_SB 14: No subscribers for MsgId 0x808,sender CFE_SB
EVS Port1 1980-012-14:04:44.56123 66/1/CFE_TBL 1: cFE TBL Initialized: CFE_TBL v7.0.1+dev1 (Draco) DEV BUILD, based on v7.0.1, EDS disabled
EVS Port1 1980-012-14:04:44.56192 66/1/CFE_SB 14: No subscribers for MsgId 0x808,sender CFE_TBL
EVS Port1 1980-012-14:04:44.68005 66/1/CFE_TIME 1: cFE TIME Initialized: CFE_TIME v7.0.1+dev1 (Draco) DEV BUILD, based on v7.0.1, EDS disabled
EVS Port1 1980-012-14:04:44.68083 66/1/CFE_SB 14: No subscribers for MsgId 0x808,sender CFE_TIME
1980-012-14:04:44.71496 CFE_ES_CreateObjects: Finished ES CreateObject table entries.
1980-012-14:04:44.71523 CFE_ES_Main: CFE_ES_Main entering CORE_READY state
OS_FileOpen_Impl():110:open(/dev/shm/osal:RAM/cfe_es_startup.scr): No such file or directory
1980-012-14:04:44.71902 CFE_ES_OpenStartupScript: Cannot Open Volatile Startup file: /ram/cfe_es_startup.scr, Trying Nonvolatile.
1980-012-14:04:44.72001 CFE_ES_OpenStartupScript: Opened ES App Startup file: /cf/cfe_es_startup.scr
1980-012-14:04:44.78599 CFE_ES_ParseFileEntry: Loading shared library: /cf/cfe_assert.so
1980-012-14:04:44.81164 [BEGIN] CFE FUNCTIONAL TEST
1980-012-14:04:44.81252 [BEGIN] 01 CFE-STARTUP
1980-012-14:04:44.83270 CFE_ES_ParseFileEntry: Loading shared library: /cf/sample_lib.so
SAMPLE Lib Initialized.Sample Lib v7.0.0+dev1 (Draco) DEV BUILD, based on v7.0.1, EDS disabled
1980-012-14:04:44.86286 CFE_ES_ParseFileEntry: Loading file: /cf/sch_lab.so, APP: SCH_LAB
1980-012-14:04:44.89047 CFE_ES_ParseFileEntry: Loading file: /cf/ci_lab.so, APP: CI_LAB
1980-012-14:04:44.91556 CFE_ES_ParseFileEntry: Loading file: /cf/to_lab.so, APP: TO_LAB
SCH Lab Initialized.SCH Lab v7.0.1+dev1 (Draco) DEV BUILD, based on v7.0.1, EDS disabled
1980-012-14:04:44.94422 CFE_ES_ParseFileEntry: Loading file: /cf/sample_app.so, APP: SAMPLE_APP
1980-012-14:04:44.97006 CFE_ES_ParseFileEntry: Loading file: /cf/ai_learner.so, APP: AI_LEARNER
EVS Port1 1980-012-14:04:44.98452 66/1/TO_LAB 1: TO Lab Initialized.TO Lab v7.0.1+dev1 (Draco) DEV BUILD, based on v7.0.1, EDS disabled, Awaiting enable command.
EVS Port1 1980-012-14:04:44.98506 66/1/CFE_SB 14: No subscribers for MsgId 0x808,sender TO_LAB
1980-012-14:04:44.98827 CI_LAB listening on UDP port: 1234
EVS Port1 1980-012-14:04:44.98892 66/1/CI_LAB 3: CI Lab Initialized.CI Lab App v7.0.1+dev1 (Draco) DEV BUILD, based on v7.0.1, EDS disabled
EVS Port1 1980-012-14:04:45.00622 66/1/SAMPLE_APP 1: Sample App Initialized.Sample App v7.0.0+dev1 (Draco) DEV BUILD, based on v7.0.1, EDS disabled
1980-012-14:04:45.03948 CFE_ES_ParseFileEntry: Loading file: /cf/lc.so, APP: LC
{"app":"AI_LEARNER","stage":"build_config","model":"b2_resnet","allow_conditional_map":0,"contract_bounded_bytes":618856,"contract_per_call_bytes":309416,"contract_const_bytes":309440,"contract_bound_known":true,"contract_artifact_sha256":"55586e31feebf697155e3b6cb87ec18d656d5a58bd7ef8209836cbc1842561a8"}
{"app":"AI_LEARNER","stage":"stack","es_stack_size":263376,"stack_base_bytes":262144,"contract_kernel_stack_bytes":1232,"kernel_stack_accounted":true}
EVS Port1 1980-012-14:04:45.04594 66/1/AI_LEARNER 8: AI_LEARNER stack: es=263376 base=262144 kernel=1232 accounted=1
{"app":"AI_LEARNER","stage":"admission","verdict":"ADMIT","model":"b2_resnet","target":"aarch64-unknown-linux-gnu","bounded":618856,"budget":618856,"budget_source":"macro","per_call":309416,"constants":309440,"kernel_stack_bytes":1232,"bound_known":true,"scope":"per_app_local_budget"}
{"app":"AI_LEARNER","stage":"blob_align","requested_offset":0,"state":"unset","module_ptr_mod64":0}
{"app":"AI_LEARNER","stage":"binding","verdict":"MATCH","artifact_bytes":346554,"artifact_sha256":"55586e31feebf697","contract_sha256":"55586e31feebf697"}
EVS Port1 1980-012-14:04:45.11634 66/1/AI_LEARNER 7: AI_LEARNER runtime load failed at append_bytecode_module: INVALID_ARGUMENT; releasing resources, app will not start
{"app":"AI_LEARNER","stage":"runtime_load_failed","step":"append_bytecode_module","status":"iree-src/runtime/src/iree/vm/bytecode/verifier.c:176: INVALID_ARGUMENT; bytecode version mismatch; runtime supports 17.0, module has 16.0","model":"b2_resnet","target":"aarch64-unknown-linux-gnu"}
{"app":"AI_LEARNER","stage":"cleanup","released":true,"cleanup_calls":1}
1980-012-14:04:45.12662 CFE_ES_ExitApp: Application AI_LEARNER called CFE_ES_ExitApp
EVS Port1 1980-012-14:04:45.13209 66/1/LC 56: WDT verify results: good = 0, bad = 0, unused = 176
1980-012-14:04:45.13509 CFE_ES_ParseFileEntry: Loading file: /cf/cf.so, APP: CF
EVS Port1 1980-012-14:04:45.13534 66/1/LC 66: ADT verify results: good = 0, bad = 0, unused = 176
EVS Port1 1980-012-14:04:45.13688 66/1/LC 23: LC use of Critical Data Store disabled, activity mask = 0x00991990
EVS Port1 1980-012-14:04:45.13728 66/1/LC 2: LC Initialized. Version 7.0.1.255
1980-012-14:04:45.20533 CFE_ES_ParseFileEntry: Loading file: /cf/ds.so, APP: DS
EVS Port1 1980-012-14:04:45.22372 66/1/CF 20: CF Initialized. Version 7.0.1.255
1980-012-14:04:45.24404 CFE_ES_ParseFileEntry: Loading file: /cf/fm.so, APP: FM
1980-012-14:04:45.26212 CFE_ES_ParseFileEntry: Loading file: /cf/hk.so, APP: HK
EVS Port1 1980-012-14:04:45.28213 66/1/DS 10: Destination file table verify results: good entries = 6, bad = 0, unused = 10
1980-012-14:04:45.28556 CFE_ES_ParseFileEntry: Loading file: /cf/hs.so, APP: HS
EVS Port1 1980-012-14:04:45.28630 66/1/DS 12: Filter table verify results: good entries = 14, bad = 0, unused = 242
EVS Port1 1980-012-14:04:45.28909 66/1/DS 1: Application initialized, version 7.0.1.255, data at 0xff62e1d90460
1980-012-14:04:45.30427 CFE_ES_ParseFileEntry: Loading file: /cf/mm.so, APP: MM
EVS Port1 1980-012-14:04:45.30645 66/1/FM 80: Free Space Table verify results: good entries = 3, bad = 0, unused = 5
EVS Port1 1980-012-14:04:45.31147 66/1/FM 1: Initialization complete: version 7.0.1.255
1980-012-14:04:45.32506 CFE_ES_ParseFileEntry: Loading file: /cf/sc.so, APP: SC
EVS Port1 1980-012-14:04:45.32937 66/1/HK 1: HK Initialized.  Version 7.0.1.255
EVS Port1 1980-012-14:04:45.36148 66/1/CFE_ES 14: ErrExit Application AI_LEARNER Success.
1980-012-14:04:45.36433 CFE_ES_ParseFileEntry: Loading file: /cf/md.so, APP: MD
EVS Port1 1980-012-14:04:45.37387 66/1/FM 72: Child Task initialization complete
EVS Port1 1980-012-14:04:45.40480 66/1/MM 1: MM Initialized. Version 7.0.1.255
1980-012-14:04:45.40947 CFE_ES_ParseFileEntry: Loading file: /cf/cs.so, APP: CS
EVS Port1 1980-012-14:04:45.41447 66/1/HS 54: ExeCount verify results: good = 5, bad = 0, unused = 27
EVS Port1 1980-012-14:04:45.41999 66/1/HS 50: AppMon verify results: good = 0, bad = 0, unused = 32
EVS Port1 1980-012-14:04:45.42404 66/1/HS 52: EventMon verify results: good = 0, bad = 0, unused = 16
EVS Port1 1980-012-14:04:45.42715 66/1/HS 56: MsgActs verify results: good = 2, bad = 0, unused = 6
EVS Port1 1980-012-14:04:45.42736 66/1/SC 21: RTS table files not loaded at initialization = 0 of 4
EVS Port1 1980-012-14:04:45.43692 66/1/SC 9: SC Initialized. Version 7.0.1.255
1980-012-14:04:45.44336 HS_SysMonInit(): System Monitor using PSP device ID 0110ff05
EVS Port1 1980-012-14:04:45.44738 66/1/MD 52: MD Dwell Tbl verify results: good = 0, bad = 0, unused = 25
EVS Port1 1980-012-14:04:45.44891 66/1/MD 3: Recovered Dwell Table #1 is valid and has been copied to the MD App
EVS Port1 1980-012-14:04:45.45104 66/1/MD 52: MD Dwell Tbl verify results: good = 0, bad = 0, unused = 25
EVS Port1 1980-012-14:04:45.45190 66/1/MD 3: Recovered Dwell Table #2 is valid and has been copied to the MD App
EVS Port1 1980-012-14:04:45.45304 66/1/MD 52: MD Dwell Tbl verify results: good = 0, bad = 0, unused = 25
EVS Port1 1980-012-14:04:45.45401 66/1/MD 3: Recovered Dwell Table #3 is valid and has been copied to the MD App
EVS Port1 1980-012-14:04:45.45523 66/1/MD 52: MD Dwell Tbl verify results: good = 0, bad = 0, unused = 25
EVS Port1 1980-012-14:04:45.45600 66/1/MD 3: Recovered Dwell Table #4 is valid and has been copied to the MD App
EVS Port1 1980-012-14:04:45.45654 66/1/MD 7: Dwell Tables Recovered: 4, Dwell Tables Initialized: 0
EVS Port1 1980-012-14:04:45.45726 66/1/MD 1: MD Initialized.  Version 7.0.1.255
CFE_PSP(Linux_SysMon): Started CPU utilization monitoring on 4 CPU(s)
EVS Port1 1980-012-14:04:45.46112 66/1/HS 1: HS Initialized.  Version 7.0.1.255
EVS Port1 1980-012-14:04:45.48123 66/1/CS 144: CS EEPROM Table verification results: good = 0, bad = 0, unused = 16
EVS Port1 1980-012-14:04:45.48306 66/1/CS 107: CS EEPROM Table: No valid entries in the table
EVS Port1 1980-012-14:04:45.48622 66/1/CS 143: CS Memory Table verification results: good = 0, bad = 0, unused = 16
EVS Port1 1980-012-14:04:45.48703 66/1/CS 107: CS Memory Table: No valid entries in the table
EVS Port1 1980-012-14:04:45.49047 66/1/CS 139: CS Tables Table verification results: good = 1, bad = 0, unused = 23
EVS Port1 1980-012-14:04:45.49508 66/1/CS 142: CS Apps Table verification results: good = 0, bad = 0, unused = 24
EVS Port1 1980-012-14:04:45.49610 66/1/CS 108: CS Apps Table: No valid entries in the table
EVS Port1 1980-012-14:04:45.49713 66/1/CS 127: OS Text Segment disabled due to platform
EVS Port1 1980-012-14:04:45.49769 66/1/CS 1: CS Initialized. Version 7.0.1.255
1980-012-14:04:45.52558 CFE_ES_Main: CFE_ES_Main entering APPS_INIT state
1980-012-14:04:45.52611 CFE_ES_Main: CFE_ES_Main entering OPERATIONAL state
EVS Port1 1980-012-14:04:45.54443 66/1/TO_LAB 19: L550 TO Lab subscribed to 32 messages from the table
EVS Port1 1980-012-14:04:46.00453 66/1/CFE_TIME 21: Stop FLYWHEEL
..............1980-012-14:06:12.79598 CFE_ES_RunExceptionScan: ExceptionID 0x1110002 in TaskID 0: Caught SIGINT
1980-012-14:06:12.79630 CFE_ES_RunExceptionScan: Processor Reset count not reached (1/2)
CFE_PSP: Exiting cFE with PROCESSOR Reset status.

CFE_PSP: Shutdown initiated - Exiting cFE
CI delete callback -- Closing CI Network socket.
TO delete callback -- Closing TO Network socket.
EXIT=124
