OS_BSP_Initialize():Maximum user msg queue depth = 512
CFE_PSP: Default Reset SubType = 1
CFE_PSP: Default CPU ID = 1
CFE_PSP: Default Spacecraft ID = 66
CFE_PSP: Default CPU Name: cpu1
OS_Posix_GetSchedulerParams():208:Policy 1: available, min-max: 1-99
OS_Posix_GetSchedulerParams():208:Policy 2: available, min-max: 1-99
OS_Posix_TaskAPI_Impl_Init():401:Selected policy 2 for RT tasks, root task = 99
OS_Posix_TaskAPI_Impl_Init():419:Could not setschedparam in main thread: Operation not permitted (1)
CFE_PSP: initializing module 'soft_timebase' with ID 0110ff00
CFE_PSP: Instantiated software timebase 'cFS-Master' running at 10000 usec
CFE_PSP: initializing module 'timebase_posix_clock' with ID 0110ff01
CFE_PSP: Using POSIX monotonic clock as CFE timebase
CFE_PSP: initializing module 'eeprom_mmap_file' with ID 0110ff02
CFE_PSP: Using MMAP simulated EEPROM implementation
CFE_PSP: initializing module 'port_notimpl' with ID 0110ff03
CFE_PSP: I/O Port access not implementedCFE_PSP: EEPROM Range (2) created: Start Address = E6C8134AE000, Size = 00080000 Status = 0

CFE_PSP: initializing module 'iodriver' with ID 0110ff04
CFE_PSP: initializing module 'linux_sysmon' with ID 0110ff05
CFE_PSP: initializing module 'endian_api' with ID 0110ff06
CFE_PSP: Host CPU Endian=LITTLE
CFE_PSP: initializing module 'ram_notimpl' with ID 0110ff07
CFE_PSP: Physical RAM access not implemented
CFE_PSP: Normal exit from previous cFE instance
CFE_PSP: Starting the cFE with a PROCESSOR reset.
1980-001-10:14:01.58343 CFE_ES_Main: CFE_ES_Main in EARLY_INIT state
1980-001-10:14:01.59798 CFE_ES_InitializeFileSystems: Volatile Disk has 100 Percent free space.
Number of addresses returned by backtrace = 1
CFE_PSP: CFE_PSP_AttachExceptions called
1980-001-10:14:01.62355 CFE_ES_Main: CFE_ES_Main entering CORE_STARTUP state
1980-001-10:14:01.62514 CFE_ES_CreateObjects: Starting Object Creation calls.
1980-001-10:14:01.62680 CFE_ES_CreateObjects: Calling EarlyInit for CFE_CONFIG
1980-001-10:14:01.62986 CFE_ES_CreateObjects: Calling EarlyInit for CFE_ES
1980-001-10:14:01.63571 CFE_ES_CreateObjects: Calling EarlyInit for CFE_EVS
1980-001-10:14:01.63903 CFE_EVS_EarlyInit: Event Log restored, n=0, c=20, f=1, m=1, o=535
1980-001-10:14:01.63961 CFE_ES_CreateObjects: Calling EarlyInit for CFE_FS
1980-001-10:14:01.63988 CFE_ES_CreateObjects: Calling EarlyInit for CFE_SB
1980-001-10:14:01.67274 CFE_ES_CreateObjects: Calling EarlyInit for CFE_TBL
1980-001-10:14:01.71803 CFE_ES_CreateObjects: Calling EarlyInit for CFE_TIME
EVS Port1 1980-012-14:52:34.79440 66/1/CFE_ES 1: cFE ES Initialized: CFE_ES v7.0.1+dev1 (Draco) DEV BUILD, based on v7.0.1, EDS disabled
EVS Port1 1980-012-14:52:34.80220 66/1/CFE_ES 2: cFS Versions: cfe v7.0.1+dev1, osal v7.0.1+dev1, psp v7.0.1+dev1. cFE chksm 31659
EVS Port1 1980-012-14:52:34.80371 66/1/CFE_ES 91: Version Info: Mission SampleMission, version git:v7.0.1-90-g78c23b0-dirty
EVS Port1 1980-012-14:52:34.80599 66/1/CFE_ES 91: Version Info: Module CORE_API, version git:2612eb0
EVS Port1 1980-012-14:52:34.80882 66/1/CFE_ES 91: Version Info: Module CONFIG, version git:2612eb0
EVS Port1 1980-012-14:52:34.80944 66/1/CFE_ES 91: Version Info: Module ES, version git:2612eb0
EVS Port1 1980-012-14:52:34.80970 66/1/CFE_ES 91: Version Info: Module EVS, version git:2612eb0
EVS Port1 1980-012-14:52:34.80989 66/1/CFE_ES 91: Version Info: Module FS, version git:2612eb0
EVS Port1 1980-012-14:52:34.81127 66/1/CFE_ES 91: Version Info: Module SB, version git:2612eb0
EVS Port1 1980-012-14:52:34.81163 66/1/CFE_ES 91: Version Info: Module TBL, version git:2612eb0
EVS Port1 1980-012-14:52:34.81198 66/1/CFE_ES 91: Version Info: Module TIME, version git:2612eb0
EVS Port1 1980-012-14:52:34.81524 66/1/CFE_ES 91: Version Info: Module OSAL, version git:8111e4a
EVS Port1 1980-012-14:52:34.81660 66/1/CFE_ES 91: Version Info: Module PSP, version git:d1da809
EVS Port1 1980-012-14:52:34.81692 66/1/CFE_ES 91: Version Info: Module MSG, version git:2612eb0
EVS Port1 1980-012-14:52:34.81993 66/1/CFE_ES 91: Version Info: Module SBR, version git:2612eb0
EVS Port1 1980-012-14:52:34.82054 66/1/CFE_ES 91: Version Info: Module RESOURCEID, version git:2612eb0
EVS Port1 1980-012-14:52:34.82093 66/1/CFE_ES 92: Build 202609120624 by root@vm, config aarch64
EVS Port1 1980-012-14:52:34.94247 66/1/CFE_EVS 1: cFE EVS Initialized: CFE_EVS v7.0.1+dev1 (Draco) DEV BUILD, based on v7.0.1, EDS disabled
1980-012-14:52:35.04371 CFE_SB_AppInit: Registered 4 events for filtering
EVS Port1 1980-012-14:52:35.05091 66/1/CFE_SB 1: cFE SB Initialized: CFE_SB v7.0.1+dev1 (Draco) DEV BUILD, based on v7.0.1, EDS disabled
EVS Port1 1980-012-14:52:35.05374 66/1/CFE_SB 14: No subscribers for MsgId 0x808,sender CFE_SB
EVS Port1 1980-012-14:52:35.15942 66/1/CFE_TBL 1: cFE TBL Initialized: CFE_TBL v7.0.1+dev1 (Draco) DEV BUILD, based on v7.0.1, EDS disabled
EVS Port1 1980-012-14:52:35.16174 66/1/CFE_SB 14: No subscribers for MsgId 0x808,sender CFE_TBL
EVS Port1 1980-012-14:52:35.29966 66/1/CFE_TIME 1: cFE TIME Initialized: CFE_TIME v7.0.1+dev1 (Draco) DEV BUILD, based on v7.0.1, EDS disabled
EVS Port1 1980-012-14:52:35.30358 66/1/CFE_SB 14: No subscribers for MsgId 0x808,sender CFE_TIME
1980-012-14:52:35.36362 CFE_ES_CreateObjects: Finished ES CreateObject table entries.
1980-012-14:52:35.36438 CFE_ES_Main: CFE_ES_Main entering CORE_READY state
OS_FileOpen_Impl():110:open(/dev/shm/osal:RAM/cfe_es_startup.scr): No such file or directory
1980-012-14:52:35.39383 CFE_ES_OpenStartupScript: Cannot Open Volatile Startup file: /ram/cfe_es_startup.scr, Trying Nonvolatile.
1980-012-14:52:35.40561 CFE_ES_OpenStartupScript: Opened ES App Startup file: /cf/cfe_es_startup.scr
1980-012-14:52:35.50167 CFE_ES_ParseFileEntry: Loading shared library: /cf/cfe_assert.so
1980-012-14:52:35.54304 [BEGIN] CFE FUNCTIONAL TEST
1980-012-14:52:35.55074 [BEGIN] 01 CFE-STARTUP
1980-012-14:52:35.63192 CFE_ES_ParseFileEntry: Loading shared library: /cf/sample_lib.so
SAMPLE Lib Initialized.Sample Lib v7.0.0+dev1 (Draco) DEV BUILD, based on v7.0.1, EDS disabled
1980-012-14:52:35.74290 CFE_ES_ParseFileEntry: Loading file: /cf/sch_lab.so, APP: SCH_LAB
1980-012-14:52:35.93624 CFE_ES_ParseFileEntry: Loading file: /cf/ci_lab.so, APP: CI_LAB
SCH Lab Initialized.SCH Lab v7.0.1+dev1 (Draco) DEV BUILD, based on v7.0.1, EDS disabled
1980-012-14:52:35.97366 CFE_ES_ParseFileEntry: Loading file: /cf/to_lab.so, APP: TO_LAB
1980-012-14:52:36.01849 CFE_ES_ParseFileEntry: Loading file: /cf/sample_app.so, APP: SAMPLE_APP
EVS Port1 1980-012-14:52:36.07171 66/1/TO_LAB 1: TO Lab Initialized.TO Lab v7.0.1+dev1 (Draco) DEV BUILD, based on v7.0.1, EDS disabled, Awaiting enable command.
EVS Port1 1980-012-14:52:36.07482 66/1/CFE_SB 14: No subscribers for MsgId 0x808,sender TO_LAB
EVS Port1 1980-012-14:52:36.12379 66/1/SAMPLE_APP 1: Sample App Initialized.Sample App v7.0.0+dev1 (Draco) DEV BUILD, based on v7.0.1, EDS disabled
1980-012-14:52:36.13257 CFE_ES_ParseFileEntry: Loading file: /cf/ai_learner.so, APP: AI_LEARNER
1980-012-14:52:36.13360 CI_LAB listening on UDP port: 1234
EVS Port1 1980-012-14:52:36.13681 66/1/CI_LAB 3: CI Lab Initialized.CI Lab App v7.0.1+dev1 (Draco) DEV BUILD, based on v7.0.1, EDS disabled
1980-012-14:52:36.17295 CFE_ES_ParseFileEntry: Loading file: /cf/lc.so, APP: LC
1980-012-14:52:36.20357 CFE_ES_ParseFileEntry: Loading file: /cf/cf.so, APP: CF
{"app":"AI_LEARNER","stage":"build_config","model":"wgan","allow_conditional_map":0,"contract_bounded_bytes":135666432,"contract_per_call_bytes":131382784,"contract_const_bytes":4283648,"contract_bound_known":true,"contract_artifact_sha256":"e382429cbfbf580356379365fa67a8a2b01b47d58ec4e04b4a4c14165be2e102"}
{"app":"AI_LEARNER","stage":"stack","es_stack_size":263024,"stack_base_bytes":262144,"contract_kernel_stack_bytes":880,"kernel_stack_accounted":true}
EVS Port1 1980-012-14:52:36.22581 66/1/AI_LEARNER 8: AI_LEARNER stack: es=263024 base=262144 kernel=880 accounted=1
{"app":"AI_LEARNER","stage":"admission","verdict":"ADMIT","model":"wgan","target":"aarch64-unknown-linux-gnu","bounded":135666432,"budget":1908071307,"budget_source":"override","per_call":131382784,"constants":4283648,"kernel_stack_bytes":880,"bound_known":true,"scope":"per_app_local_budget"}
EVS Port1 1980-012-14:52:36.26562 66/1/LC 56: WDT verify results: good = 0, bad = 0, unused = 176
1980-012-14:52:36.27858 CFE_ES_ParseFileEntry: Loading file: /cf/ds.so, APP: DS
EVS Port1 1980-012-14:52:36.28654 66/1/LC 66: ADT verify results: good = 0, bad = 0, unused = 176
EVS Port1 1980-012-14:52:36.29383 66/1/LC 23: LC use of Critical Data Store disabled, activity mask = 0x00991990
EVS Port1 1980-012-14:52:36.29949 66/1/LC 2: LC Initialized. Version 7.0.1.255
EVS Port1 1980-012-14:52:36.40898 66/1/CF 20: CF Initialized. Version 7.0.1.255
1980-012-14:52:36.46614 CFE_ES_ParseFileEntry: Loading file: /cf/fm.so, APP: FM
EVS Port1 1980-012-14:52:36.46897 66/1/DS 10: Destination file table verify results: good entries = 6, bad = 0, unused = 10
EVS Port1 1980-012-14:52:36.48977 66/1/DS 12: Filter table verify results: good entries = 14, bad = 0, unused = 242
EVS Port1 1980-012-14:52:36.51133 66/1/DS 1: Application initialized, version 7.0.1.255, data at 0xe6c812450460
1980-012-14:52:36.56994 CFE_ES_ParseFileEntry: Loading file: /cf/hk.so, APP: HK
EVS Port1 1980-012-14:52:36.61181 66/1/FM 80: Free Space Table verify results: good entries = 3, bad = 0, unused = 5
EVS Port1 1980-012-14:52:36.64170 66/1/FM 1: Initialization complete: version 7.0.1.255
EVS Port1 1980-012-14:52:36.69764 66/1/FM 72: Child Task initialization complete
1980-012-14:52:36.69600 CFE_ES_ParseFileEntry: Loading file: /cf/hs.so, APP: HS
EVS Port1 1980-012-14:52:36.73031 66/1/HK 1: HK Initialized.  Version 7.0.1.255
1980-012-14:52:36.80560 CFE_ES_ParseFileEntry: Loading file: /cf/mm.so, APP: MM
EVS Port1 1980-012-14:52:36.86885 66/1/HS 54: ExeCount verify results: good = 5, bad = 0, unused = 27
EVS Port1 1980-012-14:52:36.88893 66/1/HS 50: AppMon verify results: good = 0, bad = 0, unused = 32
1980-012-14:52:36.90598 CFE_ES_ParseFileEntry: Loading file: /cf/sc.so, APP: SC
EVS Port1 1980-012-14:52:36.92436 66/1/HS 52: EventMon verify results: good = 0, bad = 0, unused = 16
EVS Port1 1980-012-14:52:36.93278 66/1/MM 1: MM Initialized. Version 7.0.1.255
EVS Port1 1980-012-14:52:36.96476 66/1/HS 56: MsgActs verify results: good = 2, bad = 0, unused = 6
1980-012-14:52:36.99051 HS_SysMonInit(): System Monitor using PSP device ID 0110ff05
CFE_PSP(Linux_SysMon): Started CPU utilization monitoring on 1 CPU(s)
EVS Port1 1980-012-14:52:37.02786 66/1/HS 1: HS Initialized.  Version 7.0.1.255
1980-012-14:52:37.05620 CFE_ES_ParseFileEntry: Loading file: /cf/md.so, APP: MD
EVS Port1 1980-012-14:52:37.13380 66/1/SC 21: RTS table files not loaded at initialization = 0 of 4
EVS Port1 1980-012-14:52:37.14891 66/1/SC 9: SC Initialized. Version 7.0.1.255
1980-012-14:52:37.17530 CFE_ES_ParseFileEntry: Loading file: /cf/cs.so, APP: CS
EVS Port1 1980-012-14:52:37.20199 66/1/MD 52: MD Dwell Tbl verify results: good = 0, bad = 0, unused = 25
EVS Port1 1980-012-14:52:37.21394 66/1/MD 3: Recovered Dwell Table #1 is valid and has been copied to the MD App
EVS Port1 1980-012-14:52:37.22080 66/1/MD 52: MD Dwell Tbl verify results: good = 0, bad = 0, unused = 25
EVS Port1 1980-012-14:52:37.23077 66/1/MD 3: Recovered Dwell Table #2 is valid and has been copied to the MD App
EVS Port1 1980-012-14:52:37.23945 66/1/MD 52: MD Dwell Tbl verify results: good = 0, bad = 0, unused = 25
EVS Port1 1980-012-14:52:37.24365 66/1/MD 3: Recovered Dwell Table #3 is valid and has been copied to the MD App
EVS Port1 1980-012-14:52:37.24848 66/1/MD 52: MD Dwell Tbl verify results: good = 0, bad = 0, unused = 25
EVS Port1 1980-012-14:52:37.25329 66/1/MD 3: Recovered Dwell Table #4 is valid and has been copied to the MD App
EVS Port1 1980-012-14:52:37.25564 66/1/MD 7: Dwell Tables Recovered: 4, Dwell Tables Initialized: 0
EVS Port1 1980-012-14:52:37.25953 66/1/MD 1: MD Initialized.  Version 7.0.1.255
EVS Port1 1980-012-14:52:37.29438 66/1/CS 144: CS EEPROM Table verification results: good = 0, bad = 0, unused = 16
EVS Port1 1980-012-14:52:37.30134 66/1/CS 107: CS EEPROM Table: No valid entries in the table
EVS Port1 1980-012-14:52:37.31469 66/1/CS 143: CS Memory Table verification results: good = 0, bad = 0, unused = 16
EVS Port1 1980-012-14:52:37.31654 66/1/CS 107: CS Memory Table: No valid entries in the table
EVS Port1 1980-012-14:52:37.33573 66/1/CS 139: CS Tables Table verification results: good = 1, bad = 0, unused = 23
EVS Port1 1980-012-14:52:37.37084 66/1/CS 142: CS Apps Table verification results: good = 0, bad = 0, unused = 24
EVS Port1 1980-012-14:52:37.37860 66/1/CS 108: CS Apps Table: No valid entries in the table
EVS Port1 1980-012-14:52:37.38096 66/1/CS 127: OS Text Segment disabled due to platform
EVS Port1 1980-012-14:52:37.38542 66/1/CS 1: CS Initialized. Version 7.0.1.255
{"app":"AI_LEARNER","stage":"binding","verdict":"MATCH","artifact_bytes":4321533,"artifact_sha256":"e382429cbfbf5803","contract_sha256":"e382429cbfbf5803"}
{"app":"AI_LEARNER","stage":"map_branch","model":"wgan","module_ptr_mod64":0,"hal_peak_after_append":0,"contract_const_bytes":4283648,"contract_per_call_bytes":131382784,"arm":"map","admission_mode":"unconditional"}
{"app":"AI_LEARNER","stage":"mem_init","model":"wgan","target":"aarch64-unknown-linux-gnu","hal_peak":602112,"hal_allocated":602112,"bounded":135666432,"peak_within_bounded":true,"inferences_so_far":0,"process_rss_kb":11300,"rss_kb_before_runtime":9656,"rss_kb_after_session":9944,"rss_kb_after_init":11300}
EVS Port1 1980-012-14:52:37.01242 66/1/CFE_TIME 21: Stop FLYWHEEL
1980-012-14:52:37.44673 CFE_ES_Main: Startup Sync failed - Applications may not have all initialized
1980-012-14:52:37.45037 CFE_ES_Main: CFE_ES_Main entering APPS_INIT state
1980-012-14:52:38.47448 CFE_ES_Main: Startup Sync failed - Applications may not have all started
1980-012-14:52:38.47650 CFE_ES_Main: CFE_ES_Main entering OPERATIONAL state
EVS Port1 1980-012-14:52:38.49847 66/1/TO_LAB 19: L550 TO Lab subscribed to 32 messages from the table
EVS Port1 1980-012-14:52:43.01498 66/1/CFE_TIME 21: Stop FLYWHEEL
EVS Port1 1980-012-14:52:43.99426 66/1/CFE_TIME 20: Start FLYWHEEL
.EVS Port1 1980-012-14:52:48.01492 66/1/CFE_TIME 21: Stop FLYWHEEL
EVS Port1 1980-012-14:52:48.99864 66/1/CFE_TIME 20: Start FLYWHEEL
..EVS Port1 1980-012-14:53:02.01057 66/1/CFE_TIME 21: Stop FLYWHEEL
.EVS Port1 1980-012-14:53:02.99957 66/1/CFE_TIME 20: Start FLYWHEEL
.EVS Port1 1980-012-14:53:12.11634 66/1/CFE_TIME 20: Start FLYWHEEL
EVS Port1 1980-012-14:53:13.01316 66/1/CFE_TIME 21: Stop FLYWHEEL
.....EVS Port1 1980-012-14:53:43.11770 66/1/CFE_TIME 20: Start FLYWHEEL
EVS Port1 1980-012-14:53:43.01394 66/1/CFE_TIME 21: Stop FLYWHEEL
.EVS Port1 1980-012-14:53:45.00717 66/1/CFE_TIME 21: Stop FLYWHEEL
EVS Port1 1980-012-14:53:45.99874 66/1/CFE_TIME 20: Start FLYWHEEL
EVS Port1 1980-012-14:53:48.02136 66/1/CFE_TIME 21: Stop FLYWHEEL
EVS Port1 1980-012-14:53:48.99731 66/1/CFE_TIME 20: Start FLYWHEEL
..EVS Port1 1980-012-14:54:02.00625 66/1/CFE_TIME 21: Stop FLYWHEEL
.EVS Port1 1980-012-14:54:03.02201 66/1/CFE_TIME 20: Start FLYWHEEL
EVS Port1 1980-012-14:54:04.00819 66/1/CFE_TIME 21: Stop FLYWHEEL
EVS Port1 1980-012-14:54:04.99986 66/1/CFE_TIME 20: Start FLYWHEEL
EVS Port1 1980-012-14:54:08.11175 66/1/CFE_TIME 20: Start FLYWHEEL
..........EVS Port1 1980-012-14:55:13.47593 66/1/HS 61: CPU Hogging Detected
1980-012-14:55:13.48501 HS App: CPU Hogging Detected
EVS Port1 1980-012-14:55:16.00941 66/1/CFE_TIME 21: Stop FLYWHEEL
.EVS Port1 1980-012-14:55:19.08442 66/1/CFE_TIME 20: Start FLYWHEEL
EVS Port1 1980-012-14:55:20.01225 66/1/CFE_TIME 21: Stop FLYWHEEL
EVS Port1 1980-012-14:55:22.01063 66/1/CFE_TIME 21: Stop FLYWHEEL
EVS Port1 1980-012-14:55:23.00746 66/1/CFE_TIME 20: Start FLYWHEEL
EVS Port1 1980-012-14:55:24.14651 66/1/CFE_TIME 21: Stop FLYWHEEL
.EVS Port1 1980-012-14:55:24.97813 66/1/CFE_TIME 20: Start FLYWHEEL
..EVS Port1 1980-012-14:55:40.00886 66/1/CFE_TIME 21: Stop FLYWHEEL
EVS Port1 1980-012-14:55:41.00303 66/1/CFE_TIME 20: Start FLYWHEEL
.EVS Port1 1980-012-14:55:43.21780 66/1/CFE_TIME 20: Start FLYWHEEL
EVS Port1 1980-012-14:55:43.00892 66/1/CFE_TIME 21: Stop FLYWHEEL
..EVS Port1 1980-012-14:55:58.00418 66/1/CFE_TIME 21: Stop FLYWHEEL
EVS Port1 1980-012-14:55:58.99894 66/1/CFE_TIME 20: Start FLYWHEEL
..EVS Port1 1980-012-14:56:06.08843 66/1/CFE_TIME 21: Stop FLYWHEEL
EVS Port1 1980-012-14:56:06.97329 66/1/CFE_TIME 20: Start FLYWHEEL
.EVS Port1 1980-012-14:56:12.22157 66/1/CFE_TIME 20: Start FLYWHEEL
EVS Port1 1980-012-14:56:12.04435 66/1/CFE_TIME 21: Stop FLYWHEEL
EVS Port1 1980-012-14:56:17.02996 66/1/CFE_TIME 20: Start FLYWHEEL
EVS Port1 1980-012-14:56:17.00544 66/1/CFE_TIME 21: Stop FLYWHEEL
..EVS Port1 1980-012-14:56:25.01867 66/1/CFE_TIME 21: Stop FLYWHEEL
EVS Port1 1980-012-14:56:25.98188 66/1/CFE_TIME 20: Start FLYWHEEL
.EVS Port1 1980-012-14:56:35.01071 66/1/CFE_TIME 21: Stop FLYWHEEL
.EVS Port1 1980-012-14:56:35.99688 66/1/CFE_TIME 20: Start FLYWHEEL
EVS Port1 1980-012-14:56:40.75805 66/1/CFE_TIME 20: Start FLYWHEEL
.EVS Port1 1980-012-14:56:46.01272 66/1/CFE_TIME 21: Stop FLYWHEEL
..EVS Port1 1980-012-14:56:54.27552 66/1/CFE_TIME 20: Start FLYWHEEL
.......EVS Port1 1980-012-14:57:44.01350 66/1/CFE_TIME 21: Stop FLYWHEEL
EVS Port1 1980-012-14:57:47.01560 66/1/CFE_TIME 21: Stop FLYWHEEL
EVS Port1 1980-012-14:57:48.02119 66/1/CFE_TIME 20: Start FLYWHEEL
EVS Port1 1980-012-14:57:49.00923 66/1/CFE_TIME 21: Stop FLYWHEEL
.EVS Port1 1980-012-14:57:50.00477 66/1/CFE_TIME 20: Start FLYWHEEL
EVS Port1 1980-012-14:57:53.02079 66/1/CFE_TIME 21: Stop FLYWHEEL
EVS Port1 1980-012-14:57:53.98887 66/1/CFE_TIME 20: Start FLYWHEEL
...EVS Port1 1980-012-14:58:10.01831 66/1/CFE_TIME 21: Stop FLYWHEEL
EVS Port1 1980-012-14:58:10.99919 66/1/CFE_TIME 20: Start FLYWHEEL
.EVS Port1 1980-012-14:58:18.00836 66/1/CFE_TIME 21: Stop FLYWHEEL
EVS Port1 1980-012-14:58:18.98268 66/1/CFE_TIME 20: Start FLYWHEEL
....EVS Port1 1980-012-14:58:41.41799 66/1/CFE_TIME 20: Start FLYWHEEL
EVS Port1 1980-012-14:58:42.01699 66/1/CFE_TIME 21: Stop FLYWHEEL
.EVS Port1 1980-012-14:58:48.06982 66/1/CFE_TIME 20: Start FLYWHEEL
EVS Port1 1980-012-14:58:49.00686 66/1/CFE_TIME 21: Stop FLYWHEEL
.EVS Port1 1980-012-14:58:54.29971 66/1/CFE_TIME 20: Start FLYWHEEL
.......EVS Port1 1980-012-14:59:40.01036 66/1/CFE_TIME 21: Stop FLYWHEEL
.EVS Port1 1980-012-14:59:43.08264 66/1/CFE_TIME 21: Stop FLYWHEEL
EVS Port1 1980-012-14:59:44.05422 66/1/CFE_TIME 20: Start FLYWHEEL
EVS Port1 1980-012-14:59:45.02630 66/1/CFE_TIME 21: Stop FLYWHEEL
EVS Port1 1980-012-14:59:45.99418 66/1/CFE_TIME 20: Start FLYWHEEL
..EVS Port1 1980-012-14:59:54.05783 66/1/CFE_TIME 20: Start FLYWHEEL
EVS Port1 1980-012-14:59:54.00598 66/1/CFE_TIME 21: Stop FLYWHEEL
..EVS Port1 1980-012-15:00:09.13099 66/1/CFE_TIME 20: Start FLYWHEEL
EVS Port1 1980-012-15:00:09.00508 66/1/CFE_TIME 21: Stop FLYWHEEL
.EVS Port1 1980-012-15:00:17.00744 66/1/CFE_TIME 21: Stop FLYWHEEL
.EVS Port1 1980-012-15:00:18.00074 66/1/CFE_TIME 20: Start FLYWHEEL
.EVS Port1 1980-012-15:00:24.04827 66/1/CFE_TIME 20: Start FLYWHEEL
EVS Port1 1980-012-15:00:24.00425 66/1/CFE_TIME 21: Stop FLYWHEEL
.EVS Port1 1980-012-15:00:32.02844 66/1/CFE_TIME 21: Stop FLYWHEEL
EVS Port1 1980-012-15:00:32.98851 66/1/CFE_TIME 20: Start FLYWHEEL
.EVS Port1 1980-012-15:00:36.00801 66/1/CFE_TIME 20: Start FLYWHEEL
EVS Port1 1980-012-15:00:36.07368 66/1/CFE_TIME 21: Stop FLYWHEEL
EVS Port1 1980-012-15:00:38.00440 66/1/CFE_TIME 21: Stop FLYWHEEL
EVS Port1 1980-012-15:00:38.99940 66/1/CFE_TIME 20: Start FLYWHEEL
.EVS Port1 1980-012-15:00:42.99717 66/1/CFE_TIME 20: Start FLYWHEEL
EVS Port1 1980-012-15:00:45.00657 66/1/CFE_TIME 21: Stop FLYWHEEL
.EVS Port1 1980-012-15:00:51.01521 66/1/CFE_TIME 21: Stop FLYWHEEL
EVS Port1 1980-012-15:00:51.99133 66/1/CFE_TIME 20: Start FLYWHEEL
.EVS Port1 1980-012-15:00:54.00628 66/1/CFE_TIME 21: Stop FLYWHEEL
EVS Port1 1980-012-15:00:55.00485 66/1/CFE_TIME 20: Start FLYWHEEL
EVS Port1 1980-012-15:00:56.01451 66/1/CFE_TIME 21: Stop FLYWHEEL
EVS Port1 1980-012-15:00:57.00302 66/1/CFE_TIME 20: Start FLYWHEEL
.EVS Port1 1980-012-15:01:04.19851 66/1/CFE_TIME 20: Start FLYWHEEL
EVS Port1 1980-012-15:01:04.01577 66/1/CFE_TIME 21: Stop FLYWHEEL
.EVS Port1 1980-012-15:01:07.44767 66/1/CFE_TIME 20: Start FLYWHEEL
.EVS Port1 1980-012-15:01:12.01451 66/1/CFE_TIME 21: Stop FLYWHEEL
.EVS Port1 1980-012-15:01:19.28785 66/1/CFE_TIME 20: Start FLYWHEEL
........EVS Port1 1980-012-15:02:13.00949 66/1/CFE_TIME 21: Stop FLYWHEEL
.EVS Port1 1980-012-15:02:17.01473 66/1/CFE_TIME 21: Stop FLYWHEEL
EVS Port1 1980-012-15:02:18.01226 66/1/CFE_TIME 20: Start FLYWHEEL
.EVS Port1 1980-012-15:02:20.08164 66/1/CFE_TIME 20: Start FLYWHEEL
EVS Port1 1980-012-15:02:21.05722 66/1/CFE_TIME 21: Stop FLYWHEEL
EVS Port1 1980-012-15:02:23.00927 66/1/CFE_TIME 21: Stop FLYWHEEL
EVS Port1 1980-012-15:02:24.01884 66/1/CFE_TIME 20: Start FLYWHEEL
EVS Port1 1980-012-15:02:25.01649 66/1/CFE_TIME 21: Stop FLYWHEEL
.EVS Port1 1980-012-15:02:26.01705 66/1/CFE_TIME 20: Start FLYWHEEL
EVS Port1 1980-012-15:02:27.01531 66/1/CFE_TIME 21: Stop FLYWHEEL
EVS Port1 1980-012-15:02:28.00605 66/1/CFE_TIME 20: Start FLYWHEEL
EVS Port1 1980-012-15:02:29.00923 66/1/CFE_TIME 21: Stop FLYWHEEL
EVS Port1 1980-012-15:02:29.99191 66/1/CFE_TIME 20: Start FLYWHEEL
.EVS Port1 1980-012-15:02:36.01370 66/1/CFE_TIME 21: Stop FLYWHEEL
EVS Port1 1980-012-15:02:36.98381 66/1/CFE_TIME 20: Start FLYWHEEL
....EVS Port1 1980-012-15:02:57.00961 66/1/CFE_TIME 20: Start FLYWHEEL
EVS Port1 1980-012-15:02:58.00471 66/1/CFE_TIME 21: Stop FLYWHEEL
.EVS Port1 1980-012-15:03:06.21850 66/1/CFE_TIME 20: Start FLYWHEEL
EVS Port1 1980-012-15:03:07.01809 66/1/CFE_TIME 21: Stop FLYWHEEL
..EVS Port1 1980-012-15:03:14.00846 66/1/CFE_TIME 21: Stop FLYWHEEL
EVS Port1 1980-012-15:03:15.00602 66/1/CFE_TIME 20: Start FLYWHEEL
EVS Port1 1980-012-15:03:17.02186 66/1/CFE_TIME 21: Stop FLYWHEEL
EVS Port1 1980-012-15:03:18.01295 66/1/CFE_TIME 20: Start FLYWHEEL
.EVS Port1 1980-012-15:03:20.03245 66/1/CFE_TIME 20: Start FLYWHEEL
EVS Port1 1980-012-15:03:20.01606 66/1/CFE_TIME 21: Stop FLYWHEEL
EVS Port1 1980-012-15:03:23.02206 66/1/CFE_TIME 21: Stop FLYWHEEL
EVS Port1 1980-012-15:03:24.00195 66/1/CFE_TIME 20: Start FLYWHEEL
.EVS Port1 1980-012-15:03:26.00996 66/1/CFE_TIME 21: Stop FLYWHEEL
EVS Port1 1980-012-15:03:27.03039 66/1/CFE_TIME 20: Start FLYWHEEL
EVS Port1 1980-012-15:03:29.06163 66/1/CFE_TIME 20: Start FLYWHEEL
..EVS Port1 1980-012-15:03:42.01974 66/1/CFE_TIME 21: Stop FLYWHEEL
.EVS Port1 1980-012-15:03:49.06826 66/1/CFE_TIME 20: Start FLYWHEEL
EVS Port1 1980-012-15:03:49.00936 66/1/CFE_TIME 21: Stop FLYWHEEL
.EVS Port1 1980-012-15:03:52.11791 66/1/CFE_TIME 20: Start FLYWHEEL
EVS Port1 1980-012-15:03:54.01103 66/1/CFE_TIME 21: Stop FLYWHEEL
.EVS Port1 1980-012-15:03:56.00686 66/1/CFE_TIME 21: Stop FLYWHEEL
EVS Port1 1980-012-15:03:57.00323 66/1/CFE_TIME 20: Start FLYWHEEL
EVS Port1 1980-012-15:03:59.09414 66/1/CFE_TIME 20: Start FLYWHEEL
EVS Port1 1980-012-15:04:00.00962 66/1/CFE_TIME 21: Stop FLYWHEEL
.EVS Port1 1980-012-15:04:04.86315 66/1/CFE_TIME 20: Start FLYWHEEL
EVS Port1 1980-012-15:04:05.02709 66/1/CFE_TIME 21: Stop FLYWHEEL
..EVS Port1 1980-012-15:04:15.09634 66/1/CFE_TIME 21: Stop FLYWHEEL
EVS Port1 1980-012-15:04:16.00872 66/1/CFE_TIME 20: Start FLYWHEEL
EVS Port1 1980-012-15:04:17.01153 66/1/CFE_TIME 21: Stop FLYWHEEL
EVS Port1 1980-012-15:04:17.99833 66/1/CFE_TIME 20: Start FLYWHEEL
.EVS Port1 1980-012-15:04:21.01362 66/1/CFE_TIME 21: Stop FLYWHEEL
EVS Port1 1980-012-15:04:21.99661 66/1/CFE_TIME 20: Start FLYWHEEL
..EVS Port1 1980-012-15:04:33.16671 66/1/CFE_TIME 20: Start FLYWHEEL
EVS Port1 1980-012-15:04:33.00927 66/1/CFE_TIME 21: Stop FLYWHEEL
.EVS Port1 1980-012-15:04:39.00814 66/1/CFE_TIME 21: Stop FLYWHEEL
EVS Port1 1980-012-15:04:40.02241 66/1/CFE_TIME 20: Start FLYWHEEL
EVS Port1 1980-012-15:04:42.11354 66/1/CFE_TIME 20: Start FLYWHEEL
.EVS Port1 1980-012-15:04:43.01560 66/1/CFE_TIME 21: Stop FLYWHEEL
EVS Port1 1980-012-15:04:46.08612 66/1/CFE_TIME 20: Start FLYWHEEL
EVS Port1 1980-012-15:04:47.02088 66/1/CFE_TIME 21: Stop FLYWHEEL
.EVS Port1 1980-012-15:04:51.08621 66/1/CFE_TIME 20: Start FLYWHEEL
.....EVS Port1 1980-012-15:05:19.01971 66/1/CFE_TIME 21: Stop FLYWHEEL
.EVS Port1 1980-012-15:05:24.14628 66/1/CFE_TIME 20: Start FLYWHEEL
EVS Port1 1980-012-15:05:24.01443 66/1/CFE_TIME 21: Stop FLYWHEEL
EVS Port1 1980-012-15:05:26.00656 66/1/CFE_TIME 21: Stop FLYWHEEL
EVS Port1 1980-012-15:05:27.07405 66/1/CFE_TIME 20: Start FLYWHEEL
EVS Port1 1980-012-15:05:28.01528 66/1/CFE_TIME 21: Stop FLYWHEEL
EVS Port1 1980-012-15:05:29.00701 66/1/CFE_TIME 20: Start FLYWHEEL
.EVS Port1 1980-012-15:05:31.08535 66/1/CFE_TIME 20: Start FLYWHEEL
EVS Port1 1980-012-15:05:33.01412 66/1/CFE_TIME 21: Stop FLYWHEEL
.EVS Port1 1980-012-15:05:38.07820 66/1/CFE_TIME 20: Start FLYWHEEL
EVS Port1 1980-012-15:05:38.01512 66/1/CFE_TIME 21: Stop FLYWHEEL
.EVS Port1 1980-012-15:05:44.13688 66/1/CFE_TIME 21: Stop FLYWHEEL
EVS Port1 1980-012-15:05:44.98365 66/1/CFE_TIME 20: Start FLYWHEEL
..EVS Port1 1980-012-15:05:56.01365 66/1/CFE_TIME 21: Stop FLYWHEEL
EVS Port1 1980-012-15:05:56.99308 66/1/CFE_TIME 20: Start FLYWHEEL
.EVS Port1 1980-012-15:06:00.01115 66/1/CFE_TIME 21: Stop FLYWHEEL
EVS Port1 1980-012-15:06:00.99803 66/1/CFE_TIME 20: Start FLYWHEEL
.EVS Port1 1980-012-15:06:06.03298 66/1/CFE_TIME 20: Start FLYWHEEL
EVS Port1 1980-012-15:06:06.00581 66/1/CFE_TIME 21: Stop FLYWHEEL
.EVS Port1 1980-012-15:06:14.11009 66/1/CFE_TIME 20: Start FLYWHEEL
.EVS Port1 1980-012-15:06:19.01466 66/1/CFE_TIME 21: Stop FLYWHEEL
.EVS Port1 1980-012-15:06:22.39855 66/1/CFE_TIME 20: Start FLYWHEEL
..EVS Port1 1980-012-15:06:34.12847 66/1/CFE_TIME 21: Stop FLYWHEEL
EVS Port1 1980-012-15:06:36.07287 66/1/CFE_TIME 21: Stop FLYWHEEL
EVS Port1 1980-012-15:06:37.00607 66/1/CFE_TIME 20: Start FLYWHEEL
.EVS Port1 1980-012-15:06:40.19924 66/1/CFE_TIME 20: Start FLYWHEEL
EVS Port1 1980-012-15:06:41.00688 66/1/CFE_TIME 21: Stop FLYWHEEL
.EVS Port1 1980-012-15:06:44.42918 66/1/CFE_TIME 20: Start FLYWHEEL
...EVS Port1 1980-012-15:07:02.00836 66/1/CFE_TIME 21: Stop FLYWHEEL
EVS Port1 1980-012-15:07:05.00944 66/1/CFE_TIME 21: Stop FLYWHEEL
EVS Port1 1980-012-15:07:05.99623 66/1/CFE_TIME 20: Start FLYWHEEL
...EVS Port1 1980-012-15:07:20.09126 66/1/CFE_TIME 20: Start FLYWHEEL
EVS Port1 1980-012-15:07:21.01869 66/1/CFE_TIME 21: Stop FLYWHEEL
EVS Port1 1980-012-15:07:25.00552 66/1/CFE_TIME 21: Stop FLYWHEEL
.EVS Port1 1980-012-15:07:26.05831 66/1/CFE_TIME 20: Start FLYWHEEL
EVS Port1 1980-012-15:07:27.01466 66/1/CFE_TIME 21: Stop FLYWHEEL
EVS Port1 1980-012-15:07:27.99211 66/1/CFE_TIME 20: Start FLYWHEEL
EVS Port1 1980-012-15:07:31.00122 66/1/CFE_TIME 20: Start FLYWHEEL
EVS Port1 1980-012-15:07:31.01464 66/1/CFE_TIME 21: Stop FLYWHEEL
...EVS Port1 1980-012-15:07:45.02134 66/1/CFE_TIME 21: Stop FLYWHEEL
EVS Port1 1980-012-15:07:46.01437 66/1/CFE_TIME 20: Start FLYWHEEL
EVS Port1 1980-012-15:07:48.09295 66/1/CFE_TIME 20: Start FLYWHEEL
.EVS Port1 1980-012-15:07:51.01232 66/1/CFE_TIME 21: Stop FLYWHEEL
EVS Port1 1980-012-15:07:55.24316 66/1/CFE_TIME 20: Start FLYWHEEL
.EVS Port1 1980-012-15:07:58.05549 66/1/CFE_TIME 21: Stop FLYWHEEL
.EVS Port1 1980-012-15:08:03.53016 66/1/CFE_TIME 20: Start FLYWHEEL
........EVS Port1 1980-012-15:08:56.01042 66/1/CFE_TIME 21: Stop FLYWHEEL
..EVS Port1 1980-012-15:09:07.03565 66/1/CFE_TIME 20: Start FLYWHEEL
EVS Port1 1980-012-15:09:07.01690 66/1/CFE_TIME 21: Stop FLYWHEEL
...EVS Port1 1980-012-15:09:25.01654 66/1/CFE_TIME 21: Stop FLYWHEEL
EVS Port1 1980-012-15:09:25.99143 66/1/CFE_TIME 20: Start FLYWHEEL
.EVS Port1 1980-012-15:09:33.00744 66/1/CFE_TIME 21: Stop FLYWHEEL
EVS Port1 1980-012-15:09:33.99374 66/1/CFE_TIME 20: Start FLYWHEEL
..EVS Port1 1980-012-15:09:43.00706 66/1/CFE_TIME 21: Stop FLYWHEEL
EVS Port1 1980-012-15:09:44.00123 66/1/CFE_TIME 20: Start FLYWHEEL
EVS Port1 1980-012-15:09:46.00889 66/1/CFE_TIME 21: Stop FLYWHEEL
.EVS Port1 1980-012-15:09:46.99406 66/1/CFE_TIME 20: Start FLYWHEEL
EVS Port1 1980-012-15:09:50.05119 66/1/CFE_TIME 20: Start FLYWHEEL
.EVS Port1 1980-012-15:09:55.00585 66/1/CFE_TIME 21: Stop FLYWHEEL
.EVS Port1 1980-012-15:10:02.06466 66/1/CFE_TIME 20: Start FLYWHEEL
EVS Port1 1980-012-15:10:02.00920 66/1/CFE_TIME 21: Stop FLYWHEEL
.EVS Port1 1980-012-15:10:07.00587 66/1/CFE_TIME 21: Stop FLYWHEEL
EVS Port1 1980-012-15:10:07.99806 66/1/CFE_TIME 20: Start FLYWHEEL
.EVS Port1 1980-012-15:10:11.18402 66/1/CFE_TIME 20: Start FLYWHEEL
EVS Port1 1980-012-15:10:12.00888 66/1/CFE_TIME 21: Stop FLYWHEEL
.EVS Port1 1980-012-15:10:16.79795 66/1/CFE_TIME 20: Start FLYWHEEL
...........EVS Port1 1980-012-15:11:32.01933 66/1/CFE_TIME 21: Stop FLYWHEEL
.EVS Port1 1980-012-15:11:35.10887 66/1/CFE_TIME 20: Start FLYWHEEL
EVS Port1 1980-012-15:11:37.02244 66/1/CFE_TIME 21: Stop FLYWHEEL
EVS Port1 1980-012-15:11:39.01501 66/1/CFE_TIME 21: Stop FLYWHEEL
EVS Port1 1980-012-15:11:40.05558 66/1/CFE_TIME 20: Start FLYWHEEL
.EVS Port1 1980-012-15:11:42.17141 66/1/CFE_TIME 20: Start FLYWHEEL
EVS Port1 1980-012-15:11:43.00617 66/1/CFE_TIME 21: Stop FLYWHEEL
EVS Port1 1980-012-15:11:46.04541 66/1/CFE_TIME 20: Start FLYWHEEL
EVS Port1 1980-012-15:11:46.01017 66/1/CFE_TIME 21: Stop FLYWHEEL
..EVS Port1 1980-012-15:11:53.10502 66/1/CFE_TIME 20: Start FLYWHEEL
EVS Port1 1980-012-15:11:53.00628 66/1/CFE_TIME 21: Stop FLYWHEEL
.EVS Port1 1980-012-15:12:04.01123 66/1/CFE_TIME 21: Stop FLYWHEEL
.EVS Port1 1980-012-15:12:05.00393 66/1/CFE_TIME 20: Start FLYWHEEL
EVS Port1 1980-012-15:12:08.02861 66/1/CFE_TIME 20: Start FLYWHEEL
EVS Port1 1980-012-15:12:08.03559 66/1/CFE_TIME 21: Stop FLYWHEEL
...EVS Port1 1980-012-15:12:23.00476 66/1/CFE_TIME 21: Stop FLYWHEEL
EVS Port1 1980-012-15:12:23.99736 66/1/CFE_TIME 20: Start FLYWHEEL
..EVS Port1 1980-012-15:12:37.00723 66/1/CFE_TIME 21: Stop FLYWHEEL
EVS Port1 1980-012-15:12:37.99504 66/1/CFE_TIME 20: Start FLYWHEEL
..EVS Port1 1980-012-15:12:47.00541 66/1/CFE_TIME 21: Stop FLYWHEEL
EVS Port1 1980-012-15:12:47.99977 66/1/CFE_TIME 20: Start FLYWHEEL
.EVS Port1 1980-012-15:12:54.19131 66/1/CFE_TIME 20: Start FLYWHEEL
EVS Port1 1980-012-15:12:57.01007 66/1/CFE_TIME 21: Stop FLYWHEEL
.EVS Port1 1980-012-15:13:03.00741 66/1/CFE_TIME 21: Stop FLYWHEEL
.EVS Port1 1980-012-15:13:04.00233 66/1/CFE_TIME 20: Start FLYWHEEL
EVS Port1 1980-012-15:13:08.07099 66/1/CFE_TIME 20: Start FLYWHEEL
EVS Port1 1980-012-15:13:08.01402 66/1/CFE_TIME 21: Stop FLYWHEEL
.EVS Port1 1980-012-15:13:11.08224 66/1/CFE_TIME 20: Start FLYWHEEL
.........EVS Port1 1980-012-15:14:08.01225 66/1/CFE_TIME 21: Stop FLYWHEEL
EVS Port1 1980-012-15:14:10.02832 66/1/CFE_TIME 21: Stop FLYWHEEL
EVS Port1 1980-012-15:14:11.12042 66/1/CFE_TIME 20: Start FLYWHEEL
.EVS Port1 1980-012-15:14:13.11633 66/1/CFE_TIME 20: Start FLYWHEEL
EVS Port1 1980-012-15:14:13.00614 66/1/CFE_TIME 21: Stop FLYWHEEL
EVS Port1 1980-012-15:14:17.00642 66/1/CFE_TIME 21: Stop FLYWHEEL
EVS Port1 1980-012-15:14:18.00140 66/1/CFE_TIME 20: Start FLYWHEEL
.EVS Port1 1980-012-15:14:22.15565 66/1/CFE_TIME 20: Start FLYWHEEL
EVS Port1 1980-012-15:14:23.02964 66/1/CFE_TIME 21: Stop FLYWHEEL
.EVS Port1 1980-012-15:14:26.08609 66/1/CFE_TIME 21: Stop FLYWHEEL
EVS Port1 1980-012-15:14:26.99723 66/1/CFE_TIME 20: Start FLYWHEEL
EVS Port1 1980-012-15:14:28.00892 66/1/CFE_TIME 21: Stop FLYWHEEL
EVS Port1 1980-012-15:14:28.99285 66/1/CFE_TIME 20: Start FLYWHEEL
.EVS Port1 1980-012-15:14:30.02214 66/1/CFE_TIME 21: Stop FLYWHEEL
EVS Port1 1980-012-15:14:30.98817 66/1/CFE_TIME 20: Start FLYWHEEL
EVS Port1 1980-012-15:14:34.01106 66/1/CFE_TIME 21: Stop FLYWHEEL
EVS Port1 1980-012-15:14:34.98274 66/1/CFE_TIME 20: Start FLYWHEEL
..EVS Port1 1980-012-15:14:46.00736 66/1/CFE_TIME 21: Stop FLYWHEEL
EVS Port1 1980-012-15:14:47.01728 66/1/CFE_TIME 20: Start FLYWHEEL
.EVS Port1 1980-012-15:14:48.99714 66/1/CFE_TIME 20: Start FLYWHEEL
EVS Port1 1980-012-15:14:51.02359 66/1/CFE_TIME 21: Stop FLYWHEEL
EVS Port1 1980-012-15:14:53.01930 66/1/CFE_TIME 21: Stop FLYWHEEL
.EVS Port1 1980-012-15:14:53.99597 66/1/CFE_TIME 20: Start FLYWHEEL
...EVS Port1 1980-012-15:15:16.00988 66/1/CFE_TIME 21: Stop FLYWHEEL
EVS Port1 1980-012-15:15:17.03468 66/1/CFE_TIME 20: Start FLYWHEEL
.EVS Port1 1980-012-15:15:19.10533 66/1/CFE_TIME 20: Start FLYWHEEL
EVS Port1 1980-012-15:15:23.02018 66/1/CFE_TIME 21: Stop FLYWHEEL
.EVS Port1 1980-012-15:15:26.02407 66/1/CFE_TIME 21: Stop FLYWHEEL
EVS Port1 1980-012-15:15:26.99783 66/1/CFE_TIME 20: Start FLYWHEEL
..EVS Port1 1980-012-15:15:39.06736 66/1/CFE_TIME 21: Stop FLYWHEEL
EVS Port1 1980-012-15:15:40.02127 66/1/CFE_TIME 20: Start FLYWHEEL
EVS Port1 1980-012-15:15:41.01478 66/1/CFE_TIME 21: Stop FLYWHEEL
.EVS Port1 1980-012-15:15:42.10484 66/1/CFE_TIME 20: Start FLYWHEEL
EVS Port1 1980-012-15:15:44.23812 66/1/CFE_TIME 20: Start FLYWHEEL
........EVS Port1 1980-012-15:16:34.00846 66/1/CFE_TIME 21: Stop FLYWHEEL
EVS Port1 1980-012-15:16:36.00648 66/1/CFE_TIME 21: Stop FLYWHEEL
.EVS Port1 1980-012-15:16:37.15968 66/1/CFE_TIME 20: Start FLYWHEEL
EVS Port1 1980-012-15:16:39.21101 66/1/CFE_TIME 20: Start FLYWHEEL
EVS Port1 1980-012-15:16:39.01799 66/1/CFE_TIME 21: Stop FLYWHEEL
EVS Port1 1980-012-15:16:42.01242 66/1/CFE_TIME 21: Stop FLYWHEEL
.EVS Port1 1980-012-15:16:43.01524 66/1/CFE_TIME 20: Start FLYWHEEL
EVS Port1 1980-012-15:16:45.07638 66/1/CFE_TIME 20: Start FLYWHEEL
.EVS Port1 1980-012-15:16:50.01335 66/1/CFE_TIME 21: Stop FLYWHEEL
..EVS Port1 1980-012-15:17:01.02917 66/1/CFE_TIME 21: Stop FLYWHEEL
EVS Port1 1980-012-15:17:02.02037 66/1/CFE_TIME 20: Start FLYWHEEL
EVS Port1 1980-012-15:17:04.00959 66/1/CFE_TIME 20: Start FLYWHEEL
EVS Port1 1980-012-15:17:04.00617 66/1/CFE_TIME 21: Stop FLYWHEEL
..EVS Port1 1980-012-15:17:13.01380 66/1/CFE_TIME 21: Stop FLYWHEEL
EVS Port1 1980-012-15:17:13.98774 66/1/CFE_TIME 20: Start FLYWHEEL
.EVS Port1 1980-012-15:17:21.00558 66/1/CFE_TIME 21: Stop FLYWHEEL
EVS Port1 1980-012-15:17:22.00123 66/1/CFE_TIME 20: Start FLYWHEEL
.....EVS Port1 1980-012-15:17:49.26823 66/1/CFE_TIME 20: Start FLYWHEEL
EVS Port1 1980-012-15:17:50.01593 66/1/CFE_TIME 21: Stop FLYWHEEL
.EVS Port1 1980-012-15:18:00.01907 66/1/CFE_TIME 21: Stop FLYWHEEL
.EVS Port1 1980-012-15:18:00.99607 66/1/CFE_TIME 20: Start FLYWHEEL
EVS Port1 1980-012-15:18:04.13853 66/1/CFE_TIME 20: Start FLYWHEEL
..........EVS Port1 1980-012-15:19:05.00762 66/1/CFE_TIME 21: Stop FLYWHEEL
EVS Port1 1980-012-15:19:08.00933 66/1/CFE_TIME 21: Stop FLYWHEEL
.EVS Port1 1980-012-15:19:08.99986 66/1/CFE_TIME 20: Start FLYWHEEL
EVS Port1 1980-012-15:19:11.00811 66/1/CFE_TIME 21: Stop FLYWHEEL
EVS Port1 1980-012-15:19:12.00401 66/1/CFE_TIME 20: Start FLYWHEEL
EVS Port1 1980-012-15:19:13.00666 66/1/CFE_TIME 21: Stop FLYWHEEL
EVS Port1 1980-012-15:19:13.99790 66/1/CFE_TIME 20: Start FLYWHEEL
.EVS Port1 1980-012-15:19:18.08715 66/1/CFE_TIME 20: Start FLYWHEEL
EVS Port1 1980-012-15:19:18.00874 66/1/CFE_TIME 21: Stop FLYWHEEL
.EVS Port1 1980-012-15:19:22.01585 66/1/CFE_TIME 21: Stop FLYWHEEL
EVS Port1 1980-012-15:19:22.99783 66/1/CFE_TIME 20: Start FLYWHEEL
EVS Port1 1980-012-15:19:25.01541 66/1/CFE_TIME 21: Stop FLYWHEEL
.EVS Port1 1980-012-15:19:26.00099 66/1/CFE_TIME 20: Start FLYWHEEL
EVS Port1 1980-012-15:19:28.00831 66/1/CFE_TIME 21: Stop FLYWHEEL
EVS Port1 1980-012-15:19:28.98733 66/1/CFE_TIME 20: Start FLYWHEEL
...EVS Port1 1980-012-15:19:48.00427 66/1/CFE_TIME 21: Stop FLYWHEEL
EVS Port1 1980-012-15:19:48.99140 66/1/CFE_TIME 20: Start FLYWHEEL
....EVS Port1 1980-012-15:20:08.09303 66/1/CFE_TIME 21: Stop FLYWHEEL
EVS Port1 1980-012-15:20:08.98677 66/1/CFE_TIME 20: Start FLYWHEEL
EVS Port1 1980-012-15:20:13.03985 66/1/CFE_TIME 20: Start FLYWHEEL
EVS Port1 1980-012-15:20:13.01222 66/1/CFE_TIME 21: Stop FLYWHEEL
.EVS Port1 1980-012-15:20:16.01129 66/1/CFE_TIME 21: Stop FLYWHEEL
EVS Port1 1980-012-15:20:17.20989 66/1/CFE_TIME 20: Start FLYWHEEL
EVS Port1 1980-012-15:20:19.28665 66/1/CFE_TIME 20: Start FLYWHEEL
.EVS Port1 1980-012-15:20:20.00828 66/1/CFE_TIME 21: Stop FLYWHEEL
.EVS Port1 1980-012-15:20:27.00981 66/1/CFE_TIME 21: Stop FLYWHEEL
EVS Port1 1980-012-15:20:28.00421 66/1/CFE_TIME 20: Start FLYWHEEL
.EVS Port1 1980-012-15:20:37.37727 66/1/CFE_TIME 20: Start FLYWHEEL
.........EVS Port1 1980-012-15:21:29.03196 66/1/CFE_TIME 21: Stop FLYWHEEL
EVS Port1 1980-012-15:21:32.26556 66/1/CFE_TIME 20: Start FLYWHEEL
.EVS Port1 1980-012-15:21:38.00877 66/1/CFE_TIME 21: Stop FLYWHEEL
.EVS Port1 1980-012-15:21:41.45088 66/1/CFE_TIME 20: Start FLYWHEEL
EVS Port1 1980-012-15:21:44.00592 66/1/CFE_TIME 21: Stop FLYWHEEL
.EVS Port1 1980-012-15:21:47.26487 66/1/CFE_TIME 20: Start FLYWHEEL
EVS Port1 1980-012-15:21:48.00717 66/1/CFE_TIME 21: Stop FLYWHEEL
EVS Port1 1980-012-15:21:50.03314 66/1/CFE_TIME 21: Stop FLYWHEEL
EVS Port1 1980-012-15:21:50.98870 66/1/CFE_TIME 20: Start FLYWHEEL
.EVS Port1 1980-012-15:21:55.00610 66/1/CFE_TIME 21: Stop FLYWHEEL
EVS Port1 1980-012-15:21:56.01017 66/1/CFE_TIME 20: Start FLYWHEEL
EVS Port1 1980-012-15:21:57.01255 66/1/CFE_TIME 21: Stop FLYWHEEL
.EVS Port1 1980-012-15:21:57.99705 66/1/CFE_TIME 20: Start FLYWHEEL
EVS Port1 1980-012-15:22:01.01507 66/1/CFE_TIME 21: Stop FLYWHEEL
EVS Port1 1980-012-15:22:01.99606 66/1/CFE_TIME 20: Start FLYWHEEL
...EVS Port1 1980-012-15:22:16.00979 66/1/CFE_TIME 21: Stop FLYWHEEL
EVS Port1 1980-012-15:22:17.00004 66/1/CFE_TIME 20: Start FLYWHEEL
..EVS Port1 1980-012-15:22:31.32833 66/1/CFE_TIME 20: Start FLYWHEEL
EVS Port1 1980-012-15:22:31.00793 66/1/CFE_TIME 21: Stop FLYWHEEL
.EVS Port1 1980-012-15:22:38.06784 66/1/CFE_TIME 20: Start FLYWHEEL
EVS Port1 1980-012-15:22:39.01304 66/1/CFE_TIME 21: Stop FLYWHEEL
.EVS Port1 1980-012-15:22:42.02845 66/1/CFE_TIME 21: Stop FLYWHEEL
EVS Port1 1980-012-15:22:42.99754 66/1/CFE_TIME 20: Start FLYWHEEL
.EVS Port1 1980-012-15:22:47.16529 66/1/CFE_TIME 20: Start FLYWHEEL
EVS Port1 1980-012-15:22:49.02613 66/1/CFE_TIME 21: Stop FLYWHEEL
.EVS Port1 1980-012-15:22:53.07214 66/1/CFE_TIME 20: Start FLYWHEEL
EVS Port1 1980-012-15:22:53.00805 66/1/CFE_TIME 21: Stop FLYWHEEL
EVS Port1 1980-012-15:22:55.00584 66/1/CFE_TIME 21: Stop FLYWHEEL
EVS Port1 1980-012-15:22:56.00094 66/1/CFE_TIME 20: Start FLYWHEEL
.EVS Port1 1980-012-15:23:01.10342 66/1/CFE_TIME 20: Start FLYWHEEL
EVS Port1 1980-012-15:23:01.00736 66/1/CFE_TIME 21: Stop FLYWHEEL
.EVS Port1 1980-012-15:23:04.00680 66/1/CFE_TIME 21: Stop FLYWHEEL
EVS Port1 1980-012-15:23:05.02375 66/1/CFE_TIME 20: Start FLYWHEEL
EVS Port1 1980-012-15:23:06.03872 66/1/CFE_TIME 21: Stop FLYWHEEL
EVS Port1 1980-012-15:23:06.99790 66/1/CFE_TIME 20: Start FLYWHEEL
.EVS Port1 1980-012-15:23:10.01188 66/1/CFE_TIME 21: Stop FLYWHEEL
EVS Port1 1980-012-15:23:11.01724 66/1/CFE_TIME 20: Start FLYWHEEL
EVS Port1 1980-012-15:23:13.00935 66/1/CFE_TIME 20: Start FLYWHEEL
EVS Port1 1980-012-15:23:13.00764 66/1/CFE_TIME 21: Stop FLYWHEEL
.EVS Port1 1980-012-15:23:16.32415 66/1/CFE_TIME 20: Start FLYWHEEL
EVS Port1 1980-012-15:23:16.02062 66/1/CFE_TIME 21: Stop FLYWHEEL
.EVS Port1 1980-012-15:23:22.06169 66/1/CFE_TIME 20: Start FLYWHEEL
EVS Port1 1980-012-15:23:22.00321 66/1/CFE_TIME 21: Stop FLYWHEEL
...EVS Port1 1980-012-15:23:41.01034 66/1/CFE_TIME 20: Start FLYWHEEL
EVS Port1 1980-012-15:23:43.02027 66/1/CFE_TIME 21: Stop FLYWHEEL
.EVS Port1 1980-012-15:23:46.36775 66/1/CFE_TIME 20: Start FLYWHEEL
EVS Port1 1980-012-15:23:50.00555 66/1/CFE_TIME 21: Stop FLYWHEEL
.EVS Port1 1980-012-15:23:53.01190 66/1/CFE_TIME 21: Stop FLYWHEEL
EVS Port1 1980-012-15:23:53.98880 66/1/CFE_TIME 20: Start FLYWHEEL
.EVS Port1 1980-012-15:23:58.01327 66/1/CFE_TIME 21: Stop FLYWHEEL
EVS Port1 1980-012-15:23:59.00592 66/1/CFE_TIME 20: Start FLYWHEEL
.EVS Port1 1980-012-15:24:04.00636 66/1/CFE_TIME 21: Stop FLYWHEEL
EVS Port1 1980-012-15:24:05.08819 66/1/CFE_TIME 20: Start FLYWHEEL
EVS Port1 1980-012-15:24:07.21833 66/1/CFE_TIME 20: Start FLYWHEEL
.EVS Port1 1980-012-15:24:09.00767 66/1/CFE_TIME 21: Stop FLYWHEEL
EVS Port1 1980-012-15:24:12.09037 66/1/CFE_TIME 20: Start FLYWHEEL
EVS Port1 1980-012-15:24:12.01742 66/1/CFE_TIME 21: Stop FLYWHEEL
.EVS Port1 1980-012-15:24:14.01019 66/1/CFE_TIME 21: Stop FLYWHEEL
EVS Port1 1980-012-15:24:15.08761 66/1/CFE_TIME 20: Start FLYWHEEL
EVS Port1 1980-012-15:24:17.11877 66/1/CFE_TIME 20: Start FLYWHEEL
EVS Port1 1980-012-15:24:17.01144 66/1/CFE_TIME 21: Stop FLYWHEEL
EVS Port1 1980-012-15:24:19.01051 66/1/CFE_TIME 21: Stop FLYWHEEL
.EVS Port1 1980-012-15:24:19.99662 66/1/CFE_TIME 20: Start FLYWHEEL
EVS Port1 1980-012-15:24:23.01017 66/1/CFE_TIME 21: Stop FLYWHEEL
EVS Port1 1980-012-15:24:23.97962 66/1/CFE_TIME 20: Start FLYWHEEL
.EVS Port1 1980-012-15:24:29.01097 66/1/CFE_TIME 21: Stop FLYWHEEL
EVS Port1 1980-012-15:24:30.00834 66/1/CFE_TIME 20: Start FLYWHEEL
.EVS Port1 1980-012-15:24:32.07661 66/1/CFE_TIME 20: Start FLYWHEEL
..EVS Port1 1980-012-15:24:45.00524 66/1/CFE_TIME 21: Stop FLYWHEEL
.EVS Port1 1980-012-15:24:49.56109 66/1/CFE_TIME 20: Start FLYWHEEL
.......EVS Port1 1980-012-15:25:35.00605 66/1/CFE_TIME 21: Stop FLYWHEEL
EVS Port1 1980-012-15:25:37.01672 66/1/CFE_TIME 21: Stop FLYWHEEL
.EVS Port1 1980-012-15:25:38.05490 66/1/CFE_TIME 20: Start FLYWHEEL
EVS Port1 1980-012-15:25:40.15524 66/1/CFE_TIME 20: Start FLYWHEEL
EVS Port1 1980-012-15:25:40.00906 66/1/CFE_TIME 21: Stop FLYWHEEL
EVS Port1 1980-012-15:25:43.47161 66/1/CFE_TIME 20: Start FLYWHEEL
.EVS Port1 1980-012-15:25:45.00978 66/1/CFE_TIME 21: Stop FLYWHEEL
.EVS Port1 1980-012-15:25:50.07427 66/1/CFE_TIME 20: Start FLYWHEEL
EVS Port1 1980-012-15:25:54.01371 66/1/CFE_TIME 21: Stop FLYWHEEL
..EVS Port1 1980-012-15:26:05.00697 66/1/CFE_TIME 21: Stop FLYWHEEL
EVS Port1 1980-012-15:26:05.99951 66/1/CFE_TIME 20: Start FLYWHEEL
.EVS Port1 1980-012-15:26:10.01052 66/1/CFE_TIME 21: Stop FLYWHEEL
EVS Port1 1980-012-15:26:10.99421 66/1/CFE_TIME 20: Start FLYWHEEL
..EVS Port1 1980-012-15:26:22.01342 66/1/CFE_TIME 21: Stop FLYWHEEL
EVS Port1 1980-012-15:26:23.03849 66/1/CFE_TIME 20: Start FLYWHEEL
EVS Port1 1980-012-15:26:25.03646 66/1/CFE_TIME 20: Start FLYWHEEL
.EVS Port1 1980-012-15:26:26.00595 66/1/CFE_TIME 21: Stop FLYWHEEL
EVS Port1 1980-012-15:26:30.08183 66/1/CFE_TIME 20: Start FLYWHEEL
EVS Port1 1980-012-15:26:30.00936 66/1/CFE_TIME 21: Stop FLYWHEEL
.EVS Port1 1980-012-15:26:35.01896 66/1/CFE_TIME 21: Stop FLYWHEEL
EVS Port1 1980-012-15:26:36.00811 66/1/CFE_TIME 20: Start FLYWHEEL
.EVS Port1 1980-012-15:26:37.09602 66/1/CFE_TIME 21: Stop FLYWHEEL
EVS Port1 1980-012-15:26:38.02522 66/1/CFE_TIME 20: Start FLYWHEEL
EVS Port1 1980-012-15:26:40.10351 66/1/CFE_TIME 20: Start FLYWHEEL
EVS Port1 1980-012-15:26:40.00749 66/1/CFE_TIME 21: Stop FLYWHEEL
.EVS Port1 1980-012-15:26:44.01481 66/1/CFE_TIME 21: Stop FLYWHEEL
EVS Port1 1980-012-15:26:45.01100 66/1/CFE_TIME 20: Start FLYWHEEL
EVS Port1 1980-012-15:26:46.00718 66/1/CFE_TIME 21: Stop FLYWHEEL
EVS Port1 1980-012-15:26:46.99931 66/1/CFE_TIME 20: Start FLYWHEEL
.EVS Port1 1980-012-15:26:50.04933 66/1/CFE_TIME 21: Stop FLYWHEEL
EVS Port1 1980-012-15:26:51.24113 66/1/CFE_TIME 20: Start FLYWHEEL
EVS Port1 1980-012-15:26:52.00758 66/1/CFE_TIME 21: Stop FLYWHEEL
EVS Port1 1980-012-15:26:53.00476 66/1/CFE_TIME 20: Start FLYWHEEL
EVS Port1 1980-012-15:26:54.02429 66/1/CFE_TIME 21: Stop FLYWHEEL
.EVS Port1 1980-012-15:26:55.02049 66/1/CFE_TIME 20: Start FLYWHEEL
EVS Port1 1980-012-15:26:56.01353 66/1/CFE_TIME 21: Stop FLYWHEEL
EVS Port1 1980-012-15:26:56.99333 66/1/CFE_TIME 20: Start FLYWHEEL
.EVS Port1 1980-012-15:27:06.02177 66/1/CFE_TIME 21: Stop FLYWHEEL
.EVS Port1 1980-012-15:27:06.99624 66/1/CFE_TIME 20: Start FLYWHEEL
EVS Port1 1980-012-15:27:09.01095 66/1/CFE_TIME 21: Stop FLYWHEEL
EVS Port1 1980-012-15:27:10.03863 66/1/CFE_TIME 20: Start FLYWHEEL
EVS Port1 1980-012-15:27:11.02365 66/1/CFE_TIME 21: Stop FLYWHEEL
EVS Port1 1980-012-15:27:12.02171 66/1/CFE_TIME 20: Start FLYWHEEL
.EVS Port1 1980-012-15:27:13.01246 66/1/CFE_TIME 21: Stop FLYWHEEL
EVS Port1 1980-012-15:27:14.00646 66/1/CFE_TIME 20: Start FLYWHEEL
EVS Port1 1980-012-15:27:15.00982 66/1/CFE_TIME 21: Stop FLYWHEEL
EVS Port1 1980-012-15:27:16.04139 66/1/CFE_TIME 20: Start FLYWHEEL
EVS Port1 1980-012-15:27:17.00636 66/1/CFE_TIME 21: Stop FLYWHEEL
EVS Port1 1980-012-15:27:17.99905 66/1/CFE_TIME 20: Start FLYWHEEL
..EVS Port1 1980-012-15:27:26.01029 66/1/CFE_TIME 21: Stop FLYWHEEL
EVS Port1 1980-012-15:27:26.99142 66/1/CFE_TIME 20: Start FLYWHEEL
.EVS Port1 1980-012-15:27:32.17758 66/1/CFE_TIME 20: Start FLYWHEEL
..EVS Port1 1980-012-15:27:44.01461 66/1/CFE_TIME 21: Stop FLYWHEEL
EVS Port1 1980-012-15:27:47.04771 66/1/CFE_TIME 20: Start FLYWHEEL
EVS Port1 1980-012-15:27:47.00994 66/1/CFE_TIME 21: Stop FLYWHEEL
.EVS Port1 1980-012-15:27:51.15901 66/1/CFE_TIME 20: Start FLYWHEEL
.EVS Port1 1980-012-15:27:58.02395 66/1/CFE_TIME 21: Stop FLYWHEEL
..EVS Port1 1980-012-15:28:09.50526 66/1/CFE_TIME 20: Start FLYWHEEL
.EVS Port1 1980-012-15:28:21.00715 66/1/CFE_TIME 21: Stop FLYWHEEL
.EVS Port1 1980-012-15:28:25.01722 66/1/CFE_TIME 21: Stop FLYWHEEL
EVS Port1 1980-012-15:28:26.00724 66/1/CFE_TIME 20: Start FLYWHEEL
.EVS Port1 1980-012-15:28:29.00755 66/1/CFE_TIME 21: Stop FLYWHEEL
EVS Port1 1980-012-15:28:30.01280 66/1/CFE_TIME 20: Start FLYWHEEL
EVS Port1 1980-012-15:28:31.01454 66/1/CFE_TIME 21: Stop FLYWHEEL
EVS Port1 1980-012-15:28:32.01910 66/1/CFE_TIME 20: Start FLYWHEEL
.EVS Port1 1980-012-15:28:33.03216 66/1/CFE_TIME 21: Stop FLYWHEEL
EVS Port1 1980-012-15:28:34.00541 66/1/CFE_TIME 20: Start FLYWHEEL
EVS Port1 1980-012-15:28:36.01123 66/1/CFE_TIME 21: Stop FLYWHEEL
EVS Port1 1980-012-15:28:37.02905 66/1/CFE_TIME 20: Start FLYWHEEL
EVS Port1 1980-012-15:28:38.02386 66/1/CFE_TIME 21: Stop FLYWHEEL
.EVS Port1 1980-012-15:28:38.98896 66/1/CFE_TIME 20: Start FLYWHEEL
EVS Port1 1980-012-15:28:42.00736 66/1/CFE_TIME 21: Stop FLYWHEEL
EVS Port1 1980-012-15:28:42.99154 66/1/CFE_TIME 20: Start FLYWHEEL
.EVS Port1 1980-012-15:28:48.06562 66/1/CFE_TIME 20: Start FLYWHEEL
EVS Port1 1980-012-15:28:49.00386 66/1/CFE_TIME 21: Stop FLYWHEEL
..EVS Port1 1980-012-15:28:58.00036 66/1/CFE_TIME 20: Start FLYWHEEL
EVS Port1 1980-012-15:28:58.00759 66/1/CFE_TIME 21: Stop FLYWHEEL
.EVS Port1 1980-012-15:29:08.31005 66/1/CFE_TIME 20: Start FLYWHEEL
EVS Port1 1980-012-15:29:08.00695 66/1/CFE_TIME 21: Stop FLYWHEEL
.EVS Port1 1980-012-15:29:13.00724 66/1/CFE_TIME 21: Stop FLYWHEEL
EVS Port1 1980-012-15:29:13.99928 66/1/CFE_TIME 20: Start FLYWHEEL
..EVS Port1 1980-012-15:29:21.01011 66/1/CFE_TIME 21: Stop FLYWHEEL
EVS Port1 1980-012-15:29:21.99678 66/1/CFE_TIME 20: Start FLYWHEEL
EVS Port1 1980-012-15:29:24.01213 66/1/CFE_TIME 21: Stop FLYWHEEL
EVS Port1 1980-012-15:29:25.01153 66/1/CFE_TIME 20: Start FLYWHEEL
.EVS Port1 1980-012-15:29:27.02032 66/1/CFE_TIME 20: Start FLYWHEEL
EVS Port1 1980-012-15:29:27.00942 66/1/CFE_TIME 21: Stop FLYWHEEL
EVS Port1 1980-012-15:29:32.05902 66/1/CFE_TIME 20: Start FLYWHEEL
EVS Port1 1980-012-15:29:32.05020 66/1/CFE_TIME 21: Stop FLYWHEEL
.EVS Port1 1980-012-15:29:36.42115 66/1/CFE_TIME 20: Start FLYWHEEL
.EVS Port1 1980-012-15:29:39.01026 66/1/CFE_TIME 21: Stop FLYWHEEL
EVS Port1 1980-012-15:29:42.18392 66/1/CFE_TIME 20: Start FLYWHEEL
.EVS Port1 1980-012-15:29:44.01998 66/1/CFE_TIME 21: Stop FLYWHEEL
EVS Port1 1980-012-15:29:47.96351 66/1/CFE_TIME 20: Start FLYWHEEL
........EVS Port1 1980-012-15:30:39.01643 66/1/CFE_TIME 21: Stop FLYWHEEL
.EVS Port1 1980-012-15:30:43.13163 66/1/CFE_TIME 20: Start FLYWHEEL
EVS Port1 1980-012-15:30:43.00526 66/1/CFE_TIME 21: Stop FLYWHEEL
....EVS Port1 1980-012-15:31:05.21022 66/1/CFE_TIME 20: Start FLYWHEEL
EVS Port1 1980-012-15:31:05.00642 66/1/CFE_TIME 21: Stop FLYWHEEL
EVS Port1 1980-012-15:31:08.00392 66/1/CFE_TIME 21: Stop FLYWHEEL
.EVS Port1 1980-012-15:31:08.99790 66/1/CFE_TIME 20: Start FLYWHEEL
.EVS Port1 1980-012-15:31:18.01022 66/1/CFE_TIME 21: Stop FLYWHEEL
EVS Port1 1980-012-15:31:18.99816 66/1/CFE_TIME 20: Start FLYWHEEL
.EVS Port1 1980-012-15:31:22.03227 66/1/CFE_TIME 21: Stop FLYWHEEL
EVS Port1 1980-012-15:31:22.99092 66/1/CFE_TIME 20: Start FLYWHEEL
.EVS Port1 1980-012-15:31:27.09263 66/1/CFE_TIME 20: Start FLYWHEEL
EVS Port1 1980-012-15:31:28.00862 66/1/CFE_TIME 21: Stop FLYWHEEL
EVS Port1 1980-012-15:31:32.00956 66/1/CFE_TIME 21: Stop FLYWHEEL
.EVS Port1 1980-012-15:31:33.12792 66/1/CFE_TIME 20: Start FLYWHEEL
EVS Port1 1980-012-15:31:35.33357 66/1/CFE_TIME 20: Start FLYWHEEL
EVS Port1 1980-012-15:31:36.00892 66/1/CFE_TIME 21: Stop FLYWHEEL
.EVS Port1 1980-012-15:31:39.24609 66/1/CFE_TIME 20: Start FLYWHEEL
...EVS Port1 1980-012-15:31:57.00888 66/1/CFE_TIME 21: Stop FLYWHEEL
EVS Port1 1980-012-15:32:00.54176 66/1/CFE_TIME 20: Start FLYWHEEL
.....EVS Port1 1980-012-15:32:31.02401 66/1/CFE_TIME 21: Stop FLYWHEEL
.EVS Port1 1980-012-15:32:34.16279 66/1/CFE_TIME 20: Start FLYWHEEL
EVS Port1 1980-012-15:32:35.00682 66/1/CFE_TIME 21: Stop FLYWHEEL
.EVS Port1 1980-012-15:32:40.08395 66/1/CFE_TIME 20: Start FLYWHEEL
EVS Port1 1980-012-15:32:40.00537 66/1/CFE_TIME 21: Stop FLYWHEEL
.EVS Port1 1980-012-15:32:49.00883 66/1/CFE_TIME 21: Stop FLYWHEEL
EVS Port1 1980-012-15:32:50.08694 66/1/CFE_TIME 20: Start FLYWHEEL
.EVS Port1 1980-012-15:32:51.00909 66/1/CFE_TIME 21: Stop FLYWHEEL
EVS Port1 1980-012-15:32:51.98707 66/1/CFE_TIME 20: Start FLYWHEEL
.EVS Port1 1980-012-15:33:02.00537 66/1/CFE_TIME 21: Stop FLYWHEEL
.EVS Port1 1980-012-15:33:03.00051 66/1/CFE_TIME 20: Start FLYWHEEL
.{"app":"AI_LEARNER","stage":"e25_equivalence","inputs":1,"completed":1,"model":"wgan","target":"aarch64-unknown-linux-gnu","artifact_sha256":"e382429cbfbf5803..."}
EVS Port1 1980-012-15:33:09.26858 66/1/AI_LEARNER 4: AI_LEARNER: E25 equivalence 1/1 inferences written
{"app":"AI_LEARNER","stage":"e25_mode","active":true,"inputs_path":"/cf/e25_inputs.bin"}
EVS Port1 1980-012-15:33:09.27897 66/1/AI_LEARNER 3: AI_LEARNER initialized: model wgan (4321533 B), rss_delta_init=1644 KB
EVS Port1 1980-012-15:33:14.01098 66/1/CFE_TIME 21: Stop FLYWHEEL
.EVS Port1 1980-012-15:33:14.99917 66/1/CFE_TIME 20: Start FLYWHEEL
..EVS Port1 1980-012-15:33:31.30139 66/1/CFE_SB 17: Msg Limit Err,MsgId 0x800,pipe AI_LEARNER_PIPE,sender CFE_ES
EVS Port1 1980-012-15:33:32.27729 66/1/CFE_TIME 20: Start FLYWHEEL
.EVS Port1 1980-012-15:33:33.01028 66/1/CFE_TIME 21: Stop FLYWHEEL
EVS Port1 1980-012-15:33:35.06015 66/1/CFE_SB 17: Msg Limit Err,MsgId 0x800,pipe AI_LEARNER_PIPE,sender CFE_ES
EVS Port1 1980-012-15:33:38.11085 66/1/CFE_TIME 20: Start FLYWHEEL
EVS Port1 1980-012-15:33:38.00758 66/1/CFE_TIME 21: Stop FLYWHEEL
.EVS Port1 1980-012-15:33:39.11401 66/1/CFE_SB 17: Msg Limit Err,MsgId 0x800,pipe AI_LEARNER_PIPE,sender CFE_ES
EVS Port1 1980-012-15:33:43.05111 66/1/CFE_SB 17: Msg Limit Err,MsgId 0x800,pipe AI_LEARNER_PIPE,sender CFE_ES
.EVS Port1 1980-012-15:33:47.04229 66/1/CFE_SB 17: Msg Limit Err,MsgId 0x800,pipe AI_LEARNER_PIPE,sender CFE_ES
.EVS Port1 1980-012-15:33:51.04582 66/1/CFE_TIME 20: Start FLYWHEEL
EVS Port1 1980-012-15:33:51.01860 66/1/CFE_TIME 21: Stop FLYWHEEL
EVS Port1 1980-012-15:33:51.05041 66/1/CFE_SB 17: Msg Limit Err,MsgId 0x800,pipe AI_LEARNER_PIPE,sender CFE_ES
EVS Port1 1980-012-15:33:55.01789 66/1/CFE_TIME 21: Stop FLYWHEEL
EVS Port1 1980-012-15:33:55.03338 66/1/CFE_SB 17: Msg Limit Err,MsgId 0x800,pipe AI_LEARNER_PIPE,sender CFE_ES
EVS Port1 1980-012-15:33:55.98515 66/1/CFE_TIME 20: Start FLYWHEEL
.EVS Port1 1980-012-15:33:59.11499 66/1/CFE_SB 17: Msg Limit Err,MsgId 0x800,pipe AI_LEARNER_PIPE,sender CFE_ES
EVS Port1 1980-012-15:34:00.22662 66/1/CFE_TIME 20: Start FLYWHEEL
.EVS Port1 1980-012-15:34:02.01290 66/1/CFE_TIME 21: Stop FLYWHEEL
EVS Port1 1980-012-15:34:03.15847 66/1/CFE_SB 17: Msg Limit Err,MsgId 0x800,pipe AI_LEARNER_PIPE,sender CFE_ES
EVS Port1 1980-012-15:34:04.00738 66/1/CFE_TIME 21: Stop FLYWHEEL
EVS Port1 1980-012-15:34:04.99301 66/1/CFE_TIME 20: Start FLYWHEEL
EVS Port1 1980-012-15:34:07.00653 66/1/CFE_TIME 21: Stop FLYWHEEL
EVS Port1 1980-012-15:34:07.07643 66/1/CFE_SB 17: Msg Limit Err,MsgId 0x800,pipe AI_LEARNER_PIPE,sender CFE_ES
.EVS Port1 1980-012-15:34:08.02244 66/1/CFE_TIME 20: Start FLYWHEEL
EVS Port1 1980-012-15:34:10.08244 66/1/CFE_TIME 20: Start FLYWHEEL
EVS Port1 1980-012-15:34:10.01026 66/1/CFE_TIME 21: Stop FLYWHEEL
EVS Port1 1980-012-15:34:11.07435 66/1/CFE_SB 17: Msg Limit Err,MsgId 0x800,pipe AI_LEARNER_PIPE,sender CFE_ES
.EVS Port1 1980-012-15:34:14.00854 66/1/CFE_TIME 21: Stop FLYWHEEL
EVS Port1 1980-012-15:34:15.00563 66/1/CFE_TIME 20: Start FLYWHEEL
EVS Port1 1980-012-15:34:15.06727 66/1/CFE_SB 17: Msg Limit Err,MsgId 0x800,pipe AI_LEARNER_PIPE,sender CFE_ES
EVS Port1 1980-012-15:34:17.01100 66/1/CFE_TIME 20: Start FLYWHEEL
EVS Port1 1980-012-15:34:19.02088 66/1/CFE_TIME 21: Stop FLYWHEEL
EVS Port1 1980-012-15:34:19.03826 66/1/CFE_SB 17: Msg Limit Err,MsgId 0x800,pipe AI_LEARNER_PIPE,sender CFE_ES
.EVS Port1 1980-012-15:34:21.01339 66/1/CFE_TIME 21: Stop FLYWHEEL
EVS Port1 1980-012-15:34:22.00032 66/1/CFE_TIME 20: Start FLYWHEEL
EVS Port1 1980-012-15:34:23.05172 66/1/CFE_SB 17: Msg Limit Err,MsgId 0x800,pipe AI_LEARNER_PIPE,sender CFE_ES
.EVS Port1 1980-012-15:34:27.08782 66/1/CFE_SB 17: Msg Limit Err,MsgId 0x800,pipe AI_LEARNER_PIPE,sender CFE_ES
EVS Port1 1980-012-15:34:29.06213 66/1/CFE_TIME 20: Start FLYWHEEL
EVS Port1 1980-012-15:34:31.32470 66/1/CFE_SB 17: Msg Limit Err,MsgId 0x800,pipe AI_LEARNER_PIPE,sender CFE_ES
.EVS Port1 1980-012-15:34:33.02088 66/1/CFE_TIME 21: Stop FLYWHEEL
EVS Port1 1980-012-15:34:35.02142 66/1/CFE_TIME 21: Stop FLYWHEEL
EVS Port1 1980-012-15:34:35.99227 66/1/CFE_TIME 20: Start FLYWHEEL
.EVS Port1 1980-012-15:34:42.01455 66/1/CFE_TIME 21: Stop FLYWHEEL
EVS Port1 1980-012-15:34:42.98825 66/1/CFE_TIME 20: Start FLYWHEEL
.EVS Port1 1980-012-15:34:46.00975 66/1/CFE_TIME 21: Stop FLYWHEEL
EVS Port1 1980-012-15:34:47.04130 66/1/CFE_TIME 20: Start FLYWHEEL
EVS Port1 1980-012-15:34:49.17727 66/1/CFE_TIME 20: Start FLYWHEEL
...EVS Port1 1980-012-15:35:03.01199 66/1/CFE_TIME 21: Stop FLYWHEEL
EVS Port1 1980-012-15:35:06.11102 66/1/CFE_TIME 20: Start FLYWHEEL
EVS Port1 1980-012-15:35:06.02839 66/1/CFE_TIME 21: Stop FLYWHEEL
.EVS Port1 1980-012-15:35:11.01168 66/1/CFE_TIME 21: Stop FLYWHEEL
EVS Port1 1980-012-15:35:12.00567 66/1/CFE_TIME 20: Start FLYWHEEL
.EVS Port1 1980-012-15:35:16.02508 66/1/CFE_TIME 20: Start FLYWHEEL
EVS Port1 1980-012-15:35:16.01031 66/1/CFE_TIME 21: Stop FLYWHEEL
.EVS Port1 1980-012-15:35:23.14994 66/1/CFE_TIME 20: Start FLYWHEEL
EVS Port1 1980-012-15:35:23.01608 66/1/CFE_TIME 21: Stop FLYWHEEL
.EVS Port1 1980-012-15:35:29.11801 66/1/CFE_TIME 20: Start FLYWHEEL
EVS Port1 1980-012-15:35:29.00616 66/1/CFE_TIME 21: Stop FLYWHEEL
..EVS Port1 1980-012-15:35:37.00407 66/1/CFE_TIME 21: Stop FLYWHEEL
EVS Port1 1980-012-15:35:37.99548 66/1/CFE_TIME 20: Start FLYWHEEL
.EVS Port1 1980-012-15:35:46.00857 66/1/CFE_TIME 20: Start FLYWHEEL
EVS Port1 1980-012-15:35:46.00865 66/1/CFE_TIME 21: Stop FLYWHEEL
.EVS Port1 1980-012-15:35:49.27128 66/1/CFE_TIME 20: Start FLYWHEEL
EVS Port1 1980-012-15:35:49.07283 66/1/CFE_TIME 21: Stop FLYWHEEL
.EVS Port1 1980-012-15:35:58.00575 66/1/CFE_TIME 21: Stop FLYWHEEL
EVS Port1 1980-012-15:35:59.00064 66/1/CFE_TIME 20: Start FLYWHEEL
...EVS Port1 1980-012-15:36:12.04402 66/1/CFE_TIME 21: Stop FLYWHEEL
EVS Port1 1980-012-15:36:12.97926 66/1/CFE_TIME 20: Start FLYWHEEL
EVS Port1 1980-012-15:36:17.14361 66/1/CFE_TIME 20: Start FLYWHEEL
.EVS Port1 1980-012-15:36:19.02903 66/1/CFE_TIME 21: Stop FLYWHEEL
EVS Port1 1980-012-15:36:21.00538 66/1/CFE_TIME 21: Stop FLYWHEEL
EVS Port1 1980-012-15:36:22.02037 66/1/CFE_TIME 20: Start FLYWHEEL
.EVS Port1 1980-012-15:36:24.04811 66/1/CFE_TIME 20: Start FLYWHEEL
EVS Port1 1980-012-15:36:24.00733 66/1/CFE_TIME 21: Stop FLYWHEEL
EVS Port1 1980-012-15:36:28.26425 66/1/CFE_TIME 20: Start FLYWHEEL
EVS Port1 1980-012-15:36:28.00744 66/1/CFE_TIME 21: Stop FLYWHEEL
..EVS Port1 1980-012-15:36:40.00517 66/1/CFE_TIME 21: Stop FLYWHEEL
EVS Port1 1980-012-15:36:40.98098 66/1/CFE_TIME 20: Start FLYWHEEL
.EVS Port1 1980-012-15:36:47.00808 66/1/CFE_TIME 21: Stop FLYWHEEL
.EVS Port1 1980-012-15:36:48.00708 66/1/CFE_TIME 20: Start FLYWHEEL
EVS Port1 1980-012-15:36:50.01028 66/1/CFE_TIME 21: Stop FLYWHEEL
EVS Port1 1980-012-15:36:50.99166 66/1/CFE_TIME 20: Start FLYWHEEL
.EVS Port1 1980-012-15:36:57.00877 66/1/CFE_TIME 21: Stop FLYWHEEL
EVS Port1 1980-012-15:36:57.99754 66/1/CFE_TIME 20: Start FLYWHEEL
.EVS Port1 1980-012-15:37:02.15223 66/1/CFE_TIME 20: Start FLYWHEEL
EVS Port1 1980-012-15:37:02.04284 66/1/CFE_TIME 21: Stop FLYWHEEL
EVS Port1 1980-012-15:37:05.00508 66/1/CFE_TIME 21: Stop FLYWHEEL
.EVS Port1 1980-012-15:37:05.99722 66/1/CFE_TIME 20: Start FLYWHEEL
.EVS Port1 1980-012-15:37:17.01567 66/1/CFE_TIME 21: Stop FLYWHEEL
.EVS Port1 1980-012-15:37:17.99494 66/1/CFE_TIME 20: Start FLYWHEEL
EVS Port1 1980-012-15:37:21.00987 66/1/CFE_TIME 21: Stop FLYWHEEL
EVS Port1 1980-012-15:37:21.99578 66/1/CFE_TIME 20: Start FLYWHEEL
.EVS Port1 1980-012-15:37:24.03419 66/1/CFE_TIME 21: Stop FLYWHEEL
EVS Port1 1980-012-15:37:25.01596 66/1/CFE_TIME 20: Start FLYWHEEL
EVS Port1 1980-012-15:37:27.32914 66/1/CFE_TIME 20: Start FLYWHEEL
EVS Port1 1980-012-15:37:28.02171 66/1/CFE_TIME 21: Stop FLYWHEEL
.EVS Port1 1980-012-15:37:30.00621 66/1/CFE_TIME 21: Stop FLYWHEEL
EVS Port1 1980-012-15:37:31.00051 66/1/CFE_TIME 20: Start FLYWHEEL
.EVS Port1 1980-012-15:37:36.07473 66/1/CFE_TIME 20: Start FLYWHEEL
EVS Port1 1980-012-15:37:36.01083 66/1/CFE_TIME 21: Stop FLYWHEEL
.EVS Port1 1980-012-15:37:44.01904 66/1/CFE_TIME 21: Stop FLYWHEEL
EVS Port1 1980-012-15:37:45.00143 66/1/CFE_TIME 20: Start FLYWHEEL
..EVS Port1 1980-012-15:37:56.08871 66/1/CFE_TIME 20: Start FLYWHEEL
EVS Port1 1980-012-15:37:58.00819 66/1/CFE_TIME 21: Stop FLYWHEEL
.EVS Port1 1980-012-15:38:00.00843 66/1/CFE_TIME 21: Stop FLYWHEEL
EVS Port1 1980-012-15:38:00.99880 66/1/CFE_TIME 20: Start FLYWHEEL
EVS Port1 1980-012-15:38:02.01223 66/1/CFE_TIME 21: Stop FLYWHEEL
EVS Port1 1980-012-15:38:02.98716 66/1/CFE_TIME 20: Start FLYWHEEL
.EVS Port1 1980-012-15:38:08.00961 66/1/CFE_TIME 20: Start FLYWHEEL
EVS Port1 1980-012-15:38:08.01551 66/1/CFE_TIME 21: Stop FLYWHEEL
EVS Port1 1980-012-15:38:10.03663 66/1/CFE_TIME 21: Stop FLYWHEEL
.EVS Port1 1980-012-15:38:11.00517 66/1/CFE_TIME 20: Start FLYWHEEL
EVS Port1 1980-012-15:38:12.00975 66/1/CFE_TIME 21: Stop FLYWHEEL
EVS Port1 1980-012-15:38:12.98516 66/1/CFE_TIME 20: Start FLYWHEEL
.EVS Port1 1980-012-15:38:18.03080 66/1/CFE_TIME 21: Stop FLYWHEEL
EVS Port1 1980-012-15:38:18.99201 66/1/CFE_TIME 20: Start FLYWHEEL
EVS Port1 1980-012-15:38:21.01321 66/1/CFE_TIME 21: Stop FLYWHEEL
EVS Port1 1980-012-15:38:21.99078 66/1/CFE_TIME 20: Start FLYWHEEL
.EVS Port1 1980-012-15:38:26.11085 66/1/CFE_TIME 20: Start FLYWHEEL
EVS Port1 1980-012-15:38:27.00985 66/1/CFE_TIME 21: Stop FLYWHEEL
..EVS Port1 1980-012-15:38:39.00541 66/1/CFE_TIME 21: Stop FLYWHEEL
EVS Port1 1980-012-15:38:39.99824 66/1/CFE_TIME 20: Start FLYWHEEL
.EVS Port1 1980-012-15:38:44.05729 66/1/CFE_TIME 20: Start FLYWHEEL
EVS Port1 1980-012-15:38:44.05015 66/1/CFE_TIME 21: Stop FLYWHEEL
..EVS Port1 1980-012-15:38:54.02658 66/1/CFE_TIME 21: Stop FLYWHEEL
EVS Port1 1980-012-15:38:55.01220 66/1/CFE_TIME 20: Start FLYWHEEL
EVS Port1 1980-012-15:38:56.14201 66/1/CFE_TIME 21: Stop FLYWHEEL
EVS Port1 1980-012-15:38:56.97824 66/1/CFE_TIME 20: Start FLYWHEEL
.EVS Port1 1980-012-15:39:00.14320 66/1/CFE_TIME 21: Stop FLYWHEEL
EVS Port1 1980-012-15:39:00.99324 66/1/CFE_TIME 20: Start FLYWHEEL
..EVS Port1 1980-012-15:39:11.00787 66/1/CFE_TIME 21: Stop FLYWHEEL
EVS Port1 1980-012-15:39:11.99804 66/1/CFE_TIME 20: Start FLYWHEEL
EVS Port1 1980-012-15:39:13.01025 66/1/CFE_TIME 21: Stop FLYWHEEL
EVS Port1 1980-012-15:39:13.98834 66/1/CFE_TIME 20: Start FLYWHEEL
.EVS Port1 1980-012-15:39:20.00865 66/1/CFE_TIME 21: Stop FLYWHEEL
EVS Port1 1980-012-15:39:20.98797 66/1/CFE_TIME 20: Start FLYWHEEL
.EVS Port1 1980-012-15:39:24.21104 66/1/CFE_TIME 20: Start FLYWHEEL
EVS Port1 1980-012-15:39:24.00404 66/1/CFE_TIME 21: Stop FLYWHEEL
.EVS Port1 1980-012-15:39:29.00929 66/1/CFE_TIME 21: Stop FLYWHEEL
EVS Port1 1980-012-15:39:30.00703 66/1/CFE_TIME 20: Start FLYWHEEL
..EVS Port1 1980-012-15:39:39.00611 66/1/CFE_TIME 21: Stop FLYWHEEL
EVS Port1 1980-012-15:39:39.99752 66/1/CFE_TIME 20: Start FLYWHEEL
..EVS Port1 1980-012-15:39:51.03904 66/1/CFE_TIME 20: Start FLYWHEEL
EVS Port1 1980-012-15:39:51.02082 66/1/CFE_TIME 21: Stop FLYWHEEL
EVS Port1 1980-012-15:39:54.07850 66/1/CFE_TIME 20: Start FLYWHEEL
EVS Port1 1980-012-15:39:54.01136 66/1/CFE_TIME 21: Stop FLYWHEEL
.EVS Port1 1980-012-15:39:59.15995 66/1/CFE_TIME 20: Start FLYWHEEL
EVS Port1 1980-012-15:40:00.00849 66/1/CFE_TIME 21: Stop FLYWHEEL
....EVS Port1 1980-012-15:40:24.13771 66/1/CFE_TIME 20: Start FLYWHEEL
EVS Port1 1980-012-15:40:26.01220 66/1/CFE_TIME 21: Stop FLYWHEEL
.EVS Port1 1980-012-15:40:29.00898 66/1/CFE_TIME 21: Stop FLYWHEEL
EVS Port1 1980-012-15:40:30.00656 66/1/CFE_TIME 20: Start FLYWHEEL
.EVS Port1 1980-012-15:40:36.01322 66/1/CFE_TIME 21: Stop FLYWHEEL
EVS Port1 1980-012-15:40:36.99226 66/1/CFE_TIME 20: Start FLYWHEEL
..EVS Port1 1980-012-15:40:50.05158 66/1/CFE_TIME 21: Stop FLYWHEEL
.EVS Port1 1980-012-15:40:51.00515 66/1/CFE_TIME 20: Start FLYWHEEL
EVS Port1 1980-012-15:40:53.43838 66/1/CFE_TIME 20: Start FLYWHEEL
EVS Port1 1980-012-15:40:53.00703 66/1/CFE_TIME 21: Stop FLYWHEEL
..EVS Port1 1980-012-15:41:03.01593 66/1/CFE_TIME 21: Stop FLYWHEEL
EVS Port1 1980-012-15:41:04.01007 66/1/CFE_TIME 20: Start FLYWHEEL
EVS Port1 1980-012-15:41:05.01940 66/1/CFE_TIME 21: Stop FLYWHEEL
EVS Port1 1980-012-15:41:05.99801 66/1/CFE_TIME 20: Start FLYWHEEL
.EVS Port1 1980-012-15:41:11.00541 66/1/CFE_TIME 21: Stop FLYWHEEL
EVS Port1 1980-012-15:41:12.02459 66/1/CFE_TIME 20: Start FLYWHEEL
EVS Port1 1980-012-15:41:13.00686 66/1/CFE_TIME 21: Stop FLYWHEEL
EVS Port1 1980-012-15:41:13.99107 66/1/CFE_TIME 20: Start FLYWHEEL
..EVS Port1 1980-012-15:41:22.00765 66/1/CFE_TIME 21: Stop FLYWHEEL
EVS Port1 1980-012-15:41:22.99809 66/1/CFE_TIME 20: Start FLYWHEEL
.EVS Port1 1980-012-15:41:27.00201 66/1/CFE_TIME 20: Start FLYWHEEL
EVS Port1 1980-012-15:41:28.06018 66/1/CFE_TIME 21: Stop FLYWHEEL
..1980-012-15:41:40.54028 CFE_ES_RunExceptionScan: ExceptionID 0x1110002 in TaskID 0: Caught SIGINT
1980-012-15:41:40.54085 CFE_ES_RunExceptionScan: Processor Reset count not reached (1/2)
CFE_PSP: Exiting cFE with PROCESSOR Reset status.

CFE_PSP: Shutdown initiated - Exiting cFE
CI delete callback -- Closing CI Network socket.
TO delete callback -- Closing TO Network socket.
..EXIT=137
