OS_BSP_Initialize():Maximum user msg queue depth = 512
CFE_PSP: Default Reset SubType = 1
CFE_PSP: Default CPU ID = 1
CFE_PSP: Default Spacecraft ID = 66
CFE_PSP: Default CPU Name: cpu1
OS_Posix_GetSchedulerParams():208:Policy 1: available, min-max: 1-99
OS_Posix_GetSchedulerParams():208:Policy 2: available, min-max: 1-99
OS_Posix_TaskAPI_Impl_Init():401:Selected policy 2 for RT tasks, root task = 99
OS_Posix_TaskAPI_Impl_Init():419:Could not setschedparam in main thread: Operation not permitted (1)
CFE_PSP: initializing module 'soft_timebase' with ID 0110ff00
CFE_PSP: Instantiated software timebase 'cFS-Master' running at 10000 usec
CFE_PSP: initializing module 'timebase_posix_clock' with ID 0110ff01
CFE_PSP: Using POSIX monotonic clock as CFE timebase
CFE_PSP: initializing module 'eeprom_mmap_file' with ID 0110ff02
CFE_PSP: Using MMAP simulated EEPROM implementation
CFE_PSP: initializing module 'port_notimpl' with ID 0110ff03
CFE_PSP: EEPROM Range (2) created: Start Address = E3444AF5E000, Size = 00080000 Status = 0
CFE_PSP: I/O Port access not implemented
CFE_PSP: initializing module 'iodriver' with ID 0110ff04
CFE_PSP: initializing module 'linux_sysmon' with ID 0110ff05
CFE_PSP: initializing module 'endian_api' with ID 0110ff06
CFE_PSP: Host CPU Endian=LITTLE
CFE_PSP: initializing module 'ram_notimpl' with ID 0110ff07
CFE_PSP: Physical RAM access not implemented
CFE_PSP: Normal exit from previous cFE instance
CFE_PSP: Starting the cFE with a PROCESSOR reset.
1980-001-11:05:24.38775 CFE_ES_Main: CFE_ES_Main in EARLY_INIT state
1980-001-11:05:24.40309 CFE_ES_InitializeFileSystems: Volatile Disk has 100 Percent free space.
Number of addresses returned by backtrace = 1
CFE_PSP: CFE_PSP_AttachExceptions called
1980-001-11:05:24.42844 CFE_ES_Main: CFE_ES_Main entering CORE_STARTUP state
1980-001-11:05:24.43161 CFE_ES_CreateObjects: Starting Object Creation calls.
1980-001-11:05:24.43185 CFE_ES_CreateObjects: Calling EarlyInit for CFE_CONFIG
1980-001-11:05:24.43512 CFE_ES_CreateObjects: Calling EarlyInit for CFE_ES
1980-001-11:05:24.44078 CFE_ES_CreateObjects: Calling EarlyInit for CFE_EVS
1980-001-11:05:24.44362 CFE_EVS_EarlyInit: Event Log restored, n=0, c=20, f=1, m=1, o=1302
1980-001-11:05:24.44390 CFE_ES_CreateObjects: Calling EarlyInit for CFE_FS
1980-001-11:05:24.44415 CFE_ES_CreateObjects: Calling EarlyInit for CFE_SB
1980-001-11:05:24.46971 CFE_ES_CreateObjects: Calling EarlyInit for CFE_TBL
1980-001-11:05:24.49730 CFE_ES_CreateObjects: Calling EarlyInit for CFE_TIME
EVS Port1 1980-012-15:41:37.52337 66/1/CFE_ES 1: cFE ES Initialized: CFE_ES v7.0.1+dev1 (Draco) DEV BUILD, based on v7.0.1, EDS disabled
EVS Port1 1980-012-15:41:37.53251 66/1/CFE_ES 2: cFS Versions: cfe v7.0.1+dev1, osal v7.0.1+dev1, psp v7.0.1+dev1. cFE chksm 31659
EVS Port1 1980-012-15:41:37.53652 66/1/CFE_ES 91: Version Info: Mission SampleMission, version git:v7.0.1-90-g78c23b0-dirty
EVS Port1 1980-012-15:41:37.53747 66/1/CFE_ES 91: Version Info: Module CORE_API, version git:2612eb0
EVS Port1 1980-012-15:41:37.53779 66/1/CFE_ES 91: Version Info: Module CONFIG, version git:2612eb0
EVS Port1 1980-012-15:41:37.53796 66/1/CFE_ES 91: Version Info: Module ES, version git:2612eb0
EVS Port1 1980-012-15:41:37.53952 66/1/CFE_ES 91: Version Info: Module EVS, version git:2612eb0
EVS Port1 1980-012-15:41:37.54086 66/1/CFE_ES 91: Version Info: Module FS, version git:2612eb0
EVS Port1 1980-012-15:41:37.54139 66/1/CFE_ES 91: Version Info: Module SB, version git:2612eb0
EVS Port1 1980-012-15:41:37.54168 66/1/CFE_ES 91: Version Info: Module TBL, version git:2612eb0
EVS Port1 1980-012-15:41:37.54183 66/1/CFE_ES 91: Version Info: Module TIME, version git:2612eb0
EVS Port1 1980-012-15:41:37.54331 66/1/CFE_ES 91: Version Info: Module OSAL, version git:8111e4a
EVS Port1 1980-012-15:41:37.54377 66/1/CFE_ES 91: Version Info: Module PSP, version git:d1da809
EVS Port1 1980-012-15:41:37.54631 66/1/CFE_ES 91: Version Info: Module MSG, version git:2612eb0
EVS Port1 1980-012-15:41:37.54667 66/1/CFE_ES 91: Version Info: Module SBR, version git:2612eb0
EVS Port1 1980-012-15:41:37.54685 66/1/CFE_ES 91: Version Info: Module RESOURCEID, version git:2612eb0
EVS Port1 1980-012-15:41:37.55456 66/1/CFE_ES 92: Build 202609120624 by root@vm, config aarch64
EVS Port1 1980-012-15:41:37.67167 66/1/CFE_EVS 1: cFE EVS Initialized: CFE_EVS v7.0.1+dev1 (Draco) DEV BUILD, based on v7.0.1, EDS disabled
1980-012-15:41:37.77880 CFE_SB_AppInit: Registered 4 events for filtering
EVS Port1 1980-012-15:41:37.78334 66/1/CFE_SB 1: cFE SB Initialized: CFE_SB v7.0.1+dev1 (Draco) DEV BUILD, based on v7.0.1, EDS disabled
EVS Port1 1980-012-15:41:37.78436 66/1/CFE_SB 14: No subscribers for MsgId 0x808,sender CFE_SB
EVS Port1 1980-012-15:41:37.90080 66/1/CFE_TBL 1: cFE TBL Initialized: CFE_TBL v7.0.1+dev1 (Draco) DEV BUILD, based on v7.0.1, EDS disabled
EVS Port1 1980-012-15:41:37.90486 66/1/CFE_SB 14: No subscribers for MsgId 0x808,sender CFE_TBL
EVS Port1 1980-012-15:41:38.01675 66/1/CFE_TIME 1: cFE TIME Initialized: CFE_TIME v7.0.1+dev1 (Draco) DEV BUILD, based on v7.0.1, EDS disabled
EVS Port1 1980-012-15:41:38.01756 66/1/CFE_SB 14: No subscribers for MsgId 0x808,sender CFE_TIME
1980-012-15:41:38.04431 CFE_ES_CreateObjects: Finished ES CreateObject table entries.
1980-012-15:41:38.04657 CFE_ES_Main: CFE_ES_Main entering CORE_READY state
OS_FileOpen_Impl():110:open(/dev/shm/osal:RAM/cfe_es_startup.scr): No such file or directory
1980-012-15:41:38.06467 CFE_ES_OpenStartupScript: Cannot Open Volatile Startup file: /ram/cfe_es_startup.scr, Trying Nonvolatile.
1980-012-15:41:38.06977 CFE_ES_OpenStartupScript: Opened ES App Startup file: /cf/cfe_es_startup.scr
1980-012-15:41:38.11980 CFE_ES_ParseFileEntry: Loading shared library: /cf/cfe_assert.so
1980-012-15:41:38.13765 [BEGIN] CFE FUNCTIONAL TEST
1980-012-15:41:38.13866 [BEGIN] 01 CFE-STARTUP
1980-012-15:41:38.16287 CFE_ES_ParseFileEntry: Loading shared library: /cf/sample_lib.so
SAMPLE Lib Initialized.Sample Lib v7.0.0+dev1 (Draco) DEV BUILD, based on v7.0.1, EDS disabled
1980-012-15:41:38.20259 CFE_ES_ParseFileEntry: Loading file: /cf/sch_lab.so, APP: SCH_LAB
1980-012-15:41:38.24721 CFE_ES_ParseFileEntry: Loading file: /cf/ci_lab.so, APP: CI_LAB
1980-012-15:41:38.29237 CFE_ES_ParseFileEntry: Loading file: /cf/to_lab.so, APP: TO_LAB
SCH Lab Initialized.SCH Lab v7.0.1+dev1 (Draco) DEV BUILD, based on v7.0.1, EDS disabled
EVS Port1 1980-012-15:41:38.40708 66/1/TO_LAB 1: TO Lab Initialized.TO Lab v7.0.1+dev1 (Draco) DEV BUILD, based on v7.0.1, EDS disabled, Awaiting enable command.
EVS Port1 1980-012-15:41:38.41361 66/1/CFE_SB 14: No subscribers for MsgId 0x808,sender TO_LAB
1980-012-15:41:38.41886 CFE_ES_ParseFileEntry: Loading file: /cf/sample_app.so, APP: SAMPLE_APP
EVS Port1 1980-012-15:41:38.56762 66/1/SAMPLE_APP 1: Sample App Initialized.Sample App v7.0.0+dev1 (Draco) DEV BUILD, based on v7.0.1, EDS disabled
1980-012-15:41:38.57605 CI_LAB listening on UDP port: 1234
EVS Port1 1980-012-15:41:38.57862 66/1/CI_LAB 3: CI Lab Initialized.CI Lab App v7.0.1+dev1 (Draco) DEV BUILD, based on v7.0.1, EDS disabled
1980-012-15:41:38.58353 CFE_ES_ParseFileEntry: Loading file: /cf/ai_learner.so, APP: AI_LEARNER
1980-012-15:41:38.63246 CFE_ES_ParseFileEntry: Loading file: /cf/lc.so, APP: LC
1980-012-15:41:38.66525 CFE_ES_ParseFileEntry: Loading file: /cf/cf.so, APP: CF
{"app":"AI_LEARNER","stage":"build_config","model":"wgan","allow_conditional_map":0,"contract_bounded_bytes":135666432,"contract_per_call_bytes":131382784,"contract_const_bytes":4283648,"contract_bound_known":true,"contract_artifact_sha256":"e382429cbfbf580356379365fa67a8a2b01b47d58ec4e04b4a4c14165be2e102"}
{"app":"AI_LEARNER","stage":"stack","es_stack_size":263024,"stack_base_bytes":262144,"contract_kernel_stack_bytes":880,"kernel_stack_accounted":true}
{"app":"AI_LEARNER","stage":"admission","verdict":"ADMIT","model":"wgan","target":"aarch64-unknown-linux-gnu","bounded":135666432,"budget":2767064766,"budget_source":"override","per_call":131382784,"constants":4283648,"kernel_stack_bytes":880,"bound_known":true,"scope":"per_app_local_budget"}
EVS Port1 1980-012-15:41:38.68089 66/1/AI_LEARNER 8: AI_LEARNER stack: es=263024 base=262144 kernel=880 accounted=1
EVS Port1 1980-012-15:41:38.73515 66/1/LC 56: WDT verify results: good = 0, bad = 0, unused = 176
1980-012-15:41:38.75462 CFE_ES_ParseFileEntry: Loading file: /cf/ds.so, APP: DS
EVS Port1 1980-012-15:41:38.76768 66/1/LC 66: ADT verify results: good = 0, bad = 0, unused = 176
EVS Port1 1980-012-15:41:38.77561 66/1/LC 23: LC use of Critical Data Store disabled, activity mask = 0x00991990
EVS Port1 1980-012-15:41:38.78762 66/1/LC 2: LC Initialized. Version 7.0.1.255
EVS Port1 1980-012-15:41:38.85655 66/1/CF 20: CF Initialized. Version 7.0.1.255
1980-012-15:41:38.88234 CFE_ES_ParseFileEntry: Loading file: /cf/fm.so, APP: FM
EVS Port1 1980-012-15:41:38.90245 66/1/DS 10: Destination file table verify results: good entries = 6, bad = 0, unused = 10
EVS Port1 1980-012-15:41:38.92651 66/1/DS 12: Filter table verify results: good entries = 14, bad = 0, unused = 242
EVS Port1 1980-012-15:41:38.94949 66/1/DS 1: Application initialized, version 7.0.1.255, data at 0xe34449f10460
1980-012-15:41:38.99416 CFE_ES_ParseFileEntry: Loading file: /cf/hk.so, APP: HK
EVS Port1 1980-012-15:41:39.00666 66/1/FM 80: Free Space Table verify results: good entries = 3, bad = 0, unused = 5
EVS Port1 1980-012-15:41:39.03459 66/1/FM 1: Initialization complete: version 7.0.1.255
EVS Port1 1980-012-15:41:39.09082 66/1/FM 72: Child Task initialization complete
1980-012-15:41:39.10366 CFE_ES_ParseFileEntry: Loading file: /cf/hs.so, APP: HS
EVS Port1 1980-012-15:41:39.13966 66/1/HK 1: HK Initialized.  Version 7.0.1.255
1980-012-15:41:39.20035 CFE_ES_ParseFileEntry: Loading file: /cf/mm.so, APP: MM
EVS Port1 1980-012-15:41:39.26153 66/1/HS 54: ExeCount verify results: good = 5, bad = 0, unused = 27
EVS Port1 1980-012-15:41:39.28266 66/1/HS 50: AppMon verify results: good = 0, bad = 0, unused = 32
EVS Port1 1980-012-15:41:39.29791 66/1/HS 52: EventMon verify results: good = 0, bad = 0, unused = 16
EVS Port1 1980-012-15:41:39.31874 66/1/MM 1: MM Initialized. Version 7.0.1.255
EVS Port1 1980-012-15:41:39.33821 66/1/HS 56: MsgActs verify results: good = 2, bad = 0, unused = 6
1980-012-15:41:39.34447 CFE_ES_ParseFileEntry: Loading file: /cf/sc.so, APP: SC
1980-012-15:41:39.35371 HS_SysMonInit(): System Monitor using PSP device ID 0110ff05
CFE_PSP(Linux_SysMon): Started CPU utilization monitoring on 1 CPU(s)
EVS Port1 1980-012-15:41:39.45356 66/1/HS 1: HS Initialized.  Version 7.0.1.255
1980-012-15:41:39.54705 CFE_ES_ParseFileEntry: Loading file: /cf/md.so, APP: MD
EVS Port1 1980-012-15:41:39.59271 66/1/SC 21: RTS table files not loaded at initialization = 0 of 4
EVS Port1 1980-012-15:41:39.60733 66/1/SC 9: SC Initialized. Version 7.0.1.255
1980-012-15:41:39.64580 CFE_ES_ParseFileEntry: Loading file: /cf/cs.so, APP: CS
EVS Port1 1980-012-15:41:39.68077 66/1/MD 52: MD Dwell Tbl verify results: good = 0, bad = 0, unused = 25
EVS Port1 1980-012-15:41:39.68783 66/1/MD 3: Recovered Dwell Table #1 is valid and has been copied to the MD App
EVS Port1 1980-012-15:41:39.69497 66/1/MD 52: MD Dwell Tbl verify results: good = 0, bad = 0, unused = 25
EVS Port1 1980-012-15:41:39.69967 66/1/MD 3: Recovered Dwell Table #2 is valid and has been copied to the MD App
EVS Port1 1980-012-15:41:39.70431 66/1/MD 52: MD Dwell Tbl verify results: good = 0, bad = 0, unused = 25
EVS Port1 1980-012-15:41:39.70773 66/1/MD 3: Recovered Dwell Table #3 is valid and has been copied to the MD App
EVS Port1 1980-012-15:41:39.70968 66/1/MD 52: MD Dwell Tbl verify results: good = 0, bad = 0, unused = 25
EVS Port1 1980-012-15:41:39.71424 66/1/MD 3: Recovered Dwell Table #4 is valid and has been copied to the MD App
EVS Port1 1980-012-15:41:39.71565 66/1/MD 7: Dwell Tables Recovered: 4, Dwell Tables Initialized: 0
EVS Port1 1980-012-15:41:39.72041 66/1/MD 1: MD Initialized.  Version 7.0.1.255
EVS Port1 1980-012-15:41:39.75090 66/1/CS 144: CS EEPROM Table verification results: good = 0, bad = 0, unused = 16
EVS Port1 1980-012-15:41:39.75944 66/1/CS 107: CS EEPROM Table: No valid entries in the table
EVS Port1 1980-012-15:41:39.77230 66/1/CS 143: CS Memory Table verification results: good = 0, bad = 0, unused = 16
EVS Port1 1980-012-15:41:39.77665 66/1/CS 107: CS Memory Table: No valid entries in the table
EVS Port1 1980-012-15:41:39.79176 66/1/CS 139: CS Tables Table verification results: good = 1, bad = 0, unused = 23
EVS Port1 1980-012-15:41:39.81784 66/1/CS 142: CS Apps Table verification results: good = 0, bad = 0, unused = 24
EVS Port1 1980-012-15:41:39.82080 66/1/CS 108: CS Apps Table: No valid entries in the table
EVS Port1 1980-012-15:41:39.83076 66/1/CS 127: OS Text Segment disabled due to platform
EVS Port1 1980-012-15:41:39.85429 66/1/CS 1: CS Initialized. Version 7.0.1.255
{"app":"AI_LEARNER","stage":"binding","verdict":"MATCH","artifact_bytes":4321533,"artifact_sha256":"e382429cbfbf5803","contract_sha256":"e382429cbfbf5803"}
{"app":"AI_LEARNER","stage":"map_branch","model":"wgan","module_ptr_mod64":0,"hal_peak_after_append":0,"contract_const_bytes":4283648,"contract_per_call_bytes":131382784,"arm":"map","admission_mode":"unconditional"}
{"app":"AI_LEARNER","stage":"mem_init","model":"wgan","target":"aarch64-unknown-linux-gnu","hal_peak":602112,"hal_allocated":602112,"bounded":135666432,"peak_within_bounded":true,"inferences_so_far":0,"process_rss_kb":11296,"rss_kb_before_runtime":9652,"rss_kb_after_session":9940,"rss_kb_after_init":11296}
EVS Port1 1980-012-15:41:40.01358 66/1/CFE_TIME 21: Stop FLYWHEEL
1980-012-15:41:40.19860 CFE_ES_Main: Startup Sync failed - Applications may not have all initialized
1980-012-15:41:40.20058 CFE_ES_Main: CFE_ES_Main entering APPS_INIT state
1980-012-15:41:41.23043 CFE_ES_Main: Startup Sync failed - Applications may not have all started
1980-012-15:41:41.23242 CFE_ES_Main: CFE_ES_Main entering OPERATIONAL state
EVS Port1 1980-012-15:41:41.28260 66/1/TO_LAB 19: L550 TO Lab subscribed to 32 messages from the table
.EVS Port1 1980-012-15:41:48.02078 66/1/CFE_TIME 21: Stop FLYWHEEL
EVS Port1 1980-012-15:41:48.98457 66/1/CFE_TIME 20: Start FLYWHEEL
.EVS Port1 1980-012-15:41:55.34255 66/1/CFE_TIME 20: Start FLYWHEEL
EVS Port1 1980-012-15:41:56.01651 66/1/CFE_TIME 21: Stop FLYWHEEL
.EVS Port1 1980-012-15:42:02.06101 66/1/CFE_TIME 21: Stop FLYWHEEL
EVS Port1 1980-012-15:42:02.98822 66/1/CFE_TIME 20: Start FLYWHEEL
.EVS Port1 1980-012-15:42:05.00704 66/1/CFE_TIME 21: Stop FLYWHEEL
EVS Port1 1980-012-15:42:06.00195 66/1/CFE_TIME 20: Start FLYWHEEL
EVS Port1 1980-012-15:42:08.04760 66/1/CFE_TIME 21: Stop FLYWHEEL
EVS Port1 1980-012-15:42:09.01232 66/1/CFE_TIME 20: Start FLYWHEEL
EVS Port1 1980-012-15:42:10.00744 66/1/CFE_TIME 21: Stop FLYWHEEL
.EVS Port1 1980-012-15:42:11.00247 66/1/CFE_TIME 20: Start FLYWHEEL
..EVS Port1 1980-012-15:42:23.19696 66/1/CFE_TIME 20: Start FLYWHEEL
EVS Port1 1980-012-15:42:28.00885 66/1/CFE_TIME 21: Stop FLYWHEEL
..EVS Port1 1980-012-15:42:37.04785 66/1/CFE_TIME 21: Stop FLYWHEEL
EVS Port1 1980-012-15:42:38.00566 66/1/CFE_TIME 20: Start FLYWHEEL
..EVS Port1 1980-012-15:42:51.01057 66/1/CFE_TIME 21: Stop FLYWHEEL
.EVS Port1 1980-012-15:42:53.02001 66/1/CFE_TIME 20: Start FLYWHEEL
EVS Port1 1980-012-15:42:54.00054 66/1/CFE_TIME 20: Start FLYWHEEL
EVS Port1 1980-012-15:42:55.00920 66/1/CFE_TIME 21: Stop FLYWHEEL
.EVS Port1 1980-012-15:42:59.02119 66/1/CFE_TIME 20: Start FLYWHEEL
EVS Port1 1980-012-15:43:02.00419 66/1/CFE_TIME 21: Stop FLYWHEEL
.EVS Port1 1980-012-15:43:07.02807 66/1/CFE_TIME 20: Start FLYWHEEL
EVS Port1 1980-012-15:43:07.01960 66/1/CFE_TIME 21: Stop FLYWHEEL
.EVS Port1 1980-012-15:43:14.00910 66/1/CFE_TIME 21: Stop FLYWHEEL
EVS Port1 1980-012-15:43:15.00616 66/1/CFE_TIME 20: Start FLYWHEEL
.EVS Port1 1980-012-15:43:16.00958 66/1/CFE_TIME 21: Stop FLYWHEEL
EVS Port1 1980-012-15:43:17.00689 66/1/CFE_TIME 20: Start FLYWHEEL
EVS Port1 1980-012-15:43:19.11405 66/1/CFE_TIME 21: Stop FLYWHEEL
EVS Port1 1980-012-15:43:20.27490 66/1/CFE_TIME 20: Start FLYWHEEL
EVS Port1 1980-012-15:43:21.00920 66/1/CFE_TIME 21: Stop FLYWHEEL
.EVS Port1 1980-012-15:43:22.06613 66/1/CFE_TIME 20: Start FLYWHEEL
EVS Port1 1980-012-15:43:23.01220 66/1/CFE_TIME 21: Stop FLYWHEEL
EVS Port1 1980-012-15:43:23.99029 66/1/CFE_TIME 20: Start FLYWHEEL
.EVS Port1 1980-012-15:43:29.02485 66/1/CFE_TIME 20: Start FLYWHEEL
EVS Port1 1980-012-15:43:30.01309 66/1/CFE_TIME 21: Stop FLYWHEEL
EVS Port1 1980-012-15:43:33.01512 66/1/CFE_TIME 21: Stop FLYWHEEL
.EVS Port1 1980-012-15:43:33.98693 66/1/CFE_TIME 20: Start FLYWHEEL
.EVS Port1 1980-012-15:43:42.03694 66/1/CFE_TIME 21: Stop FLYWHEEL
EVS Port1 1980-012-15:43:42.99595 66/1/CFE_TIME 20: Start FLYWHEEL
.EVS Port1 1980-012-15:43:51.38717 66/1/CFE_TIME 20: Start FLYWHEEL
EVS Port1 1980-012-15:43:51.02403 66/1/CFE_TIME 21: Stop FLYWHEEL
.EVS Port1 1980-012-15:43:56.01622 66/1/CFE_TIME 21: Stop FLYWHEEL
EVS Port1 1980-012-15:43:56.99995 66/1/CFE_TIME 20: Start FLYWHEEL
.EVS Port1 1980-012-15:44:02.36857 66/1/CFE_TIME 20: Start FLYWHEEL
.EVS Port1 1980-012-15:44:04.46484 66/1/HS 61: CPU Hogging Detected
1980-012-15:44:04.48469 HS App: CPU Hogging Detected
EVS Port1 1980-012-15:44:08.04675 66/1/CFE_TIME 21: Stop FLYWHEEL
.EVS Port1 1980-012-15:44:11.07939 66/1/CFE_TIME 20: Start FLYWHEEL
EVS Port1 1980-012-15:44:12.02532 66/1/CFE_TIME 21: Stop FLYWHEEL
.EVS Port1 1980-012-15:44:16.14022 66/1/CFE_TIME 20: Start FLYWHEEL
.EVS Port1 1980-012-15:44:23.01835 66/1/CFE_TIME 21: Stop FLYWHEEL
.EVS Port1 1980-012-15:44:31.08953 66/1/CFE_TIME 20: Start FLYWHEEL
EVS Port1 1980-012-15:44:31.04432 66/1/CFE_TIME 21: Stop FLYWHEEL
.EVS Port1 1980-012-15:44:36.03187 66/1/CFE_TIME 21: Stop FLYWHEEL
EVS Port1 1980-012-15:44:37.06689 66/1/CFE_TIME 20: Start FLYWHEEL
.EVS Port1 1980-012-15:44:39.06814 66/1/CFE_TIME 20: Start FLYWHEEL
EVS Port1 1980-012-15:44:39.02243 66/1/CFE_TIME 21: Stop FLYWHEEL
EVS Port1 1980-012-15:44:43.01832 66/1/CFE_TIME 21: Stop FLYWHEEL
.EVS Port1 1980-012-15:44:44.00329 66/1/CFE_TIME 20: Start FLYWHEEL
EVS Port1 1980-012-15:44:46.03573 66/1/CFE_TIME 21: Stop FLYWHEEL
EVS Port1 1980-012-15:44:47.05491 66/1/CFE_TIME 20: Start FLYWHEEL
EVS Port1 1980-012-15:44:49.19364 66/1/CFE_TIME 20: Start FLYWHEEL
.EVS Port1 1980-012-15:44:50.00408 66/1/CFE_TIME 21: Stop FLYWHEEL
.EVS Port1 1980-012-15:45:00.10765 66/1/CFE_TIME 20: Start FLYWHEEL
.EVS Port1 1980-012-15:45:02.03507 66/1/CFE_TIME 21: Stop FLYWHEEL
.EVS Port1 1980-012-15:45:09.00773 66/1/CFE_TIME 20: Start FLYWHEEL
EVS Port1 1980-012-15:45:09.02566 66/1/CFE_TIME 21: Stop FLYWHEEL
EVS Port1 1980-012-15:45:13.01130 66/1/CFE_TIME 21: Stop FLYWHEEL
.EVS Port1 1980-012-15:45:13.99815 66/1/CFE_TIME 20: Start FLYWHEEL
EVS Port1 1980-012-15:45:15.00697 66/1/CFE_TIME 21: Stop FLYWHEEL
EVS Port1 1980-012-15:45:16.03024 66/1/CFE_TIME 20: Start FLYWHEEL
EVS Port1 1980-012-15:45:18.34523 66/1/CFE_TIME 20: Start FLYWHEEL
.EVS Port1 1980-012-15:45:20.01405 66/1/CFE_TIME 21: Stop FLYWHEEL
..EVS Port1 1980-012-15:45:34.19076 66/1/CFE_TIME 20: Start FLYWHEEL
EVS Port1 1980-012-15:45:34.01550 66/1/CFE_TIME 21: Stop FLYWHEEL
.EVS Port1 1980-012-15:45:37.01737 66/1/CFE_TIME 21: Stop FLYWHEEL
EVS Port1 1980-012-15:45:37.99790 66/1/CFE_TIME 20: Start FLYWHEEL
EVS Port1 1980-012-15:45:39.02583 66/1/CFE_TIME 21: Stop FLYWHEEL
EVS Port1 1980-012-15:45:39.98873 66/1/CFE_TIME 20: Start FLYWHEEL
.EVS Port1 1980-012-15:45:47.00553 66/1/CFE_TIME 21: Stop FLYWHEEL
EVS Port1 1980-012-15:45:47.99981 66/1/CFE_TIME 20: Start FLYWHEEL
..EVS Port1 1980-012-15:45:55.00517 66/1/CFE_TIME 21: Stop FLYWHEEL
EVS Port1 1980-012-15:45:55.99809 66/1/CFE_TIME 20: Start FLYWHEEL
EVS Port1 1980-012-15:45:58.00097 66/1/CFE_TIME 20: Start FLYWHEEL
EVS Port1 1980-012-15:45:58.00958 66/1/CFE_TIME 21: Stop FLYWHEEL
...EVS Port1 1980-012-15:46:12.00614 66/1/CFE_TIME 20: Start FLYWHEEL
EVS Port1 1980-012-15:46:12.01416 66/1/CFE_TIME 21: Stop FLYWHEEL
EVS Port1 1980-012-15:46:17.23109 66/1/CFE_TIME 20: Start FLYWHEEL
EVS Port1 1980-012-15:46:17.00906 66/1/CFE_TIME 21: Stop FLYWHEEL
....EVS Port1 1980-012-15:46:38.01126 66/1/CFE_TIME 21: Stop FLYWHEEL
EVS Port1 1980-012-15:46:39.01168 66/1/CFE_TIME 20: Start FLYWHEEL
EVS Port1 1980-012-15:46:41.08113 66/1/CFE_TIME 20: Start FLYWHEEL
EVS Port1 1980-012-15:46:41.01704 66/1/CFE_TIME 21: Stop FLYWHEEL
.EVS Port1 1980-012-15:46:45.78680 66/1/CFE_TIME 20: Start FLYWHEEL
.EVS Port1 1980-012-15:46:48.01577 66/1/CFE_TIME 21: Stop FLYWHEEL
.EVS Port1 1980-012-15:46:56.05204 66/1/CFE_TIME 20: Start FLYWHEEL
EVS Port1 1980-012-15:46:56.01150 66/1/CFE_TIME 21: Stop FLYWHEEL
.EVS Port1 1980-012-15:47:01.12586 66/1/CFE_TIME 20: Start FLYWHEEL
EVS Port1 1980-012-15:47:02.01701 66/1/CFE_TIME 21: Stop FLYWHEEL
EVS Port1 1980-012-15:47:04.01925 66/1/CFE_TIME 21: Stop FLYWHEEL
.EVS Port1 1980-012-15:47:05.17260 66/1/CFE_TIME 20: Start FLYWHEEL
EVS Port1 1980-012-15:47:06.00863 66/1/CFE_TIME 21: Stop FLYWHEEL
EVS Port1 1980-012-15:47:07.00790 66/1/CFE_TIME 20: Start FLYWHEEL
EVS Port1 1980-012-15:47:10.19528 66/1/CFE_TIME 20: Start FLYWHEEL
..EVS Port1 1980-012-15:47:17.01708 66/1/CFE_TIME 21: Stop FLYWHEEL
EVS Port1 1980-012-15:47:20.01277 66/1/CFE_TIME 21: Stop FLYWHEEL
EVS Port1 1980-012-15:47:21.00802 66/1/CFE_TIME 20: Start FLYWHEEL
.EVS Port1 1980-012-15:47:23.15812 66/1/CFE_TIME 20: Start FLYWHEEL
...EVS Port1 1980-012-15:47:42.02014 66/1/CFE_TIME 21: Stop FLYWHEEL
EVS Port1 1980-012-15:47:44.03234 66/1/CFE_TIME 21: Stop FLYWHEEL
EVS Port1 1980-012-15:47:45.05137 66/1/CFE_TIME 20: Start FLYWHEEL
EVS Port1 1980-012-15:47:46.01478 66/1/CFE_TIME 21: Stop FLYWHEEL
EVS Port1 1980-012-15:47:46.99494 66/1/CFE_TIME 20: Start FLYWHEEL
.EVS Port1 1980-012-15:47:49.01557 66/1/CFE_TIME 21: Stop FLYWHEEL
EVS Port1 1980-012-15:47:49.99606 66/1/CFE_TIME 20: Start FLYWHEEL
EVS Port1 1980-012-15:47:52.03126 66/1/CFE_TIME 20: Start FLYWHEEL
.EVS Port1 1980-012-15:47:53.01011 66/1/CFE_TIME 21: Stop FLYWHEEL
.EVS Port1 1980-012-15:48:01.03201 66/1/CFE_TIME 21: Stop FLYWHEEL
EVS Port1 1980-012-15:48:01.97506 66/1/CFE_TIME 20: Start FLYWHEEL
..EVS Port1 1980-012-15:48:11.04908 66/1/CFE_TIME 20: Start FLYWHEEL
EVS Port1 1980-012-15:48:11.00679 66/1/CFE_TIME 21: Stop FLYWHEEL
EVS Port1 1980-012-15:48:14.00906 66/1/CFE_TIME 21: Stop FLYWHEEL
EVS Port1 1980-012-15:48:14.99166 66/1/CFE_TIME 20: Start FLYWHEEL
...EVS Port1 1980-012-15:48:32.01109 66/1/CFE_TIME 21: Stop FLYWHEEL
EVS Port1 1980-012-15:48:33.00001 66/1/CFE_TIME 20: Start FLYWHEEL
..EVS Port1 1980-012-15:48:45.33036 66/1/CFE_TIME 20: Start FLYWHEEL
EVS Port1 1980-012-15:48:46.00874 66/1/CFE_TIME 21: Stop FLYWHEEL
....EVS Port1 1980-012-15:49:05.02198 66/1/CFE_TIME 21: Stop FLYWHEEL
EVS Port1 1980-012-15:49:06.01425 66/1/CFE_TIME 20: Start FLYWHEEL
EVS Port1 1980-012-15:49:07.01069 66/1/CFE_TIME 21: Stop FLYWHEEL
EVS Port1 1980-012-15:49:07.98306 66/1/CFE_TIME 20: Start FLYWHEEL
.EVS Port1 1980-012-15:49:13.31916 66/1/CFE_TIME 20: Start FLYWHEEL
EVS Port1 1980-012-15:49:14.00823 66/1/CFE_TIME 21: Stop FLYWHEEL
.EVS Port1 1980-012-15:49:19.01252 66/1/CFE_TIME 21: Stop FLYWHEEL
EVS Port1 1980-012-15:49:19.99240 66/1/CFE_TIME 20: Start FLYWHEEL
.EVS Port1 1980-012-15:49:23.04792 66/1/CFE_TIME 21: Stop FLYWHEEL
EVS Port1 1980-012-15:49:23.97241 66/1/CFE_TIME 20: Start FLYWHEEL
.EVS Port1 1980-012-15:49:32.07672 66/1/CFE_TIME 20: Start FLYWHEEL
EVS Port1 1980-012-15:49:34.01412 66/1/CFE_TIME 21: Stop FLYWHEEL
.EVS Port1 1980-012-15:49:38.00469 66/1/CFE_TIME 21: Stop FLYWHEEL
EVS Port1 1980-012-15:49:39.00263 66/1/CFE_TIME 20: Start FLYWHEEL
.EVS Port1 1980-012-15:49:43.49667 66/1/CFE_TIME 20: Start FLYWHEEL
EVS Port1 1980-012-15:49:44.01751 66/1/CFE_TIME 21: Stop FLYWHEEL
.EVS Port1 1980-012-15:49:49.00534 66/1/CFE_TIME 21: Stop FLYWHEEL
EVS Port1 1980-012-15:49:49.99929 66/1/CFE_TIME 20: Start FLYWHEEL
.EVS Port1 1980-012-15:49:54.01403 66/1/CFE_TIME 21: Stop FLYWHEEL
EVS Port1 1980-012-15:49:55.01446 66/1/CFE_TIME 20: Start FLYWHEEL
EVS Port1 1980-012-15:49:56.01226 66/1/CFE_TIME 21: Stop FLYWHEEL
EVS Port1 1980-012-15:49:57.01121 66/1/CFE_TIME 20: Start FLYWHEEL
.EVS Port1 1980-012-15:49:59.06637 66/1/CFE_TIME 20: Start FLYWHEEL
EVS Port1 1980-012-15:50:01.03050 66/1/CFE_TIME 21: Stop FLYWHEEL
.EVS Port1 1980-012-15:50:09.07147 66/1/CFE_TIME 20: Start FLYWHEEL
.EVS Port1 1980-012-15:50:14.00735 66/1/CFE_TIME 21: Stop FLYWHEEL
.EVS Port1 1980-012-15:50:16.02101 66/1/CFE_TIME 21: Stop FLYWHEEL
EVS Port1 1980-012-15:50:16.99499 66/1/CFE_TIME 20: Start FLYWHEEL
EVS Port1 1980-012-15:50:21.01457 66/1/CFE_TIME 21: Stop FLYWHEEL
.EVS Port1 1980-012-15:50:21.99034 66/1/CFE_TIME 20: Start FLYWHEEL
.EVS Port1 1980-012-15:50:33.12141 66/1/CFE_TIME 20: Start FLYWHEEL
.EVS Port1 1980-012-15:50:39.01232 66/1/CFE_TIME 21: Stop FLYWHEEL
.EVS Port1 1980-012-15:50:41.03948 66/1/CFE_TIME 21: Stop FLYWHEEL
EVS Port1 1980-012-15:50:42.00225 66/1/CFE_TIME 20: Start FLYWHEEL
EVS Port1 1980-012-15:50:43.02558 66/1/CFE_TIME 21: Stop FLYWHEEL
EVS Port1 1980-012-15:50:43.99320 66/1/CFE_TIME 20: Start FLYWHEEL
....EVS Port1 1980-012-15:51:04.01014 66/1/CFE_TIME 21: Stop FLYWHEEL
EVS Port1 1980-012-15:51:05.00857 66/1/CFE_TIME 20: Start FLYWHEEL
EVS Port1 1980-012-15:51:08.00939 66/1/CFE_TIME 21: Stop FLYWHEEL
.EVS Port1 1980-012-15:51:09.04695 66/1/CFE_TIME 20: Start FLYWHEEL
EVS Port1 1980-012-15:51:11.28727 66/1/CFE_TIME 20: Start FLYWHEEL
EVS Port1 1980-012-15:51:12.01214 66/1/CFE_TIME 21: Stop FLYWHEEL
..EVS Port1 1980-012-15:51:25.01171 66/1/CFE_TIME 21: Stop FLYWHEEL
EVS Port1 1980-012-15:51:25.99867 66/1/CFE_TIME 20: Start FLYWHEEL
.EVS Port1 1980-012-15:51:32.00523 66/1/CFE_TIME 21: Stop FLYWHEEL
.EVS Port1 1980-012-15:51:33.01708 66/1/CFE_TIME 20: Start FLYWHEEL
EVS Port1 1980-012-15:51:34.01387 66/1/CFE_TIME 21: Stop FLYWHEEL
EVS Port1 1980-012-15:51:35.01168 66/1/CFE_TIME 20: Start FLYWHEEL
EVS Port1 1980-012-15:51:37.08847 66/1/CFE_TIME 20: Start FLYWHEEL
.EVS Port1 1980-012-15:51:39.02146 66/1/CFE_TIME 21: Stop FLYWHEEL
EVS Port1 1980-012-15:51:42.18202 66/1/CFE_TIME 20: Start FLYWHEEL
EVS Port1 1980-012-15:51:43.00634 66/1/CFE_TIME 21: Stop FLYWHEEL
.EVS Port1 1980-012-15:51:45.01258 66/1/CFE_TIME 21: Stop FLYWHEEL
EVS Port1 1980-012-15:51:45.98408 66/1/CFE_TIME 20: Start FLYWHEEL
EVS Port1 1980-012-15:51:50.00730 66/1/CFE_TIME 21: Stop FLYWHEEL
.EVS Port1 1980-012-15:51:51.00079 66/1/CFE_TIME 20: Start FLYWHEEL
EVS Port1 1980-012-15:51:55.00582 66/1/CFE_TIME 21: Stop FLYWHEEL
EVS Port1 1980-012-15:51:55.98872 66/1/CFE_TIME 20: Start FLYWHEEL
.EVS Port1 1980-012-15:52:00.04200 66/1/CFE_TIME 21: Stop FLYWHEEL
EVS Port1 1980-012-15:52:01.00679 66/1/CFE_TIME 20: Start FLYWHEEL
.EVS Port1 1980-012-15:52:07.01019 66/1/CFE_TIME 21: Stop FLYWHEEL
EVS Port1 1980-012-15:52:08.00500 66/1/CFE_TIME 20: Start FLYWHEEL
.EVS Port1 1980-012-15:52:10.11968 66/1/CFE_TIME 20: Start FLYWHEEL
EVS Port1 1980-012-15:52:10.00639 66/1/CFE_TIME 21: Stop FLYWHEEL
...EVS Port1 1980-012-15:52:26.99789 66/1/CFE_TIME 20: Start FLYWHEEL
EVS Port1 1980-012-15:52:27.01217 66/1/CFE_TIME 21: Stop FLYWHEEL
EVS Port1 1980-012-15:52:32.01664 66/1/CFE_TIME 21: Stop FLYWHEEL
.EVS Port1 1980-012-15:52:33.00415 66/1/CFE_TIME 20: Start FLYWHEEL
.EVS Port1 1980-012-15:52:40.25572 66/1/CFE_TIME 20: Start FLYWHEEL
EVS Port1 1980-012-15:52:40.01065 66/1/CFE_TIME 21: Stop FLYWHEEL
.EVS Port1 1980-012-15:52:46.01512 66/1/CFE_TIME 21: Stop FLYWHEEL
EVS Port1 1980-012-15:52:46.99685 66/1/CFE_TIME 20: Start FLYWHEEL
.EVS Port1 1980-012-15:52:50.00184 66/1/CFE_TIME 20: Start FLYWHEEL
EVS Port1 1980-012-15:52:50.00654 66/1/CFE_TIME 21: Stop FLYWHEEL
.EVS Port1 1980-012-15:53:00.01129 66/1/CFE_TIME 21: Stop FLYWHEEL
EVS Port1 1980-012-15:53:00.99185 66/1/CFE_TIME 20: Start FLYWHEEL
..EVS Port1 1980-012-15:53:10.51129 66/1/CFE_TIME 20: Start FLYWHEEL
EVS Port1 1980-012-15:53:10.01072 66/1/CFE_TIME 21: Stop FLYWHEEL
..EVS Port1 1980-012-15:53:22.00917 66/1/CFE_TIME 21: Stop FLYWHEEL
EVS Port1 1980-012-15:53:23.06719 66/1/CFE_TIME 20: Start FLYWHEEL
EVS Port1 1980-012-15:53:24.01010 66/1/CFE_TIME 21: Stop FLYWHEEL
EVS Port1 1980-012-15:53:25.00021 66/1/CFE_TIME 20: Start FLYWHEEL
..EVS Port1 1980-012-15:53:31.02259 66/1/CFE_TIME 21: Stop FLYWHEEL
EVS Port1 1980-012-15:53:32.01654 66/1/CFE_TIME 20: Start FLYWHEEL
EVS Port1 1980-012-15:53:34.21009 66/1/CFE_TIME 20: Start FLYWHEEL
EVS Port1 1980-012-15:53:35.01808 66/1/CFE_TIME 21: Stop FLYWHEEL
.EVS Port1 1980-012-15:53:38.25708 66/1/CFE_TIME 20: Start FLYWHEEL
.EVS Port1 1980-012-15:53:45.02072 66/1/CFE_TIME 21: Stop FLYWHEEL
.EVS Port1 1980-012-15:53:48.54949 66/1/CFE_TIME 20: Start FLYWHEEL
.......EVS Port1 1980-012-15:54:38.01887 66/1/CFE_TIME 21: Stop FLYWHEEL
.EVS Port1 1980-012-15:54:44.04402 66/1/CFE_TIME 21: Stop FLYWHEEL
EVS Port1 1980-012-15:54:45.01847 66/1/CFE_TIME 20: Start FLYWHEEL
.EVS Port1 1980-012-15:54:46.02203 66/1/CFE_TIME 21: Stop FLYWHEEL
EVS Port1 1980-012-15:54:46.98513 66/1/CFE_TIME 20: Start FLYWHEEL
...EVS Port1 1980-012-15:55:04.04208 66/1/CFE_TIME 21: Stop FLYWHEEL
EVS Port1 1980-012-15:55:05.28770 66/1/CFE_TIME 20: Start FLYWHEEL
EVS Port1 1980-012-15:55:06.00831 66/1/CFE_TIME 21: Stop FLYWHEEL
EVS Port1 1980-012-15:55:06.99156 66/1/CFE_TIME 20: Start FLYWHEEL
...EVS Port1 1980-012-15:55:21.00630 66/1/CFE_TIME 21: Stop FLYWHEEL
EVS Port1 1980-012-15:55:21.99530 66/1/CFE_TIME 20: Start FLYWHEEL
..EVS Port1 1980-012-15:55:34.00651 66/1/CFE_TIME 21: Stop FLYWHEEL
EVS Port1 1980-012-15:55:35.07034 66/1/CFE_TIME 20: Start FLYWHEEL
.EVS Port1 1980-012-15:55:37.06947 66/1/CFE_TIME 20: Start FLYWHEEL
EVS Port1 1980-012-15:55:37.00677 66/1/CFE_TIME 21: Stop FLYWHEEL
EVS Port1 1980-012-15:55:41.01110 66/1/CFE_TIME 20: Start FLYWHEEL
EVS Port1 1980-012-15:55:41.00964 66/1/CFE_TIME 21: Stop FLYWHEEL
..EVS Port1 1980-012-15:55:52.02703 66/1/CFE_TIME 21: Stop FLYWHEEL
EVS Port1 1980-012-15:55:53.02102 66/1/CFE_TIME 20: Start FLYWHEEL
EVS Port1 1980-012-15:55:54.03837 66/1/CFE_TIME 21: Stop FLYWHEEL
.EVS Port1 1980-012-15:55:55.02481 66/1/CFE_TIME 20: Start FLYWHEEL
EVS Port1 1980-012-15:55:57.26202 66/1/CFE_TIME 20: Start FLYWHEEL
EVS Port1 1980-012-15:55:59.00375 66/1/CFE_TIME 21: Stop FLYWHEEL
.EVS Port1 1980-012-15:56:02.25810 66/1/CFE_TIME 20: Start FLYWHEEL
..........EVS Port1 1980-012-15:57:04.00491 66/1/CFE_TIME 21: Stop FLYWHEEL
EVS Port1 1980-012-15:57:06.01478 66/1/CFE_TIME 21: Stop FLYWHEEL
EVS Port1 1980-012-15:57:07.00308 66/1/CFE_TIME 20: Start FLYWHEEL
.EVS Port1 1980-012-15:57:09.00630 66/1/CFE_TIME 21: Stop FLYWHEEL
EVS Port1 1980-012-15:57:09.99266 66/1/CFE_TIME 20: Start FLYWHEEL
EVS Port1 1980-012-15:57:12.01881 66/1/CFE_TIME 21: Stop FLYWHEEL
EVS Port1 1980-012-15:57:12.99229 66/1/CFE_TIME 20: Start FLYWHEEL
..EVS Port1 1980-012-15:57:26.02185 66/1/CFE_TIME 21: Stop FLYWHEEL
.EVS Port1 1980-012-15:57:26.99778 66/1/CFE_TIME 20: Start FLYWHEEL
EVS Port1 1980-012-15:57:32.21937 66/1/CFE_TIME 20: Start FLYWHEEL
EVS Port1 1980-012-15:57:32.00735 66/1/CFE_TIME 21: Stop FLYWHEEL
.....EVS Port1 1980-012-15:58:01.18113 66/1/CFE_TIME 20: Start FLYWHEEL
.EVS Port1 1980-012-15:58:02.01792 66/1/CFE_TIME 21: Stop FLYWHEEL
.EVS Port1 1980-012-15:58:08.02107 66/1/CFE_TIME 21: Stop FLYWHEEL
EVS Port1 1980-012-15:58:09.01405 66/1/CFE_TIME 20: Start FLYWHEEL
EVS Port1 1980-012-15:58:10.00866 66/1/CFE_TIME 21: Stop FLYWHEEL
EVS Port1 1980-012-15:58:11.00376 66/1/CFE_TIME 20: Start FLYWHEEL
...EVS Port1 1980-012-15:58:26.01118 66/1/CFE_TIME 21: Stop FLYWHEEL
EVS Port1 1980-012-15:58:27.04554 66/1/CFE_TIME 20: Start FLYWHEEL
EVS Port1 1980-012-15:58:28.00733 66/1/CFE_TIME 21: Stop FLYWHEEL
EVS Port1 1980-012-15:58:29.31178 66/1/CFE_TIME 20: Start FLYWHEEL
.EVS Port1 1980-012-15:58:31.55485 66/1/CFE_TIME 20: Start FLYWHEEL
EVS Port1 1980-012-15:58:32.00622 66/1/CFE_TIME 21: Stop FLYWHEEL
EVS Port1 1980-012-15:58:35.00926 66/1/CFE_TIME 21: Stop FLYWHEEL
EVS Port1 1980-012-15:58:36.00028 66/1/CFE_TIME 20: Start FLYWHEEL
...EVS Port1 1980-012-15:58:52.06903 66/1/CFE_TIME 20: Start FLYWHEEL
EVS Port1 1980-012-15:58:52.01353 66/1/CFE_TIME 21: Stop FLYWHEEL
.EVS Port1 1980-012-15:58:57.01567 66/1/CFE_TIME 21: Stop FLYWHEEL
EVS Port1 1980-012-15:58:58.02062 66/1/CFE_TIME 20: Start FLYWHEEL
EVS Port1 1980-012-15:59:00.43327 66/1/CFE_TIME 20: Start FLYWHEEL
.EVS Port1 1980-012-15:59:02.01440 66/1/CFE_TIME 21: Stop FLYWHEEL
EVS Port1 1980-012-15:59:05.00535 66/1/CFE_TIME 21: Stop FLYWHEEL
EVS Port1 1980-012-15:59:05.99317 66/1/CFE_TIME 20: Start FLYWHEEL
.EVS Port1 1980-012-15:59:08.01242 66/1/CFE_TIME 21: Stop FLYWHEEL
EVS Port1 1980-012-15:59:09.00213 66/1/CFE_TIME 20: Start FLYWHEEL
EVS Port1 1980-012-15:59:10.01614 66/1/CFE_TIME 21: Stop FLYWHEEL
EVS Port1 1980-012-15:59:11.00204 66/1/CFE_TIME 20: Start FLYWHEEL
.EVS Port1 1980-012-15:59:13.00479 66/1/CFE_TIME 20: Start FLYWHEEL
EVS Port1 1980-012-15:59:14.00518 66/1/CFE_TIME 21: Stop FLYWHEEL
EVS Port1 1980-012-15:59:17.03187 66/1/CFE_TIME 21: Stop FLYWHEEL
.EVS Port1 1980-012-15:59:18.04705 66/1/CFE_TIME 20: Start FLYWHEEL
EVS Port1 1980-012-15:59:19.02178 66/1/CFE_TIME 21: Stop FLYWHEEL
EVS Port1 1980-012-15:59:20.01170 66/1/CFE_TIME 20: Start FLYWHEEL
EVS Port1 1980-012-15:59:22.23033 66/1/CFE_TIME 20: Start FLYWHEEL
.EVS Port1 1980-012-15:59:24.00553 66/1/CFE_TIME 21: Stop FLYWHEEL
EVS Port1 1980-012-15:59:29.87863 66/1/CFE_TIME 20: Start FLYWHEEL
...........EVS Port1 1980-012-16:00:36.00897 66/1/CFE_TIME 21: Stop FLYWHEEL
EVS Port1 1980-012-16:00:39.12083 66/1/CFE_TIME 20: Start FLYWHEEL
.EVS Port1 1980-012-16:00:44.00955 66/1/CFE_TIME 21: Stop FLYWHEEL
.EVS Port1 1980-012-16:00:46.02087 66/1/CFE_TIME 21: Stop FLYWHEEL
EVS Port1 1980-012-16:00:47.00796 66/1/CFE_TIME 20: Start FLYWHEEL
EVS Port1 1980-012-16:00:48.01332 66/1/CFE_TIME 21: Stop FLYWHEEL
EVS Port1 1980-012-16:00:49.01513 66/1/CFE_TIME 20: Start FLYWHEEL
EVS Port1 1980-012-16:00:50.00474 66/1/CFE_TIME 21: Stop FLYWHEEL
EVS Port1 1980-012-16:00:50.99859 66/1/CFE_TIME 20: Start FLYWHEEL
.EVS Port1 1980-012-16:00:57.31706 66/1/CFE_TIME 20: Start FLYWHEEL
.EVS Port1 1980-012-16:00:58.00436 66/1/CFE_TIME 21: Stop FLYWHEEL
.....EVS Port1 1980-012-16:01:28.34500 66/1/CFE_TIME 20: Start FLYWHEEL
EVS Port1 1980-012-16:01:28.00691 66/1/CFE_TIME 21: Stop FLYWHEEL
EVS Port1 1980-012-16:01:31.02783 66/1/CFE_TIME 21: Stop FLYWHEEL
EVS Port1 1980-012-16:01:31.99592 66/1/CFE_TIME 20: Start FLYWHEEL
.EVS Port1 1980-012-16:01:37.01295 66/1/CFE_TIME 21: Stop FLYWHEEL
EVS Port1 1980-012-16:01:38.00796 66/1/CFE_TIME 20: Start FLYWHEEL
EVS Port1 1980-012-16:01:39.03573 66/1/CFE_TIME 21: Stop FLYWHEEL
.EVS Port1 1980-012-16:01:39.97669 66/1/CFE_TIME 20: Start FLYWHEEL
EVS Port1 1980-012-16:01:45.02436 66/1/CFE_TIME 21: Stop FLYWHEEL
.EVS Port1 1980-012-16:01:45.99790 66/1/CFE_TIME 20: Start FLYWHEEL
EVS Port1 1980-012-16:01:47.01666 66/1/CFE_TIME 21: Stop FLYWHEEL
EVS Port1 1980-012-16:01:48.24633 66/1/CFE_TIME 20: Start FLYWHEEL
EVS Port1 1980-012-16:01:49.02748 66/1/CFE_TIME 21: Stop FLYWHEEL
EVS Port1 1980-012-16:01:50.01914 66/1/CFE_TIME 20: Start FLYWHEEL
.EVS Port1 1980-012-16:01:52.06398 66/1/CFE_TIME 20: Start FLYWHEEL
EVS Port1 1980-012-16:01:53.03068 66/1/CFE_TIME 21: Stop FLYWHEEL
EVS Port1 1980-012-16:01:56.22647 66/1/CFE_TIME 20: Start FLYWHEEL
.EVS Port1 1980-012-16:01:58.01345 66/1/CFE_TIME 21: Stop FLYWHEEL
EVS Port1 1980-012-16:02:00.04469 66/1/CFE_TIME 21: Stop FLYWHEEL
EVS Port1 1980-012-16:02:00.99276 66/1/CFE_TIME 20: Start FLYWHEEL
.EVS Port1 1980-012-16:02:03.01609 66/1/CFE_TIME 21: Stop FLYWHEEL
EVS Port1 1980-012-16:02:04.02604 66/1/CFE_TIME 20: Start FLYWHEEL
EVS Port1 1980-012-16:02:05.03594 66/1/CFE_TIME 21: Stop FLYWHEEL
EVS Port1 1980-012-16:02:06.03091 66/1/CFE_TIME 20: Start FLYWHEEL
EVS Port1 1980-012-16:02:07.01622 66/1/CFE_TIME 21: Stop FLYWHEEL
EVS Port1 1980-012-16:02:08.00108 66/1/CFE_TIME 20: Start FLYWHEEL
.EVS Port1 1980-012-16:02:12.23086 66/1/CFE_TIME 20: Start FLYWHEEL
....EVS Port1 1980-012-16:02:38.01640 66/1/CFE_TIME 21: Stop FLYWHEEL
.EVS Port1 1980-012-16:02:40.01916 66/1/CFE_TIME 21: Stop FLYWHEEL
EVS Port1 1980-012-16:02:41.01689 66/1/CFE_TIME 20: Start FLYWHEEL
EVS Port1 1980-012-16:02:42.01329 66/1/CFE_TIME 21: Stop FLYWHEEL
EVS Port1 1980-012-16:02:43.00309 66/1/CFE_TIME 20: Start FLYWHEEL
.EVS Port1 1980-012-16:02:45.02684 66/1/CFE_TIME 20: Start FLYWHEEL
EVS Port1 1980-012-16:02:45.01307 66/1/CFE_TIME 21: Stop FLYWHEEL
.EVS Port1 1980-012-16:02:51.13858 66/1/CFE_TIME 20: Start FLYWHEEL
EVS Port1 1980-012-16:02:53.04406 66/1/CFE_TIME 21: Stop FLYWHEEL
EVS Port1 1980-012-16:02:55.03527 66/1/CFE_TIME 21: Stop FLYWHEEL
EVS Port1 1980-012-16:02:56.08854 66/1/CFE_TIME 20: Start FLYWHEEL
.EVS Port1 1980-012-16:02:58.32760 66/1/CFE_TIME 20: Start FLYWHEEL
EVS Port1 1980-012-16:02:59.01321 66/1/CFE_TIME 21: Stop FLYWHEEL
.EVS Port1 1980-012-16:03:05.00769 66/1/CFE_TIME 20: Start FLYWHEEL
EVS Port1 1980-012-16:03:05.00521 66/1/CFE_TIME 21: Stop FLYWHEEL
...EVS Port1 1980-012-16:03:25.17228 66/1/CFE_TIME 20: Start FLYWHEEL
EVS Port1 1980-012-16:03:25.00694 66/1/CFE_TIME 21: Stop FLYWHEEL
.EVS Port1 1980-012-16:03:30.00949 66/1/CFE_TIME 21: Stop FLYWHEEL
EVS Port1 1980-012-16:03:30.99499 66/1/CFE_TIME 20: Start FLYWHEEL
.EVS Port1 1980-012-16:03:38.01261 66/1/CFE_TIME 21: Stop FLYWHEEL
.EVS Port1 1980-012-16:03:38.99998 66/1/CFE_TIME 20: Start FLYWHEEL
.EVS Port1 1980-012-16:03:48.00946 66/1/CFE_TIME 21: Stop FLYWHEEL
EVS Port1 1980-012-16:03:49.03337 66/1/CFE_TIME 20: Start FLYWHEEL
.EVS Port1 1980-012-16:03:51.19503 66/1/CFE_TIME 20: Start FLYWHEEL
EVS Port1 1980-012-16:03:52.01541 66/1/CFE_TIME 21: Stop FLYWHEEL
EVS Port1 1980-012-16:03:55.89187 66/1/CFE_TIME 20: Start FLYWHEEL
.EVS Port1 1980-012-16:03:56.01683 66/1/CFE_TIME 21: Stop FLYWHEEL
EVS Port1 1980-012-16:04:00.09188 66/1/CFE_TIME 20: Start FLYWHEEL
.........EVS Port1 1980-012-16:05:05.01657 66/1/CFE_TIME 21: Stop FLYWHEEL
EVS Port1 1980-012-16:05:08.01536 66/1/CFE_TIME 21: Stop FLYWHEEL
.EVS Port1 1980-012-16:05:09.00230 66/1/CFE_TIME 20: Start FLYWHEEL
EVS Port1 1980-012-16:05:14.01585 66/1/CFE_TIME 21: Stop FLYWHEEL
.EVS Port1 1980-012-16:05:14.99754 66/1/CFE_TIME 20: Start FLYWHEEL
.EVS Port1 1980-012-16:05:23.31607 66/1/CFE_TIME 20: Start FLYWHEEL
EVS Port1 1980-012-16:05:24.00503 66/1/CFE_TIME 21: Stop FLYWHEEL
.....EVS Port1 1980-012-16:05:52.01179 66/1/CFE_TIME 21: Stop FLYWHEEL
EVS Port1 1980-012-16:05:53.00534 66/1/CFE_TIME 20: Start FLYWHEEL
EVS Port1 1980-012-16:05:54.00633 66/1/CFE_TIME 21: Stop FLYWHEEL
EVS Port1 1980-012-16:05:55.01016 66/1/CFE_TIME 20: Start FLYWHEEL
.EVS Port1 1980-012-16:05:57.01422 66/1/CFE_TIME 20: Start FLYWHEEL
EVS Port1 1980-012-16:05:57.00915 66/1/CFE_TIME 21: Stop FLYWHEEL
EVS Port1 1980-012-16:06:02.03932 66/1/CFE_TIME 21: Stop FLYWHEEL
.EVS Port1 1980-012-16:06:03.00494 66/1/CFE_TIME 20: Start FLYWHEEL
.EVS Port1 1980-012-16:06:09.02375 66/1/CFE_TIME 21: Stop FLYWHEEL
EVS Port1 1980-012-16:06:10.00531 66/1/CFE_TIME 20: Start FLYWHEEL
.EVS Port1 1980-012-16:06:18.01603 66/1/CFE_TIME 21: Stop FLYWHEEL
EVS Port1 1980-012-16:06:19.00241 66/1/CFE_TIME 20: Start FLYWHEEL
.EVS Port1 1980-012-16:06:22.43603 66/1/CFE_TIME 20: Start FLYWHEEL
.........EVS Port1 1980-012-16:07:29.01351 66/1/CFE_TIME 21: Stop FLYWHEEL
.EVS Port1 1980-012-16:07:33.02142 66/1/CFE_TIME 21: Stop FLYWHEEL
EVS Port1 1980-012-16:07:34.02763 66/1/CFE_TIME 20: Start FLYWHEEL
EVS Port1 1980-012-16:07:36.04318 66/1/CFE_TIME 20: Start FLYWHEEL
EVS Port1 1980-012-16:07:37.00938 66/1/CFE_TIME 21: Stop FLYWHEEL
...EVS Port1 1980-012-16:07:51.19963 66/1/CFE_TIME 20: Start FLYWHEEL
EVS Port1 1980-012-16:07:51.00527 66/1/CFE_TIME 21: Stop FLYWHEEL
..EVS Port1 1980-012-16:08:03.04969 66/1/CFE_TIME 21: Stop FLYWHEEL
EVS Port1 1980-012-16:08:03.99687 66/1/CFE_TIME 20: Start FLYWHEEL
.EVS Port1 1980-012-16:08:08.00593 66/1/CFE_TIME 21: Stop FLYWHEEL
EVS Port1 1980-012-16:08:08.99908 66/1/CFE_TIME 20: Start FLYWHEEL
.EVS Port1 1980-012-16:08:14.00827 66/1/CFE_TIME 21: Stop FLYWHEEL
EVS Port1 1980-012-16:08:14.99009 66/1/CFE_TIME 20: Start FLYWHEEL
.EVS Port1 1980-012-16:08:20.00863 66/1/CFE_TIME 21: Stop FLYWHEEL
EVS Port1 1980-012-16:08:21.00006 66/1/CFE_TIME 20: Start FLYWHEEL
...EVS Port1 1980-012-16:08:41.02519 66/1/CFE_TIME 21: Stop FLYWHEEL
EVS Port1 1980-012-16:08:43.33453 66/1/CFE_TIME 20: Start FLYWHEEL
EVS Port1 1980-012-16:08:44.34498 66/1/CFE_TIME 20: Start FLYWHEEL
.EVS Port1 1980-012-16:08:46.01156 66/1/CFE_TIME 21: Stop FLYWHEEL
EVS Port1 1980-012-16:08:50.04486 66/1/CFE_TIME 21: Stop FLYWHEEL
.EVS Port1 1980-012-16:08:51.00059 66/1/CFE_TIME 20: Start FLYWHEEL
EVS Port1 1980-012-16:08:52.05242 66/1/CFE_TIME 21: Stop FLYWHEEL
EVS Port1 1980-012-16:08:53.00617 66/1/CFE_TIME 20: Start FLYWHEEL
..EVS Port1 1980-012-16:09:02.24851 66/1/CFE_TIME 20: Start FLYWHEEL
..........EVS Port1 1980-012-16:10:06.03010 66/1/CFE_TIME 21: Stop FLYWHEEL
EVS Port1 1980-012-16:10:09.12223 66/1/CFE_TIME 20: Start FLYWHEEL
EVS Port1 1980-012-16:10:09.02241 66/1/CFE_TIME 21: Stop FLYWHEEL
.EVS Port1 1980-012-16:10:12.03132 66/1/CFE_TIME 20: Start FLYWHEEL
EVS Port1 1980-012-16:10:14.02275 66/1/CFE_TIME 21: Stop FLYWHEEL
EVS Port1 1980-012-16:10:16.00662 66/1/CFE_TIME 21: Stop FLYWHEEL
.EVS Port1 1980-012-16:10:17.24739 66/1/CFE_TIME 20: Start FLYWHEEL
EVS Port1 1980-012-16:10:18.01141 66/1/CFE_TIME 21: Stop FLYWHEEL
EVS Port1 1980-012-16:10:18.99572 66/1/CFE_TIME 20: Start FLYWHEEL
..EVS Port1 1980-012-16:10:30.05004 66/1/CFE_TIME 20: Start FLYWHEEL
EVS Port1 1980-012-16:10:31.01937 66/1/CFE_TIME 21: Stop FLYWHEEL
.EVS Port1 1980-012-16:10:35.00743 66/1/CFE_TIME 21: Stop FLYWHEEL
EVS Port1 1980-012-16:10:35.99771 66/1/CFE_TIME 20: Start FLYWHEEL
..EVS Port1 1980-012-16:10:49.18841 66/1/CFE_TIME 20: Start FLYWHEEL
EVS Port1 1980-012-16:10:49.02575 66/1/CFE_TIME 21: Stop FLYWHEEL
.EVS Port1 1980-012-16:10:54.07739 66/1/CFE_TIME 20: Start FLYWHEEL
EVS Port1 1980-012-16:10:54.00785 66/1/CFE_TIME 21: Stop FLYWHEEL
..EVS Port1 1980-012-16:11:05.03251 66/1/CFE_TIME 21: Stop FLYWHEEL
EVS Port1 1980-012-16:11:05.99971 66/1/CFE_TIME 20: Start FLYWHEEL
EVS Port1 1980-012-16:11:09.02423 66/1/CFE_TIME 21: Stop FLYWHEEL
.EVS Port1 1980-012-16:11:10.03721 66/1/CFE_TIME 20: Start FLYWHEEL
EVS Port1 1980-012-16:11:11.02973 66/1/CFE_TIME 21: Stop FLYWHEEL
EVS Port1 1980-012-16:11:12.01870 66/1/CFE_TIME 20: Start FLYWHEEL
EVS Port1 1980-012-16:11:14.45373 66/1/CFE_TIME 20: Start FLYWHEEL
.EVS Port1 1980-012-16:11:21.00823 66/1/CFE_TIME 21: Stop FLYWHEEL
.EVS Port1 1980-012-16:11:23.00656 66/1/CFE_TIME 21: Stop FLYWHEEL
EVS Port1 1980-012-16:11:24.03494 66/1/CFE_TIME 20: Start FLYWHEEL
EVS Port1 1980-012-16:11:26.17610 66/1/CFE_TIME 20: Start FLYWHEEL
.......EVS Port1 1980-012-16:12:12.01632 66/1/CFE_TIME 21: Stop FLYWHEEL
EVS Port1 1980-012-16:12:15.13296 66/1/CFE_TIME 20: Start FLYWHEEL
.EVS Port1 1980-012-16:12:18.02056 66/1/CFE_TIME 21: Stop FLYWHEEL
.EVS Port1 1980-012-16:12:22.03077 66/1/CFE_TIME 21: Stop FLYWHEEL
EVS Port1 1980-012-16:12:22.99786 66/1/CFE_TIME 20: Start FLYWHEEL
..EVS Port1 1980-012-16:12:38.05876 66/1/CFE_TIME 20: Start FLYWHEEL
EVS Port1 1980-012-16:12:39.01046 66/1/CFE_TIME 21: Stop FLYWHEEL
.EVS Port1 1980-012-16:12:43.07023 66/1/CFE_TIME 21: Stop FLYWHEEL
EVS Port1 1980-012-16:12:44.00668 66/1/CFE_TIME 20: Start FLYWHEEL
.EVS Port1 1980-012-16:12:47.18792 66/1/CFE_TIME 20: Start FLYWHEEL
EVS Port1 1980-012-16:12:47.00422 66/1/CFE_TIME 21: Stop FLYWHEEL
.....EVS Port1 1980-012-16:13:17.31495 66/1/CFE_TIME 20: Start FLYWHEEL
EVS Port1 1980-012-16:13:17.00538 66/1/CFE_TIME 21: Stop FLYWHEEL
..EVS Port1 1980-012-16:13:29.02226 66/1/CFE_TIME 21: Stop FLYWHEEL
EVS Port1 1980-012-16:13:29.99580 66/1/CFE_TIME 20: Start FLYWHEEL
..EVS Port1 1980-012-16:13:42.01683 66/1/CFE_TIME 21: Stop FLYWHEEL
EVS Port1 1980-012-16:13:43.13119 66/1/CFE_TIME 20: Start FLYWHEEL
EVS Port1 1980-012-16:13:45.34280 66/1/CFE_TIME 20: Start FLYWHEEL
.EVS Port1 1980-012-16:13:49.01123 66/1/CFE_TIME 21: Stop FLYWHEEL
.EVS Port1 1980-012-16:13:55.01016 66/1/CFE_TIME 21: Stop FLYWHEEL
EVS Port1 1980-012-16:13:56.05683 66/1/CFE_TIME 20: Start FLYWHEEL
.EVS Port1 1980-012-16:13:58.11369 66/1/CFE_TIME 20: Start FLYWHEEL
EVS Port1 1980-012-16:13:59.01658 66/1/CFE_TIME 21: Stop FLYWHEEL
EVS Port1 1980-012-16:14:02.27465 66/1/CFE_TIME 20: Start FLYWHEEL
........EVS Port1 1980-012-16:14:50.03005 66/1/CFE_TIME 21: Stop FLYWHEEL
.EVS Port1 1980-012-16:14:53.03904 66/1/CFE_TIME 20: Start FLYWHEEL
EVS Port1 1980-012-16:14:53.02903 66/1/CFE_TIME 21: Stop FLYWHEEL
EVS Port1 1980-012-16:14:56.02990 66/1/CFE_TIME 20: Start FLYWHEEL
EVS Port1 1980-012-16:14:56.01828 66/1/CFE_TIME 21: Stop FLYWHEEL
.EVS Port1 1980-012-16:15:00.00891 66/1/CFE_TIME 21: Stop FLYWHEEL
EVS Port1 1980-012-16:15:00.99568 66/1/CFE_TIME 20: Start FLYWHEEL
..EVS Port1 1980-012-16:15:13.03218 66/1/CFE_TIME 21: Stop FLYWHEEL
EVS Port1 1980-012-16:15:13.99414 66/1/CFE_TIME 20: Start FLYWHEEL
....EVS Port1 1980-012-16:15:37.99935 66/1/CFE_TIME 20: Start FLYWHEEL
EVS Port1 1980-012-16:15:38.00852 66/1/CFE_TIME 21: Stop FLYWHEEL
.EVS Port1 1980-012-16:15:44.00718 66/1/CFE_TIME 21: Stop FLYWHEEL
EVS Port1 1980-012-16:15:45.00814 66/1/CFE_TIME 20: Start FLYWHEEL
.EVS Port1 1980-012-16:15:52.00779 66/1/CFE_TIME 21: Stop FLYWHEEL
.EVS Port1 1980-012-16:15:52.99739 66/1/CFE_TIME 20: Start FLYWHEEL
EVS Port1 1980-012-16:15:55.01414 66/1/CFE_TIME 20: Start FLYWHEEL
EVS Port1 1980-012-16:15:56.01205 66/1/CFE_TIME 21: Stop FLYWHEEL
.EVS Port1 1980-012-16:16:00.01506 66/1/CFE_TIME 21: Stop FLYWHEEL
EVS Port1 1980-012-16:16:01.22865 66/1/CFE_TIME 20: Start FLYWHEEL
EVS Port1 1980-012-16:16:03.43894 66/1/CFE_TIME 20: Start FLYWHEEL
.EVS Port1 1980-012-16:16:04.03828 66/1/CFE_TIME 21: Stop FLYWHEEL
EVS Port1 1980-012-16:16:06.00881 66/1/CFE_TIME 21: Stop FLYWHEEL
EVS Port1 1980-012-16:16:07.02926 66/1/CFE_TIME 20: Start FLYWHEEL
EVS Port1 1980-012-16:16:09.15194 66/1/CFE_TIME 20: Start FLYWHEEL
.........EVS Port1 1980-012-16:17:06.04910 66/1/CFE_TIME 21: Stop FLYWHEEL
EVS Port1 1980-012-16:17:09.15025 66/1/CFE_TIME 20: Start FLYWHEEL
.EVS Port1 1980-012-16:17:10.01960 66/1/CFE_TIME 21: Stop FLYWHEEL
EVS Port1 1980-012-16:17:14.28416 66/1/CFE_TIME 20: Start FLYWHEEL
EVS Port1 1980-012-16:17:15.00816 66/1/CFE_TIME 21: Stop FLYWHEEL
..EVS Port1 1980-012-16:17:25.01084 66/1/CFE_TIME 21: Stop FLYWHEEL
EVS Port1 1980-012-16:17:25.99513 66/1/CFE_TIME 20: Start FLYWHEEL
...EVS Port1 1980-012-16:17:42.00790 66/1/CFE_TIME 21: Stop FLYWHEEL
EVS Port1 1980-012-16:17:42.99707 66/1/CFE_TIME 20: Start FLYWHEEL
..{"app":"AI_LEARNER","stage":"e25_equivalence","inputs":1,"completed":1,"model":"wgan","target":"aarch64-unknown-linux-gnu","artifact_sha256":"e382429cbfbf5803..."}
EVS Port1 1980-012-16:17:52.01206 66/1/AI_LEARNER 4: AI_LEARNER: E25 equivalence 1/1 inferences written
{"app":"AI_LEARNER","stage":"e25_mode","active":true,"inputs_path":"/cf/e25_inputs.bin"}
EVS Port1 1980-012-16:17:52.02493 66/1/AI_LEARNER 3: AI_LEARNER initialized: model wgan (4321533 B), rss_delta_init=1644 KB
EVS Port1 1980-012-16:17:53.00444 66/1/CFE_TIME 21: Stop FLYWHEEL
EVS Port1 1980-012-16:17:54.00564 66/1/CFE_TIME 20: Start FLYWHEEL
..EVS Port1 1980-012-16:18:03.11758 66/1/CFE_TIME 20: Start FLYWHEEL
EVS Port1 1980-012-16:18:05.01647 66/1/CFE_TIME 21: Stop FLYWHEEL
.EVS Port1 1980-012-16:18:11.21037 66/1/CFE_TIME 20: Start FLYWHEEL
EVS Port1 1980-012-16:18:12.01539 66/1/CFE_TIME 21: Stop FLYWHEEL
.EVS Port1 1980-012-16:18:16.73973 66/1/CFE_SB 17: Msg Limit Err,MsgId 0x800,pipe AI_LEARNER_PIPE,sender CFE_ES
.EVS Port1 1980-012-16:18:20.77197 66/1/CFE_SB 17: Msg Limit Err,MsgId 0x800,pipe AI_LEARNER_PIPE,sender CFE_ES
EVS Port1 1980-012-16:18:21.01278 66/1/CFE_TIME 21: Stop FLYWHEEL
EVS Port1 1980-012-16:18:22.10609 66/1/CFE_TIME 20: Start FLYWHEEL
EVS Port1 1980-012-16:18:23.00386 66/1/CFE_TIME 21: Stop FLYWHEEL
EVS Port1 1980-012-16:18:24.00790 66/1/CFE_TIME 20: Start FLYWHEEL
EVS Port1 1980-012-16:18:24.73225 66/1/CFE_SB 17: Msg Limit Err,MsgId 0x800,pipe AI_LEARNER_PIPE,sender CFE_ES
EVS Port1 1980-012-16:18:25.00643 66/1/CFE_TIME 21: Stop FLYWHEEL
.EVS Port1 1980-012-16:18:26.00039 66/1/CFE_TIME 20: Start FLYWHEEL
EVS Port1 1980-012-16:18:28.82803 66/1/CFE_SB 17: Msg Limit Err,MsgId 0x800,pipe AI_LEARNER_PIPE,sender CFE_ES
EVS Port1 1980-012-16:18:29.08015 66/1/CFE_TIME 20: Start FLYWHEEL
EVS Port1 1980-012-16:18:31.01062 66/1/CFE_TIME 21: Stop FLYWHEEL
.EVS Port1 1980-012-16:18:32.72416 66/1/CFE_SB 17: Msg Limit Err,MsgId 0x800,pipe AI_LEARNER_PIPE,sender CFE_ES
EVS Port1 1980-012-16:18:36.71148 66/1/CFE_SB 17: Msg Limit Err,MsgId 0x800,pipe AI_LEARNER_PIPE,sender CFE_ES
.EVS Port1 1980-012-16:18:40.99794 66/1/CFE_SB 17: Msg Limit Err,MsgId 0x800,pipe AI_LEARNER_PIPE,sender CFE_ES
EVS Port1 1980-012-16:18:41.28706 66/1/CFE_TIME 20: Start FLYWHEEL
EVS Port1 1980-012-16:18:42.03968 66/1/CFE_TIME 21: Stop FLYWHEEL
.EVS Port1 1980-012-16:18:44.73905 66/1/CFE_SB 17: Msg Limit Err,MsgId 0x800,pipe AI_LEARNER_PIPE,sender CFE_ES
EVS Port1 1980-012-16:18:46.02220 66/1/CFE_TIME 21: Stop FLYWHEEL
EVS Port1 1980-012-16:18:47.00846 66/1/CFE_TIME 20: Start FLYWHEEL
EVS Port1 1980-012-16:18:48.01583 66/1/CFE_TIME 21: Stop FLYWHEEL
EVS Port1 1980-012-16:18:48.71463 66/1/CFE_SB 17: Msg Limit Err,MsgId 0x800,pipe AI_LEARNER_PIPE,sender CFE_ES
EVS Port1 1980-012-16:18:48.99850 66/1/CFE_TIME 20: Start FLYWHEEL
.EVS Port1 1980-012-16:18:52.72531 66/1/CFE_SB 17: Msg Limit Err,MsgId 0x800,pipe AI_LEARNER_PIPE,sender CFE_ES
.EVS Port1 1980-012-16:18:56.81600 66/1/CFE_SB 17: Msg Limit Err,MsgId 0x800,pipe AI_LEARNER_PIPE,sender CFE_ES
EVS Port1 1980-012-16:19:00.71711 66/1/CFE_SB 17: Msg Limit Err,MsgId 0x800,pipe AI_LEARNER_PIPE,sender CFE_ES
.EVS Port1 1980-012-16:19:04.79438 66/1/CFE_SB 17: Msg Limit Err,MsgId 0x800,pipe AI_LEARNER_PIPE,sender CFE_ES
EVS Port1 1980-012-16:19:05.00720 66/1/CFE_TIME 21: Stop FLYWHEEL
EVS Port1 1980-012-16:19:05.99923 66/1/CFE_TIME 20: Start FLYWHEEL
.EVS Port1 1980-012-16:19:09.09982 66/1/CFE_SB 17: Msg Limit Err,MsgId 0x800,pipe AI_LEARNER_PIPE,sender CFE_ES
EVS Port1 1980-012-16:19:09.37469 66/1/CFE_TIME 20: Start FLYWHEEL
EVS Port1 1980-012-16:19:10.01626 66/1/CFE_TIME 21: Stop FLYWHEEL
EVS Port1 1980-012-16:19:12.73242 66/1/CFE_SB 17: Msg Limit Err,MsgId 0x800,pipe AI_LEARNER_PIPE,sender CFE_ES
.EVS Port1 1980-012-16:19:16.01182 66/1/CFE_TIME 21: Stop FLYWHEEL
EVS Port1 1980-012-16:19:16.71675 66/1/CFE_SB 17: Msg Limit Err,MsgId 0x800,pipe AI_LEARNER_PIPE,sender CFE_ES
EVS Port1 1980-012-16:19:17.00006 66/1/CFE_TIME 20: Start FLYWHEEL
EVS Port1 1980-012-16:19:19.02221 66/1/CFE_TIME 21: Stop FLYWHEEL
.EVS Port1 1980-012-16:19:19.98483 66/1/CFE_TIME 20: Start FLYWHEEL
EVS Port1 1980-012-16:19:24.01795 66/1/CFE_TIME 21: Stop FLYWHEEL
EVS Port1 1980-012-16:19:25.01484 66/1/CFE_TIME 20: Start FLYWHEEL
.EVS Port1 1980-012-16:19:26.00880 66/1/CFE_TIME 21: Stop FLYWHEEL
EVS Port1 1980-012-16:19:27.04296 66/1/CFE_TIME 20: Start FLYWHEEL
EVS Port1 1980-012-16:19:29.16104 66/1/CFE_TIME 20: Start FLYWHEEL
.EVS Port1 1980-012-16:19:31.03175 66/1/CFE_TIME 21: Stop FLYWHEEL
EVS Port1 1980-012-16:19:34.05984 66/1/CFE_TIME 20: Start FLYWHEEL
EVS Port1 1980-012-16:19:35.00767 66/1/CFE_TIME 21: Stop FLYWHEEL
.EVS Port1 1980-012-16:19:39.25122 66/1/CFE_TIME 20: Start FLYWHEEL
.EVS Port1 1980-012-16:19:43.02305 66/1/CFE_TIME 21: Stop FLYWHEEL
EVS Port1 1980-012-16:19:45.00836 66/1/CFE_TIME 21: Stop FLYWHEEL
EVS Port1 1980-012-16:19:46.07315 66/1/CFE_TIME 20: Start FLYWHEEL
EVS Port1 1980-012-16:19:47.00575 66/1/CFE_TIME 21: Stop FLYWHEEL
EVS Port1 1980-012-16:19:48.00717 66/1/CFE_TIME 20: Start FLYWHEEL
..EVS Port1 1980-012-16:19:55.10720 66/1/CFE_TIME 20: Start FLYWHEEL
EVS Port1 1980-012-16:19:55.01580 66/1/CFE_TIME 21: Stop FLYWHEEL
EVS Port1 1980-012-16:19:59.27793 66/1/CFE_TIME 20: Start FLYWHEEL
..EVS Port1 1980-012-16:20:10.03031 66/1/CFE_TIME 21: Stop FLYWHEEL
.EVS Port1 1980-012-16:20:13.04368 66/1/CFE_TIME 21: Stop FLYWHEEL
EVS Port1 1980-012-16:20:14.01194 66/1/CFE_TIME 20: Start FLYWHEEL
EVS Port1 1980-012-16:20:17.09912 66/1/CFE_TIME 20: Start FLYWHEEL
.EVS Port1 1980-012-16:20:18.01922 66/1/CFE_TIME 21: Stop FLYWHEEL
EVS Port1 1980-012-16:20:21.01046 66/1/CFE_TIME 21: Stop FLYWHEEL
EVS Port1 1980-012-16:20:22.00971 66/1/CFE_TIME 20: Start FLYWHEEL
.EVS Port1 1980-012-16:20:26.99813 66/1/CFE_TIME 20: Start FLYWHEEL
EVS Port1 1980-012-16:20:27.01054 66/1/CFE_TIME 21: Stop FLYWHEEL
.EVS Port1 1980-012-16:20:33.00971 66/1/CFE_TIME 21: Stop FLYWHEEL
EVS Port1 1980-012-16:20:34.01802 66/1/CFE_TIME 20: Start FLYWHEEL
.EVS Port1 1980-012-16:20:36.35751 66/1/CFE_TIME 20: Start FLYWHEEL
EVS Port1 1980-012-16:20:37.00849 66/1/CFE_TIME 21: Stop FLYWHEEL
..EVS Port1 1980-012-16:20:50.01686 66/1/CFE_TIME 21: Stop FLYWHEEL
EVS Port1 1980-012-16:20:50.99276 66/1/CFE_TIME 20: Start FLYWHEEL
.EVS Port1 1980-012-16:20:54.03620 66/1/CFE_TIME 21: Stop FLYWHEEL
EVS Port1 1980-012-16:20:54.98997 66/1/CFE_TIME 20: Start FLYWHEEL
.EVS Port1 1980-012-16:21:00.01560 66/1/CFE_TIME 21: Stop FLYWHEEL
EVS Port1 1980-012-16:21:01.00376 66/1/CFE_TIME 20: Start FLYWHEEL
.EVS Port1 1980-012-16:21:07.22938 66/1/CFE_TIME 20: Start FLYWHEEL
EVS Port1 1980-012-16:21:09.01382 66/1/CFE_TIME 21: Stop FLYWHEEL
.EVS Port1 1980-012-16:21:11.03507 66/1/CFE_TIME 21: Stop FLYWHEEL
EVS Port1 1980-012-16:21:11.99826 66/1/CFE_TIME 20: Start FLYWHEEL
EVS Port1 1980-012-16:21:15.01394 66/1/CFE_TIME 21: Stop FLYWHEEL
EVS Port1 1980-012-16:21:16.00909 66/1/CFE_TIME 20: Start FLYWHEEL
.EVS Port1 1980-012-16:21:17.01362 66/1/CFE_TIME 21: Stop FLYWHEEL
EVS Port1 1980-012-16:21:18.01301 66/1/CFE_TIME 20: Start FLYWHEEL
EVS Port1 1980-012-16:21:19.03070 66/1/CFE_TIME 21: Stop FLYWHEEL
EVS Port1 1980-012-16:21:20.05125 66/1/CFE_TIME 20: Start FLYWHEEL
EVS Port1 1980-012-16:21:21.01528 66/1/CFE_TIME 21: Stop FLYWHEEL
EVS Port1 1980-012-16:21:22.00682 66/1/CFE_TIME 20: Start FLYWHEEL
.EVS Port1 1980-012-16:21:24.35432 66/1/CFE_TIME 20: Start FLYWHEEL
.......EVS Port1 1980-012-16:22:11.00436 66/1/CFE_TIME 21: Stop FLYWHEEL
.EVS Port1 1980-012-16:22:14.21025 66/1/CFE_TIME 20: Start FLYWHEEL
EVS Port1 1980-012-16:22:15.01679 66/1/CFE_TIME 21: Stop FLYWHEEL
EVS Port1 1980-012-16:22:18.21508 66/1/CFE_TIME 20: Start FLYWHEEL
.EVS Port1 1980-012-16:22:22.01098 66/1/CFE_TIME 21: Stop FLYWHEEL
.EVS Port1 1980-012-16:22:25.02786 66/1/CFE_TIME 21: Stop FLYWHEEL
EVS Port1 1980-012-16:22:25.99710 66/1/CFE_TIME 20: Start FLYWHEEL
EVS Port1 1980-012-16:22:27.02766 66/1/CFE_TIME 21: Stop FLYWHEEL
EVS Port1 1980-012-16:22:27.98977 66/1/CFE_TIME 20: Start FLYWHEEL
.EVS Port1 1980-012-16:22:34.02972 66/1/CFE_TIME 21: Stop FLYWHEEL
EVS Port1 1980-012-16:22:34.99069 66/1/CFE_TIME 20: Start FLYWHEEL
.EVS Port1 1980-012-16:22:38.05973 66/1/CFE_TIME 20: Start FLYWHEEL
EVS Port1 1980-012-16:22:38.01240 66/1/CFE_TIME 21: Stop FLYWHEEL
.EVS Port1 1980-012-16:22:46.02734 66/1/CFE_TIME 21: Stop FLYWHEEL
EVS Port1 1980-012-16:22:46.99623 66/1/CFE_TIME 20: Start FLYWHEEL
...EVS Port1 1980-012-16:23:05.16777 66/1/CFE_TIME 20: Start FLYWHEEL
EVS Port1 1980-012-16:23:05.00524 66/1/CFE_TIME 21: Stop FLYWHEEL
...EVS Port1 1980-012-16:23:18.03468 66/1/CFE_TIME 21: Stop FLYWHEEL
EVS Port1 1980-012-16:23:18.99391 66/1/CFE_TIME 20: Start FLYWHEEL
EVS Port1 1980-012-16:23:20.00987 66/1/CFE_TIME 21: Stop FLYWHEEL
EVS Port1 1980-012-16:23:20.99108 66/1/CFE_TIME 20: Start FLYWHEEL
..EVS Port1 1980-012-16:23:31.00788 66/1/CFE_TIME 21: Stop FLYWHEEL
EVS Port1 1980-012-16:23:32.01597 66/1/CFE_TIME 20: Start FLYWHEEL
EVS Port1 1980-012-16:23:34.22056 66/1/CFE_TIME 20: Start FLYWHEEL
EVS Port1 1980-012-16:23:34.01406 66/1/CFE_TIME 21: Stop FLYWHEEL
.EVS Port1 1980-012-16:23:40.06533 66/1/CFE_TIME 20: Start FLYWHEEL
EVS Port1 1980-012-16:23:40.02174 66/1/CFE_TIME 21: Stop FLYWHEEL
..EVS Port1 1980-012-16:23:50.03118 66/1/CFE_TIME 21: Stop FLYWHEEL
EVS Port1 1980-012-16:23:51.00747 66/1/CFE_TIME 20: Start FLYWHEEL
EVS Port1 1980-012-16:23:53.02317 66/1/CFE_TIME 20: Start FLYWHEEL
.EVS Port1 1980-012-16:23:55.00660 66/1/CFE_TIME 21: Stop FLYWHEEL
EVS Port1 1980-012-16:23:57.03143 66/1/CFE_TIME 21: Stop FLYWHEEL
EVS Port1 1980-012-16:23:58.01704 66/1/CFE_TIME 20: Start FLYWHEEL
.EVS Port1 1980-012-16:24:00.02009 66/1/CFE_TIME 20: Start FLYWHEEL
EVS Port1 1980-012-16:24:00.01022 66/1/CFE_TIME 21: Stop FLYWHEEL
EVS Port1 1980-012-16:24:04.12399 66/1/CFE_TIME 20: Start FLYWHEEL
EVS Port1 1980-012-16:24:04.01029 66/1/CFE_TIME 21: Stop FLYWHEEL
.EVS Port1 1980-012-16:24:06.00930 66/1/CFE_TIME 21: Stop FLYWHEEL
EVS Port1 1980-012-16:24:07.00485 66/1/CFE_TIME 20: Start FLYWHEEL
EVS Port1 1980-012-16:24:09.00968 66/1/CFE_TIME 21: Stop FLYWHEEL
EVS Port1 1980-012-16:24:09.99899 66/1/CFE_TIME 20: Start FLYWHEEL
.EVS Port1 1980-012-16:24:12.00952 66/1/CFE_TIME 21: Stop FLYWHEEL
EVS Port1 1980-012-16:24:13.01138 66/1/CFE_TIME 20: Start FLYWHEEL
EVS Port1 1980-012-16:24:15.01043 66/1/CFE_TIME 20: Start FLYWHEEL
EVS Port1 1980-012-16:24:17.01304 66/1/CFE_TIME 21: Stop FLYWHEEL
.EVS Port1 1980-012-16:24:20.01805 66/1/CFE_TIME 21: Stop FLYWHEEL
EVS Port1 1980-012-16:24:21.00633 66/1/CFE_TIME 20: Start FLYWHEEL
EVS Port1 1980-012-16:24:22.01390 66/1/CFE_TIME 21: Stop FLYWHEEL
EVS Port1 1980-012-16:24:23.00715 66/1/CFE_TIME 20: Start FLYWHEEL
.EVS Port1 1980-012-16:24:26.11691 66/1/CFE_TIME 20: Start FLYWHEEL
..EVS Port1 1980-012-16:24:37.02560 66/1/CFE_TIME 21: Stop FLYWHEEL
EVS Port1 1980-012-16:24:41.04316 66/1/CFE_TIME 21: Stop FLYWHEEL
.EVS Port1 1980-012-16:24:42.04447 66/1/CFE_TIME 20: Start FLYWHEEL
EVS Port1 1980-012-16:24:44.27584 66/1/CFE_TIME 20: Start FLYWHEEL
....EVS Port1 1980-012-16:25:06.01914 66/1/CFE_TIME 21: Stop FLYWHEEL
EVS Port1 1980-012-16:25:10.02326 66/1/CFE_TIME 21: Stop FLYWHEEL
.EVS Port1 1980-012-16:25:10.99739 66/1/CFE_TIME 20: Start FLYWHEEL
.EVS Port1 1980-012-16:25:17.01312 66/1/CFE_TIME 21: Stop FLYWHEEL
EVS Port1 1980-012-16:25:17.99893 66/1/CFE_TIME 20: Start FLYWHEEL
EVS Port1 1980-012-16:25:22.00724 66/1/CFE_TIME 21: Stop FLYWHEEL
.EVS Port1 1980-012-16:25:23.00566 66/1/CFE_TIME 20: Start FLYWHEEL
.EVS Port1 1980-012-16:25:30.00819 66/1/CFE_TIME 21: Stop FLYWHEEL
EVS Port1 1980-012-16:25:31.37113 66/1/CFE_TIME 20: Start FLYWHEEL
EVS Port1 1980-012-16:25:33.43096 66/1/CFE_TIME 20: Start FLYWHEEL
EVS Port1 1980-012-16:25:33.01475 66/1/CFE_TIME 21: Stop FLYWHEEL
.EVS Port1 1980-012-16:25:37.11689 66/1/CFE_TIME 20: Start FLYWHEEL
EVS Port1 1980-012-16:25:37.03497 66/1/CFE_TIME 21: Stop FLYWHEEL
..EVS Port1 1980-012-16:25:49.01139 66/1/CFE_TIME 20: Start FLYWHEEL
EVS Port1 1980-012-16:25:50.00831 66/1/CFE_TIME 21: Stop FLYWHEEL
..EVS Port1 1980-012-16:26:02.22994 66/1/CFE_TIME 20: Start FLYWHEEL
EVS Port1 1980-012-16:26:02.01713 66/1/CFE_TIME 21: Stop FLYWHEEL
.EVS Port1 1980-012-16:26:10.11819 66/1/CFE_TIME 20: Start FLYWHEEL
.EVS Port1 1980-012-16:26:11.00837 66/1/CFE_TIME 21: Stop FLYWHEEL
EVS Port1 1980-012-16:26:13.03524 66/1/CFE_TIME 21: Stop FLYWHEEL
EVS Port1 1980-012-16:26:14.18019 66/1/CFE_TIME 20: Start FLYWHEEL
.EVS Port1 1980-012-16:26:16.42323 66/1/CFE_TIME 20: Start FLYWHEEL
........EVS Port1 1980-012-16:27:10.01776 66/1/CFE_TIME 21: Stop FLYWHEEL
.EVS Port1 1980-012-16:27:13.18220 66/1/CFE_TIME 20: Start FLYWHEEL
EVS Port1 1980-012-16:27:14.01020 66/1/CFE_TIME 21: Stop FLYWHEEL
EVS Port1 1980-012-16:27:16.04104 66/1/CFE_TIME 21: Stop FLYWHEEL
EVS Port1 1980-012-16:27:17.07313 66/1/CFE_TIME 20: Start FLYWHEEL
.EVS Port1 1980-012-16:27:19.10720 66/1/CFE_TIME 20: Start FLYWHEEL
EVS Port1 1980-012-16:27:19.00910 66/1/CFE_TIME 21: Stop FLYWHEEL
..EVS Port1 1980-012-16:27:30.01687 66/1/CFE_TIME 21: Stop FLYWHEEL
EVS Port1 1980-012-16:27:31.01799 66/1/CFE_TIME 20: Start FLYWHEEL
EVS Port1 1980-012-16:27:32.01205 66/1/CFE_TIME 21: Stop FLYWHEEL
EVS Port1 1980-012-16:27:32.98219 66/1/CFE_TIME 20: Start FLYWHEEL
.EVS Port1 1980-012-16:27:36.07054 66/1/CFE_TIME 20: Start FLYWHEEL
EVS Port1 1980-012-16:27:36.03076 66/1/CFE_TIME 21: Stop FLYWHEEL
...EVS Port1 1980-012-16:27:57.08699 66/1/CFE_TIME 20: Start FLYWHEEL
.EVS Port1 1980-012-16:27:59.00804 66/1/CFE_TIME 21: Stop FLYWHEEL
EVS Port1 1980-012-16:28:04.01589 66/1/CFE_TIME 20: Start FLYWHEEL
EVS Port1 1980-012-16:28:04.00843 66/1/CFE_TIME 21: Stop FLYWHEEL
...EVS Port1 1980-012-16:28:19.01121 66/1/CFE_TIME 21: Stop FLYWHEEL
EVS Port1 1980-012-16:28:20.04223 66/1/CFE_TIME 20: Start FLYWHEEL
EVS Port1 1980-012-16:28:22.10795 66/1/CFE_TIME 20: Start FLYWHEEL
.EVS Port1 1980-012-16:28:23.01205 66/1/CFE_TIME 21: Stop FLYWHEEL
EVS Port1 1980-012-16:28:26.20394 66/1/CFE_TIME 20: Start FLYWHEEL
.........EVS Port1 1980-012-16:29:20.01733 66/1/CFE_TIME 21: Stop FLYWHEEL
.EVS Port1 1980-012-16:29:26.61656 66/1/CFE_TIME 20: Start FLYWHEEL
.EVS Port1 1980-012-16:29:31.01329 66/1/CFE_TIME 21: Stop FLYWHEEL
EVS Port1 1980-012-16:29:33.02218 66/1/CFE_TIME 21: Stop FLYWHEEL
EVS Port1 1980-012-16:29:34.00939 66/1/CFE_TIME 20: Start FLYWHEEL
.EVS Port1 1980-012-16:29:36.00927 66/1/CFE_TIME 20: Start FLYWHEEL
EVS Port1 1980-012-16:29:36.01261 66/1/CFE_TIME 21: Stop FLYWHEEL
...EVS Port1 1980-012-16:29:58.25228 66/1/CFE_TIME 20: Start FLYWHEEL
EVS Port1 1980-012-16:29:59.00381 66/1/CFE_TIME 21: Stop FLYWHEEL
..EVS Port1 1980-012-16:30:09.01240 66/1/CFE_TIME 21: Stop FLYWHEEL
EVS Port1 1980-012-16:30:09.99118 66/1/CFE_TIME 20: Start FLYWHEEL
.EVS Port1 1980-012-16:30:16.05282 66/1/CFE_TIME 21: Stop FLYWHEEL
EVS Port1 1980-012-16:30:17.01597 66/1/CFE_TIME 20: Start FLYWHEEL
.EVS Port1 1980-012-16:30:18.01835 66/1/CFE_TIME 21: Stop FLYWHEEL
EVS Port1 1980-012-16:30:19.06784 66/1/CFE_TIME 20: Start FLYWHEEL
EVS Port1 1980-012-16:30:21.12734 66/1/CFE_TIME 20: Start FLYWHEEL
EVS Port1 1980-012-16:30:23.01519 66/1/CFE_TIME 21: Stop FLYWHEEL
.EVS Port1 1980-012-16:30:27.18141 66/1/CFE_TIME 20: Start FLYWHEEL
.EVS Port1 1980-012-16:30:30.02415 66/1/CFE_TIME 21: Stop FLYWHEEL
.EVS Port1 1980-012-16:30:35.04217 66/1/CFE_TIME 21: Stop FLYWHEEL
EVS Port1 1980-012-16:30:36.05853 66/1/CFE_TIME 20: Start FLYWHEEL
EVS Port1 1980-012-16:30:38.34924 66/1/CFE_TIME 20: Start FLYWHEEL
1980-012-16:30:39.08576 CFE_ES_RunExceptionScan: ExceptionID 0x1110003 in TaskID 0: Caught SIGINT
1980-012-16:30:39.09006 CFE_ES_RunExceptionScan: Maximum Processor Reset count reached (2)
CFE_PSP: Exiting cFE with POWERON Reset status.
CFE_PSP: Critical Data Store Shared memory segment removed
Reset Area Shared memory segment removed
User Reserved Area Shared memory segment removed

CFE_PSP: Shutdown initiated - Exiting cFE
CI delete callback -- Closing CI Network socket.
TO delete callback -- Closing TO Network socket.
...EXIT=137
