OS_BSP_Initialize():Maximum user msg queue depth = 512
CFE_PSP: Default Reset SubType = 1
CFE_PSP: Default CPU ID = 1
CFE_PSP: Default Spacecraft ID = 66
CFE_PSP: Default CPU Name: cpu1
OS_Posix_GetSchedulerParams():208:Policy 1: available, min-max: 1-99
OS_Posix_GetSchedulerParams():208:Policy 2: available, min-max: 1-99
OS_Posix_TaskAPI_Impl_Init():401:Selected policy 2 for RT tasks, root task = 99
OS_Posix_TaskAPI_Impl_Init():419:Could not setschedparam in main thread: Operation not permitted (1)
CFE_PSP: initializing module 'soft_timebase' with ID 0110ff00
CFE_PSP: Instantiated software timebase 'cFS-Master' running at 10000 usec
CFE_PSP: initializing module 'timebase_posix_clock' with ID 0110ff01
CFE_PSP: Using POSIX monotonic clock as CFE timebase
CFE_PSP: initializing module 'eeprom_mmap_file' with ID 0110ff02
CFE_PSP: Using MMAP simulated EEPROM implementation
CFE_PSP: EEPROM Range (2) created: Start Address = F3131212E000, Size = 00080000 Status = 0
CFE_PSP: initializing module 'port_notimpl' with ID 0110ff03
CFE_PSP: I/O Port access not implemented
CFE_PSP: initializing module 'iodriver' with ID 0110ff04
CFE_PSP: initializing module 'linux_sysmon' with ID 0110ff05
CFE_PSP: initializing module 'endian_api' with ID 0110ff06
CFE_PSP: Host CPU Endian=LITTLE
CFE_PSP: initializing module 'ram_notimpl' with ID 0110ff07
CFE_PSP: Physical RAM access not implemented
CFE_PSP: Starting the cFE with a POWER ON reset.
CFE_PSP: Clearing out CFE CDS Shared memory segment.
CFE_PSP: Clearing out CFE Reset Shared memory segment.
CFE_PSP: Clearing out CFE User Reserved Shared memory segment.
1980-001-11:57:07.60838 CFE_ES_SetupResetVariables: POWER ON RESET due to Power Cycle (Power Cycle).
1980-001-11:57:07.62353 CFE_ES_Main: CFE_ES_Main in EARLY_INIT state
Number of addresses returned by backtrace = 1
CFE_PSP: CFE_PSP_AttachExceptions called
1980-001-11:57:07.65500 CFE_ES_Main: CFE_ES_Main entering CORE_STARTUP state
1980-001-11:57:07.65993 CFE_ES_CreateObjects: Starting Object Creation calls.
1980-001-11:57:07.66036 CFE_ES_CreateObjects: Calling EarlyInit for CFE_CONFIG
1980-001-11:57:07.66614 CFE_ES_CreateObjects: Calling EarlyInit for CFE_ES
1980-001-11:57:07.68072 CFE_ES_CreateObjects: Calling EarlyInit for CFE_EVS
1980-001-11:57:07.68800 CFE_EVS_EarlyInit: Event Log cleared following power-on reset
1980-001-11:57:07.68823 CFE_ES_CreateObjects: Calling EarlyInit for CFE_FS
1980-001-11:57:07.68833 CFE_ES_CreateObjects: Calling EarlyInit for CFE_SB
1980-001-11:57:07.72428 CFE_ES_CreateObjects: Calling EarlyInit for CFE_TBL
1980-001-11:57:07.79152 CFE_ES_CreateObjects: Calling EarlyInit for CFE_TIME
EVS Port1 1980-012-14:03:20.08677 66/1/CFE_ES 1: cFE ES Initialized: CFE_ES v7.0.1+dev1 (Draco) DEV BUILD, based on v7.0.1, EDS disabled
EVS Port1 1980-012-14:03:20.09555 66/1/CFE_ES 2: cFS Versions: cfe v7.0.1+dev1, osal v7.0.1+dev1, psp v7.0.1+dev1. cFE chksm 31659
EVS Port1 1980-012-14:03:20.09693 66/1/CFE_ES 91: Version Info: Mission SampleMission, version git:v7.0.1-90-g78c23b0-dirty
EVS Port1 1980-012-14:03:20.09751 66/1/CFE_ES 91: Version Info: Module CORE_API, version git:2612eb0
EVS Port1 1980-012-14:03:20.10064 66/1/CFE_ES 91: Version Info: Module CONFIG, version git:2612eb0
EVS Port1 1980-012-14:03:20.10391 66/1/CFE_ES 91: Version Info: Module ES, version git:2612eb0
EVS Port1 1980-012-14:03:20.10455 66/1/CFE_ES 91: Version Info: Module EVS, version git:2612eb0
EVS Port1 1980-012-14:03:20.10491 66/1/CFE_ES 91: Version Info: Module FS, version git:2612eb0
EVS Port1 1980-012-14:03:20.11227 66/1/CFE_ES 91: Version Info: Module SB, version git:2612eb0
EVS Port1 1980-012-14:03:20.11302 66/1/CFE_ES 91: Version Info: Module TBL, version git:2612eb0
EVS Port1 1980-012-14:03:20.11332 66/1/CFE_ES 91: Version Info: Module TIME, version git:2612eb0
EVS Port1 1980-012-14:03:20.11346 66/1/CFE_ES 91: Version Info: Module OSAL, version git:8111e4a
EVS Port1 1980-012-14:03:20.11355 66/1/CFE_ES 91: Version Info: Module PSP, version git:d1da809
EVS Port1 1980-012-14:03:20.11364 66/1/CFE_ES 91: Version Info: Module MSG, version git:2612eb0
EVS Port1 1980-012-14:03:20.11373 66/1/CFE_ES 91: Version Info: Module SBR, version git:2612eb0
EVS Port1 1980-012-14:03:20.11383 66/1/CFE_ES 91: Version Info: Module RESOURCEID, version git:2612eb0
EVS Port1 1980-012-14:03:20.11410 66/1/CFE_ES 92: Build 202609120624 by root@vm, config aarch64
EVS Port1 1980-012-14:03:20.23266 66/1/CFE_EVS 1: cFE EVS Initialized: CFE_EVS v7.0.1+dev1 (Draco) DEV BUILD, based on v7.0.1, EDS disabled
1980-012-14:03:20.35805 CFE_SB_AppInit: Registered 4 events for filtering
EVS Port1 1980-012-14:03:20.36178 66/1/CFE_SB 1: cFE SB Initialized: CFE_SB v7.0.1+dev1 (Draco) DEV BUILD, based on v7.0.1, EDS disabled
EVS Port1 1980-012-14:03:20.37948 66/1/CFE_SB 14: No subscribers for MsgId 0x808,sender CFE_SB
EVS Port1 1980-012-14:03:20.48030 66/1/CFE_TBL 1: cFE TBL Initialized: CFE_TBL v7.0.1+dev1 (Draco) DEV BUILD, based on v7.0.1, EDS disabled
EVS Port1 1980-012-14:03:20.48382 66/1/CFE_SB 14: No subscribers for MsgId 0x808,sender CFE_TBL
EVS Port1 1980-012-14:03:20.68586 66/1/CFE_TIME 1: cFE TIME Initialized: CFE_TIME v7.0.1+dev1 (Draco) DEV BUILD, based on v7.0.1, EDS disabled
EVS Port1 1980-012-14:03:20.68844 66/1/CFE_SB 14: No subscribers for MsgId 0x808,sender CFE_TIME
1980-012-14:03:20.71872 CFE_ES_CreateObjects: Finished ES CreateObject table entries.
1980-012-14:03:20.72032 CFE_ES_Main: CFE_ES_Main entering CORE_READY state
1980-012-14:03:20.72595 CFE_ES_OpenStartupScript: Opened ES App Startup file: /cf/cfe_es_startup.scr
1980-012-14:03:20.79915 CFE_ES_ParseFileEntry: Loading shared library: /cf/cfe_assert.so
1980-012-14:03:20.83268 [BEGIN] CFE FUNCTIONAL TEST
1980-012-14:03:20.83591 [BEGIN] 01 CFE-STARTUP
1980-012-14:03:20.88134 CFE_ES_ParseFileEntry: Loading shared library: /cf/sample_lib.so
SAMPLE Lib Initialized.Sample Lib v7.0.0+dev1 (Draco) DEV BUILD, based on v7.0.1, EDS disabled
1980-012-14:03:20.93568 CFE_ES_ParseFileEntry: Loading file: /cf/sch_lab.so, APP: SCH_LAB
1980-012-14:03:21.05516 CFE_ES_ParseFileEntry: Loading file: /cf/ci_lab.so, APP: CI_LAB
SCH Lab Initialized.SCH Lab v7.0.1+dev1 (Draco) DEV BUILD, based on v7.0.1, EDS disabled
1980-012-14:03:21.17365 CFE_ES_ParseFileEntry: Loading file: /cf/to_lab.so, APP: TO_LAB
EVS Port1 1980-012-14:03:21.33345 66/1/TO_LAB 1: TO Lab Initialized.TO Lab v7.0.1+dev1 (Draco) DEV BUILD, based on v7.0.1, EDS disabled, Awaiting enable command.
EVS Port1 1980-012-14:03:21.33964 66/1/CFE_SB 14: No subscribers for MsgId 0x808,sender TO_LAB
1980-012-14:03:21.37766 CFE_ES_ParseFileEntry: Loading file: /cf/sample_app.so, APP: SAMPLE_APP
1980-012-14:03:21.40771 CI_LAB listening on UDP port: 1234
EVS Port1 1980-012-14:03:21.42335 66/1/CI_LAB 3: CI Lab Initialized.CI Lab App v7.0.1+dev1 (Draco) DEV BUILD, based on v7.0.1, EDS disabled
1980-012-14:03:21.47697 CFE_ES_ParseFileEntry: Loading file: /cf/ai_learner.so, APP: AI_LEARNER
EVS Port1 1980-012-14:03:21.51786 66/1/SAMPLE_APP 1: Sample App Initialized.Sample App v7.0.0+dev1 (Draco) DEV BUILD, based on v7.0.1, EDS disabled
1980-012-14:03:21.58722 CFE_ES_ParseFileEntry: Loading file: /cf/lc.so, APP: LC
{"app":"AI_LEARNER","stage":"build_config","model":"wgan","allow_conditional_map":0,"contract_bounded_bytes":135666432,"contract_per_call_bytes":131382784,"contract_const_bytes":4283648,"contract_bound_known":true,"contract_artifact_sha256":"e382429cbfbf580356379365fa67a8a2b01b47d58ec4e04b4a4c14165be2e102"}
{"app":"AI_LEARNER","stage":"stack","es_stack_size":263024,"stack_base_bytes":262144,"contract_kernel_stack_bytes":880,"kernel_stack_accounted":true}
{"app":"AI_LEARNER","stage":"admission","verdict":"ADMIT","model":"wgan","target":"aarch64-unknown-linux-gnu","bounded":135666432,"budget":297458571,"budget_source":"override","per_call":131382784,"constants":4283648,"kernel_stack_bytes":880,"bound_known":true,"scope":"per_app_local_budget"}
EVS Port1 1980-012-14:03:21.62690 66/1/AI_LEARNER 8: AI_LEARNER stack: es=263024 base=262144 kernel=880 accounted=1
1980-012-14:03:21.72484 CFE_ES_ParseFileEntry: Loading file: /cf/cf.so, APP: CF
EVS Port1 1980-012-14:03:21.73417 66/1/LC 56: WDT verify results: good = 0, bad = 0, unused = 176
EVS Port1 1980-012-14:03:21.74887 66/1/LC 66: ADT verify results: good = 0, bad = 0, unused = 176
EVS Port1 1980-012-14:03:21.76431 66/1/LC 23: LC use of Critical Data Store disabled, activity mask = 0x00991990
EVS Port1 1980-012-14:03:21.76715 66/1/LC 2: LC Initialized. Version 7.0.1.255
1980-012-14:03:21.84794 CFE_ES_ParseFileEntry: Loading file: /cf/ds.so, APP: DS
EVS Port1 1980-012-14:03:21.96623 66/1/CF 20: CF Initialized. Version 7.0.1.255
EVS Port1 1980-012-14:03:22.00904 66/1/DS 10: Destination file table verify results: good entries = 6, bad = 0, unused = 10
EVS Port1 1980-012-14:03:22.03221 66/1/DS 12: Filter table verify results: good entries = 14, bad = 0, unused = 242
EVS Port1 1980-012-14:03:22.05618 66/1/DS 1: Application initialized, version 7.0.1.255, data at 0xf31311c20460
1980-012-14:03:22.05190 CFE_ES_ParseFileEntry: Loading file: /cf/fm.so, APP: FM
EVS Port1 1980-012-14:03:22.18556 66/1/FM 80: Free Space Table verify results: good entries = 3, bad = 0, unused = 5
1980-012-14:03:22.18668 CFE_ES_ParseFileEntry: Loading file: /cf/hk.so, APP: HK
EVS Port1 1980-012-14:03:22.27534 66/1/FM 1: Initialization complete: version 7.0.1.255
EVS Port1 1980-012-14:03:22.33851 66/1/FM 72: Child Task initialization complete
1980-012-14:03:22.41505 CFE_ES_ParseFileEntry: Loading file: /cf/hs.so, APP: HS
EVS Port1 1980-012-14:03:22.45075 66/1/HK 1: HK Initialized.  Version 7.0.1.255
1980-012-14:03:22.54059 CFE_ES_ParseFileEntry: Loading file: /cf/mm.so, APP: MM
EVS Port1 1980-012-14:03:22.67408 66/1/HS 54: ExeCount verify results: good = 5, bad = 0, unused = 27
EVS Port1 1980-012-14:03:22.68644 66/1/HS 50: AppMon verify results: good = 0, bad = 0, unused = 32
EVS Port1 1980-012-14:03:22.70840 66/1/MM 1: MM Initialized. Version 7.0.1.255
EVS Port1 1980-012-14:03:22.72593 66/1/HS 52: EventMon verify results: good = 0, bad = 0, unused = 16
1980-012-14:03:22.72843 CFE_ES_ParseFileEntry: Loading file: /cf/sc.so, APP: SC
EVS Port1 1980-012-14:03:22.75958 66/1/HS 56: MsgActs verify results: good = 2, bad = 0, unused = 6
1980-012-14:03:22.80264 HS_SysMonInit(): System Monitor using PSP device ID 0110ff05
CFE_PSP(Linux_SysMon): Started CPU utilization monitoring on 1 CPU(s)
EVS Port1 1980-012-14:03:22.92411 66/1/HS 1: HS Initialized.  Version 7.0.1.255
1980-012-14:03:23.05449 CFE_ES_ParseFileEntry: Loading file: /cf/md.so, APP: MD
EVS Port1 1980-012-14:03:23.14750 66/1/SC 21: RTS table files not loaded at initialization = 0 of 4
EVS Port1 1980-012-14:03:23.17071 66/1/SC 9: SC Initialized. Version 7.0.1.255
1980-012-14:03:23.29542 CFE_ES_ParseFileEntry: Loading file: /cf/cs.so, APP: CS
EVS Port1 1980-012-14:03:23.33448 66/1/MD 52: MD Dwell Tbl verify results: good = 0, bad = 0, unused = 25
EVS Port1 1980-012-14:03:23.40808 66/1/MD 52: MD Dwell Tbl verify results: good = 0, bad = 0, unused = 25
EVS Port1 1980-012-14:03:23.46847 66/1/CS 144: CS EEPROM Table verification results: good = 0, bad = 0, unused = 16
EVS Port1 1980-012-14:03:23.48379 66/1/CS 107: CS EEPROM Table: No valid entries in the table
EVS Port1 1980-012-14:03:23.49215 66/1/MD 52: MD Dwell Tbl verify results: good = 0, bad = 0, unused = 25
EVS Port1 1980-012-14:03:23.52124 66/1/CS 143: CS Memory Table verification results: good = 0, bad = 0, unused = 16
EVS Port1 1980-012-14:03:23.53967 66/1/MD 52: MD Dwell Tbl verify results: good = 0, bad = 0, unused = 25
EVS Port1 1980-012-14:03:23.54078 66/1/CS 107: CS Memory Table: No valid entries in the table
EVS Port1 1980-012-14:03:23.55061 66/1/MD 7: Dwell Tables Recovered: 0, Dwell Tables Initialized: 4
EVS Port1 1980-012-14:03:23.55935 66/1/MD 1: MD Initialized.  Version 7.0.1.255
EVS Port1 1980-012-14:03:23.56294 66/1/CS 139: CS Tables Table verification results: good = 1, bad = 0, unused = 23
EVS Port1 1980-012-14:03:23.59732 66/1/CS 142: CS Apps Table verification results: good = 0, bad = 0, unused = 24
EVS Port1 1980-012-14:03:23.60665 66/1/CS 108: CS Apps Table: No valid entries in the table
EVS Port1 1980-012-14:03:23.61370 66/1/CS 127: OS Text Segment disabled due to platform
EVS Port1 1980-012-14:03:23.61849 66/1/CS 1: CS Initialized. Version 7.0.1.255
{"app":"AI_LEARNER","stage":"binding","verdict":"MATCH","artifact_bytes":4321533,"artifact_sha256":"e382429cbfbf5803","contract_sha256":"e382429cbfbf5803"}
{"app":"AI_LEARNER","stage":"map_branch","model":"wgan","module_ptr_mod64":0,"hal_peak_after_append":0,"contract_const_bytes":4283648,"contract_per_call_bytes":131382784,"arm":"map","admission_mode":"unconditional"}
{"app":"AI_LEARNER","stage":"mem_init","model":"wgan","target":"aarch64-unknown-linux-gnu","hal_peak":602112,"hal_allocated":602112,"bounded":135666432,"peak_within_bounded":true,"inferences_so_far":0,"process_rss_kb":12508,"rss_kb_before_runtime":10864,"rss_kb_after_session":11152,"rss_kb_after_init":12508}
1980-012-14:03:24.51323 CFE_ES_Main: Startup Sync failed - Applications may not have all initialized
1980-012-14:03:24.51574 CFE_ES_Main: CFE_ES_Main entering APPS_INIT state
1980-012-14:03:25.68320 CFE_ES_Main: Startup Sync failed - Applications may not have all started
1980-012-14:03:25.68539 CFE_ES_Main: CFE_ES_Main entering OPERATIONAL state
EVS Port1 1980-012-14:03:25.75039 66/1/TO_LAB 19: L550 TO Lab subscribed to 32 messages from the table
EVS Port1 1980-012-14:03:26.02343 66/1/CFE_TIME 21: Stop FLYWHEEL
..EVS Port1 1980-012-14:03:38.00810 66/1/CFE_TIME 21: Stop FLYWHEEL
EVS Port1 1980-012-14:03:38.99787 66/1/CFE_TIME 20: Start FLYWHEEL
EVS Port1 1980-012-14:03:41.00523 66/1/CFE_TIME 21: Stop FLYWHEEL
EVS Port1 1980-012-14:03:41.99729 66/1/CFE_TIME 20: Start FLYWHEEL
.EVS Port1 1980-012-14:03:45.00877 66/1/CFE_TIME 21: Stop FLYWHEEL
EVS Port1 1980-012-14:03:46.00361 66/1/CFE_TIME 20: Start FLYWHEEL
EVS Port1 1980-012-14:03:48.01736 66/1/CFE_TIME 21: Stop FLYWHEEL
.EVS Port1 1980-012-14:03:49.00154 66/1/CFE_TIME 20: Start FLYWHEEL
EVS Port1 1980-012-14:03:52.11224 66/1/CFE_TIME 20: Start FLYWHEEL
EVS Port1 1980-012-14:03:53.00442 66/1/CFE_TIME 21: Stop FLYWHEEL
...EVS Port1 1980-012-14:04:06.99768 66/1/CFE_TIME 20: Start FLYWHEEL
EVS Port1 1980-012-14:04:07.00561 66/1/CFE_TIME 21: Stop FLYWHEEL
.EVS Port1 1980-012-14:04:16.02497 66/1/CFE_TIME 21: Stop FLYWHEEL
EVS Port1 1980-012-14:04:17.03639 66/1/CFE_TIME 20: Start FLYWHEEL
.EVS Port1 1980-012-14:04:19.08169 66/1/CFE_TIME 20: Start FLYWHEEL
EVS Port1 1980-012-14:04:20.00956 66/1/CFE_TIME 21: Stop FLYWHEEL
EVS Port1 1980-012-14:04:23.85140 66/1/CFE_TIME 20: Start FLYWHEEL
.EVS Port1 1980-012-14:04:24.00982 66/1/CFE_TIME 21: Stop FLYWHEEL
EVS Port1 1980-012-14:04:27.40373 66/1/CFE_TIME 20: Start FLYWHEEL
.....EVS Port1 1980-012-14:04:59.02183 66/1/CFE_TIME 21: Stop FLYWHEEL
EVS Port1 1980-012-14:05:02.18707 66/1/CFE_TIME 20: Start FLYWHEEL
.EVS Port1 1980-012-14:05:08.00286 66/1/CFE_TIME 21: Stop FLYWHEEL
.EVS Port1 1980-012-14:05:11.28334 66/1/CFE_TIME 20: Start FLYWHEEL
.EVS Port1 1980-012-14:05:18.03260 66/1/CFE_TIME 21: Stop FLYWHEEL
EVS Port1 1980-012-14:05:21.02006 66/1/CFE_TIME 21: Stop FLYWHEEL
.EVS Port1 1980-012-14:05:22.00180 66/1/CFE_TIME 20: Start FLYWHEEL
.EVS Port1 1980-012-14:05:28.00300 66/1/CFE_TIME 20: Start FLYWHEEL
EVS Port1 1980-012-14:05:28.02087 66/1/CFE_TIME 21: Stop FLYWHEEL
..EVS Port1 1980-012-14:05:42.00938 66/1/CFE_TIME 21: Stop FLYWHEEL
EVS Port1 1980-012-14:05:42.99894 66/1/CFE_TIME 20: Start FLYWHEEL
.EVS Port1 1980-012-14:05:50.00479 66/1/CFE_TIME 21: Stop FLYWHEEL
EVS Port1 1980-012-14:05:50.99891 66/1/CFE_TIME 20: Start FLYWHEEL
.EVS Port1 1980-012-14:05:52.58113 66/1/HS 61: CPU Hogging Detected
1980-012-14:05:52.58648 HS App: CPU Hogging Detected
EVS Port1 1980-012-14:05:56.06137 66/1/CFE_TIME 20: Start FLYWHEEL
EVS Port1 1980-012-14:05:56.01100 66/1/CFE_TIME 21: Stop FLYWHEEL
..EVS Port1 1980-012-14:06:06.04257 66/1/CFE_TIME 20: Start FLYWHEEL
EVS Port1 1980-012-14:06:06.02183 66/1/CFE_TIME 21: Stop FLYWHEEL
EVS Port1 1980-012-14:06:09.00271 66/1/CFE_TIME 20: Start FLYWHEEL
EVS Port1 1980-012-14:06:09.00631 66/1/CFE_TIME 21: Stop FLYWHEEL
.EVS Port1 1980-012-14:06:14.06976 66/1/CFE_TIME 20: Start FLYWHEEL
EVS Port1 1980-012-14:06:14.00483 66/1/CFE_TIME 21: Stop FLYWHEEL
.EVS Port1 1980-012-14:06:19.33938 66/1/CFE_TIME 20: Start FLYWHEEL
.EVS Port1 1980-012-14:06:21.00584 66/1/CFE_TIME 21: Stop FLYWHEEL
EVS Port1 1980-012-14:06:23.00788 66/1/CFE_TIME 21: Stop FLYWHEEL
EVS Port1 1980-012-14:06:24.01066 66/1/CFE_TIME 20: Start FLYWHEEL
.EVS Port1 1980-012-14:06:29.01577 66/1/CFE_TIME 21: Stop FLYWHEEL
EVS Port1 1980-012-14:06:30.06257 66/1/CFE_TIME 20: Start FLYWHEEL
EVS Port1 1980-012-14:06:32.15899 66/1/CFE_TIME 20: Start FLYWHEEL
.EVS Port1 1980-012-14:06:33.00820 66/1/CFE_TIME 21: Stop FLYWHEEL
EVS Port1 1980-012-14:06:35.00708 66/1/CFE_TIME 21: Stop FLYWHEEL
EVS Port1 1980-012-14:06:36.16383 66/1/CFE_TIME 20: Start FLYWHEEL
EVS Port1 1980-012-14:06:38.47560 66/1/CFE_TIME 20: Start FLYWHEEL
.EVS Port1 1980-012-14:06:39.01174 66/1/CFE_TIME 21: Stop FLYWHEEL
EVS Port1 1980-012-14:06:42.01171 66/1/CFE_TIME 21: Stop FLYWHEEL
EVS Port1 1980-012-14:06:43.03646 66/1/CFE_TIME 20: Start FLYWHEEL
.EVS Port1 1980-012-14:06:45.22630 66/1/CFE_TIME 20: Start FLYWHEEL
...EVS Port1 1980-012-14:07:08.01611 66/1/CFE_TIME 21: Stop FLYWHEEL
.EVS Port1 1980-012-14:07:11.13101 66/1/CFE_TIME 20: Start FLYWHEEL
EVS Port1 1980-012-14:07:13.01295 66/1/CFE_TIME 21: Stop FLYWHEEL
.EVS Port1 1980-012-14:07:16.21032 66/1/CFE_TIME 20: Start FLYWHEEL
EVS Port1 1980-012-14:07:17.00566 66/1/CFE_TIME 21: Stop FLYWHEEL
EVS Port1 1980-012-14:07:19.01173 66/1/CFE_TIME 21: Stop FLYWHEEL
.EVS Port1 1980-012-14:07:20.00248 66/1/CFE_TIME 20: Start FLYWHEEL
EVS Port1 1980-012-14:07:25.01272 66/1/CFE_TIME 21: Stop FLYWHEEL
.EVS Port1 1980-012-14:07:25.99583 66/1/CFE_TIME 20: Start FLYWHEEL
EVS Port1 1980-012-14:07:29.99855 66/1/CFE_TIME 20: Start FLYWHEEL
EVS Port1 1980-012-14:07:30.00396 66/1/CFE_TIME 21: Stop FLYWHEEL
.EVS Port1 1980-012-14:07:33.00584 66/1/CFE_TIME 21: Stop FLYWHEEL
EVS Port1 1980-012-14:07:33.99504 66/1/CFE_TIME 20: Start FLYWHEEL
.EVS Port1 1980-012-14:07:37.99571 66/1/CFE_TIME 20: Start FLYWHEEL
EVS Port1 1980-012-14:07:38.00759 66/1/CFE_TIME 21: Stop FLYWHEEL
EVS Port1 1980-012-14:07:41.00712 66/1/CFE_TIME 21: Stop FLYWHEEL
EVS Port1 1980-012-14:07:42.00625 66/1/CFE_TIME 20: Start FLYWHEEL
.EVS Port1 1980-012-14:07:43.99880 66/1/CFE_TIME 20: Start FLYWHEEL
EVS Port1 1980-012-14:07:44.00958 66/1/CFE_TIME 21: Stop FLYWHEEL
EVS Port1 1980-012-14:07:48.24502 66/1/CFE_TIME 20: Start FLYWHEEL
EVS Port1 1980-012-14:07:48.01091 66/1/CFE_TIME 21: Stop FLYWHEEL
.EVS Port1 1980-012-14:07:54.00387 66/1/CFE_TIME 21: Stop FLYWHEEL
EVS Port1 1980-012-14:07:54.99887 66/1/CFE_TIME 20: Start FLYWHEEL
.EVS Port1 1980-012-14:08:00.00439 66/1/CFE_TIME 21: Stop FLYWHEEL
EVS Port1 1980-012-14:08:00.99891 66/1/CFE_TIME 20: Start FLYWHEEL
.EVS Port1 1980-012-14:08:03.00891 66/1/CFE_TIME 21: Stop FLYWHEEL
EVS Port1 1980-012-14:08:03.99720 66/1/CFE_TIME 20: Start FLYWHEEL
EVS Port1 1980-012-14:08:06.01004 66/1/CFE_TIME 21: Stop FLYWHEEL
EVS Port1 1980-012-14:08:07.01220 66/1/CFE_TIME 20: Start FLYWHEEL
.EVS Port1 1980-012-14:08:08.00942 66/1/CFE_TIME 21: Stop FLYWHEEL
EVS Port1 1980-012-14:08:09.01583 66/1/CFE_TIME 20: Start FLYWHEEL
EVS Port1 1980-012-14:08:10.01156 66/1/CFE_TIME 21: Stop FLYWHEEL
EVS Port1 1980-012-14:08:10.99263 66/1/CFE_TIME 20: Start FLYWHEEL
.EVS Port1 1980-012-14:08:16.34188 66/1/CFE_TIME 20: Start FLYWHEEL
EVS Port1 1980-012-14:08:17.00349 66/1/CFE_TIME 21: Stop FLYWHEEL
.EVS Port1 1980-012-14:08:25.01124 66/1/CFE_TIME 21: Stop FLYWHEEL
.EVS Port1 1980-012-14:08:25.99996 66/1/CFE_TIME 20: Start FLYWHEEL
.EVS Port1 1980-012-14:08:37.08044 66/1/CFE_TIME 20: Start FLYWHEEL
EVS Port1 1980-012-14:08:37.00929 66/1/CFE_TIME 21: Stop FLYWHEEL
.EVS Port1 1980-012-14:08:40.03128 66/1/CFE_TIME 21: Stop FLYWHEEL
EVS Port1 1980-012-14:08:40.99383 66/1/CFE_TIME 20: Start FLYWHEEL
.EVS Port1 1980-012-14:08:44.20527 66/1/CFE_TIME 20: Start FLYWHEEL
EVS Port1 1980-012-14:08:45.01121 66/1/CFE_TIME 21: Stop FLYWHEEL
EVS Port1 1980-012-14:08:47.01876 66/1/CFE_TIME 21: Stop FLYWHEEL
EVS Port1 1980-012-14:08:47.99743 66/1/CFE_TIME 20: Start FLYWHEEL
..EVS Port1 1980-012-14:08:57.00677 66/1/CFE_TIME 20: Start FLYWHEEL
EVS Port1 1980-012-14:08:59.01234 66/1/CFE_TIME 21: Stop FLYWHEEL
.EVS Port1 1980-012-14:09:02.03030 66/1/CFE_TIME 21: Stop FLYWHEEL
EVS Port1 1980-012-14:09:02.98512 66/1/CFE_TIME 20: Start FLYWHEEL
EVS Port1 1980-012-14:09:05.02577 66/1/CFE_TIME 21: Stop FLYWHEEL
EVS Port1 1980-012-14:09:06.02389 66/1/CFE_TIME 20: Start FLYWHEEL
.EVS Port1 1980-012-14:09:07.01693 66/1/CFE_TIME 21: Stop FLYWHEEL
EVS Port1 1980-012-14:09:08.01092 66/1/CFE_TIME 20: Start FLYWHEEL
EVS Port1 1980-012-14:09:10.03318 66/1/CFE_TIME 20: Start FLYWHEEL
EVS Port1 1980-012-14:09:11.00874 66/1/CFE_TIME 21: Stop FLYWHEEL
.EVS Port1 1980-012-14:09:16.90527 66/1/CFE_TIME 20: Start FLYWHEEL
.EVS Port1 1980-012-14:09:19.01034 66/1/CFE_TIME 21: Stop FLYWHEEL
EVS Port1 1980-012-14:09:21.02253 66/1/CFE_TIME 21: Stop FLYWHEEL
EVS Port1 1980-012-14:09:22.00256 66/1/CFE_TIME 20: Start FLYWHEEL
..EVS Port1 1980-012-14:09:34.09266 66/1/CFE_TIME 20: Start FLYWHEEL
EVS Port1 1980-012-14:09:36.01869 66/1/CFE_TIME 21: Stop FLYWHEEL
.EVS Port1 1980-012-14:09:39.68673 66/1/CFE_TIME 20: Start FLYWHEEL
EVS Port1 1980-012-14:09:41.00837 66/1/CFE_TIME 21: Stop FLYWHEEL
.EVS Port1 1980-012-14:09:44.00711 66/1/CFE_TIME 21: Stop FLYWHEEL
EVS Port1 1980-012-14:09:45.02105 66/1/CFE_TIME 20: Start FLYWHEEL
EVS Port1 1980-012-14:09:47.01832 66/1/CFE_TIME 20: Start FLYWHEEL
.EVS Port1 1980-012-14:09:49.00650 66/1/CFE_TIME 21: Stop FLYWHEEL
..EVS Port1 1980-012-14:10:01.01519 66/1/CFE_TIME 21: Stop FLYWHEEL
EVS Port1 1980-012-14:10:02.00611 66/1/CFE_TIME 20: Start FLYWHEEL
..EVS Port1 1980-012-14:10:13.07823 66/1/CFE_TIME 20: Start FLYWHEEL
EVS Port1 1980-012-14:10:15.00508 66/1/CFE_TIME 21: Stop FLYWHEEL
.EVS Port1 1980-012-14:10:21.03085 66/1/CFE_TIME 21: Stop FLYWHEEL
EVS Port1 1980-012-14:10:21.98881 66/1/CFE_TIME 20: Start FLYWHEEL
.EVS Port1 1980-012-14:10:28.08068 66/1/CFE_TIME 20: Start FLYWHEEL
EVS Port1 1980-012-14:10:29.00764 66/1/CFE_TIME 21: Stop FLYWHEEL
.EVS Port1 1980-012-14:10:31.01821 66/1/CFE_TIME 21: Stop FLYWHEEL
EVS Port1 1980-012-14:10:32.00614 66/1/CFE_TIME 20: Start FLYWHEEL
EVS Port1 1980-012-14:10:33.00611 66/1/CFE_TIME 21: Stop FLYWHEEL
EVS Port1 1980-012-14:10:34.01364 66/1/CFE_TIME 20: Start FLYWHEEL
EVS Port1 1980-012-14:10:35.01025 66/1/CFE_TIME 21: Stop FLYWHEEL
.EVS Port1 1980-012-14:10:35.99311 66/1/CFE_TIME 20: Start FLYWHEEL
.EVS Port1 1980-012-14:10:44.08779 66/1/CFE_TIME 20: Start FLYWHEEL
EVS Port1 1980-012-14:10:44.01208 66/1/CFE_TIME 21: Stop FLYWHEEL
EVS Port1 1980-012-14:10:47.02249 66/1/CFE_TIME 21: Stop FLYWHEEL
.EVS Port1 1980-012-14:10:47.98304 66/1/CFE_TIME 20: Start FLYWHEEL
...EVS Port1 1980-012-14:11:10.00604 66/1/CFE_TIME 21: Stop FLYWHEEL
EVS Port1 1980-012-14:11:11.00683 66/1/CFE_TIME 20: Start FLYWHEEL
.EVS Port1 1980-012-14:11:13.35507 66/1/CFE_TIME 20: Start FLYWHEEL
EVS Port1 1980-012-14:11:14.00434 66/1/CFE_TIME 21: Stop FLYWHEEL
.EVS Port1 1980-012-14:11:20.00985 66/1/CFE_TIME 21: Stop FLYWHEEL
EVS Port1 1980-012-14:11:20.99610 66/1/CFE_TIME 20: Start FLYWHEEL
.EVS Port1 1980-012-14:11:23.00602 66/1/CFE_TIME 21: Stop FLYWHEEL
EVS Port1 1980-012-14:11:24.05517 66/1/CFE_TIME 20: Start FLYWHEEL
EVS Port1 1980-012-14:11:25.02911 66/1/CFE_TIME 21: Stop FLYWHEEL
EVS Port1 1980-012-14:11:26.23727 66/1/CFE_TIME 20: Start FLYWHEEL
EVS Port1 1980-012-14:11:28.39280 66/1/CFE_TIME 20: Start FLYWHEEL
.EVS Port1 1980-012-14:11:33.03160 66/1/CFE_TIME 21: Stop FLYWHEEL
.EVS Port1 1980-012-14:11:37.66143 66/1/CFE_TIME 20: Start FLYWHEEL
.....EVS Port1 1980-012-14:12:04.03738 66/1/CFE_TIME 21: Stop FLYWHEEL
EVS Port1 1980-012-14:12:08.00784 66/1/CFE_TIME 21: Stop FLYWHEEL
EVS Port1 1980-012-14:12:09.04452 66/1/CFE_TIME 20: Start FLYWHEEL
.EVS Port1 1980-012-14:12:11.48258 66/1/CFE_TIME 20: Start FLYWHEEL
EVS Port1 1980-012-14:12:14.04310 66/1/CFE_TIME 21: Stop FLYWHEEL
..EVS Port1 1980-012-14:12:24.01039 66/1/CFE_TIME 21: Stop FLYWHEEL
EVS Port1 1980-012-14:12:25.00865 66/1/CFE_TIME 20: Start FLYWHEEL
EVS Port1 1980-012-14:12:26.00303 66/1/CFE_TIME 21: Stop FLYWHEEL
.EVS Port1 1980-012-14:12:27.00044 66/1/CFE_TIME 20: Start FLYWHEEL
EVS Port1 1980-012-14:12:29.00816 66/1/CFE_TIME 20: Start FLYWHEEL
EVS Port1 1980-012-14:12:29.00709 66/1/CFE_TIME 21: Stop FLYWHEEL
.EVS Port1 1980-012-14:12:34.02522 66/1/CFE_TIME 20: Start FLYWHEEL
EVS Port1 1980-012-14:12:35.00968 66/1/CFE_TIME 21: Stop FLYWHEEL
.EVS Port1 1980-012-14:12:40.01019 66/1/CFE_TIME 21: Stop FLYWHEEL
EVS Port1 1980-012-14:12:40.99925 66/1/CFE_TIME 20: Start FLYWHEEL
..EVS Port1 1980-012-14:12:53.00938 66/1/CFE_TIME 21: Stop FLYWHEEL
EVS Port1 1980-012-14:12:54.00439 66/1/CFE_TIME 20: Start FLYWHEEL
...EVS Port1 1980-012-14:13:10.37866 66/1/CFE_TIME 20: Start FLYWHEEL
EVS Port1 1980-012-14:13:10.00802 66/1/CFE_TIME 21: Stop FLYWHEEL
..EVS Port1 1980-012-14:13:25.99856 66/1/CFE_TIME 20: Start FLYWHEEL
EVS Port1 1980-012-14:13:26.01110 66/1/CFE_TIME 21: Stop FLYWHEEL
..EVS Port1 1980-012-14:13:33.00534 66/1/CFE_TIME 21: Stop FLYWHEEL
EVS Port1 1980-012-14:13:34.00772 66/1/CFE_TIME 20: Start FLYWHEEL
.EVS Port1 1980-012-14:13:39.00820 66/1/CFE_TIME 21: Stop FLYWHEEL
EVS Port1 1980-012-14:13:39.99298 66/1/CFE_TIME 20: Start FLYWHEEL
EVS Port1 1980-012-14:13:42.00541 66/1/CFE_TIME 21: Stop FLYWHEEL
EVS Port1 1980-012-14:13:42.99987 66/1/CFE_TIME 20: Start FLYWHEEL
...EVS Port1 1980-012-14:14:00.06704 66/1/CFE_TIME 20: Start FLYWHEEL
EVS Port1 1980-012-14:14:00.00599 66/1/CFE_TIME 21: Stop FLYWHEEL
.EVS Port1 1980-012-14:14:03.97308 66/1/CFE_TIME 20: Start FLYWHEEL
EVS Port1 1980-012-14:14:04.01582 66/1/CFE_TIME 21: Stop FLYWHEEL
.EVS Port1 1980-012-14:14:08.19258 66/1/CFE_TIME 20: Start FLYWHEEL
EVS Port1 1980-012-14:14:09.00927 66/1/CFE_TIME 21: Stop FLYWHEEL
..EVS Port1 1980-012-14:14:23.05015 66/1/CFE_TIME 20: Start FLYWHEEL
EVS Port1 1980-012-14:14:24.00868 66/1/CFE_TIME 21: Stop FLYWHEEL
.EVS Port1 1980-012-14:14:26.01527 66/1/CFE_TIME 21: Stop FLYWHEEL
EVS Port1 1980-012-14:14:27.05584 66/1/CFE_TIME 20: Start FLYWHEEL
EVS Port1 1980-012-14:14:28.00765 66/1/CFE_TIME 21: Stop FLYWHEEL
EVS Port1 1980-012-14:14:29.01168 66/1/CFE_TIME 20: Start FLYWHEEL
.EVS Port1 1980-012-14:14:31.07203 66/1/CFE_TIME 20: Start FLYWHEEL
EVS Port1 1980-012-14:14:32.01034 66/1/CFE_TIME 21: Stop FLYWHEEL
EVS Port1 1980-012-14:14:36.27839 66/1/CFE_TIME 20: Start FLYWHEEL
.EVS Port1 1980-012-14:14:38.00856 66/1/CFE_TIME 21: Stop FLYWHEEL
.EVS Port1 1980-012-14:14:44.01399 66/1/CFE_TIME 21: Stop FLYWHEEL
EVS Port1 1980-012-14:14:45.00178 66/1/CFE_TIME 20: Start FLYWHEEL
EVS Port1 1980-012-14:14:46.03842 66/1/CFE_TIME 21: Stop FLYWHEEL
EVS Port1 1980-012-14:14:47.15422 66/1/CFE_TIME 20: Start FLYWHEEL
.EVS Port1 1980-012-14:14:49.21676 66/1/CFE_TIME 20: Start FLYWHEEL
EVS Port1 1980-012-14:14:49.00694 66/1/CFE_TIME 21: Stop FLYWHEEL
.EVS Port1 1980-012-14:14:57.02033 66/1/CFE_TIME 20: Start FLYWHEEL
EVS Port1 1980-012-14:14:58.00633 66/1/CFE_TIME 21: Stop FLYWHEEL
.EVS Port1 1980-012-14:15:05.42007 66/1/CFE_TIME 20: Start FLYWHEEL
.EVS Port1 1980-012-14:15:07.02180 66/1/CFE_TIME 21: Stop FLYWHEEL
EVS Port1 1980-012-14:15:09.03805 66/1/CFE_TIME 21: Stop FLYWHEEL
EVS Port1 1980-012-14:15:10.05293 66/1/CFE_TIME 20: Start FLYWHEEL
.EVS Port1 1980-012-14:15:12.15966 66/1/CFE_TIME 20: Start FLYWHEEL
EVS Port1 1980-012-14:15:12.01742 66/1/CFE_TIME 21: Stop FLYWHEEL
EVS Port1 1980-012-14:15:15.04907 66/1/CFE_TIME 21: Stop FLYWHEEL
EVS Port1 1980-012-14:15:16.06277 66/1/CFE_TIME 20: Start FLYWHEEL
.EVS Port1 1980-012-14:15:18.09565 66/1/CFE_TIME 20: Start FLYWHEEL
EVS Port1 1980-012-14:15:19.01695 66/1/CFE_TIME 21: Stop FLYWHEEL
EVS Port1 1980-012-14:15:22.06716 66/1/CFE_TIME 20: Start FLYWHEEL
EVS Port1 1980-012-14:15:22.00736 66/1/CFE_TIME 21: Stop FLYWHEEL
..EVS Port1 1980-012-14:15:30.06469 66/1/CFE_TIME 20: Start FLYWHEEL
EVS Port1 1980-012-14:15:30.02558 66/1/CFE_TIME 21: Stop FLYWHEEL
.EVS Port1 1980-012-14:15:36.27482 66/1/CFE_TIME 20: Start FLYWHEEL
EVS Port1 1980-012-14:15:36.00462 66/1/CFE_TIME 21: Stop FLYWHEEL
.EVS Port1 1980-012-14:15:43.00604 66/1/CFE_TIME 20: Start FLYWHEEL
EVS Port1 1980-012-14:15:43.00953 66/1/CFE_TIME 21: Stop FLYWHEEL
.EVS Port1 1980-012-14:15:48.07632 66/1/CFE_TIME 20: Start FLYWHEEL
EVS Port1 1980-012-14:15:49.00961 66/1/CFE_TIME 21: Stop FLYWHEEL
EVS Port1 1980-012-14:15:51.01147 66/1/CFE_TIME 21: Stop FLYWHEEL
EVS Port1 1980-012-14:15:52.00927 66/1/CFE_TIME 20: Start FLYWHEEL
.EVS Port1 1980-012-14:15:54.00828 66/1/CFE_TIME 21: Stop FLYWHEEL
EVS Port1 1980-012-14:15:55.00137 66/1/CFE_TIME 20: Start FLYWHEEL
EVS Port1 1980-012-14:15:57.02227 66/1/CFE_TIME 21: Stop FLYWHEEL
EVS Port1 1980-012-14:15:58.04124 66/1/CFE_TIME 20: Start FLYWHEEL
.EVS Port1 1980-012-14:15:59.01025 66/1/CFE_TIME 21: Stop FLYWHEEL
EVS Port1 1980-012-14:16:00.01162 66/1/CFE_TIME 20: Start FLYWHEEL
EVS Port1 1980-012-14:16:01.01084 66/1/CFE_TIME 21: Stop FLYWHEEL
EVS Port1 1980-012-14:16:02.08396 66/1/CFE_TIME 20: Start FLYWHEEL
EVS Port1 1980-012-14:16:04.11865 66/1/CFE_TIME 20: Start FLYWHEEL
.EVS Port1 1980-012-14:16:06.01751 66/1/CFE_TIME 21: Stop FLYWHEEL
EVS Port1 1980-012-14:16:08.00747 66/1/CFE_TIME 21: Stop FLYWHEEL
EVS Port1 1980-012-14:16:09.05126 66/1/CFE_TIME 20: Start FLYWHEEL
EVS Port1 1980-012-14:16:10.02156 66/1/CFE_TIME 21: Stop FLYWHEEL
.EVS Port1 1980-012-14:16:10.99932 66/1/CFE_TIME 20: Start FLYWHEEL
EVS Port1 1980-012-14:16:15.00616 66/1/CFE_TIME 20: Start FLYWHEEL
EVS Port1 1980-012-14:16:15.00810 66/1/CFE_TIME 21: Stop FLYWHEEL
.EVS Port1 1980-012-14:16:21.11770 66/1/CFE_TIME 20: Start FLYWHEEL
EVS Port1 1980-012-14:16:21.00819 66/1/CFE_TIME 21: Stop FLYWHEEL
.EVS Port1 1980-012-14:16:23.00975 66/1/CFE_TIME 21: Stop FLYWHEEL
EVS Port1 1980-012-14:16:24.02970 66/1/CFE_TIME 20: Start FLYWHEEL
EVS Port1 1980-012-14:16:25.00920 66/1/CFE_TIME 21: Stop FLYWHEEL
EVS Port1 1980-012-14:16:25.99382 66/1/CFE_TIME 20: Start FLYWHEEL
EVS Port1 1980-012-14:16:28.01313 66/1/CFE_TIME 21: Stop FLYWHEEL
.EVS Port1 1980-012-14:16:29.05694 66/1/CFE_TIME 20: Start FLYWHEEL
EVS Port1 1980-012-14:16:31.04718 66/1/CFE_TIME 20: Start FLYWHEEL
EVS Port1 1980-012-14:16:31.03373 66/1/CFE_TIME 21: Stop FLYWHEEL
EVS Port1 1980-012-14:16:34.22250 66/1/CFE_TIME 20: Start FLYWHEEL
EVS Port1 1980-012-14:16:34.00489 66/1/CFE_TIME 21: Stop FLYWHEEL
..EVS Port1 1980-012-14:16:43.01254 66/1/CFE_TIME 21: Stop FLYWHEEL
EVS Port1 1980-012-14:16:43.97335 66/1/CFE_TIME 20: Start FLYWHEEL
.EVS Port1 1980-012-14:16:47.02497 66/1/CFE_TIME 21: Stop FLYWHEEL
EVS Port1 1980-012-14:16:48.01248 66/1/CFE_TIME 20: Start FLYWHEEL
..EVS Port1 1980-012-14:17:03.16139 66/1/CFE_TIME 20: Start FLYWHEEL
.EVS Port1 1980-012-14:17:05.00814 66/1/CFE_TIME 21: Stop FLYWHEEL
..EVS Port1 1980-012-14:17:17.01054 66/1/CFE_TIME 21: Stop FLYWHEEL
EVS Port1 1980-012-14:17:17.99116 66/1/CFE_TIME 20: Start FLYWHEEL
.EVS Port1 1980-012-14:17:23.00656 66/1/CFE_TIME 21: Stop FLYWHEEL
EVS Port1 1980-012-14:17:23.99913 66/1/CFE_TIME 20: Start FLYWHEEL
EVS Port1 1980-012-14:17:28.01362 66/1/CFE_TIME 21: Stop FLYWHEEL
.EVS Port1 1980-012-14:17:28.98091 66/1/CFE_TIME 20: Start FLYWHEEL
EVS Port1 1980-012-14:17:33.00865 66/1/CFE_TIME 21: Stop FLYWHEEL
EVS Port1 1980-012-14:17:33.99836 66/1/CFE_TIME 20: Start FLYWHEEL
.EVS Port1 1980-012-14:17:36.01327 66/1/CFE_TIME 21: Stop FLYWHEEL
EVS Port1 1980-012-14:17:37.01828 66/1/CFE_TIME 20: Start FLYWHEEL
EVS Port1 1980-012-14:17:38.02447 66/1/CFE_TIME 21: Stop FLYWHEEL
EVS Port1 1980-012-14:17:38.98318 66/1/CFE_TIME 20: Start FLYWHEEL
.EVS Port1 1980-012-14:17:44.00744 66/1/CFE_TIME 21: Stop FLYWHEEL
EVS Port1 1980-012-14:17:45.00445 66/1/CFE_TIME 20: Start FLYWHEEL
.EVS Port1 1980-012-14:17:47.00325 66/1/CFE_TIME 21: Stop FLYWHEEL
EVS Port1 1980-012-14:17:48.00132 66/1/CFE_TIME 20: Start FLYWHEEL
.EVS Port1 1980-012-14:17:57.00486 66/1/CFE_TIME 21: Stop FLYWHEEL
.EVS Port1 1980-012-14:17:57.99688 66/1/CFE_TIME 20: Start FLYWHEEL
EVS Port1 1980-012-14:18:03.00939 66/1/CFE_TIME 21: Stop FLYWHEEL
.EVS Port1 1980-012-14:18:04.08666 66/1/CFE_TIME 20: Start FLYWHEEL
EVS Port1 1980-012-14:18:05.00871 66/1/CFE_TIME 21: Stop FLYWHEEL
EVS Port1 1980-012-14:18:06.00596 66/1/CFE_TIME 20: Start FLYWHEEL
EVS Port1 1980-012-14:18:08.00447 66/1/CFE_TIME 20: Start FLYWHEEL
.EVS Port1 1980-012-14:18:10.00340 66/1/CFE_TIME 21: Stop FLYWHEEL
.EVS Port1 1980-012-14:18:15.99964 66/1/CFE_TIME 20: Start FLYWHEEL
EVS Port1 1980-012-14:18:16.00614 66/1/CFE_TIME 21: Stop FLYWHEEL
.EVS Port1 1980-012-14:18:26.02854 66/1/CFE_TIME 21: Stop FLYWHEEL
EVS Port1 1980-012-14:18:27.00828 66/1/CFE_TIME 20: Start FLYWHEEL
.EVS Port1 1980-012-14:18:33.32766 66/1/CFE_TIME 20: Start FLYWHEEL
.EVS Port1 1980-012-14:18:35.00772 66/1/CFE_TIME 21: Stop FLYWHEEL
EVS Port1 1980-012-14:18:37.00706 66/1/CFE_TIME 21: Stop FLYWHEEL
EVS Port1 1980-012-14:18:37.99816 66/1/CFE_TIME 20: Start FLYWHEEL
.EVS Port1 1980-012-14:18:41.01660 66/1/CFE_TIME 21: Stop FLYWHEEL
EVS Port1 1980-012-14:18:41.99530 66/1/CFE_TIME 20: Start FLYWHEEL
.EVS Port1 1980-012-14:18:47.01344 66/1/CFE_TIME 21: Stop FLYWHEEL
EVS Port1 1980-012-14:18:48.00559 66/1/CFE_TIME 20: Start FLYWHEEL
.EVS Port1 1980-012-14:18:54.02218 66/1/CFE_TIME 21: Stop FLYWHEEL
EVS Port1 1980-012-14:18:55.03324 66/1/CFE_TIME 20: Start FLYWHEEL
EVS Port1 1980-012-14:18:56.00498 66/1/CFE_TIME 21: Stop FLYWHEEL
EVS Port1 1980-012-14:18:56.99790 66/1/CFE_TIME 20: Start FLYWHEEL
.EVS Port1 1980-012-14:19:00.02343 66/1/CFE_TIME 20: Start FLYWHEEL
EVS Port1 1980-012-14:19:02.00621 66/1/CFE_TIME 21: Stop FLYWHEEL
.EVS Port1 1980-012-14:19:05.00711 66/1/CFE_TIME 21: Stop FLYWHEEL
EVS Port1 1980-012-14:19:06.00895 66/1/CFE_TIME 20: Start FLYWHEEL
EVS Port1 1980-012-14:19:07.00605 66/1/CFE_TIME 21: Stop FLYWHEEL
EVS Port1 1980-012-14:19:07.99580 66/1/CFE_TIME 20: Start FLYWHEEL
..EVS Port1 1980-012-14:19:19.21588 66/1/CFE_TIME 20: Start FLYWHEEL
.EVS Port1 1980-012-14:19:21.05622 66/1/CFE_TIME 21: Stop FLYWHEEL
EVS Port1 1980-012-14:19:24.30102 66/1/CFE_TIME 20: Start FLYWHEEL
EVS Port1 1980-012-14:19:25.01927 66/1/CFE_TIME 21: Stop FLYWHEEL
.EVS Port1 1980-012-14:19:28.02122 66/1/CFE_TIME 21: Stop FLYWHEEL
EVS Port1 1980-012-14:19:29.02087 66/1/CFE_TIME 20: Start FLYWHEEL
EVS Port1 1980-012-14:19:31.26159 66/1/CFE_TIME 20: Start FLYWHEEL
.EVS Port1 1980-012-14:19:33.00866 66/1/CFE_TIME 21: Stop FLYWHEEL
EVS Port1 1980-012-14:19:36.01138 66/1/CFE_TIME 21: Stop FLYWHEEL
EVS Port1 1980-012-14:19:36.99620 66/1/CFE_TIME 20: Start FLYWHEEL
..EVS Port1 1980-012-14:19:47.01412 66/1/CFE_TIME 21: Stop FLYWHEEL
EVS Port1 1980-012-14:19:48.00303 66/1/CFE_TIME 20: Start FLYWHEEL
..EVS Port1 1980-012-14:19:57.01580 66/1/CFE_TIME 21: Stop FLYWHEEL
EVS Port1 1980-012-14:19:58.01585 66/1/CFE_TIME 20: Start FLYWHEEL
EVS Port1 1980-012-14:20:00.36711 66/1/CFE_TIME 20: Start FLYWHEEL
.EVS Port1 1980-012-14:20:04.00616 66/1/CFE_TIME 21: Stop FLYWHEEL
.EVS Port1 1980-012-14:20:11.01411 66/1/CFE_TIME 21: Stop FLYWHEEL
EVS Port1 1980-012-14:20:11.99642 66/1/CFE_TIME 20: Start FLYWHEEL
.EVS Port1 1980-012-14:20:15.02127 66/1/CFE_TIME 21: Stop FLYWHEEL
EVS Port1 1980-012-14:20:16.02098 66/1/CFE_TIME 20: Start FLYWHEEL
EVS Port1 1980-012-14:20:17.00714 66/1/CFE_TIME 21: Stop FLYWHEEL
EVS Port1 1980-012-14:20:17.99407 66/1/CFE_TIME 20: Start FLYWHEEL
..EVS Port1 1980-012-14:20:29.01860 66/1/CFE_TIME 21: Stop FLYWHEEL
EVS Port1 1980-012-14:20:29.99598 66/1/CFE_TIME 20: Start FLYWHEEL
..EVS Port1 1980-012-14:20:42.00431 66/1/CFE_TIME 21: Stop FLYWHEEL
EVS Port1 1980-012-14:20:42.99900 66/1/CFE_TIME 20: Start FLYWHEEL
..EVS Port1 1980-012-14:20:52.01127 66/1/CFE_TIME 20: Start FLYWHEEL
EVS Port1 1980-012-14:20:52.00732 66/1/CFE_TIME 21: Stop FLYWHEEL
.EVS Port1 1980-012-14:20:58.09707 66/1/CFE_TIME 20: Start FLYWHEEL
EVS Port1 1980-012-14:20:58.00709 66/1/CFE_TIME 21: Stop FLYWHEEL
EVS Port1 1980-012-14:21:00.01376 66/1/CFE_TIME 21: Stop FLYWHEEL
EVS Port1 1980-012-14:21:01.00561 66/1/CFE_TIME 20: Start FLYWHEEL
.EVS Port1 1980-012-14:21:03.00547 66/1/CFE_TIME 20: Start FLYWHEEL
EVS Port1 1980-012-14:21:03.01493 66/1/CFE_TIME 21: Stop FLYWHEEL
.EVS Port1 1980-012-14:21:07.26863 66/1/CFE_TIME 20: Start FLYWHEEL
EVS Port1 1980-012-14:21:07.00811 66/1/CFE_TIME 21: Stop FLYWHEEL
...EVS Port1 1980-012-14:21:25.02540 66/1/CFE_TIME 21: Stop FLYWHEEL
EVS Port1 1980-012-14:21:25.99374 66/1/CFE_TIME 20: Start FLYWHEEL
EVS Port1 1980-012-14:21:29.50149 66/1/CFE_TIME 20: Start FLYWHEEL
EVS Port1 1980-012-14:21:30.01133 66/1/CFE_TIME 21: Stop FLYWHEEL
.EVS Port1 1980-012-14:21:34.08375 66/1/CFE_TIME 20: Start FLYWHEEL
EVS Port1 1980-012-14:21:34.00514 66/1/CFE_TIME 21: Stop FLYWHEEL
.EVS Port1 1980-012-14:21:40.03883 66/1/CFE_TIME 20: Start FLYWHEEL
.EVS Port1 1980-012-14:21:43.01797 66/1/CFE_TIME 21: Stop FLYWHEEL
EVS Port1 1980-012-14:21:48.06294 66/1/CFE_TIME 20: Start FLYWHEEL
EVS Port1 1980-012-14:21:48.00914 66/1/CFE_TIME 21: Stop FLYWHEEL
.EVS Port1 1980-012-14:21:51.31909 66/1/CFE_TIME 20: Start FLYWHEEL
EVS Port1 1980-012-14:21:52.02522 66/1/CFE_TIME 21: Stop FLYWHEEL
.EVS Port1 1980-012-14:21:54.01943 66/1/CFE_TIME 21: Stop FLYWHEEL
EVS Port1 1980-012-14:21:55.15406 66/1/CFE_TIME 20: Start FLYWHEEL
EVS Port1 1980-012-14:21:57.44349 66/1/CFE_TIME 20: Start FLYWHEEL
.EVS Port1 1980-012-14:22:00.00563 66/1/CFE_TIME 21: Stop FLYWHEEL
.EVS Port1 1980-012-14:22:06.20344 66/1/CFE_TIME 20: Start FLYWHEEL
EVS Port1 1980-012-14:22:06.00909 66/1/CFE_TIME 21: Stop FLYWHEEL
.EVS Port1 1980-012-14:22:11.15730 66/1/CFE_TIME 20: Start FLYWHEEL
EVS Port1 1980-012-14:22:13.00294 66/1/CFE_TIME 21: Stop FLYWHEEL
.EVS Port1 1980-012-14:22:21.00830 66/1/CFE_TIME 21: Stop FLYWHEEL
EVS Port1 1980-012-14:22:22.00746 66/1/CFE_TIME 20: Start FLYWHEEL
.EVS Port1 1980-012-14:22:27.29669 66/1/CFE_TIME 20: Start FLYWHEEL
EVS Port1 1980-012-14:22:28.02139 66/1/CFE_TIME 21: Stop FLYWHEEL
.EVS Port1 1980-012-14:22:34.00587 66/1/CFE_TIME 21: Stop FLYWHEEL
.EVS Port1 1980-012-14:22:34.99850 66/1/CFE_TIME 20: Start FLYWHEEL
.EVS Port1 1980-012-14:22:42.00633 66/1/CFE_TIME 21: Stop FLYWHEEL
EVS Port1 1980-012-14:22:43.01823 66/1/CFE_TIME 20: Start FLYWHEEL
EVS Port1 1980-012-14:22:44.01399 66/1/CFE_TIME 21: Stop FLYWHEEL
EVS Port1 1980-012-14:22:45.01672 66/1/CFE_TIME 20: Start FLYWHEEL
EVS Port1 1980-012-14:22:46.00990 66/1/CFE_TIME 21: Stop FLYWHEEL
.EVS Port1 1980-012-14:22:46.99935 66/1/CFE_TIME 20: Start FLYWHEEL
.EVS Port1 1980-012-14:22:57.22006 66/1/CFE_TIME 20: Start FLYWHEEL
EVS Port1 1980-012-14:22:57.00444 66/1/CFE_TIME 21: Stop FLYWHEEL
.....EVS Port1 1980-012-14:23:25.37295 66/1/CFE_TIME 20: Start FLYWHEEL
EVS Port1 1980-012-14:23:26.00653 66/1/CFE_TIME 21: Stop FLYWHEEL
....EVS Port1 1980-012-14:23:47.01193 66/1/CFE_TIME 21: Stop FLYWHEEL
EVS Port1 1980-012-14:23:48.16607 66/1/CFE_TIME 20: Start FLYWHEEL
EVS Port1 1980-012-14:23:50.15890 66/1/CFE_TIME 20: Start FLYWHEEL
EVS Port1 1980-012-14:23:50.00773 66/1/CFE_TIME 21: Stop FLYWHEEL
.EVS Port1 1980-012-14:23:56.16789 66/1/CFE_TIME 20: Start FLYWHEEL
EVS Port1 1980-012-14:23:56.00799 66/1/CFE_TIME 21: Stop FLYWHEEL
.EVS Port1 1980-012-14:24:00.02069 66/1/CFE_TIME 20: Start FLYWHEEL
EVS Port1 1980-012-14:24:02.00605 66/1/CFE_TIME 21: Stop FLYWHEEL
.EVS Port1 1980-012-14:24:07.00990 66/1/CFE_TIME 21: Stop FLYWHEEL
EVS Port1 1980-012-14:24:08.00692 66/1/CFE_TIME 20: Start FLYWHEEL
.EVS Port1 1980-012-14:24:10.01864 66/1/CFE_TIME 20: Start FLYWHEEL
EVS Port1 1980-012-14:24:10.00381 66/1/CFE_TIME 21: Stop FLYWHEEL
..EVS Port1 1980-012-14:24:25.45962 66/1/CFE_TIME 20: Start FLYWHEEL
EVS Port1 1980-012-14:24:26.04402 66/1/CFE_TIME 21: Stop FLYWHEEL
.EVS Port1 1980-012-14:24:29.06021 66/1/CFE_TIME 20: Start FLYWHEEL
EVS Port1 1980-012-14:24:30.01498 66/1/CFE_TIME 21: Stop FLYWHEEL
.EVS Port1 1980-012-14:24:34.00616 66/1/CFE_TIME 21: Stop FLYWHEEL
EVS Port1 1980-012-14:24:35.01293 66/1/CFE_TIME 20: Start FLYWHEEL
EVS Port1 1980-012-14:24:36.99815 66/1/CFE_TIME 20: Start FLYWHEEL
EVS Port1 1980-012-14:24:37.00729 66/1/CFE_TIME 21: Stop FLYWHEEL
.EVS Port1 1980-012-14:24:41.01123 66/1/CFE_TIME 21: Stop FLYWHEEL
EVS Port1 1980-012-14:24:41.98715 66/1/CFE_TIME 20: Start FLYWHEEL
.EVS Port1 1980-012-14:24:48.99722 66/1/CFE_TIME 20: Start FLYWHEEL
EVS Port1 1980-012-14:24:49.01072 66/1/CFE_TIME 21: Stop FLYWHEEL
.EVS Port1 1980-012-14:24:55.25305 66/1/CFE_TIME 20: Start FLYWHEEL
EVS Port1 1980-012-14:24:56.00543 66/1/CFE_TIME 21: Stop FLYWHEEL
.EVS Port1 1980-012-14:25:01.00581 66/1/CFE_TIME 21: Stop FLYWHEEL
EVS Port1 1980-012-14:25:01.98852 66/1/CFE_TIME 20: Start FLYWHEEL
..EVS Port1 1980-012-14:25:11.02537 66/1/CFE_TIME 20: Start FLYWHEEL
EVS Port1 1980-012-14:25:11.02478 66/1/CFE_TIME 21: Stop FLYWHEEL
.EVS Port1 1980-012-14:25:16.09660 66/1/CFE_TIME 20: Start FLYWHEEL
EVS Port1 1980-012-14:25:17.01776 66/1/CFE_TIME 21: Stop FLYWHEEL
EVS Port1 1980-012-14:25:20.02052 66/1/CFE_TIME 20: Start FLYWHEEL
EVS Port1 1980-012-14:25:20.01690 66/1/CFE_TIME 21: Stop FLYWHEEL
.EVS Port1 1980-012-14:25:24.45960 66/1/CFE_TIME 20: Start FLYWHEEL
EVS Port1 1980-012-14:25:26.03012 66/1/CFE_TIME 21: Stop FLYWHEEL
..EVS Port1 1980-012-14:25:35.01571 66/1/CFE_TIME 21: Stop FLYWHEEL
EVS Port1 1980-012-14:25:35.95573 66/1/CFE_TIME 20: Start FLYWHEEL
.EVS Port1 1980-012-14:25:39.00701 66/1/CFE_TIME 21: Stop FLYWHEEL
EVS Port1 1980-012-14:25:39.99693 66/1/CFE_TIME 20: Start FLYWHEEL
EVS Port1 1980-012-14:25:43.01042 66/1/CFE_TIME 21: Stop FLYWHEEL
.EVS Port1 1980-012-14:25:44.02685 66/1/CFE_TIME 20: Start FLYWHEEL
EVS Port1 1980-012-14:25:46.08738 66/1/CFE_TIME 20: Start FLYWHEEL
EVS Port1 1980-012-14:25:48.02105 66/1/CFE_TIME 21: Stop FLYWHEEL
.EVS Port1 1980-012-14:25:50.00527 66/1/CFE_TIME 21: Stop FLYWHEEL
EVS Port1 1980-012-14:25:51.10742 66/1/CFE_TIME 20: Start FLYWHEEL
EVS Port1 1980-012-14:25:52.00932 66/1/CFE_TIME 21: Stop FLYWHEEL
EVS Port1 1980-012-14:25:52.98989 66/1/CFE_TIME 20: Start FLYWHEEL
.EVS Port1 1980-012-14:26:00.01948 66/1/CFE_TIME 21: Stop FLYWHEEL
EVS Port1 1980-012-14:26:00.98654 66/1/CFE_TIME 20: Start FLYWHEEL
..EVS Port1 1980-012-14:26:08.00320 66/1/CFE_TIME 21: Stop FLYWHEEL
EVS Port1 1980-012-14:26:08.99798 66/1/CFE_TIME 20: Start FLYWHEEL
.EVS Port1 1980-012-14:26:19.00785 66/1/CFE_TIME 21: Stop FLYWHEEL
.EVS Port1 1980-012-14:26:20.24053 66/1/CFE_TIME 20: Start FLYWHEEL
EVS Port1 1980-012-14:26:22.48860 66/1/CFE_TIME 20: Start FLYWHEEL
EVS Port1 1980-012-14:26:22.01377 66/1/CFE_TIME 21: Stop FLYWHEEL
EVS Port1 1980-012-14:26:24.00625 66/1/CFE_TIME 21: Stop FLYWHEEL
.EVS Port1 1980-012-14:26:25.00372 66/1/CFE_TIME 20: Start FLYWHEEL
.EVS Port1 1980-012-14:26:32.33773 66/1/CFE_TIME 20: Start FLYWHEEL
EVS Port1 1980-012-14:26:35.00823 66/1/CFE_TIME 21: Stop FLYWHEEL
EVS Port1 1980-012-14:26:37.02421 66/1/CFE_TIME 21: Stop FLYWHEEL
.EVS Port1 1980-012-14:26:38.02423 66/1/CFE_TIME 20: Start FLYWHEEL
EVS Port1 1980-012-14:26:40.12065 66/1/CFE_TIME 20: Start FLYWHEEL
..EVS Port1 1980-012-14:26:54.00535 66/1/CFE_TIME 21: Stop FLYWHEEL
.EVS Port1 1980-012-14:26:58.01812 66/1/CFE_TIME 21: Stop FLYWHEEL
EVS Port1 1980-012-14:26:58.99871 66/1/CFE_TIME 20: Start FLYWHEEL
EVS Port1 1980-012-14:27:00.01625 66/1/CFE_TIME 21: Stop FLYWHEEL
.EVS Port1 1980-012-14:27:01.00541 66/1/CFE_TIME 20: Start FLYWHEEL
.EVS Port1 1980-012-14:27:07.00653 66/1/CFE_TIME 21: Stop FLYWHEEL
EVS Port1 1980-012-14:27:07.99226 66/1/CFE_TIME 20: Start FLYWHEEL
..EVS Port1 1980-012-14:27:20.27429 66/1/CFE_TIME 20: Start FLYWHEEL
EVS Port1 1980-012-14:27:20.00704 66/1/CFE_TIME 21: Stop FLYWHEEL
.EVS Port1 1980-012-14:27:25.01477 66/1/CFE_TIME 21: Stop FLYWHEEL
EVS Port1 1980-012-14:27:25.98278 66/1/CFE_TIME 20: Start FLYWHEEL
..EVS Port1 1980-012-14:27:36.03378 66/1/CFE_TIME 20: Start FLYWHEEL
EVS Port1 1980-012-14:27:37.03877 66/1/CFE_TIME 21: Stop FLYWHEEL
..EVS Port1 1980-012-14:27:48.31626 66/1/CFE_TIME 20: Start FLYWHEEL
EVS Port1 1980-012-14:27:50.00701 66/1/CFE_TIME 21: Stop FLYWHEEL
..EVS Port1 1980-012-14:28:00.01754 66/1/CFE_TIME 21: Stop FLYWHEEL
EVS Port1 1980-012-14:28:00.99319 66/1/CFE_TIME 20: Start FLYWHEEL
...EVS Port1 1980-012-14:28:19.00689 66/1/CFE_TIME 21: Stop FLYWHEEL
EVS Port1 1980-012-14:28:20.00221 66/1/CFE_TIME 20: Start FLYWHEEL
.EVS Port1 1980-012-14:28:25.01237 66/1/CFE_TIME 21: Stop FLYWHEEL
EVS Port1 1980-012-14:28:25.99307 66/1/CFE_TIME 20: Start FLYWHEEL
...EVS Port1 1980-012-14:28:41.01841 66/1/CFE_TIME 21: Stop FLYWHEEL
EVS Port1 1980-012-14:28:42.04055 66/1/CFE_TIME 20: Start FLYWHEEL
EVS Port1 1980-012-14:28:44.02900 66/1/CFE_TIME 20: Start FLYWHEEL
.EVS Port1 1980-012-14:28:46.00885 66/1/CFE_TIME 21: Stop FLYWHEEL
.EVS Port1 1980-012-14:28:53.01741 66/1/CFE_TIME 20: Start FLYWHEEL
EVS Port1 1980-012-14:28:54.00787 66/1/CFE_TIME 21: Stop FLYWHEEL
..EVS Port1 1980-012-14:29:04.19583 66/1/CFE_TIME 20: Start FLYWHEEL
EVS Port1 1980-012-14:29:05.00575 66/1/CFE_TIME 21: Stop FLYWHEEL
EVS Port1 1980-012-14:29:07.01043 66/1/CFE_TIME 21: Stop FLYWHEEL
EVS Port1 1980-012-14:29:08.00122 66/1/CFE_TIME 20: Start FLYWHEEL
.EVS Port1 1980-012-14:29:13.01597 66/1/CFE_TIME 21: Stop FLYWHEEL
EVS Port1 1980-012-14:29:14.00538 66/1/CFE_TIME 20: Start FLYWHEEL
.EVS Port1 1980-012-14:29:16.32598 66/1/CFE_TIME 20: Start FLYWHEEL
EVS Port1 1980-012-14:29:16.00819 66/1/CFE_TIME 21: Stop FLYWHEEL
EVS Port1 1980-012-14:29:18.99496 66/1/CFE_TIME 20: Start FLYWHEEL
EVS Port1 1980-012-14:29:19.01597 66/1/CFE_TIME 21: Stop FLYWHEEL
.EVS Port1 1980-012-14:29:25.00837 66/1/CFE_TIME 21: Stop FLYWHEEL
EVS Port1 1980-012-14:29:26.01037 66/1/CFE_TIME 20: Start FLYWHEEL
.EVS Port1 1980-012-14:29:27.01316 66/1/CFE_TIME 21: Stop FLYWHEEL
EVS Port1 1980-012-14:29:27.99118 66/1/CFE_TIME 20: Start FLYWHEEL
.EVS Port1 1980-012-14:29:35.00796 66/1/CFE_TIME 21: Stop FLYWHEEL
EVS Port1 1980-012-14:29:36.00283 66/1/CFE_TIME 20: Start FLYWHEEL
EVS Port1 1980-012-14:29:38.01107 66/1/CFE_TIME 21: Stop FLYWHEEL
.EVS Port1 1980-012-14:29:38.98162 66/1/CFE_TIME 20: Start FLYWHEEL
.EVS Port1 1980-012-14:29:46.28596 66/1/CFE_TIME 20: Start FLYWHEEL
EVS Port1 1980-012-14:29:46.00593 66/1/CFE_TIME 21: Stop FLYWHEEL
..EVS Port1 1980-012-14:30:02.00871 66/1/CFE_TIME 20: Start FLYWHEEL
EVS Port1 1980-012-14:30:02.01194 66/1/CFE_TIME 21: Stop FLYWHEEL
...EVS Port1 1980-012-14:30:15.41862 66/1/CFE_TIME 20: Start FLYWHEEL
EVS Port1 1980-012-14:30:15.00779 66/1/CFE_TIME 21: Stop FLYWHEEL
.EVS Port1 1980-012-14:30:19.00434 66/1/CFE_TIME 21: Stop FLYWHEEL
EVS Port1 1980-012-14:30:19.99375 66/1/CFE_TIME 20: Start FLYWHEEL
.EVS Port1 1980-012-14:30:26.01637 66/1/CFE_TIME 21: Stop FLYWHEEL
EVS Port1 1980-012-14:30:27.00308 66/1/CFE_TIME 20: Start FLYWHEEL
...EVS Port1 1980-012-14:30:44.10482 66/1/CFE_TIME 20: Start FLYWHEEL
EVS Port1 1980-012-14:30:44.00927 66/1/CFE_TIME 21: Stop FLYWHEEL
.EVS Port1 1980-012-14:30:49.00289 66/1/CFE_TIME 20: Start FLYWHEEL
EVS Port1 1980-012-14:30:49.00628 66/1/CFE_TIME 21: Stop FLYWHEEL
.EVS Port1 1980-012-14:30:58.00120 66/1/CFE_TIME 20: Start FLYWHEEL
EVS Port1 1980-012-14:30:58.01495 66/1/CFE_TIME 21: Stop FLYWHEEL
...EVS Port1 1980-012-14:31:14.37481 66/1/CFE_TIME 20: Start FLYWHEEL
EVS Port1 1980-012-14:31:14.00949 66/1/CFE_TIME 21: Stop FLYWHEEL
...EVS Port1 1980-012-14:31:35.08459 66/1/CFE_TIME 20: Start FLYWHEEL
EVS Port1 1980-012-14:31:35.01855 66/1/CFE_TIME 21: Stop FLYWHEEL
.EVS Port1 1980-012-14:31:38.10023 66/1/CFE_TIME 20: Start FLYWHEEL
EVS Port1 1980-012-14:31:38.01493 66/1/CFE_TIME 21: Stop FLYWHEEL
EVS Port1 1980-012-14:31:40.00950 66/1/CFE_TIME 21: Stop FLYWHEEL
EVS Port1 1980-012-14:31:40.98983 66/1/CFE_TIME 20: Start FLYWHEEL
.EVS Port1 1980-012-14:31:43.00871 66/1/CFE_TIME 21: Stop FLYWHEEL
EVS Port1 1980-012-14:31:44.02033 66/1/CFE_TIME 20: Start FLYWHEEL
EVS Port1 1980-012-14:31:46.04905 66/1/CFE_TIME 20: Start FLYWHEEL
EVS Port1 1980-012-14:31:46.01429 66/1/CFE_TIME 21: Stop FLYWHEEL
...EVS Port1 1980-012-14:32:03.01008 66/1/CFE_TIME 21: Stop FLYWHEEL
EVS Port1 1980-012-14:32:04.01896 66/1/CFE_TIME 20: Start FLYWHEEL
EVS Port1 1980-012-14:32:06.00791 66/1/CFE_TIME 21: Stop FLYWHEEL
.EVS Port1 1980-012-14:32:07.00831 66/1/CFE_TIME 20: Start FLYWHEEL
EVS Port1 1980-012-14:32:08.01071 66/1/CFE_TIME 21: Stop FLYWHEEL
EVS Port1 1980-012-14:32:08.99855 66/1/CFE_TIME 20: Start FLYWHEEL
.EVS Port1 1980-012-14:32:13.15548 66/1/CFE_TIME 20: Start FLYWHEEL
EVS Port1 1980-012-14:32:14.00718 66/1/CFE_TIME 21: Stop FLYWHEEL
.....EVS Port1 1980-012-14:32:41.12223 66/1/CFE_TIME 20: Start FLYWHEEL
EVS Port1 1980-012-14:32:41.00613 66/1/CFE_TIME 21: Stop FLYWHEEL
.EVS Port1 1980-012-14:32:51.00610 66/1/CFE_TIME 21: Stop FLYWHEEL
EVS Port1 1980-012-14:32:51.99845 66/1/CFE_TIME 20: Start FLYWHEEL
..EVS Port1 1980-012-14:33:02.00892 66/1/CFE_TIME 21: Stop FLYWHEEL
EVS Port1 1980-012-14:33:03.00834 66/1/CFE_TIME 20: Start FLYWHEEL
.EVS Port1 1980-012-14:33:10.00645 66/1/CFE_TIME 21: Stop FLYWHEEL
.EVS Port1 1980-012-14:33:11.00979 66/1/CFE_TIME 20: Start FLYWHEEL
.EVS Port1 1980-012-14:33:19.00315 66/1/CFE_TIME 21: Stop FLYWHEEL
EVS Port1 1980-012-14:33:19.99903 66/1/CFE_TIME 20: Start FLYWHEEL
{"app":"AI_LEARNER","stage":"e25_equivalence","inputs":1,"completed":1,"model":"wgan","target":"aarch64-unknown-linux-gnu","artifact_sha256":"e382429cbfbf5803..."}
EVS Port1 1980-012-14:33:21.01029 66/1/AI_LEARNER 4: AI_LEARNER: E25 equivalence 1/1 inferences written
{"app":"AI_LEARNER","stage":"e25_mode","active":true,"inputs_path":"/cf/e25_inputs.bin"}
EVS Port1 1980-012-14:33:21.01936 66/1/AI_LEARNER 3: AI_LEARNER initialized: model wgan (4321533 B), rss_delta_init=1644 KB
..EVS Port1 1980-012-14:33:31.11251 66/1/CFE_TIME 20: Start FLYWHEEL
EVS Port1 1980-012-14:33:31.01922 66/1/CFE_TIME 21: Stop FLYWHEEL
.EVS Port1 1980-012-14:33:34.01228 66/1/CFE_TIME 21: Stop FLYWHEEL
EVS Port1 1980-012-14:33:34.99743 66/1/CFE_TIME 20: Start FLYWHEEL
EVS Port1 1980-012-14:33:38.16482 66/1/CFE_TIME 20: Start FLYWHEEL
.EVS Port1 1980-012-14:33:39.00325 66/1/CFE_TIME 21: Stop FLYWHEEL
EVS Port1 1980-012-14:33:40.80101 66/1/CFE_SB 17: Msg Limit Err,MsgId 0x800,pipe AI_LEARNER_PIPE,sender CFE_ES
EVS Port1 1980-012-14:33:44.78869 66/1/CFE_SB 17: Msg Limit Err,MsgId 0x800,pipe AI_LEARNER_PIPE,sender CFE_ES
.EVS Port1 1980-012-14:33:45.00222 66/1/CFE_TIME 21: Stop FLYWHEEL
EVS Port1 1980-012-14:33:45.99748 66/1/CFE_TIME 20: Start FLYWHEEL
EVS Port1 1980-012-14:33:47.80339 66/1/CFE_SB 17: Msg Limit Err,MsgId 0x800,pipe AI_LEARNER_PIPE,sender CFE_ES
EVS Port1 1980-012-14:33:49.01136 66/1/CFE_TIME 21: Stop FLYWHEEL
.EVS Port1 1980-012-14:33:49.99520 66/1/CFE_TIME 20: Start FLYWHEEL
EVS Port1 1980-012-14:33:51.78736 66/1/CFE_SB 17: Msg Limit Err,MsgId 0x800,pipe AI_LEARNER_PIPE,sender CFE_ES
EVS Port1 1980-012-14:33:53.00817 66/1/CFE_TIME 21: Stop FLYWHEEL
EVS Port1 1980-012-14:33:53.99673 66/1/CFE_TIME 20: Start FLYWHEEL
EVS Port1 1980-012-14:33:55.78663 66/1/CFE_SB 17: Msg Limit Err,MsgId 0x800,pipe AI_LEARNER_PIPE,sender CFE_ES
.EVS Port1 1980-012-14:33:59.86997 66/1/CFE_SB 17: Msg Limit Err,MsgId 0x800,pipe AI_LEARNER_PIPE,sender CFE_ES
EVS Port1 1980-012-14:34:01.07641 66/1/CFE_TIME 20: Start FLYWHEEL
EVS Port1 1980-012-14:34:01.00944 66/1/CFE_TIME 21: Stop FLYWHEEL
.EVS Port1 1980-012-14:34:03.80245 66/1/CFE_SB 17: Msg Limit Err,MsgId 0x800,pipe AI_LEARNER_PIPE,sender CFE_ES
.EVS Port1 1980-012-14:34:08.06468 66/1/CFE_SB 17: Msg Limit Err,MsgId 0x800,pipe AI_LEARNER_PIPE,sender CFE_ES
EVS Port1 1980-012-14:34:08.30838 66/1/CFE_TIME 20: Start FLYWHEEL
EVS Port1 1980-012-14:34:09.00805 66/1/CFE_TIME 21: Stop FLYWHEEL
EVS Port1 1980-012-14:34:10.81907 66/1/CFE_SB 17: Msg Limit Err,MsgId 0x800,pipe AI_LEARNER_PIPE,sender CFE_ES
EVS Port1 1980-012-14:34:12.00627 66/1/CFE_TIME 21: Stop FLYWHEEL
.EVS Port1 1980-012-14:34:12.99006 66/1/CFE_TIME 20: Start FLYWHEEL
EVS Port1 1980-012-14:34:14.79455 66/1/CFE_SB 17: Msg Limit Err,MsgId 0x800,pipe AI_LEARNER_PIPE,sender CFE_ES
.EVS Port1 1980-012-14:34:18.80134 66/1/CFE_SB 17: Msg Limit Err,MsgId 0x800,pipe AI_LEARNER_PIPE,sender CFE_ES
EVS Port1 1980-012-14:34:22.80541 66/1/CFE_SB 17: Msg Limit Err,MsgId 0x800,pipe AI_LEARNER_PIPE,sender CFE_ES
.EVS Port1 1980-012-14:34:26.10635 66/1/CFE_TIME 20: Start FLYWHEEL
EVS Port1 1980-012-14:34:26.88540 66/1/CFE_SB 17: Msg Limit Err,MsgId 0x800,pipe AI_LEARNER_PIPE,sender CFE_ES
EVS Port1 1980-012-14:34:27.03001 66/1/CFE_TIME 21: Stop FLYWHEEL
.EVS Port1 1980-012-14:34:30.79455 66/1/CFE_SB 17: Msg Limit Err,MsgId 0x800,pipe AI_LEARNER_PIPE,sender CFE_ES
EVS Port1 1980-012-14:34:35.15818 66/1/CFE_SB 17: Msg Limit Err,MsgId 0x800,pipe AI_LEARNER_PIPE,sender CFE_ES
EVS Port1 1980-012-14:34:36.37951 66/1/CFE_TIME 20: Start FLYWHEEL
.EVS Port1 1980-012-14:34:38.00717 66/1/CFE_TIME 21: Stop FLYWHEEL
EVS Port1 1980-012-14:34:38.84687 66/1/CFE_SB 17: Msg Limit Err,MsgId 0x800,pipe AI_LEARNER_PIPE,sender CFE_ES
EVS Port1 1980-012-14:34:40.03167 66/1/CFE_TIME 21: Stop FLYWHEEL
EVS Port1 1980-012-14:34:40.98545 66/1/CFE_TIME 20: Start FLYWHEEL
..EVS Port1 1980-012-14:34:50.01907 66/1/CFE_TIME 20: Start FLYWHEEL
EVS Port1 1980-012-14:34:51.02043 66/1/CFE_TIME 21: Stop FLYWHEEL
.EVS Port1 1980-012-14:34:55.03710 66/1/CFE_TIME 21: Stop FLYWHEEL
EVS Port1 1980-012-14:34:55.99067 66/1/CFE_TIME 20: Start FLYWHEEL
EVS Port1 1980-012-14:34:58.01193 66/1/CFE_TIME 21: Stop FLYWHEEL
EVS Port1 1980-012-14:34:59.01107 66/1/CFE_TIME 20: Start FLYWHEEL
.EVS Port1 1980-012-14:35:01.11505 66/1/CFE_TIME 20: Start FLYWHEEL
.EVS Port1 1980-012-14:35:09.01188 66/1/CFE_TIME 21: Stop FLYWHEEL
EVS Port1 1980-012-14:35:12.01986 66/1/CFE_TIME 20: Start FLYWHEEL
EVS Port1 1980-012-14:35:12.00575 66/1/CFE_TIME 21: Stop FLYWHEEL
.EVS Port1 1980-012-14:35:17.00241 66/1/CFE_TIME 20: Start FLYWHEEL
EVS Port1 1980-012-14:35:17.01097 66/1/CFE_TIME 21: Stop FLYWHEEL
.EVS Port1 1980-012-14:35:23.01391 66/1/CFE_TIME 21: Stop FLYWHEEL
EVS Port1 1980-012-14:35:23.99266 66/1/CFE_TIME 20: Start FLYWHEEL
..EVS Port1 1980-012-14:35:36.33538 66/1/CFE_TIME 20: Start FLYWHEEL
.EVS Port1 1980-012-14:35:36.01927 66/1/CFE_TIME 21: Stop FLYWHEEL
..EVS Port1 1980-012-14:35:51.00416 66/1/CFE_TIME 21: Stop FLYWHEEL
EVS Port1 1980-012-14:35:52.00613 66/1/CFE_TIME 20: Start FLYWHEEL
.EVS Port1 1980-012-14:35:54.01217 66/1/CFE_TIME 20: Start FLYWHEEL
EVS Port1 1980-012-14:35:55.00885 66/1/CFE_TIME 21: Stop FLYWHEEL
EVS Port1 1980-012-14:35:59.01353 66/1/CFE_TIME 20: Start FLYWHEEL
.EVS Port1 1980-012-14:36:00.00343 66/1/CFE_TIME 21: Stop FLYWHEEL
EVS Port1 1980-012-14:36:04.39685 66/1/CFE_TIME 20: Start FLYWHEEL
EVS Port1 1980-012-14:36:04.01190 66/1/CFE_TIME 21: Stop FLYWHEEL
..EVS Port1 1980-012-14:36:11.01693 66/1/CFE_TIME 21: Stop FLYWHEEL
EVS Port1 1980-012-14:36:12.00375 66/1/CFE_TIME 20: Start FLYWHEEL
.EVS Port1 1980-012-14:36:20.01269 66/1/CFE_TIME 21: Stop FLYWHEEL
EVS Port1 1980-012-14:36:20.99920 66/1/CFE_TIME 20: Start FLYWHEEL
..EVS Port1 1980-012-14:36:31.11453 66/1/CFE_TIME 20: Start FLYWHEEL
EVS Port1 1980-012-14:36:34.00798 66/1/CFE_TIME 21: Stop FLYWHEEL
.EVS Port1 1980-012-14:36:36.00817 66/1/CFE_TIME 21: Stop FLYWHEEL
EVS Port1 1980-012-14:36:37.00793 66/1/CFE_TIME 20: Start FLYWHEEL
EVS Port1 1980-012-14:36:38.99586 66/1/CFE_TIME 20: Start FLYWHEEL
EVS Port1 1980-012-14:36:39.01501 66/1/CFE_TIME 21: Stop FLYWHEEL
.EVS Port1 1980-012-14:36:41.00852 66/1/CFE_TIME 21: Stop FLYWHEEL
EVS Port1 1980-012-14:36:41.99952 66/1/CFE_TIME 20: Start FLYWHEEL
EVS Port1 1980-012-14:36:44.00541 66/1/CFE_TIME 21: Stop FLYWHEEL
EVS Port1 1980-012-14:36:45.01042 66/1/CFE_TIME 20: Start FLYWHEEL
.EVS Port1 1980-012-14:36:50.02548 66/1/CFE_TIME 21: Stop FLYWHEEL
EVS Port1 1980-012-14:36:51.02745 66/1/CFE_TIME 20: Start FLYWHEEL
.EVS Port1 1980-012-14:36:53.05940 66/1/CFE_TIME 20: Start FLYWHEEL
EVS Port1 1980-012-14:36:53.01667 66/1/CFE_TIME 21: Stop FLYWHEEL
EVS Port1 1980-012-14:36:57.02206 66/1/CFE_TIME 20: Start FLYWHEEL
EVS Port1 1980-012-14:36:57.00541 66/1/CFE_TIME 21: Stop FLYWHEEL
.EVS Port1 1980-012-14:37:03.33489 66/1/CFE_TIME 20: Start FLYWHEEL
.EVS Port1 1980-012-14:37:04.02281 66/1/CFE_TIME 21: Stop FLYWHEEL
EVS Port1 1980-012-14:37:08.00968 66/1/CFE_TIME 21: Stop FLYWHEEL
EVS Port1 1980-012-14:37:08.99397 66/1/CFE_TIME 20: Start FLYWHEEL
.EVS Port1 1980-012-14:37:12.01791 66/1/CFE_TIME 21: Stop FLYWHEEL
EVS Port1 1980-012-14:37:12.99490 66/1/CFE_TIME 20: Start FLYWHEEL
.EVS Port1 1980-012-14:37:17.01843 66/1/CFE_TIME 21: Stop FLYWHEEL
EVS Port1 1980-012-14:37:17.98458 66/1/CFE_TIME 20: Start FLYWHEEL
.EVS Port1 1980-012-14:37:27.06922 66/1/CFE_TIME 20: Start FLYWHEEL
EVS Port1 1980-012-14:37:27.00955 66/1/CFE_TIME 21: Stop FLYWHEEL
.EVS Port1 1980-012-14:37:30.13484 66/1/CFE_TIME 20: Start FLYWHEEL
EVS Port1 1980-012-14:37:30.00709 66/1/CFE_TIME 21: Stop FLYWHEEL
EVS Port1 1980-012-14:37:33.25100 66/1/CFE_TIME 20: Start FLYWHEEL
EVS Port1 1980-012-14:37:33.00846 66/1/CFE_TIME 21: Stop FLYWHEEL
.EVS Port1 1980-012-14:37:37.00190 66/1/CFE_TIME 20: Start FLYWHEEL
EVS Port1 1980-012-14:37:37.01406 66/1/CFE_TIME 21: Stop FLYWHEEL
.EVS Port1 1980-012-14:37:40.02009 66/1/CFE_TIME 21: Stop FLYWHEEL
EVS Port1 1980-012-14:37:40.99404 66/1/CFE_TIME 20: Start FLYWHEEL
EVS Port1 1980-012-14:37:43.99523 66/1/CFE_TIME 20: Start FLYWHEEL
EVS Port1 1980-012-14:37:44.02447 66/1/CFE_TIME 21: Stop FLYWHEEL
.EVS Port1 1980-012-14:37:51.01094 66/1/CFE_TIME 21: Stop FLYWHEEL
.EVS Port1 1980-012-14:37:51.99284 66/1/CFE_TIME 20: Start FLYWHEEL
.EVS Port1 1980-012-14:38:02.26602 66/1/CFE_TIME 20: Start FLYWHEEL
EVS Port1 1980-012-14:38:03.02406 66/1/CFE_TIME 21: Stop FLYWHEEL
..EVS Port1 1980-012-14:38:10.08459 66/1/CFE_TIME 20: Start FLYWHEEL
EVS Port1 1980-012-14:38:12.00631 66/1/CFE_TIME 21: Stop FLYWHEEL
...EVS Port1 1980-012-14:38:31.00657 66/1/CFE_TIME 21: Stop FLYWHEEL
EVS Port1 1980-012-14:38:32.00074 66/1/CFE_TIME 20: Start FLYWHEEL
.EVS Port1 1980-012-14:38:36.15899 66/1/CFE_TIME 20: Start FLYWHEEL
EVS Port1 1980-012-14:38:38.01152 66/1/CFE_TIME 21: Stop FLYWHEEL
.EVS Port1 1980-012-14:38:44.01914 66/1/CFE_TIME 21: Stop FLYWHEEL
EVS Port1 1980-012-14:38:45.03097 66/1/CFE_TIME 20: Start FLYWHEEL
.EVS Port1 1980-012-14:38:46.01721 66/1/CFE_TIME 21: Stop FLYWHEEL
EVS Port1 1980-012-14:38:47.04222 66/1/CFE_TIME 20: Start FLYWHEEL
EVS Port1 1980-012-14:38:49.07609 66/1/CFE_TIME 20: Start FLYWHEEL
EVS Port1 1980-012-14:38:49.01084 66/1/CFE_TIME 21: Stop FLYWHEEL
.EVS Port1 1980-012-14:38:54.03392 66/1/CFE_TIME 20: Start FLYWHEEL
EVS Port1 1980-012-14:38:55.01741 66/1/CFE_TIME 21: Stop FLYWHEEL
.EVS Port1 1980-012-14:38:59.35032 66/1/CFE_TIME 20: Start FLYWHEEL
EVS Port1 1980-012-14:39:00.00823 66/1/CFE_TIME 21: Stop FLYWHEEL
..EVS Port1 1980-012-14:39:11.00851 66/1/CFE_TIME 21: Stop FLYWHEEL
EVS Port1 1980-012-14:39:12.00941 66/1/CFE_TIME 20: Start FLYWHEEL
EVS Port1 1980-012-14:39:13.00587 66/1/CFE_TIME 21: Stop FLYWHEEL
.EVS Port1 1980-012-14:39:14.00157 66/1/CFE_TIME 20: Start FLYWHEEL
EVS Port1 1980-012-14:39:19.09559 66/1/CFE_TIME 20: Start FLYWHEEL
.EVS Port1 1980-012-14:39:23.03001 66/1/CFE_TIME 21: Stop FLYWHEEL
.EVS Port1 1980-012-14:39:27.01626 66/1/CFE_TIME 21: Stop FLYWHEEL
EVS Port1 1980-012-14:39:28.11201 66/1/CFE_TIME 20: Start FLYWHEEL
EVS Port1 1980-012-14:39:30.10325 66/1/CFE_TIME 20: Start FLYWHEEL
EVS Port1 1980-012-14:39:30.00672 66/1/CFE_TIME 21: Stop FLYWHEEL
.EVS Port1 1980-012-14:39:34.01026 66/1/CFE_TIME 20: Start FLYWHEEL
EVS Port1 1980-012-14:39:34.02117 66/1/CFE_TIME 21: Stop FLYWHEEL
EVS Port1 1980-012-14:39:37.02728 66/1/CFE_TIME 20: Start FLYWHEEL
.EVS Port1 1980-012-14:39:38.01608 66/1/CFE_TIME 21: Stop FLYWHEEL
.EVS Port1 1980-012-14:39:44.01972 66/1/CFE_TIME 20: Start FLYWHEEL
EVS Port1 1980-012-14:39:44.00866 66/1/CFE_TIME 21: Stop FLYWHEEL
EVS Port1 1980-012-14:39:47.01708 66/1/CFE_TIME 21: Stop FLYWHEEL
EVS Port1 1980-012-14:39:47.99044 66/1/CFE_TIME 20: Start FLYWHEEL
.EVS Port1 1980-012-14:39:52.02645 66/1/CFE_TIME 21: Stop FLYWHEEL
EVS Port1 1980-012-14:39:53.02130 66/1/CFE_TIME 20: Start FLYWHEEL
EVS Port1 1980-012-14:39:54.02319 66/1/CFE_TIME 21: Stop FLYWHEEL
EVS Port1 1980-012-14:39:54.98629 66/1/CFE_TIME 20: Start FLYWHEEL
.EVS Port1 1980-012-14:39:59.09779 66/1/CFE_TIME 20: Start FLYWHEEL
EVS Port1 1980-012-14:39:59.01502 66/1/CFE_TIME 21: Stop FLYWHEEL
.EVS Port1 1980-012-14:40:04.02603 66/1/CFE_TIME 20: Start FLYWHEEL
EVS Port1 1980-012-14:40:05.00624 66/1/CFE_TIME 21: Stop FLYWHEEL
.EVS Port1 1980-012-14:40:11.00105 66/1/CFE_TIME 20: Start FLYWHEEL
EVS Port1 1980-012-14:40:11.00381 66/1/CFE_TIME 21: Stop FLYWHEEL
...EVS Port1 1980-012-14:40:27.30210 66/1/CFE_TIME 20: Start FLYWHEEL
EVS Port1 1980-012-14:40:29.01678 66/1/CFE_TIME 21: Stop FLYWHEEL
...EVS Port1 1980-012-14:40:43.00820 66/1/CFE_TIME 20: Start FLYWHEEL
EVS Port1 1980-012-14:40:43.00936 66/1/CFE_TIME 21: Stop FLYWHEEL
EVS Port1 1980-012-14:40:47.01696 66/1/CFE_TIME 20: Start FLYWHEEL
EVS Port1 1980-012-14:40:47.01603 66/1/CFE_TIME 21: Stop FLYWHEEL
.EVS Port1 1980-012-14:40:51.11912 66/1/CFE_TIME 20: Start FLYWHEEL
EVS Port1 1980-012-14:40:51.00740 66/1/CFE_TIME 21: Stop FLYWHEEL
.EVS Port1 1980-012-14:40:54.08497 66/1/CFE_TIME 20: Start FLYWHEEL
EVS Port1 1980-012-14:40:55.01480 66/1/CFE_TIME 21: Stop FLYWHEEL
EVS Port1 1980-012-14:40:58.36019 66/1/CFE_TIME 20: Start FLYWHEEL
.EVS Port1 1980-012-14:41:00.01617 66/1/CFE_TIME 21: Stop FLYWHEEL
EVS Port1 1980-012-14:41:04.09512 66/1/CFE_TIME 20: Start FLYWHEEL
EVS Port1 1980-012-14:41:04.00656 66/1/CFE_TIME 21: Stop FLYWHEEL
.EVS Port1 1980-012-14:41:06.00679 66/1/CFE_TIME 21: Stop FLYWHEEL
EVS Port1 1980-012-14:41:06.99787 66/1/CFE_TIME 20: Start FLYWHEEL
.EVS Port1 1980-012-14:41:12.09507 66/1/CFE_TIME 20: Start FLYWHEEL
EVS Port1 1980-012-14:41:13.01844 66/1/CFE_TIME 21: Stop FLYWHEEL
EVS Port1 1980-012-14:41:17.25331 66/1/CFE_TIME 20: Start FLYWHEEL
......EVS Port1 1980-012-14:41:48.01286 66/1/CFE_TIME 21: Stop FLYWHEEL
EVS Port1 1980-012-14:41:51.34335 66/1/CFE_TIME 20: Start FLYWHEEL
EVS Port1 1980-012-14:41:52.04447 66/1/CFE_TIME 21: Stop FLYWHEEL
.EVS Port1 1980-012-14:41:55.52749 66/1/CFE_TIME 20: Start FLYWHEEL
EVS Port1 1980-012-14:41:56.01058 66/1/CFE_TIME 21: Stop FLYWHEEL
..EVS Port1 1980-012-14:42:10.03010 66/1/CFE_TIME 21: Stop FLYWHEEL
.EVS Port1 1980-012-14:42:11.00149 66/1/CFE_TIME 20: Start FLYWHEEL
EVS Port1 1980-012-14:42:12.00440 66/1/CFE_TIME 21: Stop FLYWHEEL
EVS Port1 1980-012-14:42:13.00199 66/1/CFE_TIME 20: Start FLYWHEEL
.EVS Port1 1980-012-14:42:18.01409 66/1/CFE_TIME 21: Stop FLYWHEEL
EVS Port1 1980-012-14:42:18.99366 66/1/CFE_TIME 20: Start FLYWHEEL
.EVS Port1 1980-012-14:42:23.01760 66/1/CFE_TIME 21: Stop FLYWHEEL
EVS Port1 1980-012-14:42:24.18412 66/1/CFE_TIME 20: Start FLYWHEEL
EVS Port1 1980-012-14:42:25.05128 66/1/CFE_TIME 21: Stop FLYWHEEL
EVS Port1 1980-012-14:42:26.00418 66/1/CFE_TIME 20: Start FLYWHEEL
.EVS Port1 1980-012-14:42:31.06616 66/1/CFE_TIME 20: Start FLYWHEEL
EVS Port1 1980-012-14:42:31.01077 66/1/CFE_TIME 21: Stop FLYWHEEL
.EVS Port1 1980-012-14:42:36.00767 66/1/CFE_TIME 21: Stop FLYWHEEL
EVS Port1 1980-012-14:42:36.97868 66/1/CFE_TIME 20: Start FLYWHEEL
.EVS Port1 1980-012-14:42:43.00856 66/1/CFE_TIME 21: Stop FLYWHEEL
EVS Port1 1980-012-14:42:43.99482 66/1/CFE_TIME 20: Start FLYWHEEL
.EVS Port1 1980-012-14:42:50.00729 66/1/CFE_TIME 21: Stop FLYWHEEL
EVS Port1 1980-012-14:42:50.98023 66/1/CFE_TIME 20: Start FLYWHEEL
.EVS Port1 1980-012-14:42:54.01107 66/1/CFE_TIME 21: Stop FLYWHEEL
EVS Port1 1980-012-14:42:54.99099 66/1/CFE_TIME 20: Start FLYWHEEL
.EVS Port1 1980-012-14:42:59.06198 66/1/CFE_TIME 20: Start FLYWHEEL
EVS Port1 1980-012-14:42:59.01524 66/1/CFE_TIME 21: Stop FLYWHEEL
EVS Port1 1980-012-14:43:02.00529 66/1/CFE_TIME 21: Stop FLYWHEEL
EVS Port1 1980-012-14:43:03.02896 66/1/CFE_TIME 20: Start FLYWHEEL
EVS Port1 1980-012-14:43:04.00517 66/1/CFE_TIME 21: Stop FLYWHEEL
.EVS Port1 1980-012-14:43:05.00279 66/1/CFE_TIME 20: Start FLYWHEEL
.EVS Port1 1980-012-14:43:13.01524 66/1/CFE_TIME 21: Stop FLYWHEEL
EVS Port1 1980-012-14:43:14.02378 66/1/CFE_TIME 20: Start FLYWHEEL
EVS Port1 1980-012-14:43:16.01788 66/1/CFE_TIME 20: Start FLYWHEEL
.EVS Port1 1980-012-14:43:17.00439 66/1/CFE_TIME 21: Stop FLYWHEEL
.EVS Port1 1980-012-14:43:23.01042 66/1/CFE_TIME 21: Stop FLYWHEEL
EVS Port1 1980-012-14:43:23.99984 66/1/CFE_TIME 20: Start FLYWHEEL
..EVS Port1 1980-012-14:43:35.00724 66/1/CFE_TIME 21: Stop FLYWHEEL
EVS Port1 1980-012-14:43:36.01786 66/1/CFE_TIME 20: Start FLYWHEEL
EVS Port1 1980-012-14:43:37.02000 66/1/CFE_TIME 21: Stop FLYWHEEL
EVS Port1 1980-012-14:43:38.04598 66/1/CFE_TIME 20: Start FLYWHEEL
EVS Port1 1980-012-14:43:39.01502 66/1/CFE_TIME 21: Stop FLYWHEEL
.EVS Port1 1980-012-14:43:40.08105 66/1/CFE_TIME 20: Start FLYWHEEL
EVS Port1 1980-012-14:43:41.00978 66/1/CFE_TIME 21: Stop FLYWHEEL
EVS Port1 1980-012-14:43:41.99385 66/1/CFE_TIME 20: Start FLYWHEEL
EVS Port1 1980-012-14:43:44.00413 66/1/CFE_TIME 20: Start FLYWHEEL
EVS Port1 1980-012-14:43:44.03004 66/1/CFE_TIME 21: Stop FLYWHEEL
..EVS Port1 1980-012-14:43:53.00489 66/1/CFE_TIME 21: Stop FLYWHEEL
EVS Port1 1980-012-14:43:53.98370 66/1/CFE_TIME 20: Start FLYWHEEL
.EVS Port1 1980-012-14:44:01.00610 66/1/CFE_TIME 21: Stop FLYWHEEL
EVS Port1 1980-012-14:44:02.00999 66/1/CFE_TIME 20: Start FLYWHEEL
EVS Port1 1980-012-14:44:03.00384 66/1/CFE_TIME 21: Stop FLYWHEEL
.EVS Port1 1980-012-14:44:04.02737 66/1/CFE_TIME 20: Start FLYWHEEL
EVS Port1 1980-012-14:44:05.00688 66/1/CFE_TIME 21: Stop FLYWHEEL
EVS Port1 1980-012-14:44:05.99754 66/1/CFE_TIME 20: Start FLYWHEEL
...EVS Port1 1980-012-14:44:23.29840 66/1/CFE_TIME 20: Start FLYWHEEL
EVS Port1 1980-012-14:44:23.01869 66/1/CFE_TIME 21: Stop FLYWHEEL
.EVS Port1 1980-012-14:44:30.00511 66/1/CFE_TIME 20: Start FLYWHEEL
EVS Port1 1980-012-14:44:30.00559 66/1/CFE_TIME 21: Stop FLYWHEEL
.EVS Port1 1980-012-14:44:33.07633 66/1/CFE_TIME 20: Start FLYWHEEL
EVS Port1 1980-012-14:44:35.00743 66/1/CFE_TIME 21: Stop FLYWHEEL
EVS Port1 1980-012-14:44:38.01339 66/1/CFE_TIME 21: Stop FLYWHEEL
EVS Port1 1980-012-14:44:38.99810 66/1/CFE_TIME 20: Start FLYWHEEL
...EVS Port1 1980-012-14:44:52.68043 66/1/CFE_TIME 20: Start FLYWHEEL
EVS Port1 1980-012-14:44:53.01162 66/1/CFE_TIME 21: Stop FLYWHEEL
....EVS Port1 1980-012-14:45:15.00373 66/1/CFE_TIME 21: Stop FLYWHEEL
EVS Port1 1980-012-14:45:16.00038 66/1/CFE_TIME 20: Start FLYWHEEL
EVS Port1 1980-012-14:45:19.09887 66/1/CFE_TIME 20: Start FLYWHEEL
.EVS Port1 1980-012-14:45:25.01821 66/1/CFE_TIME 21: Stop FLYWHEEL
.EVS Port1 1980-012-14:45:28.09394 66/1/CFE_TIME 20: Start FLYWHEEL
EVS Port1 1980-012-14:45:29.00842 66/1/CFE_TIME 21: Stop FLYWHEEL
.EVS Port1 1980-012-14:45:33.19668 66/1/CFE_TIME 20: Start FLYWHEEL
EVS Port1 1980-012-14:45:33.01039 66/1/CFE_TIME 21: Stop FLYWHEEL
EVS Port1 1980-012-14:45:35.00503 66/1/CFE_TIME 21: Stop FLYWHEEL
EVS Port1 1980-012-14:45:36.00845 66/1/CFE_TIME 20: Start FLYWHEEL
EVS Port1 1980-012-14:45:37.01129 66/1/CFE_TIME 21: Stop FLYWHEEL
.EVS Port1 1980-012-14:45:38.00915 66/1/CFE_TIME 20: Start FLYWHEEL
EVS Port1 1980-012-14:45:39.01089 66/1/CFE_TIME 21: Stop FLYWHEEL
EVS Port1 1980-012-14:45:40.03147 66/1/CFE_TIME 20: Start FLYWHEEL
EVS Port1 1980-012-14:45:41.05697 66/1/CFE_TIME 21: Stop FLYWHEEL
EVS Port1 1980-012-14:45:42.08489 66/1/CFE_TIME 20: Start FLYWHEEL
.EVS Port1 1980-012-14:45:44.18746 66/1/CFE_TIME 20: Start FLYWHEEL
EVS Port1 1980-012-14:45:45.00636 66/1/CFE_TIME 21: Stop FLYWHEEL
EVS Port1 1980-012-14:45:48.24711 66/1/CFE_TIME 20: Start FLYWHEEL
.EVS Port1 1980-012-14:45:52.02610 66/1/CFE_TIME 21: Stop FLYWHEEL
EVS Port1 1980-012-14:45:54.01882 66/1/CFE_TIME 21: Stop FLYWHEEL
.EVS Port1 1980-012-14:45:54.99426 66/1/CFE_TIME 20: Start FLYWHEEL
EVS Port1 1980-012-14:45:58.00732 66/1/CFE_TIME 21: Stop FLYWHEEL
EVS Port1 1980-012-14:45:59.00389 66/1/CFE_TIME 20: Start FLYWHEEL
.EVS Port1 1980-012-14:46:06.01933 66/1/CFE_TIME 21: Stop FLYWHEEL
.EVS Port1 1980-012-14:46:06.99226 66/1/CFE_TIME 20: Start FLYWHEEL
.EVS Port1 1980-012-14:46:14.00746 66/1/CFE_TIME 21: Stop FLYWHEEL
EVS Port1 1980-012-14:46:15.07972 66/1/CFE_TIME 20: Start FLYWHEEL
EVS Port1 1980-012-14:46:16.02195 66/1/CFE_TIME 21: Stop FLYWHEEL
EVS Port1 1980-012-14:46:17.26856 66/1/CFE_TIME 20: Start FLYWHEEL
.EVS Port1 1980-012-14:46:19.40919 66/1/CFE_TIME 20: Start FLYWHEEL
EVS Port1 1980-012-14:46:19.01025 66/1/CFE_TIME 21: Stop FLYWHEEL
..EVS Port1 1980-012-14:46:30.00285 66/1/CFE_TIME 20: Start FLYWHEEL
EVS Port1 1980-012-14:46:30.00575 66/1/CFE_TIME 21: Stop FLYWHEEL
EVS Port1 1980-012-14:46:34.00611 66/1/CFE_TIME 21: Stop FLYWHEEL
EVS Port1 1980-012-14:46:35.00050 66/1/CFE_TIME 20: Start FLYWHEEL
.EVS Port1 1980-012-14:46:40.02165 66/1/CFE_TIME 21: Stop FLYWHEEL
EVS Port1 1980-012-14:46:40.99768 66/1/CFE_TIME 20: Start FLYWHEEL
.EVS Port1 1980-012-14:46:43.01501 66/1/CFE_TIME 21: Stop FLYWHEEL
EVS Port1 1980-012-14:46:43.98210 66/1/CFE_TIME 20: Start FLYWHEEL
.EVS Port1 1980-012-14:46:48.17481 66/1/CFE_TIME 20: Start FLYWHEEL
EVS Port1 1980-012-14:46:48.00895 66/1/CFE_TIME 21: Stop FLYWHEEL
.EVS Port1 1980-012-14:46:58.00697 66/1/CFE_TIME 21: Stop FLYWHEEL
EVS Port1 1980-012-14:46:59.00918 66/1/CFE_TIME 20: Start FLYWHEEL
.EVS Port1 1980-012-14:47:00.01466 66/1/CFE_TIME 21: Stop FLYWHEEL
EVS Port1 1980-012-14:47:00.98512 66/1/CFE_TIME 20: Start FLYWHEEL
.EVS Port1 1980-012-14:47:07.02397 66/1/CFE_TIME 21: Stop FLYWHEEL
EVS Port1 1980-012-14:47:08.01399 66/1/CFE_TIME 20: Start FLYWHEEL
EVS Port1 1980-012-14:47:10.02107 66/1/CFE_TIME 20: Start FLYWHEEL
EVS Port1 1980-012-14:47:11.02113 66/1/CFE_TIME 21: Stop FLYWHEEL
..EVS Port1 1980-012-14:47:18.25094 66/1/CFE_TIME 20: Start FLYWHEEL
EVS Port1 1980-012-14:47:18.02838 66/1/CFE_TIME 21: Stop FLYWHEEL
EVS Port1 1980-012-14:47:22.02871 66/1/CFE_TIME 21: Stop FLYWHEEL
EVS Port1 1980-012-14:47:23.01768 66/1/CFE_TIME 20: Start FLYWHEEL
.EVS Port1 1980-012-14:47:24.03073 66/1/CFE_TIME 21: Stop FLYWHEEL
EVS Port1 1980-012-14:47:24.99890 66/1/CFE_TIME 20: Start FLYWHEEL
.EVS Port1 1980-012-14:47:31.02017 66/1/CFE_TIME 21: Stop FLYWHEEL
EVS Port1 1980-012-14:47:31.98722 66/1/CFE_TIME 20: Start FLYWHEEL
.EVS Port1 1980-012-14:47:37.01139 66/1/CFE_TIME 20: Start FLYWHEEL
EVS Port1 1980-012-14:47:37.00482 66/1/CFE_TIME 21: Stop FLYWHEEL
.EVS Port1 1980-012-14:47:44.02751 66/1/CFE_TIME 20: Start FLYWHEEL
EVS Port1 1980-012-14:47:44.00474 66/1/CFE_TIME 21: Stop FLYWHEEL
EVS Port1 1980-012-14:47:47.35575 66/1/CFE_TIME 20: Start FLYWHEEL
.EVS Port1 1980-012-14:47:48.00791 66/1/CFE_TIME 21: Stop FLYWHEEL
.EVS Port1 1980-012-14:47:56.01843 66/1/CFE_TIME 21: Stop FLYWHEEL
EVS Port1 1980-012-14:47:57.01953 66/1/CFE_TIME 20: Start FLYWHEEL
EVS Port1 1980-012-14:47:59.06047 66/1/CFE_TIME 20: Start FLYWHEEL
.EVS Port1 1980-012-14:48:01.01490 66/1/CFE_TIME 21: Stop FLYWHEEL
.EVS Port1 1980-012-14:48:10.02416 66/1/CFE_TIME 21: Stop FLYWHEEL
EVS Port1 1980-012-14:48:10.99493 66/1/CFE_TIME 20: Start FLYWHEEL
.EVS Port1 1980-012-14:48:13.00703 66/1/CFE_TIME 21: Stop FLYWHEEL
EVS Port1 1980-012-14:48:14.00190 66/1/CFE_TIME 20: Start FLYWHEEL
EVS Port1 1980-012-14:48:16.10194 66/1/CFE_TIME 20: Start FLYWHEEL
.EVS Port1 1980-012-14:48:19.02189 66/1/CFE_TIME 21: Stop FLYWHEEL
.EVS Port1 1980-012-14:48:24.99354 66/1/CFE_TIME 20: Start FLYWHEEL
EVS Port1 1980-012-14:48:25.00587 66/1/CFE_TIME 21: Stop FLYWHEEL
.EVS Port1 1980-012-14:48:31.15109 66/1/CFE_TIME 20: Start FLYWHEEL
.EVS Port1 1980-012-14:48:35.00846 66/1/CFE_TIME 21: Stop FLYWHEEL
.EVS Port1 1980-012-14:48:41.02111 66/1/CFE_TIME 21: Stop FLYWHEEL
EVS Port1 1980-012-14:48:41.98025 66/1/CFE_TIME 20: Start FLYWHEEL
.EVS Port1 1980-012-14:48:47.37519 66/1/CFE_TIME 20: Start FLYWHEEL
EVS Port1 1980-012-14:48:48.00465 66/1/CFE_TIME 21: Stop FLYWHEEL
.EVS Port1 1980-012-14:48:56.02384 66/1/CFE_TIME 21: Stop FLYWHEEL
EVS Port1 1980-012-14:48:56.97766 66/1/CFE_TIME 20: Start FLYWHEEL
.EVS Port1 1980-012-14:48:59.01786 66/1/CFE_TIME 21: Stop FLYWHEEL
EVS Port1 1980-012-14:49:00.01298 66/1/CFE_TIME 20: Start FLYWHEEL
EVS Port1 1980-012-14:49:02.01402 66/1/CFE_TIME 20: Start FLYWHEEL
EVS Port1 1980-012-14:49:02.03408 66/1/CFE_TIME 21: Stop FLYWHEEL
.EVS Port1 1980-012-14:49:06.11669 66/1/CFE_TIME 20: Start FLYWHEEL
EVS Port1 1980-012-14:49:07.02545 66/1/CFE_TIME 21: Stop FLYWHEEL
.EVS Port1 1980-012-14:49:11.22538 66/1/CFE_TIME 20: Start FLYWHEEL
EVS Port1 1980-012-14:49:12.01309 66/1/CFE_TIME 21: Stop FLYWHEEL
EVS Port1 1980-012-14:49:15.59506 66/1/CFE_TIME 20: Start FLYWHEEL
.EVS Port1 1980-012-14:49:18.00807 66/1/CFE_TIME 21: Stop FLYWHEEL
EVS Port1 1980-012-14:49:20.00938 66/1/CFE_TIME 21: Stop FLYWHEEL
EVS Port1 1980-012-14:49:21.04188 66/1/CFE_TIME 20: Start FLYWHEEL
.EVS Port1 1980-012-14:49:23.04067 66/1/CFE_TIME 20: Start FLYWHEEL
EVS Port1 1980-012-14:49:23.00959 66/1/CFE_TIME 21: Stop FLYWHEEL
.EVS Port1 1980-012-14:49:28.01144 66/1/CFE_TIME 21: Stop FLYWHEEL
EVS Port1 1980-012-14:49:29.03567 66/1/CFE_TIME 20: Start FLYWHEEL
EVS Port1 1980-012-14:49:31.09609 66/1/CFE_TIME 20: Start FLYWHEEL
.EVS Port1 1980-012-14:49:34.02287 66/1/CFE_TIME 21: Stop FLYWHEEL
EVS Port1 1980-012-14:49:37.00791 66/1/CFE_TIME 20: Start FLYWHEEL
EVS Port1 1980-012-14:49:39.00942 66/1/CFE_TIME 21: Stop FLYWHEEL
.EVS Port1 1980-012-14:49:41.02740 66/1/CFE_TIME 21: Stop FLYWHEEL
EVS Port1 1980-012-14:49:42.02667 66/1/CFE_TIME 20: Start FLYWHEEL
EVS Port1 1980-012-14:49:44.18409 66/1/CFE_TIME 20: Start FLYWHEEL
.EVS Port1 1980-012-14:49:45.00544 66/1/CFE_TIME 21: Stop FLYWHEEL
EVS Port1 1980-012-14:49:50.09449 66/1/CFE_TIME 20: Start FLYWHEEL
.EVS Port1 1980-012-14:49:51.01327 66/1/CFE_TIME 21: Stop FLYWHEEL
EVS Port1 1980-012-14:49:54.12431 66/1/CFE_TIME 20: Start FLYWHEEL
EVS Port1 1980-012-14:49:55.00749 66/1/CFE_TIME 21: Stop FLYWHEEL
.EVS Port1 1980-012-14:49:58.00930 66/1/CFE_TIME 21: Stop FLYWHEEL
EVS Port1 1980-012-14:49:59.00051 66/1/CFE_TIME 20: Start FLYWHEEL
EVS Port1 1980-012-14:50:00.05303 66/1/CFE_TIME 21: Stop FLYWHEEL
EVS Port1 1980-012-14:50:01.04757 66/1/CFE_TIME 20: Start FLYWHEEL
.EVS Port1 1980-012-14:50:03.39048 66/1/CFE_TIME 20: Start FLYWHEEL
..EVS Port1 1980-012-14:50:16.01570 66/1/CFE_TIME 21: Stop FLYWHEEL
EVS Port1 1980-012-14:50:20.13572 66/1/CFE_TIME 20: Start FLYWHEEL
EVS Port1 1980-012-14:50:20.01759 66/1/CFE_TIME 21: Stop FLYWHEEL
.EVS Port1 1980-012-14:50:23.02502 66/1/CFE_TIME 21: Stop FLYWHEEL
EVS Port1 1980-012-14:50:23.99720 66/1/CFE_TIME 20: Start FLYWHEEL
.EVS Port1 1980-012-14:50:27.01640 66/1/CFE_TIME 21: Stop FLYWHEEL
EVS Port1 1980-012-14:50:28.00727 66/1/CFE_TIME 20: Start FLYWHEEL
EVS Port1 1980-012-14:50:29.01142 66/1/CFE_TIME 21: Stop FLYWHEEL
EVS Port1 1980-012-14:50:30.00389 66/1/CFE_TIME 20: Start FLYWHEEL
.EVS Port1 1980-012-14:50:33.03202 66/1/CFE_TIME 20: Start FLYWHEEL
EVS Port1 1980-012-14:50:35.05123 66/1/CFE_TIME 21: Stop FLYWHEEL
EVS Port1 1980-012-14:50:38.04899 66/1/CFE_TIME 20: Start FLYWHEEL
EVS Port1 1980-012-14:50:38.01559 66/1/CFE_TIME 21: Stop FLYWHEEL
.EVS Port1 1980-012-14:50:41.48857 66/1/CFE_TIME 20: Start FLYWHEEL
EVS Port1 1980-012-14:50:44.01170 66/1/CFE_TIME 21: Stop FLYWHEEL
.EVS Port1 1980-012-14:50:46.00387 66/1/CFE_TIME 21: Stop FLYWHEEL
EVS Port1 1980-012-14:50:47.00765 66/1/CFE_TIME 20: Start FLYWHEEL
EVS Port1 1980-012-14:50:48.00793 66/1/CFE_TIME 21: Stop FLYWHEEL
EVS Port1 1980-012-14:50:49.00862 66/1/CFE_TIME 20: Start FLYWHEEL
.EVS Port1 1980-012-14:50:53.06419 66/1/CFE_TIME 20: Start FLYWHEEL
EVS Port1 1980-012-14:50:53.01942 66/1/CFE_TIME 21: Stop FLYWHEEL
EVS Port1 1980-012-14:50:56.01205 66/1/CFE_TIME 21: Stop FLYWHEEL
.EVS Port1 1980-012-14:50:57.03532 66/1/CFE_TIME 20: Start FLYWHEEL
EVS Port1 1980-012-14:50:58.01126 66/1/CFE_TIME 21: Stop FLYWHEEL
EVS Port1 1980-012-14:50:58.99302 66/1/CFE_TIME 20: Start FLYWHEEL
..EVS Port1 1980-012-14:51:12.00537 66/1/CFE_TIME 21: Stop FLYWHEEL
EVS Port1 1980-012-14:51:13.07008 66/1/CFE_TIME 20: Start FLYWHEEL
.EVS Port1 1980-012-14:51:15.07138 66/1/CFE_TIME 20: Start FLYWHEEL
EVS Port1 1980-012-14:51:18.04377 66/1/CFE_TIME 21: Stop FLYWHEEL
..EVS Port1 1980-012-14:51:26.18789 66/1/CFE_TIME 20: Start FLYWHEEL
EVS Port1 1980-012-14:51:27.03604 66/1/CFE_TIME 21: Stop FLYWHEEL
EVS Port1 1980-012-14:51:29.02699 66/1/CFE_TIME 21: Stop FLYWHEEL
EVS Port1 1980-012-14:51:30.06721 66/1/CFE_TIME 20: Start FLYWHEEL
.EVS Port1 1980-012-14:51:32.09080 66/1/CFE_TIME 20: Start FLYWHEEL
EVS Port1 1980-012-14:51:32.00886 66/1/CFE_TIME 21: Stop FLYWHEEL
EVS Port1 1980-012-14:51:35.13639 66/1/CFE_TIME 20: Start FLYWHEEL
EVS Port1 1980-012-14:51:37.06330 66/1/CFE_TIME 21: Stop FLYWHEEL
.EVS Port1 1980-012-14:51:40.58489 66/1/CFE_TIME 20: Start FLYWHEEL
EVS Port1 1980-012-14:51:42.02299 66/1/CFE_TIME 21: Stop FLYWHEEL
.EVS Port1 1980-012-14:51:44.00796 66/1/CFE_TIME 21: Stop FLYWHEEL
EVS Port1 1980-012-14:51:45.00169 66/1/CFE_TIME 20: Start FLYWHEEL
.EVS Port1 1980-012-14:51:49.12356 66/1/CFE_TIME 20: Start FLYWHEEL
EVS Port1 1980-012-14:51:51.01429 66/1/CFE_TIME 21: Stop FLYWHEEL
..1980-012-14:52:03.94439 CFE_ES_RunExceptionScan: ExceptionID 0x1110000 in TaskID 0: Caught SIGINT
1980-012-14:52:03.94586 CFE_ES_RunExceptionScan: Processor Reset count not reached (0/2)
CFE_PSP: Exiting cFE with PROCESSOR Reset status.

CFE_PSP: Shutdown initiated - Exiting cFE
CI delete callback -- Closing CI Network socket.
TO delete callback -- Closing TO Network socket.
..EXIT=137
