OS_BSP_Initialize():Maximum user msg queue depth = 512
CFE_PSP: Default Reset SubType = 1
CFE_PSP: Default CPU ID = 1
CFE_PSP: Default Spacecraft ID = 66
CFE_PSP: Default CPU Name: cpu1
OS_Posix_GetSchedulerParams():208:Policy 1: available, min-max: 1-99
OS_Posix_GetSchedulerParams():208:Policy 2: available, min-max: 1-99
OS_Posix_TaskAPI_Impl_Init():401:Selected policy 2 for RT tasks, root task = 99
OS_Posix_TaskAPI_Impl_Init():419:Could not setschedparam in main thread: Operation not permitted (1)
CFE_PSP: initializing module 'soft_timebase' with ID 0110ff00
CFE_PSP: Instantiated software timebase 'cFS-Master' running at 10000 usec
CFE_PSP: initializing module 'timebase_posix_clock' with ID 0110ff01
CFE_PSP: Using POSIX monotonic clock as CFE timebase
CFE_PSP: initializing module 'eeprom_mmap_file' with ID 0110ff02
CFE_PSP: Using MMAP simulated EEPROM implementation
CFE_PSP: EEPROM Range (2) created: Start Address = E4789FD9E000, Size = 00080000 Status = 0
CFE_PSP: initializing module 'port_notimpl' with ID 0110ff03
CFE_PSP: I/O Port access not implemented
CFE_PSP: initializing module 'iodriver' with ID 0110ff04
CFE_PSP: initializing module 'linux_sysmon' with ID 0110ff05
CFE_PSP: initializing module 'endian_api' with ID 0110ff06
CFE_PSP: Host CPU Endian=LITTLE
CFE_PSP: initializing module 'ram_notimpl' with ID 0110ff07
CFE_PSP: Physical RAM access not implemented
CFE_PSP: Normal exit from previous cFE instance
CFE_PSP: Starting the cFE with a PROCESSOR reset.
1980-001-12:48:35.02559 CFE_ES_Main: CFE_ES_Main in EARLY_INIT state
1980-001-12:48:35.04306 CFE_ES_InitializeFileSystems: Volatile Disk has 100 Percent free space.
Number of addresses returned by backtrace = 1
CFE_PSP: CFE_PSP_AttachExceptions called
1980-001-12:48:35.08543 CFE_ES_Main: CFE_ES_Main entering CORE_STARTUP state
1980-001-12:48:35.08586 CFE_ES_CreateObjects: Starting Object Creation calls.
1980-001-12:48:35.08602 CFE_ES_CreateObjects: Calling EarlyInit for CFE_CONFIG
1980-001-12:48:35.08959 CFE_ES_CreateObjects: Calling EarlyInit for CFE_ES
1980-001-12:48:35.09658 CFE_ES_CreateObjects: Calling EarlyInit for CFE_EVS
1980-001-12:48:35.09954 CFE_EVS_EarlyInit: Event Log restored, n=0, c=20, f=1, m=1, o=977
1980-001-12:48:35.10067 CFE_ES_CreateObjects: Calling EarlyInit for CFE_FS
1980-001-12:48:35.10102 CFE_ES_CreateObjects: Calling EarlyInit for CFE_SB
1980-001-12:48:35.12392 CFE_ES_CreateObjects: Calling EarlyInit for CFE_TBL
1980-001-12:48:35.14772 CFE_ES_CreateObjects: Calling EarlyInit for CFE_TIME
EVS Port1 1980-012-14:52:00.07588 66/1/CFE_ES 1: cFE ES Initialized: CFE_ES v7.0.1+dev1 (Draco) DEV BUILD, based on v7.0.1, EDS disabled
EVS Port1 1980-012-14:52:00.08462 66/1/CFE_ES 2: cFS Versions: cfe v7.0.1+dev1, osal v7.0.1+dev1, psp v7.0.1+dev1. cFE chksm 31659
EVS Port1 1980-012-14:52:00.08795 66/1/CFE_ES 91: Version Info: Mission SampleMission, version git:v7.0.1-90-g78c23b0-dirty
EVS Port1 1980-012-14:52:00.09033 66/1/CFE_ES 91: Version Info: Module CORE_API, version git:2612eb0
EVS Port1 1980-012-14:52:00.09111 66/1/CFE_ES 91: Version Info: Module CONFIG, version git:2612eb0
EVS Port1 1980-012-14:52:00.09155 66/1/CFE_ES 91: Version Info: Module ES, version git:2612eb0
EVS Port1 1980-012-14:52:00.09527 66/1/CFE_ES 91: Version Info: Module EVS, version git:2612eb0
EVS Port1 1980-012-14:52:00.09561 66/1/CFE_ES 91: Version Info: Module FS, version git:2612eb0
EVS Port1 1980-012-14:52:00.09747 66/1/CFE_ES 91: Version Info: Module SB, version git:2612eb0
EVS Port1 1980-012-14:52:00.09915 66/1/CFE_ES 91: Version Info: Module TBL, version git:2612eb0
EVS Port1 1980-012-14:52:00.10140 66/1/CFE_ES 91: Version Info: Module TIME, version git:2612eb0
EVS Port1 1980-012-14:52:00.10227 66/1/CFE_ES 91: Version Info: Module OSAL, version git:8111e4a
EVS Port1 1980-012-14:52:00.10261 66/1/CFE_ES 91: Version Info: Module PSP, version git:d1da809
EVS Port1 1980-012-14:52:00.10504 66/1/CFE_ES 91: Version Info: Module MSG, version git:2612eb0
EVS Port1 1980-012-14:52:00.10552 66/1/CFE_ES 91: Version Info: Module SBR, version git:2612eb0
EVS Port1 1980-012-14:52:00.10583 66/1/CFE_ES 91: Version Info: Module RESOURCEID, version git:2612eb0
EVS Port1 1980-012-14:52:00.10624 66/1/CFE_ES 92: Build 202609120624 by root@vm, config aarch64
EVS Port1 1980-012-14:52:00.21244 66/1/CFE_EVS 1: cFE EVS Initialized: CFE_EVS v7.0.1+dev1 (Draco) DEV BUILD, based on v7.0.1, EDS disabled
1980-012-14:52:00.31805 CFE_SB_AppInit: Registered 4 events for filtering
EVS Port1 1980-012-14:52:00.32499 66/1/CFE_SB 1: cFE SB Initialized: CFE_SB v7.0.1+dev1 (Draco) DEV BUILD, based on v7.0.1, EDS disabled
EVS Port1 1980-012-14:52:00.32696 66/1/CFE_SB 14: No subscribers for MsgId 0x808,sender CFE_SB
EVS Port1 1980-012-14:52:00.43145 66/1/CFE_TBL 1: cFE TBL Initialized: CFE_TBL v7.0.1+dev1 (Draco) DEV BUILD, based on v7.0.1, EDS disabled
EVS Port1 1980-012-14:52:00.43461 66/1/CFE_SB 14: No subscribers for MsgId 0x808,sender CFE_TBL
EVS Port1 1980-012-14:52:00.56224 66/1/CFE_TIME 1: cFE TIME Initialized: CFE_TIME v7.0.1+dev1 (Draco) DEV BUILD, based on v7.0.1, EDS disabled
EVS Port1 1980-012-14:52:00.56558 66/1/CFE_SB 14: No subscribers for MsgId 0x808,sender CFE_TIME
1980-012-14:52:00.58628 CFE_ES_CreateObjects: Finished ES CreateObject table entries.
1980-012-14:52:00.58795 CFE_ES_Main: CFE_ES_Main entering CORE_READY state
OS_FileOpen_Impl():110:open(/dev/shm/osal:RAM/cfe_es_startup.scr): No such file or directory
1980-012-14:52:00.59712 CFE_ES_OpenStartupScript: Cannot Open Volatile Startup file: /ram/cfe_es_startup.scr, Trying Nonvolatile.
1980-012-14:52:00.59957 CFE_ES_OpenStartupScript: Opened ES App Startup file: /cf/cfe_es_startup.scr
1980-012-14:52:00.63550 CFE_ES_ParseFileEntry: Loading shared library: /cf/cfe_assert.so
1980-012-14:52:00.65111 [BEGIN] CFE FUNCTIONAL TEST
1980-012-14:52:00.65230 [BEGIN] 01 CFE-STARTUP
1980-012-14:52:00.67619 CFE_ES_ParseFileEntry: Loading shared library: /cf/sample_lib.so
SAMPLE Lib Initialized.Sample Lib v7.0.0+dev1 (Draco) DEV BUILD, based on v7.0.1, EDS disabled
1980-012-14:52:00.70925 CFE_ES_ParseFileEntry: Loading file: /cf/sch_lab.so, APP: SCH_LAB
1980-012-14:52:00.77055 CFE_ES_ParseFileEntry: Loading file: /cf/ci_lab.so, APP: CI_LAB
SCH Lab Initialized.SCH Lab v7.0.1+dev1 (Draco) DEV BUILD, based on v7.0.1, EDS disabled
1980-012-14:52:00.99056 CFE_ES_ParseFileEntry: Loading file: /cf/to_lab.so, APP: TO_LAB
EVS Port1 1980-012-14:52:01.26153 66/1/TO_LAB 1: TO Lab Initialized.TO Lab v7.0.1+dev1 (Draco) DEV BUILD, based on v7.0.1, EDS disabled, Awaiting enable command.
EVS Port1 1980-012-14:52:01.27317 66/1/CFE_SB 14: No subscribers for MsgId 0x808,sender TO_LAB
1980-012-14:52:01.29961 CI_LAB listening on UDP port: 1234
EVS Port1 1980-012-14:52:01.30584 66/1/CI_LAB 3: CI Lab Initialized.CI Lab App v7.0.1+dev1 (Draco) DEV BUILD, based on v7.0.1, EDS disabled
1980-012-14:52:01.32755 CFE_ES_ParseFileEntry: Loading file: /cf/sample_app.so, APP: SAMPLE_APP
1980-012-14:52:01.40623 CFE_ES_ParseFileEntry: Loading file: /cf/ai_learner.so, APP: AI_LEARNER
EVS Port1 1980-012-14:52:01.45428 66/1/SAMPLE_APP 1: Sample App Initialized.Sample App v7.0.0+dev1 (Draco) DEV BUILD, based on v7.0.1, EDS disabled
1980-012-14:52:01.52354 CFE_ES_ParseFileEntry: Loading file: /cf/lc.so, APP: LC
{"app":"AI_LEARNER","stage":"build_config","model":"wgan","allow_conditional_map":0,"contract_bounded_bytes":135666432,"contract_per_call_bytes":131382784,"contract_const_bytes":4283648,"contract_bound_known":true,"contract_artifact_sha256":"e382429cbfbf580356379365fa67a8a2b01b47d58ec4e04b4a4c14165be2e102"}
{"app":"AI_LEARNER","stage":"stack","es_stack_size":263024,"stack_base_bytes":262144,"contract_kernel_stack_bytes":880,"kernel_stack_accounted":true}
EVS Port1 1980-012-14:52:01.56674 66/1/AI_LEARNER 8: AI_LEARNER stack: es=263024 base=262144 kernel=880 accounted=1
{"app":"AI_LEARNER","stage":"admission","verdict":"ADMIT","model":"wgan","target":"aarch64-unknown-linux-gnu","bounded":135666432,"budget":512206935,"budget_source":"override","per_call":131382784,"constants":4283648,"kernel_stack_bytes":880,"bound_known":true,"scope":"per_app_local_budget"}
EVS Port1 1980-012-14:52:01.66432 66/1/LC 56: WDT verify results: good = 0, bad = 0, unused = 176
1980-012-14:52:01.67358 CFE_ES_ParseFileEntry: Loading file: /cf/cf.so, APP: CF
EVS Port1 1980-012-14:52:01.69026 66/1/LC 66: ADT verify results: good = 0, bad = 0, unused = 176
EVS Port1 1980-012-14:52:01.71751 66/1/LC 23: LC use of Critical Data Store disabled, activity mask = 0x00991990
EVS Port1 1980-012-14:52:01.72052 66/1/LC 2: LC Initialized. Version 7.0.1.255
1980-012-14:52:01.84229 CFE_ES_ParseFileEntry: Loading file: /cf/ds.so, APP: DS
EVS Port1 1980-012-14:52:01.94023 66/1/CF 20: CF Initialized. Version 7.0.1.255
1980-012-14:52:01.97691 CFE_ES_ParseFileEntry: Loading file: /cf/fm.so, APP: FM
EVS Port1 1980-012-14:52:01.98109 66/1/DS 10: Destination file table verify results: good entries = 6, bad = 0, unused = 10
EVS Port1 1980-012-14:52:02.00831 66/1/DS 12: Filter table verify results: good entries = 14, bad = 0, unused = 242
EVS Port1 1980-012-14:52:02.03080 66/1/DS 1: Application initialized, version 7.0.1.255, data at 0xe4789ed60460
1980-012-14:52:02.10402 CFE_ES_ParseFileEntry: Loading file: /cf/hk.so, APP: HK
EVS Port1 1980-012-14:52:02.13345 66/1/FM 80: Free Space Table verify results: good entries = 3, bad = 0, unused = 5
EVS Port1 1980-012-14:52:02.16029 66/1/FM 1: Initialization complete: version 7.0.1.255
EVS Port1 1980-012-14:52:02.21913 66/1/FM 72: Child Task initialization complete
1980-012-14:52:02.23961 CFE_ES_ParseFileEntry: Loading file: /cf/hs.so, APP: HS
EVS Port1 1980-012-14:52:02.29725 66/1/HK 1: HK Initialized.  Version 7.0.1.255
1980-012-14:52:02.35306 CFE_ES_ParseFileEntry: Loading file: /cf/mm.so, APP: MM
EVS Port1 1980-012-14:52:02.40594 66/1/HS 54: ExeCount verify results: good = 5, bad = 0, unused = 27
EVS Port1 1980-012-14:52:02.41719 66/1/HS 50: AppMon verify results: good = 0, bad = 0, unused = 32
EVS Port1 1980-012-14:52:02.44345 66/1/HS 52: EventMon verify results: good = 0, bad = 0, unused = 16
EVS Port1 1980-012-14:52:02.47848 66/1/HS 56: MsgActs verify results: good = 2, bad = 0, unused = 6
1980-012-14:52:02.49469 HS_SysMonInit(): System Monitor using PSP device ID 0110ff05
EVS Port1 1980-012-14:52:02.52687 66/1/MM 1: MM Initialized. Version 7.0.1.255
CFE_PSP(Linux_SysMon): Started CPU utilization monitoring on 1 CPU(s)
EVS Port1 1980-012-14:52:02.55723 66/1/HS 1: HS Initialized.  Version 7.0.1.255
1980-012-14:52:02.55947 CFE_ES_ParseFileEntry: Loading file: /cf/sc.so, APP: SC
1980-012-14:52:02.79428 CFE_ES_ParseFileEntry: Loading file: /cf/md.so, APP: MD
EVS Port1 1980-012-14:52:02.86741 66/1/SC 21: RTS table files not loaded at initialization = 0 of 4
EVS Port1 1980-012-14:52:02.88220 66/1/SC 9: SC Initialized. Version 7.0.1.255
EVS Port1 1980-012-14:52:02.95643 66/1/MD 52: MD Dwell Tbl verify results: good = 0, bad = 0, unused = 25
EVS Port1 1980-012-14:52:02.97230 66/1/MD 3: Recovered Dwell Table #1 is valid and has been copied to the MD App
1980-012-14:52:02.99449 CFE_ES_ParseFileEntry: Loading file: /cf/cs.so, APP: CS
EVS Port1 1980-012-14:52:02.99258 66/1/MD 52: MD Dwell Tbl verify results: good = 0, bad = 0, unused = 25
EVS Port1 1980-012-14:52:03.01031 66/1/MD 3: Recovered Dwell Table #2 is valid and has been copied to the MD App
EVS Port1 1980-012-14:52:03.06010 66/1/MD 52: MD Dwell Tbl verify results: good = 0, bad = 0, unused = 25
EVS Port1 1980-012-14:52:03.06643 66/1/MD 3: Recovered Dwell Table #3 is valid and has been copied to the MD App
EVS Port1 1980-012-14:52:03.07742 66/1/MD 52: MD Dwell Tbl verify results: good = 0, bad = 0, unused = 25
EVS Port1 1980-012-14:52:03.08404 66/1/MD 3: Recovered Dwell Table #4 is valid and has been copied to the MD App
EVS Port1 1980-012-14:52:03.09146 66/1/MD 7: Dwell Tables Recovered: 4, Dwell Tables Initialized: 0
EVS Port1 1980-012-14:52:03.12542 66/1/MD 1: MD Initialized.  Version 7.0.1.255
EVS Port1 1980-012-14:52:03.21458 66/1/CS 144: CS EEPROM Table verification results: good = 0, bad = 0, unused = 16
EVS Port1 1980-012-14:52:03.22613 66/1/CS 107: CS EEPROM Table: No valid entries in the table
EVS Port1 1980-012-14:52:03.26042 66/1/CS 143: CS Memory Table verification results: good = 0, bad = 0, unused = 16
EVS Port1 1980-012-14:52:03.26856 66/1/CS 107: CS Memory Table: No valid entries in the table
EVS Port1 1980-012-14:52:03.29922 66/1/CS 139: CS Tables Table verification results: good = 1, bad = 0, unused = 23
EVS Port1 1980-012-14:52:03.33029 66/1/CS 142: CS Apps Table verification results: good = 0, bad = 0, unused = 24
EVS Port1 1980-012-14:52:03.35124 66/1/CS 108: CS Apps Table: No valid entries in the table
EVS Port1 1980-012-14:52:03.38153 66/1/CS 127: OS Text Segment disabled due to platform
EVS Port1 1980-012-14:52:03.39006 66/1/CS 1: CS Initialized. Version 7.0.1.255
{"app":"AI_LEARNER","stage":"binding","verdict":"MATCH","artifact_bytes":4321533,"artifact_sha256":"e382429cbfbf5803","contract_sha256":"e382429cbfbf5803"}
{"app":"AI_LEARNER","stage":"map_branch","model":"wgan","module_ptr_mod64":0,"hal_peak_after_append":0,"contract_const_bytes":4283648,"contract_per_call_bytes":131382784,"arm":"map","admission_mode":"unconditional"}
{"app":"AI_LEARNER","stage":"mem_init","model":"wgan","target":"aarch64-unknown-linux-gnu","hal_peak":602112,"hal_allocated":602112,"bounded":135666432,"peak_within_bounded":true,"inferences_so_far":0,"process_rss_kb":11300,"rss_kb_before_runtime":9656,"rss_kb_after_session":9944,"rss_kb_after_init":11300}
EVS Port1 1980-012-14:52:04.00993 66/1/CFE_TIME 21: Stop FLYWHEEL
1980-012-14:52:04.06729 CFE_ES_Main: Startup Sync failed - Applications may not have all initialized
1980-012-14:52:04.07140 CFE_ES_Main: CFE_ES_Main entering APPS_INIT state
1980-012-14:52:05.10444 CFE_ES_Main: Startup Sync failed - Applications may not have all started
1980-012-14:52:05.10474 CFE_ES_Main: CFE_ES_Main entering OPERATIONAL state
EVS Port1 1980-012-14:52:05.12442 66/1/TO_LAB 19: L550 TO Lab subscribed to 32 messages from the table
EVS Port1 1980-012-14:52:07.01708 66/1/CFE_TIME 21: Stop FLYWHEEL
EVS Port1 1980-012-14:52:07.99055 66/1/CFE_TIME 20: Start FLYWHEEL
..EVS Port1 1980-012-14:52:17.02107 66/1/CFE_TIME 21: Stop FLYWHEEL
EVS Port1 1980-012-14:52:18.01411 66/1/CFE_TIME 20: Start FLYWHEEL
EVS Port1 1980-012-14:52:20.01608 66/1/CFE_TIME 20: Start FLYWHEEL
EVS Port1 1980-012-14:52:20.01516 66/1/CFE_TIME 21: Stop FLYWHEEL
.EVS Port1 1980-012-14:52:26.00468 66/1/CFE_TIME 20: Start FLYWHEEL
EVS Port1 1980-012-14:52:26.01374 66/1/CFE_TIME 21: Stop FLYWHEEL
.EVS Port1 1980-012-14:52:30.13050 66/1/CFE_TIME 20: Start FLYWHEEL
EVS Port1 1980-012-14:52:32.00683 66/1/CFE_TIME 21: Stop FLYWHEEL
.EVS Port1 1980-012-14:52:37.11892 66/1/CFE_TIME 20: Start FLYWHEEL
EVS Port1 1980-012-14:52:37.00469 66/1/CFE_TIME 21: Stop FLYWHEEL
EVS Port1 1980-012-14:52:40.01280 66/1/CFE_TIME 21: Stop FLYWHEEL
.EVS Port1 1980-012-14:52:41.02677 66/1/CFE_TIME 20: Start FLYWHEEL
EVS Port1 1980-012-14:52:42.00892 66/1/CFE_TIME 21: Stop FLYWHEEL
EVS Port1 1980-012-14:52:43.00886 66/1/CFE_TIME 20: Start FLYWHEEL
..EVS Port1 1980-012-14:52:53.99826 66/1/CFE_TIME 20: Start FLYWHEEL
EVS Port1 1980-012-14:52:54.01809 66/1/CFE_TIME 21: Stop FLYWHEEL
.EVS Port1 1980-012-14:52:59.00534 66/1/CFE_TIME 21: Stop FLYWHEEL
EVS Port1 1980-012-14:52:59.99588 66/1/CFE_TIME 20: Start FLYWHEEL
.EVS Port1 1980-012-14:53:05.00483 66/1/CFE_TIME 21: Stop FLYWHEEL
EVS Port1 1980-012-14:53:05.99855 66/1/CFE_TIME 20: Start FLYWHEEL
..EVS Port1 1980-012-14:53:20.16654 66/1/CFE_TIME 20: Start FLYWHEEL
EVS Port1 1980-012-14:53:20.00701 66/1/CFE_TIME 21: Stop FLYWHEEL
..EVS Port1 1980-012-14:53:29.01426 66/1/CFE_TIME 21: Stop FLYWHEEL
EVS Port1 1980-012-14:53:30.00091 66/1/CFE_TIME 20: Start FLYWHEEL
EVS Port1 1980-012-14:53:33.00053 66/1/CFE_TIME 20: Start FLYWHEEL
EVS Port1 1980-012-14:53:33.03378 66/1/CFE_TIME 21: Stop FLYWHEEL
.EVS Port1 1980-012-14:53:35.00572 66/1/CFE_TIME 21: Stop FLYWHEEL
EVS Port1 1980-012-14:53:36.00788 66/1/CFE_TIME 20: Start FLYWHEEL
EVS Port1 1980-012-14:53:37.01213 66/1/CFE_TIME 21: Stop FLYWHEEL
EVS Port1 1980-012-14:53:38.07035 66/1/CFE_TIME 20: Start FLYWHEEL
EVS Port1 1980-012-14:53:39.02090 66/1/CFE_TIME 21: Stop FLYWHEEL
.EVS Port1 1980-012-14:53:39.99224 66/1/CFE_TIME 20: Start FLYWHEEL
EVS Port1 1980-012-14:53:44.00903 66/1/CFE_TIME 20: Start FLYWHEEL
EVS Port1 1980-012-14:53:44.00796 66/1/CFE_TIME 21: Stop FLYWHEEL
.EVS Port1 1980-012-14:53:49.01039 66/1/CFE_TIME 21: Stop FLYWHEEL
EVS Port1 1980-012-14:53:49.99856 66/1/CFE_TIME 20: Start FLYWHEEL
.EVS Port1 1980-012-14:53:55.37350 66/1/CFE_TIME 20: Start FLYWHEEL
.EVS Port1 1980-012-14:53:57.01315 66/1/CFE_TIME 21: Stop FLYWHEEL
EVS Port1 1980-012-14:54:00.01438 66/1/CFE_TIME 21: Stop FLYWHEEL
EVS Port1 1980-012-14:54:01.04766 66/1/CFE_TIME 20: Start FLYWHEEL
EVS Port1 1980-012-14:54:02.01007 66/1/CFE_TIME 21: Stop FLYWHEEL
.EVS Port1 1980-012-14:54:03.16694 66/1/CFE_TIME 20: Start FLYWHEEL
EVS Port1 1980-012-14:54:05.40599 66/1/CFE_TIME 20: Start FLYWHEEL
EVS Port1 1980-012-14:54:05.00788 66/1/CFE_TIME 21: Stop FLYWHEEL
.EVS Port1 1980-012-14:54:12.00521 66/1/CFE_TIME 21: Stop FLYWHEEL
EVS Port1 1980-012-14:54:12.99720 66/1/CFE_TIME 20: Start FLYWHEEL
..EVS Port1 1980-012-14:54:22.05702 66/1/CFE_TIME 20: Start FLYWHEEL
EVS Port1 1980-012-14:54:23.00869 66/1/CFE_TIME 21: Stop FLYWHEEL
EVS Port1 1980-012-14:54:25.01484 66/1/CFE_TIME 21: Stop FLYWHEEL
EVS Port1 1980-012-14:54:25.99110 66/1/CFE_TIME 20: Start FLYWHEEL
.EVS Port1 1980-012-14:54:27.56480 66/1/HS 61: CPU Hogging Detected
1980-012-14:54:27.57225 HS App: CPU Hogging Detected
EVS Port1 1980-012-14:54:32.05419 66/1/CFE_TIME 20: Start FLYWHEEL
EVS Port1 1980-012-14:54:32.01873 66/1/CFE_TIME 21: Stop FLYWHEEL
.EVS Port1 1980-012-14:54:35.32226 66/1/CFE_TIME 20: Start FLYWHEEL
EVS Port1 1980-012-14:54:36.01634 66/1/CFE_TIME 21: Stop FLYWHEEL
.EVS Port1 1980-012-14:54:39.00480 66/1/CFE_TIME 21: Stop FLYWHEEL
EVS Port1 1980-012-14:54:40.00009 66/1/CFE_TIME 20: Start FLYWHEEL
.EVS Port1 1980-012-14:54:47.00720 66/1/CFE_TIME 21: Stop FLYWHEEL
EVS Port1 1980-012-14:54:47.99961 66/1/CFE_TIME 20: Start FLYWHEEL
..EVS Port1 1980-012-14:54:56.01206 66/1/CFE_TIME 21: Stop FLYWHEEL
EVS Port1 1980-012-14:54:57.02026 66/1/CFE_TIME 20: Start FLYWHEEL
EVS Port1 1980-012-14:54:58.01602 66/1/CFE_TIME 21: Stop FLYWHEEL
EVS Port1 1980-012-14:54:59.00225 66/1/CFE_TIME 20: Start FLYWHEEL
EVS Port1 1980-012-14:55:00.02044 66/1/CFE_TIME 21: Stop FLYWHEEL
.EVS Port1 1980-012-14:55:01.27049 66/1/CFE_TIME 20: Start FLYWHEEL
EVS Port1 1980-012-14:55:02.00924 66/1/CFE_TIME 21: Stop FLYWHEEL
EVS Port1 1980-012-14:55:02.99597 66/1/CFE_TIME 20: Start FLYWHEEL
..EVS Port1 1980-012-14:55:14.00534 66/1/CFE_TIME 21: Stop FLYWHEEL
EVS Port1 1980-012-14:55:15.02246 66/1/CFE_TIME 20: Start FLYWHEEL
EVS Port1 1980-012-14:55:16.02510 66/1/CFE_TIME 21: Stop FLYWHEEL
EVS Port1 1980-012-14:55:17.01252 66/1/CFE_TIME 20: Start FLYWHEEL
.EVS Port1 1980-012-14:55:19.01107 66/1/CFE_TIME 21: Stop FLYWHEEL
EVS Port1 1980-012-14:55:19.99429 66/1/CFE_TIME 20: Start FLYWHEEL
..EVS Port1 1980-012-14:55:32.17002 66/1/CFE_TIME 20: Start FLYWHEEL
EVS Port1 1980-012-14:55:33.05300 66/1/CFE_TIME 21: Stop FLYWHEEL
.....EVS Port1 1980-012-14:56:00.00793 66/1/CFE_TIME 21: Stop FLYWHEEL
EVS Port1 1980-012-14:56:01.00064 66/1/CFE_TIME 20: Start FLYWHEEL
.EVS Port1 1980-012-14:56:08.00439 66/1/CFE_TIME 21: Stop FLYWHEEL
EVS Port1 1980-012-14:56:08.99618 66/1/CFE_TIME 20: Start FLYWHEEL
....EVS Port1 1980-012-14:56:30.01437 66/1/CFE_TIME 21: Stop FLYWHEEL
EVS Port1 1980-012-14:56:30.99507 66/1/CFE_TIME 20: Start FLYWHEEL
EVS Port1 1980-012-14:56:34.00624 66/1/CFE_TIME 21: Stop FLYWHEEL
EVS Port1 1980-012-14:56:35.00733 66/1/CFE_TIME 20: Start FLYWHEEL
.EVS Port1 1980-012-14:56:36.01351 66/1/CFE_TIME 21: Stop FLYWHEEL
EVS Port1 1980-012-14:56:36.99334 66/1/CFE_TIME 20: Start FLYWHEEL
.EVS Port1 1980-012-14:56:41.01405 66/1/CFE_TIME 21: Stop FLYWHEEL
EVS Port1 1980-012-14:56:42.00956 66/1/CFE_TIME 20: Start FLYWHEEL
EVS Port1 1980-012-14:56:43.01484 66/1/CFE_TIME 21: Stop FLYWHEEL
EVS Port1 1980-012-14:56:44.00881 66/1/CFE_TIME 20: Start FLYWHEEL
EVS Port1 1980-012-14:56:45.00791 66/1/CFE_TIME 21: Stop FLYWHEEL
EVS Port1 1980-012-14:56:46.04421 66/1/CFE_TIME 20: Start FLYWHEEL
.EVS Port1 1980-012-14:56:48.10723 66/1/CFE_TIME 20: Start FLYWHEEL
EVS Port1 1980-012-14:56:50.01600 66/1/CFE_TIME 21: Stop FLYWHEEL
.EVS Port1 1980-012-14:56:59.00646 66/1/CFE_TIME 21: Stop FLYWHEEL
.EVS Port1 1980-012-14:56:59.99891 66/1/CFE_TIME 20: Start FLYWHEEL
.....EVS Port1 1980-012-14:57:29.54605 66/1/CFE_TIME 20: Start FLYWHEEL
EVS Port1 1980-012-14:57:29.00482 66/1/CFE_TIME 21: Stop FLYWHEEL
..EVS Port1 1980-012-14:57:42.05685 66/1/CFE_TIME 20: Start FLYWHEEL
EVS Port1 1980-012-14:57:42.00811 66/1/CFE_TIME 21: Stop FLYWHEEL
..EVS Port1 1980-012-14:57:53.00640 66/1/CFE_TIME 21: Stop FLYWHEEL
EVS Port1 1980-012-14:57:53.99665 66/1/CFE_TIME 20: Start FLYWHEEL
EVS Port1 1980-012-14:57:57.00810 66/1/CFE_TIME 21: Stop FLYWHEEL
EVS Port1 1980-012-14:57:58.33604 66/1/CFE_TIME 20: Start FLYWHEEL
.EVS Port1 1980-012-14:58:00.43685 66/1/CFE_TIME 20: Start FLYWHEEL
EVS Port1 1980-012-14:58:00.01002 66/1/CFE_TIME 21: Stop FLYWHEEL
..EVS Port1 1980-012-14:58:11.02047 66/1/CFE_TIME 21: Stop FLYWHEEL
EVS Port1 1980-012-14:58:12.02186 66/1/CFE_TIME 20: Start FLYWHEEL
EVS Port1 1980-012-14:58:13.00982 66/1/CFE_TIME 21: Stop FLYWHEEL
EVS Port1 1980-012-14:58:13.99620 66/1/CFE_TIME 20: Start FLYWHEEL
..EVS Port1 1980-012-14:58:25.00883 66/1/CFE_TIME 21: Stop FLYWHEEL
EVS Port1 1980-012-14:58:26.03167 66/1/CFE_TIME 20: Start FLYWHEEL
EVS Port1 1980-012-14:58:28.13586 66/1/CFE_TIME 20: Start FLYWHEEL
.EVS Port1 1980-012-14:58:29.03326 66/1/CFE_TIME 21: Stop FLYWHEEL
EVS Port1 1980-012-14:58:32.01022 66/1/CFE_TIME 21: Stop FLYWHEEL
EVS Port1 1980-012-14:58:32.99922 66/1/CFE_TIME 20: Start FLYWHEEL
..EVS Port1 1980-012-14:58:45.27938 66/1/CFE_TIME 20: Start FLYWHEEL
EVS Port1 1980-012-14:58:46.01007 66/1/CFE_TIME 21: Stop FLYWHEEL
..EVS Port1 1980-012-14:58:57.11511 66/1/CFE_TIME 20: Start FLYWHEEL
EVS Port1 1980-012-14:58:57.01327 66/1/CFE_TIME 21: Stop FLYWHEEL
.EVS Port1 1980-012-14:59:00.14524 66/1/CFE_TIME 20: Start FLYWHEEL
EVS Port1 1980-012-14:59:01.00489 66/1/CFE_TIME 21: Stop FLYWHEEL
..EVS Port1 1980-012-14:59:12.00712 66/1/CFE_TIME 21: Stop FLYWHEEL
EVS Port1 1980-012-14:59:12.99758 66/1/CFE_TIME 20: Start FLYWHEEL
EVS Port1 1980-012-14:59:15.01403 66/1/CFE_TIME 21: Stop FLYWHEEL
EVS Port1 1980-012-14:59:15.99496 66/1/CFE_TIME 20: Start FLYWHEEL
..EVS Port1 1980-012-14:59:24.01367 66/1/CFE_TIME 21: Stop FLYWHEEL
EVS Port1 1980-012-14:59:25.05984 66/1/CFE_TIME 20: Start FLYWHEEL
EVS Port1 1980-012-14:59:27.46115 66/1/CFE_TIME 20: Start FLYWHEEL
.EVS Port1 1980-012-14:59:29.01623 66/1/CFE_TIME 21: Stop FLYWHEEL
....EVS Port1 1980-012-14:59:56.00891 66/1/CFE_TIME 21: Stop FLYWHEEL
EVS Port1 1980-012-14:59:56.99729 66/1/CFE_TIME 20: Start FLYWHEEL
.EVS Port1 1980-012-15:00:03.44447 66/1/CFE_TIME 20: Start FLYWHEEL
.EVS Port1 1980-012-15:00:05.01794 66/1/CFE_TIME 21: Stop FLYWHEEL
EVS Port1 1980-012-15:00:09.00567 66/1/CFE_TIME 21: Stop FLYWHEEL
.EVS Port1 1980-012-15:00:10.00520 66/1/CFE_TIME 20: Start FLYWHEEL
.EVS Port1 1980-012-15:00:20.06105 66/1/CFE_TIME 20: Start FLYWHEEL
EVS Port1 1980-012-15:00:20.01614 66/1/CFE_TIME 21: Stop FLYWHEEL
.EVS Port1 1980-012-15:00:25.28579 66/1/CFE_TIME 20: Start FLYWHEEL
EVS Port1 1980-012-15:00:26.00720 66/1/CFE_TIME 21: Stop FLYWHEEL
...EVS Port1 1980-012-15:00:44.03150 66/1/CFE_TIME 21: Stop FLYWHEEL
EVS Port1 1980-012-15:00:45.00025 66/1/CFE_TIME 20: Start FLYWHEEL
..EVS Port1 1980-012-15:00:55.00848 66/1/CFE_TIME 21: Stop FLYWHEEL
EVS Port1 1980-012-15:00:56.02415 66/1/CFE_TIME 20: Start FLYWHEEL
EVS Port1 1980-012-15:00:57.02009 66/1/CFE_TIME 21: Stop FLYWHEEL
.EVS Port1 1980-012-15:00:57.99497 66/1/CFE_TIME 20: Start FLYWHEEL
..EVS Port1 1980-012-15:01:10.01162 66/1/CFE_TIME 21: Stop FLYWHEEL
EVS Port1 1980-012-15:01:11.03396 66/1/CFE_TIME 20: Start FLYWHEEL
EVS Port1 1980-012-15:01:13.07670 66/1/CFE_TIME 20: Start FLYWHEEL
EVS Port1 1980-012-15:01:13.00727 66/1/CFE_TIME 21: Stop FLYWHEEL
..EVS Port1 1980-012-15:01:25.13505 66/1/CFE_TIME 20: Start FLYWHEEL
EVS Port1 1980-012-15:01:25.00677 66/1/CFE_TIME 21: Stop FLYWHEEL
.....EVS Port1 1980-012-15:01:54.02091 66/1/CFE_TIME 21: Stop FLYWHEEL
EVS Port1 1980-012-15:01:54.98286 66/1/CFE_TIME 20: Start FLYWHEEL
.EVS Port1 1980-012-15:02:01.03001 66/1/CFE_TIME 20: Start FLYWHEEL
EVS Port1 1980-012-15:02:01.01452 66/1/CFE_TIME 21: Stop FLYWHEEL
.EVS Port1 1980-012-15:02:04.12976 66/1/CFE_TIME 20: Start FLYWHEEL
EVS Port1 1980-012-15:02:05.06614 66/1/CFE_TIME 21: Stop FLYWHEEL
EVS Port1 1980-012-15:02:07.01818 66/1/CFE_TIME 21: Stop FLYWHEEL
EVS Port1 1980-012-15:02:08.00985 66/1/CFE_TIME 20: Start FLYWHEEL
.EVS Port1 1980-012-15:02:10.01237 66/1/CFE_TIME 20: Start FLYWHEEL
EVS Port1 1980-012-15:02:10.01013 66/1/CFE_TIME 21: Stop FLYWHEEL
.EVS Port1 1980-012-15:02:16.01596 66/1/CFE_TIME 21: Stop FLYWHEEL
EVS Port1 1980-012-15:02:17.00006 66/1/CFE_TIME 20: Start FLYWHEEL
.EVS Port1 1980-012-15:02:24.17318 66/1/CFE_TIME 20: Start FLYWHEEL
EVS Port1 1980-012-15:02:24.01165 66/1/CFE_TIME 21: Stop FLYWHEEL
.EVS Port1 1980-012-15:02:31.51853 66/1/CFE_TIME 20: Start FLYWHEEL
EVS Port1 1980-012-15:02:31.07415 66/1/CFE_TIME 21: Stop FLYWHEEL
...EVS Port1 1980-012-15:02:44.01106 66/1/CFE_TIME 21: Stop FLYWHEEL
EVS Port1 1980-012-15:02:44.98835 66/1/CFE_TIME 20: Start FLYWHEEL
EVS Port1 1980-012-15:02:49.00541 66/1/CFE_TIME 21: Stop FLYWHEEL
.EVS Port1 1980-012-15:02:50.04701 66/1/CFE_TIME 20: Start FLYWHEEL
EVS Port1 1980-012-15:02:52.38827 66/1/CFE_TIME 20: Start FLYWHEEL
EVS Port1 1980-012-15:02:53.01052 66/1/CFE_TIME 21: Stop FLYWHEEL
..EVS Port1 1980-012-15:03:05.00653 66/1/CFE_TIME 21: Stop FLYWHEEL
EVS Port1 1980-012-15:03:06.02188 66/1/CFE_TIME 20: Start FLYWHEEL
.EVS Port1 1980-012-15:03:07.01724 66/1/CFE_TIME 21: Stop FLYWHEEL
EVS Port1 1980-012-15:03:07.99426 66/1/CFE_TIME 20: Start FLYWHEEL
.EVS Port1 1980-012-15:03:14.02580 66/1/CFE_TIME 21: Stop FLYWHEEL
EVS Port1 1980-012-15:03:15.05381 66/1/CFE_TIME 20: Start FLYWHEEL
EVS Port1 1980-012-15:03:16.00456 66/1/CFE_TIME 21: Stop FLYWHEEL
EVS Port1 1980-012-15:03:17.01744 66/1/CFE_TIME 20: Start FLYWHEEL
EVS Port1 1980-012-15:03:18.01748 66/1/CFE_TIME 21: Stop FLYWHEEL
.EVS Port1 1980-012-15:03:18.98281 66/1/CFE_TIME 20: Start FLYWHEEL
EVS Port1 1980-012-15:03:22.14120 66/1/CFE_TIME 20: Start FLYWHEEL
EVS Port1 1980-012-15:03:22.01358 66/1/CFE_TIME 21: Stop FLYWHEEL
..EVS Port1 1980-012-15:03:34.01051 66/1/CFE_TIME 21: Stop FLYWHEEL
EVS Port1 1980-012-15:03:35.03193 66/1/CFE_TIME 20: Start FLYWHEEL
EVS Port1 1980-012-15:03:36.01124 66/1/CFE_TIME 21: Stop FLYWHEEL
.EVS Port1 1980-012-15:03:36.99563 66/1/CFE_TIME 20: Start FLYWHEEL
EVS Port1 1980-012-15:03:40.01112 66/1/CFE_TIME 21: Stop FLYWHEEL
EVS Port1 1980-012-15:03:40.99705 66/1/CFE_TIME 20: Start FLYWHEEL
.EVS Port1 1980-012-15:03:47.00460 66/1/CFE_TIME 21: Stop FLYWHEEL
EVS Port1 1980-012-15:03:47.99821 66/1/CFE_TIME 20: Start FLYWHEEL
.EVS Port1 1980-012-15:03:51.01445 66/1/CFE_TIME 21: Stop FLYWHEEL
EVS Port1 1980-012-15:03:51.99299 66/1/CFE_TIME 20: Start FLYWHEEL
..EVS Port1 1980-012-15:04:05.00558 66/1/CFE_TIME 21: Stop FLYWHEEL
EVS Port1 1980-012-15:04:06.02044 66/1/CFE_TIME 20: Start FLYWHEEL
.EVS Port1 1980-012-15:04:07.02691 66/1/CFE_TIME 21: Stop FLYWHEEL
EVS Port1 1980-012-15:04:07.99200 66/1/CFE_TIME 20: Start FLYWHEEL
EVS Port1 1980-012-15:04:10.01126 66/1/CFE_TIME 21: Stop FLYWHEEL
EVS Port1 1980-012-15:04:11.00329 66/1/CFE_TIME 20: Start FLYWHEEL
.EVS Port1 1980-012-15:04:14.00839 66/1/CFE_TIME 20: Start FLYWHEEL
EVS Port1 1980-012-15:04:14.01181 66/1/CFE_TIME 21: Stop FLYWHEEL
.EVS Port1 1980-012-15:04:19.04389 66/1/CFE_TIME 20: Start FLYWHEEL
EVS Port1 1980-012-15:04:22.00942 66/1/CFE_TIME 21: Stop FLYWHEEL
.EVS Port1 1980-012-15:04:25.00917 66/1/CFE_TIME 21: Stop FLYWHEEL
EVS Port1 1980-012-15:04:26.02009 66/1/CFE_TIME 20: Start FLYWHEEL
EVS Port1 1980-012-15:04:27.01062 66/1/CFE_TIME 21: Stop FLYWHEEL
EVS Port1 1980-012-15:04:27.99662 66/1/CFE_TIME 20: Start FLYWHEEL
...EVS Port1 1980-012-15:04:44.00502 66/1/CFE_TIME 21: Stop FLYWHEEL
EVS Port1 1980-012-15:04:45.00924 66/1/CFE_TIME 20: Start FLYWHEEL
EVS Port1 1980-012-15:04:46.00828 66/1/CFE_TIME 21: Stop FLYWHEEL
EVS Port1 1980-012-15:04:46.99491 66/1/CFE_TIME 20: Start FLYWHEEL
.EVS Port1 1980-012-15:04:50.00491 66/1/CFE_TIME 21: Stop FLYWHEEL
EVS Port1 1980-012-15:04:50.99407 66/1/CFE_TIME 20: Start FLYWHEEL
..EVS Port1 1980-012-15:05:03.00657 66/1/CFE_TIME 21: Stop FLYWHEEL
EVS Port1 1980-012-15:05:03.99621 66/1/CFE_TIME 20: Start FLYWHEEL
.EVS Port1 1980-012-15:05:08.00778 66/1/CFE_TIME 21: Stop FLYWHEEL
EVS Port1 1980-012-15:05:09.00248 66/1/CFE_TIME 20: Start FLYWHEEL
.EVS Port1 1980-012-15:05:14.01225 66/1/CFE_TIME 21: Stop FLYWHEEL
EVS Port1 1980-012-15:05:15.01075 66/1/CFE_TIME 20: Start FLYWHEEL
.EVS Port1 1980-012-15:05:20.28572 66/1/CFE_TIME 20: Start FLYWHEEL
EVS Port1 1980-012-15:05:21.02069 66/1/CFE_TIME 21: Stop FLYWHEEL
.EVS Port1 1980-012-15:05:25.00874 66/1/CFE_TIME 21: Stop FLYWHEEL
EVS Port1 1980-012-15:05:26.01408 66/1/CFE_TIME 20: Start FLYWHEEL
EVS Port1 1980-012-15:05:27.00445 66/1/CFE_TIME 21: Stop FLYWHEEL
EVS Port1 1980-012-15:05:28.00190 66/1/CFE_TIME 20: Start FLYWHEEL
...EVS Port1 1980-012-15:05:42.00489 66/1/CFE_TIME 21: Stop FLYWHEEL
EVS Port1 1980-012-15:05:43.01104 66/1/CFE_TIME 20: Start FLYWHEEL
EVS Port1 1980-012-15:05:44.00590 66/1/CFE_TIME 21: Stop FLYWHEEL
EVS Port1 1980-012-15:05:44.99769 66/1/CFE_TIME 20: Start FLYWHEEL
.EVS Port1 1980-012-15:05:48.00447 66/1/CFE_TIME 21: Stop FLYWHEEL
EVS Port1 1980-012-15:05:49.00254 66/1/CFE_TIME 20: Start FLYWHEEL
.EVS Port1 1980-012-15:05:54.00657 66/1/CFE_TIME 21: Stop FLYWHEEL
EVS Port1 1980-012-15:05:54.99960 66/1/CFE_TIME 20: Start FLYWHEEL
.EVS Port1 1980-012-15:06:02.08941 66/1/CFE_TIME 20: Start FLYWHEEL
EVS Port1 1980-012-15:06:04.00714 66/1/CFE_TIME 21: Stop FLYWHEEL
.EVS Port1 1980-012-15:06:09.00796 66/1/CFE_TIME 21: Stop FLYWHEEL
EVS Port1 1980-012-15:06:10.00732 66/1/CFE_TIME 20: Start FLYWHEEL
.EVS Port1 1980-012-15:06:11.00431 66/1/CFE_TIME 21: Stop FLYWHEEL
EVS Port1 1980-012-15:06:12.00463 66/1/CFE_TIME 20: Start FLYWHEEL
.EVS Port1 1980-012-15:06:18.00942 66/1/CFE_TIME 21: Stop FLYWHEEL
EVS Port1 1980-012-15:06:19.00758 66/1/CFE_TIME 20: Start FLYWHEEL
EVS Port1 1980-012-15:06:20.01632 66/1/CFE_TIME 21: Stop FLYWHEEL
EVS Port1 1980-012-15:06:20.99783 66/1/CFE_TIME 20: Start FLYWHEEL
..EVS Port1 1980-012-15:06:34.01834 66/1/CFE_TIME 21: Stop FLYWHEEL
.EVS Port1 1980-012-15:06:34.97985 66/1/CFE_TIME 20: Start FLYWHEEL
EVS Port1 1980-012-15:06:38.01091 66/1/CFE_TIME 21: Stop FLYWHEEL
EVS Port1 1980-012-15:06:38.99800 66/1/CFE_TIME 20: Start FLYWHEEL
..EVS Port1 1980-012-15:06:48.22709 66/1/CFE_TIME 20: Start FLYWHEEL
EVS Port1 1980-012-15:06:48.00549 66/1/CFE_TIME 21: Stop FLYWHEEL
.EVS Port1 1980-012-15:06:52.02188 66/1/CFE_TIME 20: Start FLYWHEEL
EVS Port1 1980-012-15:06:52.01081 66/1/CFE_TIME 21: Stop FLYWHEEL
EVS Port1 1980-012-15:06:58.00863 66/1/CFE_TIME 21: Stop FLYWHEEL
.EVS Port1 1980-012-15:06:59.00184 66/1/CFE_TIME 20: Start FLYWHEEL
EVS Port1 1980-012-15:07:00.00900 66/1/CFE_TIME 21: Stop FLYWHEEL
EVS Port1 1980-012-15:07:00.99121 66/1/CFE_TIME 20: Start FLYWHEEL
...EVS Port1 1980-012-15:07:17.00889 66/1/CFE_TIME 21: Stop FLYWHEEL
EVS Port1 1980-012-15:07:18.11491 66/1/CFE_TIME 20: Start FLYWHEEL
EVS Port1 1980-012-15:07:19.00941 66/1/CFE_TIME 21: Stop FLYWHEEL
EVS Port1 1980-012-15:07:20.01023 66/1/CFE_TIME 20: Start FLYWHEEL
EVS Port1 1980-012-15:07:21.00627 66/1/CFE_TIME 21: Stop FLYWHEEL
.EVS Port1 1980-012-15:07:22.00193 66/1/CFE_TIME 20: Start FLYWHEEL
..EVS Port1 1980-012-15:07:39.00756 66/1/CFE_TIME 21: Stop FLYWHEEL
.EVS Port1 1980-012-15:07:40.00401 66/1/CFE_TIME 20: Start FLYWHEEL
EVS Port1 1980-012-15:07:41.00659 66/1/CFE_TIME 21: Stop FLYWHEEL
EVS Port1 1980-012-15:07:42.00500 66/1/CFE_TIME 20: Start FLYWHEEL
.EVS Port1 1980-012-15:07:47.00674 66/1/CFE_TIME 21: Stop FLYWHEEL
EVS Port1 1980-012-15:07:48.00027 66/1/CFE_TIME 20: Start FLYWHEEL
..EVS Port1 1980-012-15:08:02.07772 66/1/CFE_TIME 20: Start FLYWHEEL
EVS Port1 1980-012-15:08:02.00732 66/1/CFE_TIME 21: Stop FLYWHEEL
..EVS Port1 1980-012-15:08:11.00912 66/1/CFE_TIME 21: Stop FLYWHEEL
EVS Port1 1980-012-15:08:11.99377 66/1/CFE_TIME 20: Start FLYWHEEL
.EVS Port1 1980-012-15:08:17.20736 66/1/CFE_TIME 20: Start FLYWHEEL
EVS Port1 1980-012-15:08:17.01016 66/1/CFE_TIME 21: Stop FLYWHEEL
...EVS Port1 1980-012-15:08:37.01306 66/1/CFE_TIME 21: Stop FLYWHEEL
EVS Port1 1980-012-15:08:37.99240 66/1/CFE_TIME 20: Start FLYWHEEL
.EVS Port1 1980-012-15:08:44.01013 66/1/CFE_TIME 21: Stop FLYWHEEL
EVS Port1 1980-012-15:08:45.25416 66/1/CFE_TIME 20: Start FLYWHEEL
.EVS Port1 1980-012-15:08:47.43119 66/1/CFE_TIME 20: Start FLYWHEEL
EVS Port1 1980-012-15:08:48.03390 66/1/CFE_TIME 21: Stop FLYWHEEL
...EVS Port1 1980-012-15:09:06.00495 66/1/CFE_TIME 21: Stop FLYWHEEL
EVS Port1 1980-012-15:09:07.01118 66/1/CFE_TIME 20: Start FLYWHEEL
.EVS Port1 1980-012-15:09:09.01870 66/1/CFE_TIME 20: Start FLYWHEEL
EVS Port1 1980-012-15:09:09.01689 66/1/CFE_TIME 21: Stop FLYWHEEL
.EVS Port1 1980-012-15:09:15.00451 66/1/CFE_TIME 21: Stop FLYWHEEL
EVS Port1 1980-012-15:09:16.00871 66/1/CFE_TIME 20: Start FLYWHEEL
EVS Port1 1980-012-15:09:17.99693 66/1/CFE_TIME 20: Start FLYWHEEL
EVS Port1 1980-012-15:09:18.01274 66/1/CFE_TIME 21: Stop FLYWHEEL
..EVS Port1 1980-012-15:09:27.01048 66/1/CFE_TIME 21: Stop FLYWHEEL
EVS Port1 1980-012-15:09:27.99786 66/1/CFE_TIME 20: Start FLYWHEEL
.EVS Port1 1980-012-15:09:32.00759 66/1/CFE_TIME 21: Stop FLYWHEEL
EVS Port1 1980-012-15:09:32.99671 66/1/CFE_TIME 20: Start FLYWHEEL
.EVS Port1 1980-012-15:09:43.22091 66/1/CFE_TIME 20: Start FLYWHEEL
.EVS Port1 1980-012-15:09:44.00843 66/1/CFE_TIME 21: Stop FLYWHEEL
EVS Port1 1980-012-15:09:46.00640 66/1/CFE_TIME 21: Stop FLYWHEEL
EVS Port1 1980-012-15:09:46.98875 66/1/CFE_TIME 20: Start FLYWHEEL
..EVS Port1 1980-012-15:09:58.01234 66/1/CFE_TIME 21: Stop FLYWHEEL
EVS Port1 1980-012-15:09:59.01022 66/1/CFE_TIME 20: Start FLYWHEEL
EVS Port1 1980-012-15:10:00.00442 66/1/CFE_TIME 21: Stop FLYWHEEL
EVS Port1 1980-012-15:10:00.99937 66/1/CFE_TIME 20: Start FLYWHEEL
..EVS Port1 1980-012-15:10:10.00640 66/1/CFE_TIME 21: Stop FLYWHEEL
EVS Port1 1980-012-15:10:10.99450 66/1/CFE_TIME 20: Start FLYWHEEL
.EVS Port1 1980-012-15:10:14.00494 66/1/CFE_TIME 21: Stop FLYWHEEL
EVS Port1 1980-012-15:10:15.01892 66/1/CFE_TIME 20: Start FLYWHEEL
EVS Port1 1980-012-15:10:16.00500 66/1/CFE_TIME 21: Stop FLYWHEEL
EVS Port1 1980-012-15:10:16.99661 66/1/CFE_TIME 20: Start FLYWHEEL
.....EVS Port1 1980-012-15:10:44.00651 66/1/CFE_TIME 21: Stop FLYWHEEL
EVS Port1 1980-012-15:10:44.99601 66/1/CFE_TIME 20: Start FLYWHEEL
EVS Port1 1980-012-15:10:49.01049 66/1/CFE_TIME 21: Stop FLYWHEEL
.EVS Port1 1980-012-15:10:49.99964 66/1/CFE_TIME 20: Start FLYWHEEL
....EVS Port1 1980-012-15:11:14.00433 66/1/CFE_TIME 21: Stop FLYWHEEL
EVS Port1 1980-012-15:11:15.00036 66/1/CFE_TIME 20: Start FLYWHEEL
EVS Port1 1980-012-15:11:16.99679 66/1/CFE_TIME 20: Start FLYWHEEL
EVS Port1 1980-012-15:11:17.00401 66/1/CFE_TIME 21: Stop FLYWHEEL
....EVS Port1 1980-012-15:11:43.35401 66/1/CFE_TIME 20: Start FLYWHEEL
.EVS Port1 1980-012-15:11:45.01606 66/1/CFE_TIME 21: Stop FLYWHEEL
EVS Port1 1980-012-15:11:48.00424 66/1/CFE_TIME 21: Stop FLYWHEEL
EVS Port1 1980-012-15:11:48.99926 66/1/CFE_TIME 20: Start FLYWHEEL
....EVS Port1 1980-012-15:12:08.15580 66/1/CFE_TIME 20: Start FLYWHEEL
EVS Port1 1980-012-15:12:08.00610 66/1/CFE_TIME 21: Stop FLYWHEEL
.EVS Port1 1980-012-15:12:14.35096 66/1/CFE_TIME 20: Start FLYWHEEL
EVS Port1 1980-012-15:12:15.00357 66/1/CFE_TIME 21: Stop FLYWHEEL
.....EVS Port1 1980-012-15:12:43.29794 66/1/CFE_TIME 20: Start FLYWHEEL
EVS Port1 1980-012-15:12:44.00759 66/1/CFE_TIME 21: Stop FLYWHEEL
....EVS Port1 1980-012-15:13:10.00819 66/1/CFE_TIME 21: Stop FLYWHEEL
EVS Port1 1980-012-15:13:11.21409 66/1/CFE_TIME 20: Start FLYWHEEL
EVS Port1 1980-012-15:13:12.00334 66/1/CFE_TIME 21: Stop FLYWHEEL
.EVS Port1 1980-012-15:13:13.02526 66/1/CFE_TIME 20: Start FLYWHEEL
EVS Port1 1980-012-15:13:14.01417 66/1/CFE_TIME 21: Stop FLYWHEEL
EVS Port1 1980-012-15:13:14.99470 66/1/CFE_TIME 20: Start FLYWHEEL
.....EVS Port1 1980-012-15:13:43.55499 66/1/CFE_TIME 20: Start FLYWHEEL
EVS Port1 1980-012-15:13:45.05418 66/1/CFE_TIME 21: Stop FLYWHEEL
EVS Port1 1980-012-15:13:47.01043 66/1/CFE_TIME 21: Stop FLYWHEEL
.EVS Port1 1980-012-15:13:47.98930 66/1/CFE_TIME 20: Start FLYWHEEL
....EVS Port1 1980-012-15:14:12.10664 66/1/CFE_TIME 20: Start FLYWHEEL
EVS Port1 1980-012-15:14:12.00518 66/1/CFE_TIME 21: Stop FLYWHEEL
..EVS Port1 1980-012-15:14:26.01768 66/1/CFE_TIME 21: Stop FLYWHEEL
EVS Port1 1980-012-15:14:26.98750 66/1/CFE_TIME 20: Start FLYWHEEL
.EVS Port1 1980-012-15:14:30.16624 66/1/CFE_TIME 20: Start FLYWHEEL
EVS Port1 1980-012-15:14:31.01034 66/1/CFE_TIME 21: Stop FLYWHEEL
.EVS Port1 1980-012-15:14:36.01004 66/1/CFE_TIME 21: Stop FLYWHEEL
EVS Port1 1980-012-15:14:37.02110 66/1/CFE_TIME 20: Start FLYWHEEL
EVS Port1 1980-012-15:14:38.00469 66/1/CFE_TIME 21: Stop FLYWHEEL
EVS Port1 1980-012-15:14:38.99334 66/1/CFE_TIME 20: Start FLYWHEEL
EVS Port1 1980-012-15:14:41.00605 66/1/CFE_TIME 21: Stop FLYWHEEL
.EVS Port1 1980-012-15:14:41.99612 66/1/CFE_TIME 20: Start FLYWHEEL
.EVS Port1 1980-012-15:14:53.00762 66/1/CFE_TIME 21: Stop FLYWHEEL
.EVS Port1 1980-012-15:14:54.00202 66/1/CFE_TIME 20: Start FLYWHEEL
..EVS Port1 1980-012-15:15:10.30374 66/1/CFE_TIME 20: Start FLYWHEEL
EVS Port1 1980-012-15:15:11.01809 66/1/CFE_TIME 21: Stop FLYWHEEL
...EVS Port1 1980-012-15:15:24.05383 66/1/CFE_TIME 20: Start FLYWHEEL
EVS Port1 1980-012-15:15:25.02302 66/1/CFE_TIME 21: Stop FLYWHEEL
EVS Port1 1980-012-15:15:29.01034 66/1/CFE_TIME 21: Stop FLYWHEEL
.EVS Port1 1980-012-15:15:30.00033 66/1/CFE_TIME 20: Start FLYWHEEL
..EVS Port1 1980-012-15:15:41.20520 66/1/CFE_TIME 20: Start FLYWHEEL
EVS Port1 1980-012-15:15:41.00329 66/1/CFE_TIME 21: Stop FLYWHEEL
.EVS Port1 1980-012-15:15:50.00930 66/1/CFE_TIME 21: Stop FLYWHEEL
EVS Port1 1980-012-15:15:51.01176 66/1/CFE_TIME 20: Start FLYWHEEL
EVS Port1 1980-012-15:15:52.00502 66/1/CFE_TIME 21: Stop FLYWHEEL
.EVS Port1 1980-012-15:15:53.01228 66/1/CFE_TIME 20: Start FLYWHEEL
EVS Port1 1980-012-15:15:54.01774 66/1/CFE_TIME 21: Stop FLYWHEEL
EVS Port1 1980-012-15:15:55.00218 66/1/CFE_TIME 20: Start FLYWHEEL
EVS Port1 1980-012-15:15:56.01142 66/1/CFE_TIME 21: Stop FLYWHEEL
EVS Port1 1980-012-15:15:57.00248 66/1/CFE_TIME 20: Start FLYWHEEL
.EVS Port1 1980-012-15:15:58.99642 66/1/CFE_TIME 20: Start FLYWHEEL
EVS Port1 1980-012-15:15:59.01715 66/1/CFE_TIME 21: Stop FLYWHEEL
.EVS Port1 1980-012-15:16:06.01460 66/1/CFE_TIME 21: Stop FLYWHEEL
EVS Port1 1980-012-15:16:06.99995 66/1/CFE_TIME 20: Start FLYWHEEL
EVS Port1 1980-012-15:16:09.01840 66/1/CFE_TIME 21: Stop FLYWHEEL
EVS Port1 1980-012-15:16:09.99717 66/1/CFE_TIME 20: Start FLYWHEEL
...EVS Port1 1980-012-15:16:27.00930 66/1/CFE_TIME 21: Stop FLYWHEEL
EVS Port1 1980-012-15:16:27.99658 66/1/CFE_TIME 20: Start FLYWHEEL
..EVS Port1 1980-012-15:16:39.02253 66/1/CFE_TIME 21: Stop FLYWHEEL
EVS Port1 1980-012-15:16:40.01251 66/1/CFE_TIME 20: Start FLYWHEEL
.EVS Port1 1980-012-15:16:41.01058 66/1/CFE_TIME 21: Stop FLYWHEEL
EVS Port1 1980-012-15:16:41.99870 66/1/CFE_TIME 20: Start FLYWHEEL
.EVS Port1 1980-012-15:16:48.01812 66/1/CFE_TIME 21: Stop FLYWHEEL
EVS Port1 1980-012-15:16:49.01615 66/1/CFE_TIME 20: Start FLYWHEEL
EVS Port1 1980-012-15:16:50.00527 66/1/CFE_TIME 21: Stop FLYWHEEL
EVS Port1 1980-012-15:16:50.99972 66/1/CFE_TIME 20: Start FLYWHEEL
...EVS Port1 1980-012-15:17:09.03979 66/1/CFE_TIME 21: Stop FLYWHEEL
EVS Port1 1980-012-15:17:09.98863 66/1/CFE_TIME 20: Start FLYWHEEL
.EVS Port1 1980-012-15:17:12.00634 66/1/CFE_TIME 21: Stop FLYWHEEL
EVS Port1 1980-012-15:17:13.00495 66/1/CFE_TIME 20: Start FLYWHEEL
EVS Port1 1980-012-15:17:14.01976 66/1/CFE_TIME 21: Stop FLYWHEEL
EVS Port1 1980-012-15:17:14.98960 66/1/CFE_TIME 20: Start FLYWHEEL
.EVS Port1 1980-012-15:17:20.00776 66/1/CFE_TIME 21: Stop FLYWHEEL
EVS Port1 1980-012-15:17:21.00013 66/1/CFE_TIME 20: Start FLYWHEEL
.EVS Port1 1980-012-15:17:25.05436 66/1/CFE_TIME 20: Start FLYWHEEL
EVS Port1 1980-012-15:17:25.00653 66/1/CFE_TIME 21: Stop FLYWHEEL
.EVS Port1 1980-012-15:17:29.01808 66/1/CFE_TIME 20: Start FLYWHEEL
EVS Port1 1980-012-15:17:30.01286 66/1/CFE_TIME 21: Stop FLYWHEEL
.EVS Port1 1980-012-15:17:35.01255 66/1/CFE_TIME 21: Stop FLYWHEEL
EVS Port1 1980-012-15:17:36.00624 66/1/CFE_TIME 20: Start FLYWHEEL
EVS Port1 1980-012-15:17:39.41783 66/1/CFE_TIME 20: Start FLYWHEEL
EVS Port1 1980-012-15:17:39.00810 66/1/CFE_TIME 21: Stop FLYWHEEL
..EVS Port1 1980-012-15:17:49.00914 66/1/CFE_TIME 21: Stop FLYWHEEL
EVS Port1 1980-012-15:17:49.99493 66/1/CFE_TIME 20: Start FLYWHEEL
..EVS Port1 1980-012-15:18:01.06216 66/1/CFE_TIME 21: Stop FLYWHEEL
EVS Port1 1980-012-15:18:01.99414 66/1/CFE_TIME 20: Start FLYWHEEL
.EVS Port1 1980-012-15:18:06.00660 66/1/CFE_TIME 21: Stop FLYWHEEL
EVS Port1 1980-012-15:18:07.30998 66/1/CFE_TIME 20: Start FLYWHEEL
EVS Port1 1980-012-15:18:08.00808 66/1/CFE_TIME 21: Stop FLYWHEEL
EVS Port1 1980-012-15:18:08.99742 66/1/CFE_TIME 20: Start FLYWHEEL
.EVS Port1 1980-012-15:18:11.00914 66/1/CFE_TIME 21: Stop FLYWHEEL
EVS Port1 1980-012-15:18:12.02449 66/1/CFE_TIME 20: Start FLYWHEEL
EVS Port1 1980-012-15:18:13.02572 66/1/CFE_TIME 21: Stop FLYWHEEL
EVS Port1 1980-012-15:18:13.99137 66/1/CFE_TIME 20: Start FLYWHEEL
.EVS Port1 1980-012-15:18:17.00991 66/1/CFE_TIME 21: Stop FLYWHEEL
EVS Port1 1980-012-15:18:17.99081 66/1/CFE_TIME 20: Start FLYWHEEL
EVS Port1 1980-012-15:18:21.16168 66/1/CFE_TIME 20: Start FLYWHEEL
.............EVS Port1 1980-012-15:19:40.00775 66/1/CFE_TIME 21: Stop FLYWHEEL
....EVS Port1 1980-012-15:20:07.02261 66/1/CFE_TIME 21: Stop FLYWHEEL
EVS Port1 1980-012-15:20:07.99278 66/1/CFE_TIME 20: Start FLYWHEEL
....EVS Port1 1980-012-15:20:30.00566 66/1/CFE_TIME 21: Stop FLYWHEEL
EVS Port1 1980-012-15:20:30.99742 66/1/CFE_TIME 20: Start FLYWHEEL
.EVS Port1 1980-012-15:20:37.25621 66/1/CFE_TIME 20: Start FLYWHEEL
EVS Port1 1980-012-15:20:37.00419 66/1/CFE_TIME 21: Stop FLYWHEEL
.EVS Port1 1980-012-15:20:43.00436 66/1/CFE_TIME 21: Stop FLYWHEEL
{"app":"AI_LEARNER","stage":"e25_equivalence","inputs":1,"completed":1,"model":"wgan","target":"aarch64-unknown-linux-gnu","artifact_sha256":"e382429cbfbf5803..."}
EVS Port1 1980-012-15:20:43.94946 66/1/AI_LEARNER 4: AI_LEARNER: E25 equivalence 1/1 inferences written
{"app":"AI_LEARNER","stage":"e25_mode","active":true,"inputs_path":"/cf/e25_inputs.bin"}
EVS Port1 1980-012-15:20:43.95516 66/1/AI_LEARNER 3: AI_LEARNER initialized: model wgan (4321533 B), rss_delta_init=1644 KB
EVS Port1 1980-012-15:20:43.99896 66/1/CFE_TIME 20: Start FLYWHEEL
.EVS Port1 1980-012-15:20:51.01148 66/1/CFE_TIME 21: Stop FLYWHEEL
.EVS Port1 1980-012-15:20:51.99835 66/1/CFE_TIME 20: Start FLYWHEEL
.EVS Port1 1980-012-15:21:01.01974 66/1/CFE_TIME 21: Stop FLYWHEEL
EVS Port1 1980-012-15:21:02.03924 66/1/CFE_TIME 20: Start FLYWHEEL
EVS Port1 1980-012-15:21:03.00781 66/1/CFE_TIME 21: Stop FLYWHEEL
.EVS Port1 1980-012-15:21:03.98608 66/1/CFE_TIME 20: Start FLYWHEEL
EVS Port1 1980-012-15:21:05.88252 66/1/CFE_SB 17: Msg Limit Err,MsgId 0x800,pipe AI_LEARNER_PIPE,sender CFE_ES
EVS Port1 1980-012-15:21:08.23660 66/1/CFE_TIME 20: Start FLYWHEEL
EVS Port1 1980-012-15:21:08.00573 66/1/CFE_TIME 21: Stop FLYWHEEL
.EVS Port1 1980-012-15:21:09.75236 66/1/CFE_SB 17: Msg Limit Err,MsgId 0x800,pipe AI_LEARNER_PIPE,sender CFE_ES
EVS Port1 1980-012-15:21:13.74977 66/1/CFE_SB 17: Msg Limit Err,MsgId 0x800,pipe AI_LEARNER_PIPE,sender CFE_ES
.EVS Port1 1980-012-15:21:17.79049 66/1/CFE_SB 17: Msg Limit Err,MsgId 0x800,pipe AI_LEARNER_PIPE,sender CFE_ES
EVS Port1 1980-012-15:21:19.03686 66/1/CFE_TIME 21: Stop FLYWHEEL
EVS Port1 1980-012-15:21:20.09132 66/1/CFE_TIME 20: Start FLYWHEEL
.EVS Port1 1980-012-15:21:22.58383 66/1/CFE_SB 17: Msg Limit Err,MsgId 0x800,pipe AI_LEARNER_PIPE,sender CFE_ES
EVS Port1 1980-012-15:21:22.86282 66/1/CFE_TIME 20: Start FLYWHEEL
.EVS Port1 1980-012-15:21:27.76231 66/1/CFE_SB 17: Msg Limit Err,MsgId 0x800,pipe AI_LEARNER_PIPE,sender CFE_ES
EVS Port1 1980-012-15:21:33.15252 66/1/CFE_SB 17: Msg Limit Err,MsgId 0x800,pipe AI_LEARNER_PIPE,sender CFE_ES
.EVS Port1 1980-012-15:21:38.94296 66/1/CFE_SB 17: Msg Limit Err,MsgId 0x800,pipe AI_LEARNER_PIPE,sender CFE_ES
.EVS Port1 1980-012-15:21:42.00865 66/1/CFE_TIME 21: Stop FLYWHEEL
EVS Port1 1980-012-15:21:42.88626 66/1/CFE_SB 17: Msg Limit Err,MsgId 0x800,pipe AI_LEARNER_PIPE,sender CFE_ES
EVS Port1 1980-012-15:21:44.00889 66/1/CFE_TIME 21: Stop FLYWHEEL
.EVS Port1 1980-012-15:21:45.00036 66/1/CFE_TIME 20: Start FLYWHEEL
EVS Port1 1980-012-15:21:46.00906 66/1/CFE_TIME 21: Stop FLYWHEEL
EVS Port1 1980-012-15:21:46.74667 66/1/CFE_SB 17: Msg Limit Err,MsgId 0x800,pipe AI_LEARNER_PIPE,sender CFE_ES
EVS Port1 1980-012-15:21:46.99674 66/1/CFE_TIME 20: Start FLYWHEEL
EVS Port1 1980-012-15:21:50.08000 66/1/CFE_TIME 20: Start FLYWHEEL
EVS Port1 1980-012-15:21:50.00793 66/1/CFE_TIME 21: Stop FLYWHEEL
EVS Port1 1980-012-15:21:50.79058 66/1/CFE_SB 17: Msg Limit Err,MsgId 0x800,pipe AI_LEARNER_PIPE,sender CFE_ES
.EVS Port1 1980-012-15:21:52.00566 66/1/CFE_TIME 21: Stop FLYWHEEL
EVS Port1 1980-012-15:21:53.00891 66/1/CFE_TIME 20: Start FLYWHEEL
EVS Port1 1980-012-15:21:54.79064 66/1/CFE_SB 17: Msg Limit Err,MsgId 0x800,pipe AI_LEARNER_PIPE,sender CFE_ES
EVS Port1 1980-012-15:21:56.01713 66/1/CFE_TIME 21: Stop FLYWHEEL
.EVS Port1 1980-012-15:21:56.99703 66/1/CFE_TIME 20: Start FLYWHEEL
EVS Port1 1980-012-15:21:58.77867 66/1/CFE_SB 17: Msg Limit Err,MsgId 0x800,pipe AI_LEARNER_PIPE,sender CFE_ES
.EVS Port1 1980-012-15:22:02.79382 66/1/CFE_SB 17: Msg Limit Err,MsgId 0x800,pipe AI_LEARNER_PIPE,sender CFE_ES
EVS Port1 1980-012-15:22:03.01649 66/1/CFE_TIME 21: Stop FLYWHEEL
EVS Port1 1980-012-15:22:04.17922 66/1/CFE_TIME 20: Start FLYWHEEL
EVS Port1 1980-012-15:22:06.32633 66/1/CFE_TIME 20: Start FLYWHEEL
EVS Port1 1980-012-15:22:06.00727 66/1/CFE_TIME 21: Stop FLYWHEEL
EVS Port1 1980-012-15:22:06.77496 66/1/CFE_SB 17: Msg Limit Err,MsgId 0x800,pipe AI_LEARNER_PIPE,sender CFE_ES
.EVS Port1 1980-012-15:22:10.75738 66/1/CFE_SB 17: Msg Limit Err,MsgId 0x800,pipe AI_LEARNER_PIPE,sender CFE_ES
...EVS Port1 1980-012-15:22:27.05752 66/1/CFE_TIME 20: Start FLYWHEEL
EVS Port1 1980-012-15:22:27.00906 66/1/CFE_TIME 21: Stop FLYWHEEL
EVS Port1 1980-012-15:22:31.01713 66/1/CFE_TIME 21: Stop FLYWHEEL
EVS Port1 1980-012-15:22:32.03894 66/1/CFE_TIME 20: Start FLYWHEEL
.EVS Port1 1980-012-15:22:34.34265 66/1/CFE_TIME 20: Start FLYWHEEL
EVS Port1 1980-012-15:22:37.00616 66/1/CFE_TIME 21: Stop FLYWHEEL
.EVS Port1 1980-012-15:22:41.11030 66/1/CFE_TIME 20: Start FLYWHEEL
EVS Port1 1980-012-15:22:41.01055 66/1/CFE_TIME 21: Stop FLYWHEEL
.EVS Port1 1980-012-15:22:44.12940 66/1/CFE_TIME 20: Start FLYWHEEL
.....EVS Port1 1980-012-15:23:16.00941 66/1/CFE_TIME 21: Stop FLYWHEEL
.EVS Port1 1980-012-15:23:22.01213 66/1/CFE_TIME 21: Stop FLYWHEEL
EVS Port1 1980-012-15:23:22.99591 66/1/CFE_TIME 20: Start FLYWHEEL
.EVS Port1 1980-012-15:23:30.02087 66/1/CFE_TIME 21: Stop FLYWHEEL
EVS Port1 1980-012-15:23:31.01304 66/1/CFE_TIME 20: Start FLYWHEEL
.EVS Port1 1980-012-15:23:33.54071 66/1/CFE_TIME 20: Start FLYWHEEL
EVS Port1 1980-012-15:23:35.00975 66/1/CFE_TIME 21: Stop FLYWHEEL
..EVS Port1 1980-012-15:23:44.00526 66/1/CFE_TIME 21: Stop FLYWHEEL
EVS Port1 1980-012-15:23:44.99937 66/1/CFE_TIME 20: Start FLYWHEEL
...EVS Port1 1980-012-15:24:01.24237 66/1/CFE_TIME 20: Start FLYWHEEL
EVS Port1 1980-012-15:24:03.00480 66/1/CFE_TIME 21: Stop FLYWHEEL
.EVS Port1 1980-012-15:24:11.22953 66/1/CFE_TIME 20: Start FLYWHEEL
EVS Port1 1980-012-15:24:12.00769 66/1/CFE_TIME 21: Stop FLYWHEEL
..EVS Port1 1980-012-15:24:19.49113 66/1/CFE_TIME 20: Start FLYWHEEL
..........EVS Port1 1980-012-15:25:22.03366 66/1/CFE_TIME 21: Stop FLYWHEEL
EVS Port1 1980-012-15:25:24.01556 66/1/CFE_TIME 21: Stop FLYWHEEL
EVS Port1 1980-012-15:25:25.01954 66/1/CFE_TIME 20: Start FLYWHEEL
EVS Port1 1980-012-15:25:27.05004 66/1/CFE_TIME 20: Start FLYWHEEL
.EVS Port1 1980-012-15:25:28.01361 66/1/CFE_TIME 21: Stop FLYWHEEL
EVS Port1 1980-012-15:25:31.11962 66/1/CFE_TIME 20: Start FLYWHEEL
EVS Port1 1980-012-15:25:33.02935 66/1/CFE_TIME 21: Stop FLYWHEEL
.EVS Port1 1980-012-15:25:36.00746 66/1/CFE_TIME 21: Stop FLYWHEEL
EVS Port1 1980-012-15:25:37.02131 66/1/CFE_TIME 20: Start FLYWHEEL
EVS Port1 1980-012-15:25:38.03266 66/1/CFE_TIME 21: Stop FLYWHEEL
EVS Port1 1980-012-15:25:38.98323 66/1/CFE_TIME 20: Start FLYWHEEL
....EVS Port1 1980-012-15:26:02.15957 66/1/CFE_TIME 20: Start FLYWHEEL
EVS Port1 1980-012-15:26:02.00762 66/1/CFE_TIME 21: Stop FLYWHEEL
....EVS Port1 1980-012-15:26:24.00628 66/1/CFE_TIME 21: Stop FLYWHEEL
EVS Port1 1980-012-15:26:24.99291 66/1/CFE_TIME 20: Start FLYWHEEL
.EVS Port1 1980-012-15:26:28.01274 66/1/CFE_TIME 21: Stop FLYWHEEL
EVS Port1 1980-012-15:26:29.03591 66/1/CFE_TIME 20: Start FLYWHEEL
EVS Port1 1980-012-15:26:31.54988 66/1/CFE_TIME 20: Start FLYWHEEL
.EVS Port1 1980-012-15:26:33.00706 66/1/CFE_TIME 21: Stop FLYWHEEL
EVS Port1 1980-012-15:26:38.00813 66/1/CFE_TIME 21: Stop FLYWHEEL
.EVS Port1 1980-012-15:26:38.99589 66/1/CFE_TIME 20: Start FLYWHEEL
.EVS Port1 1980-012-15:26:46.40008 66/1/CFE_TIME 20: Start FLYWHEEL
........EVS Port1 1980-012-15:27:40.02029 66/1/CFE_TIME 21: Stop FLYWHEEL
EVS Port1 1980-012-15:27:42.01422 66/1/CFE_TIME 21: Stop FLYWHEEL
.EVS Port1 1980-012-15:27:42.99900 66/1/CFE_TIME 20: Start FLYWHEEL
EVS Port1 1980-012-15:27:44.02128 66/1/CFE_TIME 21: Stop FLYWHEEL
EVS Port1 1980-012-15:27:44.99464 66/1/CFE_TIME 20: Start FLYWHEEL
..EVS Port1 1980-012-15:27:56.01148 66/1/CFE_TIME 21: Stop FLYWHEEL
EVS Port1 1980-012-15:27:56.99215 66/1/CFE_TIME 20: Start FLYWHEEL
EVS Port1 1980-012-15:28:00.00543 66/1/CFE_TIME 21: Stop FLYWHEEL
.EVS Port1 1980-012-15:28:00.99392 66/1/CFE_TIME 20: Start FLYWHEEL
.EVS Port1 1980-012-15:28:07.04798 66/1/CFE_TIME 20: Start FLYWHEEL
EVS Port1 1980-012-15:28:08.01931 66/1/CFE_TIME 21: Stop FLYWHEEL
EVS Port1 1980-012-15:28:12.00692 66/1/CFE_TIME 21: Stop FLYWHEEL
.EVS Port1 1980-012-15:28:12.99522 66/1/CFE_TIME 20: Start FLYWHEEL
.EVS Port1 1980-012-15:28:22.02169 66/1/CFE_TIME 21: Stop FLYWHEEL
EVS Port1 1980-012-15:28:22.99111 66/1/CFE_TIME 20: Start FLYWHEEL
.EVS Port1 1980-012-15:28:30.22395 66/1/CFE_TIME 20: Start FLYWHEEL
EVS Port1 1980-012-15:28:30.00601 66/1/CFE_TIME 21: Stop FLYWHEEL
.....EVS Port1 1980-012-15:29:00.10772 66/1/CFE_TIME 20: Start FLYWHEEL
EVS Port1 1980-012-15:29:00.01196 66/1/CFE_TIME 21: Stop FLYWHEEL
.EVS Port1 1980-012-15:29:04.13813 66/1/CFE_TIME 20: Start FLYWHEEL
............EVS Port1 1980-012-15:30:17.01075 66/1/CFE_TIME 21: Stop FLYWHEEL
EVS Port1 1980-012-15:30:20.00942 66/1/CFE_TIME 21: Stop FLYWHEEL
EVS Port1 1980-012-15:30:21.00077 66/1/CFE_TIME 20: Start FLYWHEEL
..EVS Port1 1980-012-15:30:29.00633 66/1/CFE_TIME 21: Stop FLYWHEEL
EVS Port1 1980-012-15:30:29.99815 66/1/CFE_TIME 20: Start FLYWHEEL
..EVS Port1 1980-012-15:30:42.00517 66/1/CFE_TIME 21: Stop FLYWHEEL
EVS Port1 1980-012-15:30:43.13999 66/1/CFE_TIME 20: Start FLYWHEEL
EVS Port1 1980-012-15:30:44.00981 66/1/CFE_TIME 21: Stop FLYWHEEL
EVS Port1 1980-012-15:30:45.00711 66/1/CFE_TIME 20: Start FLYWHEEL
.EVS Port1 1980-012-15:30:48.01029 66/1/CFE_TIME 21: Stop FLYWHEEL
EVS Port1 1980-012-15:30:48.99609 66/1/CFE_TIME 20: Start FLYWHEEL
.EVS Port1 1980-012-15:30:54.01094 66/1/CFE_TIME 21: Stop FLYWHEEL
EVS Port1 1980-012-15:30:54.99633 66/1/CFE_TIME 20: Start FLYWHEEL
....EVS Port1 1980-012-15:31:20.02531 66/1/CFE_TIME 21: Stop FLYWHEEL
EVS Port1 1980-012-15:31:20.98541 66/1/CFE_TIME 20: Start FLYWHEEL
..EVS Port1 1980-012-15:31:28.00819 66/1/CFE_TIME 21: Stop FLYWHEEL
EVS Port1 1980-012-15:31:28.99803 66/1/CFE_TIME 20: Start FLYWHEEL
.EVS Port1 1980-012-15:31:34.02528 66/1/CFE_TIME 21: Stop FLYWHEEL
EVS Port1 1980-012-15:31:35.00137 66/1/CFE_TIME 20: Start FLYWHEEL
EVS Port1 1980-012-15:31:37.03153 66/1/CFE_TIME 21: Stop FLYWHEEL
EVS Port1 1980-012-15:31:38.00627 66/1/CFE_TIME 20: Start FLYWHEEL
.EVS Port1 1980-012-15:31:40.09855 66/1/CFE_TIME 20: Start FLYWHEEL
EVS Port1 1980-012-15:31:40.00440 66/1/CFE_TIME 21: Stop FLYWHEEL
EVS Port1 1980-012-15:31:43.00733 66/1/CFE_TIME 21: Stop FLYWHEEL
EVS Port1 1980-012-15:31:44.02154 66/1/CFE_TIME 20: Start FLYWHEEL
.EVS Port1 1980-012-15:31:46.04995 66/1/CFE_TIME 20: Start FLYWHEEL
EVS Port1 1980-012-15:31:46.00878 66/1/CFE_TIME 21: Stop FLYWHEEL
EVS Port1 1980-012-15:31:49.00779 66/1/CFE_TIME 21: Stop FLYWHEEL
EVS Port1 1980-012-15:31:50.00736 66/1/CFE_TIME 20: Start FLYWHEEL
.EVS Port1 1980-012-15:31:54.05729 66/1/CFE_TIME 21: Stop FLYWHEEL
EVS Port1 1980-012-15:31:54.99705 66/1/CFE_TIME 20: Start FLYWHEEL
.EVS Port1 1980-012-15:31:57.67970 66/1/CFE_TIME 20: Start FLYWHEEL
EVS Port1 1980-012-15:31:58.01252 66/1/CFE_TIME 21: Stop FLYWHEEL
EVS Port1 1980-012-15:32:01.02798 66/1/CFE_TIME 21: Stop FLYWHEEL
EVS Port1 1980-012-15:32:02.00758 66/1/CFE_TIME 20: Start FLYWHEEL
.EVS Port1 1980-012-15:32:03.00569 66/1/CFE_TIME 21: Stop FLYWHEEL
EVS Port1 1980-012-15:32:04.00134 66/1/CFE_TIME 20: Start FLYWHEEL
EVS Port1 1980-012-15:32:08.04763 66/1/CFE_TIME 20: Start FLYWHEEL
EVS Port1 1980-012-15:32:08.01359 66/1/CFE_TIME 21: Stop FLYWHEEL
..EVS Port1 1980-012-15:32:16.01397 66/1/CFE_TIME 21: Stop FLYWHEEL
EVS Port1 1980-012-15:32:16.99354 66/1/CFE_TIME 20: Start FLYWHEEL
.EVS Port1 1980-012-15:32:21.00688 66/1/CFE_TIME 21: Stop FLYWHEEL
EVS Port1 1980-012-15:32:21.99739 66/1/CFE_TIME 20: Start FLYWHEEL
.EVS Port1 1980-012-15:32:27.19122 66/1/CFE_TIME 20: Start FLYWHEEL
EVS Port1 1980-012-15:32:28.00987 66/1/CFE_TIME 21: Stop FLYWHEEL
..EVS Port1 1980-012-15:32:42.00935 66/1/CFE_TIME 21: Stop FLYWHEEL
EVS Port1 1980-012-15:32:42.99789 66/1/CFE_TIME 20: Start FLYWHEEL
...EVS Port1 1980-012-15:32:57.31704 66/1/CFE_TIME 20: Start FLYWHEEL
EVS Port1 1980-012-15:33:00.02078 66/1/CFE_TIME 21: Stop FLYWHEEL
.EVS Port1 1980-012-15:33:02.01704 66/1/CFE_TIME 21: Stop FLYWHEEL
EVS Port1 1980-012-15:33:03.05055 66/1/CFE_TIME 20: Start FLYWHEEL
EVS Port1 1980-012-15:33:04.01739 66/1/CFE_TIME 21: Stop FLYWHEEL
EVS Port1 1980-012-15:33:04.99006 66/1/CFE_TIME 20: Start FLYWHEEL
EVS Port1 1980-012-15:33:07.02871 66/1/CFE_TIME 21: Stop FLYWHEEL
.EVS Port1 1980-012-15:33:07.99682 66/1/CFE_TIME 20: Start FLYWHEEL
EVS Port1 1980-012-15:33:13.43040 66/1/CFE_TIME 20: Start FLYWHEEL
......EVS Port1 1980-012-15:33:45.01316 66/1/CFE_TIME 21: Stop FLYWHEEL
EVS Port1 1980-012-15:33:49.03349 66/1/CFE_TIME 21: Stop FLYWHEEL
EVS Port1 1980-012-15:33:50.05905 66/1/CFE_TIME 20: Start FLYWHEEL
.EVS Port1 1980-012-15:33:51.00953 66/1/CFE_TIME 21: Stop FLYWHEEL
EVS Port1 1980-012-15:33:52.33169 66/1/CFE_TIME 20: Start FLYWHEEL
EVS Port1 1980-012-15:33:55.56552 66/1/CFE_TIME 20: Start FLYWHEEL
.EVS Port1 1980-012-15:33:57.01371 66/1/CFE_TIME 21: Stop FLYWHEEL
EVS Port1 1980-012-15:33:59.01321 66/1/CFE_TIME 21: Stop FLYWHEEL
EVS Port1 1980-012-15:34:00.00195 66/1/CFE_TIME 20: Start FLYWHEEL
.EVS Port1 1980-012-15:34:02.02313 66/1/CFE_TIME 21: Stop FLYWHEEL
EVS Port1 1980-012-15:34:03.01611 66/1/CFE_TIME 20: Start FLYWHEEL
EVS Port1 1980-012-15:34:04.01864 66/1/CFE_TIME 21: Stop FLYWHEEL
EVS Port1 1980-012-15:34:05.00437 66/1/CFE_TIME 20: Start FLYWHEEL
.EVS Port1 1980-012-15:34:12.01440 66/1/CFE_TIME 21: Stop FLYWHEEL
EVS Port1 1980-012-15:34:12.99499 66/1/CFE_TIME 20: Start FLYWHEEL
..EVS Port1 1980-012-15:34:23.11550 66/1/CFE_TIME 20: Start FLYWHEEL
EVS Port1 1980-012-15:34:24.01159 66/1/CFE_TIME 21: Stop FLYWHEEL
...EVS Port1 1980-012-15:34:40.00614 66/1/CFE_TIME 20: Start FLYWHEEL
EVS Port1 1980-012-15:34:40.01837 66/1/CFE_TIME 21: Stop FLYWHEEL
.EVS Port1 1980-012-15:34:46.00991 66/1/CFE_TIME 21: Stop FLYWHEEL
EVS Port1 1980-012-15:34:46.99018 66/1/CFE_TIME 20: Start FLYWHEEL
.EVS Port1 1980-012-15:34:54.47503 66/1/CFE_TIME 20: Start FLYWHEEL
EVS Port1 1980-012-15:34:55.02241 66/1/CFE_TIME 21: Stop FLYWHEEL
...EVS Port1 1980-012-15:35:10.01110 66/1/CFE_TIME 21: Stop FLYWHEEL
EVS Port1 1980-012-15:35:11.06996 66/1/CFE_TIME 20: Start FLYWHEEL
.EVS Port1 1980-012-15:35:13.17115 66/1/CFE_TIME 20: Start FLYWHEEL
...EVS Port1 1980-012-15:35:31.01562 66/1/CFE_TIME 21: Stop FLYWHEEL
EVS Port1 1980-012-15:35:34.01161 66/1/CFE_TIME 21: Stop FLYWHEEL
EVS Port1 1980-012-15:35:35.00834 66/1/CFE_TIME 20: Start FLYWHEEL
.EVS Port1 1980-012-15:35:39.20834 66/1/CFE_TIME 20: Start FLYWHEEL
EVS Port1 1980-012-15:35:39.00939 66/1/CFE_TIME 21: Stop FLYWHEEL
.EVS Port1 1980-012-15:35:42.32522 66/1/CFE_TIME 20: Start FLYWHEEL
.EVS Port1 1980-012-15:35:50.01502 66/1/CFE_TIME 21: Stop FLYWHEEL
EVS Port1 1980-012-15:35:53.18161 66/1/CFE_TIME 20: Start FLYWHEEL
EVS Port1 1980-012-15:35:53.00941 66/1/CFE_TIME 21: Stop FLYWHEEL
..EVS Port1 1980-012-15:36:04.01429 66/1/CFE_TIME 21: Stop FLYWHEEL
EVS Port1 1980-012-15:36:05.00999 66/1/CFE_TIME 20: Start FLYWHEEL
EVS Port1 1980-012-15:36:06.00514 66/1/CFE_TIME 21: Stop FLYWHEEL
.EVS Port1 1980-012-15:36:06.99623 66/1/CFE_TIME 20: Start FLYWHEEL
.EVS Port1 1980-012-15:36:17.99676 66/1/CFE_TIME 20: Start FLYWHEEL
EVS Port1 1980-012-15:36:18.01426 66/1/CFE_TIME 21: Stop FLYWHEEL
.EVS Port1 1980-012-15:36:22.05253 66/1/CFE_TIME 20: Start FLYWHEEL
EVS Port1 1980-012-15:36:22.00802 66/1/CFE_TIME 21: Stop FLYWHEEL
...EVS Port1 1980-012-15:36:41.01533 66/1/CFE_TIME 21: Stop FLYWHEEL
EVS Port1 1980-012-15:36:41.99496 66/1/CFE_TIME 20: Start FLYWHEEL
.EVS Port1 1980-012-15:36:46.11689 66/1/CFE_TIME 20: Start FLYWHEEL
EVS Port1 1980-012-15:36:47.01084 66/1/CFE_TIME 21: Stop FLYWHEEL
.EVS Port1 1980-012-15:36:51.38107 66/1/CFE_TIME 20: Start FLYWHEEL
.EVS Port1 1980-012-15:36:56.01710 66/1/CFE_TIME 21: Stop FLYWHEEL
EVS Port1 1980-012-15:36:59.01132 66/1/CFE_TIME 21: Stop FLYWHEEL
.EVS Port1 1980-012-15:37:00.03660 66/1/CFE_TIME 20: Start FLYWHEEL
EVS Port1 1980-012-15:37:01.02101 66/1/CFE_TIME 21: Stop FLYWHEEL
EVS Port1 1980-012-15:37:02.04771 66/1/CFE_TIME 20: Start FLYWHEEL
EVS Port1 1980-012-15:37:04.11325 66/1/CFE_TIME 20: Start FLYWHEEL
EVS Port1 1980-012-15:37:05.01327 66/1/CFE_TIME 21: Stop FLYWHEEL
.EVS Port1 1980-012-15:37:10.00949 66/1/CFE_TIME 21: Stop FLYWHEEL
EVS Port1 1980-012-15:37:10.99714 66/1/CFE_TIME 20: Start FLYWHEEL
.EVS Port1 1980-012-15:37:14.01177 66/1/CFE_TIME 21: Stop FLYWHEEL
EVS Port1 1980-012-15:37:14.99530 66/1/CFE_TIME 20: Start FLYWHEEL
.EVS Port1 1980-012-15:37:18.01370 66/1/CFE_TIME 20: Start FLYWHEEL
EVS Port1 1980-012-15:37:21.01606 66/1/CFE_TIME 21: Stop FLYWHEEL
.EVS Port1 1980-012-15:37:25.00561 66/1/CFE_TIME 21: Stop FLYWHEEL
EVS Port1 1980-012-15:37:26.00062 66/1/CFE_TIME 20: Start FLYWHEEL
.EVS Port1 1980-012-15:37:31.00695 66/1/CFE_TIME 21: Stop FLYWHEEL
EVS Port1 1980-012-15:37:32.02146 66/1/CFE_TIME 20: Start FLYWHEEL
EVS Port1 1980-012-15:37:33.02645 66/1/CFE_TIME 21: Stop FLYWHEEL
EVS Port1 1980-012-15:37:33.97555 66/1/CFE_TIME 20: Start FLYWHEEL
EVS Port1 1980-012-15:37:35.01509 66/1/CFE_TIME 21: Stop FLYWHEEL
.EVS Port1 1980-012-15:37:35.99237 66/1/CFE_TIME 20: Start FLYWHEEL
EVS Port1 1980-012-15:37:38.00096 66/1/CFE_TIME 20: Start FLYWHEEL
EVS Port1 1980-012-15:37:38.05586 66/1/CFE_TIME 21: Stop FLYWHEEL
EVS Port1 1980-012-15:37:41.01240 66/1/CFE_TIME 21: Stop FLYWHEEL
.EVS Port1 1980-012-15:37:41.99337 66/1/CFE_TIME 20: Start FLYWHEEL
EVS Port1 1980-012-15:37:46.10966 66/1/CFE_TIME 20: Start FLYWHEEL
.EVS Port1 1980-012-15:37:53.01406 66/1/CFE_TIME 21: Stop FLYWHEEL
.EVS Port1 1980-012-15:37:56.20697 66/1/CFE_TIME 20: Start FLYWHEEL
EVS Port1 1980-012-15:37:57.03027 66/1/CFE_TIME 21: Stop FLYWHEEL
.EVS Port1 1980-012-15:38:03.99835 66/1/CFE_TIME 20: Start FLYWHEEL
EVS Port1 1980-012-15:38:04.01101 66/1/CFE_TIME 21: Stop FLYWHEEL
.EVS Port1 1980-012-15:38:06.01577 66/1/CFE_TIME 21: Stop FLYWHEEL
EVS Port1 1980-012-15:38:07.02774 66/1/CFE_TIME 20: Start FLYWHEEL
EVS Port1 1980-012-15:38:09.38514 66/1/CFE_TIME 20: Start FLYWHEEL
EVS Port1 1980-012-15:38:10.01228 66/1/CFE_TIME 21: Stop FLYWHEEL
..EVS Port1 1980-012-15:38:17.40657 66/1/CFE_TIME 20: Start FLYWHEEL
...EVS Port1 1980-012-15:38:38.00651 66/1/CFE_TIME 21: Stop FLYWHEEL
EVS Port1 1980-012-15:38:41.15803 66/1/CFE_TIME 20: Start FLYWHEEL
.EVS Port1 1980-012-15:38:42.02360 66/1/CFE_TIME 21: Stop FLYWHEEL
EVS Port1 1980-012-15:38:44.01057 66/1/CFE_TIME 21: Stop FLYWHEEL
EVS Port1 1980-012-15:38:45.03442 66/1/CFE_TIME 20: Start FLYWHEEL
.EVS Port1 1980-012-15:38:47.10380 66/1/CFE_TIME 20: Start FLYWHEEL
EVS Port1 1980-012-15:38:50.02003 66/1/CFE_TIME 21: Stop FLYWHEEL
.EVS Port1 1980-012-15:38:53.01113 66/1/CFE_TIME 21: Stop FLYWHEEL
EVS Port1 1980-012-15:38:54.00924 66/1/CFE_TIME 20: Start FLYWHEEL
EVS Port1 1980-012-15:38:56.00599 66/1/CFE_TIME 21: Stop FLYWHEEL
EVS Port1 1980-012-15:38:56.99989 66/1/CFE_TIME 20: Start FLYWHEEL
....EVS Port1 1980-012-15:39:18.00408 66/1/CFE_TIME 21: Stop FLYWHEEL
EVS Port1 1980-012-15:39:19.00540 66/1/CFE_TIME 20: Start FLYWHEEL
.....EVS Port1 1980-012-15:39:48.00581 66/1/CFE_TIME 21: Stop FLYWHEEL
EVS Port1 1980-012-15:39:48.99870 66/1/CFE_TIME 20: Start FLYWHEEL
...EVS Port1 1980-012-15:40:08.00984 66/1/CFE_TIME 21: Stop FLYWHEEL
EVS Port1 1980-012-15:40:08.99824 66/1/CFE_TIME 20: Start FLYWHEEL
.EVS Port1 1980-012-15:40:13.01104 66/1/CFE_TIME 21: Stop FLYWHEEL
EVS Port1 1980-012-15:40:14.16798 66/1/CFE_TIME 20: Start FLYWHEEL
.EVS Port1 1980-012-15:40:16.60314 66/1/CFE_TIME 20: Start FLYWHEEL
EVS Port1 1980-012-15:40:17.00839 66/1/CFE_TIME 21: Stop FLYWHEEL
EVS Port1 1980-012-15:40:20.16571 66/1/CFE_TIME 20: Start FLYWHEEL
EVS Port1 1980-012-15:40:20.01075 66/1/CFE_TIME 21: Stop FLYWHEEL
.EVS Port1 1980-012-15:40:24.01206 66/1/CFE_TIME 21: Stop FLYWHEEL
EVS Port1 1980-012-15:40:25.00654 66/1/CFE_TIME 20: Start FLYWHEEL
.EVS Port1 1980-012-15:40:31.11692 66/1/CFE_TIME 20: Start FLYWHEEL
EVS Port1 1980-012-15:40:31.00781 66/1/CFE_TIME 21: Stop FLYWHEEL
.EVS Port1 1980-012-15:40:34.19732 66/1/CFE_TIME 20: Start FLYWHEEL
..EVS Port1 1980-012-15:40:50.00758 66/1/CFE_TIME 21: Stop FLYWHEEL
.EVS Port1 1980-012-15:40:52.00758 66/1/CFE_TIME 21: Stop FLYWHEEL
EVS Port1 1980-012-15:40:53.00433 66/1/CFE_TIME 20: Start FLYWHEEL
..1980-012-15:41:07.26749 CFE_ES_RunExceptionScan: ExceptionID 0x1110002 in TaskID 0: Caught SIGINT
1980-012-15:41:07.26806 CFE_ES_RunExceptionScan: Processor Reset count not reached (1/2)
CFE_PSP: Exiting cFE with PROCESSOR Reset status.

CFE_PSP: Shutdown initiated - Exiting cFE
CI delete callback -- Closing CI Network socket.
TO delete callback -- Closing TO Network socket.
...EXIT=137
