CFE_PSP: Default Reset SubType = 1
CFE_PSP: Default CPU ID = 1
CFE_PSP: Default Spacecraft ID = 66
CFE_PSP: Default CPU Name: cpu1
OS_Posix_GetSchedulerParams():208:Policy 1: available, min-max: 1-99
OS_Posix_GetSchedulerParams():208:Policy 2: available, min-max: 1-99
OS_Posix_TaskAPI_Impl_Init():401:Selected policy 2 for RT tasks, root task = 99
CFE_PSP: initializing module 'soft_timebase' with ID 0110ff00
CFE_PSP: Instantiated software timebase 'cFS-Master' running at 10000 usec
CFE_PSP: initializing module 'timebase_posix_clock' with ID 0110ff01
CFE_PSP: Using POSIX monotonic clock as CFE timebase
CFE_PSP: initializing module 'eeprom_mmap_file' with ID 0110ff02
CFE_PSP: Using MMAP simulated EEPROM implementation
CFE_PSP: initializing module 'port_notimpl' with ID 0110ff03
CFE_PSP: I/O Port access not implemented
CFE_PSP: initializing module 'iodriver' with ID 0110ff04
CFE_PSP: initializing module 'linux_sysmon' with ID 0110ff05
CFE_PSP: initializing module 'endian_api' with ID 0110ff06
CFE_PSP: Host CPU Endian=LITTLE
CFE_PSP: initializing module 'ram_notimpl' with ID 0110ff07
CFE_PSP: Physical RAM access not implemented
CFE_PSP: EEPROM Range (2) created: Start Address = 7F3B23E72000, Size = 00080000 Status = 0
CFE_PSP: Starting the cFE with a POWER ON reset.
CFE_PSP: Clearing out CFE CDS Shared memory segment.
CFE_PSP: Clearing out CFE Reset Shared memory segment.
CFE_PSP: Clearing out CFE User Reserved Shared memory segment.
1980-001-07:23:05.41427 CFE_ES_SetupResetVariables: POWER ON RESET due to Power Cycle (Power Cycle).
1980-001-07:23:05.41435 CFE_ES_Main: CFE_ES_Main in EARLY_INIT state
Number of addresses returned by backtrace = 1
CFE_PSP: CFE_PSP_AttachExceptions called
1980-001-07:23:05.41474 CFE_ES_Main: CFE_ES_Main entering CORE_STARTUP state
1980-001-07:23:05.41474 CFE_ES_CreateObjects: Starting Object Creation calls.
1980-001-07:23:05.41475 CFE_ES_CreateObjects: Calling EarlyInit for CFE_CONFIG
1980-001-07:23:05.41476 CFE_ES_CreateObjects: Calling EarlyInit for CFE_ES
1980-001-07:23:05.41488 CFE_ES_CreateObjects: Calling EarlyInit for CFE_EVS
1980-001-07:23:05.41491 CFE_EVS_EarlyInit: Event Log cleared following power-on reset
1980-001-07:23:05.41492 CFE_ES_CreateObjects: Calling EarlyInit for CFE_FS
1980-001-07:23:05.41492 CFE_ES_CreateObjects: Calling EarlyInit for CFE_SB
1980-001-07:23:05.41532 CFE_ES_CreateObjects: Calling EarlyInit for CFE_TBL
1980-001-07:23:05.41584 CFE_ES_CreateObjects: Calling EarlyInit for CFE_TIME
EVS Port1 1980-012-14:03:20.05204 66/1/CFE_ES 1: cFE ES Initialized: CFE_ES v7.0.1+dev1 (Draco) DEV BUILD, based on v7.0.1, EDS disabled
EVS Port1 1980-012-14:03:20.05207 66/1/CFE_ES 2: cFS Versions: cfe v7.0.1+dev1, osal v7.0.1+dev1, psp v7.0.1+dev1. cFE chksm 44658
EVS Port1 1980-012-14:03:20.05209 66/1/CFE_ES 91: Version Info: Mission SampleMission, version git:v7.0.1-90-g78c23b0-dirty
EVS Port1 1980-012-14:03:20.05210 66/1/CFE_ES 91: Version Info: Module CORE_API, version git:2612eb0
EVS Port1 1980-012-14:03:20.05210 66/1/CFE_ES 91: Version Info: Module CONFIG, version git:2612eb0
EVS Port1 1980-012-14:03:20.05210 66/1/CFE_ES 91: Version Info: Module ES, version git:2612eb0
EVS Port1 1980-012-14:03:20.05212 66/1/CFE_ES 91: Version Info: Module EVS, version git:2612eb0
EVS Port1 1980-012-14:03:20.05212 66/1/CFE_ES 91: Version Info: Module FS, version git:2612eb0
EVS Port1 1980-012-14:03:20.05218 66/1/CFE_ES 91: Version Info: Module SB, version git:2612eb0
EVS Port1 1980-012-14:03:20.05220 66/1/CFE_ES 91: Version Info: Module TBL, version git:2612eb0
EVS Port1 1980-012-14:03:20.05220 66/1/CFE_ES 91: Version Info: Module TIME, version git:2612eb0
EVS Port1 1980-012-14:03:20.05220 66/1/CFE_ES 91: Version Info: Module OSAL, version git:8111e4a
EVS Port1 1980-012-14:03:20.05223 66/1/CFE_ES 91: Version Info: Module PSP, version git:d1da809
EVS Port1 1980-012-14:03:20.05224 66/1/CFE_ES 91: Version Info: Module MSG, version git:2612eb0
EVS Port1 1980-012-14:03:20.05226 66/1/CFE_ES 91: Version Info: Module SBR, version git:2612eb0
EVS Port1 1980-012-14:03:20.05229 66/1/CFE_ES 91: Version Info: Module RESOURCEID, version git:2612eb0
EVS Port1 1980-012-14:03:20.05232 66/1/CFE_ES 92: Build 202609090947 by root@vm, config sample
EVS Port1 1980-012-14:03:20.15071 66/1/CFE_EVS 1: cFE EVS Initialized: CFE_EVS v7.0.1+dev1 (Draco) DEV BUILD, based on v7.0.1, EDS disabled
1980-012-14:03:20.25141 CFE_SB_AppInit: Registered 4 events for filtering
EVS Port1 1980-012-14:03:20.25151 66/1/CFE_SB 1: cFE SB Initialized: CFE_SB v7.0.1+dev1 (Draco) DEV BUILD, based on v7.0.1, EDS disabled
EVS Port1 1980-012-14:03:20.25158 66/1/CFE_SB 14: No subscribers for MsgId 0x808,sender CFE_SB
EVS Port1 1980-012-14:03:20.35180 66/1/CFE_TBL 1: cFE TBL Initialized: CFE_TBL v7.0.1+dev1 (Draco) DEV BUILD, based on v7.0.1, EDS disabled
EVS Port1 1980-012-14:03:20.35186 66/1/CFE_SB 14: No subscribers for MsgId 0x808,sender CFE_TBL
EVS Port1 1980-012-14:03:20.45240 66/1/CFE_TIME 1: cFE TIME Initialized: CFE_TIME v7.0.1+dev1 (Draco) DEV BUILD, based on v7.0.1, EDS disabled
EVS Port1 1980-012-14:03:20.45245 66/1/CFE_SB 14: No subscribers for MsgId 0x808,sender CFE_TIME
1980-012-14:03:20.50199 CFE_ES_CreateObjects: Finished ES CreateObject table entries.
1980-012-14:03:20.50202 CFE_ES_Main: CFE_ES_Main entering CORE_READY state
1980-012-14:03:20.50205 CFE_ES_OpenStartupScript: Opened ES App Startup file: /cf/cfe_es_startup.scr
1980-012-14:03:20.50216 CFE_ES_ParseFileEntry: Loading shared library: /cf/cfe_assert.so
1980-012-14:03:20.50235 [BEGIN] CFE FUNCTIONAL TEST
1980-012-14:03:20.50238 [BEGIN] 01 CFE-STARTUP
1980-012-14:03:20.50248 CFE_ES_ParseFileEntry: Loading shared library: /cf/sample_lib.so
SAMPLE Lib Initialized.Sample Lib v7.0.0+dev1 (Draco) DEV BUILD, based on v7.0.1, EDS disabled
1980-012-14:03:20.50272 CFE_ES_ParseFileEntry: Loading file: /cf/sch_lab.so, APP: SCH_LAB
1980-012-14:03:20.50300 CFE_ES_ParseFileEntry: Loading file: /cf/ci_lab.so, APP: CI_LAB
1980-012-14:03:20.50326 CFE_ES_ParseFileEntry: Loading file: /cf/to_lab.so, APP: TO_LAB
1980-012-14:03:20.50351 CFE_ES_ParseFileEntry: Loading file: /cf/sample_app.so, APP: SAMPLE_APP
1980-012-14:03:20.50377 CFE_ES_ParseFileEntry: Loading file: /cf/ai_learner.so, APP: AI_LEARNER
1980-012-14:03:20.50423 CFE_ES_ParseFileEntry: Loading file: /cf/lc.so, APP: LC
1980-012-14:03:20.50447 CFE_ES_ParseFileEntry: Loading file: /cf/cf.so, APP: CF
1980-012-14:03:20.50481 CFE_ES_ParseFileEntry: Loading file: /cf/ds.so, APP: DS
1980-012-14:03:20.50506 CFE_ES_ParseFileEntry: Loading file: /cf/fm.so, APP: FM
1980-012-14:03:20.50529 CFE_ES_ParseFileEntry: Loading file: /cf/hk.so, APP: HK
1980-012-14:03:20.50552 CFE_ES_ParseFileEntry: Loading file: /cf/hs.so, APP: HS
1980-012-14:03:20.50576 CFE_ES_ParseFileEntry: Loading file: /cf/mm.so, APP: MM
1980-012-14:03:20.50598 CFE_ES_ParseFileEntry: Loading file: /cf/sc.so, APP: SC
1980-012-14:03:20.50621 CFE_ES_ParseFileEntry: Loading file: /cf/md.so, APP: MD
1980-012-14:03:20.50644 CFE_ES_ParseFileEntry: Loading file: /cf/cs.so, APP: CS
1980-012-14:03:20.50671 CFE_ES_ParseFileEntry: Loading file: /cf/sbn.so, APP: SBN
SCH Lab Initialized.SCH Lab v7.0.1+dev1 (Draco) DEV BUILD, based on v7.0.1, EDS disabled
EVS Port1 1980-012-14:03:20.55371 66/1/TO_LAB 1: TO Lab Initialized.TO Lab v7.0.1+dev1 (Draco) DEV BUILD, based on v7.0.1, EDS disabled, Awaiting enable command.
EVS Port1 1980-012-14:03:20.55384 66/1/CFE_SB 14: No subscribers for MsgId 0x808,sender TO_LAB
EVS Port1 1980-012-14:03:20.55386 66/1/SAMPLE_APP 1: Sample App Initialized.Sample App v7.0.0+dev1 (Draco) DEV BUILD, based on v7.0.1, EDS disabled
{"app":"AI_LEARNER","stage":"stack","es_stack_size":262383,"stack_base_bytes":262144,"contract_kernel_stack_bytes":239,"kernel_stack_accounted":true}
{"app":"AI_LEARNER","stage":"admission","verdict":"ADMIT","model":"conv2d","target":"x86_64-unknown-linux-gnu","bounded":3528,"budget":3529,"per_call":1352,"constants":2176,"kernel_stack_bytes":239,"bound_known":true,"scope":"per_app_local_budget"}
EVS Port1 1980-012-14:03:20.55433 66/1/AI_LEARNER 8: AI_LEARNER stack: es=262383 base=262144 kernel=239 accounted=1
EVS Port1 1980-012-14:03:20.55465 66/1/LC 56: WDT verify results: good = 0, bad = 0, unused = 176
{"app":"AI_LEARNER","stage":"binding","verdict":"MATCH","artifact_bytes":16601,"artifact_sha256":"bd6bfd73b4705238","contract_sha256":"bd6bfd73b4705238"}
EVS Port1 1980-012-14:03:20.55497 66/1/LC 66: ADT verify results: good = 0, bad = 0, unused = 176
EVS Port1 1980-012-14:03:20.55502 66/1/LC 23: LC use of Critical Data Store disabled, activity mask = 0x00991990
EVS Port1 1980-012-14:03:20.55503 66/1/LC 2: LC Initialized. Version 7.0.1.255
EVS Port1 1980-012-14:03:20.55522 66/1/DS 10: Destination file table verify results: good entries = 6, bad = 0, unused = 10
EVS Port1 1980-012-14:03:20.55535 66/1/CF 20: CF Initialized. Version 7.0.1.255
EVS Port1 1980-012-14:03:20.55545 66/1/DS 12: Filter table verify results: good entries = 14, bad = 0, unused = 242
{"app":"AI_LEARNER","stage":"mem_init","model":"conv2d","target":"x86_64-unknown-linux-gnu","hal_peak":2432,"hal_allocated":2432,"bounded":3528,"peak_within_bounded":true,"inferences_so_far":0,"process_rss_kb":7800,"rss_kb_before_runtime":7072,"rss_kb_after_session":7476,"rss_kb_after_init":7800}
{"app":"AI_LEARNER","stage":"e25_mode","active":false,"inputs_path":"/cf/e25_inputs.bin"}
EVS Port1 1980-012-14:03:20.55564 66/1/AI_LEARNER 3: AI_LEARNER initialized: model conv2d (16601 B), rss_delta_init=728 KB
EVS Port1 1980-012-14:03:20.55583 66/1/FM 80: Free Space Table verify results: good entries = 3, bad = 0, unused = 5
1980-012-14:03:20.55699 CI_LAB listening on UDP port: 1234
EVS Port1 1980-012-14:03:20.55700 66/1/CI_LAB 3: CI Lab Initialized.CI Lab App v7.0.1+dev1 (Draco) DEV BUILD, based on v7.0.1, EDS disabled
EVS Port1 1980-012-14:03:20.55667 66/1/DS 1: Application initialized, version 7.0.1.255, data at 0x7f3b23800480
EVS Port1 1980-012-14:03:20.55825 66/1/FM 1: Initialization complete: version 7.0.1.255
EVS Port1 1980-012-14:03:20.55986 66/1/MM 1: MM Initialized. Version 7.0.1.255
EVS Port1 1980-012-14:03:20.56024 66/1/SBN 2: SBN subscribed to command pipe SBN_CMD_MID 0x18FA
EVS Port1 1980-012-14:03:20.56134 66/1/MD 52: MD Dwell Tbl verify results: good = 0, bad = 0, unused = 25
EVS Port1 1980-012-14:03:20.56201 66/1/CS 144: CS EEPROM Table verification results: good = 0, bad = 0, unused = 16
EVS Port1 1980-012-14:03:20.56275 66/1/MD 52: MD Dwell Tbl verify results: good = 0, bad = 0, unused = 25
EVS Port1 1980-012-14:03:20.56291 66/1/HS 54: ExeCount verify results: good = 5, bad = 0, unused = 27
EVS Port1 1980-012-14:03:20.56292 66/1/CS 107: CS EEPROM Table: No valid entries in the table
EVS Port1 1980-012-14:03:20.56402 66/1/HS 50: AppMon verify results: good = 0, bad = 0, unused = 32
EVS Port1 1980-012-14:03:20.56436 66/1/MD 52: MD Dwell Tbl verify results: good = 0, bad = 0, unused = 25
EVS Port1 1980-012-14:03:20.56440 66/1/HK 1: HK Initialized.  Version 7.0.1.255
EVS Port1 1980-012-14:03:20.56474 66/1/CS 143: CS Memory Table verification results: good = 0, bad = 0, unused = 16
EVS Port1 1980-012-14:03:20.56524 66/1/HS 52: EventMon verify results: good = 0, bad = 0, unused = 16
EVS Port1 1980-012-14:03:20.56562 66/1/CS 107: CS Memory Table: No valid entries in the table
EVS Port1 1980-012-14:03:20.56581 66/1/MD 52: MD Dwell Tbl verify results: good = 0, bad = 0, unused = 25
EVS Port1 1980-012-14:03:20.56629 66/1/HS 56: MsgActs verify results: good = 2, bad = 0, unused = 6
EVS Port1 1980-012-14:03:20.56666 66/1/MD 7: Dwell Tables Recovered: 0, Dwell Tables Initialized: 4
EVS Port1 1980-012-14:03:20.56684 66/1/SC 21: RTS table files not loaded at initialization = 0 of 4
EVS Port1 1980-012-14:03:20.56735 66/1/MD 1: MD Initialized.  Version 7.0.1.255
EVS Port1 1980-012-14:03:20.56736 66/1/CS 139: CS Tables Table verification results: good = 1, bad = 0, unused = 23
open(/proc/schedstat): No such file or directory
1980-012-14:03:20.56848 HS_SysMonInit(): System Monitor using PSP device ID 0110ff05
1980-012-14:03:20.56863 HS_SysMonInit(): Unable to start device 0110ff05
EVS Port1 1980-012-14:03:20.56889 66/1/HS 74: Error in system monitor initialization, RC=0xC8000005
EVS Port1 1980-012-14:03:20.56898 66/1/CS 142: CS Apps Table verification results: good = 0, bad = 0, unused = 24
EVS Port1 1980-012-14:03:20.56898 66/1/SC 9: SC Initialized. Version 7.0.1.255
EVS Port1 1980-012-14:03:20.56903 66/1/CS 108: CS Apps Table: No valid entries in the table
EVS Port1 1980-012-14:03:20.56924 66/1/CS 127: OS Text Segment disabled due to platform
EVS Port1 1980-012-14:03:20.56929 66/1/CS 1: CS Initialized. Version 7.0.1.255
1980-012-14:03:20.60706 CFE_ES_Main: CFE_ES_Main entering APPS_INIT state
1980-012-14:03:20.60710 CFE_ES_Main: CFE_ES_Main entering OPERATIONAL state
EVS Port1 1980-012-14:03:20.60787 66/1/FM 72: Child Task initialization complete
EVS Port1 1980-012-14:03:20.61112 66/1/SBN 4: checking if module (UDP) already loaded
OS_GenericSymbolLookup_Impl():114:SBN_UDP_Ops: ./core-cpu1: undefined symbol: SBN_UDP_Ops
OS_GenericSymbolLookup_Impl():114:SBN_UDP_Ops: ./cf/cfe_assert.so: undefined symbol: SBN_UDP_Ops
OS_GenericSymbolLookup_Impl():114:SBN_UDP_Ops: ./cf/sample_lib.so: undefined symbol: SBN_UDP_Ops
OS_GenericSymbolLookup_Impl():114:SBN_UDP_Ops: ./cf/sch_lab.so: undefined symbol: SBN_UDP_Ops
OS_GenericSymbolLookup_Impl():114:SBN_UDP_Ops: ./cf/ci_lab.so: undefined symbol: SBN_UDP_Ops
OS_GenericSymbolLookup_Impl():114:SBN_UDP_Ops: ./cf/to_lab.so: undefined symbol: SBN_UDP_Ops
OS_GenericSymbolLookup_Impl():114:SBN_UDP_Ops: ./cf/sample_app.so: undefined symbol: SBN_UDP_Ops
OS_GenericSymbolLookup_Impl():114:SBN_UDP_Ops: ./cf/ai_learner.so: undefined symbol: SBN_UDP_Ops
OS_GenericSymbolLookup_Impl():114:SBN_UDP_Ops: ./cf/lc.so: undefined symbol: SBN_UDP_Ops
OS_GenericSymbolLookup_Impl():114:SBN_UDP_Ops: ./cf/cf.so: undefined symbol: SBN_UDP_Ops
OS_GenericSymbolLookup_Impl():114:SBN_UDP_Ops: ./cf/ds.so: undefined symbol: SBN_UDP_Ops
OS_GenericSymbolLookup_Impl():114:SBN_UDP_Ops: ./cf/fm.so: undefined symbol: SBN_UDP_Ops
OS_GenericSymbolLookup_Impl():114:SBN_UDP_Ops: ./cf/hk.so: undefined symbol: SBN_UDP_Ops
OS_GenericSymbolLookup_Impl():114:SBN_UDP_Ops: ./cf/hs.so: undefined symbol: SBN_UDP_Ops
OS_GenericSymbolLookup_Impl():114:SBN_UDP_Ops: ./cf/mm.so: undefined symbol: SBN_UDP_Ops
OS_GenericSymbolLookup_Impl():114:SBN_UDP_Ops: ./cf/sc.so: undefined symbol: SBN_UDP_Ops
OS_GenericSymbolLookup_Impl():114:SBN_UDP_Ops: ./cf/md.so: undefined symbol: SBN_UDP_Ops
OS_GenericSymbolLookup_Impl():114:SBN_UDP_Ops: ./cf/cs.so: undefined symbol: SBN_UDP_Ops
OS_GenericSymbolLookup_Impl():114:SBN_UDP_Ops: ./cf/sbn.so: undefined symbol: SBN_UDP_Ops
EVS Port1 1980-012-14:03:20.61140 66/1/SBN 4: symbol not yet loaded (SBN_UDP_Ops)
EVS Port1 1980-012-14:03:20.61148 66/1/SBN 4: loading module (Name=UDP, File=/cf/sbn_udp.so)
EVS Port1 1980-012-14:03:20.61174 66/1/SBN 4: validating symbol load (SBN_UDP_Ops)
EVS Port1 1980-012-14:03:20.61183 66/1/SBN 4: initializing protocol module
SBN_UDP Lib Initialized.
EVS Port1 1980-012-14:03:20.61192 66/1/SBN 4: protocol module initialized
EVS Port1 1980-012-14:03:20.61196 66/1/SBN 4: checking if module (Remap) already loaded
OS_GenericSymbolLookup_Impl():114:SBN_F_Remap: ./core-cpu1: undefined symbol: SBN_F_Remap
OS_GenericSymbolLookup_Impl():114:SBN_F_Remap: ./cf/cfe_assert.so: undefined symbol: SBN_F_Remap
OS_GenericSymbolLookup_Impl():114:SBN_F_Remap: ./cf/sample_lib.so: undefined symbol: SBN_F_Remap
OS_GenericSymbolLookup_Impl():114:SBN_F_Remap: ./cf/sch_lab.so: undefined symbol: SBN_F_Remap
OS_GenericSymbolLookup_Impl():114:SBN_F_Remap: ./cf/ci_lab.so: undefined symbol: SBN_F_Remap
OS_GenericSymbolLookup_Impl():114:SBN_F_Remap: ./cf/to_lab.so: undefined symbol: SBN_F_Remap
OS_GenericSymbolLookup_Impl():114:SBN_F_Remap: ./cf/sample_app.so: undefined symbol: SBN_F_Remap
OS_GenericSymbolLookup_Impl():114:SBN_F_Remap: ./cf/ai_learner.so: undefined symbol: SBN_F_Remap
OS_GenericSymbolLookup_Impl():114:SBN_F_Remap: ./cf/lc.so: undefined symbol: SBN_F_Remap
OS_GenericSymbolLookup_Impl():114:SBN_F_Remap: ./cf/cf.so: undefined symbol: SBN_F_Remap
OS_GenericSymbolLookup_Impl():114:SBN_F_Remap: ./cf/ds.so: undefined symbol: SBN_F_Remap
OS_GenericSymbolLookup_Impl():114:SBN_F_Remap: ./cf/fm.so: undefined symbol: SBN_F_Remap
OS_GenericSymbolLookup_Impl():114:SBN_F_Remap: ./cf/hk.so: undefined symbol: SBN_F_Remap
OS_GenericSymbolLookup_Impl():114:SBN_F_Remap: ./cf/hs.so: undefined symbol: SBN_F_Remap
OS_GenericSymbolLookup_Impl():114:SBN_F_Remap: ./cf/mm.so: undefined symbol: SBN_F_Remap
OS_GenericSymbolLookup_Impl():114:SBN_F_Remap: ./cf/sc.so: undefined symbol: SBN_F_Remap
OS_GenericSymbolLookup_Impl():114:SBN_F_Remap: ./cf/md.so: undefined symbol: SBN_F_Remap
OS_GenericSymbolLookup_Impl():114:SBN_F_Remap: ./cf/cs.so: undefined symbol: SBN_F_Remap
OS_GenericSymbolLookup_Impl():114:SBN_F_Remap: ./cf/sbn.so: undefined symbol: SBN_F_Remap
OS_GenericSymbolLookup_Impl():114:SBN_F_Remap: ./cf/sbn_udp.so: undefined symbol: SBN_F_Remap
EVS Port1 1980-012-14:03:20.61224 66/1/SBN 4: symbol not yet loaded (SBN_F_Remap)
EVS Port1 1980-012-14:03:20.61231 66/1/SBN 4: loading module (Name=Remap, File=/cf/sbn_f_remap.so)
EVS Port1 1980-012-14:03:20.61250 66/1/SBN 4: validating symbol load (SBN_F_Remap)
EVS Port1 1980-012-14:03:20.61259 66/1/SBN 4: initializing filter module
EVS Port1 1980-012-14:03:20.61277 66/1/SBN 4096: SBN_F_Remap Lib Initialized.
EVS Port1 1980-012-14:03:20.61283 66/1/SBN 4: filter module initialized
EVS Port1 1980-012-14:03:20.61289 66/1/SBN 4: configuring peer (SC=66, CPU=1)...
EVS Port1 1980-012-14:03:20.61296 66/1/SBN 4: found new highest net id: 0
EVS Port1 1980-012-14:03:20.61300 66/1/SBN 4: increasing net count to 1
EVS Port1 1980-012-14:03:20.61306 66/1/SBN 4: peer is this processor: loading net 0
EVS Port1 1980-012-14:03:20.61312 66/1/SBN 258: configuring net (NetData=0x7f3b2359a8b4, Address=127.0.0.1:3234)
EVS Port1 1980-012-14:03:20.61318 66/1/SBN 258: addr host: '127.0.0.1'
EVS Port1 1980-012-14:03:20.61332 66/1/SBN 258: addr port: '3234'
EVS Port1 1980-012-14:03:20.61338 66/1/SBN 258: configured (NetData=0x7f3b2359a8b4)
EVS Port1 1980-012-14:03:20.61344 66/1/SBN 4: configuring peer (SC=66, CPU=2)...
EVS Port1 1980-012-14:03:20.61349 66/1/SBN 4: peer is other processor: loading peer onto net 0
EVS Port1 1980-012-14:03:20.61358 66/1/SBN 258: configuring peer (SC=66, CPU=2, Address=127.0.0.1:3235)
EVS Port1 1980-012-14:03:20.61363 66/1/SBN 258: addr host: '127.0.0.1'
EVS Port1 1980-012-14:03:20.61372 66/1/SBN 258: addr port: '3235'
EVS Port1 1980-012-14:03:20.61378 66/1/SBN 258: configured peer (SC=66, CPU=2, Address=127.0.0.1:3235)
EVS Port1 1980-012-14:03:20.61384 66/1/SBN 4: configuring peer (SC=66, CPU=3)...
EVS Port1 1980-012-14:03:20.61389 66/1/SBN 4: peer is other processor: loading peer onto net 0
EVS Port1 1980-012-14:03:20.61395 66/1/SBN 258: configuring peer (SC=66, CPU=3, Address=127.0.0.1:3236)
EVS Port1 1980-012-14:03:20.61399 66/1/SBN 258: addr host: '127.0.0.1'
EVS Port1 1980-012-14:03:20.61407 66/1/CFE_EVS 44: Events squelched, AppName = SBN
EVS Port1 1980-012-14:03:20.65454 66/1/CFE_SB 17: Msg Limit Err,MsgId 0x80e,pipe SBNSubPipe,sender TO_LAB
EVS Port1 1980-012-14:03:20.65461 66/1/CFE_SB 17: Msg Limit Err,MsgId 0x80e,pipe SBNSubPipe,sender TO_LAB
EVS Port1 1980-012-14:03:20.65469 66/1/CFE_SB 17: Msg Limit Err,MsgId 0x80e,pipe SBNSubPipe,sender TO_LAB
EVS Port1 1980-012-14:03:20.65475 66/1/CFE_SB 17: Msg Limit Err,MsgId 0x80e,pipe SBNSubPipe,sender TO_LAB
EVS Port1 1980-012-14:03:20.65483 66/1/CFE_SB 17: Msg Limit Err,MsgId 0x80e,pipe SBNSubPipe,sender TO_LAB
EVS Port1 1980-012-14:03:20.65490 66/1/CFE_SB 17: Msg Limit Err,MsgId 0x80e,pipe SBNSubPipe,sender TO_LAB
EVS Port1 1980-012-14:03:20.65499 66/1/CFE_SB 17: Msg Limit Err,MsgId 0x80e,pipe SBNSubPipe,sender TO_LAB
EVS Port1 1980-012-14:03:20.65509 66/1/CFE_SB 17: Msg Limit Err,MsgId 0x80e,pipe SBNSubPipe,sender TO_LAB
EVS Port1 1980-012-14:03:20.65515 66/1/CFE_SB 17: Msg Limit Err,MsgId 0x80e,pipe SBNSubPipe,sender TO_LAB
EVS Port1 1980-012-14:03:20.65521 66/1/CFE_SB 17: Msg Limit Err,MsgId 0x80e,pipe SBNSubPipe,sender TO_LAB
EVS Port1 1980-012-14:03:20.65528 66/1/CFE_SB 17: Msg Limit Err,MsgId 0x80e,pipe SBNSubPipe,sender TO_LAB
EVS Port1 1980-012-14:03:20.65534 66/1/CFE_SB 17: Msg Limit Err,MsgId 0x80e,pipe SBNSubPipe,sender TO_LAB
EVS Port1 1980-012-14:03:20.65541 66/1/CFE_SB 17: Msg Limit Err,MsgId 0x80e,pipe SBNSubPipe,sender TO_LAB
EVS Port1 1980-012-14:03:20.65547 66/1/CFE_SB 17: Msg Limit Err,MsgId 0x80e,pipe SBNSubPipe,sender TO_LAB
EVS Port1 1980-012-14:03:20.65554 66/1/CFE_SB 17: Msg Limit Err,MsgId 0x80e,pipe SBNSubPipe,sender TO_LAB
EVS Port1 1980-012-14:03:20.65560 66/1/CFE_SB 17: Msg Limit Err,MsgId 0x80e,pipe SBNSubPipe,sender TO_LAB
EVS Port1 1980-012-14:03:20.65582 66/1/TO_LAB 19: L550 TO Lab subscribed to 37 messages from the table
EVS Port1 1980-012-14:03:21.00007 66/1/CFE_TIME 21: Stop FLYWHEEL
...EVS Port1 1980-012-14:03:40.00004 66/1/CFE_TIME 21: Stop FLYWHEEL
{"app":"AI_LEARNER","stage":"run","model":"conv2d","target":"x86_64-unknown-linux-gnu","attempted":5,"completed":5,"fail_input":0,"fail_invoke":0,"fail_output":0,"mean_us":61.72,"max_us":88.75,"last_us":45.29,"out0":-0.02315,"out":[-0.023152,0.035552]}
EVS Port1 1980-012-14:03:40.50012 66/1/AI_LEARNER 4: AI_LEARNER completed=5/5 mean=61.7us max=88.7us hal_peak=3528 within_bounded=1
{"app":"AI_LEARNER","stage":"mem","model":"conv2d","target":"x86_64-unknown-linux-gnu","completed":5,"hal_peak":3528,"peak_within_bounded":true,"hal_bytes_per_call_amortized":1582.4,"process_rss_kb":8060,"process_rss_delta_init_kb":728}
EVS Port1 1980-012-14:03:40.99993 66/1/CFE_TIME 20: Start FLYWHEEL
...1980-012-14:03:58.00849 CFE_ES_RunExceptionScan: ExceptionID 0x1110000 in TaskID 0: Caught Signal 15
1980-012-14:03:58.00852 CFE_ES_RunExceptionScan: Processor Reset count not reached (0/2)
CFE_PSP: Exiting cFE with PROCESSOR Reset status.

CFE_PSP: Shutdown initiated - Exiting cFE
CI delete callback -- Closing CI Network socket.
TO delete callback -- Closing TO Network socket.
