OS_BSP_Initialize():Maximum user msg queue depth = 512
CFE_PSP: Default Reset SubType = 1
CFE_PSP: Default CPU ID = 1
CFE_PSP: Default Spacecraft ID = 66
CFE_PSP: Default CPU Name: cpu1
OS_Posix_GetSchedulerParams():208:Policy 1: available, min-max: 1-99
OS_Posix_GetSchedulerParams():208:Policy 2: available, min-max: 1-99
OS_Posix_TaskAPI_Impl_Init():401:Selected policy 2 for RT tasks, root task = 99
OS_Posix_TaskAPI_Impl_Init():419:Could not setschedparam in main thread: Operation not permitted (1)
CFE_PSP: initializing module 'soft_timebase' with ID 0110ff00
CFE_PSP: Instantiated software timebase 'cFS-Master' running at 10000 usec
CFE_PSP: initializing module 'timebase_posix_clock' with ID 0110ff01
CFE_PSP: Using POSIX monotonic clock as CFE timebase
CFE_PSP: initializing module 'eeprom_mmap_file' with ID 0110ff02
CFE_PSP: Using MMAP simulated EEPROM implementation
CFE_PSP: initializing module 'port_notimpl' with ID 0110ff03
CFE_PSP: EEPROM Range (2) created: Start Address = E14EB240E000, Size = 00080000 Status = 0
CFE_PSP: I/O Port access not implemented
CFE_PSP: initializing module 'iodriver' with ID 0110ff04
CFE_PSP: initializing module 'linux_sysmon' with ID 0110ff05
CFE_PSP: initializing module 'endian_api' with ID 0110ff06
CFE_PSP: Host CPU Endian=LITTLE
CFE_PSP: initializing module 'ram_notimpl' with ID 0110ff07
CFE_PSP: Physical RAM access not implemented
CFE_PSP: Starting the cFE with a POWER ON reset.
CFE_PSP: Clearing out CFE CDS Shared memory segment.
CFE_PSP: Clearing out CFE Reset Shared memory segment.
CFE_PSP: Clearing out CFE User Reserved Shared memory segment.
1980-001-02:46:27.34044 CFE_ES_SetupResetVariables: POWER ON RESET due to Power Cycle (Power Cycle).
1980-001-02:46:27.35672 CFE_ES_Main: CFE_ES_Main in EARLY_INIT state
Number of addresses returned by backtrace = 1
CFE_PSP: CFE_PSP_AttachExceptions called
1980-001-02:46:27.39510 CFE_ES_Main: CFE_ES_Main entering CORE_STARTUP state
1980-001-02:46:27.39670 CFE_ES_CreateObjects: Starting Object Creation calls.
1980-001-02:46:27.39681 CFE_ES_CreateObjects: Calling EarlyInit for CFE_CONFIG
1980-001-02:46:27.40180 CFE_ES_CreateObjects: Calling EarlyInit for CFE_ES
1980-001-02:46:27.41059 CFE_ES_CreateObjects: Calling EarlyInit for CFE_EVS
1980-001-02:46:27.41461 CFE_EVS_EarlyInit: Event Log cleared following power-on reset
1980-001-02:46:27.41548 CFE_ES_CreateObjects: Calling EarlyInit for CFE_FS
1980-001-02:46:27.41585 CFE_ES_CreateObjects: Calling EarlyInit for CFE_SB
1980-001-02:46:27.44985 CFE_ES_CreateObjects: Calling EarlyInit for CFE_TBL
1980-001-02:46:27.49500 CFE_ES_CreateObjects: Calling EarlyInit for CFE_TIME
EVS Port1 1980-012-14:03:20.10261 66/1/CFE_ES 1: cFE ES Initialized: CFE_ES v7.0.1+dev1 (Draco) DEV BUILD, based on v7.0.1, EDS disabled
EVS Port1 1980-012-14:03:20.11683 66/1/CFE_ES 2: cFS Versions: cfe v7.0.1+dev1, osal v7.0.1+dev1, psp v7.0.1+dev1. cFE chksm 31659
EVS Port1 1980-012-14:03:20.12501 66/1/CFE_ES 91: Version Info: Mission SampleMission, version git:v7.0.1-90-g78c23b0-dirty
EVS Port1 1980-012-14:03:20.13223 66/1/CFE_ES 91: Version Info: Module CORE_API, version git:2612eb0
EVS Port1 1980-012-14:03:20.13398 66/1/CFE_ES 91: Version Info: Module CONFIG, version git:2612eb0
EVS Port1 1980-012-14:03:20.14016 66/1/CFE_ES 91: Version Info: Module ES, version git:2612eb0
EVS Port1 1980-012-14:03:20.14112 66/1/CFE_ES 91: Version Info: Module EVS, version git:2612eb0
EVS Port1 1980-012-14:03:20.14183 66/1/CFE_ES 91: Version Info: Module FS, version git:2612eb0
EVS Port1 1980-012-14:03:20.14241 66/1/CFE_ES 91: Version Info: Module SB, version git:2612eb0
EVS Port1 1980-012-14:03:20.14312 66/1/CFE_ES 91: Version Info: Module TBL, version git:2612eb0
EVS Port1 1980-012-14:03:20.14353 66/1/CFE_ES 91: Version Info: Module TIME, version git:2612eb0
EVS Port1 1980-012-14:03:20.14398 66/1/CFE_ES 91: Version Info: Module OSAL, version git:8111e4a
EVS Port1 1980-012-14:03:20.14439 66/1/CFE_ES 91: Version Info: Module PSP, version git:d1da809
EVS Port1 1980-012-14:03:20.14476 66/1/CFE_ES 91: Version Info: Module MSG, version git:2612eb0
EVS Port1 1980-012-14:03:20.14533 66/1/CFE_ES 91: Version Info: Module SBR, version git:2612eb0
EVS Port1 1980-012-14:03:20.15165 66/1/CFE_ES 91: Version Info: Module RESOURCEID, version git:2612eb0
EVS Port1 1980-012-14:03:20.15686 66/1/CFE_ES 92: Build 202609091010 by root@vm, config aarch64
EVS Port1 1980-012-14:03:20.28363 66/1/CFE_EVS 1: cFE EVS Initialized: CFE_EVS v7.0.1+dev1 (Draco) DEV BUILD, based on v7.0.1, EDS disabled
1980-012-14:03:20.38687 CFE_SB_AppInit: Registered 4 events for filtering
EVS Port1 1980-012-14:03:20.39779 66/1/CFE_SB 1: cFE SB Initialized: CFE_SB v7.0.1+dev1 (Draco) DEV BUILD, based on v7.0.1, EDS disabled
EVS Port1 1980-012-14:03:20.40017 66/1/CFE_SB 14: No subscribers for MsgId 0x808,sender CFE_SB
EVS Port1 1980-012-14:03:20.50099 66/1/CFE_TBL 1: cFE TBL Initialized: CFE_TBL v7.0.1+dev1 (Draco) DEV BUILD, based on v7.0.1, EDS disabled
EVS Port1 1980-012-14:03:20.50399 66/1/CFE_SB 14: No subscribers for MsgId 0x808,sender CFE_TBL
EVS Port1 1980-012-14:03:20.65159 66/1/CFE_TIME 1: cFE TIME Initialized: CFE_TIME v7.0.1+dev1 (Draco) DEV BUILD, based on v7.0.1, EDS disabled
EVS Port1 1980-012-14:03:20.65751 66/1/CFE_SB 14: No subscribers for MsgId 0x808,sender CFE_TIME
1980-012-14:03:20.70810 CFE_ES_CreateObjects: Finished ES CreateObject table entries.
1980-012-14:03:20.70988 CFE_ES_Main: CFE_ES_Main entering CORE_READY state
1980-012-14:03:20.71994 CFE_ES_OpenStartupScript: Opened ES App Startup file: /cf/cfe_es_startup.scr
1980-012-14:03:20.78000 CFE_ES_ParseFileEntry: Loading shared library: /cf/cfe_assert.so
1980-012-14:03:20.80068 [BEGIN] CFE FUNCTIONAL TEST
1980-012-14:03:20.80311 [BEGIN] 01 CFE-STARTUP
1980-012-14:03:20.84561 CFE_ES_ParseFileEntry: Loading shared library: /cf/sample_lib.so
SAMPLE Lib Initialized.Sample Lib v7.0.0+dev1 (Draco) DEV BUILD, based on v7.0.1, EDS disabled
1980-012-14:03:20.89966 CFE_ES_ParseFileEntry: Loading file: /cf/sch_lab.so, APP: SCH_LAB
1980-012-14:03:20.95257 CFE_ES_ParseFileEntry: Loading file: /cf/ci_lab.so, APP: CI_LAB
SCH Lab Initialized.SCH Lab v7.0.1+dev1 (Draco) DEV BUILD, based on v7.0.1, EDS disabled
1980-012-14:03:21.06815 CFE_ES_ParseFileEntry: Loading file: /cf/to_lab.so, APP: TO_LAB
EVS Port1 1980-012-14:03:21.29515 66/1/TO_LAB 1: TO Lab Initialized.TO Lab v7.0.1+dev1 (Draco) DEV BUILD, based on v7.0.1, EDS disabled, Awaiting enable command.
EVS Port1 1980-012-14:03:21.30120 66/1/CFE_SB 14: No subscribers for MsgId 0x808,sender TO_LAB
1980-012-14:03:21.32861 CI_LAB listening on UDP port: 1234
1980-012-14:03:21.33004 CFE_ES_ParseFileEntry: Loading file: /cf/sample_app.so, APP: SAMPLE_APP
EVS Port1 1980-012-14:03:21.33273 66/1/CI_LAB 3: CI Lab Initialized.CI Lab App v7.0.1+dev1 (Draco) DEV BUILD, based on v7.0.1, EDS disabled
1980-012-14:03:21.39889 CFE_ES_ParseFileEntry: Loading file: /cf/ai_learner.so, APP: AI_LEARNER
EVS Port1 1980-012-14:03:21.43232 66/1/SAMPLE_APP 1: Sample App Initialized.Sample App v7.0.0+dev1 (Draco) DEV BUILD, based on v7.0.1, EDS disabled
1980-012-14:03:21.47623 CFE_ES_ParseFileEntry: Loading file: /cf/lc.so, APP: LC
{"app":"AI_LEARNER","stage":"stack","es_stack_size":262160,"stack_base_bytes":262144,"contract_kernel_stack_bytes":16,"kernel_stack_accounted":true}
EVS Port1 1980-012-14:03:21.52096 66/1/AI_LEARNER 8: AI_LEARNER stack: es=262160 base=262144 kernel=16 accounted=1
{"app":"AI_LEARNER","stage":"admission","verdict":"ADMIT","model":"canonical_e25","target":"aarch64-unknown-linux-gnu","bounded":786476,"budget":786476,"per_call":65580,"constants":720896,"kernel_stack_bytes":16,"bound_known":true,"scope":"per_app_local_budget"}
1980-012-14:03:21.57805 CFE_ES_ParseFileEntry: Loading file: /cf/cf.so, APP: CF
EVS Port1 1980-012-14:03:21.59487 66/1/LC 56: WDT verify results: good = 0, bad = 0, unused = 176
EVS Port1 1980-012-14:03:21.62219 66/1/LC 66: ADT verify results: good = 0, bad = 0, unused = 176
EVS Port1 1980-012-14:03:21.63403 66/1/LC 23: LC use of Critical Data Store disabled, activity mask = 0x00991990
EVS Port1 1980-012-14:03:21.63813 66/1/LC 2: LC Initialized. Version 7.0.1.255
1980-012-14:03:21.72588 CFE_ES_ParseFileEntry: Loading file: /cf/ds.so, APP: DS
EVS Port1 1980-012-14:03:21.82118 66/1/CF 20: CF Initialized. Version 7.0.1.255
EVS Port1 1980-012-14:03:21.87202 66/1/DS 10: Destination file table verify results: good entries = 6, bad = 0, unused = 10
1980-012-14:03:21.89196 CFE_ES_ParseFileEntry: Loading file: /cf/fm.so, APP: FM
EVS Port1 1980-012-14:03:21.90820 66/1/DS 12: Filter table verify results: good entries = 14, bad = 0, unused = 242
EVS Port1 1980-012-14:03:21.96697 66/1/DS 1: Application initialized, version 7.0.1.255, data at 0xe14eb1c80460
1980-012-14:03:22.04007 CFE_ES_ParseFileEntry: Loading file: /cf/hk.so, APP: HK
EVS Port1 1980-012-14:03:22.06428 66/1/FM 80: Free Space Table verify results: good entries = 3, bad = 0, unused = 5
EVS Port1 1980-012-14:03:22.09683 66/1/FM 1: Initialization complete: version 7.0.1.255
EVS Port1 1980-012-14:03:22.15199 66/1/FM 72: Child Task initialization complete
{"app":"AI_LEARNER","stage":"binding","verdict":"MATCH","artifact_bytes":732760,"artifact_sha256":"4e5b2972c0bd9704","contract_sha256":"4e5b2972c0bd9704"}
1980-012-14:03:22.18606 CFE_ES_ParseFileEntry: Loading file: /cf/hs.so, APP: HS
EVS Port1 1980-012-14:03:22.20205 66/1/HK 1: HK Initialized.  Version 7.0.1.255
1980-012-14:03:22.29284 CFE_ES_ParseFileEntry: Loading file: /cf/mm.so, APP: MM
EVS Port1 1980-012-14:03:22.32429 66/1/HS 54: ExeCount verify results: good = 5, bad = 0, unused = 27
EVS Port1 1980-012-14:03:22.35556 66/1/HS 50: AppMon verify results: good = 0, bad = 0, unused = 32
EVS Port1 1980-012-14:03:22.38005 66/1/HS 52: EventMon verify results: good = 0, bad = 0, unused = 16
EVS Port1 1980-012-14:03:22.40509 66/1/MM 1: MM Initialized. Version 7.0.1.255
EVS Port1 1980-012-14:03:22.41122 66/1/HS 56: MsgActs verify results: good = 2, bad = 0, unused = 6
1980-012-14:03:22.42426 HS_SysMonInit(): System Monitor using PSP device ID 0110ff05
1980-012-14:03:22.45891 CFE_ES_ParseFileEntry: Loading file: /cf/sc.so, APP: SC
CFE_PSP(Linux_SysMon): Started CPU utilization monitoring on 1 CPU(s)
EVS Port1 1980-012-14:03:22.47824 66/1/HS 1: HS Initialized.  Version 7.0.1.255
1980-012-14:03:22.57226 CFE_ES_ParseFileEntry: Loading file: /cf/md.so, APP: MD
EVS Port1 1980-012-14:03:22.67585 66/1/SC 21: RTS table files not loaded at initialization = 0 of 4
EVS Port1 1980-012-14:03:22.72673 66/1/SC 9: SC Initialized. Version 7.0.1.255
1980-012-14:03:22.73393 CFE_ES_ParseFileEntry: Loading file: /cf/cs.so, APP: CS
EVS Port1 1980-012-14:03:22.74502 66/1/MD 52: MD Dwell Tbl verify results: good = 0, bad = 0, unused = 25
EVS Port1 1980-012-14:03:22.77824 66/1/MD 52: MD Dwell Tbl verify results: good = 0, bad = 0, unused = 25
{"app":"AI_LEARNER","stage":"mem_init","model":"canonical_e25","target":"aarch64-unknown-linux-gnu","hal_peak":720932,"hal_allocated":720932,"bounded":786476,"peak_within_bounded":true,"inferences_so_far":0,"process_rss_kb":8488,"rss_kb_before_runtime":6980,"rss_kb_after_session":7324,"rss_kb_after_init":8488}
{"app":"AI_LEARNER","stage":"e25_mode","active":false,"inputs_path":"/cf/e25_inputs.bin"}
EVS Port1 1980-012-14:03:22.80482 66/1/MD 52: MD Dwell Tbl verify results: good = 0, bad = 0, unused = 25
EVS Port1 1980-012-14:03:22.82180 66/1/AI_LEARNER 3: AI_LEARNER initialized: model canonical_e25 (732760 B), rss_delta_init=1508 KB
EVS Port1 1980-012-14:03:22.82975 66/1/MD 52: MD Dwell Tbl verify results: good = 0, bad = 0, unused = 25
EVS Port1 1980-012-14:03:22.83364 66/1/MD 7: Dwell Tables Recovered: 0, Dwell Tables Initialized: 4
EVS Port1 1980-012-14:03:22.83660 66/1/MD 1: MD Initialized.  Version 7.0.1.255
EVS Port1 1980-012-14:03:22.85580 66/1/CS 144: CS EEPROM Table verification results: good = 0, bad = 0, unused = 16
EVS Port1 1980-012-14:03:22.86196 66/1/CS 107: CS EEPROM Table: No valid entries in the table
EVS Port1 1980-012-14:03:22.87390 66/1/CS 143: CS Memory Table verification results: good = 0, bad = 0, unused = 16
EVS Port1 1980-012-14:03:22.87686 66/1/CS 107: CS Memory Table: No valid entries in the table
EVS Port1 1980-012-14:03:22.88322 66/1/CS 139: CS Tables Table verification results: good = 1, bad = 0, unused = 23
EVS Port1 1980-012-14:03:22.89305 66/1/CS 142: CS Apps Table verification results: good = 0, bad = 0, unused = 24
EVS Port1 1980-012-14:03:22.89695 66/1/CS 108: CS Apps Table: No valid entries in the table
EVS Port1 1980-012-14:03:22.89994 66/1/CS 127: OS Text Segment disabled due to platform
EVS Port1 1980-012-14:03:22.90269 66/1/CS 1: CS Initialized. Version 7.0.1.255
1980-012-14:03:22.94619 CFE_ES_Main: CFE_ES_Main entering APPS_INIT state
1980-012-14:03:22.94685 CFE_ES_Main: CFE_ES_Main entering OPERATIONAL state
EVS Port1 1980-012-14:03:22.97581 66/1/TO_LAB 19: L550 TO Lab subscribed to 32 messages from the table
EVS Port1 1980-012-14:03:23.01281 66/1/CFE_TIME 21: Stop FLYWHEEL
EVS Port1 1980-012-14:03:28.00372 66/1/CFE_TIME 21: Stop FLYWHEEL
.EVS Port1 1980-012-14:03:28.99993 66/1/CFE_TIME 20: Start FLYWHEEL
.EVS Port1 1980-012-14:03:36.00328 66/1/CFE_TIME 21: Stop FLYWHEEL
EVS Port1 1980-012-14:03:56.18766 66/1/CFE_TIME 20: Start FLYWHEEL
EVS Port1 1980-012-14:03:57.50480 66/1/CFE_TIME 20: Start FLYWHEEL
.EVS Port1 1980-012-14:04:01.41897 66/1/AI_LEARNER 4: AI_LEARNER completed=5/5 mean=101392.0us max=426152.3us hal_peak=786476 within_bounded=1
{"app":"AI_LEARNER","stage":"run","model":"canonical_e25","target":"aarch64-unknown-linux-gnu","attempted":5,"completed":5,"fail_input":0,"fail_invoke":0,"fail_output":0,"mean_us":101391.99,"max_us":426152.30,"last_us":21404.66,"out0":-0.48543,"out":[-0.485426,-0.860990]}
{"app":"AI_LEARNER","stage":"mem","model":"canonical_e25","target":"aarch64-unknown-linux-gnu","completed":5,"hal_peak":786476,"peak_within_bounded":true,"hal_bytes_per_call_amortized":209730.4,"process_rss_kb":8664,"process_rss_delta_init_kb":1508}
EVS Port1 1980-012-14:04:01.00924 66/1/CFE_TIME 21: Stop FLYWHEEL
EVS Port1 1980-012-14:04:03.00602 66/1/CFE_TIME 21: Stop FLYWHEEL
EVS Port1 1980-012-14:04:04.02404 66/1/CFE_TIME 20: Start FLYWHEEL
EVS Port1 1980-012-14:04:05.00755 66/1/CFE_TIME 21: Stop FLYWHEEL
.EVS Port1 1980-012-14:04:06.05789 66/1/CFE_TIME 20: Start FLYWHEEL
EVS Port1 1980-012-14:04:07.00709 66/1/CFE_TIME 21: Stop FLYWHEEL
EVS Port1 1980-012-14:04:08.04386 66/1/CFE_TIME 20: Start FLYWHEEL
EVS Port1 1980-012-14:04:09.00329 66/1/CFE_TIME 21: Stop FLYWHEEL
EVS Port1 1980-012-14:04:10.00267 66/1/CFE_TIME 20: Start FLYWHEEL
.EVS Port1 1980-012-14:04:14.00695 66/1/CFE_TIME 20: Start FLYWHEEL
EVS Port1 1980-012-14:04:14.00381 66/1/CFE_TIME 21: Stop FLYWHEEL
.{"app":"AI_LEARNER","stage":"run","model":"canonical_e25","target":"aarch64-unknown-linux-gnu","attempted":10,"completed":10,"fail_input":0,"fail_invoke":0,"fail_output":0,"mean_us":60674.89,"max_us":426152.30,"last_us":16915.89,"out0":-0.48543,"out":[-0.485426,-0.860990]}
EVS Port1 1980-012-14:04:20.80403 66/1/AI_LEARNER 4: AI_LEARNER completed=10/10 mean=60674.9us max=426152.3us hal_peak=786476 within_bounded=1
{"app":"AI_LEARNER","stage":"mem","model":"canonical_e25","target":"aarch64-unknown-linux-gnu","completed":10,"hal_peak":786476,"peak_within_bounded":true,"hal_bytes_per_call_amortized":137637.2,"process_rss_kb":8664,"process_rss_delta_init_kb":1508}
.EVS Port1 1980-012-14:04:28.09809 66/1/CFE_TIME 20: Start FLYWHEEL
EVS Port1 1980-012-14:04:29.00410 66/1/CFE_TIME 21: Stop FLYWHEEL
..EVS Port1 1980-012-14:04:40.82946 66/1/AI_LEARNER 4: AI_LEARNER completed=15/15 mean=48798.2us max=426152.3us hal_peak=786476 within_bounded=1
{"app":"AI_LEARNER","stage":"run","model":"canonical_e25","target":"aarch64-unknown-linux-gnu","attempted":15,"completed":15,"fail_input":0,"fail_invoke":0,"fail_output":0,"mean_us":48798.24,"max_us":426152.30,"last_us":40752.05,"out0":-0.48543,"out":[-0.485426,-0.860990]}
{"app":"AI_LEARNER","stage":"mem","model":"canonical_e25","target":"aarch64-unknown-linux-gnu","completed":15,"hal_peak":786476,"peak_within_bounded":true,"hal_bytes_per_call_amortized":113606.1,"process_rss_kb":8664,"process_rss_delta_init_kb":1508}
..1980-012-14:04:47.32730 CFE_ES_RunExceptionScan: ExceptionID 0x1110000 in TaskID 0: Caught SIGINT
1980-012-14:04:47.32954 CFE_ES_RunExceptionScan: Processor Reset count not reached (0/2)
CFE_PSP: Exiting cFE with PROCESSOR Reset status.

CFE_PSP: Shutdown initiated - Exiting cFE
CI delete callback -- Closing CI Network socket.
TO delete callback -- Closing TO Network socket.
