OS_BSP_Initialize():Maximum user msg queue depth = 512
CFE_PSP: Default Reset SubType = 1
CFE_PSP: Default CPU ID = 1
CFE_PSP: Default Spacecraft ID = 66
CFE_PSP: Default CPU Name: cpu1
OS_Posix_GetSchedulerParams():208:Policy 1: available, min-max: 1-99
OS_Posix_GetSchedulerParams():208:Policy 2: available, min-max: 1-99
OS_Posix_TaskAPI_Impl_Init():401:Selected policy 2 for RT tasks, root task = 99
OS_Posix_TaskAPI_Impl_Init():419:Could not setschedparam in main thread: Operation not permitted (1)
CFE_PSP: initializing module 'soft_timebase' with ID 0110ff00
CFE_PSP: Instantiated software timebase 'cFS-Master' running at 10000 usec
CFE_PSP: initializing module 'timebase_posix_clock' with ID 0110ff01
CFE_PSP: Using POSIX monotonic clock as CFE timebase
CFE_PSP: initializing module 'eeprom_mmap_file' with ID 0110ff02
CFE_PSP: Using MMAP simulated EEPROM implementation
CFE_PSP: initializing module 'port_notimpl' with ID 0110ff03
CFE_PSP: I/O Port access not implementedCFE_PSP: EEPROM Range (2) created: Start Address = ECCC4E97E000, Size = 00080000 Status = 0

CFE_PSP: initializing module 'iodriver' with ID 0110ff04
CFE_PSP: initializing module 'linux_sysmon' with ID 0110ff05
CFE_PSP: initializing module 'endian_api' with ID 0110ff06
CFE_PSP: Host CPU Endian=LITTLE
CFE_PSP: initializing module 'ram_notimpl' with ID 0110ff07
CFE_PSP: Physical RAM access not implemented
CFE_PSP: Normal exit from previous cFE instance
CFE_PSP: Starting the cFE with a PROCESSOR reset.
1980-001-01:04:29.69190 CFE_ES_Main: CFE_ES_Main in EARLY_INIT state
1980-001-01:04:29.70601 CFE_ES_InitializeFileSystems: Volatile Disk has 100 Percent free space.
Number of addresses returned by backtrace = 1
CFE_PSP: CFE_PSP_AttachExceptions called
1980-001-01:04:29.72658 CFE_ES_Main: CFE_ES_Main entering CORE_STARTUP state
1980-001-01:04:29.72682 CFE_ES_CreateObjects: Starting Object Creation calls.
1980-001-01:04:29.72690 CFE_ES_CreateObjects: Calling EarlyInit for CFE_CONFIG
1980-001-01:04:29.72980 CFE_ES_CreateObjects: Calling EarlyInit for CFE_ES
1980-001-01:04:29.73578 CFE_ES_CreateObjects: Calling EarlyInit for CFE_EVS
1980-001-01:04:29.73797 CFE_EVS_EarlyInit: Event Log restored, n=0, c=20, f=1, m=1, o=338
1980-001-01:04:29.73852 CFE_ES_CreateObjects: Calling EarlyInit for CFE_FS
1980-001-01:04:29.73884 CFE_ES_CreateObjects: Calling EarlyInit for CFE_SB
1980-001-01:04:29.76146 CFE_ES_CreateObjects: Calling EarlyInit for CFE_TBL
1980-001-01:04:29.78948 CFE_ES_CreateObjects: Calling EarlyInit for CFE_TIME
EVS Port1 1980-012-14:16:12.75022 66/1/CFE_ES 1: cFE ES Initialized: CFE_ES v7.0.1+dev1 (Draco) DEV BUILD, based on v7.0.1, EDS disabled
EVS Port1 1980-012-14:16:12.75654 66/1/CFE_ES 2: cFS Versions: cfe v7.0.1+dev1, osal v7.0.1+dev1, psp v7.0.1+dev1. cFE chksm 31659
EVS Port1 1980-012-14:16:12.75762 66/1/CFE_ES 91: Version Info: Mission SampleMission, version git:v7.0.1-90-g78c23b0-dirty
EVS Port1 1980-012-14:16:12.75848 66/1/CFE_ES 91: Version Info: Module CORE_API, version git:2612eb0
EVS Port1 1980-012-14:16:12.75865 66/1/CFE_ES 91: Version Info: Module CONFIG, version git:2612eb0
EVS Port1 1980-012-14:16:12.75918 66/1/CFE_ES 91: Version Info: Module ES, version git:2612eb0
EVS Port1 1980-012-14:16:12.75936 66/1/CFE_ES 91: Version Info: Module EVS, version git:2612eb0
EVS Port1 1980-012-14:16:12.75956 66/1/CFE_ES 91: Version Info: Module FS, version git:2612eb0
EVS Port1 1980-012-14:16:12.75967 66/1/CFE_ES 91: Version Info: Module SB, version git:2612eb0
EVS Port1 1980-012-14:16:12.76019 66/1/CFE_ES 91: Version Info: Module TBL, version git:2612eb0
EVS Port1 1980-012-14:16:12.76034 66/1/CFE_ES 91: Version Info: Module TIME, version git:2612eb0
EVS Port1 1980-012-14:16:12.76058 66/1/CFE_ES 91: Version Info: Module OSAL, version git:8111e4a
EVS Port1 1980-012-14:16:12.76109 66/1/CFE_ES 91: Version Info: Module PSP, version git:d1da809
EVS Port1 1980-012-14:16:12.76130 66/1/CFE_ES 91: Version Info: Module MSG, version git:2612eb0
EVS Port1 1980-012-14:16:12.76148 66/1/CFE_ES 91: Version Info: Module SBR, version git:2612eb0
EVS Port1 1980-012-14:16:12.76161 66/1/CFE_ES 91: Version Info: Module RESOURCEID, version git:2612eb0
EVS Port1 1980-012-14:16:12.76213 66/1/CFE_ES 92: Build 202609111416 by root@vm, config aarch64
EVS Port1 1980-012-14:16:12.85864 66/1/CFE_EVS 1: cFE EVS Initialized: CFE_EVS v7.0.1+dev1 (Draco) DEV BUILD, based on v7.0.1, EDS disabled
1980-012-14:16:12.96640 CFE_SB_AppInit: Registered 4 events for filtering
EVS Port1 1980-012-14:16:12.96955 66/1/CFE_SB 1: cFE SB Initialized: CFE_SB v7.0.1+dev1 (Draco) DEV BUILD, based on v7.0.1, EDS disabled
EVS Port1 1980-012-14:16:12.97032 66/1/CFE_SB 14: No subscribers for MsgId 0x808,sender CFE_SB
EVS Port1 1980-012-14:16:13.07862 66/1/CFE_TBL 1: cFE TBL Initialized: CFE_TBL v7.0.1+dev1 (Draco) DEV BUILD, based on v7.0.1, EDS disabled
EVS Port1 1980-012-14:16:13.08023 66/1/CFE_SB 14: No subscribers for MsgId 0x808,sender CFE_TBL
EVS Port1 1980-012-14:16:13.21008 66/1/CFE_TIME 1: cFE TIME Initialized: CFE_TIME v7.0.1+dev1 (Draco) DEV BUILD, based on v7.0.1, EDS disabled
EVS Port1 1980-012-14:16:13.21067 66/1/CFE_SB 14: No subscribers for MsgId 0x808,sender CFE_TIME
1980-012-14:16:13.23950 CFE_ES_CreateObjects: Finished ES CreateObject table entries.
1980-012-14:16:13.24028 CFE_ES_Main: CFE_ES_Main entering CORE_READY state
OS_FileOpen_Impl():110:open(/dev/shm/osal:RAM/cfe_es_startup.scr): No such file or directory
1980-012-14:16:13.24735 CFE_ES_OpenStartupScript: Cannot Open Volatile Startup file: /ram/cfe_es_startup.scr, Trying Nonvolatile.
1980-012-14:16:13.24934 CFE_ES_OpenStartupScript: Opened ES App Startup file: /cf/cfe_es_startup.scr
1980-012-14:16:13.29118 CFE_ES_ParseFileEntry: Loading shared library: /cf/cfe_assert.so
1980-012-14:16:13.30562 [BEGIN] CFE FUNCTIONAL TEST
1980-012-14:16:13.30693 [BEGIN] 01 CFE-STARTUP
1980-012-14:16:13.34125 CFE_ES_ParseFileEntry: Loading shared library: /cf/sample_lib.so
SAMPLE Lib Initialized.Sample Lib v7.0.0+dev1 (Draco) DEV BUILD, based on v7.0.1, EDS disabled
1980-012-14:16:13.38503 CFE_ES_ParseFileEntry: Loading file: /cf/sch_lab.so, APP: SCH_LAB
1980-012-14:16:13.42897 CFE_ES_ParseFileEntry: Loading file: /cf/ci_lab.so, APP: CI_LAB
1980-012-14:16:13.46967 CFE_ES_ParseFileEntry: Loading file: /cf/to_lab.so, APP: TO_LAB
SCH Lab Initialized.SCH Lab v7.0.1+dev1 (Draco) DEV BUILD, based on v7.0.1, EDS disabled
1980-012-14:16:13.51839 CFE_ES_ParseFileEntry: Loading file: /cf/sample_app.so, APP: SAMPLE_APP
EVS Port1 1980-012-14:16:13.56643 66/1/TO_LAB 1: TO Lab Initialized.TO Lab v7.0.1+dev1 (Draco) DEV BUILD, based on v7.0.1, EDS disabled, Awaiting enable command.
EVS Port1 1980-012-14:16:13.57020 66/1/CFE_SB 14: No subscribers for MsgId 0x808,sender TO_LAB
1980-012-14:16:13.57568 CI_LAB listening on UDP port: 1234
EVS Port1 1980-012-14:16:13.57699 66/1/CI_LAB 3: CI Lab Initialized.CI Lab App v7.0.1+dev1 (Draco) DEV BUILD, based on v7.0.1, EDS disabled
1980-012-14:16:13.59464 CFE_ES_ParseFileEntry: Loading file: /cf/ai_learner.so, APP: AI_LEARNER
EVS Port1 1980-012-14:16:13.61640 66/1/SAMPLE_APP 1: Sample App Initialized.Sample App v7.0.0+dev1 (Draco) DEV BUILD, based on v7.0.1, EDS disabled
1980-012-14:16:13.64156 CFE_ES_ParseFileEntry: Loading file: /cf/lc.so, APP: LC
{"app":"AI_LEARNER","stage":"build_config","model":"b3_deepae","allow_conditional_map":0,"contract_bounded_bytes":1069632,"contract_per_call_bytes":6208,"contract_const_bytes":1063424,"contract_bound_known":true,"contract_artifact_sha256":"9ff64bd168e07135c196423d44408e7780984c977912b67c8240c0db522c4d7c"}
1980-012-14:16:13.68349 CFE_ES_ParseFileEntry: Loading file: /cf/cf.so, APP: CF
{"app":"AI_LEARNER","stage":"stack","es_stack_size":262160,"stack_base_bytes":262144,"contract_kernel_stack_bytes":16,"kernel_stack_accounted":true}
EVS Port1 1980-012-14:16:13.68714 66/1/AI_LEARNER 8: AI_LEARNER stack: es=262160 base=262144 kernel=16 accounted=1
EVS Port1 1980-012-14:16:13.69151 66/1/AI_LEARNER 1: AI_LEARNER NOT_ADMITTED: contract bounded=1069632 > budget=1069631; app will not start
{"app":"AI_LEARNER","stage":"admission","verdict":"NOT_ADMITTED","model":"b3_deepae","target":"aarch64-unknown-linux-gnu","bounded":1069632,"budget":1069631,"budget_source":"override","per_call":6208,"constants":1063424,"kernel_stack_bytes":16,"bound_known":true,"scope":"per_app_local_budget"}
{"app":"AI_LEARNER","stage":"cleanup","released":true,"cleanup_calls":1}
1980-012-14:16:13.70328 CFE_ES_ExitApp: Application AI_LEARNER called CFE_ES_ExitApp
1980-012-14:16:13.72251 CFE_ES_ParseFileEntry: Loading file: /cf/ds.so, APP: DS
EVS Port1 1980-012-14:16:13.72810 66/1/LC 56: WDT verify results: good = 0, bad = 0, unused = 176
EVS Port1 1980-012-14:16:13.73428 66/1/LC 66: ADT verify results: good = 0, bad = 0, unused = 176
EVS Port1 1980-012-14:16:13.73667 66/1/LC 23: LC use of Critical Data Store disabled, activity mask = 0x00991990
EVS Port1 1980-012-14:16:13.73742 66/1/LC 2: LC Initialized. Version 7.0.1.255
1980-012-14:16:13.76251 CFE_ES_ParseFileEntry: Loading file: /cf/fm.so, APP: FM
EVS Port1 1980-012-14:16:13.79223 66/1/CF 20: CF Initialized. Version 7.0.1.255
1980-012-14:16:13.80122 CFE_ES_ParseFileEntry: Loading file: /cf/hk.so, APP: HK
EVS Port1 1980-012-14:16:13.80766 66/1/DS 10: Destination file table verify results: good entries = 6, bad = 0, unused = 10
EVS Port1 1980-012-14:16:13.81828 66/1/DS 12: Filter table verify results: good entries = 14, bad = 0, unused = 242
EVS Port1 1980-012-14:16:13.83409 66/1/DS 1: Application initialized, version 7.0.1.255, data at 0xeccc4e280460
EVS Port1 1980-012-14:16:13.84672 66/1/FM 80: Free Space Table verify results: good entries = 3, bad = 0, unused = 5
1980-012-14:16:13.85162 CFE_ES_ParseFileEntry: Loading file: /cf/hs.so, APP: HS
EVS Port1 1980-012-14:16:13.88757 66/1/FM 1: Initialization complete: version 7.0.1.255
EVS Port1 1980-012-14:16:13.90718 66/1/CFE_ES 14: ErrExit Application AI_LEARNER Success.
EVS Port1 1980-012-14:16:13.91621 66/1/HK 1: HK Initialized.  Version 7.0.1.255
1980-012-14:16:13.92733 CFE_ES_ParseFileEntry: Loading file: /cf/mm.so, APP: MM
EVS Port1 1980-012-14:16:13.93157 66/1/HS 54: ExeCount verify results: good = 5, bad = 0, unused = 27
EVS Port1 1980-012-14:16:13.93460 66/1/FM 72: Child Task initialization complete
EVS Port1 1980-012-14:16:13.94459 66/1/HS 50: AppMon verify results: good = 0, bad = 0, unused = 32
EVS Port1 1980-012-14:16:13.95216 66/1/HS 52: EventMon verify results: good = 0, bad = 0, unused = 16
EVS Port1 1980-012-14:16:13.96009 66/1/HS 56: MsgActs verify results: good = 2, bad = 0, unused = 6
1980-012-14:16:13.96548 HS_SysMonInit(): System Monitor using PSP device ID 0110ff05
1980-012-14:16:13.96612 CFE_ES_ParseFileEntry: Loading file: /cf/sc.so, APP: SC
CFE_PSP(Linux_SysMon): Started CPU utilization monitoring on 2 CPU(s)
EVS Port1 1980-012-14:16:13.99032 66/1/HS 1: HS Initialized.  Version 7.0.1.255
EVS Port1 1980-012-14:16:13.99752 66/1/MM 1: MM Initialized. Version 7.0.1.255
1980-012-14:16:14.00736 CFE_ES_ParseFileEntry: Loading file: /cf/md.so, APP: MD
1980-012-14:16:14.04069 CFE_ES_ParseFileEntry: Loading file: /cf/cs.so, APP: CS
EVS Port1 1980-012-14:16:14.05961 66/1/SC 21: RTS table files not loaded at initialization = 0 of 4
EVS Port1 1980-012-14:16:14.06442 66/1/SC 9: SC Initialized. Version 7.0.1.255
EVS Port1 1980-012-14:16:14.07566 66/1/MD 52: MD Dwell Tbl verify results: good = 0, bad = 0, unused = 25
EVS Port1 1980-012-14:16:14.07928 66/1/MD 3: Recovered Dwell Table #1 is valid and has been copied to the MD App
EVS Port1 1980-012-14:16:14.08137 66/1/MD 52: MD Dwell Tbl verify results: good = 0, bad = 0, unused = 25
EVS Port1 1980-012-14:16:14.08361 66/1/MD 3: Recovered Dwell Table #2 is valid and has been copied to the MD App
EVS Port1 1980-012-14:16:14.08650 66/1/MD 52: MD Dwell Tbl verify results: good = 0, bad = 0, unused = 25
EVS Port1 1980-012-14:16:14.08853 66/1/MD 3: Recovered Dwell Table #3 is valid and has been copied to the MD App
EVS Port1 1980-012-14:16:14.09117 66/1/MD 52: MD Dwell Tbl verify results: good = 0, bad = 0, unused = 25
EVS Port1 1980-012-14:16:14.09226 66/1/MD 3: Recovered Dwell Table #4 is valid and has been copied to the MD App
EVS Port1 1980-012-14:16:14.09323 66/1/MD 7: Dwell Tables Recovered: 4, Dwell Tables Initialized: 0
EVS Port1 1980-012-14:16:14.09754 66/1/MD 1: MD Initialized.  Version 7.0.1.255
EVS Port1 1980-012-14:16:14.11955 66/1/CS 144: CS EEPROM Table verification results: good = 0, bad = 0, unused = 16
EVS Port1 1980-012-14:16:14.12416 66/1/CS 107: CS EEPROM Table: No valid entries in the table
EVS Port1 1980-012-14:16:14.13038 66/1/CS 143: CS Memory Table verification results: good = 0, bad = 0, unused = 16
EVS Port1 1980-012-14:16:14.13174 66/1/CS 107: CS Memory Table: No valid entries in the table
EVS Port1 1980-012-14:16:14.13833 66/1/CS 139: CS Tables Table verification results: good = 1, bad = 0, unused = 23
EVS Port1 1980-012-14:16:14.14555 66/1/CS 142: CS Apps Table verification results: good = 0, bad = 0, unused = 24
EVS Port1 1980-012-14:16:14.15046 66/1/CS 108: CS Apps Table: No valid entries in the table
EVS Port1 1980-012-14:16:14.15315 66/1/CS 127: OS Text Segment disabled due to platform
EVS Port1 1980-012-14:16:14.15420 66/1/CS 1: CS Initialized. Version 7.0.1.255
1980-012-14:16:14.16011 CFE_ES_Main: CFE_ES_Main entering APPS_INIT state
1980-012-14:16:14.16224 CFE_ES_Main: CFE_ES_Main entering OPERATIONAL state
EVS Port1 1980-012-14:16:14.21247 66/1/TO_LAB 19: L550 TO Lab subscribed to 32 messages from the table
EVS Port1 1980-012-14:16:14.00534 66/1/CFE_TIME 21: Stop FLYWHEEL
.EVS Port1 1980-012-14:16:23.00498 66/1/CFE_TIME 21: Stop FLYWHEEL
EVS Port1 1980-012-14:16:23.99963 66/1/CFE_TIME 20: Start FLYWHEEL
....EVS Port1 1980-012-14:16:44.08029 66/1/CFE_TIME 20: Start FLYWHEEL
EVS Port1 1980-012-14:16:44.00494 66/1/CFE_TIME 21: Stop FLYWHEEL
..........EVS Port1 1980-012-14:17:44.00503 66/1/CFE_TIME 21: Stop FLYWHEEL
EVS Port1 1980-012-14:17:44.99725 66/1/CFE_TIME 20: Start FLYWHEEL
.....EVS Port1 1980-012-14:18:14.00437 66/1/CFE_TIME 21: Stop FLYWHEEL
EVS Port1 1980-012-14:18:14.99632 66/1/CFE_TIME 20: Start FLYWHEEL
.....EVS Port1 1980-012-14:18:46.00428 66/1/CFE_TIME 21: Stop FLYWHEEL
EVS Port1 1980-012-14:18:47.00041 66/1/CFE_TIME 20: Start FLYWHEEL
....1980-012-14:19:10.29066 CFE_ES_RunExceptionScan: ExceptionID 0x1110003 in TaskID 0: Caught SIGINT
1980-012-14:19:10.29114 CFE_ES_RunExceptionScan: Maximum Processor Reset count reached (2)
CFE_PSP: Exiting cFE with POWERON Reset status.
CFE_PSP: Critical Data Store Shared memory segment removed
Reset Area Shared memory segment removed
User Reserved Area Shared memory segment removed

CFE_PSP: Shutdown initiated - Exiting cFE
CI delete callback -- Closing CI Network socket.
TO delete callback -- Closing TO Network socket.
EXIT=124
