OS_BSP_Initialize():Maximum user msg queue depth = 512
CFE_PSP: Default Reset SubType = 1
CFE_PSP: Default CPU ID = 1
CFE_PSP: Default Spacecraft ID = 66
CFE_PSP: Default CPU Name: cpu1
OS_Posix_GetSchedulerParams():208:Policy 1: available, min-max: 1-99
OS_Posix_GetSchedulerParams():208:Policy 2: available, min-max: 1-99
OS_Posix_TaskAPI_Impl_Init():401:Selected policy 2 for RT tasks, root task = 99
OS_Posix_TaskAPI_Impl_Init():419:Could not setschedparam in main thread: Operation not permitted (1)
CFE_PSP: initializing module 'soft_timebase' with ID 0110ff00
CFE_PSP: Instantiated software timebase 'cFS-Master' running at 10000 usec
CFE_PSP: initializing module 'timebase_posix_clock' with ID 0110ff01
CFE_PSP: Using POSIX monotonic clock as CFE timebase
CFE_PSP: initializing module 'eeprom_mmap_file' with ID 0110ff02
CFE_PSP: Using MMAP simulated EEPROM implementation
CFE_PSP: initializing module 'port_notimpl' with ID 0110ff03
CFE_PSP: I/O Port access not implemented
CFE_PSP: EEPROM Range (2) created: Start Address = EA7ED182E000, Size = 00080000 Status = 0
CFE_PSP: initializing module 'iodriver' with ID 0110ff04
CFE_PSP: initializing module 'linux_sysmon' with ID 0110ff05
CFE_PSP: initializing module 'endian_api' with ID 0110ff06
CFE_PSP: Host CPU Endian=LITTLE
CFE_PSP: initializing module 'ram_notimpl' with ID 0110ff07
CFE_PSP: Physical RAM access not implemented
CFE_PSP: Normal exit from previous cFE instance
CFE_PSP: Starting the cFE with a PROCESSOR reset.
1980-001-01:50:20.63578 CFE_ES_Main: CFE_ES_Main in EARLY_INIT state
1980-001-01:50:20.65052 CFE_ES_InitializeFileSystems: Volatile Disk has 100 Percent free space.
Number of addresses returned by backtrace = 1
CFE_PSP: CFE_PSP_AttachExceptions called
1980-001-01:50:20.67142 CFE_ES_Main: CFE_ES_Main entering CORE_STARTUP state
1980-001-01:50:20.67163 CFE_ES_CreateObjects: Starting Object Creation calls.
1980-001-01:50:20.67171 CFE_ES_CreateObjects: Calling EarlyInit for CFE_CONFIG
1980-001-01:50:20.67449 CFE_ES_CreateObjects: Calling EarlyInit for CFE_ES
1980-001-01:50:20.67976 CFE_ES_CreateObjects: Calling EarlyInit for CFE_EVS
1980-001-01:50:20.68203 CFE_EVS_EarlyInit: Event Log restored, n=0, c=20, f=1, m=1, o=601
1980-001-01:50:20.68281 CFE_ES_CreateObjects: Calling EarlyInit for CFE_FS
1980-001-01:50:20.68340 CFE_ES_CreateObjects: Calling EarlyInit for CFE_SB
1980-001-01:50:20.70563 CFE_ES_CreateObjects: Calling EarlyInit for CFE_TBL
1980-001-01:50:20.73291 CFE_ES_CreateObjects: Calling EarlyInit for CFE_TIME
EVS Port1 1980-012-14:43:03.58189 66/1/CFE_ES 1: cFE ES Initialized: CFE_ES v7.0.1+dev1 (Draco) DEV BUILD, based on v7.0.1, EDS disabled
EVS Port1 1980-012-14:43:03.58868 66/1/CFE_ES 2: cFS Versions: cfe v7.0.1+dev1, osal v7.0.1+dev1, psp v7.0.1+dev1. cFE chksm 31659
EVS Port1 1980-012-14:43:03.58998 66/1/CFE_ES 91: Version Info: Mission SampleMission, version git:v7.0.1-90-g78c23b0-dirty
EVS Port1 1980-012-14:43:03.59089 66/1/CFE_ES 91: Version Info: Module CORE_API, version git:2612eb0
EVS Port1 1980-012-14:43:03.59179 66/1/CFE_ES 91: Version Info: Module CONFIG, version git:2612eb0
EVS Port1 1980-012-14:43:03.59201 66/1/CFE_ES 91: Version Info: Module ES, version git:2612eb0
EVS Port1 1980-012-14:43:03.59214 66/1/CFE_ES 91: Version Info: Module EVS, version git:2612eb0
EVS Port1 1980-012-14:43:03.59275 66/1/CFE_ES 91: Version Info: Module FS, version git:2612eb0
EVS Port1 1980-012-14:43:03.59297 66/1/CFE_ES 91: Version Info: Module SB, version git:2612eb0
EVS Port1 1980-012-14:43:03.59309 66/1/CFE_ES 91: Version Info: Module TBL, version git:2612eb0
EVS Port1 1980-012-14:43:03.59364 66/1/CFE_ES 91: Version Info: Module TIME, version git:2612eb0
EVS Port1 1980-012-14:43:03.59381 66/1/CFE_ES 91: Version Info: Module OSAL, version git:8111e4a
EVS Port1 1980-012-14:43:03.59393 66/1/CFE_ES 91: Version Info: Module PSP, version git:d1da809
EVS Port1 1980-012-14:43:03.59405 66/1/CFE_ES 91: Version Info: Module MSG, version git:2612eb0
EVS Port1 1980-012-14:43:03.59468 66/1/CFE_ES 91: Version Info: Module SBR, version git:2612eb0
EVS Port1 1980-012-14:43:03.59513 66/1/CFE_ES 91: Version Info: Module RESOURCEID, version git:2612eb0
EVS Port1 1980-012-14:43:03.59599 66/1/CFE_ES 92: Build 202609111416 by root@vm, config aarch64
EVS Port1 1980-012-14:43:03.71681 66/1/CFE_EVS 1: cFE EVS Initialized: CFE_EVS v7.0.1+dev1 (Draco) DEV BUILD, based on v7.0.1, EDS disabled
1980-012-14:43:03.81790 CFE_SB_AppInit: Registered 4 events for filtering
EVS Port1 1980-012-14:43:03.82203 66/1/CFE_SB 1: cFE SB Initialized: CFE_SB v7.0.1+dev1 (Draco) DEV BUILD, based on v7.0.1, EDS disabled
EVS Port1 1980-012-14:43:03.82302 66/1/CFE_SB 14: No subscribers for MsgId 0x808,sender CFE_SB
EVS Port1 1980-012-14:43:03.93083 66/1/CFE_TBL 1: cFE TBL Initialized: CFE_TBL v7.0.1+dev1 (Draco) DEV BUILD, based on v7.0.1, EDS disabled
EVS Port1 1980-012-14:43:03.93199 66/1/CFE_SB 14: No subscribers for MsgId 0x808,sender CFE_TBL
EVS Port1 1980-012-14:43:04.05056 66/1/CFE_TIME 1: cFE TIME Initialized: CFE_TIME v7.0.1+dev1 (Draco) DEV BUILD, based on v7.0.1, EDS disabled
EVS Port1 1980-012-14:43:04.05155 66/1/CFE_SB 14: No subscribers for MsgId 0x808,sender CFE_TIME
1980-012-14:43:04.07777 CFE_ES_CreateObjects: Finished ES CreateObject table entries.
1980-012-14:43:04.07877 CFE_ES_Main: CFE_ES_Main entering CORE_READY state
OS_FileOpen_Impl():110:open(/dev/shm/osal:RAM/cfe_es_startup.scr): No such file or directory
1980-012-14:43:04.09089 CFE_ES_OpenStartupScript: Cannot Open Volatile Startup file: /ram/cfe_es_startup.scr, Trying Nonvolatile.
1980-012-14:43:04.09269 CFE_ES_OpenStartupScript: Opened ES App Startup file: /cf/cfe_es_startup.scr
1980-012-14:43:04.13449 CFE_ES_ParseFileEntry: Loading shared library: /cf/cfe_assert.so
1980-012-14:43:04.14743 [BEGIN] CFE FUNCTIONAL TEST
1980-012-14:43:04.14850 [BEGIN] 01 CFE-STARTUP
1980-012-14:43:04.20411 CFE_ES_ParseFileEntry: Loading shared library: /cf/sample_lib.so
SAMPLE Lib Initialized.Sample Lib v7.0.0+dev1 (Draco) DEV BUILD, based on v7.0.1, EDS disabled
1980-012-14:43:04.26285 CFE_ES_ParseFileEntry: Loading file: /cf/sch_lab.so, APP: SCH_LAB
1980-012-14:43:04.31375 CFE_ES_ParseFileEntry: Loading file: /cf/ci_lab.so, APP: CI_LAB
SCH Lab Initialized.SCH Lab v7.0.1+dev1 (Draco) DEV BUILD, based on v7.0.1, EDS disabled
1980-012-14:43:04.36046 CFE_ES_ParseFileEntry: Loading file: /cf/to_lab.so, APP: TO_LAB
1980-012-14:43:04.40366 CFE_ES_ParseFileEntry: Loading file: /cf/sample_app.so, APP: SAMPLE_APP
EVS Port1 1980-012-14:43:04.44462 66/1/TO_LAB 1: TO Lab Initialized.TO Lab v7.0.1+dev1 (Draco) DEV BUILD, based on v7.0.1, EDS disabled, Awaiting enable command.
EVS Port1 1980-012-14:43:04.44779 66/1/CFE_SB 14: No subscribers for MsgId 0x808,sender TO_LAB
1980-012-14:43:04.45052 CFE_ES_ParseFileEntry: Loading file: /cf/ai_learner.so, APP: AI_LEARNER
EVS Port1 1980-012-14:43:04.48374 66/1/SAMPLE_APP 1: Sample App Initialized.Sample App v7.0.0+dev1 (Draco) DEV BUILD, based on v7.0.1, EDS disabled
1980-012-14:43:04.51481 CFE_ES_ParseFileEntry: Loading file: /cf/lc.so, APP: LC
1980-012-14:43:04.52667 CI_LAB listening on UDP port: 1234
EVS Port1 1980-012-14:43:04.52764 66/1/CI_LAB 3: CI Lab Initialized.CI Lab App v7.0.1+dev1 (Draco) DEV BUILD, based on v7.0.1, EDS disabled
{"app":"AI_LEARNER","stage":"build_config","model":"smartcam","allow_conditional_map":0,"contract_bounded_bytes":18222796,"contract_per_call_bytes":9382092,"contract_const_bytes":8840704,"contract_bound_known":true,"contract_artifact_sha256":"ecffe6e0bcbadf51c8482c73ab147e91fa857927d1183955e03a3257041c78f1"}
{"app":"AI_LEARNER","stage":"stack","es_stack_size":264063,"stack_base_bytes":262144,"contract_kernel_stack_bytes":1919,"kernel_stack_accounted":true}
EVS Port1 1980-012-14:43:04.54792 66/1/AI_LEARNER 8: AI_LEARNER stack: es=264063 base=262144 kernel=1919 accounted=1
{"app":"AI_LEARNER","stage":"admission","verdict":"NOT_ADMITTED","model":"smartcam","target":"aarch64-unknown-linux-gnu","bounded":18222796,"budget":18222795,"budget_source":"override","per_call":9382092,"constants":8840704,"kernel_stack_bytes":1919,"bound_known":true,"scope":"per_app_local_budget"}
EVS Port1 1980-012-14:43:04.54907 66/1/AI_LEARNER 1: AI_LEARNER NOT_ADMITTED: contract bounded=18222796 > budget=18222795; app will not start
{"app":"AI_LEARNER","stage":"cleanup","released":true,"cleanup_calls":1}
1980-012-14:43:04.56495 CFE_ES_ExitApp: Application AI_LEARNER called CFE_ES_ExitApp
1980-012-14:43:04.59288 CFE_ES_ParseFileEntry: Loading file: /cf/cf.so, APP: CF
EVS Port1 1980-012-14:43:04.61090 66/1/LC 56: WDT verify results: good = 0, bad = 0, unused = 176
EVS Port1 1980-012-14:43:04.61810 66/1/LC 66: ADT verify results: good = 0, bad = 0, unused = 176
EVS Port1 1980-012-14:43:04.62193 66/1/LC 23: LC use of Critical Data Store disabled, activity mask = 0x00991990
EVS Port1 1980-012-14:43:04.62413 66/1/LC 2: LC Initialized. Version 7.0.1.255
1980-012-14:43:04.62966 CFE_ES_ParseFileEntry: Loading file: /cf/ds.so, APP: DS
1980-012-14:43:04.66360 CFE_ES_ParseFileEntry: Loading file: /cf/fm.so, APP: FM
1980-012-14:43:04.71205 CFE_ES_ParseFileEntry: Loading file: /cf/hk.so, APP: HK
EVS Port1 1980-012-14:43:04.72805 66/1/DS 10: Destination file table verify results: good entries = 6, bad = 0, unused = 10
EVS Port1 1980-012-14:43:04.72976 66/1/CF 20: CF Initialized. Version 7.0.1.255
EVS Port1 1980-012-14:43:04.73892 66/1/DS 12: Filter table verify results: good entries = 14, bad = 0, unused = 242
EVS Port1 1980-012-14:43:04.74679 66/1/FM 80: Free Space Table verify results: good entries = 3, bad = 0, unused = 5
EVS Port1 1980-012-14:43:04.75390 66/1/CFE_ES 14: ErrExit Application AI_LEARNER Success.
EVS Port1 1980-012-14:43:04.75453 66/1/FM 1: Initialization complete: version 7.0.1.255
EVS Port1 1980-012-14:43:04.75569 66/1/DS 1: Application initialized, version 7.0.1.255, data at 0xea7ed1010460
1980-012-14:43:04.79206 CFE_ES_ParseFileEntry: Loading file: /cf/hs.so, APP: HS
EVS Port1 1980-012-14:43:04.80902 66/1/FM 72: Child Task initialization complete
1980-012-14:43:04.82600 CFE_ES_ParseFileEntry: Loading file: /cf/mm.so, APP: MM
EVS Port1 1980-012-14:43:04.83908 66/1/HK 1: HK Initialized.  Version 7.0.1.255
1980-012-14:43:04.86271 CFE_ES_ParseFileEntry: Loading file: /cf/sc.so, APP: SC
EVS Port1 1980-012-14:43:04.87216 66/1/HS 54: ExeCount verify results: good = 5, bad = 0, unused = 27
EVS Port1 1980-012-14:43:04.87545 66/1/HS 50: AppMon verify results: good = 0, bad = 0, unused = 32
EVS Port1 1980-012-14:43:04.87814 66/1/HS 52: EventMon verify results: good = 0, bad = 0, unused = 16
EVS Port1 1980-012-14:43:04.88108 66/1/HS 56: MsgActs verify results: good = 2, bad = 0, unused = 6
1980-012-14:43:04.88992 HS_SysMonInit(): System Monitor using PSP device ID 0110ff05
EVS Port1 1980-012-14:43:04.90058 66/1/MM 1: MM Initialized. Version 7.0.1.255
CFE_PSP(Linux_SysMon): Started CPU utilization monitoring on 2 CPU(s)
EVS Port1 1980-012-14:43:04.90928 66/1/HS 1: HS Initialized.  Version 7.0.1.255
1980-012-14:43:04.91288 CFE_ES_ParseFileEntry: Loading file: /cf/md.so, APP: MD
1980-012-14:43:04.95073 CFE_ES_ParseFileEntry: Loading file: /cf/cs.so, APP: CS
EVS Port1 1980-012-14:43:04.97149 66/1/SC 21: RTS table files not loaded at initialization = 0 of 4
EVS Port1 1980-012-14:43:04.97576 66/1/SC 9: SC Initialized. Version 7.0.1.255
EVS Port1 1980-012-14:43:04.98475 66/1/MD 52: MD Dwell Tbl verify results: good = 0, bad = 0, unused = 25
EVS Port1 1980-012-14:43:04.98674 66/1/MD 3: Recovered Dwell Table #1 is valid and has been copied to the MD App
EVS Port1 1980-012-14:43:04.98973 66/1/MD 52: MD Dwell Tbl verify results: good = 0, bad = 0, unused = 25
EVS Port1 1980-012-14:43:04.99079 66/1/MD 3: Recovered Dwell Table #2 is valid and has been copied to the MD App
EVS Port1 1980-012-14:43:04.99253 66/1/MD 52: MD Dwell Tbl verify results: good = 0, bad = 0, unused = 25
EVS Port1 1980-012-14:43:04.99342 66/1/MD 3: Recovered Dwell Table #3 is valid and has been copied to the MD App
EVS Port1 1980-012-14:43:04.99479 66/1/MD 52: MD Dwell Tbl verify results: good = 0, bad = 0, unused = 25
EVS Port1 1980-012-14:43:04.99746 66/1/MD 3: Recovered Dwell Table #4 is valid and has been copied to the MD App
EVS Port1 1980-012-14:43:04.99969 66/1/MD 7: Dwell Tables Recovered: 4, Dwell Tables Initialized: 0
EVS Port1 1980-012-14:43:05.00247 66/1/MD 1: MD Initialized.  Version 7.0.1.255
EVS Port1 1980-012-14:43:05.02551 66/1/CS 144: CS EEPROM Table verification results: good = 0, bad = 0, unused = 16
EVS Port1 1980-012-14:43:05.03172 66/1/CS 107: CS EEPROM Table: No valid entries in the table
EVS Port1 1980-012-14:43:05.03996 66/1/CS 143: CS Memory Table verification results: good = 0, bad = 0, unused = 16
EVS Port1 1980-012-14:43:05.04167 66/1/CS 107: CS Memory Table: No valid entries in the table
EVS Port1 1980-012-14:43:05.04875 66/1/CS 139: CS Tables Table verification results: good = 1, bad = 0, unused = 23
EVS Port1 1980-012-14:43:05.05473 66/1/CS 142: CS Apps Table verification results: good = 0, bad = 0, unused = 24
EVS Port1 1980-012-14:43:05.05612 66/1/CS 108: CS Apps Table: No valid entries in the table
EVS Port1 1980-012-14:43:05.05883 66/1/CS 127: OS Text Segment disabled due to platform
EVS Port1 1980-012-14:43:05.05993 66/1/CS 1: CS Initialized. Version 7.0.1.255
1980-012-14:43:05.06756 CFE_ES_Main: CFE_ES_Main entering APPS_INIT state
1980-012-14:43:05.06789 CFE_ES_Main: CFE_ES_Main entering OPERATIONAL state
EVS Port1 1980-012-14:43:05.12072 66/1/TO_LAB 19: L550 TO Lab subscribed to 32 messages from the table
EVS Port1 1980-012-14:43:06.00614 66/1/CFE_TIME 21: Stop FLYWHEEL
.EVS Port1 1980-012-14:43:15.00411 66/1/CFE_TIME 21: Stop FLYWHEEL
EVS Port1 1980-012-14:43:16.00801 66/1/CFE_TIME 20: Start FLYWHEEL
.....EVS Port1 1980-012-14:43:46.19976 66/1/CFE_TIME 20: Start FLYWHEEL
.EVS Port1 1980-012-14:43:47.00502 66/1/CFE_TIME 21: Stop FLYWHEEL
..EVS Port1 1980-012-14:43:59.00566 66/1/CFE_TIME 21: Stop FLYWHEEL
EVS Port1 1980-012-14:43:59.99780 66/1/CFE_TIME 20: Start FLYWHEEL
..EVS Port1 1980-012-14:44:15.08959 66/1/CFE_TIME 20: Start FLYWHEEL
EVS Port1 1980-012-14:44:15.00701 66/1/CFE_TIME 21: Stop FLYWHEEL
.....EVS Port1 1980-012-14:44:45.00378 66/1/CFE_TIME 21: Stop FLYWHEEL
EVS Port1 1980-012-14:44:45.99760 66/1/CFE_TIME 20: Start FLYWHEEL
......EVS Port1 1980-012-14:45:18.00413 66/1/CFE_TIME 21: Stop FLYWHEEL
EVS Port1 1980-012-14:45:18.99885 66/1/CFE_TIME 20: Start FLYWHEEL
....EVS Port1 1980-012-14:45:45.00662 66/1/CFE_TIME 21: Stop FLYWHEEL
EVS Port1 1980-012-14:45:45.99678 66/1/CFE_TIME 20: Start FLYWHEEL
...1980-012-14:46:01.09046 CFE_ES_RunExceptionScan: ExceptionID 0x1110001 in TaskID 0: Caught SIGINT
1980-012-14:46:01.09204 CFE_ES_RunExceptionScan: Processor Reset count not reached (1/2)
CFE_PSP: Exiting cFE with PROCESSOR Reset status.

CFE_PSP: Shutdown initiated - Exiting cFE
CI delete callback -- Closing CI Network socket.
TO delete callback -- Closing TO Network socket.
EXIT=124
