CFE_PSP: Default Reset SubType = 1
CFE_PSP: Default CPU ID = 1
CFE_PSP: Default Spacecraft ID = 66
CFE_PSP: Default CPU Name: cpu1
OS_Posix_GetSchedulerParams():208:Policy 1: available, min-max: 1-99
OS_Posix_GetSchedulerParams():208:Policy 2: available, min-max: 1-99
OS_Posix_TaskAPI_Impl_Init():401:Selected policy 2 for RT tasks, root task = 99
CFE_PSP: initializing module 'soft_timebase' with ID 0110ff00
CFE_PSP: Instantiated software timebase 'cFS-Master' running at 10000 usec
CFE_PSP: initializing module 'timebase_posix_clock' with ID 0110ff01
CFE_PSP: Using POSIX monotonic clock as CFE timebase
CFE_PSP: initializing module 'eeprom_mmap_file' with ID 0110ff02
CFE_PSP: Using MMAP simulated EEPROM implementation
CFE_PSP: initializing module 'port_notimpl' with ID 0110ff03
CFE_PSP: I/O Port access not implemented
CFE_PSP: initializing module 'iodriver' with ID 0110ff04
CFE_PSP: initializing module 'linux_sysmon' with ID 0110ff05
CFE_PSP: initializing module 'endian_api' with ID 0110ff06
CFE_PSP: Host CPU Endian=LITTLE
CFE_PSP: EEPROM Range (2) created: Start Address = 7FF8A7612000, Size = 00080000 Status = 0
CFE_PSP: initializing module 'ram_notimpl' with ID 0110ff07
CFE_PSP: Physical RAM access not implemented
CFE_PSP: Normal exit from previous cFE instance
CFE_PSP: Starting the cFE with a PROCESSOR reset.
1980-001-00:11:41.57302 CFE_ES_Main: CFE_ES_Main in EARLY_INIT state
1980-001-00:11:41.57310 CFE_ES_InitializeFileSystems: Volatile Disk has 100 Percent free space.
Number of addresses returned by backtrace = 1
CFE_PSP: CFE_PSP_AttachExceptions called
1980-001-00:11:41.57340 CFE_ES_Main: CFE_ES_Main entering CORE_STARTUP state
1980-001-00:11:41.57341 CFE_ES_CreateObjects: Starting Object Creation calls.
1980-001-00:11:41.57341 CFE_ES_CreateObjects: Calling EarlyInit for CFE_CONFIG
1980-001-00:11:41.57343 CFE_ES_CreateObjects: Calling EarlyInit for CFE_ES
1980-001-00:11:41.57348 CFE_ES_CreateObjects: Calling EarlyInit for CFE_EVS
1980-001-00:11:41.57351 CFE_EVS_EarlyInit: Event Log restored, n=0, c=20, f=1, m=1, o=218
1980-001-00:11:41.57353 CFE_ES_CreateObjects: Calling EarlyInit for CFE_FS
1980-001-00:11:41.57353 CFE_ES_CreateObjects: Calling EarlyInit for CFE_SB
1980-001-00:11:41.57394 CFE_ES_CreateObjects: Calling EarlyInit for CFE_TBL
1980-001-00:11:41.57443 CFE_ES_CreateObjects: Calling EarlyInit for CFE_TIME
EVS Port1 1980-012-14:04:01.15188 66/1/CFE_ES 1: cFE ES Initialized: CFE_ES v7.0.1+dev1 (Draco) DEV BUILD, based on v7.0.1, EDS disabled
EVS Port1 1980-012-14:04:01.15193 66/1/CFE_ES 2: cFS Versions: cfe v7.0.1+dev1, osal v7.0.1+dev1, psp v7.0.1+dev1. cFE chksm 44658
EVS Port1 1980-012-14:04:01.15193 66/1/CFE_ES 91: Version Info: Mission SampleMission, version git:v7.0.1-90-g78c23b0-dirty
EVS Port1 1980-012-14:04:01.15194 66/1/CFE_ES 91: Version Info: Module CORE_API, version git:2612eb0
EVS Port1 1980-012-14:04:01.15196 66/1/CFE_ES 91: Version Info: Module CONFIG, version git:2612eb0
EVS Port1 1980-012-14:04:01.15196 66/1/CFE_ES 91: Version Info: Module ES, version git:2612eb0
EVS Port1 1980-012-14:04:01.15196 66/1/CFE_ES 91: Version Info: Module EVS, version git:2612eb0
EVS Port1 1980-012-14:04:01.15197 66/1/CFE_ES 91: Version Info: Module FS, version git:2612eb0
EVS Port1 1980-012-14:04:01.15197 66/1/CFE_ES 91: Version Info: Module SB, version git:2612eb0
EVS Port1 1980-012-14:04:01.15197 66/1/CFE_ES 91: Version Info: Module TBL, version git:2612eb0
EVS Port1 1980-012-14:04:01.15199 66/1/CFE_ES 91: Version Info: Module TIME, version git:2612eb0
EVS Port1 1980-012-14:04:01.15199 66/1/CFE_ES 91: Version Info: Module OSAL, version git:8111e4a
EVS Port1 1980-012-14:04:01.15199 66/1/CFE_ES 91: Version Info: Module PSP, version git:d1da809
EVS Port1 1980-012-14:04:01.15200 66/1/CFE_ES 91: Version Info: Module MSG, version git:2612eb0
EVS Port1 1980-012-14:04:01.15200 66/1/CFE_ES 91: Version Info: Module SBR, version git:2612eb0
EVS Port1 1980-012-14:04:01.15200 66/1/CFE_ES 91: Version Info: Module RESOURCEID, version git:2612eb0
EVS Port1 1980-012-14:04:01.15202 66/1/CFE_ES 92: Build 202609100010 by root@vm, config sample
EVS Port1 1980-012-14:04:01.25056 66/1/CFE_EVS 1: cFE EVS Initialized: CFE_EVS v7.0.1+dev1 (Draco) DEV BUILD, based on v7.0.1, EDS disabled
1980-012-14:04:01.35082 CFE_SB_AppInit: Registered 4 events for filtering
EVS Port1 1980-012-14:04:01.35090 66/1/CFE_SB 1: cFE SB Initialized: CFE_SB v7.0.1+dev1 (Draco) DEV BUILD, based on v7.0.1, EDS disabled
EVS Port1 1980-012-14:04:01.35090 66/1/CFE_SB 14: No subscribers for MsgId 0x808,sender CFE_SB
EVS Port1 1980-012-14:04:01.45120 66/1/CFE_TBL 1: cFE TBL Initialized: CFE_TBL v7.0.1+dev1 (Draco) DEV BUILD, based on v7.0.1, EDS disabled
EVS Port1 1980-012-14:04:01.45124 66/1/CFE_SB 14: No subscribers for MsgId 0x808,sender CFE_TBL
EVS Port1 1980-012-14:04:01.55180 66/1/CFE_TIME 1: cFE TIME Initialized: CFE_TIME v7.0.1+dev1 (Draco) DEV BUILD, based on v7.0.1, EDS disabled
EVS Port1 1980-012-14:04:01.55184 66/1/CFE_SB 14: No subscribers for MsgId 0x808,sender CFE_TIME
1980-012-14:04:01.60159 CFE_ES_CreateObjects: Finished ES CreateObject table entries.
1980-012-14:04:01.60164 CFE_ES_Main: CFE_ES_Main entering CORE_READY state
OS_FileOpen_Impl():110:open(/dev/shm/osal:RAM/cfe_es_startup.scr): No such file or directory
1980-012-14:04:01.60173 CFE_ES_OpenStartupScript: Cannot Open Volatile Startup file: /ram/cfe_es_startup.scr, Trying Nonvolatile.
1980-012-14:04:01.60181 CFE_ES_OpenStartupScript: Opened ES App Startup file: /cf/cfe_es_startup.scr
1980-012-14:04:01.60197 CFE_ES_ParseFileEntry: Loading shared library: /cf/cfe_assert.so
1980-012-14:04:01.60219 [BEGIN] CFE FUNCTIONAL TEST
1980-012-14:04:01.60222 [BEGIN] 01 CFE-STARTUP
1980-012-14:04:01.60232 CFE_ES_ParseFileEntry: Loading shared library: /cf/sample_lib.so
SAMPLE Lib Initialized.Sample Lib v7.0.0+dev1 (Draco) DEV BUILD, based on v7.0.1, EDS disabled
1980-012-14:04:01.60251 CFE_ES_ParseFileEntry: Loading file: /cf/sch_lab.so, APP: SCH_LAB
1980-012-14:04:01.60281 CFE_ES_ParseFileEntry: Loading file: /cf/ci_lab.so, APP: CI_LAB
1980-012-14:04:01.60305 CFE_ES_ParseFileEntry: Loading file: /cf/to_lab.so, APP: TO_LAB
1980-012-14:04:01.60332 CFE_ES_ParseFileEntry: Loading file: /cf/sample_app.so, APP: SAMPLE_APP
1980-012-14:04:01.60356 CFE_ES_ParseFileEntry: Loading file: /cf/ai_learner.so, APP: AI_LEARNER
1980-012-14:04:01.60397 CFE_ES_ParseFileEntry: Loading file: /cf/lc.so, APP: LC
1980-012-14:04:01.60424 CFE_ES_ParseFileEntry: Loading file: /cf/cf.so, APP: CF
1980-012-14:04:01.60448 CFE_ES_ParseFileEntry: Loading file: /cf/ds.so, APP: DS
1980-012-14:04:01.60470 CFE_ES_ParseFileEntry: Loading file: /cf/fm.so, APP: FM
1980-012-14:04:01.60493 CFE_ES_ParseFileEntry: Loading file: /cf/hk.so, APP: HK
1980-012-14:04:01.60516 CFE_ES_ParseFileEntry: Loading file: /cf/hs.so, APP: HS
1980-012-14:04:01.60538 CFE_ES_ParseFileEntry: Loading file: /cf/mm.so, APP: MM
1980-012-14:04:01.60566 CFE_ES_ParseFileEntry: Loading file: /cf/sc.so, APP: SC
1980-012-14:04:01.60597 CFE_ES_ParseFileEntry: Loading file: /cf/md.so, APP: MD
1980-012-14:04:01.60632 CFE_ES_ParseFileEntry: Loading file: /cf/cs.so, APP: CS
1980-012-14:04:01.60666 CFE_ES_ParseFileEntry: Loading file: /cf/sbn.so, APP: SBN
SCH Lab Initialized.SCH Lab v7.0.1+dev1 (Draco) DEV BUILD, based on v7.0.1, EDS disabled
EVS Port1 1980-012-14:04:01.65341 66/1/TO_LAB 1: TO Lab Initialized.TO Lab v7.0.1+dev1 (Draco) DEV BUILD, based on v7.0.1, EDS disabled, Awaiting enable command.
EVS Port1 1980-012-14:04:01.65350 66/1/CFE_SB 14: No subscribers for MsgId 0x808,sender TO_LAB
EVS Port1 1980-012-14:04:01.65368 66/1/SAMPLE_APP 1: Sample App Initialized.Sample App v7.0.0+dev1 (Draco) DEV BUILD, based on v7.0.1, EDS disabled
{"app":"AI_LEARNER","stage":"stack","es_stack_size":262519,"stack_base_bytes":262144,"contract_kernel_stack_bytes":375,"kernel_stack_accounted":true}
{"app":"AI_LEARNER","stage":"admission","verdict":"ADMIT_CONDITIONAL_MAP","model":"bigact","target":"x86_64-unknown-linux-gnu","bounded":59460,"budget":45444,"per_call":45444,"constants":14016,"kernel_stack_bytes":375,"bound_known":true,"scope":"per_app_local_budget"}
EVS Port1 1980-012-14:04:01.65400 66/1/AI_LEARNER 8: AI_LEARNER stack: es=262519 base=262144 kernel=375 accounted=1
EVS Port1 1980-012-14:04:01.65435 66/1/LC 56: WDT verify results: good = 0, bad = 0, unused = 176
{"app":"AI_LEARNER","stage":"binding","verdict":"MATCH","artifact_bytes":28423,"artifact_sha256":"263e961b8a1d9a3a","contract_sha256":"263e961b8a1d9a3a"}
EVS Port1 1980-012-14:04:01.65464 66/1/LC 66: ADT verify results: good = 0, bad = 0, unused = 176
EVS Port1 1980-012-14:04:01.65467 66/1/LC 23: LC use of Critical Data Store disabled, activity mask = 0x00991990
EVS Port1 1980-012-14:04:01.65469 66/1/LC 2: LC Initialized. Version 7.0.1.255
EVS Port1 1980-012-14:04:01.65478 66/1/DS 10: Destination file table verify results: good entries = 6, bad = 0, unused = 10
EVS Port1 1980-012-14:04:01.65489 66/1/CF 20: CF Initialized. Version 7.0.1.255
EVS Port1 1980-012-14:04:01.65492 66/1/DS 12: Filter table verify results: good entries = 14, bad = 0, unused = 242
{"app":"AI_LEARNER","stage":"map_branch","model":"bigact","module_ptr_mod64":0,"hal_peak_after_append":0,"contract_const_bytes":14016,"contract_per_call_bytes":45444,"arm":"map","admission_mode":"conditional_map"}
EVS Port1 1980-012-14:04:01.65516 66/1/FM 80: Free Space Table verify results: good entries = 3, bad = 0, unused = 5
EVS Port1 1980-012-14:04:01.65524 66/1/DS 1: Application initialized, version 7.0.1.255, data at 0x7ff8a709e480
{"app":"AI_LEARNER","stage":"mem_init","model":"bigact","target":"x86_64-unknown-linux-gnu","hal_peak":4096,"hal_allocated":4096,"bounded":59460,"peak_within_bounded":true,"inferences_so_far":0,"process_rss_kb":6544,"rss_kb_before_runtime":5920,"rss_kb_after_session":6416,"rss_kb_after_init":6544}
{"app":"AI_LEARNER","stage":"e25_mode","active":false,"inputs_path":"/cf/e25_inputs.bin"}
EVS Port1 1980-012-14:04:01.65531 66/1/AI_LEARNER 3: AI_LEARNER initialized: model bigact (28423 B), rss_delta_init=624 KB
EVS Port1 1980-012-14:04:01.65545 66/1/HK 1: HK Initialized.  Version 7.0.1.255
EVS Port1 1980-012-14:04:01.65550 66/1/FM 1: Initialization complete: version 7.0.1.255
EVS Port1 1980-012-14:04:01.65562 66/1/HS 54: ExeCount verify results: good = 5, bad = 0, unused = 27
EVS Port1 1980-012-14:04:01.65570 66/1/HS 50: AppMon verify results: good = 0, bad = 0, unused = 32
EVS Port1 1980-012-14:04:01.65574 66/1/MM 1: MM Initialized. Version 7.0.1.255
EVS Port1 1980-012-14:04:01.65576 66/1/HS 52: EventMon verify results: good = 0, bad = 0, unused = 16
EVS Port1 1980-012-14:04:01.65579 66/1/HS 56: MsgActs verify results: good = 2, bad = 0, unused = 6
1980-012-14:04:01.65586 HS_SysMonInit(): System Monitor using PSP device ID 0110ff05
open(/proc/schedstat): No such file or directory
1980-012-14:04:01.65592 HS_SysMonInit(): Unable to start device 0110ff05
EVS Port1 1980-012-14:04:01.65592 66/1/HS 74: Error in system monitor initialization, RC=0xC8000005
1980-012-14:04:01.65610 CI_LAB listening on UDP port: 1234
EVS Port1 1980-012-14:04:01.65612 66/1/CI_LAB 3: CI Lab Initialized.CI Lab App v7.0.1+dev1 (Draco) DEV BUILD, based on v7.0.1, EDS disabled
EVS Port1 1980-012-14:04:01.65625 66/1/SC 21: RTS table files not loaded at initialization = 0 of 4
EVS Port1 1980-012-14:04:01.65634 66/1/SC 9: SC Initialized. Version 7.0.1.255
EVS Port1 1980-012-14:04:01.65637 66/1/MD 52: MD Dwell Tbl verify results: good = 0, bad = 0, unused = 25
EVS Port1 1980-012-14:04:01.65640 66/1/MD 3: Recovered Dwell Table #1 is valid and has been copied to the MD App
EVS Port1 1980-012-14:04:01.65646 66/1/MD 52: MD Dwell Tbl verify results: good = 0, bad = 0, unused = 25
EVS Port1 1980-012-14:04:01.65649 66/1/MD 3: Recovered Dwell Table #2 is valid and has been copied to the MD App
EVS Port1 1980-012-14:04:01.65653 66/1/MD 52: MD Dwell Tbl verify results: good = 0, bad = 0, unused = 25
EVS Port1 1980-012-14:04:01.65657 66/1/MD 3: Recovered Dwell Table #3 is valid and has been copied to the MD App
EVS Port1 1980-012-14:04:01.65661 66/1/MD 52: MD Dwell Tbl verify results: good = 0, bad = 0, unused = 25
EVS Port1 1980-012-14:04:01.65664 66/1/MD 3: Recovered Dwell Table #4 is valid and has been copied to the MD App
EVS Port1 1980-012-14:04:01.65664 66/1/MD 7: Dwell Tables Recovered: 4, Dwell Tables Initialized: 0
EVS Port1 1980-012-14:04:01.65666 66/1/MD 1: MD Initialized.  Version 7.0.1.255
EVS Port1 1980-012-14:04:01.65678 66/1/CS 144: CS EEPROM Table verification results: good = 0, bad = 0, unused = 16
EVS Port1 1980-012-14:04:01.65684 66/1/CS 107: CS EEPROM Table: No valid entries in the table
EVS Port1 1980-012-14:04:01.65696 66/1/SBN 2: SBN subscribed to command pipe SBN_CMD_MID 0x18FA
EVS Port1 1980-012-14:04:01.65698 66/1/CS 143: CS Memory Table verification results: good = 0, bad = 0, unused = 16
EVS Port1 1980-012-14:04:01.65710 66/1/CS 107: CS Memory Table: No valid entries in the table
EVS Port1 1980-012-14:04:01.65716 66/1/CS 139: CS Tables Table verification results: good = 1, bad = 0, unused = 23
EVS Port1 1980-012-14:04:01.65724 66/1/CS 142: CS Apps Table verification results: good = 0, bad = 0, unused = 24
EVS Port1 1980-012-14:04:01.65728 66/1/CS 108: CS Apps Table: No valid entries in the table
EVS Port1 1980-012-14:04:01.65733 66/1/CS 127: OS Text Segment disabled due to platform
EVS Port1 1980-012-14:04:01.65736 66/1/CS 1: CS Initialized. Version 7.0.1.255
EVS Port1 1980-012-14:04:01.70562 66/1/FM 72: Child Task initialization complete
1980-012-14:04:01.70700 CFE_ES_Main: CFE_ES_Main entering APPS_INIT state
1980-012-14:04:01.70702 CFE_ES_Main: CFE_ES_Main entering OPERATIONAL state
EVS Port1 1980-012-14:04:01.70733 66/1/SBN 4: checking if module (UDP) already loaded
OS_GenericSymbolLookup_Impl():114:SBN_UDP_Ops: ./core-cpu1: undefined symbol: SBN_UDP_Ops
OS_GenericSymbolLookup_Impl():114:SBN_UDP_Ops: ./cf/cfe_assert.so: undefined symbol: SBN_UDP_Ops
OS_GenericSymbolLookup_Impl():114:SBN_UDP_Ops: ./cf/sample_lib.so: undefined symbol: SBN_UDP_Ops
OS_GenericSymbolLookup_Impl():114:SBN_UDP_Ops: ./cf/sch_lab.so: undefined symbol: SBN_UDP_Ops
OS_GenericSymbolLookup_Impl():114:SBN_UDP_Ops: ./cf/ci_lab.so: undefined symbol: SBN_UDP_Ops
OS_GenericSymbolLookup_Impl():114:SBN_UDP_Ops: ./cf/to_lab.so: undefined symbol: SBN_UDP_Ops
OS_GenericSymbolLookup_Impl():114:SBN_UDP_Ops: ./cf/sample_app.so: undefined symbol: SBN_UDP_Ops
OS_GenericSymbolLookup_Impl():114:SBN_UDP_Ops: ./cf/ai_learner.so: undefined symbol: SBN_UDP_Ops
OS_GenericSymbolLookup_Impl():114:SBN_UDP_Ops: ./cf/lc.so: undefined symbol: SBN_UDP_Ops
OS_GenericSymbolLookup_Impl():114:SBN_UDP_Ops: ./cf/cf.so: undefined symbol: SBN_UDP_Ops
OS_GenericSymbolLookup_Impl():114:SBN_UDP_Ops: ./cf/ds.so: undefined symbol: SBN_UDP_Ops
OS_GenericSymbolLookup_Impl():114:SBN_UDP_Ops: ./cf/fm.so: undefined symbol: SBN_UDP_Ops
OS_GenericSymbolLookup_Impl():114:SBN_UDP_Ops: ./cf/hk.so: undefined symbol: SBN_UDP_Ops
OS_GenericSymbolLookup_Impl():114:SBN_UDP_Ops: ./cf/hs.so: undefined symbol: SBN_UDP_Ops
OS_GenericSymbolLookup_Impl():114:SBN_UDP_Ops: ./cf/mm.so: undefined symbol: SBN_UDP_Ops
OS_GenericSymbolLookup_Impl():114:SBN_UDP_Ops: ./cf/sc.so: undefined symbol: SBN_UDP_Ops
OS_GenericSymbolLookup_Impl():114:SBN_UDP_Ops: ./cf/md.so: undefined symbol: SBN_UDP_Ops
OS_GenericSymbolLookup_Impl():114:SBN_UDP_Ops: ./cf/cs.so: undefined symbol: SBN_UDP_Ops
OS_GenericSymbolLookup_Impl():114:SBN_UDP_Ops: ./cf/sbn.so: undefined symbol: SBN_UDP_Ops
EVS Port1 1980-012-14:04:01.70756 66/1/SBN 4: symbol not yet loaded (SBN_UDP_Ops)
EVS Port1 1980-012-14:04:01.70762 66/1/SBN 4: loading module (Name=UDP, File=/cf/sbn_udp.so)
EVS Port1 1980-012-14:04:01.70776 66/1/SBN 4: validating symbol load (SBN_UDP_Ops)
EVS Port1 1980-012-14:04:01.70782 66/1/SBN 4: initializing protocol module
SBN_UDP Lib Initialized.
EVS Port1 1980-012-14:04:01.70785 66/1/SBN 4: protocol module initialized
EVS Port1 1980-012-14:04:01.70790 66/1/SBN 4: checking if module (Remap) already loaded
OS_GenericSymbolLookup_Impl():114:SBN_F_Remap: ./core-cpu1: undefined symbol: SBN_F_Remap
OS_GenericSymbolLookup_Impl():114:SBN_F_Remap: ./cf/cfe_assert.so: undefined symbol: SBN_F_Remap
OS_GenericSymbolLookup_Impl():114:SBN_F_Remap: ./cf/sample_lib.so: undefined symbol: SBN_F_Remap
OS_GenericSymbolLookup_Impl():114:SBN_F_Remap: ./cf/sch_lab.so: undefined symbol: SBN_F_Remap
OS_GenericSymbolLookup_Impl():114:SBN_F_Remap: ./cf/ci_lab.so: undefined symbol: SBN_F_Remap
OS_GenericSymbolLookup_Impl():114:SBN_F_Remap: ./cf/to_lab.so: undefined symbol: SBN_F_Remap
OS_GenericSymbolLookup_Impl():114:SBN_F_Remap: ./cf/sample_app.so: undefined symbol: SBN_F_Remap
OS_GenericSymbolLookup_Impl():114:SBN_F_Remap: ./cf/ai_learner.so: undefined symbol: SBN_F_Remap
OS_GenericSymbolLookup_Impl():114:SBN_F_Remap: ./cf/lc.so: undefined symbol: SBN_F_Remap
OS_GenericSymbolLookup_Impl():114:SBN_F_Remap: ./cf/cf.so: undefined symbol: SBN_F_Remap
OS_GenericSymbolLookup_Impl():114:SBN_F_Remap: ./cf/ds.so: undefined symbol: SBN_F_Remap
OS_GenericSymbolLookup_Impl():114:SBN_F_Remap: ./cf/fm.so: undefined symbol: SBN_F_Remap
OS_GenericSymbolLookup_Impl():114:SBN_F_Remap: ./cf/hk.so: undefined symbol: SBN_F_Remap
OS_GenericSymbolLookup_Impl():114:SBN_F_Remap: ./cf/hs.so: undefined symbol: SBN_F_Remap
OS_GenericSymbolLookup_Impl():114:SBN_F_Remap: ./cf/mm.so: undefined symbol: SBN_F_Remap
OS_GenericSymbolLookup_Impl():114:SBN_F_Remap: ./cf/sc.so: undefined symbol: SBN_F_Remap
OS_GenericSymbolLookup_Impl():114:SBN_F_Remap: ./cf/md.so: undefined symbol: SBN_F_Remap
OS_GenericSymbolLookup_Impl():114:SBN_F_Remap: ./cf/cs.so: undefined symbol: SBN_F_Remap
OS_GenericSymbolLookup_Impl():114:SBN_F_Remap: ./cf/sbn.so: undefined symbol: SBN_F_Remap
OS_GenericSymbolLookup_Impl():114:SBN_F_Remap: ./cf/sbn_udp.so: undefined symbol: SBN_F_Remap
EVS Port1 1980-012-14:04:01.70802 66/1/SBN 4: symbol not yet loaded (SBN_F_Remap)
EVS Port1 1980-012-14:04:01.70806 66/1/SBN 4: loading module (Name=Remap, File=/cf/sbn_f_remap.so)
EVS Port1 1980-012-14:04:01.70823 66/1/SBN 4: validating symbol load (SBN_F_Remap)
EVS Port1 1980-012-14:04:01.70838 66/1/SBN 4: initializing filter module
EVS Port1 1980-012-14:04:01.70854 66/1/SBN 4096: SBN_F_Remap Lib Initialized.
EVS Port1 1980-012-14:04:01.70857 66/1/SBN 4: filter module initialized
EVS Port1 1980-012-14:04:01.70860 66/1/SBN 4: configuring peer (SC=66, CPU=1)...
EVS Port1 1980-012-14:04:01.70863 66/1/SBN 4: found new highest net id: 0
EVS Port1 1980-012-14:04:01.70866 66/1/SBN 4: increasing net count to 1
EVS Port1 1980-012-14:04:01.70869 66/1/SBN 4: peer is this processor: loading net 0
EVS Port1 1980-012-14:04:01.70874 66/1/SBN 258: configuring net (NetData=0x7ff8a6e388b4, Address=127.0.0.1:3234)
EVS Port1 1980-012-14:04:01.70877 66/1/SBN 258: addr host: '127.0.0.1'
EVS Port1 1980-012-14:04:01.70887 66/1/SBN 258: addr port: '3234'
EVS Port1 1980-012-14:04:01.70890 66/1/SBN 258: configured (NetData=0x7ff8a6e388b4)
EVS Port1 1980-012-14:04:01.70895 66/1/SBN 4: configuring peer (SC=66, CPU=2)...
EVS Port1 1980-012-14:04:01.70898 66/1/SBN 4: peer is other processor: loading peer onto net 0
EVS Port1 1980-012-14:04:01.70901 66/1/SBN 258: configuring peer (SC=66, CPU=2, Address=127.0.0.1:3235)
EVS Port1 1980-012-14:04:01.70904 66/1/SBN 258: addr host: '127.0.0.1'
EVS Port1 1980-012-14:04:01.70912 66/1/SBN 258: addr port: '3235'
EVS Port1 1980-012-14:04:01.70915 66/1/SBN 258: configured peer (SC=66, CPU=2, Address=127.0.0.1:3235)
EVS Port1 1980-012-14:04:01.70919 66/1/SBN 4: configuring peer (SC=66, CPU=3)...
EVS Port1 1980-012-14:04:01.70922 66/1/SBN 4: peer is other processor: loading peer onto net 0
EVS Port1 1980-012-14:04:01.70925 66/1/SBN 258: configuring peer (SC=66, CPU=3, Address=127.0.0.1:3236)
EVS Port1 1980-012-14:04:01.70930 66/1/SBN 258: addr host: '127.0.0.1'
EVS Port1 1980-012-14:04:01.70935 66/1/CFE_EVS 44: Events squelched, AppName = SBN
EVS Port1 1980-012-14:04:01.75474 66/1/CFE_SB 17: Msg Limit Err,MsgId 0x80e,pipe SBNSubPipe,sender TO_LAB
EVS Port1 1980-012-14:04:01.75479 66/1/CFE_SB 17: Msg Limit Err,MsgId 0x80e,pipe SBNSubPipe,sender TO_LAB
EVS Port1 1980-012-14:04:01.75480 66/1/CFE_SB 17: Msg Limit Err,MsgId 0x80e,pipe SBNSubPipe,sender TO_LAB
EVS Port1 1980-012-14:04:01.75480 66/1/CFE_SB 17: Msg Limit Err,MsgId 0x80e,pipe SBNSubPipe,sender TO_LAB
EVS Port1 1980-012-14:04:01.75482 66/1/CFE_SB 17: Msg Limit Err,MsgId 0x80e,pipe SBNSubPipe,sender TO_LAB
EVS Port1 1980-012-14:04:01.75483 66/1/CFE_SB 17: Msg Limit Err,MsgId 0x80e,pipe SBNSubPipe,sender TO_LAB
EVS Port1 1980-012-14:04:01.75485 66/1/CFE_SB 17: Msg Limit Err,MsgId 0x80e,pipe SBNSubPipe,sender TO_LAB
EVS Port1 1980-012-14:04:01.75485 66/1/CFE_SB 17: Msg Limit Err,MsgId 0x80e,pipe SBNSubPipe,sender TO_LAB
EVS Port1 1980-012-14:04:01.75489 66/1/CFE_SB 17: Msg Limit Err,MsgId 0x80e,pipe SBNSubPipe,sender TO_LAB
EVS Port1 1980-012-14:04:01.75495 66/1/CFE_SB 17: Msg Limit Err,MsgId 0x80e,pipe SBNSubPipe,sender TO_LAB
EVS Port1 1980-012-14:04:01.75502 66/1/CFE_SB 17: Msg Limit Err,MsgId 0x80e,pipe SBNSubPipe,sender TO_LAB
EVS Port1 1980-012-14:04:01.75509 66/1/CFE_SB 17: Msg Limit Err,MsgId 0x80e,pipe SBNSubPipe,sender TO_LAB
EVS Port1 1980-012-14:04:01.75514 66/1/CFE_SB 17: Msg Limit Err,MsgId 0x80e,pipe SBNSubPipe,sender TO_LAB
EVS Port1 1980-012-14:04:01.75518 66/1/CFE_SB 17: Msg Limit Err,MsgId 0x80e,pipe SBNSubPipe,sender TO_LAB
EVS Port1 1980-012-14:04:01.75524 66/1/CFE_SB 17: Msg Limit Err,MsgId 0x80e,pipe SBNSubPipe,sender TO_LAB
EVS Port1 1980-012-14:04:01.75531 66/1/CFE_SB 17: Msg Limit Err,MsgId 0x80e,pipe SBNSubPipe,sender TO_LAB
EVS Port1 1980-012-14:04:01.75549 66/1/TO_LAB 19: L550 TO Lab subscribed to 37 messages from the table
EVS Port1 1980-012-14:04:03.00004 66/1/CFE_TIME 21: Stop FLYWHEEL
...EVS Port1 1980-012-14:04:20.00004 66/1/CFE_TIME 21: Stop FLYWHEEL
EVS Port1 1980-012-14:04:20.99996 66/1/CFE_TIME 20: Start FLYWHEEL
EVS Port1 1980-012-14:04:22.50032 66/1/AI_LEARNER 4: AI_LEARNER completed=5/5 mean=254.3us max=313.2us hal_peak=45444 within_bounded=1
{"app":"AI_LEARNER","stage":"run","model":"bigact","target":"x86_64-unknown-linux-gnu","attempted":5,"completed":5,"fail_input":0,"fail_invoke":0,"fail_output":0,"mean_us":254.33,"max_us":313.22,"last_us":243.96,"out0":0.05260,"out":[0.052604]}
{"app":"AI_LEARNER","stage":"mem","model":"bigact","target":"x86_64-unknown-linux-gnu","completed":5,"hal_peak":45444,"peak_within_bounded":true,"hal_bytes_per_call_amortized":42167.2,"process_rss_kb":6880,"process_rss_delta_init_kb":624}
1980-012-14:04:25.00840 CFE_ES_RunExceptionScan: ExceptionID 0x1110002 in TaskID 0: Caught SIGINT
1980-012-14:04:25.00843 CFE_ES_RunExceptionScan: Maximum Processor Reset count reached (2)
CFE_PSP: Exiting cFE with POWERON Reset status.
CFE_PSP: Critical Data Store Shared memory segment removed
Reset Area Shared memory segment removed
User Reserved Area Shared memory segment removed

CFE_PSP: Shutdown initiated - Exiting cFE
CI delete callback -- Closing CI Network socket.
TO delete callback -- Closing TO Network socket.
