OS_BSP_Initialize():Maximum user msg queue depth = 512
CFE_PSP: Default Reset SubType = 1
CFE_PSP: Default CPU ID = 1
CFE_PSP: Default Spacecraft ID = 66
CFE_PSP: Default CPU Name: cpu1
OS_Posix_GetSchedulerParams():208:Policy 1: available, min-max: 1-99
OS_Posix_GetSchedulerParams():208:Policy 2: available, min-max: 1-99
OS_Posix_TaskAPI_Impl_Init():401:Selected policy 2 for RT tasks, root task = 99
OS_Posix_TaskAPI_Impl_Init():419:Could not setschedparam in main thread: Operation not permitted (1)
CFE_PSP: initializing module 'soft_timebase' with ID 0110ff00
CFE_PSP: Instantiated software timebase 'cFS-Master' running at 10000 usec
CFE_PSP: initializing module 'timebase_posix_clock' with ID 0110ff01
CFE_PSP: Using POSIX monotonic clock as CFE timebase
CFE_PSP: initializing module 'eeprom_mmap_file' with ID 0110ff02
CFE_PSP: Using MMAP simulated EEPROM implementation
CFE_PSP: EEPROM Range (2) created: Start Address = E57A5775E000, Size = 00080000 Status = 0
CFE_PSP: initializing module 'port_notimpl' with ID 0110ff03
CFE_PSP: I/O Port access not implemented
CFE_PSP: initializing module 'iodriver' with ID 0110ff04
CFE_PSP: initializing module 'linux_sysmon' with ID 0110ff05
CFE_PSP: initializing module 'endian_api' with ID 0110ff06
CFE_PSP: Host CPU Endian=LITTLE
CFE_PSP: initializing module 'ram_notimpl' with ID 0110ff07
CFE_PSP: Physical RAM access not implemented
CFE_PSP: Normal exit from previous cFE instance
CFE_PSP: Starting the cFE with a PROCESSOR reset.
1980-001-00:27:22.73345 CFE_ES_Main: CFE_ES_Main in EARLY_INIT state
1980-001-00:27:22.76362 CFE_ES_InitializeFileSystems: Volatile Disk has 100 Percent free space.
Number of addresses returned by backtrace = 1
CFE_PSP: CFE_PSP_AttachExceptions called
1980-001-00:27:22.80384 CFE_ES_Main: CFE_ES_Main entering CORE_STARTUP state
1980-001-00:27:22.80399 CFE_ES_CreateObjects: Starting Object Creation calls.
1980-001-00:27:22.80777 CFE_ES_CreateObjects: Calling EarlyInit for CFE_CONFIG
1980-001-00:27:22.81365 CFE_ES_CreateObjects: Calling EarlyInit for CFE_ES
1980-001-00:27:22.82374 CFE_ES_CreateObjects: Calling EarlyInit for CFE_EVS
1980-001-00:27:22.82803 CFE_EVS_EarlyInit: Event Log restored, n=0, c=20, f=1, m=1, o=53
1980-001-00:27:22.83072 CFE_ES_CreateObjects: Calling EarlyInit for CFE_FS
1980-001-00:27:22.83089 CFE_ES_CreateObjects: Calling EarlyInit for CFE_SB
1980-001-00:27:22.87477 CFE_ES_CreateObjects: Calling EarlyInit for CFE_TBL
1980-001-00:27:22.92765 CFE_ES_CreateObjects: Calling EarlyInit for CFE_TIME
EVS Port1 1980-012-14:08:16.54922 66/1/CFE_ES 1: cFE ES Initialized: CFE_ES v7.0.1+dev1 (Draco) DEV BUILD, based on v7.0.1, EDS disabled
EVS Port1 1980-012-14:08:16.56408 66/1/CFE_ES 2: cFS Versions: cfe v7.0.1+dev1, osal v7.0.1+dev1, psp v7.0.1+dev1. cFE chksm 31659
EVS Port1 1980-012-14:08:16.56623 66/1/CFE_ES 91: Version Info: Mission SampleMission, version git:v7.0.1-90-g78c23b0-dirty
EVS Port1 1980-012-14:08:16.57009 66/1/CFE_ES 91: Version Info: Module CORE_API, version git:2612eb0
EVS Port1 1980-012-14:08:16.57376 66/1/CFE_ES 91: Version Info: Module CONFIG, version git:2612eb0
EVS Port1 1980-012-14:08:16.57408 66/1/CFE_ES 91: Version Info: Module ES, version git:2612eb0
EVS Port1 1980-012-14:08:16.57772 66/1/CFE_ES 91: Version Info: Module EVS, version git:2612eb0
EVS Port1 1980-012-14:08:16.57807 66/1/CFE_ES 91: Version Info: Module FS, version git:2612eb0
EVS Port1 1980-012-14:08:16.57826 66/1/CFE_ES 91: Version Info: Module SB, version git:2612eb0
EVS Port1 1980-012-14:08:16.58166 66/1/CFE_ES 91: Version Info: Module TBL, version git:2612eb0
EVS Port1 1980-012-14:08:16.58197 66/1/CFE_ES 91: Version Info: Module TIME, version git:2612eb0
EVS Port1 1980-012-14:08:16.58215 66/1/CFE_ES 91: Version Info: Module OSAL, version git:8111e4a
EVS Port1 1980-012-14:08:16.58708 66/1/CFE_ES 91: Version Info: Module PSP, version git:d1da809
EVS Port1 1980-012-14:08:16.58753 66/1/CFE_ES 91: Version Info: Module MSG, version git:2612eb0
EVS Port1 1980-012-14:08:16.58775 66/1/CFE_ES 91: Version Info: Module SBR, version git:2612eb0
EVS Port1 1980-012-14:08:16.58793 66/1/CFE_ES 91: Version Info: Module RESOURCEID, version git:2612eb0
EVS Port1 1980-012-14:08:16.58821 66/1/CFE_ES 92: Build 202609101138 by root@vm, config aarch64
EVS Port1 1980-012-14:08:16.67594 66/1/CFE_EVS 1: cFE EVS Initialized: CFE_EVS v7.0.1+dev1 (Draco) DEV BUILD, based on v7.0.1, EDS disabled
1980-012-14:08:16.78082 CFE_SB_AppInit: Registered 4 events for filtering
EVS Port1 1980-012-14:08:16.78968 66/1/CFE_SB 1: cFE SB Initialized: CFE_SB v7.0.1+dev1 (Draco) DEV BUILD, based on v7.0.1, EDS disabled
EVS Port1 1980-012-14:08:16.79017 66/1/CFE_SB 14: No subscribers for MsgId 0x808,sender CFE_SB
EVS Port1 1980-012-14:08:16.89292 66/1/CFE_TBL 1: cFE TBL Initialized: CFE_TBL v7.0.1+dev1 (Draco) DEV BUILD, based on v7.0.1, EDS disabled
EVS Port1 1980-012-14:08:16.89813 66/1/CFE_SB 14: No subscribers for MsgId 0x808,sender CFE_TBL
EVS Port1 1980-012-14:08:17.02720 66/1/CFE_TIME 1: cFE TIME Initialized: CFE_TIME v7.0.1+dev1 (Draco) DEV BUILD, based on v7.0.1, EDS disabled
EVS Port1 1980-012-14:08:17.03080 66/1/CFE_SB 14: No subscribers for MsgId 0x808,sender CFE_TIME
1980-012-14:08:17.04395 CFE_ES_CreateObjects: Finished ES CreateObject table entries.
1980-012-14:08:17.04416 CFE_ES_Main: CFE_ES_Main entering CORE_READY state
OS_FileOpen_Impl():110:open(/dev/shm/osal:RAM/cfe_es_startup.scr): No such file or directory
1980-012-14:08:17.06080 CFE_ES_OpenStartupScript: Cannot Open Volatile Startup file: /ram/cfe_es_startup.scr, Trying Nonvolatile.
1980-012-14:08:17.06284 CFE_ES_OpenStartupScript: Opened ES App Startup file: /cf/cfe_es_startup.scr
1980-012-14:08:17.13981 CFE_ES_ParseFileEntry: Loading shared library: /cf/cfe_assert.so
1980-012-14:08:17.16890 [BEGIN] CFE FUNCTIONAL TEST
1980-012-14:08:17.17198 [BEGIN] 01 CFE-STARTUP
1980-012-14:08:17.23119 CFE_ES_ParseFileEntry: Loading shared library: /cf/sample_lib.so
SAMPLE Lib Initialized.Sample Lib v7.0.0+dev1 (Draco) DEV BUILD, based on v7.0.1, EDS disabled
1980-012-14:08:17.31002 CFE_ES_ParseFileEntry: Loading file: /cf/sch_lab.so, APP: SCH_LAB
1980-012-14:08:17.41290 CFE_ES_ParseFileEntry: Loading file: /cf/ci_lab.so, APP: CI_LAB
SCH Lab Initialized.SCH Lab v7.0.1+dev1 (Draco) DEV BUILD, based on v7.0.1, EDS disabled
1980-012-14:08:17.57101 CFE_ES_ParseFileEntry: Loading file: /cf/to_lab.so, APP: TO_LAB
EVS Port1 1980-012-14:08:17.73022 66/1/TO_LAB 1: TO Lab Initialized.TO Lab v7.0.1+dev1 (Draco) DEV BUILD, based on v7.0.1, EDS disabled, Awaiting enable command.
EVS Port1 1980-012-14:08:17.74290 66/1/CFE_SB 14: No subscribers for MsgId 0x808,sender TO_LAB
1980-012-14:08:17.77028 CFE_ES_ParseFileEntry: Loading file: /cf/sample_app.so, APP: SAMPLE_APP
1980-012-14:08:17.87689 CFE_ES_ParseFileEntry: Loading file: /cf/ai_learner.so, APP: AI_LEARNER
EVS Port1 1980-012-14:08:17.87965 66/1/SAMPLE_APP 1: Sample App Initialized.Sample App v7.0.0+dev1 (Draco) DEV BUILD, based on v7.0.1, EDS disabled
1980-012-14:08:17.97992 CI_LAB listening on UDP port: 1234
EVS Port1 1980-012-14:08:17.98184 66/1/CI_LAB 3: CI Lab Initialized.CI Lab App v7.0.1+dev1 (Draco) DEV BUILD, based on v7.0.1, EDS disabled
{"app":"AI_LEARNER","stage":"stack","es_stack_size":264063,"stack_base_bytes":262144,"contract_kernel_stack_bytes":1919,"kernel_stack_accounted":true}
EVS Port1 1980-012-14:08:18.00167 66/1/AI_LEARNER 8: AI_LEARNER stack: es=264063 base=262144 kernel=1919 accounted=1
{"app":"AI_LEARNER","stage":"admission","verdict":"ADMIT","model":"smartcam","target":"aarch64-unknown-linux-gnu","bounded":18222796,"budget":18222796,"budget_source":"override","per_call":9382092,"constants":8840704,"kernel_stack_bytes":1919,"bound_known":true,"scope":"per_app_local_budget"}
1980-012-14:08:18.00916 CFE_ES_ParseFileEntry: Loading file: /cf/lc.so, APP: LC
1980-012-14:08:18.16487 CFE_ES_ParseFileEntry: Loading file: /cf/cf.so, APP: CF
EVS Port1 1980-012-14:08:18.18188 66/1/LC 56: WDT verify results: good = 0, bad = 0, unused = 176
EVS Port1 1980-012-14:08:18.21121 66/1/LC 66: ADT verify results: good = 0, bad = 0, unused = 176
EVS Port1 1980-012-14:08:18.23385 66/1/LC 23: LC use of Critical Data Store disabled, activity mask = 0x00991990
EVS Port1 1980-012-14:08:18.23866 66/1/LC 2: LC Initialized. Version 7.0.1.255
1980-012-14:08:18.35480 CFE_ES_ParseFileEntry: Loading file: /cf/ds.so, APP: DS
EVS Port1 1980-012-14:08:18.45109 66/1/CF 20: CF Initialized. Version 7.0.1.255
EVS Port1 1980-012-14:08:18.58064 66/1/DS 10: Destination file table verify results: good entries = 6, bad = 0, unused = 10
1980-012-14:08:18.61306 CFE_ES_ParseFileEntry: Loading file: /cf/fm.so, APP: FM
EVS Port1 1980-012-14:08:18.61706 66/1/DS 12: Filter table verify results: good entries = 14, bad = 0, unused = 242
EVS Port1 1980-012-14:08:18.65481 66/1/DS 1: Application initialized, version 7.0.1.255, data at 0xe57a566c0460
EVS Port1 1980-012-14:08:18.79266 66/1/FM 80: Free Space Table verify results: good entries = 3, bad = 0, unused = 5
1980-012-14:08:18.80066 CFE_ES_ParseFileEntry: Loading file: /cf/hk.so, APP: HK
EVS Port1 1980-012-14:08:18.84599 66/1/FM 1: Initialization complete: version 7.0.1.255
EVS Port1 1980-012-14:08:18.90765 66/1/FM 72: Child Task initialization complete
1980-012-14:08:18.96674 CFE_ES_ParseFileEntry: Loading file: /cf/hs.so, APP: HS
EVS Port1 1980-012-14:08:18.97108 66/1/HK 1: HK Initialized.  Version 7.0.1.255
1980-012-14:08:19.14100 CFE_ES_ParseFileEntry: Loading file: /cf/mm.so, APP: MM
EVS Port1 1980-012-14:08:19.15124 66/1/HS 54: ExeCount verify results: good = 5, bad = 0, unused = 27
EVS Port1 1980-012-14:08:19.17401 66/1/HS 50: AppMon verify results: good = 0, bad = 0, unused = 32
EVS Port1 1980-012-14:08:19.21310 66/1/HS 52: EventMon verify results: good = 0, bad = 0, unused = 16
EVS Port1 1980-012-14:08:19.25003 66/1/HS 56: MsgActs verify results: good = 2, bad = 0, unused = 6
1980-012-14:08:19.27309 HS_SysMonInit(): System Monitor using PSP device ID 0110ff05
EVS Port1 1980-012-14:08:19.31015 66/1/MM 1: MM Initialized. Version 7.0.1.255
CFE_PSP(Linux_SysMon): Started CPU utilization monitoring on 1 CPU(s)
EVS Port1 1980-012-14:08:19.34594 66/1/HS 1: HS Initialized.  Version 7.0.1.255
1980-012-14:08:19.36816 CFE_ES_ParseFileEntry: Loading file: /cf/sc.so, APP: SC
1980-012-14:08:19.53673 CFE_ES_ParseFileEntry: Loading file: /cf/md.so, APP: MD
EVS Port1 1980-012-14:08:19.04455 66/1/CFE_TIME 21: Stop FLYWHEEL
EVS Port1 1980-012-14:08:19.08137 66/1/SC 21: RTS table files not loaded at initialization = 0 of 4
EVS Port1 1980-012-14:08:19.09057 66/1/SC 9: SC Initialized. Version 7.0.1.255
1980-012-14:08:19.12222 CFE_ES_ParseFileEntry: Loading file: /cf/cs.so, APP: CS
EVS Port1 1980-012-14:08:19.13929 66/1/MD 52: MD Dwell Tbl verify results: good = 0, bad = 0, unused = 25
EVS Port1 1980-012-14:08:19.14549 66/1/MD 3: Recovered Dwell Table #1 is valid and has been copied to the MD App
EVS Port1 1980-012-14:08:19.15249 66/1/MD 52: MD Dwell Tbl verify results: good = 0, bad = 0, unused = 25
EVS Port1 1980-012-14:08:19.16200 66/1/MD 3: Recovered Dwell Table #2 is valid and has been copied to the MD App
EVS Port1 1980-012-14:08:19.17118 66/1/MD 52: MD Dwell Tbl verify results: good = 0, bad = 0, unused = 25
EVS Port1 1980-012-14:08:19.18200 66/1/MD 3: Recovered Dwell Table #3 is valid and has been copied to the MD App
EVS Port1 1980-012-14:08:19.19332 66/1/MD 52: MD Dwell Tbl verify results: good = 0, bad = 0, unused = 25
EVS Port1 1980-012-14:08:19.19975 66/1/MD 3: Recovered Dwell Table #4 is valid and has been copied to the MD App
EVS Port1 1980-012-14:08:19.20539 66/1/MD 7: Dwell Tables Recovered: 4, Dwell Tables Initialized: 0
EVS Port1 1980-012-14:08:19.20747 66/1/MD 1: MD Initialized.  Version 7.0.1.255
EVS Port1 1980-012-14:08:19.28131 66/1/CS 144: CS EEPROM Table verification results: good = 0, bad = 0, unused = 16
EVS Port1 1980-012-14:08:19.29249 66/1/CS 107: CS EEPROM Table: No valid entries in the table
EVS Port1 1980-012-14:08:19.31736 66/1/CS 143: CS Memory Table verification results: good = 0, bad = 0, unused = 16
EVS Port1 1980-012-14:08:19.32916 66/1/CS 107: CS Memory Table: No valid entries in the table
EVS Port1 1980-012-14:08:19.37117 66/1/CS 139: CS Tables Table verification results: good = 1, bad = 0, unused = 23
EVS Port1 1980-012-14:08:19.39451 66/1/CS 142: CS Apps Table verification results: good = 0, bad = 0, unused = 24
EVS Port1 1980-012-14:08:19.40406 66/1/CS 108: CS Apps Table: No valid entries in the table
EVS Port1 1980-012-14:08:19.41241 66/1/CS 127: OS Text Segment disabled due to platform
EVS Port1 1980-012-14:08:19.41842 66/1/CS 1: CS Initialized. Version 7.0.1.255
1980-012-14:08:20.25922 CFE_ES_Main: Startup Sync failed - Applications may not have all initialized
1980-012-14:08:20.25944 CFE_ES_Main: CFE_ES_Main entering APPS_INIT state
1980-012-14:08:21.37731 CFE_ES_Main: Startup Sync failed - Applications may not have all started
1980-012-14:08:21.37767 CFE_ES_Main: CFE_ES_Main entering OPERATIONAL state
EVS Port1 1980-012-14:08:21.42205 66/1/TO_LAB 19: L550 TO Lab subscribed to 32 messages from the table
EVS Port1 1980-012-14:08:22.01463 66/1/CFE_TIME 21: Stop FLYWHEEL
{"app":"AI_LEARNER","stage":"binding","verdict":"MATCH","artifact_bytes":8991281,"artifact_sha256":"ecffe6e0bcbadf51","contract_sha256":"ecffe6e0bcbadf51"}
{"app":"AI_LEARNER","stage":"map_branch","model":"smartcam","module_ptr_mod64":0,"hal_peak_after_append":0,"contract_const_bytes":8840704,"contract_per_call_bytes":9382092,"arm":"map","admission_mode":"unconditional"}
EVS Port1 1980-012-14:08:23.12684 66/1/CFE_TIME 20: Start FLYWHEEL
{"app":"AI_LEARNER","stage":"mem_init","model":"smartcam","target":"aarch64-unknown-linux-gnu","hal_peak":602112,"hal_allocated":602112,"bounded":18222796,"peak_within_bounded":true,"inferences_so_far":0,"process_rss_kb":15992,"rss_kb_before_runtime":14248,"rss_kb_after_session":14536,"rss_kb_after_init":15992}
{"app":"AI_LEARNER","stage":"e25_mode","active":false,"inputs_path":"/cf/e25_inputs.bin"}
EVS Port1 1980-012-14:08:23.25465 66/1/AI_LEARNER 3: AI_LEARNER initialized: model smartcam (8991281 B), rss_delta_init=1744 KB
EVS Port1 1980-012-14:08:24.00636 66/1/CFE_TIME 21: Stop FLYWHEEL
EVS Port1 1980-012-14:08:25.08009 66/1/CFE_TIME 20: Start FLYWHEEL
EVS Port1 1980-012-14:08:26.01113 66/1/CFE_TIME 21: Stop FLYWHEEL
EVS Port1 1980-012-14:08:27.00930 66/1/CFE_TIME 20: Start FLYWHEEL
.EVS Port1 1980-012-14:08:28.01321 66/1/CFE_TIME 21: Stop FLYWHEEL
EVS Port1 1980-012-14:08:29.02934 66/1/CFE_TIME 20: Start FLYWHEEL
EVS Port1 1980-012-14:08:30.00836 66/1/CFE_TIME 21: Stop FLYWHEEL
EVS Port1 1980-012-14:08:30.99917 66/1/CFE_TIME 20: Start FLYWHEEL
.EVS Port1 1980-012-14:08:33.15811 66/1/CFE_TIME 20: Start FLYWHEEL
EVS Port1 1980-012-14:08:34.01405 66/1/CFE_TIME 21: Stop FLYWHEEL
.EVS Port1 1980-012-14:08:39.54145 66/1/AI_LEARNER 4: AI_LEARNER completed=1/1 mean=13821566.0us max=13821566.0us hal_peak=9382092 within_bounded=1
{"app":"AI_LEARNER","stage":"run","model":"smartcam","target":"aarch64-unknown-linux-gnu","attempted":1,"completed":1,"fail_input":0,"fail_invoke":0,"fail_output":0,"mean_us":13821565.95,"max_us":13821565.95,"last_us":13821565.95,"out0":0.81590,"out":[0.815896,0.145801,0.038303]}
{"app":"AI_LEARNER","stage":"mem","model":"smartcam","target":"aarch64-unknown-linux-gnu","completed":1,"hal_peak":9382092,"peak_within_bounded":true,"admitted_budget_bytes":18222796,"peak_within_admitted_budget":true,"admission_mode":"unconditional","hal_bytes_per_call_amortized":9382092.0,"process_rss_kb":16580,"process_rss_delta_init_kb":1744}
.{"app":"AI_LEARNER","stage":"run","model":"smartcam","target":"aarch64-unknown-linux-gnu","attempted":2,"completed":2,"fail_input":0,"fail_invoke":0,"fail_output":0,"mean_us":10688788.74,"max_us":13821565.95,"last_us":7556011.52,"out0":0.81590,"out":[0.815896,0.145801,0.038303]}
EVS Port1 1980-012-14:08:47.11227 66/1/AI_LEARNER 4: AI_LEARNER completed=2/2 mean=10688788.7us max=13821566.0us hal_peak=9382092 within_bounded=1
{"app":"AI_LEARNER","stage":"mem","model":"smartcam","target":"aarch64-unknown-linux-gnu","completed":2,"hal_peak":9382092,"peak_within_bounded":true,"admitted_budget_bytes":18222796,"peak_within_admitted_budget":true,"admission_mode":"unconditional","hal_bytes_per_call_amortized":9081036.0,"process_rss_kb":25160,"process_rss_delta_init_kb":1744}
.EVS Port1 1980-012-14:08:53.85450 66/1/CFE_SB 17: Msg Limit Err,MsgId 0x800,pipe AI_LEARNER_PIPE,sender CFE_ES
EVS Port1 1980-012-14:08:54.32716 66/1/AI_LEARNER 4: AI_LEARNER completed=3/3 mean=9526220.8us max=13821566.0us hal_peak=9382092 within_bounded=1
{"app":"AI_LEARNER","stage":"run","model":"smartcam","target":"aarch64-unknown-linux-gnu","attempted":3,"completed":3,"fail_input":0,"fail_invoke":0,"fail_output":0,"mean_us":9526220.83,"max_us":13821565.95,"last_us":7201085.02,"out0":0.81590,"out":[0.815896,0.145801,0.038303]}
{"app":"AI_LEARNER","stage":"mem","model":"smartcam","target":"aarch64-unknown-linux-gnu","completed":3,"hal_peak":9382092,"peak_within_bounded":true,"admitted_budget_bytes":18222796,"peak_within_admitted_budget":true,"admission_mode":"unconditional","hal_bytes_per_call_amortized":8980684.0,"process_rss_kb":25160,"process_rss_delta_init_kb":1744}
.EVS Port1 1980-012-14:09:01.66806 66/1/AI_LEARNER 4: AI_LEARNER completed=4/4 mean=8975155.1us max=13821566.0us hal_peak=9382092 within_bounded=1
{"app":"AI_LEARNER","stage":"run","model":"smartcam","target":"aarch64-unknown-linux-gnu","attempted":4,"completed":4,"fail_input":0,"fail_invoke":0,"fail_output":0,"mean_us":8975155.09,"max_us":13821565.95,"last_us":7321957.86,"out0":0.81590,"out":[0.815896,0.145801,0.038303]}
{"app":"AI_LEARNER","stage":"mem","model":"smartcam","target":"aarch64-unknown-linux-gnu","completed":4,"hal_peak":9382092,"peak_within_bounded":true,"admitted_budget_bytes":18222796,"peak_within_admitted_budget":true,"admission_mode":"unconditional","hal_bytes_per_call_amortized":8930508.0,"process_rss_kb":25160,"process_rss_delta_init_kb":1744}
.EVS Port1 1980-012-14:09:05.85873 66/1/CFE_SB 17: Msg Limit Err,MsgId 0x800,pipe AI_LEARNER_PIPE,sender CFE_ES
EVS Port1 1980-012-14:09:08.72500 66/1/AI_LEARNER 4: AI_LEARNER completed=5/5 mean=8590308.1us max=13821566.0us hal_peak=9382092 within_bounded=1
{"app":"AI_LEARNER","stage":"run","model":"smartcam","target":"aarch64-unknown-linux-gnu","attempted":5,"completed":5,"fail_input":0,"fail_invoke":0,"fail_output":0,"mean_us":8590308.06,"max_us":13821565.95,"last_us":7050919.95,"out0":0.81590,"out":[0.815896,0.145801,0.038303]}
{"app":"AI_LEARNER","stage":"mem","model":"smartcam","target":"aarch64-unknown-linux-gnu","completed":5,"hal_peak":9382092,"peak_within_bounded":true,"admitted_budget_bytes":18222796,"peak_within_admitted_budget":true,"admission_mode":"unconditional","hal_bytes_per_call_amortized":8900402.4,"process_rss_kb":25160,"process_rss_delta_init_kb":1744}
.EVS Port1 1980-012-14:09:13.88861 66/1/CFE_SB 17: Msg Limit Err,MsgId 0x800,pipe AI_LEARNER_PIPE,sender CFE_ES
.EVS Port1 1980-012-14:09:15.00280 66/1/CFE_TIME 21: Stop FLYWHEEL
EVS Port1 1980-012-14:09:16.00151 66/1/CFE_TIME 20: Start FLYWHEEL
EVS Port1 1980-012-14:09:16.14413 66/1/AI_LEARNER 4: AI_LEARNER completed=6/6 mean=8398642.6us max=13821566.0us hal_peak=9382092 within_bounded=1
{"app":"AI_LEARNER","stage":"run","model":"smartcam","target":"aarch64-unknown-linux-gnu","attempted":6,"completed":6,"fail_input":0,"fail_invoke":0,"fail_output":0,"mean_us":8398642.62,"max_us":13821565.95,"last_us":7440315.41,"out0":0.81590,"out":[0.815896,0.145801,0.038303]}
{"app":"AI_LEARNER","stage":"mem","model":"smartcam","target":"aarch64-unknown-linux-gnu","completed":6,"hal_peak":9382092,"peak_within_bounded":true,"admitted_budget_bytes":18222796,"peak_within_admitted_budget":true,"admission_mode":"unconditional","hal_bytes_per_call_amortized":8880332.0,"process_rss_kb":25160,"process_rss_delta_init_kb":1744}
.EVS Port1 1980-012-14:09:21.85202 66/1/CFE_SB 17: Msg Limit Err,MsgId 0x800,pipe AI_LEARNER_PIPE,sender CFE_ES
EVS Port1 1980-012-14:09:23.32225 66/1/AI_LEARNER 4: AI_LEARNER completed=7/7 mean=8221454.5us max=13821566.0us hal_peak=9382092 within_bounded=1
{"app":"AI_LEARNER","stage":"run","model":"smartcam","target":"aarch64-unknown-linux-gnu","attempted":7,"completed":7,"fail_input":0,"fail_invoke":0,"fail_output":0,"mean_us":8221454.47,"max_us":13821565.95,"last_us":7158325.55,"out0":0.81590,"out":[0.815896,0.145801,0.038303]}
{"app":"AI_LEARNER","stage":"mem","model":"smartcam","target":"aarch64-unknown-linux-gnu","completed":7,"hal_peak":9382092,"peak_within_bounded":true,"admitted_budget_bytes":18222796,"peak_within_admitted_budget":true,"admission_mode":"unconditional","hal_bytes_per_call_amortized":8865996.0,"process_rss_kb":25160,"process_rss_delta_init_kb":1744}
.EVS Port1 1980-012-14:09:29.86228 66/1/CFE_SB 17: Msg Limit Err,MsgId 0x800,pipe AI_LEARNER_PIPE,sender CFE_ES
EVS Port1 1980-012-14:09:30.43997 66/1/AI_LEARNER 4: AI_LEARNER completed=8/8 mean=8082043.6us max=13821566.0us hal_peak=9382092 within_bounded=1
{"app":"AI_LEARNER","stage":"run","model":"smartcam","target":"aarch64-unknown-linux-gnu","attempted":8,"completed":8,"fail_input":0,"fail_invoke":0,"fail_output":0,"mean_us":8082043.55,"max_us":13821565.95,"last_us":7106167.17,"out0":0.81590,"out":[0.815896,0.145801,0.038303]}
{"app":"AI_LEARNER","stage":"mem","model":"smartcam","target":"aarch64-unknown-linux-gnu","completed":8,"hal_peak":9382092,"peak_within_bounded":true,"admitted_budget_bytes":18222796,"peak_within_admitted_budget":true,"admission_mode":"unconditional","hal_bytes_per_call_amortized":8855244.0,"process_rss_kb":25160,"process_rss_delta_init_kb":1744}
.{"app":"AI_LEARNER","stage":"run","model":"smartcam","target":"aarch64-unknown-linux-gnu","attempted":9,"completed":9,"fail_input":0,"fail_invoke":0,"fail_output":0,"mean_us":7972288.77,"max_us":13821565.95,"last_us":7094250.53,"out0":0.81590,"out":[0.815896,0.145801,0.038303]}
EVS Port1 1980-012-14:09:37.55061 66/1/AI_LEARNER 4: AI_LEARNER completed=9/9 mean=7972288.8us max=13821566.0us hal_peak=9382092 within_bounded=1
{"app":"AI_LEARNER","stage":"mem","model":"smartcam","target":"aarch64-unknown-linux-gnu","completed":9,"hal_peak":9382092,"peak_within_bounded":true,"admitted_budget_bytes":18222796,"peak_within_admitted_budget":true,"admission_mode":"unconditional","hal_bytes_per_call_amortized":8846881.3,"process_rss_kb":25160,"process_rss_delta_init_kb":1744}
.EVS Port1 1980-012-14:09:41.85208 66/1/CFE_SB 17: Msg Limit Err,MsgId 0x800,pipe AI_LEARNER_PIPE,sender CFE_ES
{"app":"AI_LEARNER","stage":"run","model":"smartcam","target":"aarch64-unknown-linux-gnu","attempted":10,"completed":10,"fail_input":0,"fail_invoke":0,"fail_output":0,"mean_us":7895792.32,"max_us":13821565.95,"last_us":7207324.26,"out0":0.81590,"out":[0.815896,0.145801,0.038303]}
EVS Port1 1980-012-14:09:44.76078 66/1/AI_LEARNER 4: AI_LEARNER completed=10/10 mean=7895792.3us max=13821566.0us hal_peak=9382092 within_bounded=1
{"app":"AI_LEARNER","stage":"mem","model":"smartcam","target":"aarch64-unknown-linux-gnu","completed":10,"hal_peak":9382092,"peak_within_bounded":true,"admitted_budget_bytes":18222796,"peak_within_admitted_budget":true,"admission_mode":"unconditional","hal_bytes_per_call_amortized":8840191.2,"process_rss_kb":25160,"process_rss_delta_init_kb":1744}
.EVS Port1 1980-012-14:09:49.84603 66/1/CFE_SB 17: Msg Limit Err,MsgId 0x800,pipe AI_LEARNER_PIPE,sender CFE_ES
.{"app":"AI_LEARNER","stage":"run","model":"smartcam","target":"aarch64-unknown-linux-gnu","attempted":11,"completed":11,"fail_input":0,"fail_invoke":0,"fail_output":0,"mean_us":7822653.26,"max_us":13821565.95,"last_us":7091262.66,"out0":0.81590,"out":[0.815896,0.145801,0.038303]}
EVS Port1 1980-012-14:09:51.85914 66/1/AI_LEARNER 4: AI_LEARNER completed=11/11 mean=7822653.3us max=13821566.0us hal_peak=9382092 within_bounded=1
{"app":"AI_LEARNER","stage":"mem","model":"smartcam","target":"aarch64-unknown-linux-gnu","completed":11,"hal_peak":9382092,"peak_within_bounded":true,"admitted_budget_bytes":18222796,"peak_within_admitted_budget":true,"admission_mode":"unconditional","hal_bytes_per_call_amortized":8834717.5,"process_rss_kb":25160,"process_rss_delta_init_kb":1744}
.EVS Port1 1980-012-14:09:57.85469 66/1/CFE_SB 17: Msg Limit Err,MsgId 0x800,pipe AI_LEARNER_PIPE,sender CFE_ES
EVS Port1 1980-012-14:09:58.96061 66/1/AI_LEARNER 4: AI_LEARNER completed=12/12 mean=7761377.6us max=13821566.0us hal_peak=9382092 within_bounded=1
{"app":"AI_LEARNER","stage":"run","model":"smartcam","target":"aarch64-unknown-linux-gnu","attempted":12,"completed":12,"fail_input":0,"fail_invoke":0,"fail_output":0,"mean_us":7761377.60,"max_us":13821565.95,"last_us":7087345.36,"out0":0.81590,"out":[0.815896,0.145801,0.038303]}
{"app":"AI_LEARNER","stage":"mem","model":"smartcam","target":"aarch64-unknown-linux-gnu","completed":12,"hal_peak":9382092,"peak_within_bounded":true,"admitted_budget_bytes":18222796,"peak_within_admitted_budget":true,"admission_mode":"unconditional","hal_bytes_per_call_amortized":8830156.0,"process_rss_kb":25160,"process_rss_delta_init_kb":1744}
.EVS Port1 1980-012-14:10:05.84417 66/1/CFE_SB 17: Msg Limit Err,MsgId 0x800,pipe AI_LEARNER_PIPE,sender CFE_ES
EVS Port1 1980-012-14:10:06.05117 66/1/AI_LEARNER 4: AI_LEARNER completed=13/13 mean=7709056.4us max=13821566.0us hal_peak=9382092 within_bounded=1
{"app":"AI_LEARNER","stage":"run","model":"smartcam","target":"aarch64-unknown-linux-gnu","attempted":13,"completed":13,"fail_input":0,"fail_invoke":0,"fail_output":0,"mean_us":7709056.38,"max_us":13821565.95,"last_us":7081201.73,"out0":0.81590,"out":[0.815896,0.145801,0.038303]}
{"app":"AI_LEARNER","stage":"mem","model":"smartcam","target":"aarch64-unknown-linux-gnu","completed":13,"hal_peak":9382092,"peak_within_bounded":true,"admitted_budget_bytes":18222796,"peak_within_admitted_budget":true,"admission_mode":"unconditional","hal_bytes_per_call_amortized":8826296.3,"process_rss_kb":25160,"process_rss_delta_init_kb":1744}
.EVS Port1 1980-012-14:10:13.57188 66/1/AI_LEARNER 4: AI_LEARNER completed=14/14 mean=7694763.2us max=13821566.0us hal_peak=9382092 within_bounded=1
{"app":"AI_LEARNER","stage":"run","model":"smartcam","target":"aarch64-unknown-linux-gnu","attempted":14,"completed":14,"fail_input":0,"fail_invoke":0,"fail_output":0,"mean_us":7694763.21,"max_us":13821565.95,"last_us":7508951.92,"out0":0.81590,"out":[0.815896,0.145801,0.038303]}
{"app":"AI_LEARNER","stage":"mem","model":"smartcam","target":"aarch64-unknown-linux-gnu","completed":14,"hal_peak":9382092,"peak_within_bounded":true,"admitted_budget_bytes":18222796,"peak_within_admitted_budget":true,"admission_mode":"unconditional","hal_bytes_per_call_amortized":8822988.0,"process_rss_kb":25160,"process_rss_delta_init_kb":1744}
EVS Port1 1980-012-14:10:15.00590 66/1/CFE_TIME 21: Stop FLYWHEEL
.EVS Port1 1980-012-14:10:15.99555 66/1/CFE_TIME 20: Start FLYWHEEL
EVS Port1 1980-012-14:10:17.86195 66/1/CFE_SB 17: Msg Limit Err,MsgId 0x800,pipe AI_LEARNER_PIPE,sender CFE_ES
EVS Port1 1980-012-14:10:21.01425 66/1/CFE_TIME 21: Stop FLYWHEEL
.EVS Port1 1980-012-14:10:21.29287 66/1/AI_LEARNER 4: AI_LEARNER completed=15/15 mean=7699873.7us max=13821566.0us hal_peak=9382092 within_bounded=1
{"app":"AI_LEARNER","stage":"run","model":"smartcam","target":"aarch64-unknown-linux-gnu","attempted":15,"completed":15,"fail_input":0,"fail_invoke":0,"fail_output":0,"mean_us":7699873.70,"max_us":13821565.95,"last_us":7771420.58,"out0":0.81590,"out":[0.815896,0.145801,0.038303]}
{"app":"AI_LEARNER","stage":"mem","model":"smartcam","target":"aarch64-unknown-linux-gnu","completed":15,"hal_peak":9382092,"peak_within_bounded":true,"admitted_budget_bytes":18222796,"peak_within_admitted_budget":true,"admission_mode":"unconditional","hal_bytes_per_call_amortized":8820120.8,"process_rss_kb":25160,"process_rss_delta_init_kb":1744}
EVS Port1 1980-012-14:10:21.99906 66/1/CFE_TIME 20: Start FLYWHEEL
EVS Port1 1980-012-14:10:25.85833 66/1/CFE_SB 17: Msg Limit Err,MsgId 0x800,pipe AI_LEARNER_PIPE,sender CFE_ES
.EVS Port1 1980-012-14:10:29.28941 66/1/AI_LEARNER 4: AI_LEARNER completed=16/16 mean=7717620.4us max=13821566.0us hal_peak=9382092 within_bounded=1
{"app":"AI_LEARNER","stage":"run","model":"smartcam","target":"aarch64-unknown-linux-gnu","attempted":16,"completed":16,"fail_input":0,"fail_invoke":0,"fail_output":0,"mean_us":7717620.37,"max_us":13821565.95,"last_us":7983820.53,"out0":0.81590,"out":[0.815896,0.145801,0.038303]}
{"app":"AI_LEARNER","stage":"mem","model":"smartcam","target":"aarch64-unknown-linux-gnu","completed":16,"hal_peak":9382092,"peak_within_bounded":true,"admitted_budget_bytes":18222796,"peak_within_admitted_budget":true,"admission_mode":"unconditional","hal_bytes_per_call_amortized":8817612.0,"process_rss_kb":25160,"process_rss_delta_init_kb":1744}
.EVS Port1 1980-012-14:10:33.92486 66/1/CFE_SB 17: Msg Limit Err,MsgId 0x800,pipe AI_LEARNER_PIPE,sender CFE_ES
EVS Port1 1980-012-14:10:34.00413 66/1/CFE_TIME 21: Stop FLYWHEEL
EVS Port1 1980-012-14:10:34.99923 66/1/CFE_TIME 20: Start FLYWHEEL
EVS Port1 1980-012-14:10:37.85536 66/1/CFE_SB 17: Msg Limit Err,MsgId 0x800,pipe AI_LEARNER_PIPE,sender CFE_ES
EVS Port1 1980-012-14:10:38.49206 66/1/AI_LEARNER 4: AI_LEARNER completed=17/17 mean=7806681.2us max=13821566.0us hal_peak=9382092 within_bounded=1
{"app":"AI_LEARNER","stage":"run","model":"smartcam","target":"aarch64-unknown-linux-gnu","attempted":17,"completed":17,"fail_input":0,"fail_invoke":0,"fail_output":0,"mean_us":7806681.17,"max_us":13821565.95,"last_us":9231653.86,"out0":0.81590,"out":[0.815896,0.145801,0.038303]}
{"app":"AI_LEARNER","stage":"mem","model":"smartcam","target":"aarch64-unknown-linux-gnu","completed":17,"hal_peak":9382092,"peak_within_bounded":true,"admitted_budget_bytes":18222796,"peak_within_admitted_budget":true,"admission_mode":"unconditional","hal_bytes_per_call_amortized":8815398.4,"process_rss_kb":25160,"process_rss_delta_init_kb":1744}
..EVS Port1 1980-012-14:10:45.63369 66/1/AI_LEARNER 4: AI_LEARNER completed=18/18 mean=7769608.8us max=13821566.0us hal_peak=9382092 within_bounded=1
{"app":"AI_LEARNER","stage":"run","model":"smartcam","target":"aarch64-unknown-linux-gnu","attempted":18,"completed":18,"fail_input":0,"fail_invoke":0,"fail_output":0,"mean_us":7769608.81,"max_us":13821565.95,"last_us":7139378.72,"out0":0.81590,"out":[0.815896,0.145801,0.038303]}
{"app":"AI_LEARNER","stage":"mem","model":"smartcam","target":"aarch64-unknown-linux-gnu","completed":18,"hal_peak":9382092,"peak_within_bounded":true,"admitted_budget_bytes":18222796,"peak_within_admitted_budget":true,"admission_mode":"unconditional","hal_bytes_per_call_amortized":8813430.7,"process_rss_kb":25160,"process_rss_delta_init_kb":1744}
EVS Port1 1980-012-14:10:46.26522 66/1/HS 61: CPU Hogging Detected
1980-012-14:10:46.26919 HS App: CPU Hogging Detected
EVS Port1 1980-012-14:10:49.85244 66/1/CFE_SB 17: Msg Limit Err,MsgId 0x800,pipe AI_LEARNER_PIPE,sender CFE_ES
.EVS Port1 1980-012-14:10:52.95533 66/1/AI_LEARNER 4: AI_LEARNER completed=19/19 mean=7745172.6us max=13821566.0us hal_peak=9382092 within_bounded=1
{"app":"AI_LEARNER","stage":"run","model":"smartcam","target":"aarch64-unknown-linux-gnu","attempted":19,"completed":19,"fail_input":0,"fail_invoke":0,"fail_output":0,"mean_us":7745172.58,"max_us":13821565.95,"last_us":7305320.48,"out0":0.81590,"out":[0.815896,0.145801,0.038303]}
{"app":"AI_LEARNER","stage":"mem","model":"smartcam","target":"aarch64-unknown-linux-gnu","completed":19,"hal_peak":9382092,"peak_within_bounded":true,"admitted_budget_bytes":18222796,"peak_within_admitted_budget":true,"admission_mode":"unconditional","hal_bytes_per_call_amortized":8811670.1,"process_rss_kb":25160,"process_rss_delta_init_kb":1744}
.EVS Port1 1980-012-14:10:57.85426 66/1/CFE_SB 17: Msg Limit Err,MsgId 0x800,pipe AI_LEARNER_PIPE,sender CFE_ES
{"app":"AI_LEARNER","stage":"run","model":"smartcam","target":"aarch64-unknown-linux-gnu","attempted":20,"completed":20,"fail_input":0,"fail_invoke":0,"fail_output":0,"mean_us":7735642.32,"max_us":13821565.95,"last_us":7554567.36,"out0":0.81590,"out":[0.815896,0.145801,0.038303]}
EVS Port1 1980-012-14:11:00.51319 66/1/AI_LEARNER 4: AI_LEARNER completed=20/20 mean=7735642.3us max=13821566.0us hal_peak=9382092 within_bounded=1
{"app":"AI_LEARNER","stage":"mem","model":"smartcam","target":"aarch64-unknown-linux-gnu","completed":20,"hal_peak":9382092,"peak_within_bounded":true,"admitted_budget_bytes":18222796,"peak_within_admitted_budget":true,"admission_mode":"unconditional","hal_bytes_per_call_amortized":8810085.6,"process_rss_kb":25160,"process_rss_delta_init_kb":1744}
.EVS Port1 1980-012-14:11:04.00492 66/1/CFE_TIME 21: Stop FLYWHEEL
EVS Port1 1980-012-14:11:04.99584 66/1/CFE_TIME 20: Start FLYWHEEL
EVS Port1 1980-012-14:11:05.87673 66/1/CFE_SB 17: Msg Limit Err,MsgId 0x800,pipe AI_LEARNER_PIPE,sender CFE_ES
EVS Port1 1980-012-14:11:07.95182 66/1/AI_LEARNER 4: AI_LEARNER completed=21/21 mean=7721912.2us max=13821566.0us hal_peak=9382092 within_bounded=1
{"app":"AI_LEARNER","stage":"run","model":"smartcam","target":"aarch64-unknown-linux-gnu","attempted":21,"completed":21,"fail_input":0,"fail_invoke":0,"fail_output":0,"mean_us":7721912.23,"max_us":13821565.95,"last_us":7447310.42,"out0":0.81590,"out":[0.815896,0.145801,0.038303]}
{"app":"AI_LEARNER","stage":"mem","model":"smartcam","target":"aarch64-unknown-linux-gnu","completed":21,"hal_peak":9382092,"peak_within_bounded":true,"admitted_budget_bytes":18222796,"peak_within_admitted_budget":true,"admission_mode":"unconditional","hal_bytes_per_call_amortized":8808652.0,"process_rss_kb":25160,"process_rss_delta_init_kb":1744}
..EVS Port1 1980-012-14:11:15.47798 66/1/AI_LEARNER 4: AI_LEARNER completed=22/22 mean=7713980.3us max=13821566.0us hal_peak=9382092 within_bounded=1
{"app":"AI_LEARNER","stage":"run","model":"smartcam","target":"aarch64-unknown-linux-gnu","attempted":22,"completed":22,"fail_input":0,"fail_invoke":0,"fail_output":0,"mean_us":7713980.30,"max_us":13821565.95,"last_us":7547409.74,"out0":0.81590,"out":[0.815896,0.145801,0.038303]}
{"app":"AI_LEARNER","stage":"mem","model":"smartcam","target":"aarch64-unknown-linux-gnu","completed":22,"hal_peak":9382092,"peak_within_bounded":true,"admitted_budget_bytes":18222796,"peak_within_admitted_budget":true,"admission_mode":"unconditional","hal_bytes_per_call_amortized":8807348.7,"process_rss_kb":25160,"process_rss_delta_init_kb":1744}
.{"app":"AI_LEARNER","stage":"run","model":"smartcam","target":"aarch64-unknown-linux-gnu","attempted":23,"completed":23,"fail_input":0,"fail_invoke":0,"fail_output":0,"mean_us":7681899.74,"max_us":13821565.95,"last_us":6976127.38,"out0":0.81590,"out":[0.815896,0.145801,0.038303]}
EVS Port1 1980-012-14:11:22.45025 66/1/AI_LEARNER 4: AI_LEARNER completed=23/23 mean=7681899.7us max=13821566.0us hal_peak=9382092 within_bounded=1
{"app":"AI_LEARNER","stage":"mem","model":"smartcam","target":"aarch64-unknown-linux-gnu","completed":23,"hal_peak":9382092,"peak_within_bounded":true,"admitted_budget_bytes":18222796,"peak_within_admitted_budget":true,"admission_mode":"unconditional","hal_bytes_per_call_amortized":8806158.8,"process_rss_kb":25160,"process_rss_delta_init_kb":1744}
.EVS Port1 1980-012-14:11:30.08180 66/1/AI_LEARNER 4: AI_LEARNER completed=24/24 mean=7679049.9us max=13821566.0us hal_peak=9382092 within_bounded=1
{"app":"AI_LEARNER","stage":"run","model":"smartcam","target":"aarch64-unknown-linux-gnu","attempted":24,"completed":24,"fail_input":0,"fail_invoke":0,"fail_output":0,"mean_us":7679049.91,"max_us":13821565.95,"last_us":7613503.87,"out0":0.85279,"out":[0.852794,0.116030,0.031176]}
{"app":"AI_LEARNER","stage":"mem","model":"smartcam","target":"aarch64-unknown-linux-gnu","completed":24,"hal_peak":9382092,"peak_within_bounded":true,"admitted_budget_bytes":18222796,"peak_within_admitted_budget":true,"admission_mode":"unconditional","hal_bytes_per_call_amortized":8805068.0,"process_rss_kb":25160,"process_rss_delta_init_kb":1744}
.EVS Port1 1980-012-14:11:37.37075 66/1/AI_LEARNER 4: AI_LEARNER completed=25/25 mean=7663114.4us max=13821566.0us hal_peak=9382092 within_bounded=1
{"app":"AI_LEARNER","stage":"run","model":"smartcam","target":"aarch64-unknown-linux-gnu","attempted":25,"completed":25,"fail_input":0,"fail_invoke":0,"fail_output":0,"mean_us":7663114.43,"max_us":13821565.95,"last_us":7280663.02,"out0":0.85279,"out":[0.852794,0.116030,0.031176]}
{"app":"AI_LEARNER","stage":"mem","model":"smartcam","target":"aarch64-unknown-linux-gnu","completed":25,"hal_peak":9382092,"peak_within_bounded":true,"admitted_budget_bytes":18222796,"peak_within_admitted_budget":true,"admission_mode":"unconditional","hal_bytes_per_call_amortized":8804064.5,"process_rss_kb":25160,"process_rss_delta_init_kb":1744}
.EVS Port1 1980-012-14:11:44.96890 66/1/AI_LEARNER 4: AI_LEARNER completed=26/26 mean=7660220.9us max=13821566.0us hal_peak=9382092 within_bounded=1
{"app":"AI_LEARNER","stage":"run","model":"smartcam","target":"aarch64-unknown-linux-gnu","attempted":26,"completed":26,"fail_input":0,"fail_invoke":0,"fail_output":0,"mean_us":7660220.91,"max_us":13821565.95,"last_us":7587882.93,"out0":0.85279,"out":[0.852794,0.116030,0.031176]}
{"app":"AI_LEARNER","stage":"mem","model":"smartcam","target":"aarch64-unknown-linux-gnu","completed":26,"hal_peak":9382092,"peak_within_bounded":true,"admitted_budget_bytes":18222796,"peak_within_admitted_budget":true,"admission_mode":"unconditional","hal_bytes_per_call_amortized":8803138.2,"process_rss_kb":25160,"process_rss_delta_init_kb":1744}
..EVS Port1 1980-012-14:11:52.16117 66/1/AI_LEARNER 4: AI_LEARNER completed=27/27 mean=7642417.1us max=13821566.0us hal_peak=9382092 within_bounded=1
{"app":"AI_LEARNER","stage":"run","model":"smartcam","target":"aarch64-unknown-linux-gnu","attempted":27,"completed":27,"fail_input":0,"fail_invoke":0,"fail_output":0,"mean_us":7642417.14,"max_us":13821565.95,"last_us":7179519.02,"out0":0.85279,"out":[0.852794,0.116030,0.031176]}
{"app":"AI_LEARNER","stage":"mem","model":"smartcam","target":"aarch64-unknown-linux-gnu","completed":27,"hal_peak":9382092,"peak_within_bounded":true,"admitted_budget_bytes":18222796,"peak_within_admitted_budget":true,"admission_mode":"unconditional","hal_bytes_per_call_amortized":8802280.4,"process_rss_kb":25160,"process_rss_delta_init_kb":1744}
.{"app":"AI_LEARNER","stage":"run","model":"smartcam","target":"aarch64-unknown-linux-gnu","attempted":28,"completed":28,"fail_input":0,"fail_invoke":0,"fail_output":0,"mean_us":7624449.67,"max_us":13821565.95,"last_us":7139328.05,"out0":0.85279,"out":[0.852794,0.116030,0.031176]}
EVS Port1 1980-012-14:11:59.31042 66/1/AI_LEARNER 4: AI_LEARNER completed=28/28 mean=7624449.7us max=13821566.0us hal_peak=9382092 within_bounded=1
{"app":"AI_LEARNER","stage":"mem","model":"smartcam","target":"aarch64-unknown-linux-gnu","completed":28,"hal_peak":9382092,"peak_within_bounded":true,"admitted_budget_bytes":18222796,"peak_within_admitted_budget":true,"admission_mode":"unconditional","hal_bytes_per_call_amortized":8801484.0,"process_rss_kb":25160,"process_rss_delta_init_kb":1744}
.EVS Port1 1980-012-14:12:06.67283 66/1/AI_LEARNER 4: AI_LEARNER completed=29/29 mean=7615192.5us max=13821566.0us hal_peak=9382092 within_bounded=1
{"app":"AI_LEARNER","stage":"run","model":"smartcam","target":"aarch64-unknown-linux-gnu","attempted":29,"completed":29,"fail_input":0,"fail_invoke":0,"fail_output":0,"mean_us":7615192.49,"max_us":13821565.95,"last_us":7355991.42,"out0":0.85279,"out":[0.852794,0.116030,0.031176]}
{"app":"AI_LEARNER","stage":"mem","model":"smartcam","target":"aarch64-unknown-linux-gnu","completed":29,"hal_peak":9382092,"peak_within_bounded":true,"admitted_budget_bytes":18222796,"peak_within_admitted_budget":true,"admission_mode":"unconditional","hal_bytes_per_call_amortized":8800742.5,"process_rss_kb":25160,"process_rss_delta_init_kb":1744}
.EVS Port1 1980-012-14:12:13.94496 66/1/AI_LEARNER 4: AI_LEARNER completed=30/30 mean=7603573.2us max=13821566.0us hal_peak=9382092 within_bounded=1
{"app":"AI_LEARNER","stage":"run","model":"smartcam","target":"aarch64-unknown-linux-gnu","attempted":30,"completed":30,"fail_input":0,"fail_invoke":0,"fail_output":0,"mean_us":7603573.19,"max_us":13821565.95,"last_us":7266613.54,"out0":0.85279,"out":[0.852794,0.116030,0.031176]}
{"app":"AI_LEARNER","stage":"mem","model":"smartcam","target":"aarch64-unknown-linux-gnu","completed":30,"hal_peak":9382092,"peak_within_bounded":true,"admitted_budget_bytes":18222796,"peak_within_admitted_budget":true,"admission_mode":"unconditional","hal_bytes_per_call_amortized":8800050.4,"process_rss_kb":25160,"process_rss_delta_init_kb":1744}
..{"app":"AI_LEARNER","stage":"run","model":"smartcam","target":"aarch64-unknown-linux-gnu","attempted":31,"completed":31,"fail_input":0,"fail_invoke":0,"fail_output":0,"mean_us":7600658.33,"max_us":13821565.95,"last_us":7513212.38,"out0":0.85279,"out":[0.852794,0.116030,0.031176]}
EVS Port1 1980-012-14:12:21.45841 66/1/AI_LEARNER 4: AI_LEARNER completed=31/31 mean=7600658.3us max=13821566.0us hal_peak=9382092 within_bounded=1
{"app":"AI_LEARNER","stage":"mem","model":"smartcam","target":"aarch64-unknown-linux-gnu","completed":31,"hal_peak":9382092,"peak_within_bounded":true,"admitted_budget_bytes":18222796,"peak_within_admitted_budget":true,"admission_mode":"unconditional","hal_bytes_per_call_amortized":8799403.0,"process_rss_kb":25160,"process_rss_delta_init_kb":1744}
.EVS Port1 1980-012-14:12:28.65879 66/1/AI_LEARNER 4: AI_LEARNER completed=32/32 mean=7587798.8us max=13821566.0us hal_peak=9382092 within_bounded=1
{"app":"AI_LEARNER","stage":"run","model":"smartcam","target":"aarch64-unknown-linux-gnu","attempted":32,"completed":32,"fail_input":0,"fail_invoke":0,"fail_output":0,"mean_us":7587798.84,"max_us":13821565.95,"last_us":7189154.58,"out0":0.85279,"out":[0.852794,0.116030,0.031176]}
{"app":"AI_LEARNER","stage":"mem","model":"smartcam","target":"aarch64-unknown-linux-gnu","completed":32,"hal_peak":9382092,"peak_within_bounded":true,"admitted_budget_bytes":18222796,"peak_within_admitted_budget":true,"admission_mode":"unconditional","hal_bytes_per_call_amortized":8798796.0,"process_rss_kb":25160,"process_rss_delta_init_kb":1744}
.EVS Port1 1980-012-14:12:35.70437 66/1/AI_LEARNER 4: AI_LEARNER completed=33/33 mean=7570479.2us max=13821566.0us hal_peak=9382092 within_bounded=1
{"app":"AI_LEARNER","stage":"run","model":"smartcam","target":"aarch64-unknown-linux-gnu","attempted":33,"completed":33,"fail_input":0,"fail_invoke":0,"fail_output":0,"mean_us":7570479.24,"max_us":13821565.95,"last_us":7016252.02,"out0":0.85279,"out":[0.852794,0.116030,0.031176]}
{"app":"AI_LEARNER","stage":"mem","model":"smartcam","target":"aarch64-unknown-linux-gnu","completed":33,"hal_peak":9382092,"peak_within_bounded":true,"admitted_budget_bytes":18222796,"peak_within_admitted_budget":true,"admission_mode":"unconditional","hal_bytes_per_call_amortized":8798225.8,"process_rss_kb":25160,"process_rss_delta_init_kb":1744}
EVS Port1 1980-012-14:12:37.00714 66/1/CFE_TIME 21: Stop FLYWHEEL
EVS Port1 1980-012-14:12:38.00129 66/1/CFE_TIME 20: Start FLYWHEEL
.EVS Port1 1980-012-14:12:43.00735 66/1/AI_LEARNER 4: AI_LEARNER completed=34/34 mean=7563406.0us max=13821566.0us hal_peak=9382092 within_bounded=1
{"app":"AI_LEARNER","stage":"run","model":"smartcam","target":"aarch64-unknown-linux-gnu","attempted":34,"completed":34,"fail_input":0,"fail_invoke":0,"fail_output":0,"mean_us":7563405.97,"max_us":13821565.95,"last_us":7329988.24,"out0":0.85279,"out":[0.852794,0.116030,0.031176]}
{"app":"AI_LEARNER","stage":"mem","model":"smartcam","target":"aarch64-unknown-linux-gnu","completed":34,"hal_peak":9382092,"peak_within_bounded":true,"admitted_budget_bytes":18222796,"peak_within_admitted_budget":true,"admission_mode":"unconditional","hal_bytes_per_call_amortized":8797689.2,"process_rss_kb":25160,"process_rss_delta_init_kb":1744}
EVS Port1 1980-012-14:12:45.00544 66/1/CFE_TIME 21: Stop FLYWHEEL
.EVS Port1 1980-012-14:12:46.00103 66/1/CFE_TIME 20: Start FLYWHEEL
EVS Port1 1980-012-14:12:50.07894 66/1/AI_LEARNER 4: AI_LEARNER completed=35/35 mean=7550255.9us max=13821566.0us hal_peak=9382092 within_bounded=1
{"app":"AI_LEARNER","stage":"run","model":"smartcam","target":"aarch64-unknown-linux-gnu","attempted":35,"completed":35,"fail_input":0,"fail_invoke":0,"fail_output":0,"mean_us":7550255.94,"max_us":13821565.95,"last_us":7103154.93,"out0":0.85279,"out":[0.852794,0.116030,0.031176]}
{"app":"AI_LEARNER","stage":"mem","model":"smartcam","target":"aarch64-unknown-linux-gnu","completed":35,"hal_peak":9382092,"peak_within_bounded":true,"admitted_budget_bytes":18222796,"peak_within_admitted_budget":true,"admission_mode":"unconditional","hal_bytes_per_call_amortized":8797183.2,"process_rss_kb":25160,"process_rss_delta_init_kb":1744}
..{"app":"AI_LEARNER","stage":"run","model":"smartcam","target":"aarch64-unknown-linux-gnu","attempted":36,"completed":36,"fail_input":0,"fail_invoke":0,"fail_output":0,"mean_us":7539172.17,"max_us":13821565.95,"last_us":7151240.34,"out0":0.85279,"out":[0.852794,0.116030,0.031176]}
EVS Port1 1980-012-14:12:57.24044 66/1/AI_LEARNER 4: AI_LEARNER completed=36/36 mean=7539172.2us max=13821566.0us hal_peak=9382092 within_bounded=1
{"app":"AI_LEARNER","stage":"mem","model":"smartcam","target":"aarch64-unknown-linux-gnu","completed":36,"hal_peak":9382092,"peak_within_bounded":true,"admitted_budget_bytes":18222796,"peak_within_admitted_budget":true,"admission_mode":"unconditional","hal_bytes_per_call_amortized":8796705.3,"process_rss_kb":25160,"process_rss_delta_init_kb":1744}
.{"app":"AI_LEARNER","stage":"run","model":"smartcam","target":"aarch64-unknown-linux-gnu","attempted":37,"completed":37,"fail_input":0,"fail_invoke":0,"fail_output":0,"mean_us":7540095.39,"max_us":13821565.95,"last_us":7573331.04,"out0":0.85279,"out":[0.852794,0.116030,0.031176]}
EVS Port1 1980-012-14:13:04.81906 66/1/AI_LEARNER 4: AI_LEARNER completed=37/37 mean=7540095.4us max=13821566.0us hal_peak=9382092 within_bounded=1
{"app":"AI_LEARNER","stage":"mem","model":"smartcam","target":"aarch64-unknown-linux-gnu","completed":37,"hal_peak":9382092,"peak_within_bounded":true,"admitted_budget_bytes":18222796,"peak_within_admitted_budget":true,"admission_mode":"unconditional","hal_bytes_per_call_amortized":8796253.3,"process_rss_kb":25160,"process_rss_delta_init_kb":1744}
.{"app":"AI_LEARNER","stage":"run","model":"smartcam","target":"aarch64-unknown-linux-gnu","attempted":38,"completed":38,"fail_input":0,"fail_invoke":0,"fail_output":0,"mean_us":7558949.11,"max_us":13821565.95,"last_us":8256537.02,"out0":0.85279,"out":[0.852794,0.116030,0.031176]}
EVS Port1 1980-012-14:13:13.09289 66/1/AI_LEARNER 4: AI_LEARNER completed=38/38 mean=7558949.1us max=13821566.0us hal_peak=9382092 within_bounded=1
{"app":"AI_LEARNER","stage":"mem","model":"smartcam","target":"aarch64-unknown-linux-gnu","completed":38,"hal_peak":9382092,"peak_within_bounded":true,"admitted_budget_bytes":18222796,"peak_within_admitted_budget":true,"admission_mode":"unconditional","hal_bytes_per_call_amortized":8795825.1,"process_rss_kb":25160,"process_rss_delta_init_kb":1744}
1980-012-14:13:13.48953 CFE_ES_RunExceptionScan: ExceptionID 0x1110001 in TaskID 0: Caught SIGINT
1980-012-14:13:13.49215 CFE_ES_RunExceptionScan: Processor Reset count not reached (1/2)
CFE_PSP: Exiting cFE with PROCESSOR Reset status.

CFE_PSP: Shutdown initiated - Exiting cFE
CI delete callback -- Closing CI Network socket.
TO delete callback -- Closing TO Network socket.
.EVS Port1 1980-012-14:13:18.99278 66/1/AI_LEARNER 4: AI_LEARNER completed=39/39 mean=7516130.6us max=13821566.0us hal_peak=9382092 within_bounded=1
EXIT=124
