OS_BSP_Initialize():Maximum user msg queue depth = 512
CFE_PSP: Default Reset SubType = 1
CFE_PSP: Default CPU ID = 1
CFE_PSP: Default Spacecraft ID = 66
CFE_PSP: Default CPU Name: cpu1
OS_Posix_GetSchedulerParams():208:Policy 1: available, min-max: 1-99
OS_Posix_GetSchedulerParams():208:Policy 2: available, min-max: 1-99
OS_Posix_TaskAPI_Impl_Init():401:Selected policy 2 for RT tasks, root task = 99
OS_Posix_TaskAPI_Impl_Init():419:Could not setschedparam in main thread: Operation not permitted (1)
CFE_PSP: initializing module 'soft_timebase' with ID 0110ff00
CFE_PSP: Instantiated software timebase 'cFS-Master' running at 10000 usec
CFE_PSP: initializing module 'timebase_posix_clock' with ID 0110ff01
CFE_PSP: Using POSIX monotonic clock as CFE timebase
CFE_PSP: initializing module 'eeprom_mmap_file' with ID 0110ff02
CFE_PSP: Using MMAP simulated EEPROM implementation
CFE_PSP: EEPROM Range (2) created: Start Address = F793CCCCE000, Size = 00080000 Status = 0
CFE_PSP: initializing module 'port_notimpl' with ID 0110ff03
CFE_PSP: I/O Port access not implemented
CFE_PSP: initializing module 'iodriver' with ID 0110ff04
CFE_PSP: initializing module 'linux_sysmon' with ID 0110ff05
CFE_PSP: initializing module 'endian_api' with ID 0110ff06
CFE_PSP: Host CPU Endian=LITTLE
CFE_PSP: initializing module 'ram_notimpl' with ID 0110ff07
CFE_PSP: Physical RAM access not implemented
CFE_PSP: Starting the cFE with a POWER ON reset.
CFE_PSP: Clearing out CFE CDS Shared memory segment.
CFE_PSP: Clearing out CFE Reset Shared memory segment.
CFE_PSP: Clearing out CFE User Reserved Shared memory segment.
1980-001-07:12:33.61074 CFE_ES_SetupResetVariables: POWER ON RESET due to Power Cycle (Power Cycle).
1980-001-07:12:33.64370 CFE_ES_Main: CFE_ES_Main in EARLY_INIT state
Number of addresses returned by backtrace = 1
CFE_PSP: CFE_PSP_AttachExceptions called
1980-001-07:12:33.76903 CFE_ES_Main: CFE_ES_Main entering CORE_STARTUP state
1980-001-07:12:33.78224 CFE_ES_CreateObjects: Starting Object Creation calls.
1980-001-07:12:33.79325 CFE_ES_CreateObjects: Calling EarlyInit for CFE_CONFIG
1980-001-07:12:33.80042 CFE_ES_CreateObjects: Calling EarlyInit for CFE_ES
1980-001-07:12:33.85896 CFE_ES_CreateObjects: Calling EarlyInit for CFE_EVS
1980-001-07:12:33.86238 CFE_EVS_EarlyInit: Event Log cleared following power-on reset
1980-001-07:12:33.86372 CFE_ES_CreateObjects: Calling EarlyInit for CFE_FS
1980-001-07:12:33.86529 CFE_ES_CreateObjects: Calling EarlyInit for CFE_SB
1980-001-07:12:33.91137 CFE_ES_CreateObjects: Calling EarlyInit for CFE_TBL
1980-001-07:12:34.38824 CFE_ES_CreateObjects: Calling EarlyInit for CFE_TIME
EVS Port1 1980-012-14:03:20.22842 66/1/CFE_ES 1: cFE ES Initialized: CFE_ES v7.0.1+dev1 (Draco) DEV BUILD, based on v7.0.1, EDS disabled
EVS Port1 1980-012-14:03:20.28048 66/1/CFE_ES 2: cFS Versions: cfe v7.0.1+dev1, osal v7.0.1+dev1, psp v7.0.1+dev1. cFE chksm 31659
EVS Port1 1980-012-14:03:20.30665 66/1/CFE_ES 91: Version Info: Mission SampleMission, version git:v7.0.1-90-g78c23b0-dirty
EVS Port1 1980-012-14:03:20.32437 66/1/CFE_ES 91: Version Info: Module CORE_API, version git:2612eb0
EVS Port1 1980-012-14:03:20.32620 66/1/CFE_ES 91: Version Info: Module CONFIG, version git:2612eb0
EVS Port1 1980-012-14:03:20.32661 66/1/CFE_ES 91: Version Info: Module ES, version git:2612eb0
EVS Port1 1980-012-14:03:20.32685 66/1/CFE_ES 91: Version Info: Module EVS, version git:2612eb0
EVS Port1 1980-012-14:03:20.32711 66/1/CFE_ES 91: Version Info: Module FS, version git:2612eb0
EVS Port1 1980-012-14:03:20.32734 66/1/CFE_ES 91: Version Info: Module SB, version git:2612eb0
EVS Port1 1980-012-14:03:20.32756 66/1/CFE_ES 91: Version Info: Module TBL, version git:2612eb0
EVS Port1 1980-012-14:03:20.32778 66/1/CFE_ES 91: Version Info: Module TIME, version git:2612eb0
EVS Port1 1980-012-14:03:20.32803 66/1/CFE_ES 91: Version Info: Module OSAL, version git:8111e4a
EVS Port1 1980-012-14:03:20.32826 66/1/CFE_ES 91: Version Info: Module PSP, version git:d1da809
EVS Port1 1980-012-14:03:20.34008 66/1/CFE_ES 91: Version Info: Module MSG, version git:2612eb0
EVS Port1 1980-012-14:03:20.34840 66/1/CFE_ES 91: Version Info: Module SBR, version git:2612eb0
EVS Port1 1980-012-14:03:20.34860 66/1/CFE_ES 91: Version Info: Module RESOURCEID, version git:2612eb0
EVS Port1 1980-012-14:03:20.34884 66/1/CFE_ES 92: Build 202609101313 by root@vm, config aarch64
EVS Port1 1980-012-14:03:20.55270 66/1/CFE_EVS 1: cFE EVS Initialized: CFE_EVS v7.0.1+dev1 (Draco) DEV BUILD, based on v7.0.1, EDS disabled
1980-012-14:03:20.69128 CFE_SB_AppInit: Registered 4 events for filtering
EVS Port1 1980-012-14:03:20.70112 66/1/CFE_SB 1: cFE SB Initialized: CFE_SB v7.0.1+dev1 (Draco) DEV BUILD, based on v7.0.1, EDS disabled
EVS Port1 1980-012-14:03:20.71775 66/1/CFE_SB 14: No subscribers for MsgId 0x808,sender CFE_SB
EVS Port1 1980-012-14:03:21.19558 66/1/CFE_TBL 1: cFE TBL Initialized: CFE_TBL v7.0.1+dev1 (Draco) DEV BUILD, based on v7.0.1, EDS disabled
EVS Port1 1980-012-14:03:21.20425 66/1/CFE_SB 14: No subscribers for MsgId 0x808,sender CFE_TBL
EVS Port1 1980-012-14:03:21.42993 66/1/CFE_TIME 1: cFE TIME Initialized: CFE_TIME v7.0.1+dev1 (Draco) DEV BUILD, based on v7.0.1, EDS disabled
EVS Port1 1980-012-14:03:21.43374 66/1/CFE_SB 14: No subscribers for MsgId 0x808,sender CFE_TIME
1980-012-14:03:21.58337 CFE_ES_CreateObjects: Finished ES CreateObject table entries.
1980-012-14:03:21.58381 CFE_ES_Main: CFE_ES_Main entering CORE_READY state
1980-012-14:03:21.77491 CFE_ES_OpenStartupScript: Opened ES App Startup file: /cf/cfe_es_startup.scr
1980-012-14:03:22.04428 CFE_ES_ParseFileEntry: Loading shared library: /cf/cfe_assert.so
1980-012-14:03:22.15803 [BEGIN] CFE FUNCTIONAL TEST
1980-012-14:03:22.16054 [BEGIN] 01 CFE-STARTUP
1980-012-14:03:22.44954 CFE_ES_ParseFileEntry: Loading shared library: /cf/sample_lib.so
SAMPLE Lib Initialized.Sample Lib v7.0.0+dev1 (Draco) DEV BUILD, based on v7.0.1, EDS disabled
1980-012-14:03:22.75269 CFE_ES_ParseFileEntry: Loading file: /cf/sch_lab.so, APP: SCH_LAB
SCH Lab Initialized.SCH Lab v7.0.1+dev1 (Draco) DEV BUILD, based on v7.0.1, EDS disabled
1980-012-14:03:23.25524 CFE_ES_ParseFileEntry: Loading file: /cf/ci_lab.so, APP: CI_LAB
1980-012-14:03:23.47808 CFE_ES_ParseFileEntry: Loading file: /cf/to_lab.so, APP: TO_LAB
1980-012-14:03:23.86508 CFE_ES_ParseFileEntry: Loading file: /cf/sample_app.so, APP: SAMPLE_APP
EVS Port1 1980-012-14:03:23.86572 66/1/TO_LAB 1: TO Lab Initialized.TO Lab v7.0.1+dev1 (Draco) DEV BUILD, based on v7.0.1, EDS disabled, Awaiting enable command.
EVS Port1 1980-012-14:03:24.03982 66/1/CFE_SB 14: No subscribers for MsgId 0x808,sender TO_LAB
1980-012-14:03:24.34220 CI_LAB listening on UDP port: 1234
EVS Port1 1980-012-14:03:24.36393 66/1/CI_LAB 3: CI Lab Initialized.CI Lab App v7.0.1+dev1 (Draco) DEV BUILD, based on v7.0.1, EDS disabled
EVS Port1 1980-012-14:03:24.41085 66/1/SAMPLE_APP 1: Sample App Initialized.Sample App v7.0.0+dev1 (Draco) DEV BUILD, based on v7.0.1, EDS disabled
1980-012-14:03:24.47557 CFE_ES_ParseFileEntry: Loading file: /cf/lc.so, APP: LC
EVS Port1 1980-012-14:03:24.69940 66/1/LC 56: WDT verify results: good = 0, bad = 0, unused = 176
EVS Port1 1980-012-14:03:24.75279 66/1/LC 66: ADT verify results: good = 0, bad = 0, unused = 176
EVS Port1 1980-012-14:03:24.77442 66/1/LC 23: LC use of Critical Data Store disabled, activity mask = 0x00991990
1980-012-14:03:24.78507 CFE_ES_ParseFileEntry: Loading file: /cf/cf.so, APP: CF
EVS Port1 1980-012-14:03:24.84396 66/1/LC 2: LC Initialized. Version 7.0.1.255
1980-012-14:03:25.17780 CFE_ES_ParseFileEntry: Loading file: /cf/ds.so, APP: DS
1980-012-14:03:25.40310 CFE_ES_ParseFileEntry: Loading file: /cf/fm.so, APP: FM
EVS Port1 1980-012-14:03:25.66661 66/1/DS 10: Destination file table verify results: good entries = 6, bad = 0, unused = 10
EVS Port1 1980-012-14:03:25.78137 66/1/FM 80: Free Space Table verify results: good entries = 3, bad = 0, unused = 5
EVS Port1 1980-012-14:03:25.78332 66/1/DS 12: Filter table verify results: good entries = 14, bad = 0, unused = 242
EVS Port1 1980-012-14:03:25.75585 66/1/CF 20: CF Initialized. Version 7.0.1.255
1980-012-14:03:25.92391 CFE_ES_ParseFileEntry: Loading file: /cf/hk.so, APP: HK
EVS Port1 1980-012-14:03:25.92762 66/1/DS 1: Application initialized, version 7.0.1.255, data at 0xf793cc7d0460
EVS Port1 1980-012-14:03:26.02801 66/1/FM 1: Initialization complete: version 7.0.1.255
1980-012-14:03:26.15016 CFE_ES_ParseFileEntry: Loading file: /cf/hs.so, APP: HS
EVS Port1 1980-012-14:03:26.16914 66/1/FM 72: Child Task initialization complete
EVS Port1 1980-012-14:03:26.20471 66/1/HK 1: HK Initialized.  Version 7.0.1.255
EVS Port1 1980-012-14:03:26.31034 66/1/HS 54: ExeCount verify results: good = 5, bad = 0, unused = 27
1980-012-14:03:26.51242 CFE_ES_ParseFileEntry: Loading file: /cf/mm.so, APP: MM
EVS Port1 1980-012-14:03:26.51489 66/1/HS 50: AppMon verify results: good = 0, bad = 0, unused = 32
EVS Port1 1980-012-14:03:26.53494 66/1/HS 52: EventMon verify results: good = 0, bad = 0, unused = 16
EVS Port1 1980-012-14:03:26.63633 66/1/HS 56: MsgActs verify results: good = 2, bad = 0, unused = 6
1980-012-14:03:26.70061 HS_SysMonInit(): System Monitor using PSP device ID 0110ff05
CFE_PSP(Linux_SysMon): Started CPU utilization monitoring on 1 CPU(s)
EVS Port1 1980-012-14:03:26.77996 66/1/HS 1: HS Initialized.  Version 7.0.1.255
EVS Port1 1980-012-14:03:26.80555 66/1/MM 1: MM Initialized. Version 7.0.1.255
1980-012-14:03:26.81657 CFE_ES_ParseFileEntry: Loading file: /cf/sc.so, APP: SC
1980-012-14:03:26.95287 CFE_ES_ParseFileEntry: Loading file: /cf/md.so, APP: MD
EVS Port1 1980-012-14:03:27.10800 66/1/SC 21: RTS table files not loaded at initialization = 0 of 4
1980-012-14:03:27.12084 CFE_ES_ParseFileEntry: Loading file: /cf/cs.so, APP: CS
EVS Port1 1980-012-14:03:27.37304 66/1/SC 9: SC Initialized. Version 7.0.1.255
EVS Port1 1980-012-14:03:27.57312 66/1/MD 52: MD Dwell Tbl verify results: good = 0, bad = 0, unused = 25
EVS Port1 1980-012-14:03:27.58610 66/1/CS 144: CS EEPROM Table verification results: good = 0, bad = 0, unused = 16
EVS Port1 1980-012-14:03:27.60125 66/1/MD 52: MD Dwell Tbl verify results: good = 0, bad = 0, unused = 25
EVS Port1 1980-012-14:03:27.61215 66/1/CS 107: CS EEPROM Table: No valid entries in the table
EVS Port1 1980-012-14:03:27.62916 66/1/MD 52: MD Dwell Tbl verify results: good = 0, bad = 0, unused = 25
EVS Port1 1980-012-14:03:27.64031 66/1/CS 143: CS Memory Table verification results: good = 0, bad = 0, unused = 16
EVS Port1 1980-012-14:03:27.65039 66/1/CS 107: CS Memory Table: No valid entries in the table
EVS Port1 1980-012-14:03:27.66310 66/1/MD 52: MD Dwell Tbl verify results: good = 0, bad = 0, unused = 25
EVS Port1 1980-012-14:03:27.67857 66/1/CS 139: CS Tables Table verification results: good = 1, bad = 0, unused = 23
EVS Port1 1980-012-14:03:27.68801 66/1/MD 7: Dwell Tables Recovered: 0, Dwell Tables Initialized: 4
EVS Port1 1980-012-14:03:27.73260 66/1/MD 1: MD Initialized.  Version 7.0.1.255
EVS Port1 1980-012-14:03:27.74853 66/1/CS 142: CS Apps Table verification results: good = 0, bad = 0, unused = 24
EVS Port1 1980-012-14:03:27.75454 66/1/CS 108: CS Apps Table: No valid entries in the table
EVS Port1 1980-012-14:03:27.75975 66/1/CS 127: OS Text Segment disabled due to platform
EVS Port1 1980-012-14:03:27.76051 66/1/CS 1: CS Initialized. Version 7.0.1.255
1980-012-14:03:27.79824 CFE_ES_Main: CFE_ES_Main entering APPS_INIT state
1980-012-14:03:27.80706 CFE_ES_Main: CFE_ES_Main entering OPERATIONAL state
EVS Port1 1980-012-14:03:27.85710 66/1/TO_LAB 19: L550 TO Lab subscribed to 32 messages from the table
.EVS Port1 1980-012-14:03:38.03211 66/1/CFE_TIME 21: Stop FLYWHEEL
.EVS Port1 1980-012-14:03:41.27532 66/1/CFE_TIME 20: Start FLYWHEEL
EVS Port1 1980-012-14:03:42.01225 66/1/CFE_TIME 21: Stop FLYWHEEL
EVS Port1 1980-012-14:03:44.14697 66/1/CFE_TIME 21: Stop FLYWHEEL
.EVS Port1 1980-012-14:03:44.99942 66/1/CFE_TIME 20: Start FLYWHEEL
EVS Port1 1980-012-14:03:47.00610 66/1/CFE_TIME 21: Stop FLYWHEEL
EVS Port1 1980-012-14:03:48.01173 66/1/CFE_TIME 20: Start FLYWHEEL
.EVS Port1 1980-012-14:03:53.22512 66/1/CFE_TIME 20: Start FLYWHEEL
EVS Port1 1980-012-14:03:55.00794 66/1/CFE_TIME 21: Stop FLYWHEEL
.EVS Port1 1980-012-14:03:59.03492 66/1/CFE_TIME 21: Stop FLYWHEEL
EVS Port1 1980-012-14:03:59.99577 66/1/CFE_TIME 20: Start FLYWHEEL
.EVS Port1 1980-012-14:04:04.08691 66/1/CFE_TIME 20: Start FLYWHEEL
EVS Port1 1980-012-14:04:05.13856 66/1/CFE_TIME 21: Stop FLYWHEEL
.EVS Port1 1980-012-14:04:09.02711 66/1/CFE_TIME 21: Stop FLYWHEEL
EVS Port1 1980-012-14:04:10.07192 66/1/CFE_TIME 20: Start FLYWHEEL
EVS Port1 1980-012-14:04:12.17498 66/1/CFE_TIME 20: Start FLYWHEEL
.EVS Port1 1980-012-14:04:14.03302 66/1/CFE_TIME 21: Stop FLYWHEEL
EVS Port1 1980-012-14:04:17.14710 66/1/CFE_TIME 20: Start FLYWHEEL
.EVS Port1 1980-012-14:04:20.01707 66/1/CFE_TIME 21: Stop FLYWHEEL
EVS Port1 1980-012-14:04:23.37205 66/1/CFE_TIME 20: Start FLYWHEEL
.EVS Port1 1980-012-14:04:28.02308 66/1/CFE_TIME 21: Stop FLYWHEEL
EVS Port1 1980-012-14:04:31.12594 66/1/CFE_TIME 20: Start FLYWHEEL
.EVS Port1 1980-012-14:04:35.01757 66/1/CFE_TIME 21: Stop FLYWHEEL
.EVS Port1 1980-012-14:04:38.25628 66/1/CFE_TIME 20: Start FLYWHEEL
EVS Port1 1980-012-14:04:38.01017 66/1/CFE_TIME 21: Stop FLYWHEEL
.EVS Port1 1980-012-14:04:47.14492 66/1/CFE_TIME 20: Start FLYWHEEL
EVS Port1 1980-012-14:04:48.02886 66/1/CFE_TIME 21: Stop FLYWHEEL
.EVS Port1 1980-012-14:04:52.71665 66/1/CFE_TIME 20: Start FLYWHEEL
1980-012-14:04:53.57036 CFE_ES_RunExceptionScan: ExceptionID 0x1110000 in TaskID 0: Caught SIGINT
1980-012-14:04:53.58393 CFE_ES_RunExceptionScan: Processor Reset count not reached (0/2)
CFE_PSP: Exiting cFE with PROCESSOR Reset status.

CFE_PSP: Shutdown initiated - Exiting cFE
CI delete callback -- Closing CI Network socket.
TO delete callback -- Closing TO Network socket.
