OS_BSP_Initialize():Maximum user msg queue depth = 512
CFE_PSP: Default Reset SubType = 1
CFE_PSP: Default CPU ID = 1
CFE_PSP: Default Spacecraft ID = 66
CFE_PSP: Default CPU Name: cpu1
OS_Posix_GetSchedulerParams():208:Policy 1: available, min-max: 1-99
OS_Posix_GetSchedulerParams():208:Policy 2: available, min-max: 1-99
OS_Posix_TaskAPI_Impl_Init():401:Selected policy 2 for RT tasks, root task = 99
OS_Posix_TaskAPI_Impl_Init():419:Could not setschedparam in main thread: Operation not permitted (1)
CFE_PSP: initializing module 'soft_timebase' with ID 0110ff00
CFE_PSP: Instantiated software timebase 'cFS-Master' running at 10000 usec
CFE_PSP: initializing module 'timebase_posix_clock' with ID 0110ff01
CFE_PSP: Using POSIX monotonic clock as CFE timebase
CFE_PSP: initializing module 'eeprom_mmap_file' with ID 0110ff02
CFE_PSP: Using MMAP simulated EEPROM implementation
CFE_PSP: initializing module 'port_notimpl' with ID 0110ff03
CFE_PSP: I/O Port access not implemented
CFE_PSP: initializing module 'iodriver' with ID 0110ff04
CFE_PSP: EEPROM Range (2) created: Start Address = E87364ABE000, Size = 00080000 Status = 0
CFE_PSP: initializing module 'linux_sysmon' with ID 0110ff05
CFE_PSP: initializing module 'endian_api' with ID 0110ff06
CFE_PSP: Host CPU Endian=LITTLE
CFE_PSP: initializing module 'ram_notimpl' with ID 0110ff07
CFE_PSP: Physical RAM access not implemented
CFE_PSP: Normal exit from previous cFE instance
CFE_PSP: Starting the cFE with a PROCESSOR reset.
1980-001-07:10:22.55958 CFE_ES_Main: CFE_ES_Main in EARLY_INIT state
1980-001-07:10:22.57282 CFE_ES_InitializeFileSystems: Volatile Disk has 100 Percent free space.
Number of addresses returned by backtrace = 1
CFE_PSP: CFE_PSP_AttachExceptions called
1980-001-07:10:22.59384 CFE_ES_Main: CFE_ES_Main entering CORE_STARTUP state
1980-001-07:10:22.59404 CFE_ES_CreateObjects: Starting Object Creation calls.
1980-001-07:10:22.59671 CFE_ES_CreateObjects: Calling EarlyInit for CFE_CONFIG
1980-001-07:10:22.59938 CFE_ES_CreateObjects: Calling EarlyInit for CFE_ES
1980-001-07:10:22.60380 CFE_ES_CreateObjects: Calling EarlyInit for CFE_EVS
1980-001-07:10:22.60773 CFE_EVS_EarlyInit: Event Log restored, n=0, c=20, f=1, m=1, o=32
1980-001-07:10:22.60802 CFE_ES_CreateObjects: Calling EarlyInit for CFE_FS
1980-001-07:10:22.60846 CFE_ES_CreateObjects: Calling EarlyInit for CFE_SB
1980-001-07:10:22.62691 CFE_ES_CreateObjects: Calling EarlyInit for CFE_TBL
1980-001-07:10:22.64796 CFE_ES_CreateObjects: Calling EarlyInit for CFE_TIME
EVS Port1 1980-012-14:04:52.59109 66/1/CFE_ES 1: cFE ES Initialized: CFE_ES v7.0.1+dev1 (Draco) DEV BUILD, based on v7.0.1, EDS disabled
EVS Port1 1980-012-14:04:52.59817 66/1/CFE_ES 2: cFS Versions: cfe v7.0.1+dev1, osal v7.0.1+dev1, psp v7.0.1+dev1. cFE chksm 31659
EVS Port1 1980-012-14:04:52.59982 66/1/CFE_ES 91: Version Info: Mission SampleMission, version git:v7.0.1-90-g78c23b0-dirty
EVS Port1 1980-012-14:04:52.60200 66/1/CFE_ES 91: Version Info: Module CORE_API, version git:2612eb0
EVS Port1 1980-012-14:04:52.60267 66/1/CFE_ES 91: Version Info: Module CONFIG, version git:2612eb0
EVS Port1 1980-012-14:04:52.60302 66/1/CFE_ES 91: Version Info: Module ES, version git:2612eb0
EVS Port1 1980-012-14:04:52.60444 66/1/CFE_ES 91: Version Info: Module EVS, version git:2612eb0
EVS Port1 1980-012-14:04:52.60482 66/1/CFE_ES 91: Version Info: Module FS, version git:2612eb0
EVS Port1 1980-012-14:04:52.60499 66/1/CFE_ES 91: Version Info: Module SB, version git:2612eb0
EVS Port1 1980-012-14:04:52.60540 66/1/CFE_ES 91: Version Info: Module TBL, version git:2612eb0
EVS Port1 1980-012-14:04:52.60559 66/1/CFE_ES 91: Version Info: Module TIME, version git:2612eb0
EVS Port1 1980-012-14:04:52.60574 66/1/CFE_ES 91: Version Info: Module OSAL, version git:8111e4a
EVS Port1 1980-012-14:04:52.60595 66/1/CFE_ES 91: Version Info: Module PSP, version git:d1da809
EVS Port1 1980-012-14:04:52.60610 66/1/CFE_ES 91: Version Info: Module MSG, version git:2612eb0
EVS Port1 1980-012-14:04:52.60748 66/1/CFE_ES 91: Version Info: Module SBR, version git:2612eb0
EVS Port1 1980-012-14:04:52.60865 66/1/CFE_ES 91: Version Info: Module RESOURCEID, version git:2612eb0
EVS Port1 1980-012-14:04:52.61148 66/1/CFE_ES 92: Build 202609101313 by root@vm, config aarch64
EVS Port1 1980-012-14:04:52.68385 66/1/CFE_EVS 1: cFE EVS Initialized: CFE_EVS v7.0.1+dev1 (Draco) DEV BUILD, based on v7.0.1, EDS disabled
1980-012-14:04:52.78779 CFE_SB_AppInit: Registered 4 events for filtering
EVS Port1 1980-012-14:04:52.79240 66/1/CFE_SB 1: cFE SB Initialized: CFE_SB v7.0.1+dev1 (Draco) DEV BUILD, based on v7.0.1, EDS disabled
EVS Port1 1980-012-14:04:52.79293 66/1/CFE_SB 14: No subscribers for MsgId 0x808,sender CFE_SB
EVS Port1 1980-012-14:04:52.89790 66/1/CFE_TBL 1: cFE TBL Initialized: CFE_TBL v7.0.1+dev1 (Draco) DEV BUILD, based on v7.0.1, EDS disabled
EVS Port1 1980-012-14:04:52.89883 66/1/CFE_SB 14: No subscribers for MsgId 0x808,sender CFE_TBL
EVS Port1 1980-012-14:04:53.02038 66/1/CFE_TIME 1: cFE TIME Initialized: CFE_TIME v7.0.1+dev1 (Draco) DEV BUILD, based on v7.0.1, EDS disabled
EVS Port1 1980-012-14:04:53.02085 66/1/CFE_SB 14: No subscribers for MsgId 0x808,sender CFE_TIME
1980-012-14:04:53.05071 CFE_ES_CreateObjects: Finished ES CreateObject table entries.
1980-012-14:04:53.05234 CFE_ES_Main: CFE_ES_Main entering CORE_READY state
OS_FileOpen_Impl():110:open(/dev/shm/osal:RAM/cfe_es_startup.scr): No such file or directory
1980-012-14:04:53.05983 CFE_ES_OpenStartupScript: Cannot Open Volatile Startup file: /ram/cfe_es_startup.scr, Trying Nonvolatile.
1980-012-14:04:53.06245 CFE_ES_OpenStartupScript: Opened ES App Startup file: /cf/cfe_es_startup.scr
1980-012-14:04:53.09053 CFE_ES_ParseFileEntry: Loading shared library: /cf/cfe_assert.so
1980-012-14:04:53.10736 [BEGIN] CFE FUNCTIONAL TEST
1980-012-14:04:53.10942 [BEGIN] 01 CFE-STARTUP
1980-012-14:04:53.13238 CFE_ES_ParseFileEntry: Loading shared library: /cf/sample_lib.so
SAMPLE Lib Initialized.Sample Lib v7.0.0+dev1 (Draco) DEV BUILD, based on v7.0.1, EDS disabled
1980-012-14:04:53.16083 CFE_ES_ParseFileEntry: Loading file: /cf/sch_lab.so, APP: SCH_LAB
1980-012-14:04:53.19677 CFE_ES_ParseFileEntry: Loading file: /cf/ci_lab.so, APP: CI_LAB
1980-012-14:04:53.23511 CFE_ES_ParseFileEntry: Loading file: /cf/to_lab.so, APP: TO_LAB
SCH Lab Initialized.SCH Lab v7.0.1+dev1 (Draco) DEV BUILD, based on v7.0.1, EDS disabled
EVS Port1 1980-012-14:04:53.37530 66/1/TO_LAB 1: TO Lab Initialized.TO Lab v7.0.1+dev1 (Draco) DEV BUILD, based on v7.0.1, EDS disabled, Awaiting enable command.
EVS Port1 1980-012-14:04:53.37690 66/1/CFE_SB 14: No subscribers for MsgId 0x808,sender TO_LAB
1980-012-14:04:53.54769 CI_LAB listening on UDP port: 1234
EVS Port1 1980-012-14:04:53.54855 66/1/CI_LAB 3: CI Lab Initialized.CI Lab App v7.0.1+dev1 (Draco) DEV BUILD, based on v7.0.1, EDS disabled
1980-012-14:04:53.59636 CFE_ES_Main: CFE_ES_Main entering APPS_INIT state
1980-012-14:04:53.59846 CFE_ES_Main: CFE_ES_Main entering OPERATIONAL state
EVS Port1 1980-012-14:04:53.60597 66/1/TO_LAB 19: L550 TO Lab subscribed to 32 messages from the table
EVS Port1 1980-012-14:04:54.01531 66/1/CFE_TIME 21: Stop FLYWHEEL
EVS Port1 1980-012-14:04:57.02180 66/1/CFE_TIME 21: Stop FLYWHEEL
EVS Port1 1980-012-14:04:57.99780 66/1/CFE_TIME 20: Start FLYWHEEL
EVS Port1 1980-012-14:05:00.00398 66/1/CFE_TIME 21: Stop FLYWHEEL
EVS Port1 1980-012-14:05:01.00006 66/1/CFE_TIME 20: Start FLYWHEEL
EVS Port1 1980-012-14:05:09.00735 66/1/CFE_TIME 21: Stop FLYWHEEL
EVS Port1 1980-012-14:05:09.99676 66/1/CFE_TIME 20: Start FLYWHEEL
EVS Port1 1980-012-14:05:23.00526 66/1/CFE_TIME 21: Stop FLYWHEEL
EVS Port1 1980-012-14:05:24.01507 66/1/CFE_TIME 20: Start FLYWHEEL
EVS Port1 1980-012-14:05:26.32397 66/1/CFE_TIME 20: Start FLYWHEEL
EVS Port1 1980-012-14:05:32.04312 66/1/CFE_TIME 21: Stop FLYWHEEL
EVS Port1 1980-012-14:05:35.36466 66/1/CFE_TIME 20: Start FLYWHEEL
EVS Port1 1980-012-14:05:45.06123 66/1/CFE_TIME 21: Stop FLYWHEEL
EVS Port1 1980-012-14:05:48.27500 66/1/CFE_TIME 20: Start FLYWHEEL
EVS Port1 1980-012-14:05:50.01208 66/1/CFE_TIME 21: Stop FLYWHEEL
EVS Port1 1980-012-14:05:52.01263 66/1/CFE_TIME 21: Stop FLYWHEEL
EVS Port1 1980-012-14:05:53.01892 66/1/CFE_TIME 20: Start FLYWHEEL
EVS Port1 1980-012-14:05:54.01808 66/1/CFE_TIME 21: Stop FLYWHEEL
EVS Port1 1980-012-14:05:55.05700 66/1/CFE_TIME 20: Start FLYWHEEL
EVS Port1 1980-012-14:05:56.00465 66/1/CFE_TIME 21: Stop FLYWHEEL
EVS Port1 1980-012-14:05:56.99574 66/1/CFE_TIME 20: Start FLYWHEEL
EVS Port1 1980-012-14:06:00.12063 66/1/CFE_TIME 20: Start FLYWHEEL
EVS Port1 1980-012-14:06:01.02227 66/1/CFE_TIME 21: Stop FLYWHEEL
EVS Port1 1980-012-14:06:04.15591 66/1/CFE_TIME 20: Start FLYWHEEL
1980-012-14:06:24.26932 CFE_ES_RunExceptionScan: ExceptionID 0x1110001 in TaskID 0: Caught SIGINT
1980-012-14:06:24.29655 CFE_ES_RunExceptionScan: Processor Reset count not reached (1/2)
CFE_PSP: Exiting cFE with PROCESSOR Reset status.

CFE_PSP: Shutdown initiated - Exiting cFE
CI delete callback -- Closing CI Network socket.
TO delete callback -- Closing TO Network socket.
