OS_BSP_Initialize():Maximum user msg queue depth = 512
CFE_PSP: Default Reset SubType = 1
CFE_PSP: Default CPU ID = 1
CFE_PSP: Default Spacecraft ID = 66
CFE_PSP: Default CPU Name: cpu1
OS_Posix_GetSchedulerParams():208:Policy 1: available, min-max: 1-99
OS_Posix_GetSchedulerParams():208:Policy 2: available, min-max: 1-99
OS_Posix_TaskAPI_Impl_Init():401:Selected policy 2 for RT tasks, root task = 99
OS_Posix_TaskAPI_Impl_Init():419:Could not setschedparam in main thread: Operation not permitted (1)
CFE_PSP: initializing module 'soft_timebase' with ID 0110ff00
CFE_PSP: Instantiated software timebase 'cFS-Master' running at 10000 usec
CFE_PSP: initializing module 'timebase_posix_clock' with ID 0110ff01
CFE_PSP: Using POSIX monotonic clock as CFE timebase
CFE_PSP: initializing module 'eeprom_mmap_file' with ID 0110ff02
CFE_PSP: Using MMAP simulated EEPROM implementation
CFE_PSP: EEPROM Range (2) created: Start Address = F6061E70E000, Size = 00080000 Status = 0
CFE_PSP: initializing module 'port_notimpl' with ID 0110ff03
CFE_PSP: I/O Port access not implemented
CFE_PSP: initializing module 'iodriver' with ID 0110ff04
CFE_PSP: initializing module 'linux_sysmon' with ID 0110ff05
CFE_PSP: initializing module 'endian_api' with ID 0110ff06
CFE_PSP: Host CPU Endian=LITTLE
CFE_PSP: initializing module 'ram_notimpl' with ID 0110ff07
CFE_PSP: Physical RAM access not implemented
CFE_PSP: Normal exit from previous cFE instance
CFE_PSP: Starting the cFE with a PROCESSOR reset.
1980-001-07:16:15.68957 CFE_ES_Main: CFE_ES_Main in EARLY_INIT state
1980-001-07:16:15.72091 CFE_ES_InitializeFileSystems: Volatile Disk has 100 Percent free space.
Number of addresses returned by backtrace = 1
CFE_PSP: CFE_PSP_AttachExceptions called
1980-001-07:16:15.76853 CFE_ES_Main: CFE_ES_Main entering CORE_STARTUP state
1980-001-07:16:15.76883 CFE_ES_CreateObjects: Starting Object Creation calls.
1980-001-07:16:15.76900 CFE_ES_CreateObjects: Calling EarlyInit for CFE_CONFIG
1980-001-07:16:15.77398 CFE_ES_CreateObjects: Calling EarlyInit for CFE_ES
1980-001-07:16:15.78694 CFE_ES_CreateObjects: Calling EarlyInit for CFE_EVS
1980-001-07:16:15.79480 CFE_EVS_EarlyInit: Event Log restored, n=0, c=20, f=1, m=1, o=72
1980-001-07:16:15.79735 CFE_ES_CreateObjects: Calling EarlyInit for CFE_FS
1980-001-07:16:15.79780 CFE_ES_CreateObjects: Calling EarlyInit for CFE_SB
1980-001-07:16:15.85206 CFE_ES_CreateObjects: Calling EarlyInit for CFE_TBL
1980-001-07:16:15.90601 CFE_ES_CreateObjects: Calling EarlyInit for CFE_TIME
EVS Port1 1980-012-14:04:51.42292 66/1/CFE_ES 1: cFE ES Initialized: CFE_ES v7.0.1+dev1 (Draco) DEV BUILD, based on v7.0.1, EDS disabled
EVS Port1 1980-012-14:04:51.44036 66/1/CFE_ES 2: cFS Versions: cfe v7.0.1+dev1, osal v7.0.1+dev1, psp v7.0.1+dev1. cFE chksm 31659
EVS Port1 1980-012-14:04:51.44488 66/1/CFE_ES 91: Version Info: Mission SampleMission, version git:v7.0.1-90-g78c23b0-dirty
EVS Port1 1980-012-14:04:51.45007 66/1/CFE_ES 91: Version Info: Module CORE_API, version git:2612eb0
EVS Port1 1980-012-14:04:51.45327 66/1/CFE_ES 91: Version Info: Module CONFIG, version git:2612eb0
EVS Port1 1980-012-14:04:51.45594 66/1/CFE_ES 91: Version Info: Module ES, version git:2612eb0
EVS Port1 1980-012-14:04:51.45620 66/1/CFE_ES 91: Version Info: Module EVS, version git:2612eb0
EVS Port1 1980-012-14:04:51.45637 66/1/CFE_ES 91: Version Info: Module FS, version git:2612eb0
EVS Port1 1980-012-14:04:51.45652 66/1/CFE_ES 91: Version Info: Module SB, version git:2612eb0
EVS Port1 1980-012-14:04:51.46095 66/1/CFE_ES 91: Version Info: Module TBL, version git:2612eb0
EVS Port1 1980-012-14:04:51.46444 66/1/CFE_ES 91: Version Info: Module TIME, version git:2612eb0
EVS Port1 1980-012-14:04:51.46533 66/1/CFE_ES 91: Version Info: Module OSAL, version git:8111e4a
EVS Port1 1980-012-14:04:51.46553 66/1/CFE_ES 91: Version Info: Module PSP, version git:d1da809
EVS Port1 1980-012-14:04:51.47132 66/1/CFE_ES 91: Version Info: Module MSG, version git:2612eb0
EVS Port1 1980-012-14:04:51.47167 66/1/CFE_ES 91: Version Info: Module SBR, version git:2612eb0
EVS Port1 1980-012-14:04:51.48037 66/1/CFE_ES 91: Version Info: Module RESOURCEID, version git:2612eb0
EVS Port1 1980-012-14:04:51.48597 66/1/CFE_ES 92: Build 202609101313 by root@vm, config aarch64
EVS Port1 1980-012-14:04:51.59814 66/1/CFE_EVS 1: cFE EVS Initialized: CFE_EVS v7.0.1+dev1 (Draco) DEV BUILD, based on v7.0.1, EDS disabled
1980-012-14:04:51.70628 CFE_SB_AppInit: Registered 4 events for filtering
EVS Port1 1980-012-14:04:51.71722 66/1/CFE_SB 1: cFE SB Initialized: CFE_SB v7.0.1+dev1 (Draco) DEV BUILD, based on v7.0.1, EDS disabled
EVS Port1 1980-012-14:04:51.71806 66/1/CFE_SB 14: No subscribers for MsgId 0x808,sender CFE_SB
EVS Port1 1980-012-14:04:51.82739 66/1/CFE_TBL 1: cFE TBL Initialized: CFE_TBL v7.0.1+dev1 (Draco) DEV BUILD, based on v7.0.1, EDS disabled
EVS Port1 1980-012-14:04:51.82949 66/1/CFE_SB 14: No subscribers for MsgId 0x808,sender CFE_TBL
EVS Port1 1980-012-14:04:51.95742 66/1/CFE_TIME 1: cFE TIME Initialized: CFE_TIME v7.0.1+dev1 (Draco) DEV BUILD, based on v7.0.1, EDS disabled
EVS Port1 1980-012-14:04:51.95921 66/1/CFE_SB 14: No subscribers for MsgId 0x808,sender CFE_TIME
1980-012-14:04:51.97220 CFE_ES_CreateObjects: Finished ES CreateObject table entries.
1980-012-14:04:51.97250 CFE_ES_Main: CFE_ES_Main entering CORE_READY state
OS_FileOpen_Impl():110:open(/dev/shm/osal:RAM/cfe_es_startup.scr): No such file or directory
1980-012-14:04:52.00840 CFE_ES_OpenStartupScript: Cannot Open Volatile Startup file: /ram/cfe_es_startup.scr, Trying Nonvolatile.
1980-012-14:04:52.02615 CFE_ES_OpenStartupScript: Opened ES App Startup file: /cf/cfe_es_startup.scr
1980-012-14:04:52.21116 CFE_ES_ParseFileEntry: Loading shared library: /cf/cfe_assert.so
1980-012-14:04:52.29334 [BEGIN] CFE FUNCTIONAL TEST
1980-012-14:04:52.31746 [BEGIN] 01 CFE-STARTUP
1980-012-14:04:52.54325 CFE_ES_ParseFileEntry: Loading shared library: /cf/sample_lib.so
SAMPLE Lib Initialized.Sample Lib v7.0.0+dev1 (Draco) DEV BUILD, based on v7.0.1, EDS disabled
1980-012-14:04:52.73635 CFE_ES_ParseFileEntry: Loading file: /cf/sch_lab.so, APP: SCH_LAB
SCH Lab Initialized.SCH Lab v7.0.1+dev1 (Draco) DEV BUILD, based on v7.0.1, EDS disabled
1980-012-14:04:53.00109 CFE_ES_ParseFileEntry: Loading file: /cf/ci_lab.so, APP: CI_LAB
1980-012-14:04:53.37034 CFE_ES_ParseFileEntry: Loading file: /cf/to_lab.so, APP: TO_LAB
EVS Port1 1980-012-14:04:53.06071 66/1/CFE_TIME 21: Stop FLYWHEEL
EVS Port1 1980-012-14:04:53.08599 66/1/CFE_SB 14: No subscribers for MsgId 0x808,sender CFE_TIME
1980-012-14:04:53.10361 CI_LAB listening on UDP port: 1234
EVS Port1 1980-012-14:04:53.10412 66/1/CI_LAB 3: CI Lab Initialized.CI Lab App v7.0.1+dev1 (Draco) DEV BUILD, based on v7.0.1, EDS disabled
EVS Port1 1980-012-14:04:53.18490 66/1/TO_LAB 1: TO Lab Initialized.TO Lab v7.0.1+dev1 (Draco) DEV BUILD, based on v7.0.1, EDS disabled, Awaiting enable command.
1980-012-14:04:53.27797 CFE_ES_ParseFileEntry: Loading file: /cf/sample_app.so, APP: SAMPLE_APP
EVS Port1 1980-012-14:04:53.45799 66/1/SAMPLE_APP 1: Sample App Initialized.Sample App v7.0.0+dev1 (Draco) DEV BUILD, based on v7.0.1, EDS disabled
1980-012-14:04:53.47705 CFE_ES_ParseFileEntry: Loading file: /cf/lc.so, APP: LC
1980-012-14:04:53.69264 CFE_ES_ParseFileEntry: Loading file: /cf/cf.so, APP: CF
EVS Port1 1980-012-14:04:53.81710 66/1/LC 56: WDT verify results: good = 0, bad = 0, unused = 176
EVS Port1 1980-012-14:04:53.93119 66/1/LC 66: ADT verify results: good = 0, bad = 0, unused = 176
EVS Port1 1980-012-14:04:54.14006 66/1/LC 23: LC use of Critical Data Store disabled, activity mask = 0x00991990
1980-012-14:04:54.15715 CFE_ES_ParseFileEntry: Loading file: /cf/ds.so, APP: DS
EVS Port1 1980-012-14:04:54.29295 66/1/LC 2: LC Initialized. Version 7.0.1.255
1980-012-14:04:54.64077 CFE_ES_ParseFileEntry: Loading file: /cf/fm.so, APP: FM
EVS Port1 1980-012-14:04:54.84481 66/1/DS 10: Destination file table verify results: good entries = 6, bad = 0, unused = 10
EVS Port1 1980-012-14:04:54.89958 66/1/CF 20: CF Initialized. Version 7.0.1.255
1980-012-14:04:55.13366 CFE_ES_ParseFileEntry: Loading file: /cf/hk.so, APP: HK
EVS Port1 1980-012-14:04:55.21389 66/1/DS 12: Filter table verify results: good entries = 14, bad = 0, unused = 242
EVS Port1 1980-012-14:04:55.54159 66/1/FM 80: Free Space Table verify results: good entries = 3, bad = 0, unused = 5
1980-012-14:04:55.57367 CFE_ES_ParseFileEntry: Loading file: /cf/hs.so, APP: HS
EVS Port1 1980-012-14:04:55.86682 66/1/FM 1: Initialization complete: version 7.0.1.255
1980-012-14:04:55.91402 CFE_ES_ParseFileEntry: Loading file: /cf/mm.so, APP: MM
EVS Port1 1980-012-14:04:55.97204 66/1/FM 72: Child Task initialization complete
EVS Port1 1980-012-14:04:56.18206 66/1/CFE_TIME 20: Start FLYWHEEL
1980-012-14:04:56.35911 CFE_ES_ParseFileEntry: Loading file: /cf/sc.so, APP: SC
EVS Port1 1980-012-14:04:56.65278 66/1/MM 1: MM Initialized. Version 7.0.1.255
1980-012-14:04:56.78016 CFE_ES_ParseFileEntry: Loading file: /cf/md.so, APP: MD
EVS Port1 1980-012-14:04:57.02993 66/1/HS 54: ExeCount verify results: good = 5, bad = 0, unused = 27
EVS Port1 1980-012-14:04:57.03858 66/1/HK 1: HK Initialized.  Version 7.0.1.255
1980-012-14:04:57.22681 CFE_ES_ParseFileEntry: Loading file: /cf/cs.so, APP: CS
EVS Port1 1980-012-14:04:57.30110 66/1/DS 1: Application initialized, version 7.0.1.255, data at 0xf6061e210460
EVS Port1 1980-012-14:04:57.31852 66/1/HS 50: AppMon verify results: good = 0, bad = 0, unused = 32
EVS Port1 1980-012-14:04:57.58891 66/1/HS 52: EventMon verify results: good = 0, bad = 0, unused = 16
EVS Port1 1980-012-14:04:57.64784 66/1/MD 52: MD Dwell Tbl verify results: good = 0, bad = 0, unused = 25
EVS Port1 1980-012-14:04:57.75155 66/1/MD 3: Recovered Dwell Table #1 is valid and has been copied to the MD App
EVS Port1 1980-012-14:04:57.78089 66/1/HS 56: MsgActs verify results: good = 2, bad = 0, unused = 6
EVS Port1 1980-012-14:04:57.97259 66/1/MD 52: MD Dwell Tbl verify results: good = 0, bad = 0, unused = 25
EVS Port1 1980-012-14:04:58.09194 66/1/MD 3: Recovered Dwell Table #2 is valid and has been copied to the MD App
1980-012-14:04:58.18508 HS_SysMonInit(): System Monitor using PSP device ID 0110ff05
EVS Port1 1980-012-14:04:58.21914 66/1/CS 144: CS EEPROM Table verification results: good = 0, bad = 0, unused = 16
CFE_PSP(Linux_SysMon): Started CPU utilization monitoring on 1 CPU(s)
EVS Port1 1980-012-14:04:58.40899 66/1/HS 1: HS Initialized.  Version 7.0.1.255
EVS Port1 1980-012-14:04:58.48997 66/1/MD 52: MD Dwell Tbl verify results: good = 0, bad = 0, unused = 25
EVS Port1 1980-012-14:04:58.56369 66/1/CS 107: CS EEPROM Table: No valid entries in the table
EVS Port1 1980-012-14:04:58.60496 66/1/MD 3: Recovered Dwell Table #3 is valid and has been copied to the MD App
EVS Port1 1980-012-14:04:58.63076 66/1/SC 21: RTS table files not loaded at initialization = 0 of 4
EVS Port1 1980-012-14:04:58.79109 66/1/MD 52: MD Dwell Tbl verify results: good = 0, bad = 0, unused = 25
EVS Port1 1980-012-14:04:58.82369 66/1/CS 143: CS Memory Table verification results: good = 0, bad = 0, unused = 16
EVS Port1 1980-012-14:04:58.90083 66/1/MD 3: Recovered Dwell Table #4 is valid and has been copied to the MD App
EVS Port1 1980-012-14:04:59.08688 66/1/CS 107: CS Memory Table: No valid entries in the table
EVS Port1 1980-012-14:04:59.12820 66/1/MD 7: Dwell Tables Recovered: 4, Dwell Tables Initialized: 0
1980-012-14:04:59.16867 CFE_ES_Main: Startup Sync failed - Applications may not have all initialized
1980-012-14:04:59.21804 CFE_ES_Main: CFE_ES_Main entering APPS_INIT state
EVS Port1 1980-012-14:04:59.30903 66/1/SC 9: SC Initialized. Version 7.0.1.255
EVS Port1 1980-012-14:04:59.31768 66/1/MD 1: MD Initialized.  Version 7.0.1.255
EVS Port1 1980-012-14:04:59.53948 66/1/CS 139: CS Tables Table verification results: good = 1, bad = 0, unused = 23
EVS Port1 1980-012-14:04:59.75090 66/1/CS 142: CS Apps Table verification results: good = 0, bad = 0, unused = 24
EVS Port1 1980-012-14:04:59.83607 66/1/CS 108: CS Apps Table: No valid entries in the table
EVS Port1 1980-012-14:04:59.90106 66/1/CS 127: OS Text Segment disabled due to platform
EVS Port1 1980-012-14:05:00.01786 66/1/CS 1: CS Initialized. Version 7.0.1.255
1980-012-14:05:00.15912 CFE_ES_Main: CFE_ES_Main entering OPERATIONAL state
EVS Port1 1980-012-14:05:00.47613 66/1/TO_LAB 19: L550 TO Lab subscribed to 32 messages from the table
EVS Port1 1980-012-14:05:02.00427 66/1/CFE_TIME 21: Stop FLYWHEEL
.EVS Port1 1980-012-14:05:08.21128 66/1/CFE_TIME 20: Start FLYWHEEL
.EVS Port1 1980-012-14:05:16.06767 66/1/CFE_TIME 21: Stop FLYWHEEL
.EVS Port1 1980-012-14:05:20.43437 66/1/CFE_TIME 20: Start FLYWHEEL
.........1980-012-14:06:25.05576 CFE_ES_RunExceptionScan: ExceptionID 0x1110001 in TaskID 0: Caught SIGINT
1980-012-14:06:25.08010 CFE_ES_RunExceptionScan: Processor Reset count not reached (1/2)
CFE_PSP: Exiting cFE with PROCESSOR Reset status.

CFE_PSP: Shutdown initiated - Exiting cFE
CI delete callback -- Closing CI Network socket.
TO delete callback -- Closing TO Network socket.
