OS_BSP_Initialize():Maximum user msg queue depth = 512
CFE_PSP: Default Reset SubType = 1
CFE_PSP: Default CPU ID = 1
CFE_PSP: Default Spacecraft ID = 66
CFE_PSP: Default CPU Name: cpu1
OS_Posix_GetSchedulerParams():208:Policy 1: available, min-max: 1-99
OS_Posix_GetSchedulerParams():208:Policy 2: available, min-max: 1-99
OS_Posix_TaskAPI_Impl_Init():401:Selected policy 2 for RT tasks, root task = 99
OS_Posix_TaskAPI_Impl_Init():419:Could not setschedparam in main thread: Operation not permitted (1)
CFE_PSP: initializing module 'soft_timebase' with ID 0110ff00
CFE_PSP: Instantiated software timebase 'cFS-Master' running at 10000 usec
CFE_PSP: initializing module 'timebase_posix_clock' with ID 0110ff01
CFE_PSP: Using POSIX monotonic clock as CFE timebase
CFE_PSP: initializing module 'eeprom_mmap_file' with ID 0110ff02
CFE_PSP: Using MMAP simulated EEPROM implementation
CFE_PSP: initializing module 'port_notimpl' with ID 0110ff03
CFE_PSP: I/O Port access not implemented
CFE_PSP: initializing module 'iodriver' with ID 0110ff04
CFE_PSP: EEPROM Range (2) created: Start Address = FF68EEF5E000, Size = 00080000 Status = 0
CFE_PSP: initializing module 'linux_sysmon' with ID 0110ff05
CFE_PSP: initializing module 'endian_api' with ID 0110ff06
CFE_PSP: Host CPU Endian=LITTLE
CFE_PSP: initializing module 'ram_notimpl' with ID 0110ff07
CFE_PSP: Physical RAM access not implemented
CFE_PSP: Normal exit from previous cFE instance
CFE_PSP: Starting the cFE with a PROCESSOR reset.
1980-001-07:08:41.71786 CFE_ES_Main: CFE_ES_Main in EARLY_INIT state
1980-001-07:08:41.72941 CFE_ES_InitializeFileSystems: Volatile Disk has 100 Percent free space.
Number of addresses returned by backtrace = 1
CFE_PSP: CFE_PSP_AttachExceptions called
1980-001-07:08:41.74662 CFE_ES_Main: CFE_ES_Main entering CORE_STARTUP state
1980-001-07:08:41.74677 CFE_ES_CreateObjects: Starting Object Creation calls.
1980-001-07:08:41.74688 CFE_ES_CreateObjects: Calling EarlyInit for CFE_CONFIG
1980-001-07:08:41.74929 CFE_ES_CreateObjects: Calling EarlyInit for CFE_ES
1980-001-07:08:41.75280 CFE_ES_CreateObjects: Calling EarlyInit for CFE_EVS
1980-001-07:08:41.75569 CFE_EVS_EarlyInit: Event Log restored, n=0, c=20, f=1, m=1, o=153
1980-001-07:08:41.75592 CFE_ES_CreateObjects: Calling EarlyInit for CFE_FS
1980-001-07:08:41.75690 CFE_ES_CreateObjects: Calling EarlyInit for CFE_SB
1980-001-07:08:41.77187 CFE_ES_CreateObjects: Calling EarlyInit for CFE_TBL
1980-001-07:08:41.79023 CFE_ES_CreateObjects: Calling EarlyInit for CFE_TIME
EVS Port1 1980-012-14:05:35.23756 66/1/CFE_ES 1: cFE ES Initialized: CFE_ES v7.0.1+dev1 (Draco) DEV BUILD, based on v7.0.1, EDS disabled
EVS Port1 1980-012-14:05:35.24255 66/1/CFE_ES 2: cFS Versions: cfe v7.0.1+dev1, osal v7.0.1+dev1, psp v7.0.1+dev1. cFE chksm 31659
EVS Port1 1980-012-14:05:35.24488 66/1/CFE_ES 91: Version Info: Mission SampleMission, version git:v7.0.1-90-g78c23b0-dirty
EVS Port1 1980-012-14:05:35.24569 66/1/CFE_ES 91: Version Info: Module CORE_API, version git:2612eb0
EVS Port1 1980-012-14:05:35.24617 66/1/CFE_ES 91: Version Info: Module CONFIG, version git:2612eb0
EVS Port1 1980-012-14:05:35.24641 66/1/CFE_ES 91: Version Info: Module ES, version git:2612eb0
EVS Port1 1980-012-14:05:35.24658 66/1/CFE_ES 91: Version Info: Module EVS, version git:2612eb0
EVS Port1 1980-012-14:05:35.24673 66/1/CFE_ES 91: Version Info: Module FS, version git:2612eb0
EVS Port1 1980-012-14:05:35.24786 66/1/CFE_ES 91: Version Info: Module SB, version git:2612eb0
EVS Port1 1980-012-14:05:35.24923 66/1/CFE_ES 91: Version Info: Module TBL, version git:2612eb0
EVS Port1 1980-012-14:05:35.25032 66/1/CFE_ES 91: Version Info: Module TIME, version git:2612eb0
EVS Port1 1980-012-14:05:35.25059 66/1/CFE_ES 91: Version Info: Module OSAL, version git:8111e4a
EVS Port1 1980-012-14:05:35.25074 66/1/CFE_ES 91: Version Info: Module PSP, version git:d1da809
EVS Port1 1980-012-14:05:35.25180 66/1/CFE_ES 91: Version Info: Module MSG, version git:2612eb0
EVS Port1 1980-012-14:05:35.25364 66/1/CFE_ES 91: Version Info: Module SBR, version git:2612eb0
EVS Port1 1980-012-14:05:35.25389 66/1/CFE_ES 91: Version Info: Module RESOURCEID, version git:2612eb0
EVS Port1 1980-012-14:05:35.25440 66/1/CFE_ES 92: Build 202609101313 by root@vm, config aarch64
EVS Port1 1980-012-14:05:35.32843 66/1/CFE_EVS 1: cFE EVS Initialized: CFE_EVS v7.0.1+dev1 (Draco) DEV BUILD, based on v7.0.1, EDS disabled
1980-012-14:05:35.43131 CFE_SB_AppInit: Registered 4 events for filtering
EVS Port1 1980-012-14:05:35.43888 66/1/CFE_SB 1: cFE SB Initialized: CFE_SB v7.0.1+dev1 (Draco) DEV BUILD, based on v7.0.1, EDS disabled
EVS Port1 1980-012-14:05:35.44148 66/1/CFE_SB 14: No subscribers for MsgId 0x808,sender CFE_SB
EVS Port1 1980-012-14:05:35.54765 66/1/CFE_TBL 1: cFE TBL Initialized: CFE_TBL v7.0.1+dev1 (Draco) DEV BUILD, based on v7.0.1, EDS disabled
EVS Port1 1980-012-14:05:35.54870 66/1/CFE_SB 14: No subscribers for MsgId 0x808,sender CFE_TBL
EVS Port1 1980-012-14:05:35.66180 66/1/CFE_TIME 1: cFE TIME Initialized: CFE_TIME v7.0.1+dev1 (Draco) DEV BUILD, based on v7.0.1, EDS disabled
EVS Port1 1980-012-14:05:35.66255 66/1/CFE_SB 14: No subscribers for MsgId 0x808,sender CFE_TIME
1980-012-14:05:35.69707 CFE_ES_CreateObjects: Finished ES CreateObject table entries.
1980-012-14:05:35.70145 CFE_ES_Main: CFE_ES_Main entering CORE_READY state
OS_FileOpen_Impl():110:open(/dev/shm/osal:RAM/cfe_es_startup.scr): No such file or directory
1980-012-14:05:35.71182 CFE_ES_OpenStartupScript: Cannot Open Volatile Startup file: /ram/cfe_es_startup.scr, Trying Nonvolatile.
1980-012-14:05:35.71442 CFE_ES_OpenStartupScript: Opened ES App Startup file: /cf/cfe_es_startup.scr
1980-012-14:05:35.73982 CFE_ES_ParseFileEntry: Loading shared library: /cf/cfe_assert.so
1980-012-14:05:35.75531 [BEGIN] CFE FUNCTIONAL TEST
1980-012-14:05:35.75688 [BEGIN] 01 CFE-STARTUP
1980-012-14:05:35.77743 CFE_ES_ParseFileEntry: Loading shared library: /cf/sample_lib.so
SAMPLE Lib Initialized.Sample Lib v7.0.0+dev1 (Draco) DEV BUILD, based on v7.0.1, EDS disabled
1980-012-14:05:35.80603 CFE_ES_ParseFileEntry: Loading file: /cf/sch_lab.so, APP: SCH_LAB
1980-012-14:05:35.83788 CFE_ES_ParseFileEntry: Loading file: /cf/ci_lab.so, APP: CI_LAB
1980-012-14:05:35.87672 CFE_ES_ParseFileEntry: Loading file: /cf/to_lab.so, APP: TO_LAB
SCH Lab Initialized.SCH Lab v7.0.1+dev1 (Draco) DEV BUILD, based on v7.0.1, EDS disabled
1980-012-14:05:35.99856 CFE_ES_ParseFileEntry: Loading file: /cf/sample_app.so, APP: SAMPLE_APP
EVS Port1 1980-012-14:05:36.00349 66/1/TO_LAB 1: TO Lab Initialized.TO Lab v7.0.1+dev1 (Draco) DEV BUILD, based on v7.0.1, EDS disabled, Awaiting enable command.
EVS Port1 1980-012-14:05:36.00653 66/1/CFE_SB 14: No subscribers for MsgId 0x808,sender TO_LAB
1980-012-14:05:36.16454 CI_LAB listening on UDP port: 1234
EVS Port1 1980-012-14:05:36.16738 66/1/SAMPLE_APP 1: Sample App Initialized.Sample App v7.0.0+dev1 (Draco) DEV BUILD, based on v7.0.1, EDS disabled
EVS Port1 1980-012-14:05:36.16926 66/1/CI_LAB 3: CI Lab Initialized.CI Lab App v7.0.1+dev1 (Draco) DEV BUILD, based on v7.0.1, EDS disabled
1980-012-14:05:36.17951 CFE_ES_ParseFileEntry: Loading file: /cf/lc.so, APP: LC
1980-012-14:05:36.25356 CFE_ES_ParseFileEntry: Loading file: /cf/cf.so, APP: CF
EVS Port1 1980-012-14:05:36.29022 66/1/LC 56: WDT verify results: good = 0, bad = 0, unused = 176
EVS Port1 1980-012-14:05:36.30859 66/1/LC 66: ADT verify results: good = 0, bad = 0, unused = 176
EVS Port1 1980-012-14:05:36.31666 66/1/LC 23: LC use of Critical Data Store disabled, activity mask = 0x00991990
EVS Port1 1980-012-14:05:36.31748 66/1/LC 2: LC Initialized. Version 7.0.1.255
1980-012-14:05:36.34563 CFE_ES_ParseFileEntry: Loading file: /cf/ds.so, APP: DS
EVS Port1 1980-012-14:05:36.40945 66/1/CF 20: CF Initialized. Version 7.0.1.255
1980-012-14:05:36.43261 CFE_ES_ParseFileEntry: Loading file: /cf/fm.so, APP: FM
EVS Port1 1980-012-14:05:36.46150 66/1/DS 10: Destination file table verify results: good entries = 6, bad = 0, unused = 10
EVS Port1 1980-012-14:05:36.48446 66/1/DS 12: Filter table verify results: good entries = 14, bad = 0, unused = 242
EVS Port1 1980-012-14:05:36.50070 66/1/DS 1: Application initialized, version 7.0.1.255, data at 0xff68eea60460
1980-012-14:05:36.52530 CFE_ES_ParseFileEntry: Loading file: /cf/hk.so, APP: HK
EVS Port1 1980-012-14:05:36.54977 66/1/FM 80: Free Space Table verify results: good entries = 3, bad = 0, unused = 5
EVS Port1 1980-012-14:05:36.57543 66/1/FM 1: Initialization complete: version 7.0.1.255
1980-012-14:05:36.61021 CFE_ES_ParseFileEntry: Loading file: /cf/hs.so, APP: HS
EVS Port1 1980-012-14:05:36.62966 66/1/FM 72: Child Task initialization complete
EVS Port1 1980-012-14:05:36.66169 66/1/HK 1: HK Initialized.  Version 7.0.1.255
1980-012-14:05:36.69953 CFE_ES_ParseFileEntry: Loading file: /cf/mm.so, APP: MM
EVS Port1 1980-012-14:05:36.73878 66/1/HS 54: ExeCount verify results: good = 5, bad = 0, unused = 27
EVS Port1 1980-012-14:05:36.77180 66/1/HS 50: AppMon verify results: good = 0, bad = 0, unused = 32
EVS Port1 1980-012-14:05:36.79046 66/1/MM 1: MM Initialized. Version 7.0.1.255
EVS Port1 1980-012-14:05:36.79949 66/1/HS 52: EventMon verify results: good = 0, bad = 0, unused = 16
EVS Port1 1980-012-14:05:36.81756 66/1/HS 56: MsgActs verify results: good = 2, bad = 0, unused = 6
1980-012-14:05:36.82774 HS_SysMonInit(): System Monitor using PSP device ID 0110ff05
1980-012-14:05:36.82871 CFE_ES_ParseFileEntry: Loading file: /cf/sc.so, APP: SC
CFE_PSP(Linux_SysMon): Started CPU utilization monitoring on 1 CPU(s)
EVS Port1 1980-012-14:05:36.87074 66/1/HS 1: HS Initialized.  Version 7.0.1.255
1980-012-14:05:36.91570 CFE_ES_ParseFileEntry: Loading file: /cf/md.so, APP: MD
EVS Port1 1980-012-14:05:37.00883 66/1/SC 21: RTS table files not loaded at initialization = 0 of 4
EVS Port1 1980-012-14:05:37.02154 66/1/SC 9: SC Initialized. Version 7.0.1.255
EVS Port1 1980-012-14:05:37.03059 66/1/MD 52: MD Dwell Tbl verify results: good = 0, bad = 0, unused = 25
1980-012-14:05:37.03243 CFE_ES_ParseFileEntry: Loading file: /cf/cs.so, APP: CS
EVS Port1 1980-012-14:05:37.04493 66/1/MD 3: Recovered Dwell Table #1 is valid and has been copied to the MD App
EVS Port1 1980-012-14:05:37.05140 66/1/MD 52: MD Dwell Tbl verify results: good = 0, bad = 0, unused = 25
EVS Port1 1980-012-14:05:37.05680 66/1/MD 3: Recovered Dwell Table #2 is valid and has been copied to the MD App
EVS Port1 1980-012-14:05:37.06352 66/1/MD 52: MD Dwell Tbl verify results: good = 0, bad = 0, unused = 25
EVS Port1 1980-012-14:05:37.06665 66/1/MD 3: Recovered Dwell Table #3 is valid and has been copied to the MD App
EVS Port1 1980-012-14:05:37.07742 66/1/MD 52: MD Dwell Tbl verify results: good = 0, bad = 0, unused = 25
EVS Port1 1980-012-14:05:37.08177 66/1/MD 3: Recovered Dwell Table #4 is valid and has been copied to the MD App
EVS Port1 1980-012-14:05:37.08439 66/1/MD 7: Dwell Tables Recovered: 4, Dwell Tables Initialized: 0
EVS Port1 1980-012-14:05:37.09159 66/1/MD 1: MD Initialized.  Version 7.0.1.255
EVS Port1 1980-012-14:05:37.17675 66/1/CS 144: CS EEPROM Table verification results: good = 0, bad = 0, unused = 16
EVS Port1 1980-012-14:05:37.18760 66/1/CS 107: CS EEPROM Table: No valid entries in the table
EVS Port1 1980-012-14:05:37.20849 66/1/CS 143: CS Memory Table verification results: good = 0, bad = 0, unused = 16
EVS Port1 1980-012-14:05:37.21359 66/1/CS 107: CS Memory Table: No valid entries in the table
EVS Port1 1980-012-14:05:37.25056 66/1/CS 139: CS Tables Table verification results: good = 1, bad = 0, unused = 23
EVS Port1 1980-012-14:05:37.27076 66/1/CS 142: CS Apps Table verification results: good = 0, bad = 0, unused = 24
EVS Port1 1980-012-14:05:37.27763 66/1/CS 108: CS Apps Table: No valid entries in the table
EVS Port1 1980-012-14:05:37.28488 66/1/CS 127: OS Text Segment disabled due to platform
EVS Port1 1980-012-14:05:37.29464 66/1/CS 1: CS Initialized. Version 7.0.1.255
1980-012-14:05:37.30375 CFE_ES_Main: CFE_ES_Main entering APPS_INIT state
1980-012-14:05:37.30930 CFE_ES_Main: CFE_ES_Main entering OPERATIONAL state
EVS Port1 1980-012-14:05:37.36654 66/1/TO_LAB 19: L550 TO Lab subscribed to 32 messages from the table
EVS Port1 1980-012-14:05:38.00801 66/1/CFE_TIME 21: Stop FLYWHEEL
...EVS Port1 1980-012-14:06:00.01237 66/1/CFE_TIME 21: Stop FLYWHEEL
EVS Port1 1980-012-14:06:00.99812 66/1/CFE_TIME 20: Start FLYWHEEL
.EVS Port1 1980-012-14:06:03.01210 66/1/CFE_TIME 21: Stop FLYWHEEL
EVS Port1 1980-012-14:06:03.99627 66/1/CFE_TIME 20: Start FLYWHEEL
.EVS Port1 1980-012-14:06:09.04013 66/1/CFE_TIME 21: Stop FLYWHEEL
EVS Port1 1980-012-14:06:10.02421 66/1/CFE_TIME 20: Start FLYWHEEL
EVS Port1 1980-012-14:06:11.00701 66/1/CFE_TIME 21: Stop FLYWHEEL
EVS Port1 1980-012-14:06:12.05528 66/1/CFE_TIME 20: Start FLYWHEEL
.EVS Port1 1980-012-14:06:14.24594 66/1/CFE_TIME 20: Start FLYWHEEL
EVS Port1 1980-012-14:06:15.01644 66/1/CFE_TIME 21: Stop FLYWHEEL
EVS Port1 1980-012-14:06:18.29420 66/1/CFE_TIME 20: Start FLYWHEEL
....EVS Port1 1980-012-14:06:42.00576 66/1/CFE_TIME 21: Stop FLYWHEEL
.EVS Port1 1980-012-14:06:46.01593 66/1/CFE_TIME 21: Stop FLYWHEEL
EVS Port1 1980-012-14:06:47.36573 66/1/CFE_TIME 20: Start FLYWHEEL
EVS Port1 1980-012-14:06:49.48513 66/1/CFE_TIME 20: Start FLYWHEEL
.EVS Port1 1980-012-14:06:51.01480 66/1/CFE_TIME 21: Stop FLYWHEEL
EVS Port1 1980-012-14:06:55.11505 66/1/CFE_TIME 20: Start FLYWHEEL
..EVS Port1 1980-012-14:07:03.01499 66/1/CFE_TIME 21: Stop FLYWHEEL
1980-012-14:07:05.15471 CFE_ES_RunExceptionScan: ExceptionID 0x1110001 in TaskID 0: Caught SIGINT
1980-012-14:07:05.17900 CFE_ES_RunExceptionScan: Maximum Processor Reset count reached (2)
CFE_PSP: Exiting cFE with POWERON Reset status.
CFE_PSP: Critical Data Store Shared memory segment removed
Reset Area Shared memory segment removed
User Reserved Area Shared memory segment removed

CFE_PSP: Shutdown initiated - Exiting cFE
CI delete callback -- Closing CI Network socket.
TO delete callback -- Closing TO Network socket.
