OS_BSP_Initialize():Maximum user msg queue depth = 512
CFE_PSP: Default Reset SubType = 1
CFE_PSP: Default CPU ID = 1
CFE_PSP: Default Spacecraft ID = 66
CFE_PSP: Default CPU Name: cpu1
OS_Posix_GetSchedulerParams():208:Policy 1: available, min-max: 1-99
OS_Posix_GetSchedulerParams():208:Policy 2: available, min-max: 1-99
OS_Posix_TaskAPI_Impl_Init():401:Selected policy 2 for RT tasks, root task = 99
OS_Posix_TaskAPI_Impl_Init():419:Could not setschedparam in main thread: Operation not permitted (1)
CFE_PSP: initializing module 'soft_timebase' with ID 0110ff00
CFE_PSP: Instantiated software timebase 'cFS-Master' running at 10000 usec
CFE_PSP: initializing module 'timebase_posix_clock' with ID 0110ff01
CFE_PSP: Using POSIX monotonic clock as CFE timebase
CFE_PSP: initializing module 'eeprom_mmap_file' with ID 0110ff02
CFE_PSP: Using MMAP simulated EEPROM implementation
CFE_PSP: EEPROM Range (2) created: Start Address = E71AAE18E000, Size = 00080000 Status = 0
CFE_PSP: initializing module 'port_notimpl' with ID 0110ff03
CFE_PSP: I/O Port access not implemented
CFE_PSP: initializing module 'iodriver' with ID 0110ff04
CFE_PSP: initializing module 'linux_sysmon' with ID 0110ff05
CFE_PSP: initializing module 'endian_api' with ID 0110ff06
CFE_PSP: Host CPU Endian=LITTLE
CFE_PSP: initializing module 'ram_notimpl' with ID 0110ff07
CFE_PSP: Physical RAM access not implemented
CFE_PSP: Normal exit from previous cFE instance
CFE_PSP: Starting the cFE with a PROCESSOR reset.
1980-001-00:24:56.40785 CFE_ES_Main: CFE_ES_Main in EARLY_INIT state
1980-001-00:24:56.51758 CFE_ES_InitializeFileSystems: Volatile Disk has 100 Percent free space.
Number of addresses returned by backtrace = 1
CFE_PSP: CFE_PSP_AttachExceptions called
1980-001-00:24:56.64677 CFE_ES_Main: CFE_ES_Main entering CORE_STARTUP state
1980-001-00:24:56.65060 CFE_ES_CreateObjects: Starting Object Creation calls.
1980-001-00:24:56.65084 CFE_ES_CreateObjects: Calling EarlyInit for CFE_CONFIG
1980-001-00:24:56.67694 CFE_ES_CreateObjects: Calling EarlyInit for CFE_ES
1980-001-00:24:56.71774 CFE_ES_CreateObjects: Calling EarlyInit for CFE_EVS
1980-001-00:24:56.73581 CFE_EVS_EarlyInit: Event Log restored, n=0, c=20, f=1, m=1, o=231
1980-001-00:24:56.73961 CFE_ES_CreateObjects: Calling EarlyInit for CFE_FS
1980-001-00:24:56.73996 CFE_ES_CreateObjects: Calling EarlyInit for CFE_SB
1980-001-00:24:56.96961 CFE_ES_CreateObjects: Calling EarlyInit for CFE_TBL
1980-001-00:24:57.38784 CFE_ES_CreateObjects: Calling EarlyInit for CFE_TIME
EVS Port1 1980-012-14:06:05.76762 66/1/CFE_ES 1: cFE ES Initialized: CFE_ES v7.0.1+dev1 (Draco) DEV BUILD, based on v7.0.1, EDS disabled
EVS Port1 1980-012-14:06:05.80276 66/1/CFE_ES 2: cFS Versions: cfe v7.0.1+dev1, osal v7.0.1+dev1, psp v7.0.1+dev1. cFE chksm 31659
EVS Port1 1980-012-14:06:05.81338 66/1/CFE_ES 91: Version Info: Mission SampleMission, version git:v7.0.1-90-g78c23b0-dirty
EVS Port1 1980-012-14:06:05.81596 66/1/CFE_ES 91: Version Info: Module CORE_API, version git:2612eb0
EVS Port1 1980-012-14:06:05.82069 66/1/CFE_ES 91: Version Info: Module CONFIG, version git:2612eb0
EVS Port1 1980-012-14:06:05.82092 66/1/CFE_ES 91: Version Info: Module ES, version git:2612eb0
EVS Port1 1980-012-14:06:05.82102 66/1/CFE_ES 91: Version Info: Module EVS, version git:2612eb0
EVS Port1 1980-012-14:06:05.82365 66/1/CFE_ES 91: Version Info: Module FS, version git:2612eb0
EVS Port1 1980-012-14:06:05.82740 66/1/CFE_ES 91: Version Info: Module SB, version git:2612eb0
EVS Port1 1980-012-14:06:05.82774 66/1/CFE_ES 91: Version Info: Module TBL, version git:2612eb0
EVS Port1 1980-012-14:06:05.82977 66/1/CFE_ES 91: Version Info: Module TIME, version git:2612eb0
EVS Port1 1980-012-14:06:05.83369 66/1/CFE_ES 91: Version Info: Module OSAL, version git:8111e4a
EVS Port1 1980-012-14:06:05.83563 66/1/CFE_ES 91: Version Info: Module PSP, version git:d1da809
EVS Port1 1980-012-14:06:05.83598 66/1/CFE_ES 91: Version Info: Module MSG, version git:2612eb0
EVS Port1 1980-012-14:06:05.83937 66/1/CFE_ES 91: Version Info: Module SBR, version git:2612eb0
EVS Port1 1980-012-14:06:05.84277 66/1/CFE_ES 91: Version Info: Module RESOURCEID, version git:2612eb0
EVS Port1 1980-012-14:06:05.84385 66/1/CFE_ES 92: Build 202609140214 by root@vm, config aarch64
EVS Port1 1980-012-14:06:05.99774 66/1/CFE_EVS 1: cFE EVS Initialized: CFE_EVS v7.0.1+dev1 (Draco) DEV BUILD, based on v7.0.1, EDS disabled
1980-012-14:06:06.11010 CFE_SB_AppInit: Registered 4 events for filtering
EVS Port1 1980-012-14:06:06.12574 66/1/CFE_SB 1: cFE SB Initialized: CFE_SB v7.0.1+dev1 (Draco) DEV BUILD, based on v7.0.1, EDS disabled
EVS Port1 1980-012-14:06:06.12872 66/1/CFE_SB 14: No subscribers for MsgId 0x808,sender CFE_SB
EVS Port1 1980-012-14:06:06.23881 66/1/CFE_TBL 1: cFE TBL Initialized: CFE_TBL v7.0.1+dev1 (Draco) DEV BUILD, based on v7.0.1, EDS disabled
EVS Port1 1980-012-14:06:06.24295 66/1/CFE_SB 14: No subscribers for MsgId 0x808,sender CFE_TBL
EVS Port1 1980-012-14:06:06.37371 66/1/CFE_TIME 1: cFE TIME Initialized: CFE_TIME v7.0.1+dev1 (Draco) DEV BUILD, based on v7.0.1, EDS disabled
EVS Port1 1980-012-14:06:06.37788 66/1/CFE_SB 14: No subscribers for MsgId 0x808,sender CFE_TIME
1980-012-14:06:06.43460 CFE_ES_CreateObjects: Finished ES CreateObject table entries.
1980-012-14:06:06.43957 CFE_ES_Main: CFE_ES_Main entering CORE_READY state
OS_FileOpen_Impl():110:open(/dev/shm/osal:RAM/cfe_es_startup.scr): No such file or directory
1980-012-14:06:06.45699 CFE_ES_OpenStartupScript: Cannot Open Volatile Startup file: /ram/cfe_es_startup.scr, Trying Nonvolatile.
1980-012-14:06:06.46136 CFE_ES_OpenStartupScript: Opened ES App Startup file: /cf/cfe_es_startup.scr
1980-012-14:06:06.59980 CFE_ES_ParseFileEntry: Loading shared library: /cf/cfe_assert.so
1980-012-14:06:06.64084 [BEGIN] CFE FUNCTIONAL TEST
1980-012-14:06:06.64492 [BEGIN] 01 CFE-STARTUP
1980-012-14:06:06.74074 CFE_ES_ParseFileEntry: Loading shared library: /cf/sample_lib.so
SAMPLE Lib Initialized.Sample Lib v7.0.0+dev1 (Draco) DEV BUILD, based on v7.0.1, EDS disabled
1980-012-14:06:06.85682 CFE_ES_ParseFileEntry: Loading file: /cf/sch_lab.so, APP: SCH_LAB
1980-012-14:06:07.06507 CFE_ES_ParseFileEntry: Loading file: /cf/ci_lab.so, APP: CI_LAB
SCH Lab Initialized.SCH Lab v7.0.1+dev1 (Draco) DEV BUILD, based on v7.0.1, EDS disabled
1980-012-14:06:07.26202 CFE_ES_ParseFileEntry: Loading file: /cf/to_lab.so, APP: TO_LAB
EVS Port1 1980-012-14:06:07.44978 66/1/TO_LAB 1: TO Lab Initialized.TO Lab v7.0.1+dev1 (Draco) DEV BUILD, based on v7.0.1, EDS disabled, Awaiting enable command.
EVS Port1 1980-012-14:06:07.46371 66/1/CFE_SB 14: No subscribers for MsgId 0x808,sender TO_LAB
1980-012-14:06:07.45482 CI_LAB listening on UDP port: 1234
EVS Port1 1980-012-14:06:07.46594 66/1/CI_LAB 3: CI Lab Initialized.CI Lab App v7.0.1+dev1 (Draco) DEV BUILD, based on v7.0.1, EDS disabled
1980-012-14:06:07.51452 CFE_ES_ParseFileEntry: Loading file: /cf/sample_app.so, APP: SAMPLE_APP
EVS Port1 1980-012-14:06:07.64184 66/1/SAMPLE_APP 1: Sample App Initialized.Sample App v7.0.0+dev1 (Draco) DEV BUILD, based on v7.0.1, EDS disabled
1980-012-14:06:07.66698 CFE_ES_ParseFileEntry: Loading file: /cf/ai_learner.so, APP: AI_LEARNER
{"app":"AI_LEARNER","stage":"build_config","model":"b2_resnet","allow_conditional_map":0,"contract_bounded_bytes":618856,"contract_per_call_bytes":309416,"contract_const_bytes":309440,"contract_bound_known":true,"contract_artifact_sha256":"2e0bc7dc67af80b795ff4847292e51326bf7349a34c434755c365faf4457fabb"}
{"app":"AI_LEARNER","stage":"stack","es_stack_size":263376,"stack_base_bytes":262144,"contract_kernel_stack_bytes":1232,"kernel_stack_accounted":true}
1980-012-14:06:07.80600 CFE_ES_ParseFileEntry: Loading file: /cf/lc.so, APP: LC
{"app":"AI_LEARNER","stage":"admission","verdict":"ADMIT","model":"b2_resnet","target":"aarch64-unknown-linux-gnu","bounded":618856,"budget":618856,"budget_source":"override","per_call":309416,"constants":309440,"kernel_stack_bytes":1232,"bound_known":true,"scope":"per_app_local_budget"}
EVS Port1 1980-012-14:06:07.81193 66/1/AI_LEARNER 8: AI_LEARNER stack: es=263376 base=262144 kernel=1232 accounted=1
{"app":"AI_LEARNER","stage":"blob_align","requested_offset":40,"state":"applied","module_ptr_mod64":40}
EVS Port1 1980-012-14:06:08.00195 66/1/LC 56: WDT verify results: good = 0, bad = 0, unused = 176
1980-012-14:06:08.05090 CFE_ES_ParseFileEntry: Loading file: /cf/cf.so, APP: CF
EVS Port1 1980-012-14:06:08.05302 66/1/LC 66: ADT verify results: good = 0, bad = 0, unused = 176
EVS Port1 1980-012-14:06:08.08981 66/1/LC 23: LC use of Critical Data Store disabled, activity mask = 0x00991990
EVS Port1 1980-012-14:06:08.09678 66/1/LC 2: LC Initialized. Version 7.0.1.255
1980-012-14:06:08.33070 CFE_ES_ParseFileEntry: Loading file: /cf/ds.so, APP: DS
{"app":"AI_LEARNER","stage":"binding","verdict":"MATCH","artifact_bytes":343538,"artifact_sha256":"2e0bc7dc67af80b7","contract_sha256":"2e0bc7dc67af80b7"}
EVS Port1 1980-012-14:06:08.45103 66/1/CF 20: CF Initialized. Version 7.0.1.255
EVS Port1 1980-012-14:06:08.56561 66/1/DS 10: Destination file table verify results: good entries = 6, bad = 0, unused = 10
EVS Port1 1980-012-14:06:08.62005 66/1/DS 12: Filter table verify results: good entries = 14, bad = 0, unused = 242
1980-012-14:06:08.65761 CFE_ES_ParseFileEntry: Loading file: /cf/fm.so, APP: FM
EVS Port1 1980-012-14:06:08.68278 66/1/DS 1: Application initialized, version 7.0.1.255, data at 0xe71aada40460
EVS Port1 1980-012-14:06:08.86694 66/1/FM 80: Free Space Table verify results: good entries = 3, bad = 0, unused = 5
1980-012-14:06:08.94155 CFE_ES_ParseFileEntry: Loading file: /cf/hk.so, APP: HK
EVS Port1 1980-012-14:06:08.93597 66/1/FM 1: Initialization complete: version 7.0.1.255
EVS Port1 1980-012-14:06:08.04331 66/1/CFE_TIME 21: Stop FLYWHEEL
EVS Port1 1980-012-14:06:08.09916 66/1/FM 72: Child Task initialization complete
EVS Port1 1980-012-14:06:08.32402 66/1/HK 1: HK Initialized.  Version 7.0.1.255
1980-012-14:06:08.37242 CFE_ES_ParseFileEntry: Loading file: /cf/hs.so, APP: HS
{"app":"AI_LEARNER","stage":"map_branch","model":"b2_resnet","module_ptr_mod64":40,"hal_peak_after_append":309440,"contract_const_bytes":309440,"contract_per_call_bytes":309416,"arm":"copy","admission_mode":"unconditional"}
{"app":"AI_LEARNER","stage":"mem_init","model":"b2_resnet","target":"aarch64-unknown-linux-gnu","hal_peak":321728,"hal_allocated":321728,"bounded":618856,"peak_within_bounded":true,"inferences_so_far":0,"process_rss_kb":6236,"rss_kb_before_runtime":5240,"rss_kb_after_session":5540,"rss_kb_after_init":6236}
{"app":"AI_LEARNER","stage":"e25_mode","active":false,"inputs_path":"/cf/e25_inputs.bin"}
EVS Port1 1980-012-14:06:08.55491 66/1/AI_LEARNER 3: AI_LEARNER initialized: model b2_resnet (343538 B), rss_delta_init=996 KB
EVS Port1 1980-012-14:06:08.57206 66/1/HS 54: ExeCount verify results: good = 5, bad = 0, unused = 27
1980-012-14:06:08.59814 CFE_ES_ParseFileEntry: Loading file: /cf/mm.so, APP: MM
EVS Port1 1980-012-14:06:08.61201 66/1/HS 50: AppMon verify results: good = 0, bad = 0, unused = 32
EVS Port1 1980-012-14:06:08.65731 66/1/HS 52: EventMon verify results: good = 0, bad = 0, unused = 16
EVS Port1 1980-012-14:06:08.69113 66/1/HS 56: MsgActs verify results: good = 2, bad = 0, unused = 6
1980-012-14:06:08.71410 HS_SysMonInit(): System Monitor using PSP device ID 0110ff05
EVS Port1 1980-012-14:06:08.72909 66/1/MM 1: MM Initialized. Version 7.0.1.255
CFE_PSP(Linux_SysMon): Started CPU utilization monitoring on 1 CPU(s)
EVS Port1 1980-012-14:06:08.79893 66/1/HS 1: HS Initialized.  Version 7.0.1.255
1980-012-14:06:08.81913 CFE_ES_ParseFileEntry: Loading file: /cf/sc.so, APP: SC
1980-012-14:06:08.94036 CFE_ES_ParseFileEntry: Loading file: /cf/md.so, APP: MD
EVS Port1 1980-012-14:06:09.05323 66/1/SC 21: RTS table files not loaded at initialization = 0 of 4
EVS Port1 1980-012-14:06:09.07937 66/1/SC 9: SC Initialized. Version 7.0.1.255
1980-012-14:06:09.18809 CFE_ES_ParseFileEntry: Loading file: /cf/cs.so, APP: CS
EVS Port1 1980-012-14:06:09.18431 66/1/MD 52: MD Dwell Tbl verify results: good = 0, bad = 0, unused = 25
EVS Port1 1980-012-14:06:09.19543 66/1/MD 3: Recovered Dwell Table #1 is valid and has been copied to the MD App
EVS Port1 1980-012-14:06:09.26441 66/1/MD 52: MD Dwell Tbl verify results: good = 0, bad = 0, unused = 25
EVS Port1 1980-012-14:06:09.28601 66/1/MD 3: Recovered Dwell Table #2 is valid and has been copied to the MD App
EVS Port1 1980-012-14:06:09.29342 66/1/MD 52: MD Dwell Tbl verify results: good = 0, bad = 0, unused = 25
EVS Port1 1980-012-14:06:09.30104 66/1/MD 3: Recovered Dwell Table #3 is valid and has been copied to the MD App
EVS Port1 1980-012-14:06:09.30909 66/1/MD 52: MD Dwell Tbl verify results: good = 0, bad = 0, unused = 25
EVS Port1 1980-012-14:06:09.32278 66/1/MD 3: Recovered Dwell Table #4 is valid and has been copied to the MD App
EVS Port1 1980-012-14:06:09.32710 66/1/MD 7: Dwell Tables Recovered: 4, Dwell Tables Initialized: 0
EVS Port1 1980-012-14:06:09.33308 66/1/MD 1: MD Initialized.  Version 7.0.1.255
EVS Port1 1980-012-14:06:09.37506 66/1/CS 144: CS EEPROM Table verification results: good = 0, bad = 0, unused = 16
EVS Port1 1980-012-14:06:09.38604 66/1/CS 107: CS EEPROM Table: No valid entries in the table
EVS Port1 1980-012-14:06:09.40615 66/1/CS 143: CS Memory Table verification results: good = 0, bad = 0, unused = 16
EVS Port1 1980-012-14:06:09.41616 66/1/CS 107: CS Memory Table: No valid entries in the table
EVS Port1 1980-012-14:06:09.44110 66/1/CS 139: CS Tables Table verification results: good = 1, bad = 0, unused = 23
EVS Port1 1980-012-14:06:09.46408 66/1/CS 142: CS Apps Table verification results: good = 0, bad = 0, unused = 24
EVS Port1 1980-012-14:06:09.47125 66/1/CS 108: CS Apps Table: No valid entries in the table
EVS Port1 1980-012-14:06:09.47927 66/1/CS 127: OS Text Segment disabled due to platform
EVS Port1 1980-012-14:06:09.48031 66/1/CS 1: CS Initialized. Version 7.0.1.255
1980-012-14:06:09.49989 CFE_ES_Main: CFE_ES_Main entering APPS_INIT state
1980-012-14:06:09.50020 CFE_ES_Main: CFE_ES_Main entering OPERATIONAL state
EVS Port1 1980-012-14:06:09.52119 66/1/TO_LAB 19: L550 TO Lab subscribed to 32 messages from the table
EVS Port1 1980-012-14:06:10.01402 66/1/CFE_TIME 21: Stop FLYWHEEL
EVS Port1 1980-012-14:06:11.00219 66/1/CFE_TIME 20: Start FLYWHEEL
EVS Port1 1980-012-14:06:12.97125 66/1/AI_LEARNER 4: AI_LEARNER completed=1/1 mean=1848707.4us max=1848707.4us hal_peak=618856 within_bounded=1
{"app":"AI_LEARNER","stage":"run","model":"b2_resnet","target":"aarch64-unknown-linux-gnu","attempted":1,"completed":1,"fail_input":0,"fail_invoke":0,"fail_output":0,"mean_us":1848707.39,"max_us":1848707.39,"last_us":1848707.39,"out0":0.35276,"out_elems":10,"out_sha256":"fc0a2dda317902b13ea77e3255b2fc98856639b7665ef3adb2845f62e5009bd2","out_head":[0.352762,0.001089,0.001762,0.063496,0.333236,0.006337],"out_tail":[0.333236,0.006337,0.202586,0.013290,0.019226,0.006216],"out_full_file":"/cf/last_out.json","out_full_file_bytes":182,"out_full_file_reason":"ok","out_record_truncates":false}
{"app":"AI_LEARNER","stage":"mem","model":"b2_resnet","target":"aarch64-unknown-linux-gnu","completed":1,"hal_peak":618856,"peak_within_bounded":true,"admitted_budget_bytes":618856,"peak_within_admitted_budget":true,"admission_mode":"unconditional","hal_bytes_per_call_amortized":618856.0,"process_rss_kb":6888,"process_rss_delta_init_kb":996,"max_active_calls":1,"active_calls_now":0,"call_counter_balanced":true}
.EVS Port1 1980-012-14:06:16.60195 66/1/AI_LEARNER 4: AI_LEARNER completed=2/2 mean=1670850.4us max=1848707.4us hal_peak=618856 within_bounded=1
{"app":"AI_LEARNER","stage":"run","model":"b2_resnet","target":"aarch64-unknown-linux-gnu","attempted":2,"completed":2,"fail_input":0,"fail_invoke":0,"fail_output":0,"mean_us":1670850.45,"max_us":1848707.39,"last_us":1492993.50,"out0":0.35276,"out_elems":10,"out_sha256":"fc0a2dda317902b13ea77e3255b2fc98856639b7665ef3adb2845f62e5009bd2","out_head":[0.352762,0.001089,0.001762,0.063496,0.333236,0.006337],"out_tail":[0.333236,0.006337,0.202586,0.013290,0.019226,0.006216],"out_full_file":"/cf/last_out.json","out_full_file_bytes":182,"out_full_file_reason":"ok","out_record_truncates":false}
{"app":"AI_LEARNER","stage":"mem","model":"b2_resnet","target":"aarch64-unknown-linux-gnu","completed":2,"hal_peak":618856,"peak_within_bounded":true,"admitted_budget_bytes":618856,"peak_within_admitted_budget":true,"admission_mode":"unconditional","hal_bytes_per_call_amortized":457992.0,"process_rss_kb":7180,"process_rss_delta_init_kb":996,"max_active_calls":1,"active_calls_now":0,"call_counter_balanced":true}
EVS Port1 1980-012-14:06:17.02273 66/1/CFE_TIME 21: Stop FLYWHEEL
EVS Port1 1980-012-14:06:17.99385 66/1/CFE_TIME 20: Start FLYWHEEL
EVS Port1 1980-012-14:06:21.07749 66/1/AI_LEARNER 4: AI_LEARNER completed=3/3 mean=1749604.2us max=1907111.6us hal_peak=618856 within_bounded=1
{"app":"AI_LEARNER","stage":"run","model":"b2_resnet","target":"aarch64-unknown-linux-gnu","attempted":3,"completed":3,"fail_input":0,"fail_invoke":0,"fail_output":0,"mean_us":1749604.17,"max_us":1907111.62,"last_us":1907111.62,"out0":0.35276,"out_elems":10,"out_sha256":"fc0a2dda317902b13ea77e3255b2fc98856639b7665ef3adb2845f62e5009bd2","out_head":[0.352762,0.001089,0.001762,0.063496,0.333236,0.006337],"out_tail":[0.333236,0.006337,0.202586,0.013290,0.019226,0.006216],"out_full_file":"/cf/last_out.json","out_full_file_bytes":182,"out_full_file_reason":"ok","out_record_truncates":false}
{"app":"AI_LEARNER","stage":"mem","model":"b2_resnet","target":"aarch64-unknown-linux-gnu","completed":3,"hal_peak":618856,"peak_within_bounded":true,"admitted_budget_bytes":618856,"peak_within_admitted_budget":true,"admission_mode":"unconditional","hal_bytes_per_call_amortized":404370.7,"process_rss_kb":7180,"process_rss_delta_init_kb":996,"max_active_calls":1,"active_calls_now":0,"call_counter_balanced":true}
.EVS Port1 1980-012-14:06:22.05528 66/1/CFE_TIME 20: Start FLYWHEEL
EVS Port1 1980-012-14:06:23.02819 66/1/CFE_TIME 21: Stop FLYWHEEL
EVS Port1 1980-012-14:06:24.62020 66/1/AI_LEARNER 4: AI_LEARNER completed=4/4 mean=1695804.1us max=1907111.6us hal_peak=618856 within_bounded=1
{"app":"AI_LEARNER","stage":"run","model":"b2_resnet","target":"aarch64-unknown-linux-gnu","attempted":4,"completed":4,"fail_input":0,"fail_invoke":0,"fail_output":0,"mean_us":1695804.13,"max_us":1907111.62,"last_us":1534404.00,"out0":0.35276,"out_elems":10,"out_sha256":"fc0a2dda317902b13ea77e3255b2fc98856639b7665ef3adb2845f62e5009bd2","out_head":[0.352762,0.001089,0.001762,0.063496,0.333236,0.006337],"out_tail":[0.333236,0.006337,0.202586,0.013290,0.019226,0.006216],"out_full_file":"/cf/last_out.json","out_full_file_bytes":182,"out_full_file_reason":"ok","out_record_truncates":false}
{"app":"AI_LEARNER","stage":"mem","model":"b2_resnet","target":"aarch64-unknown-linux-gnu","completed":4,"hal_peak":618856,"peak_within_bounded":true,"admitted_budget_bytes":618856,"peak_within_admitted_budget":true,"admission_mode":"unconditional","hal_bytes_per_call_amortized":377560.0,"process_rss_kb":7180,"process_rss_delta_init_kb":996,"max_active_calls":1,"active_calls_now":0,"call_counter_balanced":true}
.EVS Port1 1980-012-14:06:28.91914 66/1/AI_LEARNER 4: AI_LEARNER completed=5/5 mean=1716149.6us max=1907111.6us hal_peak=618856 within_bounded=1
{"app":"AI_LEARNER","stage":"run","model":"b2_resnet","target":"aarch64-unknown-linux-gnu","attempted":5,"completed":5,"fail_input":0,"fail_invoke":0,"fail_output":0,"mean_us":1716149.64,"max_us":1907111.62,"last_us":1797531.70,"out0":0.35276,"out_elems":10,"out_sha256":"fc0a2dda317902b13ea77e3255b2fc98856639b7665ef3adb2845f62e5009bd2","out_head":[0.352762,0.001089,0.001762,0.063496,0.333236,0.006337],"out_tail":[0.333236,0.006337,0.202586,0.013290,0.019226,0.006216],"out_full_file":"/cf/last_out.json","out_full_file_bytes":182,"out_full_file_reason":"ok","out_record_truncates":false}
{"app":"AI_LEARNER","stage":"mem","model":"b2_resnet","target":"aarch64-unknown-linux-gnu","completed":5,"hal_peak":618856,"peak_within_bounded":true,"admitted_budget_bytes":618856,"peak_within_admitted_budget":true,"admission_mode":"unconditional","hal_bytes_per_call_amortized":361473.6,"process_rss_kb":7180,"process_rss_delta_init_kb":996,"max_active_calls":1,"active_calls_now":0,"call_counter_balanced":true}
EVS Port1 1980-012-14:06:31.09477 66/1/CFE_TIME 20: Start FLYWHEEL
EVS Port1 1980-012-14:06:32.83457 66/1/AI_LEARNER 4: AI_LEARNER completed=6/6 mean=1703658.0us max=1907111.6us hal_peak=618856 within_bounded=1
{"app":"AI_LEARNER","stage":"run","model":"b2_resnet","target":"aarch64-unknown-linux-gnu","attempted":6,"completed":6,"fail_input":0,"fail_invoke":0,"fail_output":0,"mean_us":1703657.99,"max_us":1907111.62,"last_us":1641199.76,"out0":0.35276,"out_elems":10,"out_sha256":"fc0a2dda317902b13ea77e3255b2fc98856639b7665ef3adb2845f62e5009bd2","out_head":[0.352762,0.001089,0.001762,0.063496,0.333236,0.006337],"out_tail":[0.333236,0.006337,0.202586,0.013290,0.019226,0.006216],"out_full_file":"/cf/last_out.json","out_full_file_bytes":182,"out_full_file_reason":"ok","out_record_truncates":false}
{"app":"AI_LEARNER","stage":"mem","model":"b2_resnet","target":"aarch64-unknown-linux-gnu","completed":6,"hal_peak":618856,"peak_within_bounded":true,"admitted_budget_bytes":618856,"peak_within_admitted_budget":true,"admission_mode":"unconditional","hal_bytes_per_call_amortized":350749.3,"process_rss_kb":7184,"process_rss_delta_init_kb":996,"max_active_calls":1,"active_calls_now":0,"call_counter_balanced":true}
EVS Port1 1980-012-14:06:33.00736 66/1/CFE_TIME 21: Stop FLYWHEEL
.EVS Port1 1980-012-14:06:36.04287 66/1/CFE_TIME 21: Stop FLYWHEEL
EVS Port1 1980-012-14:06:36.76811 66/1/AI_LEARNER 4: AI_LEARNER completed=7/7 mean=1703672.9us max=1907111.6us hal_peak=618856 within_bounded=1
{"app":"AI_LEARNER","stage":"run","model":"b2_resnet","target":"aarch64-unknown-linux-gnu","attempted":7,"completed":7,"fail_input":0,"fail_invoke":0,"fail_output":0,"mean_us":1703672.93,"max_us":1907111.62,"last_us":1703762.53,"out0":0.35276,"out_elems":10,"out_sha256":"fc0a2dda317902b13ea77e3255b2fc98856639b7665ef3adb2845f62e5009bd2","out_head":[0.352762,0.001089,0.001762,0.063496,0.333236,0.006337],"out_tail":[0.333236,0.006337,0.202586,0.013290,0.019226,0.006216],"out_full_file":"/cf/last_out.json","out_full_file_bytes":182,"out_full_file_reason":"ok","out_record_truncates":false}
{"app":"AI_LEARNER","stage":"mem","model":"b2_resnet","target":"aarch64-unknown-linux-gnu","completed":7,"hal_peak":618856,"peak_within_bounded":true,"admitted_budget_bytes":618856,"peak_within_admitted_budget":true,"admission_mode":"unconditional","hal_bytes_per_call_amortized":343089.1,"process_rss_kb":7184,"process_rss_delta_init_kb":996,"max_active_calls":1,"active_calls_now":0,"call_counter_balanced":true}
EVS Port1 1980-012-14:06:36.99200 66/1/CFE_TIME 20: Start FLYWHEEL
.EVS Port1 1980-012-14:06:40.02336 66/1/CFE_TIME 21: Stop FLYWHEEL
EVS Port1 1980-012-14:06:40.73838 66/1/AI_LEARNER 4: AI_LEARNER completed=8/8 mean=1697616.2us max=1907111.6us hal_peak=618856 within_bounded=1
{"app":"AI_LEARNER","stage":"run","model":"b2_resnet","target":"aarch64-unknown-linux-gnu","attempted":8,"completed":8,"fail_input":0,"fail_invoke":0,"fail_output":0,"mean_us":1697616.19,"max_us":1907111.62,"last_us":1655219.06,"out0":0.35276,"out_elems":10,"out_sha256":"fc0a2dda317902b13ea77e3255b2fc98856639b7665ef3adb2845f62e5009bd2","out_head":[0.352762,0.001089,0.001762,0.063496,0.333236,0.006337],"out_tail":[0.333236,0.006337,0.202586,0.013290,0.019226,0.006216],"out_full_file":"/cf/last_out.json","out_full_file_bytes":182,"out_full_file_reason":"ok","out_record_truncates":false}
{"app":"AI_LEARNER","stage":"mem","model":"b2_resnet","target":"aarch64-unknown-linux-gnu","completed":8,"hal_peak":618856,"peak_within_bounded":true,"admitted_budget_bytes":618856,"peak_within_admitted_budget":true,"admission_mode":"unconditional","hal_bytes_per_call_amortized":337344.0,"process_rss_kb":7184,"process_rss_delta_init_kb":996,"max_active_calls":1,"active_calls_now":0,"call_counter_balanced":true}
EVS Port1 1980-012-14:06:41.00314 66/1/CFE_TIME 20: Start FLYWHEEL
EVS Port1 1980-012-14:06:44.71778 66/1/AI_LEARNER 4: AI_LEARNER completed=9/9 mean=1689617.6us max=1907111.6us hal_peak=618856 within_bounded=1
{"app":"AI_LEARNER","stage":"run","model":"b2_resnet","target":"aarch64-unknown-linux-gnu","attempted":9,"completed":9,"fail_input":0,"fail_invoke":0,"fail_output":0,"mean_us":1689617.60,"max_us":1907111.62,"last_us":1625628.85,"out0":0.35276,"out_elems":10,"out_sha256":"fc0a2dda317902b13ea77e3255b2fc98856639b7665ef3adb2845f62e5009bd2","out_head":[0.352762,0.001089,0.001762,0.063496,0.333236,0.006337],"out_tail":[0.333236,0.006337,0.202586,0.013290,0.019226,0.006216],"out_full_file":"/cf/last_out.json","out_full_file_bytes":182,"out_full_file_reason":"ok","out_record_truncates":false}
{"app":"AI_LEARNER","stage":"mem","model":"b2_resnet","target":"aarch64-unknown-linux-gnu","completed":9,"hal_peak":618856,"peak_within_bounded":true,"admitted_budget_bytes":618856,"peak_within_admitted_budget":true,"admission_mode":"unconditional","hal_bytes_per_call_amortized":332875.6,"process_rss_kb":7184,"process_rss_delta_init_kb":996,"max_active_calls":1,"active_calls_now":0,"call_counter_balanced":true}
EVS Port1 1980-012-14:06:45.01567 66/1/CFE_TIME 21: Stop FLYWHEEL
.EVS Port1 1980-012-14:06:46.00566 66/1/CFE_TIME 20: Start FLYWHEEL
EVS Port1 1980-012-14:06:48.89399 66/1/AI_LEARNER 4: AI_LEARNER completed=10/10 mean=1699968.2us max=1907111.6us hal_peak=618856 within_bounded=1
{"app":"AI_LEARNER","stage":"run","model":"b2_resnet","target":"aarch64-unknown-linux-gnu","attempted":10,"completed":10,"fail_input":0,"fail_invoke":0,"fail_output":0,"mean_us":1699968.17,"max_us":1907111.62,"last_us":1793123.28,"out0":0.35276,"out_elems":10,"out_sha256":"fc0a2dda317902b13ea77e3255b2fc98856639b7665ef3adb2845f62e5009bd2","out_head":[0.352762,0.001089,0.001762,0.063496,0.333236,0.006337],"out_tail":[0.333236,0.006337,0.202586,0.013290,0.019226,0.006216],"out_full_file":"/cf/last_out.json","out_full_file_bytes":183,"out_full_file_reason":"ok","out_record_truncates":false}
{"app":"AI_LEARNER","stage":"mem","model":"b2_resnet","target":"aarch64-unknown-linux-gnu","completed":10,"hal_peak":618856,"peak_within_bounded":true,"admitted_budget_bytes":618856,"peak_within_admitted_budget":true,"admission_mode":"unconditional","hal_bytes_per_call_amortized":329300.8,"process_rss_kb":7184,"process_rss_delta_init_kb":996,"max_active_calls":1,"active_calls_now":0,"call_counter_balanced":true}
EVS Port1 1980-012-14:06:49.01089 66/1/CFE_TIME 21: Stop FLYWHEEL
EVS Port1 1980-012-14:06:49.99974 66/1/CFE_TIME 20: Start FLYWHEEL
.EVS Port1 1980-012-14:06:52.94599 66/1/AI_LEARNER 4: AI_LEARNER completed=11/11 mean=1711801.4us max=1907111.6us hal_peak=618856 within_bounded=1
{"app":"AI_LEARNER","stage":"run","model":"b2_resnet","target":"aarch64-unknown-linux-gnu","attempted":11,"completed":11,"fail_input":0,"fail_invoke":0,"fail_output":0,"mean_us":1711801.42,"max_us":1907111.62,"last_us":1830133.98,"out0":0.35276,"out_elems":10,"out_sha256":"fc0a2dda317902b13ea77e3255b2fc98856639b7665ef3adb2845f62e5009bd2","out_head":[0.352762,0.001089,0.001762,0.063496,0.333236,0.006337],"out_tail":[0.333236,0.006337,0.202586,0.013290,0.019226,0.006216],"out_full_file":"/cf/last_out.json","out_full_file_bytes":183,"out_full_file_reason":"ok","out_record_truncates":false}
{"app":"AI_LEARNER","stage":"mem","model":"b2_resnet","target":"aarch64-unknown-linux-gnu","completed":11,"hal_peak":618856,"peak_within_bounded":true,"admitted_budget_bytes":618856,"peak_within_admitted_budget":true,"admission_mode":"unconditional","hal_bytes_per_call_amortized":326376.0,"process_rss_kb":7184,"process_rss_delta_init_kb":996,"max_active_calls":1,"active_calls_now":0,"call_counter_balanced":true}
EVS Port1 1980-012-14:06:53.02470 66/1/CFE_TIME 20: Start FLYWHEEL
EVS Port1 1980-012-14:06:53.00920 66/1/CFE_TIME 21: Stop FLYWHEEL
EVS Port1 1980-012-14:06:56.76301 66/1/AI_LEARNER 4: AI_LEARNER completed=12/12 mean=1708671.9us max=1907111.6us hal_peak=618856 within_bounded=1
{"app":"AI_LEARNER","stage":"run","model":"b2_resnet","target":"aarch64-unknown-linux-gnu","attempted":12,"completed":12,"fail_input":0,"fail_invoke":0,"fail_output":0,"mean_us":1708671.91,"max_us":1907111.62,"last_us":1674247.31,"out0":0.35276,"out_elems":10,"out_sha256":"fc0a2dda317902b13ea77e3255b2fc98856639b7665ef3adb2845f62e5009bd2","out_head":[0.352762,0.001089,0.001762,0.063496,0.333236,0.006337],"out_tail":[0.333236,0.006337,0.202586,0.013290,0.019226,0.006216],"out_full_file":"/cf/last_out.json","out_full_file_bytes":183,"out_full_file_reason":"ok","out_record_truncates":false}
{"app":"AI_LEARNER","stage":"mem","model":"b2_resnet","target":"aarch64-unknown-linux-gnu","completed":12,"hal_peak":618856,"peak_within_bounded":true,"admitted_budget_bytes":618856,"peak_within_admitted_budget":true,"admission_mode":"unconditional","hal_bytes_per_call_amortized":323938.7,"process_rss_kb":7184,"process_rss_delta_init_kb":996,"max_active_calls":1,"active_calls_now":0,"call_counter_balanced":true}
EVS Port1 1980-012-14:06:57.00994 66/1/CFE_TIME 21: Stop FLYWHEEL
.EVS Port1 1980-012-14:06:57.99726 66/1/CFE_TIME 20: Start FLYWHEEL
EVS Port1 1980-012-14:06:59.00831 66/1/CFE_TIME 21: Stop FLYWHEEL
EVS Port1 1980-012-14:07:00.03013 66/1/CFE_TIME 20: Start FLYWHEEL
EVS Port1 1980-012-14:07:00.96986 66/1/AI_LEARNER 4: AI_LEARNER completed=13/13 mean=1721236.2us max=1907111.6us hal_peak=618856 within_bounded=1
{"app":"AI_LEARNER","stage":"run","model":"b2_resnet","target":"aarch64-unknown-linux-gnu","attempted":13,"completed":13,"fail_input":0,"fail_invoke":0,"fail_output":0,"mean_us":1721236.24,"max_us":1907111.62,"last_us":1872008.16,"out0":0.35276,"out_elems":10,"out_sha256":"fc0a2dda317902b13ea77e3255b2fc98856639b7665ef3adb2845f62e5009bd2","out_head":[0.352762,0.001089,0.001762,0.063496,0.333236,0.006337],"out_tail":[0.333236,0.006337,0.202586,0.013290,0.019226,0.006216],"out_full_file":"/cf/last_out.json","out_full_file_bytes":183,"out_full_file_reason":"ok","out_record_truncates":false}
{"app":"AI_LEARNER","stage":"mem","model":"b2_resnet","target":"aarch64-unknown-linux-gnu","completed":13,"hal_peak":618856,"peak_within_bounded":true,"admitted_budget_bytes":618856,"peak_within_admitted_budget":true,"admission_mode":"unconditional","hal_bytes_per_call_amortized":321876.3,"process_rss_kb":7184,"process_rss_delta_init_kb":996,"max_active_calls":1,"active_calls_now":0,"call_counter_balanced":true}
EVS Port1 1980-012-14:07:02.19717 66/1/CFE_TIME 20: Start FLYWHEEL
EVS Port1 1980-012-14:07:02.01014 66/1/CFE_TIME 21: Stop FLYWHEEL
.EVS Port1 1980-012-14:07:04.98892 66/1/AI_LEARNER 4: AI_LEARNER completed=14/14 mean=1732167.5us max=1907111.6us hal_peak=618856 within_bounded=1
{"app":"AI_LEARNER","stage":"run","model":"b2_resnet","target":"aarch64-unknown-linux-gnu","attempted":14,"completed":14,"fail_input":0,"fail_invoke":0,"fail_output":0,"mean_us":1732167.54,"max_us":1907111.62,"last_us":1874274.43,"out0":0.35276,"out_elems":10,"out_sha256":"fc0a2dda317902b13ea77e3255b2fc98856639b7665ef3adb2845f62e5009bd2","out_head":[0.352762,0.001089,0.001762,0.063496,0.333236,0.006337],"out_tail":[0.333236,0.006337,0.202586,0.013290,0.019226,0.006216],"out_full_file":"/cf/last_out.json","out_full_file_bytes":183,"out_full_file_reason":"ok","out_record_truncates":false}
{"app":"AI_LEARNER","stage":"mem","model":"b2_resnet","target":"aarch64-unknown-linux-gnu","completed":14,"hal_peak":618856,"peak_within_bounded":true,"admitted_budget_bytes":618856,"peak_within_admitted_budget":true,"admission_mode":"unconditional","hal_bytes_per_call_amortized":320108.6,"process_rss_kb":7184,"process_rss_delta_init_kb":996,"max_active_calls":1,"active_calls_now":0,"call_counter_balanced":true}
EVS Port1 1980-012-14:07:08.10224 66/1/CFE_TIME 20: Start FLYWHEEL
EVS Port1 1980-012-14:07:08.96272 66/1/AI_LEARNER 4: AI_LEARNER completed=15/15 mean=1734707.5us max=1907111.6us hal_peak=618856 within_bounded=1
{"app":"AI_LEARNER","stage":"run","model":"b2_resnet","target":"aarch64-unknown-linux-gnu","attempted":15,"completed":15,"fail_input":0,"fail_invoke":0,"fail_output":0,"mean_us":1734707.49,"max_us":1907111.62,"last_us":1770266.74,"out0":0.35276,"out_elems":10,"out_sha256":"fc0a2dda317902b13ea77e3255b2fc98856639b7665ef3adb2845f62e5009bd2","out_head":[0.352762,0.001089,0.001762,0.063496,0.333236,0.006337],"out_tail":[0.333236,0.006337,0.202586,0.013290,0.019226,0.006216],"out_full_file":"/cf/last_out.json","out_full_file_bytes":183,"out_full_file_reason":"ok","out_record_truncates":false}
{"app":"AI_LEARNER","stage":"mem","model":"b2_resnet","target":"aarch64-unknown-linux-gnu","completed":15,"hal_peak":618856,"peak_within_bounded":true,"admitted_budget_bytes":618856,"peak_within_admitted_budget":true,"admission_mode":"unconditional","hal_bytes_per_call_amortized":318576.5,"process_rss_kb":7184,"process_rss_delta_init_kb":996,"max_active_calls":1,"active_calls_now":0,"call_counter_balanced":true}
.EVS Port1 1980-012-14:07:10.01902 66/1/CFE_TIME 21: Stop FLYWHEEL
EVS Port1 1980-012-14:07:13.03997 66/1/AI_LEARNER 4: AI_LEARNER completed=16/16 mean=1744352.0us max=1907111.6us hal_peak=618856 within_bounded=1
{"app":"AI_LEARNER","stage":"run","model":"b2_resnet","target":"aarch64-unknown-linux-gnu","attempted":16,"completed":16,"fail_input":0,"fail_invoke":0,"fail_output":0,"mean_us":1744351.99,"max_us":1907111.62,"last_us":1889019.60,"out0":0.35276,"out_elems":10,"out_sha256":"fc0a2dda317902b13ea77e3255b2fc98856639b7665ef3adb2845f62e5009bd2","out_head":[0.352762,0.001089,0.001762,0.063496,0.333236,0.006337],"out_tail":[0.333236,0.006337,0.202586,0.013290,0.019226,0.006216],"out_full_file":"/cf/last_out.json","out_full_file_bytes":183,"out_full_file_reason":"ok","out_record_truncates":false}
{"app":"AI_LEARNER","stage":"mem","model":"b2_resnet","target":"aarch64-unknown-linux-gnu","completed":16,"hal_peak":618856,"peak_within_bounded":true,"admitted_budget_bytes":618856,"peak_within_admitted_budget":true,"admission_mode":"unconditional","hal_bytes_per_call_amortized":317236.0,"process_rss_kb":7184,"process_rss_delta_init_kb":996,"max_active_calls":1,"active_calls_now":0,"call_counter_balanced":true}
.EVS Port1 1980-012-14:07:17.17883 66/1/AI_LEARNER 4: AI_LEARNER completed=17/17 mean=1764396.2us max=2085103.8us hal_peak=618856 within_bounded=1
{"app":"AI_LEARNER","stage":"run","model":"b2_resnet","target":"aarch64-unknown-linux-gnu","attempted":17,"completed":17,"fail_input":0,"fail_invoke":0,"fail_output":0,"mean_us":1764396.22,"max_us":2085103.78,"last_us":2085103.78,"out0":0.35276,"out_elems":10,"out_sha256":"fc0a2dda317902b13ea77e3255b2fc98856639b7665ef3adb2845f62e5009bd2","out_head":[0.352762,0.001089,0.001762,0.063496,0.333236,0.006337],"out_tail":[0.333236,0.006337,0.202586,0.013290,0.019226,0.006216],"out_full_file":"/cf/last_out.json","out_full_file_bytes":183,"out_full_file_reason":"ok","out_record_truncates":false}
{"app":"AI_LEARNER","stage":"mem","model":"b2_resnet","target":"aarch64-unknown-linux-gnu","completed":17,"hal_peak":618856,"peak_within_bounded":true,"admitted_budget_bytes":618856,"peak_within_admitted_budget":true,"admission_mode":"unconditional","hal_bytes_per_call_amortized":316053.2,"process_rss_kb":7184,"process_rss_delta_init_kb":996,"max_active_calls":1,"active_calls_now":0,"call_counter_balanced":true}
EVS Port1 1980-012-14:07:18.12536 66/1/CFE_TIME 20: Start FLYWHEEL
EVS Port1 1980-012-14:07:18.00367 66/1/CFE_TIME 21: Stop FLYWHEEL
EVS Port1 1980-012-14:07:19.66810 66/1/AI_LEARNER 4: AI_LEARNER completed=18/18 mean=1698603.2us max=2085103.8us hal_peak=618856 within_bounded=1
{"app":"AI_LEARNER","stage":"run","model":"b2_resnet","target":"aarch64-unknown-linux-gnu","attempted":18,"completed":18,"fail_input":0,"fail_invoke":0,"fail_output":0,"mean_us":1698603.16,"max_us":2085103.78,"last_us":580121.26,"out0":0.35276,"out_elems":10,"out_sha256":"fc0a2dda317902b13ea77e3255b2fc98856639b7665ef3adb2845f62e5009bd2","out_head":[0.352762,0.001089,0.001762,0.063496,0.333236,0.006337],"out_tail":[0.333236,0.006337,0.202586,0.013290,0.019226,0.006216],"out_full_file":"/cf/last_out.json","out_full_file_bytes":183,"out_full_file_reason":"ok","out_record_truncates":false}
{"app":"AI_LEARNER","stage":"mem","model":"b2_resnet","target":"aarch64-unknown-linux-gnu","completed":18,"hal_peak":618856,"peak_within_bounded":true,"admitted_budget_bytes":618856,"peak_within_admitted_budget":true,"admission_mode":"unconditional","hal_bytes_per_call_amortized":315001.8,"process_rss_kb":7184,"process_rss_delta_init_kb":996,"max_active_calls":1,"active_calls_now":0,"call_counter_balanced":true}
.EVS Port1 1980-012-14:07:23.54687 66/1/AI_LEARNER 4: AI_LEARNER completed=19/19 mean=1633440.9us max=2085103.8us hal_peak=618856 within_bounded=1
{"app":"AI_LEARNER","stage":"run","model":"b2_resnet","target":"aarch64-unknown-linux-gnu","attempted":19,"completed":19,"fail_input":0,"fail_invoke":0,"fail_output":0,"mean_us":1633440.88,"max_us":2085103.78,"last_us":460519.78,"out0":0.35276,"out_elems":10,"out_sha256":"fc0a2dda317902b13ea77e3255b2fc98856639b7665ef3adb2845f62e5009bd2","out_head":[0.352762,0.001089,0.001762,0.063496,0.333236,0.006337],"out_tail":[0.333236,0.006337,0.202586,0.013290,0.019226,0.006216],"out_full_file":"/cf/last_out.json","out_full_file_bytes":183,"out_full_file_reason":"ok","out_record_truncates":false}
{"app":"AI_LEARNER","stage":"mem","model":"b2_resnet","target":"aarch64-unknown-linux-gnu","completed":19,"hal_peak":618856,"peak_within_bounded":true,"admitted_budget_bytes":618856,"peak_within_admitted_budget":true,"admission_mode":"unconditional","hal_bytes_per_call_amortized":314061.1,"process_rss_kb":7184,"process_rss_delta_init_kb":996,"max_active_calls":1,"active_calls_now":0,"call_counter_balanced":true}
.EVS Port1 1980-012-14:07:28.33088 66/1/AI_LEARNER 4: AI_LEARNER completed=20/20 mean=1614146.1us max=2085103.8us hal_peak=618856 within_bounded=1
{"app":"AI_LEARNER","stage":"run","model":"b2_resnet","target":"aarch64-unknown-linux-gnu","attempted":20,"completed":20,"fail_input":0,"fail_invoke":0,"fail_output":0,"mean_us":1614146.05,"max_us":2085103.78,"last_us":1247544.29,"out0":0.35276,"out_elems":10,"out_sha256":"fc0a2dda317902b13ea77e3255b2fc98856639b7665ef3adb2845f62e5009bd2","out_head":[0.352762,0.001089,0.001762,0.063496,0.333236,0.006337],"out_tail":[0.333236,0.006337,0.202586,0.013290,0.019226,0.006216],"out_full_file":"/cf/last_out.json","out_full_file_bytes":183,"out_full_file_reason":"ok","out_record_truncates":false}
{"app":"AI_LEARNER","stage":"mem","model":"b2_resnet","target":"aarch64-unknown-linux-gnu","completed":20,"hal_peak":618856,"peak_within_bounded":true,"admitted_budget_bytes":618856,"peak_within_admitted_budget":true,"admission_mode":"unconditional","hal_bytes_per_call_amortized":313214.4,"process_rss_kb":7184,"process_rss_delta_init_kb":996,"max_active_calls":1,"active_calls_now":0,"call_counter_balanced":true}
1980-012-14:07:30.55519 CFE_ES_RunExceptionScan: ExceptionID 0x1110004 in TaskID 0: Caught SIGINT
1980-012-14:07:30.56116 CFE_ES_RunExceptionScan: Maximum Processor Reset count reached (2)
CFE_PSP: Exiting cFE with POWERON Reset status.
CFE_PSP: Critical Data Store Shared memory segment removed
Reset Area Shared memory segment removed
User Reserved Area Shared memory segment removed

CFE_PSP: Shutdown initiated - Exiting cFE
CI delete callback -- Closing CI Network socket.
TO delete callback -- Closing TO Network socket.
EXIT=124
