OS_BSP_Initialize():Maximum user msg queue depth = 512
CFE_PSP: Default Reset SubType = 1
CFE_PSP: Default CPU ID = 1
CFE_PSP: Default Spacecraft ID = 66
CFE_PSP: Default CPU Name: cpu1
OS_Posix_GetSchedulerParams():208:Policy 1: available, min-max: 1-99
OS_Posix_GetSchedulerParams():208:Policy 2: available, min-max: 1-99
OS_Posix_TaskAPI_Impl_Init():401:Selected policy 2 for RT tasks, root task = 99
OS_Posix_TaskAPI_Impl_Init():419:Could not setschedparam in main thread: Operation not permitted (1)
CFE_PSP: initializing module 'soft_timebase' with ID 0110ff00
CFE_PSP: Instantiated software timebase 'cFS-Master' running at 10000 usec
CFE_PSP: initializing module 'timebase_posix_clock' with ID 0110ff01
CFE_PSP: Using POSIX monotonic clock as CFE timebase
CFE_PSP: initializing module 'eeprom_mmap_file' with ID 0110ff02
CFE_PSP: Using MMAP simulated EEPROM implementation
CFE_PSP: EEPROM Range (2) created: Start Address = F9CC35B1E000, Size = 00080000 Status = 0
CFE_PSP: initializing module 'port_notimpl' with ID 0110ff03
CFE_PSP: I/O Port access not implemented
CFE_PSP: initializing module 'iodriver' with ID 0110ff04
CFE_PSP: initializing module 'linux_sysmon' with ID 0110ff05
CFE_PSP: initializing module 'endian_api' with ID 0110ff06
CFE_PSP: Host CPU Endian=LITTLE
CFE_PSP: initializing module 'ram_notimpl' with ID 0110ff07
CFE_PSP: Physical RAM access not implemented
CFE_PSP: Starting the cFE with a POWER ON reset.
CFE_PSP: Clearing out CFE CDS Shared memory segment.
CFE_PSP: Clearing out CFE Reset Shared memory segment.
CFE_PSP: Clearing out CFE User Reserved Shared memory segment.
1980-001-01:42:56.74241 CFE_ES_SetupResetVariables: POWER ON RESET due to Power Cycle (Power Cycle).
1980-001-01:42:56.77869 CFE_ES_Main: CFE_ES_Main in EARLY_INIT state
Number of addresses returned by backtrace = 1
CFE_PSP: CFE_PSP_AttachExceptions called
1980-001-01:42:56.87159 CFE_ES_Main: CFE_ES_Main entering CORE_STARTUP state
1980-001-01:42:56.87250 CFE_ES_CreateObjects: Starting Object Creation calls.
1980-001-01:42:56.87272 CFE_ES_CreateObjects: Calling EarlyInit for CFE_CONFIG
1980-001-01:42:56.88093 CFE_ES_CreateObjects: Calling EarlyInit for CFE_ES
1980-001-01:42:56.89749 CFE_ES_CreateObjects: Calling EarlyInit for CFE_EVS
1980-001-01:42:56.90303 CFE_EVS_EarlyInit: Event Log cleared following power-on reset
1980-001-01:42:56.90489 CFE_ES_CreateObjects: Calling EarlyInit for CFE_FS
1980-001-01:42:56.90641 CFE_ES_CreateObjects: Calling EarlyInit for CFE_SB
1980-001-01:42:56.97364 CFE_ES_CreateObjects: Calling EarlyInit for CFE_TBL
1980-001-01:42:57.06992 CFE_ES_CreateObjects: Calling EarlyInit for CFE_TIME
EVS Port1 1980-012-14:03:20.16801 66/1/CFE_ES 1: cFE ES Initialized: CFE_ES v7.0.1+dev1 (Draco) DEV BUILD, based on v7.0.1, EDS disabled
EVS Port1 1980-012-14:03:20.19822 66/1/CFE_ES 2: cFS Versions: cfe v7.0.1+dev1, osal v7.0.1+dev1, psp v7.0.1+dev1. cFE chksm 31659
EVS Port1 1980-012-14:03:20.20632 66/1/CFE_ES 91: Version Info: Mission SampleMission, version git:v7.0.1-90-g78c23b0-dirty
EVS Port1 1980-012-14:03:20.21018 66/1/CFE_ES 91: Version Info: Module CORE_API, version git:2612eb0
EVS Port1 1980-012-14:03:20.21807 66/1/CFE_ES 91: Version Info: Module CONFIG, version git:2612eb0
EVS Port1 1980-012-14:03:20.22103 66/1/CFE_ES 91: Version Info: Module ES, version git:2612eb0
EVS Port1 1980-012-14:03:20.22181 66/1/CFE_ES 91: Version Info: Module EVS, version git:2612eb0
EVS Port1 1980-012-14:03:20.22210 66/1/CFE_ES 91: Version Info: Module FS, version git:2612eb0
EVS Port1 1980-012-14:03:20.22784 66/1/CFE_ES 91: Version Info: Module SB, version git:2612eb0
EVS Port1 1980-012-14:03:20.22813 66/1/CFE_ES 91: Version Info: Module TBL, version git:2612eb0
EVS Port1 1980-012-14:03:20.23185 66/1/CFE_ES 91: Version Info: Module TIME, version git:2612eb0
EVS Port1 1980-012-14:03:20.23397 66/1/CFE_ES 91: Version Info: Module OSAL, version git:8111e4a
EVS Port1 1980-012-14:03:20.23429 66/1/CFE_ES 91: Version Info: Module PSP, version git:d1da809
EVS Port1 1980-012-14:03:20.23834 66/1/CFE_ES 91: Version Info: Module MSG, version git:2612eb0
EVS Port1 1980-012-14:03:20.23979 66/1/CFE_ES 91: Version Info: Module SBR, version git:2612eb0
EVS Port1 1980-012-14:03:20.24005 66/1/CFE_ES 91: Version Info: Module RESOURCEID, version git:2612eb0
EVS Port1 1980-012-14:03:20.24629 66/1/CFE_ES 92: Build 202609140214 by root@vm, config aarch64
EVS Port1 1980-012-14:03:20.36785 66/1/CFE_EVS 1: cFE EVS Initialized: CFE_EVS v7.0.1+dev1 (Draco) DEV BUILD, based on v7.0.1, EDS disabled
1980-012-14:03:20.46930 CFE_SB_AppInit: Registered 4 events for filtering
EVS Port1 1980-012-14:03:20.48101 66/1/CFE_SB 1: cFE SB Initialized: CFE_SB v7.0.1+dev1 (Draco) DEV BUILD, based on v7.0.1, EDS disabled
EVS Port1 1980-012-14:03:20.48706 66/1/CFE_SB 14: No subscribers for MsgId 0x808,sender CFE_SB
EVS Port1 1980-012-14:03:20.58815 66/1/CFE_TBL 1: cFE TBL Initialized: CFE_TBL v7.0.1+dev1 (Draco) DEV BUILD, based on v7.0.1, EDS disabled
EVS Port1 1980-012-14:03:20.59202 66/1/CFE_SB 14: No subscribers for MsgId 0x808,sender CFE_TBL
EVS Port1 1980-012-14:03:20.73312 66/1/CFE_TIME 1: cFE TIME Initialized: CFE_TIME v7.0.1+dev1 (Draco) DEV BUILD, based on v7.0.1, EDS disabled
EVS Port1 1980-012-14:03:20.74063 66/1/CFE_SB 14: No subscribers for MsgId 0x808,sender CFE_TIME
1980-012-14:03:20.79265 CFE_ES_CreateObjects: Finished ES CreateObject table entries.
1980-012-14:03:20.79581 CFE_ES_Main: CFE_ES_Main entering CORE_READY state
1980-012-14:03:20.81484 CFE_ES_OpenStartupScript: Opened ES App Startup file: /cf/cfe_es_startup.scr
1980-012-14:03:20.91916 CFE_ES_ParseFileEntry: Loading shared library: /cf/cfe_assert.so
1980-012-14:03:20.95994 [BEGIN] CFE FUNCTIONAL TEST
1980-012-14:03:20.96633 [BEGIN] 01 CFE-STARTUP
1980-012-14:03:21.05819 CFE_ES_ParseFileEntry: Loading shared library: /cf/sample_lib.so
SAMPLE Lib Initialized.Sample Lib v7.0.0+dev1 (Draco) DEV BUILD, based on v7.0.1, EDS disabled
1980-012-14:03:21.16811 CFE_ES_ParseFileEntry: Loading file: /cf/sch_lab.so, APP: SCH_LAB
SCH Lab Initialized.SCH Lab v7.0.1+dev1 (Draco) DEV BUILD, based on v7.0.1, EDS disabled
1980-012-14:03:21.43992 CFE_ES_ParseFileEntry: Loading file: /cf/ci_lab.so, APP: CI_LAB
1980-012-14:03:21.61990 CFE_ES_ParseFileEntry: Loading file: /cf/to_lab.so, APP: TO_LAB
EVS Port1 1980-012-14:03:21.82119 66/1/TO_LAB 1: TO Lab Initialized.TO Lab v7.0.1+dev1 (Draco) DEV BUILD, based on v7.0.1, EDS disabled, Awaiting enable command.
EVS Port1 1980-012-14:03:21.83111 66/1/CFE_SB 14: No subscribers for MsgId 0x808,sender TO_LAB
1980-012-14:03:21.89333 CI_LAB listening on UDP port: 1234
EVS Port1 1980-012-14:03:21.90026 66/1/CI_LAB 3: CI Lab Initialized.CI Lab App v7.0.1+dev1 (Draco) DEV BUILD, based on v7.0.1, EDS disabled
1980-012-14:03:21.93613 CFE_ES_ParseFileEntry: Loading file: /cf/sample_app.so, APP: SAMPLE_APP
EVS Port1 1980-012-14:03:22.05326 66/1/SAMPLE_APP 1: Sample App Initialized.Sample App v7.0.0+dev1 (Draco) DEV BUILD, based on v7.0.1, EDS disabled
1980-012-14:03:22.09779 CFE_ES_ParseFileEntry: Loading file: /cf/ai_learner.so, APP: AI_LEARNER
{"app":"AI_LEARNER","stage":"build_config","model":"wgan","allow_conditional_map":0,"contract_bounded_bytes":135666432,"contract_per_call_bytes":131382784,"contract_const_bytes":4283648,"contract_bound_known":true,"contract_artifact_sha256":"e382429cbfbf580356379365fa67a8a2b01b47d58ec4e04b4a4c14165be2e102"}
1980-012-14:03:22.22590 CFE_ES_ParseFileEntry: Loading file: /cf/lc.so, APP: LC
{"app":"AI_LEARNER","stage":"stack","es_stack_size":263024,"stack_base_bytes":262144,"contract_kernel_stack_bytes":880,"kernel_stack_accounted":true}
EVS Port1 1980-012-14:03:22.25009 66/1/AI_LEARNER 8: AI_LEARNER stack: es=263024 base=262144 kernel=880 accounted=1
{"app":"AI_LEARNER","stage":"admission","verdict":"ADMIT","model":"wgan","target":"aarch64-unknown-linux-gnu","bounded":135666432,"budget":135666432,"budget_source":"override","per_call":131382784,"constants":4283648,"kernel_stack_bytes":880,"bound_known":true,"scope":"per_app_local_budget"}
{"app":"AI_LEARNER","stage":"blob_align","requested_offset":48,"state":"applied","module_ptr_mod64":48}
EVS Port1 1980-012-14:03:22.03520 66/1/CFE_TIME 21: Stop FLYWHEEL
EVS Port1 1980-012-14:03:22.18928 66/1/LC 56: WDT verify results: good = 0, bad = 0, unused = 176
EVS Port1 1980-012-14:03:22.27217 66/1/LC 66: ADT verify results: good = 0, bad = 0, unused = 176
1980-012-14:03:22.29401 CFE_ES_ParseFileEntry: Loading file: /cf/cf.so, APP: CF
EVS Port1 1980-012-14:03:22.30300 66/1/LC 23: LC use of Critical Data Store disabled, activity mask = 0x00991990
EVS Port1 1980-012-14:03:22.32116 66/1/LC 2: LC Initialized. Version 7.0.1.255
1980-012-14:03:22.55122 CFE_ES_ParseFileEntry: Loading file: /cf/ds.so, APP: DS
EVS Port1 1980-012-14:03:22.66725 66/1/CF 20: CF Initialized. Version 7.0.1.255
EVS Port1 1980-012-14:03:22.80596 66/1/DS 10: Destination file table verify results: good entries = 6, bad = 0, unused = 10
EVS Port1 1980-012-14:03:22.85606 66/1/DS 12: Filter table verify results: good entries = 14, bad = 0, unused = 242
1980-012-14:03:22.85921 CFE_ES_ParseFileEntry: Loading file: /cf/fm.so, APP: FM
EVS Port1 1980-012-14:03:22.90631 66/1/DS 1: Application initialized, version 7.0.1.255, data at 0xf9cc34ac0460
EVS Port1 1980-012-14:03:23.22761 66/1/FM 80: Free Space Table verify results: good entries = 3, bad = 0, unused = 5
1980-012-14:03:23.24574 CFE_ES_ParseFileEntry: Loading file: /cf/hk.so, APP: HK
EVS Port1 1980-012-14:03:23.35786 66/1/FM 1: Initialization complete: version 7.0.1.255
EVS Port1 1980-012-14:03:23.43594 66/1/FM 72: Child Task initialization complete
EVS Port1 1980-012-14:03:23.70419 66/1/HK 1: HK Initialized.  Version 7.0.1.255
1980-012-14:03:23.75917 CFE_ES_ParseFileEntry: Loading file: /cf/hs.so, APP: HS
EVS Port1 1980-012-14:03:24.06411 66/1/HS 54: ExeCount verify results: good = 5, bad = 0, unused = 27
EVS Port1 1980-012-14:03:24.12391 66/1/HS 50: AppMon verify results: good = 0, bad = 0, unused = 32
EVS Port1 1980-012-14:03:24.17781 66/1/HS 52: EventMon verify results: good = 0, bad = 0, unused = 16
1980-012-14:03:24.18792 CFE_ES_ParseFileEntry: Loading file: /cf/mm.so, APP: MM
EVS Port1 1980-012-14:03:24.23802 66/1/HS 56: MsgActs verify results: good = 2, bad = 0, unused = 6
1980-012-14:03:24.28380 HS_SysMonInit(): System Monitor using PSP device ID 0110ff05
CFE_PSP(Linux_SysMon): Started CPU utilization monitoring on 1 CPU(s)
EVS Port1 1980-012-14:03:24.41389 66/1/HS 1: HS Initialized.  Version 7.0.1.255
EVS Port1 1980-012-14:03:24.49278 66/1/MM 1: MM Initialized. Version 7.0.1.255
1980-012-14:03:24.66017 CFE_ES_ParseFileEntry: Loading file: /cf/sc.so, APP: SC
1980-012-14:03:24.93916 CFE_ES_ParseFileEntry: Loading file: /cf/md.so, APP: MD
EVS Port1 1980-012-14:03:25.27601 66/1/SC 21: RTS table files not loaded at initialization = 0 of 4
EVS Port1 1980-012-14:03:25.42398 66/1/MD 52: MD Dwell Tbl verify results: good = 0, bad = 0, unused = 25
EVS Port1 1980-012-14:03:25.43492 66/1/SC 9: SC Initialized. Version 7.0.1.255
1980-012-14:03:25.46176 CFE_ES_ParseFileEntry: Loading file: /cf/cs.so, APP: CS
EVS Port1 1980-012-14:03:25.53489 66/1/MD 52: MD Dwell Tbl verify results: good = 0, bad = 0, unused = 25
EVS Port1 1980-012-14:03:25.61286 66/1/MD 52: MD Dwell Tbl verify results: good = 0, bad = 0, unused = 25
EVS Port1 1980-012-14:03:25.67312 66/1/MD 52: MD Dwell Tbl verify results: good = 0, bad = 0, unused = 25
EVS Port1 1980-012-14:03:25.69709 66/1/MD 7: Dwell Tables Recovered: 0, Dwell Tables Initialized: 4
EVS Port1 1980-012-14:03:25.71589 66/1/MD 1: MD Initialized.  Version 7.0.1.255
EVS Port1 1980-012-14:03:25.76319 66/1/CS 144: CS EEPROM Table verification results: good = 0, bad = 0, unused = 16
EVS Port1 1980-012-14:03:25.78697 66/1/CS 107: CS EEPROM Table: No valid entries in the table
EVS Port1 1980-012-14:03:25.81994 66/1/CS 143: CS Memory Table verification results: good = 0, bad = 0, unused = 16
EVS Port1 1980-012-14:03:25.84376 66/1/CS 107: CS Memory Table: No valid entries in the table
EVS Port1 1980-012-14:03:25.87899 66/1/CS 139: CS Tables Table verification results: good = 1, bad = 0, unused = 23
EVS Port1 1980-012-14:03:25.93777 66/1/CS 142: CS Apps Table verification results: good = 0, bad = 0, unused = 24
EVS Port1 1980-012-14:03:25.94897 66/1/CS 108: CS Apps Table: No valid entries in the table
EVS Port1 1980-012-14:03:25.96580 66/1/CS 127: OS Text Segment disabled due to platform
EVS Port1 1980-012-14:03:25.97688 66/1/CS 1: CS Initialized. Version 7.0.1.255
EVS Port1 1980-012-14:03:26.26498 66/1/CFE_TIME 20: Start FLYWHEEL
1980-012-14:03:26.67286 CFE_ES_Main: Startup Sync failed - Applications may not have all initialized
1980-012-14:03:26.67318 CFE_ES_Main: CFE_ES_Main entering APPS_INIT state
EVS Port1 1980-012-14:03:27.04132 66/1/CFE_TIME 21: Stop FLYWHEEL
{"app":"AI_LEARNER","stage":"binding","verdict":"MATCH","artifact_bytes":4321533,"artifact_sha256":"e382429cbfbf5803","contract_sha256":"e382429cbfbf5803"}
1980-012-14:03:27.49296 CFE_ES_Main: Startup Sync failed - Applications may not have all started
1980-012-14:03:27.49328 CFE_ES_Main: CFE_ES_Main entering OPERATIONAL state
EVS Port1 1980-012-14:03:27.52783 66/1/TO_LAB 19: L550 TO Lab subscribed to 32 messages from the table
EVS Port1 1980-012-14:03:29.01585 66/1/CFE_TIME 21: Stop FLYWHEEL
{"app":"AI_LEARNER","stage":"map_branch","model":"wgan","module_ptr_mod64":48,"hal_peak_after_append":4283648,"contract_const_bytes":4283648,"contract_per_call_bytes":131382784,"arm":"copy","admission_mode":"unconditional"}
{"app":"AI_LEARNER","stage":"mem_init","model":"wgan","target":"aarch64-unknown-linux-gnu","hal_peak":4885760,"hal_allocated":4885760,"bounded":135666432,"peak_within_bounded":true,"inferences_so_far":0,"process_rss_kb":16724,"rss_kb_before_runtime":10872,"rss_kb_after_session":11160,"rss_kb_after_init":16724}
{"app":"AI_LEARNER","stage":"e25_mode","active":false,"inputs_path":"/cf/e25_inputs.bin"}
EVS Port1 1980-012-14:03:29.86705 66/1/AI_LEARNER 3: AI_LEARNER initialized: model wgan (4321533 B), rss_delta_init=5852 KB
EVS Port1 1980-012-14:03:29.98350 66/1/CFE_TIME 20: Start FLYWHEEL
EVS Port1 1980-012-14:03:33.13385 66/1/CFE_TIME 20: Start FLYWHEEL
.EVS Port1 1980-012-14:03:35.03981 66/1/CFE_TIME 21: Stop FLYWHEEL
EVS Port1 1980-012-14:03:38.04512 66/1/CFE_TIME 20: Start FLYWHEEL
EVS Port1 1980-012-14:03:38.02705 66/1/CFE_TIME 21: Stop FLYWHEEL
.EVS Port1 1980-012-14:03:42.02113 66/1/CFE_TIME 21: Stop FLYWHEEL
EVS Port1 1980-012-14:03:43.01428 66/1/CFE_TIME 20: Start FLYWHEEL
EVS Port1 1980-012-14:03:45.16725 66/1/CFE_TIME 20: Start FLYWHEEL
.EVS Port1 1980-012-14:03:46.03027 66/1/CFE_TIME 21: Stop FLYWHEEL
EVS Port1 1980-012-14:03:49.08045 66/1/CFE_TIME 20: Start FLYWHEEL
EVS Port1 1980-012-14:03:50.02491 66/1/CFE_TIME 21: Stop FLYWHEEL
EVS Port1 1980-012-14:03:50.09309 66/1/CFE_SB 17: Msg Limit Err,MsgId 0x800,pipe AI_LEARNER_PIPE,sender CFE_ES
.EVS Port1 1980-012-14:03:52.02723 66/1/CFE_TIME 21: Stop FLYWHEEL
EVS Port1 1980-012-14:03:53.04275 66/1/CFE_TIME 20: Start FLYWHEEL
EVS Port1 1980-012-14:03:54.02529 66/1/CFE_TIME 21: Stop FLYWHEEL
EVS Port1 1980-012-14:03:54.08726 66/1/CFE_SB 17: Msg Limit Err,MsgId 0x800,pipe AI_LEARNER_PIPE,sender CFE_ES
EVS Port1 1980-012-14:03:55.00210 66/1/CFE_TIME 20: Start FLYWHEEL
EVS Port1 1980-012-14:03:57.02049 66/1/CFE_TIME 21: Stop FLYWHEEL
.EVS Port1 1980-012-14:03:58.02220 66/1/CFE_TIME 20: Start FLYWHEEL
EVS Port1 1980-012-14:03:58.14537 66/1/CFE_SB 17: Msg Limit Err,MsgId 0x800,pipe AI_LEARNER_PIPE,sender CFE_ES
EVS Port1 1980-012-14:03:59.02207 66/1/CFE_TIME 21: Stop FLYWHEEL
EVS Port1 1980-012-14:04:00.00624 66/1/CFE_TIME 20: Start FLYWHEEL
EVS Port1 1980-012-14:04:01.02597 66/1/CFE_TIME 21: Stop FLYWHEEL
EVS Port1 1980-012-14:04:01.98611 66/1/CFE_TIME 20: Start FLYWHEEL
EVS Port1 1980-012-14:04:02.08702 66/1/CFE_SB 17: Msg Limit Err,MsgId 0x800,pipe AI_LEARNER_PIPE,sender CFE_ES
.EVS Port1 1980-012-14:04:05.04638 66/1/CFE_TIME 20: Start FLYWHEEL
EVS Port1 1980-012-14:04:05.01994 66/1/CFE_TIME 21: Stop FLYWHEEL
EVS Port1 1980-012-14:04:06.19586 66/1/CFE_SB 17: Msg Limit Err,MsgId 0x800,pipe AI_LEARNER_PIPE,sender CFE_ES
EVS Port1 1980-012-14:04:08.07371 66/1/CFE_TIME 20: Start FLYWHEEL
.EVS Port1 1980-012-14:04:09.10504 66/1/CFE_TIME 21: Stop FLYWHEEL
EVS Port1 1980-012-14:04:10.10188 66/1/CFE_SB 17: Msg Limit Err,MsgId 0x800,pipe AI_LEARNER_PIPE,sender CFE_ES
EVS Port1 1980-012-14:04:13.09690 66/1/CFE_TIME 20: Start FLYWHEEL
EVS Port1 1980-012-14:04:14.03598 66/1/CFE_TIME 21: Stop FLYWHEEL
EVS Port1 1980-012-14:04:14.10522 66/1/CFE_SB 17: Msg Limit Err,MsgId 0x800,pipe AI_LEARNER_PIPE,sender CFE_ES
.EVS Port1 1980-012-14:04:18.05007 66/1/CFE_TIME 20: Start FLYWHEEL
EVS Port1 1980-012-14:04:18.19110 66/1/CFE_SB 17: Msg Limit Err,MsgId 0x800,pipe AI_LEARNER_PIPE,sender CFE_ES
EVS Port1 1980-012-14:04:20.02384 66/1/CFE_TIME 21: Stop FLYWHEEL
.EVS Port1 1980-012-14:04:22.16891 66/1/CFE_SB 17: Msg Limit Err,MsgId 0x800,pipe AI_LEARNER_PIPE,sender CFE_ES
EVS Port1 1980-012-14:04:26.11096 66/1/CFE_SB 17: Msg Limit Err,MsgId 0x800,pipe AI_LEARNER_PIPE,sender CFE_ES
.EVS Port1 1980-012-14:04:29.02409 66/1/CFE_TIME 21: Stop FLYWHEEL
EVS Port1 1980-012-14:04:29.99896 66/1/CFE_TIME 20: Start FLYWHEEL
EVS Port1 1980-012-14:04:30.14608 66/1/CFE_SB 17: Msg Limit Err,MsgId 0x800,pipe AI_LEARNER_PIPE,sender CFE_ES
EVS Port1 1980-012-14:04:31.03254 66/1/CFE_TIME 21: Stop FLYWHEEL
EVS Port1 1980-012-14:04:31.99568 66/1/CFE_TIME 20: Start FLYWHEEL
.EVS Port1 1980-012-14:04:34.16392 66/1/CFE_SB 17: Msg Limit Err,MsgId 0x800,pipe AI_LEARNER_PIPE,sender CFE_ES
EVS Port1 1980-012-14:04:37.08190 66/1/CFE_TIME 20: Start FLYWHEEL
EVS Port1 1980-012-14:04:38.04084 66/1/CFE_TIME 21: Stop FLYWHEEL
EVS Port1 1980-012-14:04:38.10641 66/1/CFE_SB 17: Msg Limit Err,MsgId 0x800,pipe AI_LEARNER_PIPE,sender CFE_ES
.EVS Port1 1980-012-14:04:40.01141 66/1/CFE_TIME 21: Stop FLYWHEEL
EVS Port1 1980-012-14:04:40.99511 66/1/CFE_TIME 20: Start FLYWHEEL
EVS Port1 1980-012-14:04:42.02725 66/1/CFE_TIME 21: Stop FLYWHEEL
EVS Port1 1980-012-14:04:42.05918 66/1/CFE_SB 17: Msg Limit Err,MsgId 0x800,pipe AI_LEARNER_PIPE,sender CFE_ES
EVS Port1 1980-012-14:04:43.00997 66/1/CFE_TIME 20: Start FLYWHEEL
EVS Port1 1980-012-14:04:44.01023 66/1/CFE_TIME 21: Stop FLYWHEEL
.EVS Port1 1980-012-14:04:44.99516 66/1/CFE_TIME 20: Start FLYWHEEL
1980-012-14:04:46.07143 CFE_ES_RunExceptionScan: ExceptionID 0x1110000 in TaskID 0: Caught SIGINT
1980-012-14:04:46.07929 CFE_ES_RunExceptionScan: Processor Reset count not reached (0/2)
CFE_PSP: Exiting cFE with PROCESSOR Reset status.

CFE_PSP: Shutdown initiated - Exiting cFE
EVS Port1 1980-012-14:04:46.12419 66/1/CFE_SB 17: Msg Limit Err,MsgId 0x800,pipe AI_LEARNER_PIPE,sender CFE_ES
CI delete callback -- Closing CI Network socket.
TO delete callback -- Closing TO Network socket.
..EXIT=137
