OS_BSP_Initialize():Maximum user msg queue depth = 512
CFE_PSP: Default Reset SubType = 1
CFE_PSP: Default CPU ID = 1
CFE_PSP: Default Spacecraft ID = 66
CFE_PSP: Default CPU Name: cpu1
OS_Posix_GetSchedulerParams():208:Policy 1: available, min-max: 1-99
OS_Posix_GetSchedulerParams():208:Policy 2: available, min-max: 1-99
OS_Posix_TaskAPI_Impl_Init():401:Selected policy 2 for RT tasks, root task = 99
OS_Posix_TaskAPI_Impl_Init():419:Could not setschedparam in main thread: Operation not permitted (1)
CFE_PSP: initializing module 'soft_timebase' with ID 0110ff00
CFE_PSP: Instantiated software timebase 'cFS-Master' running at 10000 usec
CFE_PSP: initializing module 'timebase_posix_clock' with ID 0110ff01
CFE_PSP: Using POSIX monotonic clock as CFE timebase
CFE_PSP: initializing module 'eeprom_mmap_file' with ID 0110ff02
CFE_PSP: Using MMAP simulated EEPROM implementation
CFE_PSP: EEPROM Range (2) created: Start Address = E2F80F4BE000, Size = 00080000 Status = 0
CFE_PSP: initializing module 'port_notimpl' with ID 0110ff03
CFE_PSP: I/O Port access not implemented
CFE_PSP: initializing module 'iodriver' with ID 0110ff04
CFE_PSP: initializing module 'linux_sysmon' with ID 0110ff05
CFE_PSP: initializing module 'endian_api' with ID 0110ff06
CFE_PSP: Host CPU Endian=LITTLE
CFE_PSP: initializing module 'ram_notimpl' with ID 0110ff07
CFE_PSP: Physical RAM access not implemented
CFE_PSP: Normal exit from previous cFE instance
CFE_PSP: Starting the cFE with a PROCESSOR reset.
1980-001-01:20:23.12541 CFE_ES_Main: CFE_ES_Main in EARLY_INIT state
1980-001-01:20:23.17279 CFE_ES_InitializeFileSystems: Volatile Disk has 100 Percent free space.
Number of addresses returned by backtrace = 1
CFE_PSP: CFE_PSP_AttachExceptions called
1980-001-01:20:23.23395 CFE_ES_Main: CFE_ES_Main entering CORE_STARTUP state
1980-001-01:20:23.23955 CFE_ES_CreateObjects: Starting Object Creation calls.
1980-001-01:20:23.23980 CFE_ES_CreateObjects: Calling EarlyInit for CFE_CONFIG
1980-001-01:20:23.24894 CFE_ES_CreateObjects: Calling EarlyInit for CFE_ES
1980-001-01:20:23.26465 CFE_ES_CreateObjects: Calling EarlyInit for CFE_EVS
1980-001-01:20:23.27751 CFE_EVS_EarlyInit: Event Log restored, n=0, c=20, f=1, m=1, o=175
1980-001-01:20:23.27791 CFE_ES_CreateObjects: Calling EarlyInit for CFE_FS
1980-001-01:20:23.28059 CFE_ES_CreateObjects: Calling EarlyInit for CFE_SB
1980-001-01:20:23.34962 CFE_ES_CreateObjects: Calling EarlyInit for CFE_TBL
1980-001-01:20:23.43354 CFE_ES_CreateObjects: Calling EarlyInit for CFE_TIME
EVS Port1 1980-012-14:06:07.12417 66/1/CFE_ES 1: cFE ES Initialized: CFE_ES v7.0.1+dev1 (Draco) DEV BUILD, based on v7.0.1, EDS disabled
EVS Port1 1980-012-14:06:07.14491 66/1/CFE_ES 2: cFS Versions: cfe v7.0.1+dev1, osal v7.0.1+dev1, psp v7.0.1+dev1. cFE chksm 31659
EVS Port1 1980-012-14:06:07.15307 66/1/CFE_ES 91: Version Info: Mission SampleMission, version git:v7.0.1-90-g78c23b0-dirty
EVS Port1 1980-012-14:06:07.15708 66/1/CFE_ES 91: Version Info: Module CORE_API, version git:2612eb0
EVS Port1 1980-012-14:06:07.15879 66/1/CFE_ES 91: Version Info: Module CONFIG, version git:2612eb0
EVS Port1 1980-012-14:06:07.16194 66/1/CFE_ES 91: Version Info: Module ES, version git:2612eb0
EVS Port1 1980-012-14:06:07.16586 66/1/CFE_ES 91: Version Info: Module EVS, version git:2612eb0
EVS Port1 1980-012-14:06:07.16609 66/1/CFE_ES 91: Version Info: Module FS, version git:2612eb0
EVS Port1 1980-012-14:06:07.16621 66/1/CFE_ES 91: Version Info: Module SB, version git:2612eb0
EVS Port1 1980-012-14:06:07.17263 66/1/CFE_ES 91: Version Info: Module TBL, version git:2612eb0
EVS Port1 1980-012-14:06:07.17294 66/1/CFE_ES 91: Version Info: Module TIME, version git:2612eb0
EVS Port1 1980-012-14:06:07.17671 66/1/CFE_ES 91: Version Info: Module OSAL, version git:8111e4a
EVS Port1 1980-012-14:06:07.17713 66/1/CFE_ES 91: Version Info: Module PSP, version git:d1da809
EVS Port1 1980-012-14:06:07.18185 66/1/CFE_ES 91: Version Info: Module MSG, version git:2612eb0
EVS Port1 1980-012-14:06:07.18478 66/1/CFE_ES 91: Version Info: Module SBR, version git:2612eb0
EVS Port1 1980-012-14:06:07.18870 66/1/CFE_ES 91: Version Info: Module RESOURCEID, version git:2612eb0
EVS Port1 1980-012-14:06:07.19091 66/1/CFE_ES 92: Build 202609140214 by root@vm, config aarch64
EVS Port1 1980-012-14:06:07.29460 66/1/CFE_EVS 1: cFE EVS Initialized: CFE_EVS v7.0.1+dev1 (Draco) DEV BUILD, based on v7.0.1, EDS disabled
1980-012-14:06:07.40012 CFE_SB_AppInit: Registered 4 events for filtering
EVS Port1 1980-012-14:06:07.41249 66/1/CFE_SB 1: cFE SB Initialized: CFE_SB v7.0.1+dev1 (Draco) DEV BUILD, based on v7.0.1, EDS disabled
EVS Port1 1980-012-14:06:07.41317 66/1/CFE_SB 14: No subscribers for MsgId 0x808,sender CFE_SB
EVS Port1 1980-012-14:06:07.51800 66/1/CFE_TBL 1: cFE TBL Initialized: CFE_TBL v7.0.1+dev1 (Draco) DEV BUILD, based on v7.0.1, EDS disabled
EVS Port1 1980-012-14:06:07.52772 66/1/CFE_SB 14: No subscribers for MsgId 0x808,sender CFE_TBL
EVS Port1 1980-012-14:06:07.66920 66/1/CFE_TIME 1: cFE TIME Initialized: CFE_TIME v7.0.1+dev1 (Draco) DEV BUILD, based on v7.0.1, EDS disabled
EVS Port1 1980-012-14:06:07.67584 66/1/CFE_SB 14: No subscribers for MsgId 0x808,sender CFE_TIME
1980-012-14:06:07.72755 CFE_ES_CreateObjects: Finished ES CreateObject table entries.
1980-012-14:06:07.72796 CFE_ES_Main: CFE_ES_Main entering CORE_READY state
OS_FileOpen_Impl():110:open(/dev/shm/osal:RAM/cfe_es_startup.scr): No such file or directory
1980-012-14:06:07.75312 CFE_ES_OpenStartupScript: Cannot Open Volatile Startup file: /ram/cfe_es_startup.scr, Trying Nonvolatile.
1980-012-14:06:07.75870 CFE_ES_OpenStartupScript: Opened ES App Startup file: /cf/cfe_es_startup.scr
1980-012-14:06:07.85596 CFE_ES_ParseFileEntry: Loading shared library: /cf/cfe_assert.so
1980-012-14:06:07.89357 [BEGIN] CFE FUNCTIONAL TEST
1980-012-14:06:07.89774 [BEGIN] 01 CFE-STARTUP
1980-012-14:06:07.98686 CFE_ES_ParseFileEntry: Loading shared library: /cf/sample_lib.so
SAMPLE Lib Initialized.Sample Lib v7.0.0+dev1 (Draco) DEV BUILD, based on v7.0.1, EDS disabled
1980-012-14:06:08.09585 CFE_ES_ParseFileEntry: Loading file: /cf/sch_lab.so, APP: SCH_LAB
1980-012-14:06:08.28667 CFE_ES_ParseFileEntry: Loading file: /cf/ci_lab.so, APP: CI_LAB
SCH Lab Initialized.SCH Lab v7.0.1+dev1 (Draco) DEV BUILD, based on v7.0.1, EDS disabled
1980-012-14:06:08.46520 CFE_ES_ParseFileEntry: Loading file: /cf/to_lab.so, APP: TO_LAB
EVS Port1 1980-012-14:06:08.67678 66/1/TO_LAB 1: TO Lab Initialized.TO Lab v7.0.1+dev1 (Draco) DEV BUILD, based on v7.0.1, EDS disabled, Awaiting enable command.
EVS Port1 1980-012-14:06:08.68476 66/1/CFE_SB 14: No subscribers for MsgId 0x808,sender TO_LAB
1980-012-14:06:08.69677 CI_LAB listening on UDP port: 1234
EVS Port1 1980-012-14:06:08.70309 66/1/CI_LAB 3: CI Lab Initialized.CI Lab App v7.0.1+dev1 (Draco) DEV BUILD, based on v7.0.1, EDS disabled
1980-012-14:06:08.73110 CFE_ES_ParseFileEntry: Loading file: /cf/sample_app.so, APP: SAMPLE_APP
EVS Port1 1980-012-14:06:08.84686 66/1/SAMPLE_APP 1: Sample App Initialized.Sample App v7.0.0+dev1 (Draco) DEV BUILD, based on v7.0.1, EDS disabled
1980-012-14:06:08.86803 CFE_ES_ParseFileEntry: Loading file: /cf/ai_learner.so, APP: AI_LEARNER
{"app":"AI_LEARNER","stage":"build_config","model":"smartcam","allow_conditional_map":0,"contract_bounded_bytes":18222796,"contract_per_call_bytes":9382092,"contract_const_bytes":8840704,"contract_bound_known":true,"contract_artifact_sha256":"ecffe6e0bcbadf51c8482c73ab147e91fa857927d1183955e03a3257041c78f1"}
{"app":"AI_LEARNER","stage":"stack","es_stack_size":264063,"stack_base_bytes":262144,"contract_kernel_stack_bytes":1919,"kernel_stack_accounted":true}
1980-012-14:06:08.99888 CFE_ES_ParseFileEntry: Loading file: /cf/lc.so, APP: LC
{"app":"AI_LEARNER","stage":"admission","verdict":"ADMIT","model":"smartcam","target":"aarch64-unknown-linux-gnu","bounded":18222796,"budget":18222796,"budget_source":"override","per_call":9382092,"constants":8840704,"kernel_stack_bytes":1919,"bound_known":true,"scope":"per_app_local_budget"}
EVS Port1 1980-012-14:06:09.01101 66/1/AI_LEARNER 8: AI_LEARNER stack: es=264063 base=262144 kernel=1919 accounted=1
{"app":"AI_LEARNER","stage":"blob_align","requested_offset":56,"state":"applied","module_ptr_mod64":56}
EVS Port1 1980-012-14:06:09.35211 66/1/LC 56: WDT verify results: good = 0, bad = 0, unused = 176
1980-012-14:06:09.43490 CFE_ES_ParseFileEntry: Loading file: /cf/cf.so, APP: CF
EVS Port1 1980-012-14:06:09.52314 66/1/LC 66: ADT verify results: good = 0, bad = 0, unused = 176
EVS Port1 1980-012-14:06:09.57710 66/1/LC 23: LC use of Critical Data Store disabled, activity mask = 0x00991990
EVS Port1 1980-012-14:06:09.59989 66/1/LC 2: LC Initialized. Version 7.0.1.255
1980-012-14:06:09.85564 CFE_ES_ParseFileEntry: Loading file: /cf/ds.so, APP: DS
EVS Port1 1980-012-14:06:09.93197 66/1/CF 20: CF Initialized. Version 7.0.1.255
EVS Port1 1980-012-14:06:10.10119 66/1/DS 10: Destination file table verify results: good entries = 6, bad = 0, unused = 10
1980-012-14:06:10.17415 CFE_ES_ParseFileEntry: Loading file: /cf/fm.so, APP: FM
EVS Port1 1980-012-14:06:10.19709 66/1/DS 12: Filter table verify results: good entries = 14, bad = 0, unused = 242
EVS Port1 1980-012-14:06:10.26382 66/1/DS 1: Application initialized, version 7.0.1.255, data at 0xe2f80e410460
EVS Port1 1980-012-14:06:10.50506 66/1/FM 80: Free Space Table verify results: good entries = 3, bad = 0, unused = 5
1980-012-14:06:10.59217 CFE_ES_ParseFileEntry: Loading file: /cf/hk.so, APP: HK
EVS Port1 1980-012-14:06:10.63395 66/1/FM 1: Initialization complete: version 7.0.1.255
EVS Port1 1980-012-14:06:10.70397 66/1/FM 72: Child Task initialization complete
EVS Port1 1980-012-14:06:10.91566 66/1/HK 1: HK Initialized.  Version 7.0.1.255
1980-012-14:06:10.95588 CFE_ES_ParseFileEntry: Loading file: /cf/hs.so, APP: HS
EVS Port1 1980-012-14:06:11.19769 66/1/HS 54: ExeCount verify results: good = 5, bad = 0, unused = 27
1980-012-14:06:11.21285 CFE_ES_ParseFileEntry: Loading file: /cf/mm.so, APP: MM
EVS Port1 1980-012-14:06:11.31318 66/1/HS 50: AppMon verify results: good = 0, bad = 0, unused = 32
EVS Port1 1980-012-14:06:11.37004 66/1/HS 52: EventMon verify results: good = 0, bad = 0, unused = 16
EVS Port1 1980-012-14:06:11.43493 66/1/HS 56: MsgActs verify results: good = 2, bad = 0, unused = 6
EVS Port1 1980-012-14:06:11.44793 66/1/MM 1: MM Initialized. Version 7.0.1.255
1980-012-14:06:11.48078 HS_SysMonInit(): System Monitor using PSP device ID 0110ff05
CFE_PSP(Linux_SysMon): Started CPU utilization monitoring on 1 CPU(s)
EVS Port1 1980-012-14:06:11.59288 66/1/HS 1: HS Initialized.  Version 7.0.1.255
1980-012-14:06:11.62489 CFE_ES_ParseFileEntry: Loading file: /cf/sc.so, APP: SC
1980-012-14:06:11.88383 CFE_ES_ParseFileEntry: Loading file: /cf/md.so, APP: MD
EVS Port1 1980-012-14:06:12.01820 66/1/SC 21: RTS table files not loaded at initialization = 0 of 4
EVS Port1 1980-012-14:06:12.06869 66/1/SC 9: SC Initialized. Version 7.0.1.255
EVS Port1 1980-012-14:06:12.11196 66/1/MD 52: MD Dwell Tbl verify results: good = 0, bad = 0, unused = 25
EVS Port1 1980-012-14:06:12.13465 66/1/MD 3: Recovered Dwell Table #1 is valid and has been copied to the MD App
EVS Port1 1980-012-14:06:12.15312 66/1/MD 52: MD Dwell Tbl verify results: good = 0, bad = 0, unused = 25
EVS Port1 1980-012-14:06:12.21005 66/1/MD 3: Recovered Dwell Table #2 is valid and has been copied to the MD App
EVS Port1 1980-012-14:06:12.28010 66/1/MD 52: MD Dwell Tbl verify results: good = 0, bad = 0, unused = 25
EVS Port1 1980-012-14:06:12.29609 66/1/MD 3: Recovered Dwell Table #3 is valid and has been copied to the MD App
EVS Port1 1980-012-14:06:12.31820 66/1/MD 52: MD Dwell Tbl verify results: good = 0, bad = 0, unused = 25
1980-012-14:06:12.33709 CFE_ES_ParseFileEntry: Loading file: /cf/cs.so, APP: CS
EVS Port1 1980-012-14:06:12.34579 66/1/MD 3: Recovered Dwell Table #4 is valid and has been copied to the MD App
EVS Port1 1980-012-14:06:12.36669 66/1/MD 7: Dwell Tables Recovered: 4, Dwell Tables Initialized: 0
EVS Port1 1980-012-14:06:12.37216 66/1/MD 1: MD Initialized.  Version 7.0.1.255
EVS Port1 1980-012-14:06:12.57603 66/1/CS 144: CS EEPROM Table verification results: good = 0, bad = 0, unused = 16
EVS Port1 1980-012-14:06:12.61404 66/1/CS 107: CS EEPROM Table: No valid entries in the table
EVS Port1 1980-012-14:06:12.67695 66/1/CS 143: CS Memory Table verification results: good = 0, bad = 0, unused = 16
EVS Port1 1980-012-14:06:12.68695 66/1/CS 107: CS Memory Table: No valid entries in the table
EVS Port1 1980-012-14:06:12.73408 66/1/CS 139: CS Tables Table verification results: good = 1, bad = 0, unused = 23
EVS Port1 1980-012-14:06:12.77679 66/1/CS 142: CS Apps Table verification results: good = 0, bad = 0, unused = 24
EVS Port1 1980-012-14:06:12.78710 66/1/CS 108: CS Apps Table: No valid entries in the table
EVS Port1 1980-012-14:06:12.79701 66/1/CS 127: OS Text Segment disabled due to platform
EVS Port1 1980-012-14:06:12.80413 66/1/CS 1: CS Initialized. Version 7.0.1.255
1980-012-14:06:13.51515 CFE_ES_Main: Startup Sync failed - Applications may not have all initialized
1980-012-14:06:13.52312 CFE_ES_Main: CFE_ES_Main entering APPS_INIT state
EVS Port1 1980-012-14:06:13.13748 66/1/CFE_TIME 21: Stop FLYWHEEL
1980-012-14:06:14.12872 CFE_ES_Main: Startup Sync failed - Applications may not have all started
1980-012-14:06:14.13326 CFE_ES_Main: CFE_ES_Main entering OPERATIONAL state
EVS Port1 1980-012-14:06:14.19209 66/1/TO_LAB 19: L550 TO Lab subscribed to 32 messages from the table
EVS Port1 1980-012-14:06:18.06425 66/1/CFE_TIME 20: Start FLYWHEEL
{"app":"AI_LEARNER","stage":"binding","verdict":"MATCH","artifact_bytes":8991281,"artifact_sha256":"ecffe6e0bcbadf51","contract_sha256":"ecffe6e0bcbadf51"}
.EVS Port1 1980-012-14:06:21.02510 66/1/CFE_TIME 21: Stop FLYWHEEL
{"app":"AI_LEARNER","stage":"map_branch","model":"smartcam","module_ptr_mod64":56,"hal_peak_after_append":8840704,"contract_const_bytes":8840704,"contract_per_call_bytes":9382092,"arm":"copy","admission_mode":"unconditional"}
{"app":"AI_LEARNER","stage":"mem_init","model":"smartcam","target":"aarch64-unknown-linux-gnu","hal_peak":9442816,"hal_allocated":9442816,"bounded":18222796,"peak_within_bounded":true,"inferences_so_far":0,"process_rss_kb":24620,"rss_kb_before_runtime":14248,"rss_kb_after_session":14536,"rss_kb_after_init":24620}
{"app":"AI_LEARNER","stage":"e25_mode","active":false,"inputs_path":"/cf/e25_inputs.bin"}
EVS Port1 1980-012-14:06:22.63085 66/1/AI_LEARNER 3: AI_LEARNER initialized: model smartcam (8991281 B), rss_delta_init=10372 KB
.EVS Port1 1980-012-14:06:27.13818 66/1/CFE_TIME 21: Stop FLYWHEEL
EVS Port1 1980-012-14:06:28.01913 66/1/CFE_TIME 20: Start FLYWHEEL
EVS Port1 1980-012-14:06:30.17013 66/1/CFE_TIME 20: Start FLYWHEEL
EVS Port1 1980-012-14:06:31.04716 66/1/CFE_TIME 21: Stop FLYWHEEL
.EVS Port1 1980-012-14:06:36.09580 66/1/CFE_TIME 20: Start FLYWHEEL
EVS Port1 1980-012-14:06:37.02973 66/1/CFE_TIME 21: Stop FLYWHEEL
.EVS Port1 1980-012-14:06:41.10536 66/1/CFE_TIME 20: Start FLYWHEEL
EVS Port1 1980-012-14:06:43.01564 66/1/CFE_TIME 21: Stop FLYWHEEL
.EVS Port1 1980-012-14:06:45.09202 66/1/CFE_SB 17: Msg Limit Err,MsgId 0x800,pipe AI_LEARNER_PIPE,sender CFE_ES
EVS Port1 1980-012-14:06:46.04037 66/1/CFE_TIME 21: Stop FLYWHEEL
EVS Port1 1980-012-14:06:47.01818 66/1/CFE_TIME 20: Start FLYWHEEL
EVS Port1 1980-012-14:06:48.05244 66/1/CFE_TIME 21: Stop FLYWHEEL
EVS Port1 1980-012-14:06:49.02255 66/1/CFE_TIME 20: Start FLYWHEEL
EVS Port1 1980-012-14:06:49.20268 66/1/CFE_SB 17: Msg Limit Err,MsgId 0x800,pipe AI_LEARNER_PIPE,sender CFE_ES
.EVS Port1 1980-012-14:06:51.24244 66/1/CFE_TIME 20: Start FLYWHEEL
EVS Port1 1980-012-14:06:52.01684 66/1/CFE_TIME 21: Stop FLYWHEEL
EVS Port1 1980-012-14:06:53.07710 66/1/CFE_SB 17: Msg Limit Err,MsgId 0x800,pipe AI_LEARNER_PIPE,sender CFE_ES
EVS Port1 1980-012-14:06:54.10626 66/1/CFE_TIME 21: Stop FLYWHEEL
EVS Port1 1980-012-14:06:55.00218 66/1/CFE_TIME 20: Start FLYWHEEL
.EVS Port1 1980-012-14:06:57.05990 66/1/CFE_TIME 20: Start FLYWHEEL
EVS Port1 1980-012-14:06:57.16107 66/1/CFE_SB 17: Msg Limit Err,MsgId 0x800,pipe AI_LEARNER_PIPE,sender CFE_ES
EVS Port1 1980-012-14:06:58.02018 66/1/CFE_TIME 21: Stop FLYWHEEL
EVS Port1 1980-012-14:07:00.04563 66/1/CFE_TIME 21: Stop FLYWHEEL
EVS Port1 1980-012-14:07:00.99295 66/1/CFE_TIME 20: Start FLYWHEEL
EVS Port1 1980-012-14:07:01.18899 66/1/CFE_SB 17: Msg Limit Err,MsgId 0x800,pipe AI_LEARNER_PIPE,sender CFE_ES
.EVS Port1 1980-012-14:07:05.02709 66/1/CFE_TIME 21: Stop FLYWHEEL
EVS Port1 1980-012-14:07:05.04736 66/1/CFE_SB 17: Msg Limit Err,MsgId 0x800,pipe AI_LEARNER_PIPE,sender CFE_ES
EVS Port1 1980-012-14:07:06.00022 66/1/CFE_TIME 20: Start FLYWHEEL
.EVS Port1 1980-012-14:07:08.40393 66/1/AI_LEARNER 4: AI_LEARNER completed=1/1 mean=44259960.1us max=44259960.1us hal_peak=18222796 within_bounded=1
{"app":"AI_LEARNER","stage":"run","model":"smartcam","target":"aarch64-unknown-linux-gnu","attempted":1,"completed":1,"fail_input":0,"fail_invoke":0,"fail_output":0,"mean_us":44259960.06,"max_us":44259960.06,"last_us":44259960.06,"out0":0.85892,"out_elems":3,"out_sha256":"989d0c885c469a1267e327d7f6eaaa990ed94dab35f064968afaff7105ad4b34","out_head":[0.858921,0.111592,0.029487],"out_tail":[0.858921,0.111592,0.029487],"out_full_file":"/cf/last_out.json","out_full_file_bytes":117,"out_full_file_reason":"ok","out_record_truncates":false}
{"app":"AI_LEARNER","stage":"mem","model":"smartcam","target":"aarch64-unknown-linux-gnu","completed":1,"hal_peak":18222796,"peak_within_bounded":true,"admitted_budget_bytes":18222796,"peak_within_admitted_budget":true,"admission_mode":"unconditional","hal_bytes_per_call_amortized":18222796.0,"process_rss_kb":33788,"process_rss_delta_init_kb":10372,"max_active_calls":1,"active_calls_now":0,"call_counter_balanced":true}
EVS Port1 1980-012-14:07:10.14328 66/1/CFE_TIME 20: Start FLYWHEEL
EVS Port1 1980-012-14:07:10.13894 66/1/CFE_TIME 21: Stop FLYWHEEL
EVS Port1 1980-012-14:07:13.17851 66/1/CFE_SB 17: Msg Limit Err,MsgId 0x800,pipe AI_LEARNER_PIPE,sender CFE_ES
.EVS Port1 1980-012-14:07:15.05873 66/1/CFE_TIME 20: Start FLYWHEEL
EVS Port1 1980-012-14:07:17.04557 66/1/CFE_TIME 21: Stop FLYWHEEL
EVS Port1 1980-012-14:07:17.14968 66/1/CFE_SB 17: Msg Limit Err,MsgId 0x800,pipe AI_LEARNER_PIPE,sender CFE_ES
.EVS Port1 1980-012-14:07:20.10870 66/1/CFE_TIME 20: Start FLYWHEEL
EVS Port1 1980-012-14:07:21.21470 66/1/CFE_SB 17: Msg Limit Err,MsgId 0x800,pipe AI_LEARNER_PIPE,sender CFE_ES
EVS Port1 1980-012-14:07:25.03881 66/1/CFE_TIME 21: Stop FLYWHEEL
.EVS Port1 1980-012-14:07:25.21304 66/1/CFE_SB 17: Msg Limit Err,MsgId 0x800,pipe AI_LEARNER_PIPE,sender CFE_ES
EVS Port1 1980-012-14:07:29.05601 66/1/CFE_SB 17: Msg Limit Err,MsgId 0x800,pipe AI_LEARNER_PIPE,sender CFE_ES
EVS Port1 1980-012-14:07:30.02319 66/1/CFE_TIME 21: Stop FLYWHEEL
EVS Port1 1980-012-14:07:31.00717 66/1/CFE_TIME 20: Start FLYWHEEL
.1980-012-14:07:32.82786 CFE_ES_RunExceptionScan: ExceptionID 0x1110004 in TaskID 0: Caught SIGINT
1980-012-14:07:32.84201 CFE_ES_RunExceptionScan: Maximum Processor Reset count reached (2)
CFE_PSP: Exiting cFE with POWERON Reset status.
CFE_PSP: Critical Data Store Shared memory segment removed
Reset Area Shared memory segment removed
User Reserved Area Shared memory segment removed

CFE_PSP: Shutdown initiated - Exiting cFE
CI delete callback -- Closing CI Network socket.
TO delete callback -- Closing TO Network socket.
.EVS Port1 1980-012-14:07:40.69514 66/1/AI_LEARNER 4: AI_LEARNER completed=2/2 mean=38577694.3us max=44259960.1us hal_peak=18222796 within_bounded=1
EXIT=124
