OS_BSP_Initialize():Maximum user msg queue depth = 512
CFE_PSP: Default Reset SubType = 1
CFE_PSP: Default CPU ID = 1
CFE_PSP: Default Spacecraft ID = 66
CFE_PSP: Default CPU Name: cpu1
OS_Posix_GetSchedulerParams():208:Policy 1: available, min-max: 1-99
OS_Posix_GetSchedulerParams():208:Policy 2: available, min-max: 1-99
OS_Posix_TaskAPI_Impl_Init():401:Selected policy 2 for RT tasks, root task = 99
OS_Posix_TaskAPI_Impl_Init():419:Could not setschedparam in main thread: Operation not permitted (1)
CFE_PSP: initializing module 'soft_timebase' with ID 0110ff00
CFE_PSP: Instantiated software timebase 'cFS-Master' running at 10000 usec
CFE_PSP: initializing module 'timebase_posix_clock' with ID 0110ff01
CFE_PSP: Using POSIX monotonic clock as CFE timebase
CFE_PSP: initializing module 'eeprom_mmap_file' with ID 0110ff02
CFE_PSP: Using MMAP simulated EEPROM implementation
CFE_PSP: EEPROM Range (2) created: Start Address = E78DEA9EE000, Size = 00080000 Status = 0
CFE_PSP: initializing module 'port_notimpl' with ID 0110ff03
CFE_PSP: I/O Port access not implemented
CFE_PSP: initializing module 'iodriver' with ID 0110ff04
CFE_PSP: initializing module 'linux_sysmon' with ID 0110ff05
CFE_PSP: initializing module 'endian_api' with ID 0110ff06
CFE_PSP: Host CPU Endian=LITTLE
CFE_PSP: initializing module 'ram_notimpl' with ID 0110ff07
CFE_PSP: Physical RAM access not implemented
CFE_PSP: Starting the cFE with a POWER ON reset.
CFE_PSP: Clearing out CFE CDS Shared memory segment.
CFE_PSP: Clearing out CFE Reset Shared memory segment.
CFE_PSP: Clearing out CFE User Reserved Shared memory segment.
1980-001-01:33:07.20066 CFE_ES_SetupResetVariables: POWER ON RESET due to Power Cycle (Power Cycle).
1980-001-01:33:07.29191 CFE_ES_Main: CFE_ES_Main in EARLY_INIT state
Number of addresses returned by backtrace = 1
CFE_PSP: CFE_PSP_AttachExceptions called
1980-001-01:33:07.44594 CFE_ES_Main: CFE_ES_Main entering CORE_STARTUP state
1980-001-01:33:07.44978 CFE_ES_CreateObjects: Starting Object Creation calls.
1980-001-01:33:07.45000 CFE_ES_CreateObjects: Calling EarlyInit for CFE_CONFIG
1980-001-01:33:07.47274 CFE_ES_CreateObjects: Calling EarlyInit for CFE_ES
1980-001-01:33:07.52268 CFE_ES_CreateObjects: Calling EarlyInit for CFE_EVS
1980-001-01:33:07.53793 CFE_EVS_EarlyInit: Event Log cleared following power-on reset
1980-001-01:33:07.54172 CFE_ES_CreateObjects: Calling EarlyInit for CFE_FS
1980-001-01:33:07.54197 CFE_ES_CreateObjects: Calling EarlyInit for CFE_SB
1980-001-01:33:07.72167 CFE_ES_CreateObjects: Calling EarlyInit for CFE_TBL
1980-001-01:33:07.93262 CFE_ES_CreateObjects: Calling EarlyInit for CFE_TIME
EVS Port1 1980-012-14:03:20.32109 66/1/CFE_ES 1: cFE ES Initialized: CFE_ES v7.0.1+dev1 (Draco) DEV BUILD, based on v7.0.1, EDS disabled
EVS Port1 1980-012-14:03:20.36642 66/1/CFE_ES 2: cFS Versions: cfe v7.0.1+dev1, osal v7.0.1+dev1, psp v7.0.1+dev1. cFE chksm 31659
EVS Port1 1980-012-14:03:20.38201 66/1/CFE_ES 91: Version Info: Mission SampleMission, version git:v7.0.1-90-g78c23b0-dirty
EVS Port1 1980-012-14:03:20.39326 66/1/CFE_ES 91: Version Info: Module CORE_API, version git:2612eb0
EVS Port1 1980-012-14:03:20.39920 66/1/CFE_ES 91: Version Info: Module CONFIG, version git:2612eb0
EVS Port1 1980-012-14:03:20.41210 66/1/CFE_ES 91: Version Info: Module ES, version git:2612eb0
EVS Port1 1980-012-14:03:20.42127 66/1/CFE_ES 91: Version Info: Module EVS, version git:2612eb0
EVS Port1 1980-012-14:03:20.43222 66/1/CFE_ES 91: Version Info: Module FS, version git:2612eb0
EVS Port1 1980-012-14:03:20.44015 66/1/CFE_ES 91: Version Info: Module SB, version git:2612eb0
EVS Port1 1980-012-14:03:20.44711 66/1/CFE_ES 91: Version Info: Module TBL, version git:2612eb0
EVS Port1 1980-012-14:03:20.44741 66/1/CFE_ES 91: Version Info: Module TIME, version git:2612eb0
EVS Port1 1980-012-14:03:20.46090 66/1/CFE_ES 91: Version Info: Module OSAL, version git:8111e4a
EVS Port1 1980-012-14:03:20.46812 66/1/CFE_ES 91: Version Info: Module PSP, version git:d1da809
EVS Port1 1980-012-14:03:20.47303 66/1/CFE_ES 91: Version Info: Module MSG, version git:2612eb0
EVS Port1 1980-012-14:03:20.47335 66/1/CFE_ES 91: Version Info: Module SBR, version git:2612eb0
EVS Port1 1980-012-14:03:20.48118 66/1/CFE_ES 91: Version Info: Module RESOURCEID, version git:2612eb0
EVS Port1 1980-012-14:03:20.48143 66/1/CFE_ES 92: Build 202609140214 by root@vm, config aarch64
EVS Port1 1980-012-14:03:20.67590 66/1/CFE_EVS 1: cFE EVS Initialized: CFE_EVS v7.0.1+dev1 (Draco) DEV BUILD, based on v7.0.1, EDS disabled
1980-012-14:03:20.78229 CFE_SB_AppInit: Registered 4 events for filtering
EVS Port1 1980-012-14:03:20.80635 66/1/CFE_SB 1: cFE SB Initialized: CFE_SB v7.0.1+dev1 (Draco) DEV BUILD, based on v7.0.1, EDS disabled
EVS Port1 1980-012-14:03:20.82504 66/1/CFE_SB 14: No subscribers for MsgId 0x808,sender CFE_SB
EVS Port1 1980-012-14:03:20.97525 66/1/CFE_TBL 1: cFE TBL Initialized: CFE_TBL v7.0.1+dev1 (Draco) DEV BUILD, based on v7.0.1, EDS disabled
EVS Port1 1980-012-14:03:20.98229 66/1/CFE_SB 14: No subscribers for MsgId 0x808,sender CFE_TBL
EVS Port1 1980-012-14:03:21.22215 66/1/CFE_TIME 1: cFE TIME Initialized: CFE_TIME v7.0.1+dev1 (Draco) DEV BUILD, based on v7.0.1, EDS disabled
EVS Port1 1980-012-14:03:21.23417 66/1/CFE_SB 14: No subscribers for MsgId 0x808,sender CFE_TIME
1980-012-14:03:21.29610 CFE_ES_CreateObjects: Finished ES CreateObject table entries.
1980-012-14:03:21.29638 CFE_ES_Main: CFE_ES_Main entering CORE_READY state
1980-012-14:03:21.35701 CFE_ES_OpenStartupScript: Opened ES App Startup file: /cf/cfe_es_startup.scr
1980-012-14:03:21.63212 CFE_ES_ParseFileEntry: Loading shared library: /cf/cfe_assert.so
1980-012-14:03:21.72717 [BEGIN] CFE FUNCTIONAL TEST
1980-012-14:03:21.73228 [BEGIN] 01 CFE-STARTUP
1980-012-14:03:22.04251 CFE_ES_ParseFileEntry: Loading shared library: /cf/sample_lib.so
SAMPLE Lib Initialized.Sample Lib v7.0.0+dev1 (Draco) DEV BUILD, based on v7.0.1, EDS disabled
1980-012-14:03:22.35009 CFE_ES_ParseFileEntry: Loading file: /cf/sch_lab.so, APP: SCH_LAB
SCH Lab Initialized.SCH Lab v7.0.1+dev1 (Draco) DEV BUILD, based on v7.0.1, EDS disabled
1980-012-14:03:22.84242 CFE_ES_ParseFileEntry: Loading file: /cf/ci_lab.so, APP: CI_LAB
1980-012-14:03:23.35019 CFE_ES_ParseFileEntry: Loading file: /cf/to_lab.so, APP: TO_LAB
EVS Port1 1980-012-14:03:23.79318 66/1/TO_LAB 1: TO Lab Initialized.TO Lab v7.0.1+dev1 (Draco) DEV BUILD, based on v7.0.1, EDS disabled, Awaiting enable command.
EVS Port1 1980-012-14:03:23.81517 66/1/CFE_SB 14: No subscribers for MsgId 0x808,sender TO_LAB
1980-012-14:03:23.83842 CI_LAB listening on UDP port: 1234
EVS Port1 1980-012-14:03:23.86634 66/1/CI_LAB 3: CI Lab Initialized.CI Lab App v7.0.1+dev1 (Draco) DEV BUILD, based on v7.0.1, EDS disabled
1980-012-14:03:24.04823 CFE_ES_ParseFileEntry: Loading file: /cf/sample_app.so, APP: SAMPLE_APP
EVS Port1 1980-012-14:03:24.30245 66/1/SAMPLE_APP 1: Sample App Initialized.Sample App v7.0.0+dev1 (Draco) DEV BUILD, based on v7.0.1, EDS disabled
1980-012-14:03:24.55933 CFE_ES_ParseFileEntry: Loading file: /cf/ai_learner.so, APP: AI_LEARNER
{"app":"AI_LEARNER","stage":"build_config","model":"wgan","allow_conditional_map":0,"contract_bounded_bytes":135666432,"contract_per_call_bytes":131382784,"contract_const_bytes":4283648,"contract_bound_known":true,"contract_artifact_sha256":"e382429cbfbf580356379365fa67a8a2b01b47d58ec4e04b4a4c14165be2e102"}
{"app":"AI_LEARNER","stage":"stack","es_stack_size":263024,"stack_base_bytes":262144,"contract_kernel_stack_bytes":880,"kernel_stack_accounted":true}
EVS Port1 1980-012-14:03:24.98219 66/1/AI_LEARNER 8: AI_LEARNER stack: es=263024 base=262144 kernel=880 accounted=1
{"app":"AI_LEARNER","stage":"admission","verdict":"ADMIT","model":"wgan","target":"aarch64-unknown-linux-gnu","bounded":135666432,"budget":135666432,"budget_source":"override","per_call":131382784,"constants":4283648,"kernel_stack_bytes":880,"bound_known":true,"scope":"per_app_local_budget"}
{"app":"AI_LEARNER","stage":"blob_align","requested_offset":24,"state":"applied","module_ptr_mod64":24}
1980-012-14:03:25.25734 CFE_ES_ParseFileEntry: Loading file: /cf/lc.so, APP: LC
EVS Port1 1980-012-14:03:25.84628 66/1/LC 56: WDT verify results: good = 0, bad = 0, unused = 176
EVS Port1 1980-012-14:03:26.02316 66/1/LC 66: ADT verify results: good = 0, bad = 0, unused = 176
EVS Port1 1980-012-14:03:26.09310 66/1/LC 23: LC use of Critical Data Store disabled, activity mask = 0x00991990
EVS Port1 1980-012-14:03:26.12907 66/1/LC 2: LC Initialized. Version 7.0.1.255
1980-012-14:03:26.18221 CFE_ES_ParseFileEntry: Loading file: /cf/cf.so, APP: CF
1980-012-14:03:27.05208 CFE_ES_ParseFileEntry: Loading file: /cf/ds.so, APP: DS
EVS Port1 1980-012-14:03:27.09951 66/1/CF 20: CF Initialized. Version 7.0.1.255
EVS Port1 1980-012-14:03:27.58744 66/1/DS 10: Destination file table verify results: good entries = 6, bad = 0, unused = 10
EVS Port1 1980-012-14:03:27.80947 66/1/DS 12: Filter table verify results: good entries = 14, bad = 0, unused = 242
EVS Port1 1980-012-14:03:27.98217 66/1/DS 1: Application initialized, version 7.0.1.255, data at 0xe78de99a0460
1980-012-14:03:28.04147 CFE_ES_ParseFileEntry: Loading file: /cf/fm.so, APP: FM
EVS Port1 1980-012-14:03:28.53912 66/1/FM 80: Free Space Table verify results: good entries = 3, bad = 0, unused = 5
EVS Port1 1980-012-14:03:28.69523 66/1/FM 1: Initialization complete: version 7.0.1.255
EVS Port1 1980-012-14:03:28.78814 66/1/FM 72: Child Task initialization complete
1980-012-14:03:28.88911 CFE_ES_ParseFileEntry: Loading file: /cf/hk.so, APP: HK
EVS Port1 1980-012-14:03:29.74217 66/1/HK 1: HK Initialized.  Version 7.0.1.255
1980-012-14:03:29.85627 CFE_ES_ParseFileEntry: Loading file: /cf/hs.so, APP: HS
EVS Port1 1980-012-14:03:30.87124 66/1/HS 54: ExeCount verify results: good = 5, bad = 0, unused = 27
1980-012-14:03:30.93034 CFE_ES_ParseFileEntry: Loading file: /cf/mm.so, APP: MM
EVS Port1 1980-012-14:03:31.58419 66/1/HS 50: AppMon verify results: good = 0, bad = 0, unused = 32
1980-012-14:03:31.87300 CFE_ES_ParseFileEntry: Loading file: /cf/sc.so, APP: SC
EVS Port1 1980-012-14:03:32.12220 66/1/HS 52: EventMon verify results: good = 0, bad = 0, unused = 16
EVS Port1 1980-012-14:03:32.15127 66/1/MM 1: MM Initialized. Version 7.0.1.255
EVS Port1 1980-012-14:03:32.55113 66/1/HS 56: MsgActs verify results: good = 2, bad = 0, unused = 6
1980-012-14:03:32.89973 CFE_ES_ParseFileEntry: Loading file: /cf/md.so, APP: MD
1980-012-14:03:33.71621 HS_SysMonInit(): System Monitor using PSP device ID 0110ff05
CFE_PSP(Linux_SysMon): Started CPU utilization monitoring on 1 CPU(s)
1980-012-14:03:34.15202 CFE_ES_ParseFileEntry: Loading file: /cf/cs.so, APP: CS
EVS Port1 1980-012-14:03:34.20620 66/1/HS 1: HS Initialized.  Version 7.0.1.255
EVS Port1 1980-012-14:03:35.33525 66/1/MD 52: MD Dwell Tbl verify results: good = 0, bad = 0, unused = 25
EVS Port1 1980-012-14:03:36.13117 66/1/MD 52: MD Dwell Tbl verify results: good = 0, bad = 0, unused = 25
EVS Port1 1980-012-14:03:36.65838 66/1/CS 144: CS EEPROM Table verification results: good = 0, bad = 0, unused = 16
EVS Port1 1980-012-14:03:36.68234 66/1/SC 21: RTS table files not loaded at initialization = 0 of 4
EVS Port1 1980-012-14:03:37.22729 66/1/MD 52: MD Dwell Tbl verify results: good = 0, bad = 0, unused = 25
1980-012-14:03:37.87927 CFE_ES_Main: Startup Sync failed - Applications may not have all initialized
EVS Port1 1980-012-14:03:37.90228 66/1/CS 107: CS EEPROM Table: No valid entries in the table
1980-012-14:03:37.99301 CFE_ES_Main: CFE_ES_Main entering APPS_INIT state
EVS Port1 1980-012-14:03:38.87324 66/1/MD 52: MD Dwell Tbl verify results: good = 0, bad = 0, unused = 25
EVS Port1 1980-012-14:03:39.74830 66/1/CS 143: CS Memory Table verification results: good = 0, bad = 0, unused = 16
EVS Port1 1980-012-14:03:39.76431 66/1/MD 7: Dwell Tables Recovered: 0, Dwell Tables Initialized: 4
EVS Port1 1980-012-14:03:40.17323 66/1/MD 1: MD Initialized.  Version 7.0.1.255
EVS Port1 1980-012-14:03:40.17527 66/1/SC 9: SC Initialized. Version 7.0.1.255
EVS Port1 1980-012-14:03:40.26644 66/1/CS 107: CS Memory Table: No valid entries in the table
EVS Port1 1980-012-14:03:41.00036 66/1/CS 139: CS Tables Table verification results: good = 1, bad = 0, unused = 23
1980-012-14:03:41.11805 CFE_ES_Main: Startup Sync failed - Applications may not have all started
1980-012-14:03:41.15815 CFE_ES_Main: CFE_ES_Main entering OPERATIONAL state
EVS Port1 1980-012-14:03:41.55899 66/1/CS 142: CS Apps Table verification results: good = 0, bad = 0, unused = 24
EVS Port1 1980-012-14:03:41.64337 66/1/CS 108: CS Apps Table: No valid entries in the table
EVS Port1 1980-012-14:03:41.75614 66/1/CS 127: OS Text Segment disabled due to platform
EVS Port1 1980-012-14:03:41.88748 66/1/CS 1: CS Initialized. Version 7.0.1.255
EVS Port1 1980-012-14:03:41.98106 66/1/TO_LAB 19: L550 TO Lab subscribed to 32 messages from the table
{"app":"AI_LEARNER","stage":"binding","verdict":"MATCH","artifact_bytes":4321533,"artifact_sha256":"e382429cbfbf5803","contract_sha256":"e382429cbfbf5803"}
.{"app":"AI_LEARNER","stage":"map_branch","model":"wgan","module_ptr_mod64":24,"hal_peak_after_append":4283648,"contract_const_bytes":4283648,"contract_per_call_bytes":131382784,"arm":"copy","admission_mode":"unconditional"}
{"app":"AI_LEARNER","stage":"mem_init","model":"wgan","target":"aarch64-unknown-linux-gnu","hal_peak":4885760,"hal_allocated":4885760,"bounded":135666432,"peak_within_bounded":true,"inferences_so_far":0,"process_rss_kb":16720,"rss_kb_before_runtime":10896,"rss_kb_after_session":11184,"rss_kb_after_init":16720}
{"app":"AI_LEARNER","stage":"e25_mode","active":false,"inputs_path":"/cf/e25_inputs.bin"}
EVS Port1 1980-012-14:03:49.85746 66/1/AI_LEARNER 3: AI_LEARNER initialized: model wgan (4321533 B), rss_delta_init=5824 KB
EVS Port1 1980-012-14:03:52.14936 66/1/CFE_TIME 21: Stop FLYWHEEL
.EVS Port1 1980-012-14:03:56.31033 66/1/CFE_TIME 20: Start FLYWHEEL
...EVS Port1 1980-012-14:04:15.24526 66/1/CFE_SB 17: Msg Limit Err,MsgId 0x800,pipe AI_LEARNER_PIPE,sender CFE_ES
.EVS Port1 1980-012-14:04:19.68049 66/1/CFE_SB 17: Msg Limit Err,MsgId 0x800,pipe AI_LEARNER_PIPE,sender CFE_ES
EVS Port1 1980-012-14:04:24.68550 66/1/CFE_SB 17: Msg Limit Err,MsgId 0x800,pipe AI_LEARNER_PIPE,sender CFE_ES
.EVS Port1 1980-012-14:04:30.00161 66/1/CFE_SB 17: Msg Limit Err,MsgId 0x800,pipe AI_LEARNER_PIPE,sender CFE_ES
.EVS Port1 1980-012-14:04:34.95863 66/1/CFE_SB 17: Msg Limit Err,MsgId 0x800,pipe AI_LEARNER_PIPE,sender CFE_ES
.EVS Port1 1980-012-14:04:39.91918 66/1/CFE_SB 17: Msg Limit Err,MsgId 0x800,pipe AI_LEARNER_PIPE,sender CFE_ES
EVS Port1 1980-012-14:04:45.27540 66/1/CFE_SB 17: Msg Limit Err,MsgId 0x800,pipe AI_LEARNER_PIPE,sender CFE_ES
.1980-012-14:04:46.50839 CFE_ES_RunExceptionScan: ExceptionID 0x1110000 in TaskID 0: Caught SIGINT
1980-012-14:04:46.59126 CFE_ES_RunExceptionScan: Processor Reset count not reached (0/2)
CFE_PSP: Exiting cFE with PROCESSOR Reset status.

CFE_PSP: Shutdown initiated - Exiting cFE
CI delete callback -- Closing CI Network socket.
TO delete callback -- Closing TO Network socket.
..EXIT=137
