OS_BSP_Initialize():Maximum user msg queue depth = 512
CFE_PSP: Default Reset SubType = 1
CFE_PSP: Default CPU ID = 1
CFE_PSP: Default Spacecraft ID = 66
CFE_PSP: Default CPU Name: cpu1
OS_Posix_GetSchedulerParams():208:Policy 1: available, min-max: 1-99
OS_Posix_GetSchedulerParams():208:Policy 2: available, min-max: 1-99
OS_Posix_TaskAPI_Impl_Init():401:Selected policy 2 for RT tasks, root task = 99
OS_Posix_TaskAPI_Impl_Init():419:Could not setschedparam in main thread: Operation not permitted (1)
CFE_PSP: initializing module 'soft_timebase' with ID 0110ff00
CFE_PSP: Instantiated software timebase 'cFS-Master' running at 10000 usec
CFE_PSP: initializing module 'timebase_posix_clock' with ID 0110ff01
CFE_PSP: Using POSIX monotonic clock as CFE timebase
CFE_PSP: initializing module 'eeprom_mmap_file' with ID 0110ff02
CFE_PSP: Using MMAP simulated EEPROM implementation
CFE_PSP: initializing module 'port_notimpl' with ID 0110ff03
CFE_PSP: EEPROM Range (2) created: Start Address = EEF91A11E000, Size = 00080000 Status = 0
CFE_PSP: I/O Port access not implemented
CFE_PSP: initializing module 'iodriver' with ID 0110ff04
CFE_PSP: initializing module 'linux_sysmon' with ID 0110ff05
CFE_PSP: initializing module 'endian_api' with ID 0110ff06
CFE_PSP: Host CPU Endian=LITTLE
CFE_PSP: initializing module 'ram_notimpl' with ID 0110ff07
CFE_PSP: Physical RAM access not implemented
CFE_PSP: Starting the cFE with a POWER ON reset.
CFE_PSP: Clearing out CFE CDS Shared memory segment.
CFE_PSP: Clearing out CFE Reset Shared memory segment.
CFE_PSP: Clearing out CFE User Reserved Shared memory segment.
1980-001-00:46:02.35603 CFE_ES_SetupResetVariables: POWER ON RESET due to Power Cycle (Power Cycle).
1980-001-00:46:02.50789 CFE_ES_Main: CFE_ES_Main in EARLY_INIT state
Number of addresses returned by backtrace = 1
CFE_PSP: CFE_PSP_AttachExceptions called
1980-001-00:46:02.81881 CFE_ES_Main: CFE_ES_Main entering CORE_STARTUP state
1980-001-00:46:02.82556 CFE_ES_CreateObjects: Starting Object Creation calls.
1980-001-00:46:02.82583 CFE_ES_CreateObjects: Calling EarlyInit for CFE_CONFIG
1980-001-00:46:02.86390 CFE_ES_CreateObjects: Calling EarlyInit for CFE_ES
1980-001-00:46:02.94465 CFE_ES_CreateObjects: Calling EarlyInit for CFE_EVS
1980-001-00:46:02.97595 CFE_EVS_EarlyInit: Event Log cleared following power-on reset
1980-001-00:46:02.98488 CFE_ES_CreateObjects: Calling EarlyInit for CFE_FS
1980-001-00:46:02.99653 CFE_ES_CreateObjects: Calling EarlyInit for CFE_SB
1980-001-00:46:03.29258 CFE_ES_CreateObjects: Calling EarlyInit for CFE_TBL
1980-001-00:46:03.66468 CFE_ES_CreateObjects: Calling EarlyInit for CFE_TIME
EVS Port1 1980-012-14:03:20.41181 66/1/CFE_ES 1: cFE ES Initialized: CFE_ES v7.0.1+dev1 (Draco) DEV BUILD, based on v7.0.1, EDS disabled
EVS Port1 1980-012-14:03:20.47206 66/1/CFE_ES 2: cFS Versions: cfe v7.0.1+dev1, osal v7.0.1+dev1, psp v7.0.1+dev1. cFE chksm 31659
EVS Port1 1980-012-14:03:20.50070 66/1/CFE_ES 91: Version Info: Mission SampleMission, version git:v7.0.1-90-g78c23b0-dirty
EVS Port1 1980-012-14:03:20.51165 66/1/CFE_ES 91: Version Info: Module CORE_API, version git:2612eb0
EVS Port1 1980-012-14:03:20.53390 66/1/CFE_ES 91: Version Info: Module CONFIG, version git:2612eb0
EVS Port1 1980-012-14:03:20.54185 66/1/CFE_ES 91: Version Info: Module ES, version git:2612eb0
EVS Port1 1980-012-14:03:20.55593 66/1/CFE_ES 91: Version Info: Module EVS, version git:2612eb0
EVS Port1 1980-012-14:03:20.56887 66/1/CFE_ES 91: Version Info: Module FS, version git:2612eb0
EVS Port1 1980-012-14:03:20.59487 66/1/CFE_ES 91: Version Info: Module SB, version git:2612eb0
EVS Port1 1980-012-14:03:20.59867 66/1/CFE_ES 91: Version Info: Module TBL, version git:2612eb0
EVS Port1 1980-012-14:03:20.59898 66/1/CFE_ES 91: Version Info: Module TIME, version git:2612eb0
EVS Port1 1980-012-14:03:20.61883 66/1/CFE_ES 91: Version Info: Module OSAL, version git:8111e4a
EVS Port1 1980-012-14:03:20.62573 66/1/CFE_ES 91: Version Info: Module PSP, version git:d1da809
EVS Port1 1980-012-14:03:20.62608 66/1/CFE_ES 91: Version Info: Module MSG, version git:2612eb0
EVS Port1 1980-012-14:03:20.65090 66/1/CFE_ES 91: Version Info: Module SBR, version git:2612eb0
EVS Port1 1980-012-14:03:20.66479 66/1/CFE_ES 91: Version Info: Module RESOURCEID, version git:2612eb0
EVS Port1 1980-012-14:03:20.68171 66/1/CFE_ES 92: Build 202609140214 by root@vm, config aarch64
EVS Port1 1980-012-14:03:20.98370 66/1/CFE_EVS 1: cFE EVS Initialized: CFE_EVS v7.0.1+dev1 (Draco) DEV BUILD, based on v7.0.1, EDS disabled
1980-012-14:03:21.14257 CFE_SB_AppInit: Registered 4 events for filtering
EVS Port1 1980-012-14:03:21.20281 66/1/CFE_SB 1: cFE SB Initialized: CFE_SB v7.0.1+dev1 (Draco) DEV BUILD, based on v7.0.1, EDS disabled
EVS Port1 1980-012-14:03:21.21882 66/1/CFE_SB 14: No subscribers for MsgId 0x808,sender CFE_SB
EVS Port1 1980-012-14:03:21.41992 66/1/CFE_TBL 1: cFE TBL Initialized: CFE_TBL v7.0.1+dev1 (Draco) DEV BUILD, based on v7.0.1, EDS disabled
EVS Port1 1980-012-14:03:21.43582 66/1/CFE_SB 14: No subscribers for MsgId 0x808,sender CFE_TBL
EVS Port1 1980-012-14:03:21.80598 66/1/CFE_TIME 1: cFE TIME Initialized: CFE_TIME v7.0.1+dev1 (Draco) DEV BUILD, based on v7.0.1, EDS disabled
EVS Port1 1980-012-14:03:21.81085 66/1/CFE_SB 14: No subscribers for MsgId 0x808,sender CFE_TIME
1980-012-14:03:21.90763 CFE_ES_CreateObjects: Finished ES CreateObject table entries.
1980-012-14:03:21.91258 CFE_ES_Main: CFE_ES_Main entering CORE_READY state
1980-012-14:03:21.98963 CFE_ES_OpenStartupScript: Opened ES App Startup file: /cf/cfe_es_startup.scr
1980-012-14:03:22.45096 CFE_ES_ParseFileEntry: Loading shared library: /cf/cfe_assert.so
1980-012-14:03:22.70768 [BEGIN] CFE FUNCTIONAL TEST
1980-012-14:03:22.74461 [BEGIN] 01 CFE-STARTUP
1980-012-14:03:23.12505 CFE_ES_ParseFileEntry: Loading shared library: /cf/sample_lib.so
SAMPLE Lib Initialized.Sample Lib v7.0.0+dev1 (Draco) DEV BUILD, based on v7.0.1, EDS disabled
1980-012-14:03:23.88782 CFE_ES_ParseFileEntry: Loading file: /cf/sch_lab.so, APP: SCH_LAB
SCH Lab Initialized.SCH Lab v7.0.1+dev1 (Draco) DEV BUILD, based on v7.0.1, EDS disabled
1980-012-14:03:24.79361 CFE_ES_ParseFileEntry: Loading file: /cf/ci_lab.so, APP: CI_LAB
1980-012-14:03:25.77223 CFE_ES_ParseFileEntry: Loading file: /cf/to_lab.so, APP: TO_LAB
EVS Port1 1980-012-14:03:26.23332 66/1/TO_LAB 1: TO Lab Initialized.TO Lab v7.0.1+dev1 (Draco) DEV BUILD, based on v7.0.1, EDS disabled, Awaiting enable command.
1980-012-14:03:26.28309 CI_LAB listening on UDP port: 1234
EVS Port1 1980-012-14:03:26.35089 66/1/CI_LAB 3: CI Lab Initialized.CI Lab App v7.0.1+dev1 (Draco) DEV BUILD, based on v7.0.1, EDS disabled
EVS Port1 1980-012-14:03:26.32203 66/1/CFE_SB 14: No subscribers for MsgId 0x808,sender TO_LAB
1980-012-14:03:26.75785 CFE_ES_ParseFileEntry: Loading file: /cf/sample_app.so, APP: SAMPLE_APP
EVS Port1 1980-012-14:03:27.22789 66/1/SAMPLE_APP 1: Sample App Initialized.Sample App v7.0.0+dev1 (Draco) DEV BUILD, based on v7.0.1, EDS disabled
1980-012-14:03:27.62712 CFE_ES_ParseFileEntry: Loading file: /cf/ai_learner.so, APP: AI_LEARNER
{"app":"AI_LEARNER","stage":"build_config","model":"b3_deepae","allow_conditional_map":0,"contract_bounded_bytes":1069632,"contract_per_call_bytes":6208,"contract_const_bytes":1063424,"contract_bound_known":true,"contract_artifact_sha256":"9ff64bd168e07135c196423d44408e7780984c977912b67c8240c0db522c4d7c"}
{"app":"AI_LEARNER","stage":"stack","es_stack_size":262160,"stack_base_bytes":262144,"contract_kernel_stack_bytes":16,"kernel_stack_accounted":true}
EVS Port1 1980-012-14:03:28.21572 66/1/AI_LEARNER 8: AI_LEARNER stack: es=262160 base=262144 kernel=16 accounted=1
{"app":"AI_LEARNER","stage":"admission","verdict":"ADMIT","model":"b3_deepae","target":"aarch64-unknown-linux-gnu","bounded":1069632,"budget":1069632,"budget_source":"override","per_call":6208,"constants":1063424,"kernel_stack_bytes":16,"bound_known":true,"scope":"per_app_local_budget"}
{"app":"AI_LEARNER","stage":"blob_align","requested_offset":32,"state":"applied","module_ptr_mod64":32}
1980-012-14:03:28.78289 CFE_ES_ParseFileEntry: Loading file: /cf/lc.so, APP: LC
EVS Port1 1980-012-14:03:29.69268 66/1/LC 56: WDT verify results: good = 0, bad = 0, unused = 176
EVS Port1 1980-012-14:03:29.96011 66/1/LC 66: ADT verify results: good = 0, bad = 0, unused = 176
EVS Port1 1980-012-14:03:30.06764 66/1/LC 23: LC use of Critical Data Store disabled, activity mask = 0x00991990
EVS Port1 1980-012-14:03:30.08598 66/1/LC 2: LC Initialized. Version 7.0.1.255
1980-012-14:03:30.24380 CFE_ES_ParseFileEntry: Loading file: /cf/cf.so, APP: CF
1980-012-14:03:31.62791 CFE_ES_ParseFileEntry: Loading file: /cf/ds.so, APP: DS
EVS Port1 1980-012-14:03:31.69982 66/1/CF 20: CF Initialized. Version 7.0.1.255
EVS Port1 1980-012-14:03:32.46783 66/1/DS 10: Destination file table verify results: good entries = 6, bad = 0, unused = 10
EVS Port1 1980-012-14:03:32.90202 66/1/DS 12: Filter table verify results: good entries = 14, bad = 0, unused = 242
1980-012-14:03:33.26473 CFE_ES_ParseFileEntry: Loading file: /cf/fm.so, APP: FM
EVS Port1 1980-012-14:03:33.44105 66/1/DS 1: Application initialized, version 7.0.1.255, data at 0xeef919920460
EVS Port1 1980-012-14:03:34.61102 66/1/FM 80: Free Space Table verify results: good entries = 3, bad = 0, unused = 5
1980-012-14:03:35.03987 CFE_ES_ParseFileEntry: Loading file: /cf/hk.so, APP: HK
EVS Port1 1980-012-14:03:35.61297 66/1/FM 1: Initialization complete: version 7.0.1.255
EVS Port1 1980-012-14:03:35.73289 66/1/FM 72: Child Task initialization complete
{"app":"AI_LEARNER","stage":"binding","verdict":"MATCH","artifact_bytes":1080730,"artifact_sha256":"9ff64bd168e07135","contract_sha256":"9ff64bd168e07135"}
1980-012-14:03:36.80583 CFE_ES_ParseFileEntry: Loading file: /cf/hs.so, APP: HS
1980-012-14:03:38.47283 CFE_ES_ParseFileEntry: Loading file: /cf/mm.so, APP: MM
EVS Port1 1980-012-14:03:39.05091 66/1/HK 1: HK Initialized.  Version 7.0.1.255
1980-012-14:03:40.11508 CFE_ES_ParseFileEntry: Loading file: /cf/sc.so, APP: SC
EVS Port1 1980-012-14:03:41.04682 66/1/MM 1: MM Initialized. Version 7.0.1.255
1980-012-14:03:42.40501 CFE_ES_ParseFileEntry: Loading file: /cf/md.so, APP: MD
EVS Port1 1980-012-14:03:42.74304 66/1/HS 54: ExeCount verify results: good = 5, bad = 0, unused = 27
{"app":"AI_LEARNER","stage":"map_branch","model":"b3_deepae","module_ptr_mod64":32,"hal_peak_after_append":1063424,"contract_const_bytes":1063424,"contract_per_call_bytes":6208,"arm":"copy","admission_mode":"unconditional"}
{"app":"AI_LEARNER","stage":"mem_init","model":"b3_deepae","target":"aarch64-unknown-linux-gnu","hal_peak":1065984,"hal_allocated":1065984,"bounded":1069632,"peak_within_bounded":true,"inferences_so_far":0,"process_rss_kb":9076,"rss_kb_before_runtime":7324,"rss_kb_after_session":7664,"rss_kb_after_init":9076}
{"app":"AI_LEARNER","stage":"e25_mode","active":false,"inputs_path":"/cf/e25_inputs.bin"}
EVS Port1 1980-012-14:03:44.36407 66/1/HS 50: AppMon verify results: good = 0, bad = 0, unused = 32
1980-012-14:03:44.69401 CFE_ES_ParseFileEntry: Loading file: /cf/cs.so, APP: CS
EVS Port1 1980-012-14:03:45.88760 66/1/AI_LEARNER 3: AI_LEARNER initialized: model b3_deepae (1080730 B), rss_delta_init=1752 KB
EVS Port1 1980-012-14:03:45.98260 66/1/HS 52: EventMon verify results: good = 0, bad = 0, unused = 16
EVS Port1 1980-012-14:03:47.34373 66/1/HS 56: MsgActs verify results: good = 2, bad = 0, unused = 6
EVS Port1 1980-012-14:03:47.87097 66/1/MD 52: MD Dwell Tbl verify results: good = 0, bad = 0, unused = 25
EVS Port1 1980-012-14:03:48.99665 66/1/MD 52: MD Dwell Tbl verify results: good = 0, bad = 0, unused = 25
1980-012-14:03:49.03094 HS_SysMonInit(): System Monitor using PSP device ID 0110ff05
CFE_PSP(Linux_SysMon): Started CPU utilization monitoring on 1 CPU(s)
EVS Port1 1980-012-14:03:49.75498 66/1/CS 144: CS EEPROM Table verification results: good = 0, bad = 0, unused = 16
EVS Port1 1980-012-14:03:50.12193 66/1/HS 1: HS Initialized.  Version 7.0.1.255
1980-012-14:03:50.30693 CFE_ES_Main: Startup Sync failed - Applications may not have all initialized
1980-012-14:03:50.51810 CFE_ES_Main: CFE_ES_Main entering APPS_INIT state
EVS Port1 1980-012-14:03:51.16090 66/1/CS 107: CS EEPROM Table: No valid entries in the table
EVS Port1 1980-012-14:03:51.22451 66/1/MD 52: MD Dwell Tbl verify results: good = 0, bad = 0, unused = 25
EVS Port1 1980-012-14:03:51.87059 66/1/SC 21: RTS table files not loaded at initialization = 0 of 4
EVS Port1 1980-012-14:03:52.46784 66/1/MD 52: MD Dwell Tbl verify results: good = 0, bad = 0, unused = 25
EVS Port1 1980-012-14:03:52.61105 66/1/CS 143: CS Memory Table verification results: good = 0, bad = 0, unused = 16
EVS Port1 1980-012-14:03:53.06781 66/1/MD 7: Dwell Tables Recovered: 0, Dwell Tables Initialized: 4
EVS Port1 1980-012-14:03:53.31356 66/1/CS 107: CS Memory Table: No valid entries in the table
EVS Port1 1980-012-14:03:53.39482 66/1/MD 1: MD Initialized.  Version 7.0.1.255
1980-012-14:03:53.85297 CFE_ES_Main: Startup Sync failed - Applications may not have all started
1980-012-14:03:53.95488 CFE_ES_Main: CFE_ES_Main entering OPERATIONAL state
EVS Port1 1980-012-14:03:53.96786 66/1/SC 9: SC Initialized. Version 7.0.1.255
EVS Port1 1980-012-14:03:54.19960 66/1/CS 139: CS Tables Table verification results: good = 1, bad = 0, unused = 23
EVS Port1 1980-012-14:03:54.81779 66/1/CS 142: CS Apps Table verification results: good = 0, bad = 0, unused = 24
EVS Port1 1980-012-14:03:55.12385 66/1/CS 108: CS Apps Table: No valid entries in the table
EVS Port1 1980-012-14:03:55.41590 66/1/CFE_SB 17: Msg Limit Err,MsgId 0x808,pipe TO_LAB_TLM_PIPE,sender CS
EVS Port1 1980-012-14:03:55.56661 66/1/AI_LEARNER 4: AI_LEARNER completed=1/1 mean=393910.7us max=393910.7us hal_peak=1069632 within_bounded=1
EVS Port1 1980-012-14:03:55.67262 66/1/CS 127: OS Text Segment disabled due to platform
EVS Port1 1980-012-14:03:55.94702 66/1/CFE_SB 17: Msg Limit Err,MsgId 0x808,pipe TO_LAB_TLM_PIPE,sender AI_LEARNER
EVS Port1 1980-012-14:03:56.04298 66/1/CFE_SB 17: Msg Limit Err,MsgId 0x808,pipe TO_LAB_TLM_PIPE,sender CS
EVS Port1 1980-012-14:03:56.27856 66/1/TO_LAB 19: L550 TO Lab subscribed to 32 messages from the table
{"app":"AI_LEARNER","stage":"run","model":"b3_deepae","target":"aarch64-unknown-linux-gnu","attempted":1,"completed":1,"fail_input":0,"fail_invoke":0,"fail_output":0,"mean_us":393910.69,"max_us":393910.69,"last_us":393910.69,"out0":-34.90190,"out_elems":640,"out_sha256":"6ddb3762e4bdad43fe639a110fd545f511c1e9791768e17e090dfd8c3ba0ed74","out_head":[-34.901897,-19.268143,-10.719756,-6.074479,-3.168972,1.478419],"out_tail":[-19.604567,-18.189781,-18.769581,-20.387268,-29.056368,-42.504524],"out_full_file":"/cf/last_out.json","out_full_file_bytes":7044,"out_full_file_reason":"ok","out_record_truncates":false}
{"app":"AI_LEARNER","stage":"mem","model":"b3_deepae","target":"aarch64-unknown-linux-gnu","completed":1,"hal_peak":1069632,"peak_within_bounded":true,"admitted_budget_bytes":1069632,"peak_within_admitted_budget":true,"admission_mode":"unconditional","hal_bytes_per_call_amortized":1069632.0,"process_rss_kb":9220,"process_rss_delta_init_kb":1752,"max_active_calls":1,"active_calls_now":0,"call_counter_balanced":true}
EVS Port1 1980-012-14:03:56.48089 66/1/CS 1: CS Initialized. Version 7.0.1.255
EVS Port1 1980-012-14:03:56.57598 66/1/CFE_SB 17: Msg Limit Err,MsgId 0x808,pipe TO_LAB_TLM_PIPE,sender TO_LAB
EVS Port1 1980-012-14:03:56.66990 66/1/CFE_SB 17: Msg Limit Err,MsgId 0x808,pipe TO_LAB_TLM_PIPE,sender CS
EVS Port1 1980-012-14:03:58.27510 66/1/CFE_SB 17: Msg Limit Err,MsgId 0x880,pipe TO_LAB_TLM_PIPE,sender TO_LAB
EVS Port1 1980-012-14:03:59.00225 66/1/AI_LEARNER 4: AI_LEARNER completed=2/2 mean=296453.3us max=393910.7us hal_peak=1069632 within_bounded=1
{"app":"AI_LEARNER","stage":"run","model":"b3_deepae","target":"aarch64-unknown-linux-gnu","attempted":2,"completed":2,"fail_input":0,"fail_invoke":0,"fail_output":0,"mean_us":296453.31,"max_us":393910.69,"last_us":198995.94,"out0":-34.90190,"out_elems":640,"out_sha256":"6ddb3762e4bdad43fe639a110fd545f511c1e9791768e17e090dfd8c3ba0ed74","out_head":[-34.901897,-19.268143,-10.719756,-6.074479,-3.168972,1.478419],"out_tail":[-19.604567,-18.189781,-18.769581,-20.387268,-29.056368,-42.504524],"out_full_file":"/cf/last_out.json","out_full_file_bytes":7044,"out_full_file_reason":"ok","out_record_truncates":false}
{"app":"AI_LEARNER","stage":"mem","model":"b3_deepae","target":"aarch64-unknown-linux-gnu","completed":2,"hal_peak":1069632,"peak_within_bounded":true,"admitted_budget_bytes":1069632,"peak_within_admitted_budget":true,"admission_mode":"unconditional","hal_bytes_per_call_amortized":536640.0,"process_rss_kb":9248,"process_rss_delta_init_kb":1752,"max_active_calls":1,"active_calls_now":0,"call_counter_balanced":true}
.EVS Port1 1980-012-14:04:01.60780 66/1/AI_LEARNER 4: AI_LEARNER completed=3/3 mean=243724.8us max=393910.7us hal_peak=1069632 within_bounded=1
{"app":"AI_LEARNER","stage":"run","model":"b3_deepae","target":"aarch64-unknown-linux-gnu","attempted":3,"completed":3,"fail_input":0,"fail_invoke":0,"fail_output":0,"mean_us":243724.77,"max_us":393910.69,"last_us":138267.70,"out0":-34.90190,"out_elems":640,"out_sha256":"6ddb3762e4bdad43fe639a110fd545f511c1e9791768e17e090dfd8c3ba0ed74","out_head":[-34.901897,-19.268143,-10.719756,-6.074479,-3.168972,1.478419],"out_tail":[-19.604567,-18.189781,-18.769581,-20.387268,-29.056368,-42.504524],"out_full_file":"/cf/last_out.json","out_full_file_bytes":7044,"out_full_file_reason":"ok","out_record_truncates":false}
{"app":"AI_LEARNER","stage":"mem","model":"b3_deepae","target":"aarch64-unknown-linux-gnu","completed":3,"hal_peak":1069632,"peak_within_bounded":true,"admitted_budget_bytes":1069632,"peak_within_admitted_budget":true,"admission_mode":"unconditional","hal_bytes_per_call_amortized":358976.0,"process_rss_kb":9248,"process_rss_delta_init_kb":1752,"max_active_calls":1,"active_calls_now":0,"call_counter_balanced":true}
EVS Port1 1980-012-14:04:03.97573 66/1/AI_LEARNER 4: AI_LEARNER completed=4/4 mean=229989.4us max=393910.7us hal_peak=1069632 within_bounded=1
{"app":"AI_LEARNER","stage":"run","model":"b3_deepae","target":"aarch64-unknown-linux-gnu","attempted":4,"completed":4,"fail_input":0,"fail_invoke":0,"fail_output":0,"mean_us":229989.39,"max_us":393910.69,"last_us":188783.25,"out0":-34.90190,"out_elems":640,"out_sha256":"6ddb3762e4bdad43fe639a110fd545f511c1e9791768e17e090dfd8c3ba0ed74","out_head":[-34.901897,-19.268143,-10.719756,-6.074479,-3.168972,1.478419],"out_tail":[-19.604567,-18.189781,-18.769581,-20.387268,-29.056368,-42.504524],"out_full_file":"/cf/last_out.json","out_full_file_bytes":7044,"out_full_file_reason":"ok","out_record_truncates":false}
{"app":"AI_LEARNER","stage":"mem","model":"b3_deepae","target":"aarch64-unknown-linux-gnu","completed":4,"hal_peak":1069632,"peak_within_bounded":true,"admitted_budget_bytes":1069632,"peak_within_admitted_budget":true,"admission_mode":"unconditional","hal_bytes_per_call_amortized":270144.0,"process_rss_kb":9248,"process_rss_delta_init_kb":1752,"max_active_calls":1,"active_calls_now":0,"call_counter_balanced":true}
EVS Port1 1980-012-14:04:07.28991 66/1/AI_LEARNER 4: AI_LEARNER completed=5/5 mean=219165.9us max=393910.7us hal_peak=1069632 within_bounded=1
{"app":"AI_LEARNER","stage":"run","model":"b3_deepae","target":"aarch64-unknown-linux-gnu","attempted":5,"completed":5,"fail_input":0,"fail_invoke":0,"fail_output":0,"mean_us":219165.92,"max_us":393910.69,"last_us":175872.02,"out0":-34.90190,"out_elems":640,"out_sha256":"6ddb3762e4bdad43fe639a110fd545f511c1e9791768e17e090dfd8c3ba0ed74","out_head":[-34.901897,-19.268143,-10.719756,-6.074479,-3.168972,1.478419],"out_tail":[-19.604567,-18.189781,-18.769581,-20.387268,-29.056368,-42.504524],"out_full_file":"/cf/last_out.json","out_full_file_bytes":7044,"out_full_file_reason":"ok","out_record_truncates":false}
{"app":"AI_LEARNER","stage":"mem","model":"b3_deepae","target":"aarch64-unknown-linux-gnu","completed":5,"hal_peak":1069632,"peak_within_bounded":true,"admitted_budget_bytes":1069632,"peak_within_admitted_budget":true,"admission_mode":"unconditional","hal_bytes_per_call_amortized":216844.8,"process_rss_kb":9248,"process_rss_delta_init_kb":1752,"max_active_calls":1,"active_calls_now":0,"call_counter_balanced":true}
.EVS Port1 1980-012-14:04:09.02484 66/1/CFE_TIME 21: Stop FLYWHEEL
EVS Port1 1980-012-14:04:09.71392 66/1/AI_LEARNER 4: AI_LEARNER completed=6/6 mean=191319.8us max=393910.7us hal_peak=1069632 within_bounded=1
{"app":"AI_LEARNER","stage":"run","model":"b3_deepae","target":"aarch64-unknown-linux-gnu","attempted":6,"completed":6,"fail_input":0,"fail_invoke":0,"fail_output":0,"mean_us":191319.82,"max_us":393910.69,"last_us":52089.36,"out0":-34.90190,"out_elems":640,"out_sha256":"6ddb3762e4bdad43fe639a110fd545f511c1e9791768e17e090dfd8c3ba0ed74","out_head":[-34.901897,-19.268143,-10.719756,-6.074479,-3.168972,1.478419],"out_tail":[-19.604567,-18.189781,-18.769581,-20.387268,-29.056368,-42.504524],"out_full_file":"/cf/last_out.json","out_full_file_bytes":7044,"out_full_file_reason":"ok","out_record_truncates":false}
{"app":"AI_LEARNER","stage":"mem","model":"b3_deepae","target":"aarch64-unknown-linux-gnu","completed":6,"hal_peak":1069632,"peak_within_bounded":true,"admitted_budget_bytes":1069632,"peak_within_admitted_budget":true,"admission_mode":"unconditional","hal_bytes_per_call_amortized":181312.0,"process_rss_kb":9252,"process_rss_delta_init_kb":1752,"max_active_calls":1,"active_calls_now":0,"call_counter_balanced":true}
EVS Port1 1980-012-14:04:13.71911 66/1/AI_LEARNER 4: AI_LEARNER completed=7/7 mean=171606.8us max=393910.7us hal_peak=1069632 within_bounded=1
{"app":"AI_LEARNER","stage":"run","model":"b3_deepae","target":"aarch64-unknown-linux-gnu","attempted":7,"completed":7,"fail_input":0,"fail_invoke":0,"fail_output":0,"mean_us":171606.78,"max_us":393910.69,"last_us":53328.50,"out0":-34.90190,"out_elems":640,"out_sha256":"6ddb3762e4bdad43fe639a110fd545f511c1e9791768e17e090dfd8c3ba0ed74","out_head":[-34.901897,-19.268143,-10.719756,-6.074479,-3.168972,1.478419],"out_tail":[-19.604567,-18.189781,-18.769581,-20.387268,-29.056368,-42.504524],"out_full_file":"/cf/last_out.json","out_full_file_bytes":7044,"out_full_file_reason":"ok","out_record_truncates":false}
{"app":"AI_LEARNER","stage":"mem","model":"b3_deepae","target":"aarch64-unknown-linux-gnu","completed":7,"hal_peak":1069632,"peak_within_bounded":true,"admitted_budget_bytes":1069632,"peak_within_admitted_budget":true,"admission_mode":"unconditional","hal_bytes_per_call_amortized":155931.4,"process_rss_kb":9252,"process_rss_delta_init_kb":1752,"max_active_calls":1,"active_calls_now":0,"call_counter_balanced":true}
.EVS Port1 1980-012-14:04:17.74002 66/1/AI_LEARNER 4: AI_LEARNER completed=8/8 mean=158293.3us max=393910.7us hal_peak=1069632 within_bounded=1
{"app":"AI_LEARNER","stage":"run","model":"b3_deepae","target":"aarch64-unknown-linux-gnu","attempted":8,"completed":8,"fail_input":0,"fail_invoke":0,"fail_output":0,"mean_us":158293.32,"max_us":393910.69,"last_us":65099.15,"out0":-34.90190,"out_elems":640,"out_sha256":"6ddb3762e4bdad43fe639a110fd545f511c1e9791768e17e090dfd8c3ba0ed74","out_head":[-34.901897,-19.268143,-10.719756,-6.074479,-3.168972,1.478419],"out_tail":[-19.604567,-18.189781,-18.769581,-20.387268,-29.056368,-42.504524],"out_full_file":"/cf/last_out.json","out_full_file_bytes":7044,"out_full_file_reason":"ok","out_record_truncates":false}
{"app":"AI_LEARNER","stage":"mem","model":"b3_deepae","target":"aarch64-unknown-linux-gnu","completed":8,"hal_peak":1069632,"peak_within_bounded":true,"admitted_budget_bytes":1069632,"peak_within_admitted_budget":true,"admission_mode":"unconditional","hal_bytes_per_call_amortized":136896.0,"process_rss_kb":9252,"process_rss_delta_init_kb":1752,"max_active_calls":1,"active_calls_now":0,"call_counter_balanced":true}
EVS Port1 1980-012-14:04:18.00770 66/1/CFE_TIME 21: Stop FLYWHEEL
EVS Port1 1980-012-14:04:19.00115 66/1/CFE_TIME 20: Start FLYWHEEL
.EVS Port1 1980-012-14:04:21.72727 66/1/AI_LEARNER 4: AI_LEARNER completed=9/9 mean=146037.9us max=393910.7us hal_peak=1069632 within_bounded=1
{"app":"AI_LEARNER","stage":"run","model":"b3_deepae","target":"aarch64-unknown-linux-gnu","attempted":9,"completed":9,"fail_input":0,"fail_invoke":0,"fail_output":0,"mean_us":146037.86,"max_us":393910.69,"last_us":47994.16,"out0":-34.90190,"out_elems":640,"out_sha256":"6ddb3762e4bdad43fe639a110fd545f511c1e9791768e17e090dfd8c3ba0ed74","out_head":[-34.901897,-19.268143,-10.719756,-6.074479,-3.168972,1.478419],"out_tail":[-19.604567,-18.189781,-18.769581,-20.387268,-29.056368,-42.504524],"out_full_file":"/cf/last_out.json","out_full_file_bytes":7044,"out_full_file_reason":"ok","out_record_truncates":false}
{"app":"AI_LEARNER","stage":"mem","model":"b3_deepae","target":"aarch64-unknown-linux-gnu","completed":9,"hal_peak":1069632,"peak_within_bounded":true,"admitted_budget_bytes":1069632,"peak_within_admitted_budget":true,"admission_mode":"unconditional","hal_bytes_per_call_amortized":122090.7,"process_rss_kb":9256,"process_rss_delta_init_kb":1752,"max_active_calls":1,"active_calls_now":0,"call_counter_balanced":true}
EVS Port1 1980-012-14:04:25.69927 66/1/AI_LEARNER 4: AI_LEARNER completed=10/10 mean=137150.3us max=393910.7us hal_peak=1069632 within_bounded=1
{"app":"AI_LEARNER","stage":"run","model":"b3_deepae","target":"aarch64-unknown-linux-gnu","attempted":10,"completed":10,"fail_input":0,"fail_invoke":0,"fail_output":0,"mean_us":137150.33,"max_us":393910.69,"last_us":57162.59,"out0":-34.90190,"out_elems":640,"out_sha256":"6ddb3762e4bdad43fe639a110fd545f511c1e9791768e17e090dfd8c3ba0ed74","out_head":[-34.901897,-19.268143,-10.719756,-6.074479,-3.168972,1.478419],"out_tail":[-19.604567,-18.189781,-18.769581,-20.387268,-29.056368,-42.504524],"out_full_file":"/cf/last_out.json","out_full_file_bytes":7045,"out_full_file_reason":"ok","out_record_truncates":false}
{"app":"AI_LEARNER","stage":"mem","model":"b3_deepae","target":"aarch64-unknown-linux-gnu","completed":10,"hal_peak":1069632,"peak_within_bounded":true,"admitted_budget_bytes":1069632,"peak_within_admitted_budget":true,"admission_mode":"unconditional","hal_bytes_per_call_amortized":110246.4,"process_rss_kb":9256,"process_rss_delta_init_kb":1752,"max_active_calls":1,"active_calls_now":0,"call_counter_balanced":true}
.EVS Port1 1980-012-14:04:29.70722 66/1/AI_LEARNER 4: AI_LEARNER completed=11/11 mean=128657.8us max=393910.7us hal_peak=1069632 within_bounded=1
{"app":"AI_LEARNER","stage":"run","model":"b3_deepae","target":"aarch64-unknown-linux-gnu","attempted":11,"completed":11,"fail_input":0,"fail_invoke":0,"fail_output":0,"mean_us":128657.82,"max_us":393910.69,"last_us":43732.69,"out0":-34.90190,"out_elems":640,"out_sha256":"6ddb3762e4bdad43fe639a110fd545f511c1e9791768e17e090dfd8c3ba0ed74","out_head":[-34.901897,-19.268143,-10.719756,-6.074479,-3.168972,1.478419],"out_tail":[-19.604567,-18.189781,-18.769581,-20.387268,-29.056368,-42.504524],"out_full_file":"/cf/last_out.json","out_full_file_bytes":7045,"out_full_file_reason":"ok","out_record_truncates":false}
{"app":"AI_LEARNER","stage":"mem","model":"b3_deepae","target":"aarch64-unknown-linux-gnu","completed":11,"hal_peak":1069632,"peak_within_bounded":true,"admitted_budget_bytes":1069632,"peak_within_admitted_budget":true,"admission_mode":"unconditional","hal_bytes_per_call_amortized":100555.6,"process_rss_kb":9256,"process_rss_delta_init_kb":1752,"max_active_calls":1,"active_calls_now":0,"call_counter_balanced":true}
.EVS Port1 1980-012-14:04:33.76782 66/1/AI_LEARNER 4: AI_LEARNER completed=12/12 mean=124015.0us max=393910.7us hal_peak=1069632 within_bounded=1
{"app":"AI_LEARNER","stage":"run","model":"b3_deepae","target":"aarch64-unknown-linux-gnu","attempted":12,"completed":12,"fail_input":0,"fail_invoke":0,"fail_output":0,"mean_us":124015.05,"max_us":393910.69,"last_us":72944.53,"out0":-34.90190,"out_elems":640,"out_sha256":"6ddb3762e4bdad43fe639a110fd545f511c1e9791768e17e090dfd8c3ba0ed74","out_head":[-34.901897,-19.268143,-10.719756,-6.074479,-3.168972,1.478419],"out_tail":[-19.604567,-18.189781,-18.769581,-20.387268,-29.056368,-42.504524],"out_full_file":"/cf/last_out.json","out_full_file_bytes":7045,"out_full_file_reason":"ok","out_record_truncates":false}
{"app":"AI_LEARNER","stage":"mem","model":"b3_deepae","target":"aarch64-unknown-linux-gnu","completed":12,"hal_peak":1069632,"peak_within_bounded":true,"admitted_budget_bytes":1069632,"peak_within_admitted_budget":true,"admission_mode":"unconditional","hal_bytes_per_call_amortized":92480.0,"process_rss_kb":9256,"process_rss_delta_init_kb":1752,"max_active_calls":1,"active_calls_now":0,"call_counter_balanced":true}
EVS Port1 1980-012-14:04:37.06513 66/1/CFE_TIME 21: Stop FLYWHEEL
EVS Port1 1980-012-14:04:37.67523 66/1/AI_LEARNER 4: AI_LEARNER completed=13/13 mean=117392.8us max=393910.7us hal_peak=1069632 within_bounded=1
{"app":"AI_LEARNER","stage":"run","model":"b3_deepae","target":"aarch64-unknown-linux-gnu","attempted":13,"completed":13,"fail_input":0,"fail_invoke":0,"fail_output":0,"mean_us":117392.82,"max_us":393910.69,"last_us":37926.13,"out0":-34.90190,"out_elems":640,"out_sha256":"6ddb3762e4bdad43fe639a110fd545f511c1e9791768e17e090dfd8c3ba0ed74","out_head":[-34.901897,-19.268143,-10.719756,-6.074479,-3.168972,1.478419],"out_tail":[-19.604567,-18.189781,-18.769581,-20.387268,-29.056368,-42.504524],"out_full_file":"/cf/last_out.json","out_full_file_bytes":7045,"out_full_file_reason":"ok","out_record_truncates":false}
{"app":"AI_LEARNER","stage":"mem","model":"b3_deepae","target":"aarch64-unknown-linux-gnu","completed":13,"hal_peak":1069632,"peak_within_bounded":true,"admitted_budget_bytes":1069632,"peak_within_admitted_budget":true,"admission_mode":"unconditional","hal_bytes_per_call_amortized":85646.8,"process_rss_kb":9256,"process_rss_delta_init_kb":1752,"max_active_calls":1,"active_calls_now":0,"call_counter_balanced":true}
.EVS Port1 1980-012-14:04:37.99211 66/1/CFE_TIME 20: Start FLYWHEEL
EVS Port1 1980-012-14:04:40.67694 66/1/AI_LEARNER 4: AI_LEARNER completed=14/14 mean=112364.9us max=393910.7us hal_peak=1069632 within_bounded=1
{"app":"AI_LEARNER","stage":"run","model":"b3_deepae","target":"aarch64-unknown-linux-gnu","attempted":14,"completed":14,"fail_input":0,"fail_invoke":0,"fail_output":0,"mean_us":112364.88,"max_us":393910.69,"last_us":47001.60,"out0":-34.90190,"out_elems":640,"out_sha256":"6ddb3762e4bdad43fe639a110fd545f511c1e9791768e17e090dfd8c3ba0ed74","out_head":[-34.901897,-19.268143,-10.719756,-6.074479,-3.168972,1.478419],"out_tail":[-19.604567,-18.189781,-18.769581,-20.387268,-29.056368,-42.504524],"out_full_file":"/cf/last_out.json","out_full_file_bytes":7045,"out_full_file_reason":"ok","out_record_truncates":false}
{"app":"AI_LEARNER","stage":"mem","model":"b3_deepae","target":"aarch64-unknown-linux-gnu","completed":14,"hal_peak":1069632,"peak_within_bounded":true,"admitted_budget_bytes":1069632,"peak_within_admitted_budget":true,"admission_mode":"unconditional","hal_bytes_per_call_amortized":79789.7,"process_rss_kb":9256,"process_rss_delta_init_kb":1752,"max_active_calls":1,"active_calls_now":0,"call_counter_balanced":true}
.1980-012-14:04:43.35858 CFE_ES_RunExceptionScan: ExceptionID 0x1110000 in TaskID 0: Caught SIGINT
1980-012-14:04:43.36138 CFE_ES_RunExceptionScan: Processor Reset count not reached (0/2)
CFE_PSP: Exiting cFE with PROCESSOR Reset status.

CFE_PSP: Shutdown initiated - Exiting cFE
CI delete callback -- Closing CI Network socket.
TO delete callback -- Closing TO Network socket.
EXIT=124
