OS_BSP_Initialize():Maximum user msg queue depth = 512
CFE_PSP: Default Reset SubType = 1
CFE_PSP: Default CPU ID = 1
CFE_PSP: Default Spacecraft ID = 66
CFE_PSP: Default CPU Name: cpu1
OS_Posix_GetSchedulerParams():208:Policy 1: available, min-max: 1-99
OS_Posix_GetSchedulerParams():208:Policy 2: available, min-max: 1-99
OS_Posix_TaskAPI_Impl_Init():401:Selected policy 2 for RT tasks, root task = 99
OS_Posix_TaskAPI_Impl_Init():419:Could not setschedparam in main thread: Operation not permitted (1)
CFE_PSP: initializing module 'soft_timebase' with ID 0110ff00
CFE_PSP: Instantiated software timebase 'cFS-Master' running at 10000 usec
CFE_PSP: initializing module 'timebase_posix_clock' with ID 0110ff01
CFE_PSP: Using POSIX monotonic clock as CFE timebase
CFE_PSP: initializing module 'eeprom_mmap_file' with ID 0110ff02
CFE_PSP: Using MMAP simulated EEPROM implementation
CFE_PSP: EEPROM Range (2) created: Start Address = F1F93848E000, Size = 00080000 Status = 0
CFE_PSP: initializing module 'port_notimpl' with ID 0110ff03
CFE_PSP: I/O Port access not implemented
CFE_PSP: initializing module 'iodriver' with ID 0110ff04
CFE_PSP: initializing module 'linux_sysmon' with ID 0110ff05
CFE_PSP: initializing module 'endian_api' with ID 0110ff06
CFE_PSP: Host CPU Endian=LITTLE
CFE_PSP: initializing module 'ram_notimpl' with ID 0110ff07
CFE_PSP: Physical RAM access not implemented
CFE_PSP: Starting the cFE with a POWER ON reset.
CFE_PSP: Clearing out CFE CDS Shared memory segment.
CFE_PSP: Clearing out CFE Reset Shared memory segment.
CFE_PSP: Clearing out CFE User Reserved Shared memory segment.
1980-001-00:36:03.88138 CFE_ES_SetupResetVariables: POWER ON RESET due to Power Cycle (Power Cycle).
1980-001-00:36:03.91482 CFE_ES_Main: CFE_ES_Main in EARLY_INIT state
Number of addresses returned by backtrace = 1
CFE_PSP: CFE_PSP_AttachExceptions called
1980-001-00:36:03.97495 CFE_ES_Main: CFE_ES_Main entering CORE_STARTUP state
1980-001-00:36:03.98258 CFE_ES_CreateObjects: Starting Object Creation calls.
1980-001-00:36:03.98291 CFE_ES_CreateObjects: Calling EarlyInit for CFE_CONFIG
1980-001-00:36:03.99052 CFE_ES_CreateObjects: Calling EarlyInit for CFE_ES
1980-001-00:36:04.00575 CFE_ES_CreateObjects: Calling EarlyInit for CFE_EVS
1980-001-00:36:04.01562 CFE_EVS_EarlyInit: Event Log cleared following power-on reset
1980-001-00:36:04.01602 CFE_ES_CreateObjects: Calling EarlyInit for CFE_FS
1980-001-00:36:04.01982 CFE_ES_CreateObjects: Calling EarlyInit for CFE_SB
1980-001-00:36:04.08297 CFE_ES_CreateObjects: Calling EarlyInit for CFE_TBL
1980-001-00:36:04.15200 CFE_ES_CreateObjects: Calling EarlyInit for CFE_TIME
EVS Port1 1980-012-14:03:20.12829 66/1/CFE_ES 1: cFE ES Initialized: CFE_ES v7.0.1+dev1 (Draco) DEV BUILD, based on v7.0.1, EDS disabled
EVS Port1 1980-012-14:03:20.14808 66/1/CFE_ES 2: cFS Versions: cfe v7.0.1+dev1, osal v7.0.1+dev1, psp v7.0.1+dev1. cFE chksm 31659
EVS Port1 1980-012-14:03:20.15040 66/1/CFE_ES 91: Version Info: Mission SampleMission, version git:v7.0.1-90-g78c23b0-dirty
EVS Port1 1980-012-14:03:20.15629 66/1/CFE_ES 91: Version Info: Module CORE_API, version git:2612eb0
EVS Port1 1980-012-14:03:20.16006 66/1/CFE_ES 91: Version Info: Module CONFIG, version git:2612eb0
EVS Port1 1980-012-14:03:20.16111 66/1/CFE_ES 91: Version Info: Module ES, version git:2612eb0
EVS Port1 1980-012-14:03:20.16125 66/1/CFE_ES 91: Version Info: Module EVS, version git:2612eb0
EVS Port1 1980-012-14:03:20.16136 66/1/CFE_ES 91: Version Info: Module FS, version git:2612eb0
EVS Port1 1980-012-14:03:20.16145 66/1/CFE_ES 91: Version Info: Module SB, version git:2612eb0
EVS Port1 1980-012-14:03:20.16711 66/1/CFE_ES 91: Version Info: Module TBL, version git:2612eb0
EVS Port1 1980-012-14:03:20.16738 66/1/CFE_ES 91: Version Info: Module TIME, version git:2612eb0
EVS Port1 1980-012-14:03:20.17199 66/1/CFE_ES 91: Version Info: Module OSAL, version git:8111e4a
EVS Port1 1980-012-14:03:20.17234 66/1/CFE_ES 91: Version Info: Module PSP, version git:d1da809
EVS Port1 1980-012-14:03:20.17587 66/1/CFE_ES 91: Version Info: Module MSG, version git:2612eb0
EVS Port1 1980-012-14:03:20.17620 66/1/CFE_ES 91: Version Info: Module SBR, version git:2612eb0
EVS Port1 1980-012-14:03:20.17645 66/1/CFE_ES 91: Version Info: Module RESOURCEID, version git:2612eb0
EVS Port1 1980-012-14:03:20.18130 66/1/CFE_ES 92: Build 202609140214 by root@vm, config aarch64
EVS Port1 1980-012-14:03:20.29812 66/1/CFE_EVS 1: cFE EVS Initialized: CFE_EVS v7.0.1+dev1 (Draco) DEV BUILD, based on v7.0.1, EDS disabled
1980-012-14:03:20.39948 CFE_SB_AppInit: Registered 4 events for filtering
EVS Port1 1980-012-14:03:20.41329 66/1/CFE_SB 1: cFE SB Initialized: CFE_SB v7.0.1+dev1 (Draco) DEV BUILD, based on v7.0.1, EDS disabled
EVS Port1 1980-012-14:03:20.41410 66/1/CFE_SB 14: No subscribers for MsgId 0x808,sender CFE_SB
EVS Port1 1980-012-14:03:20.51632 66/1/CFE_TBL 1: cFE TBL Initialized: CFE_TBL v7.0.1+dev1 (Draco) DEV BUILD, based on v7.0.1, EDS disabled
EVS Port1 1980-012-14:03:20.51834 66/1/CFE_SB 14: No subscribers for MsgId 0x808,sender CFE_TBL
EVS Port1 1980-012-14:03:20.67240 66/1/CFE_TIME 1: cFE TIME Initialized: CFE_TIME v7.0.1+dev1 (Draco) DEV BUILD, based on v7.0.1, EDS disabled
EVS Port1 1980-012-14:03:20.67825 66/1/CFE_SB 14: No subscribers for MsgId 0x808,sender CFE_TIME
1980-012-14:03:20.72509 CFE_ES_CreateObjects: Finished ES CreateObject table entries.
1980-012-14:03:20.72541 CFE_ES_Main: CFE_ES_Main entering CORE_READY state
1980-012-14:03:20.74729 CFE_ES_OpenStartupScript: Opened ES App Startup file: /cf/cfe_es_startup.scr
1980-012-14:03:20.85832 CFE_ES_ParseFileEntry: Loading shared library: /cf/cfe_assert.so
1980-012-14:03:20.90998 [BEGIN] CFE FUNCTIONAL TEST
1980-012-14:03:20.91519 [BEGIN] 01 CFE-STARTUP
1980-012-14:03:21.04245 CFE_ES_ParseFileEntry: Loading shared library: /cf/sample_lib.so
SAMPLE Lib Initialized.Sample Lib v7.0.0+dev1 (Draco) DEV BUILD, based on v7.0.1, EDS disabled
1980-012-14:03:21.19130 CFE_ES_ParseFileEntry: Loading file: /cf/sch_lab.so, APP: SCH_LAB
1980-012-14:03:21.38827 CFE_ES_ParseFileEntry: Loading file: /cf/ci_lab.so, APP: CI_LAB
SCH Lab Initialized.SCH Lab v7.0.1+dev1 (Draco) DEV BUILD, based on v7.0.1, EDS disabled
1980-012-14:03:21.55011 CFE_ES_ParseFileEntry: Loading file: /cf/to_lab.so, APP: TO_LAB
EVS Port1 1980-012-14:03:21.76815 66/1/TO_LAB 1: TO Lab Initialized.TO Lab v7.0.1+dev1 (Draco) DEV BUILD, based on v7.0.1, EDS disabled, Awaiting enable command.
EVS Port1 1980-012-14:03:21.77339 66/1/CFE_SB 14: No subscribers for MsgId 0x808,sender TO_LAB
1980-012-14:03:21.95001 CFE_ES_ParseFileEntry: Loading file: /cf/sample_app.so, APP: SAMPLE_APP
1980-012-14:03:22.19208 CI_LAB listening on UDP port: 1234
EVS Port1 1980-012-14:03:22.20437 66/1/CI_LAB 3: CI Lab Initialized.CI Lab App v7.0.1+dev1 (Draco) DEV BUILD, based on v7.0.1, EDS disabled
EVS Port1 1980-012-14:03:22.25430 66/1/SAMPLE_APP 1: Sample App Initialized.Sample App v7.0.0+dev1 (Draco) DEV BUILD, based on v7.0.1, EDS disabled
1980-012-14:03:22.44206 CFE_ES_ParseFileEntry: Loading file: /cf/ai_learner.so, APP: AI_LEARNER
{"app":"AI_LEARNER","stage":"build_config","model":"b3_deepae","allow_conditional_map":0,"contract_bounded_bytes":1069632,"contract_per_call_bytes":6208,"contract_const_bytes":1063424,"contract_bound_known":true,"contract_artifact_sha256":"9ff64bd168e07135c196423d44408e7780984c977912b67c8240c0db522c4d7c"}
{"app":"AI_LEARNER","stage":"stack","es_stack_size":262160,"stack_base_bytes":262144,"contract_kernel_stack_bytes":16,"kernel_stack_accounted":true}
{"app":"AI_LEARNER","stage":"admission","verdict":"ADMIT","model":"b3_deepae","target":"aarch64-unknown-linux-gnu","bounded":1069632,"budget":1069632,"budget_source":"override","per_call":6208,"constants":1063424,"kernel_stack_bytes":16,"bound_known":true,"scope":"per_app_local_budget"}
EVS Port1 1980-012-14:03:22.71012 66/1/AI_LEARNER 8: AI_LEARNER stack: es=262160 base=262144 kernel=16 accounted=1
{"app":"AI_LEARNER","stage":"blob_align","requested_offset":8,"state":"applied","module_ptr_mod64":8}
1980-012-14:03:22.86433 CFE_ES_ParseFileEntry: Loading file: /cf/lc.so, APP: LC
EVS Port1 1980-012-14:03:23.26919 66/1/LC 56: WDT verify results: good = 0, bad = 0, unused = 176
EVS Port1 1980-012-14:03:23.40997 66/1/LC 66: ADT verify results: good = 0, bad = 0, unused = 176
EVS Port1 1980-012-14:03:23.46899 66/1/LC 23: LC use of Critical Data Store disabled, activity mask = 0x00991990
EVS Port1 1980-012-14:03:23.48892 66/1/LC 2: LC Initialized. Version 7.0.1.255
1980-012-14:03:23.51721 CFE_ES_ParseFileEntry: Loading file: /cf/cf.so, APP: CF
1980-012-14:03:24.00698 CFE_ES_ParseFileEntry: Loading file: /cf/ds.so, APP: DS
EVS Port1 1980-012-14:03:24.62611 66/1/CF 20: CF Initialized. Version 7.0.1.255
EVS Port1 1980-012-14:03:24.80509 66/1/DS 10: Destination file table verify results: good entries = 6, bad = 0, unused = 10
1980-012-14:03:24.85944 CFE_ES_ParseFileEntry: Loading file: /cf/fm.so, APP: FM
EVS Port1 1980-012-14:03:25.04914 66/1/DS 12: Filter table verify results: good entries = 14, bad = 0, unused = 242
EVS Port1 1980-012-14:03:25.10832 66/1/DS 1: Application initialized, version 7.0.1.255, data at 0xf1f92bc70460
EVS Port1 1980-012-14:03:25.18737 66/1/FM 80: Free Space Table verify results: good entries = 3, bad = 0, unused = 5
EVS Port1 1980-012-14:03:25.25323 66/1/FM 1: Initialization complete: version 7.0.1.255
1980-012-14:03:25.27531 CFE_ES_ParseFileEntry: Loading file: /cf/hk.so, APP: HK
EVS Port1 1980-012-14:03:25.31344 66/1/FM 72: Child Task initialization complete
EVS Port1 1980-012-14:03:25.65309 66/1/HK 1: HK Initialized.  Version 7.0.1.255
1980-012-14:03:25.71900 CFE_ES_ParseFileEntry: Loading file: /cf/hs.so, APP: HS
{"app":"AI_LEARNER","stage":"binding","verdict":"MATCH","artifact_bytes":1080730,"artifact_sha256":"9ff64bd168e07135","contract_sha256":"9ff64bd168e07135"}
EVS Port1 1980-012-14:03:26.35127 66/1/HS 54: ExeCount verify results: good = 5, bad = 0, unused = 27
1980-012-14:03:26.47489 CFE_ES_ParseFileEntry: Loading file: /cf/mm.so, APP: MM
EVS Port1 1980-012-14:03:26.63233 66/1/HS 50: AppMon verify results: good = 0, bad = 0, unused = 32
EVS Port1 1980-012-14:03:27.22126 66/1/HS 52: EventMon verify results: good = 0, bad = 0, unused = 16
1980-012-14:03:27.56740 CFE_ES_ParseFileEntry: Loading file: /cf/sc.so, APP: SC
EVS Port1 1980-012-14:03:27.84419 66/1/MM 1: MM Initialized. Version 7.0.1.255
EVS Port1 1980-012-14:03:27.85624 66/1/HS 56: MsgActs verify results: good = 2, bad = 0, unused = 6
1980-012-14:03:28.42225 CFE_ES_ParseFileEntry: Loading file: /cf/md.so, APP: MD
1980-012-14:03:28.53715 HS_SysMonInit(): System Monitor using PSP device ID 0110ff05
CFE_PSP(Linux_SysMon): Started CPU utilization monitoring on 1 CPU(s)
EVS Port1 1980-012-14:03:28.87699 66/1/HS 1: HS Initialized.  Version 7.0.1.255
1980-012-14:03:29.34440 CFE_ES_ParseFileEntry: Loading file: /cf/cs.so, APP: CS
EVS Port1 1980-012-14:03:30.00999 66/1/MD 52: MD Dwell Tbl verify results: good = 0, bad = 0, unused = 25
{"app":"AI_LEARNER","stage":"map_branch","model":"b3_deepae","module_ptr_mod64":8,"hal_peak_after_append":1063424,"contract_const_bytes":1063424,"contract_per_call_bytes":6208,"arm":"copy","admission_mode":"unconditional"}
{"app":"AI_LEARNER","stage":"mem_init","model":"b3_deepae","target":"aarch64-unknown-linux-gnu","hal_peak":1065984,"hal_allocated":1065984,"bounded":1069632,"peak_within_bounded":true,"inferences_so_far":0,"process_rss_kb":9192,"rss_kb_before_runtime":7384,"rss_kb_after_session":7728,"rss_kb_after_init":9192}
{"app":"AI_LEARNER","stage":"e25_mode","active":false,"inputs_path":"/cf/e25_inputs.bin"}
EVS Port1 1980-012-14:03:30.45805 66/1/MD 52: MD Dwell Tbl verify results: good = 0, bad = 0, unused = 25
EVS Port1 1980-012-14:03:30.74626 66/1/AI_LEARNER 3: AI_LEARNER initialized: model b3_deepae (1080730 B), rss_delta_init=1808 KB
EVS Port1 1980-012-14:03:30.92916 66/1/MD 52: MD Dwell Tbl verify results: good = 0, bad = 0, unused = 25
EVS Port1 1980-012-14:03:30.94598 66/1/SC 21: RTS table files not loaded at initialization = 0 of 4
EVS Port1 1980-012-14:03:31.00514 66/1/CS 144: CS EEPROM Table verification results: good = 0, bad = 0, unused = 16
EVS Port1 1980-012-14:03:31.21038 66/1/CS 107: CS EEPROM Table: No valid entries in the table
EVS Port1 1980-012-14:03:31.25340 66/1/MD 52: MD Dwell Tbl verify results: good = 0, bad = 0, unused = 25
EVS Port1 1980-012-14:03:31.43833 66/1/SC 9: SC Initialized. Version 7.0.1.255
EVS Port1 1980-012-14:03:31.41224 66/1/MD 7: Dwell Tables Recovered: 0, Dwell Tables Initialized: 4
EVS Port1 1980-012-14:03:31.55509 66/1/CS 143: CS Memory Table verification results: good = 0, bad = 0, unused = 16
1980-012-14:03:31.58721 CFE_ES_Main: Startup Sync failed - Applications may not have all initialized
1980-012-14:03:31.58747 CFE_ES_Main: CFE_ES_Main entering APPS_INIT state
EVS Port1 1980-012-14:03:31.61833 66/1/MD 1: MD Initialized.  Version 7.0.1.255
EVS Port1 1980-012-14:03:31.66323 66/1/CS 107: CS Memory Table: No valid entries in the table
EVS Port1 1980-012-14:03:31.79801 66/1/CS 139: CS Tables Table verification results: good = 1, bad = 0, unused = 23
EVS Port1 1980-012-14:03:31.96293 66/1/CS 142: CS Apps Table verification results: good = 0, bad = 0, unused = 24
EVS Port1 1980-012-14:03:32.03436 66/1/CS 108: CS Apps Table: No valid entries in the table
EVS Port1 1980-012-14:03:32.09196 66/1/CS 127: OS Text Segment disabled due to platform
EVS Port1 1980-012-14:03:32.15208 66/1/CS 1: CS Initialized. Version 7.0.1.255
1980-012-14:03:32.28100 CFE_ES_Main: CFE_ES_Main entering OPERATIONAL state
EVS Port1 1980-012-14:03:32.53005 66/1/TO_LAB 19: L550 TO Lab subscribed to 32 messages from the table
EVS Port1 1980-012-14:03:33.29927 66/1/AI_LEARNER 4: AI_LEARNER completed=1/1 mean=264195.9us max=264195.9us hal_peak=1069632 within_bounded=1
{"app":"AI_LEARNER","stage":"run","model":"b3_deepae","target":"aarch64-unknown-linux-gnu","attempted":1,"completed":1,"fail_input":0,"fail_invoke":0,"fail_output":0,"mean_us":264195.86,"max_us":264195.86,"last_us":264195.86,"out0":-34.88808,"out_elems":640,"out_sha256":"5ad61cdfa749eff83b1346c5bfce137d94c473d9b7231ba0e050429c9cb325ac","out_head":[-34.888077,-19.252178,-10.695503,-6.053677,-3.154023,1.490583],"out_tail":[-19.603180,-18.191353,-18.768585,-20.384422,-29.052776,-42.499214],"out_full_file":"/cf/last_out.json","out_full_file_bytes":7044,"out_full_file_reason":"ok","out_record_truncates":false}
{"app":"AI_LEARNER","stage":"mem","model":"b3_deepae","target":"aarch64-unknown-linux-gnu","completed":1,"hal_peak":1069632,"peak_within_bounded":true,"admitted_budget_bytes":1069632,"peak_within_admitted_budget":true,"admission_mode":"unconditional","hal_bytes_per_call_amortized":1069632.0,"process_rss_kb":9248,"process_rss_delta_init_kb":1808,"max_active_calls":1,"active_calls_now":0,"call_counter_balanced":true}
EVS Port1 1980-012-14:03:33.03330 66/1/CFE_TIME 21: Stop FLYWHEEL
EVS Port1 1980-012-14:03:36.02890 66/1/CFE_TIME 20: Start FLYWHEEL
EVS Port1 1980-012-14:03:36.06111 66/1/CFE_TIME 21: Stop FLYWHEEL
EVS Port1 1980-012-14:03:36.31541 66/1/AI_LEARNER 4: AI_LEARNER completed=2/2 mean=181109.7us max=264195.9us hal_peak=1069632 within_bounded=1
{"app":"AI_LEARNER","stage":"run","model":"b3_deepae","target":"aarch64-unknown-linux-gnu","attempted":2,"completed":2,"fail_input":0,"fail_invoke":0,"fail_output":0,"mean_us":181109.71,"max_us":264195.86,"last_us":98023.57,"out0":-34.88808,"out_elems":640,"out_sha256":"5ad61cdfa749eff83b1346c5bfce137d94c473d9b7231ba0e050429c9cb325ac","out_head":[-34.888077,-19.252178,-10.695503,-6.053677,-3.154023,1.490583],"out_tail":[-19.603180,-18.191353,-18.768585,-20.384422,-29.052776,-42.499214],"out_full_file":"/cf/last_out.json","out_full_file_bytes":7044,"out_full_file_reason":"ok","out_record_truncates":false}
{"app":"AI_LEARNER","stage":"mem","model":"b3_deepae","target":"aarch64-unknown-linux-gnu","completed":2,"hal_peak":1069632,"peak_within_bounded":true,"admitted_budget_bytes":1069632,"peak_within_admitted_budget":true,"admission_mode":"unconditional","hal_bytes_per_call_amortized":536640.0,"process_rss_kb":9252,"process_rss_delta_init_kb":1808,"max_active_calls":1,"active_calls_now":0,"call_counter_balanced":true}
.EVS Port1 1980-012-14:03:39.10240 66/1/CFE_TIME 20: Start FLYWHEEL
EVS Port1 1980-012-14:03:40.53245 66/1/AI_LEARNER 4: AI_LEARNER completed=3/3 mean=165707.9us max=264195.9us hal_peak=1069632 within_bounded=1
{"app":"AI_LEARNER","stage":"run","model":"b3_deepae","target":"aarch64-unknown-linux-gnu","attempted":3,"completed":3,"fail_input":0,"fail_invoke":0,"fail_output":0,"mean_us":165707.85,"max_us":264195.86,"last_us":134904.13,"out0":-34.88808,"out_elems":640,"out_sha256":"5ad61cdfa749eff83b1346c5bfce137d94c473d9b7231ba0e050429c9cb325ac","out_head":[-34.888077,-19.252178,-10.695503,-6.053677,-3.154023,1.490583],"out_tail":[-19.603180,-18.191353,-18.768585,-20.384422,-29.052776,-42.499214],"out_full_file":"/cf/last_out.json","out_full_file_bytes":7044,"out_full_file_reason":"ok","out_record_truncates":false}
{"app":"AI_LEARNER","stage":"mem","model":"b3_deepae","target":"aarch64-unknown-linux-gnu","completed":3,"hal_peak":1069632,"peak_within_bounded":true,"admitted_budget_bytes":1069632,"peak_within_admitted_budget":true,"admission_mode":"unconditional","hal_bytes_per_call_amortized":358976.0,"process_rss_kb":9252,"process_rss_delta_init_kb":1808,"max_active_calls":1,"active_calls_now":0,"call_counter_balanced":true}
.EVS Port1 1980-012-14:03:44.04951 66/1/CFE_TIME 21: Stop FLYWHEEL
EVS Port1 1980-012-14:03:44.34242 66/1/AI_LEARNER 4: AI_LEARNER completed=4/4 mean=148489.7us max=264195.9us hal_peak=1069632 within_bounded=1
{"app":"AI_LEARNER","stage":"run","model":"b3_deepae","target":"aarch64-unknown-linux-gnu","attempted":4,"completed":4,"fail_input":0,"fail_invoke":0,"fail_output":0,"mean_us":148489.75,"max_us":264195.86,"last_us":96835.44,"out0":-34.88808,"out_elems":640,"out_sha256":"5ad61cdfa749eff83b1346c5bfce137d94c473d9b7231ba0e050429c9cb325ac","out_head":[-34.888077,-19.252178,-10.695503,-6.053677,-3.154023,1.490583],"out_tail":[-19.603180,-18.191353,-18.768585,-20.384422,-29.052776,-42.499214],"out_full_file":"/cf/last_out.json","out_full_file_bytes":7044,"out_full_file_reason":"ok","out_record_truncates":false}
{"app":"AI_LEARNER","stage":"mem","model":"b3_deepae","target":"aarch64-unknown-linux-gnu","completed":4,"hal_peak":1069632,"peak_within_bounded":true,"admitted_budget_bytes":1069632,"peak_within_admitted_budget":true,"admission_mode":"unconditional","hal_bytes_per_call_amortized":270144.0,"process_rss_kb":9252,"process_rss_delta_init_kb":1808,"max_active_calls":1,"active_calls_now":0,"call_counter_balanced":true}
EVS Port1 1980-012-14:03:47.17726 66/1/CFE_TIME 20: Start FLYWHEEL
EVS Port1 1980-012-14:03:48.79040 66/1/AI_LEARNER 4: AI_LEARNER completed=5/5 mean=137794.6us max=264195.9us hal_peak=1069632 within_bounded=1
{"app":"AI_LEARNER","stage":"run","model":"b3_deepae","target":"aarch64-unknown-linux-gnu","attempted":5,"completed":5,"fail_input":0,"fail_invoke":0,"fail_output":0,"mean_us":137794.61,"max_us":264195.86,"last_us":95014.06,"out0":-34.88808,"out_elems":640,"out_sha256":"5ad61cdfa749eff83b1346c5bfce137d94c473d9b7231ba0e050429c9cb325ac","out_head":[-34.888077,-19.252178,-10.695503,-6.053677,-3.154023,1.490583],"out_tail":[-19.603180,-18.191353,-18.768585,-20.384422,-29.052776,-42.499214],"out_full_file":"/cf/last_out.json","out_full_file_bytes":7044,"out_full_file_reason":"ok","out_record_truncates":false}
{"app":"AI_LEARNER","stage":"mem","model":"b3_deepae","target":"aarch64-unknown-linux-gnu","completed":5,"hal_peak":1069632,"peak_within_bounded":true,"admitted_budget_bytes":1069632,"peak_within_admitted_budget":true,"admission_mode":"unconditional","hal_bytes_per_call_amortized":216844.8,"process_rss_kb":9252,"process_rss_delta_init_kb":1808,"max_active_calls":1,"active_calls_now":0,"call_counter_balanced":true}
.EVS Port1 1980-012-14:03:52.01594 66/1/CFE_TIME 21: Stop FLYWHEEL
EVS Port1 1980-012-14:03:52.21818 66/1/AI_LEARNER 4: AI_LEARNER completed=6/6 mean=125201.4us max=264195.9us hal_peak=1069632 within_bounded=1
{"app":"AI_LEARNER","stage":"run","model":"b3_deepae","target":"aarch64-unknown-linux-gnu","attempted":6,"completed":6,"fail_input":0,"fail_invoke":0,"fail_output":0,"mean_us":125201.45,"max_us":264195.86,"last_us":62235.62,"out0":-34.88808,"out_elems":640,"out_sha256":"5ad61cdfa749eff83b1346c5bfce137d94c473d9b7231ba0e050429c9cb325ac","out_head":[-34.888077,-19.252178,-10.695503,-6.053677,-3.154023,1.490583],"out_tail":[-19.603180,-18.191353,-18.768585,-20.384422,-29.052776,-42.499214],"out_full_file":"/cf/last_out.json","out_full_file_bytes":7044,"out_full_file_reason":"ok","out_record_truncates":false}
{"app":"AI_LEARNER","stage":"mem","model":"b3_deepae","target":"aarch64-unknown-linux-gnu","completed":6,"hal_peak":1069632,"peak_within_bounded":true,"admitted_budget_bytes":1069632,"peak_within_admitted_budget":true,"admission_mode":"unconditional","hal_bytes_per_call_amortized":181312.0,"process_rss_kb":9252,"process_rss_delta_init_kb":1808,"max_active_calls":1,"active_calls_now":0,"call_counter_balanced":true}
.EVS Port1 1980-012-14:03:56.24508 66/1/AI_LEARNER 4: AI_LEARNER completed=7/7 mean=115323.3us max=264195.9us hal_peak=1069632 within_bounded=1
{"app":"AI_LEARNER","stage":"run","model":"b3_deepae","target":"aarch64-unknown-linux-gnu","attempted":7,"completed":7,"fail_input":0,"fail_invoke":0,"fail_output":0,"mean_us":115323.32,"max_us":264195.86,"last_us":56054.56,"out0":-34.88808,"out_elems":640,"out_sha256":"5ad61cdfa749eff83b1346c5bfce137d94c473d9b7231ba0e050429c9cb325ac","out_head":[-34.888077,-19.252178,-10.695503,-6.053677,-3.154023,1.490583],"out_tail":[-19.603180,-18.191353,-18.768585,-20.384422,-29.052776,-42.499214],"out_full_file":"/cf/last_out.json","out_full_file_bytes":7044,"out_full_file_reason":"ok","out_record_truncates":false}
{"app":"AI_LEARNER","stage":"mem","model":"b3_deepae","target":"aarch64-unknown-linux-gnu","completed":7,"hal_peak":1069632,"peak_within_bounded":true,"admitted_budget_bytes":1069632,"peak_within_admitted_budget":true,"admission_mode":"unconditional","hal_bytes_per_call_amortized":155931.4,"process_rss_kb":9252,"process_rss_delta_init_kb":1808,"max_active_calls":1,"active_calls_now":0,"call_counter_balanced":true}
EVS Port1 1980-012-14:03:59.01092 66/1/CFE_TIME 21: Stop FLYWHEEL
EVS Port1 1980-012-14:03:59.99682 66/1/CFE_TIME 20: Start FLYWHEEL
EVS Port1 1980-012-14:04:00.24494 66/1/AI_LEARNER 4: AI_LEARNER completed=8/8 mean=106163.9us max=264195.9us hal_peak=1069632 within_bounded=1
{"app":"AI_LEARNER","stage":"run","model":"b3_deepae","target":"aarch64-unknown-linux-gnu","attempted":8,"completed":8,"fail_input":0,"fail_invoke":0,"fail_output":0,"mean_us":106163.95,"max_us":264195.86,"last_us":42048.35,"out0":-34.88808,"out_elems":640,"out_sha256":"5ad61cdfa749eff83b1346c5bfce137d94c473d9b7231ba0e050429c9cb325ac","out_head":[-34.888077,-19.252178,-10.695503,-6.053677,-3.154023,1.490583],"out_tail":[-19.603180,-18.191353,-18.768585,-20.384422,-29.052776,-42.499214],"out_full_file":"/cf/last_out.json","out_full_file_bytes":7044,"out_full_file_reason":"ok","out_record_truncates":false}
{"app":"AI_LEARNER","stage":"mem","model":"b3_deepae","target":"aarch64-unknown-linux-gnu","completed":8,"hal_peak":1069632,"peak_within_bounded":true,"admitted_budget_bytes":1069632,"peak_within_admitted_budget":true,"admission_mode":"unconditional","hal_bytes_per_call_amortized":136896.0,"process_rss_kb":9256,"process_rss_delta_init_kb":1808,"max_active_calls":1,"active_calls_now":0,"call_counter_balanced":true}
.EVS Port1 1980-012-14:04:04.21856 66/1/AI_LEARNER 4: AI_LEARNER completed=9/9 mean=99871.6us max=264195.9us hal_peak=1069632 within_bounded=1
{"app":"AI_LEARNER","stage":"run","model":"b3_deepae","target":"aarch64-unknown-linux-gnu","attempted":9,"completed":9,"fail_input":0,"fail_invoke":0,"fail_output":0,"mean_us":99871.58,"max_us":264195.86,"last_us":49532.59,"out0":-34.88808,"out_elems":640,"out_sha256":"5ad61cdfa749eff83b1346c5bfce137d94c473d9b7231ba0e050429c9cb325ac","out_head":[-34.888077,-19.252178,-10.695503,-6.053677,-3.154023,1.490583],"out_tail":[-19.603180,-18.191353,-18.768585,-20.384422,-29.052776,-42.499214],"out_full_file":"/cf/last_out.json","out_full_file_bytes":7044,"out_full_file_reason":"ok","out_record_truncates":false}
{"app":"AI_LEARNER","stage":"mem","model":"b3_deepae","target":"aarch64-unknown-linux-gnu","completed":9,"hal_peak":1069632,"peak_within_bounded":true,"admitted_budget_bytes":1069632,"peak_within_admitted_budget":true,"admission_mode":"unconditional","hal_bytes_per_call_amortized":122090.7,"process_rss_kb":9256,"process_rss_delta_init_kb":1808,"max_active_calls":1,"active_calls_now":0,"call_counter_balanced":true}
.EVS Port1 1980-012-14:04:08.27093 66/1/AI_LEARNER 4: AI_LEARNER completed=10/10 mean=99693.1us max=264195.9us hal_peak=1069632 within_bounded=1
{"app":"AI_LEARNER","stage":"run","model":"b3_deepae","target":"aarch64-unknown-linux-gnu","attempted":10,"completed":10,"fail_input":0,"fail_invoke":0,"fail_output":0,"mean_us":99693.10,"max_us":264195.86,"last_us":98086.80,"out0":-34.88808,"out_elems":640,"out_sha256":"5ad61cdfa749eff83b1346c5bfce137d94c473d9b7231ba0e050429c9cb325ac","out_head":[-34.888077,-19.252178,-10.695503,-6.053677,-3.154023,1.490583],"out_tail":[-19.603180,-18.191353,-18.768585,-20.384422,-29.052776,-42.499214],"out_full_file":"/cf/last_out.json","out_full_file_bytes":7045,"out_full_file_reason":"ok","out_record_truncates":false}
{"app":"AI_LEARNER","stage":"mem","model":"b3_deepae","target":"aarch64-unknown-linux-gnu","completed":10,"hal_peak":1069632,"peak_within_bounded":true,"admitted_budget_bytes":1069632,"peak_within_admitted_budget":true,"admission_mode":"unconditional","hal_bytes_per_call_amortized":110246.4,"process_rss_kb":9256,"process_rss_delta_init_kb":1808,"max_active_calls":1,"active_calls_now":0,"call_counter_balanced":true}
EVS Port1 1980-012-14:04:10.01797 66/1/CFE_TIME 21: Stop FLYWHEEL
EVS Port1 1980-012-14:04:11.00000 66/1/CFE_TIME 20: Start FLYWHEEL
EVS Port1 1980-012-14:04:12.23822 66/1/AI_LEARNER 4: AI_LEARNER completed=11/11 mean=94543.1us max=264195.9us hal_peak=1069632 within_bounded=1
{"app":"AI_LEARNER","stage":"run","model":"b3_deepae","target":"aarch64-unknown-linux-gnu","attempted":11,"completed":11,"fail_input":0,"fail_invoke":0,"fail_output":0,"mean_us":94543.10,"max_us":264195.86,"last_us":43043.10,"out0":-34.88808,"out_elems":640,"out_sha256":"5ad61cdfa749eff83b1346c5bfce137d94c473d9b7231ba0e050429c9cb325ac","out_head":[-34.888077,-19.252178,-10.695503,-6.053677,-3.154023,1.490583],"out_tail":[-19.603180,-18.191353,-18.768585,-20.384422,-29.052776,-42.499214],"out_full_file":"/cf/last_out.json","out_full_file_bytes":7045,"out_full_file_reason":"ok","out_record_truncates":false}
{"app":"AI_LEARNER","stage":"mem","model":"b3_deepae","target":"aarch64-unknown-linux-gnu","completed":11,"hal_peak":1069632,"peak_within_bounded":true,"admitted_budget_bytes":1069632,"peak_within_admitted_budget":true,"admission_mode":"unconditional","hal_bytes_per_call_amortized":100555.6,"process_rss_kb":9256,"process_rss_delta_init_kb":1808,"max_active_calls":1,"active_calls_now":0,"call_counter_balanced":true}
.EVS Port1 1980-012-14:04:14.05012 66/1/CFE_TIME 20: Start FLYWHEEL
EVS Port1 1980-012-14:04:14.00526 66/1/CFE_TIME 21: Stop FLYWHEEL
EVS Port1 1980-012-14:04:16.29373 66/1/AI_LEARNER 4: AI_LEARNER completed=12/12 mean=93173.2us max=264195.9us hal_peak=1069632 within_bounded=1
{"app":"AI_LEARNER","stage":"run","model":"b3_deepae","target":"aarch64-unknown-linux-gnu","attempted":12,"completed":12,"fail_input":0,"fail_invoke":0,"fail_output":0,"mean_us":93173.24,"max_us":264195.86,"last_us":78104.83,"out0":-34.88808,"out_elems":640,"out_sha256":"5ad61cdfa749eff83b1346c5bfce137d94c473d9b7231ba0e050429c9cb325ac","out_head":[-34.888077,-19.252178,-10.695503,-6.053677,-3.154023,1.490583],"out_tail":[-19.603180,-18.191353,-18.768585,-20.384422,-29.052776,-42.499214],"out_full_file":"/cf/last_out.json","out_full_file_bytes":7045,"out_full_file_reason":"ok","out_record_truncates":false}
{"app":"AI_LEARNER","stage":"mem","model":"b3_deepae","target":"aarch64-unknown-linux-gnu","completed":12,"hal_peak":1069632,"peak_within_bounded":true,"admitted_budget_bytes":1069632,"peak_within_admitted_budget":true,"admission_mode":"unconditional","hal_bytes_per_call_amortized":92480.0,"process_rss_kb":9256,"process_rss_delta_init_kb":1808,"max_active_calls":1,"active_calls_now":0,"call_counter_balanced":true}
.EVS Port1 1980-012-14:04:20.25326 66/1/AI_LEARNER 4: AI_LEARNER completed=13/13 mean=92300.4us max=264195.9us hal_peak=1069632 within_bounded=1
{"app":"AI_LEARNER","stage":"run","model":"b3_deepae","target":"aarch64-unknown-linux-gnu","attempted":13,"completed":13,"fail_input":0,"fail_invoke":0,"fail_output":0,"mean_us":92300.39,"max_us":264195.86,"last_us":81826.14,"out0":-34.88808,"out_elems":640,"out_sha256":"5ad61cdfa749eff83b1346c5bfce137d94c473d9b7231ba0e050429c9cb325ac","out_head":[-34.888077,-19.252178,-10.695503,-6.053677,-3.154023,1.490583],"out_tail":[-19.603180,-18.191353,-18.768585,-20.384422,-29.052776,-42.499214],"out_full_file":"/cf/last_out.json","out_full_file_bytes":7045,"out_full_file_reason":"ok","out_record_truncates":false}
{"app":"AI_LEARNER","stage":"mem","model":"b3_deepae","target":"aarch64-unknown-linux-gnu","completed":13,"hal_peak":1069632,"peak_within_bounded":true,"admitted_budget_bytes":1069632,"peak_within_admitted_budget":true,"admission_mode":"unconditional","hal_bytes_per_call_amortized":85646.8,"process_rss_kb":9256,"process_rss_delta_init_kb":1808,"max_active_calls":1,"active_calls_now":0,"call_counter_balanced":true}
EVS Port1 1980-012-14:04:24.24201 66/1/AI_LEARNER 4: AI_LEARNER completed=14/14 mean=89928.0us max=264195.9us hal_peak=1069632 within_bounded=1
{"app":"AI_LEARNER","stage":"run","model":"b3_deepae","target":"aarch64-unknown-linux-gnu","attempted":14,"completed":14,"fail_input":0,"fail_invoke":0,"fail_output":0,"mean_us":89928.00,"max_us":264195.86,"last_us":59087.01,"out0":-34.88808,"out_elems":640,"out_sha256":"5ad61cdfa749eff83b1346c5bfce137d94c473d9b7231ba0e050429c9cb325ac","out_head":[-34.888077,-19.252178,-10.695503,-6.053677,-3.154023,1.490583],"out_tail":[-19.603180,-18.191353,-18.768585,-20.384422,-29.052776,-42.499214],"out_full_file":"/cf/last_out.json","out_full_file_bytes":7045,"out_full_file_reason":"ok","out_record_truncates":false}
{"app":"AI_LEARNER","stage":"mem","model":"b3_deepae","target":"aarch64-unknown-linux-gnu","completed":14,"hal_peak":1069632,"peak_within_bounded":true,"admitted_budget_bytes":1069632,"peak_within_admitted_budget":true,"admission_mode":"unconditional","hal_bytes_per_call_amortized":79789.7,"process_rss_kb":9256,"process_rss_delta_init_kb":1808,"max_active_calls":1,"active_calls_now":0,"call_counter_balanced":true}
.EVS Port1 1980-012-14:04:28.25122 66/1/AI_LEARNER 4: AI_LEARNER completed=15/15 mean=89011.4us max=264195.9us hal_peak=1069632 within_bounded=1
{"app":"AI_LEARNER","stage":"run","model":"b3_deepae","target":"aarch64-unknown-linux-gnu","attempted":15,"completed":15,"fail_input":0,"fail_invoke":0,"fail_output":0,"mean_us":89011.44,"max_us":264195.86,"last_us":76179.49,"out0":-34.88808,"out_elems":640,"out_sha256":"5ad61cdfa749eff83b1346c5bfce137d94c473d9b7231ba0e050429c9cb325ac","out_head":[-34.888077,-19.252178,-10.695503,-6.053677,-3.154023,1.490583],"out_tail":[-19.603180,-18.191353,-18.768585,-20.384422,-29.052776,-42.499214],"out_full_file":"/cf/last_out.json","out_full_file_bytes":7045,"out_full_file_reason":"ok","out_record_truncates":false}
{"app":"AI_LEARNER","stage":"mem","model":"b3_deepae","target":"aarch64-unknown-linux-gnu","completed":15,"hal_peak":1069632,"peak_within_bounded":true,"admitted_budget_bytes":1069632,"peak_within_admitted_budget":true,"admission_mode":"unconditional","hal_bytes_per_call_amortized":74713.6,"process_rss_kb":9256,"process_rss_delta_init_kb":1808,"max_active_calls":1,"active_calls_now":0,"call_counter_balanced":true}
.EVS Port1 1980-012-14:04:32.18846 66/1/AI_LEARNER 4: AI_LEARNER completed=16/16 mean=86697.7us max=264195.9us hal_peak=1069632 within_bounded=1
{"app":"AI_LEARNER","stage":"run","model":"b3_deepae","target":"aarch64-unknown-linux-gnu","attempted":16,"completed":16,"fail_input":0,"fail_invoke":0,"fail_output":0,"mean_us":86697.69,"max_us":264195.86,"last_us":51991.52,"out0":-34.88808,"out_elems":640,"out_sha256":"5ad61cdfa749eff83b1346c5bfce137d94c473d9b7231ba0e050429c9cb325ac","out_head":[-34.888077,-19.252178,-10.695503,-6.053677,-3.154023,1.490583],"out_tail":[-19.603180,-18.191353,-18.768585,-20.384422,-29.052776,-42.499214],"out_full_file":"/cf/last_out.json","out_full_file_bytes":7045,"out_full_file_reason":"ok","out_record_truncates":false}
{"app":"AI_LEARNER","stage":"mem","model":"b3_deepae","target":"aarch64-unknown-linux-gnu","completed":16,"hal_peak":1069632,"peak_within_bounded":true,"admitted_budget_bytes":1069632,"peak_within_admitted_budget":true,"admission_mode":"unconditional","hal_bytes_per_call_amortized":70272.0,"process_rss_kb":9256,"process_rss_delta_init_kb":1808,"max_active_calls":1,"active_calls_now":0,"call_counter_balanced":true}
EVS Port1 1980-012-14:04:36.24815 66/1/AI_LEARNER 4: AI_LEARNER completed=17/17 mean=85476.3us max=264195.9us hal_peak=1069632 within_bounded=1
{"app":"AI_LEARNER","stage":"run","model":"b3_deepae","target":"aarch64-unknown-linux-gnu","attempted":17,"completed":17,"fail_input":0,"fail_invoke":0,"fail_output":0,"mean_us":85476.27,"max_us":264195.86,"last_us":65933.52,"out0":-34.88808,"out_elems":640,"out_sha256":"5ad61cdfa749eff83b1346c5bfce137d94c473d9b7231ba0e050429c9cb325ac","out_head":[-34.888077,-19.252178,-10.695503,-6.053677,-3.154023,1.490583],"out_tail":[-19.603180,-18.191353,-18.768585,-20.384422,-29.052776,-42.499214],"out_full_file":"/cf/last_out.json","out_full_file_bytes":7045,"out_full_file_reason":"ok","out_record_truncates":false}
{"app":"AI_LEARNER","stage":"mem","model":"b3_deepae","target":"aarch64-unknown-linux-gnu","completed":17,"hal_peak":1069632,"peak_within_bounded":true,"admitted_budget_bytes":1069632,"peak_within_admitted_budget":true,"admission_mode":"unconditional","hal_bytes_per_call_amortized":66352.9,"process_rss_kb":9256,"process_rss_delta_init_kb":1808,"max_active_calls":1,"active_calls_now":0,"call_counter_balanced":true}
.EVS Port1 1980-012-14:04:40.20965 66/1/AI_LEARNER 4: AI_LEARNER completed=18/18 mean=83128.1us max=264195.9us hal_peak=1069632 within_bounded=1
{"app":"AI_LEARNER","stage":"run","model":"b3_deepae","target":"aarch64-unknown-linux-gnu","attempted":18,"completed":18,"fail_input":0,"fail_invoke":0,"fail_output":0,"mean_us":83128.07,"max_us":264195.86,"last_us":43208.69,"out0":-34.88808,"out_elems":640,"out_sha256":"5ad61cdfa749eff83b1346c5bfce137d94c473d9b7231ba0e050429c9cb325ac","out_head":[-34.888077,-19.252178,-10.695503,-6.053677,-3.154023,1.490583],"out_tail":[-19.603180,-18.191353,-18.768585,-20.384422,-29.052776,-42.499214],"out_full_file":"/cf/last_out.json","out_full_file_bytes":7045,"out_full_file_reason":"ok","out_record_truncates":false}
{"app":"AI_LEARNER","stage":"mem","model":"b3_deepae","target":"aarch64-unknown-linux-gnu","completed":18,"hal_peak":1069632,"peak_within_bounded":true,"admitted_budget_bytes":1069632,"peak_within_admitted_budget":true,"admission_mode":"unconditional","hal_bytes_per_call_amortized":62869.3,"process_rss_kb":9256,"process_rss_delta_init_kb":1808,"max_active_calls":1,"active_calls_now":0,"call_counter_balanced":true}
.EVS Port1 1980-012-14:04:44.27499 66/1/AI_LEARNER 4: AI_LEARNER completed=19/19 mean=81709.9us max=264195.9us hal_peak=1069632 within_bounded=1
{"app":"AI_LEARNER","stage":"run","model":"b3_deepae","target":"aarch64-unknown-linux-gnu","attempted":19,"completed":19,"fail_input":0,"fail_invoke":0,"fail_output":0,"mean_us":81709.88,"max_us":264195.86,"last_us":56182.46,"out0":-34.88808,"out_elems":640,"out_sha256":"5ad61cdfa749eff83b1346c5bfce137d94c473d9b7231ba0e050429c9cb325ac","out_head":[-34.888077,-19.252178,-10.695503,-6.053677,-3.154023,1.490583],"out_tail":[-19.603180,-18.191353,-18.768585,-20.384422,-29.052776,-42.499214],"out_full_file":"/cf/last_out.json","out_full_file_bytes":7045,"out_full_file_reason":"ok","out_record_truncates":false}
{"app":"AI_LEARNER","stage":"mem","model":"b3_deepae","target":"aarch64-unknown-linux-gnu","completed":19,"hal_peak":1069632,"peak_within_bounded":true,"admitted_budget_bytes":1069632,"peak_within_admitted_budget":true,"admission_mode":"unconditional","hal_bytes_per_call_amortized":59752.4,"process_rss_kb":9256,"process_rss_delta_init_kb":1808,"max_active_calls":1,"active_calls_now":0,"call_counter_balanced":true}
1980-012-14:04:46.51084 CFE_ES_RunExceptionScan: ExceptionID 0x1110000 in TaskID 0: Caught SIGINT
1980-012-14:04:46.51468 CFE_ES_RunExceptionScan: Processor Reset count not reached (0/2)
CFE_PSP: Exiting cFE with PROCESSOR Reset status.

CFE_PSP: Shutdown initiated - Exiting cFE
CI delete callback -- Closing CI Network socket.
TO delete callback -- Closing TO Network socket.
EXIT=124
