OS_BSP_Initialize():Maximum user msg queue depth = 512
CFE_PSP: Default Reset SubType = 1
CFE_PSP: Default CPU ID = 1
CFE_PSP: Default Spacecraft ID = 66
CFE_PSP: Default CPU Name: cpu1
OS_Posix_GetSchedulerParams():208:Policy 1: available, min-max: 1-99
OS_Posix_GetSchedulerParams():208:Policy 2: available, min-max: 1-99
OS_Posix_TaskAPI_Impl_Init():401:Selected policy 2 for RT tasks, root task = 99
OS_Posix_TaskAPI_Impl_Init():419:Could not setschedparam in main thread: Operation not permitted (1)
CFE_PSP: initializing module 'soft_timebase' with ID 0110ff00
CFE_PSP: Instantiated software timebase 'cFS-Master' running at 10000 usec
CFE_PSP: initializing module 'timebase_posix_clock' with ID 0110ff01
CFE_PSP: Using POSIX monotonic clock as CFE timebase
CFE_PSP: initializing module 'eeprom_mmap_file' with ID 0110ff02
CFE_PSP: Using MMAP simulated EEPROM implementation
CFE_PSP: initializing module 'port_notimpl' with ID 0110ff03
CFE_PSP: EEPROM Range (2) created: Start Address = F3FBCAD4E000, Size = 00080000 Status = 0
CFE_PSP: I/O Port access not implemented
CFE_PSP: initializing module 'iodriver' with ID 0110ff04
CFE_PSP: initializing module 'linux_sysmon' with ID 0110ff05
CFE_PSP: initializing module 'endian_api' with ID 0110ff06
CFE_PSP: Host CPU Endian=LITTLE
CFE_PSP: initializing module 'ram_notimpl' with ID 0110ff07
CFE_PSP: Physical RAM access not implemented
CFE_PSP: Normal exit from previous cFE instance
CFE_PSP: Starting the cFE with a PROCESSOR reset.
1980-001-01:39:55.02781 CFE_ES_Main: CFE_ES_Main in EARLY_INIT state
1980-001-01:39:55.07777 CFE_ES_InitializeFileSystems: Volatile Disk has 100 Percent free space.
Number of addresses returned by backtrace = 1
CFE_PSP: CFE_PSP_AttachExceptions called
1980-001-01:39:55.13498 CFE_ES_Main: CFE_ES_Main entering CORE_STARTUP state
1980-001-01:39:55.13559 CFE_ES_CreateObjects: Starting Object Creation calls.
1980-001-01:39:55.13578 CFE_ES_CreateObjects: Calling EarlyInit for CFE_CONFIG
1980-001-01:39:55.14380 CFE_ES_CreateObjects: Calling EarlyInit for CFE_ES
1980-001-01:39:55.15597 CFE_ES_CreateObjects: Calling EarlyInit for CFE_EVS
1980-001-01:39:55.16497 CFE_EVS_EarlyInit: Event Log restored, n=0, c=20, f=1, m=1, o=142
1980-001-01:39:55.16653 CFE_ES_CreateObjects: Calling EarlyInit for CFE_FS
1980-001-01:39:55.16676 CFE_ES_CreateObjects: Calling EarlyInit for CFE_SB
1980-001-01:39:55.23202 CFE_ES_CreateObjects: Calling EarlyInit for CFE_TBL
1980-001-01:39:55.31046 CFE_ES_CreateObjects: Calling EarlyInit for CFE_TIME
EVS Port1 1980-012-14:06:04.09735 66/1/CFE_ES 1: cFE ES Initialized: CFE_ES v7.0.1+dev1 (Draco) DEV BUILD, based on v7.0.1, EDS disabled
EVS Port1 1980-012-14:06:04.13098 66/1/CFE_ES 2: cFS Versions: cfe v7.0.1+dev1, osal v7.0.1+dev1, psp v7.0.1+dev1. cFE chksm 31659
EVS Port1 1980-012-14:06:04.13612 66/1/CFE_ES 91: Version Info: Mission SampleMission, version git:v7.0.1-90-g78c23b0-dirty
EVS Port1 1980-012-14:06:04.14033 66/1/CFE_ES 91: Version Info: Module CORE_API, version git:2612eb0
EVS Port1 1980-012-14:06:04.14511 66/1/CFE_ES 91: Version Info: Module CONFIG, version git:2612eb0
EVS Port1 1980-012-14:06:04.15206 66/1/CFE_ES 91: Version Info: Module ES, version git:2612eb0
EVS Port1 1980-012-14:06:04.15229 66/1/CFE_ES 91: Version Info: Module EVS, version git:2612eb0
EVS Port1 1980-012-14:06:04.15599 66/1/CFE_ES 91: Version Info: Module FS, version git:2612eb0
EVS Port1 1980-012-14:06:04.15621 66/1/CFE_ES 91: Version Info: Module SB, version git:2612eb0
EVS Port1 1980-012-14:06:04.15640 66/1/CFE_ES 91: Version Info: Module TBL, version git:2612eb0
EVS Port1 1980-012-14:06:04.16033 66/1/CFE_ES 91: Version Info: Module TIME, version git:2612eb0
EVS Port1 1980-012-14:06:04.16418 66/1/CFE_ES 91: Version Info: Module OSAL, version git:8111e4a
EVS Port1 1980-012-14:06:04.16612 66/1/CFE_ES 91: Version Info: Module PSP, version git:d1da809
EVS Port1 1980-012-14:06:04.17010 66/1/CFE_ES 91: Version Info: Module MSG, version git:2612eb0
EVS Port1 1980-012-14:06:04.17308 66/1/CFE_ES 91: Version Info: Module SBR, version git:2612eb0
EVS Port1 1980-012-14:06:04.17504 66/1/CFE_ES 91: Version Info: Module RESOURCEID, version git:2612eb0
EVS Port1 1980-012-14:06:04.18843 66/1/CFE_ES 92: Build 202609140214 by root@vm, config aarch64
EVS Port1 1980-012-14:06:04.30818 66/1/CFE_EVS 1: cFE EVS Initialized: CFE_EVS v7.0.1+dev1 (Draco) DEV BUILD, based on v7.0.1, EDS disabled
1980-012-14:06:04.41710 CFE_SB_AppInit: Registered 4 events for filtering
EVS Port1 1980-012-14:06:04.42832 66/1/CFE_SB 1: cFE SB Initialized: CFE_SB v7.0.1+dev1 (Draco) DEV BUILD, based on v7.0.1, EDS disabled
EVS Port1 1980-012-14:06:04.43016 66/1/CFE_SB 14: No subscribers for MsgId 0x808,sender CFE_SB
EVS Port1 1980-012-14:06:04.54418 66/1/CFE_TBL 1: cFE TBL Initialized: CFE_TBL v7.0.1+dev1 (Draco) DEV BUILD, based on v7.0.1, EDS disabled
EVS Port1 1980-012-14:06:04.54603 66/1/CFE_SB 14: No subscribers for MsgId 0x808,sender CFE_TBL
EVS Port1 1980-012-14:06:04.68411 66/1/CFE_TIME 1: cFE TIME Initialized: CFE_TIME v7.0.1+dev1 (Draco) DEV BUILD, based on v7.0.1, EDS disabled
EVS Port1 1980-012-14:06:04.68807 66/1/CFE_SB 14: No subscribers for MsgId 0x808,sender CFE_TIME
1980-012-14:06:04.74411 CFE_ES_CreateObjects: Finished ES CreateObject table entries.
1980-012-14:06:04.74471 CFE_ES_Main: CFE_ES_Main entering CORE_READY state
OS_FileOpen_Impl():110:open(/dev/shm/osal:RAM/cfe_es_startup.scr): No such file or directory
1980-012-14:06:04.76808 CFE_ES_OpenStartupScript: Cannot Open Volatile Startup file: /ram/cfe_es_startup.scr, Trying Nonvolatile.
1980-012-14:06:04.77292 CFE_ES_OpenStartupScript: Opened ES App Startup file: /cf/cfe_es_startup.scr
1980-012-14:06:04.86416 CFE_ES_ParseFileEntry: Loading shared library: /cf/cfe_assert.so
1980-012-14:06:04.89899 [BEGIN] CFE FUNCTIONAL TEST
1980-012-14:06:04.90325 [BEGIN] 01 CFE-STARTUP
1980-012-14:06:04.98494 CFE_ES_ParseFileEntry: Loading shared library: /cf/sample_lib.so
SAMPLE Lib Initialized.Sample Lib v7.0.0+dev1 (Draco) DEV BUILD, based on v7.0.1, EDS disabled
1980-012-14:06:05.09640 CFE_ES_ParseFileEntry: Loading file: /cf/sch_lab.so, APP: SCH_LAB
1980-012-14:06:05.27797 CFE_ES_ParseFileEntry: Loading file: /cf/ci_lab.so, APP: CI_LAB
SCH Lab Initialized.SCH Lab v7.0.1+dev1 (Draco) DEV BUILD, based on v7.0.1, EDS disabled
1980-012-14:06:05.44591 CFE_ES_ParseFileEntry: Loading file: /cf/to_lab.so, APP: TO_LAB
EVS Port1 1980-012-14:06:05.63626 66/1/TO_LAB 1: TO Lab Initialized.TO Lab v7.0.1+dev1 (Draco) DEV BUILD, based on v7.0.1, EDS disabled, Awaiting enable command.
EVS Port1 1980-012-14:06:05.64204 66/1/CFE_SB 14: No subscribers for MsgId 0x808,sender TO_LAB
1980-012-14:06:05.69135 CI_LAB listening on UDP port: 1234
EVS Port1 1980-012-14:06:05.70095 66/1/CI_LAB 3: CI Lab Initialized.CI Lab App v7.0.1+dev1 (Draco) DEV BUILD, based on v7.0.1, EDS disabled
1980-012-14:06:05.72629 CFE_ES_ParseFileEntry: Loading file: /cf/sample_app.so, APP: SAMPLE_APP
EVS Port1 1980-012-14:06:05.85037 66/1/SAMPLE_APP 1: Sample App Initialized.Sample App v7.0.0+dev1 (Draco) DEV BUILD, based on v7.0.1, EDS disabled
1980-012-14:06:05.87692 CFE_ES_ParseFileEntry: Loading file: /cf/ai_learner.so, APP: AI_LEARNER
1980-012-14:06:05.98602 CFE_ES_ParseFileEntry: Loading file: /cf/lc.so, APP: LC
{"app":"AI_LEARNER","stage":"build_config","model":"wgan","allow_conditional_map":0,"contract_bounded_bytes":135666432,"contract_per_call_bytes":131382784,"contract_const_bytes":4283648,"contract_bound_known":true,"contract_artifact_sha256":"e382429cbfbf580356379365fa67a8a2b01b47d58ec4e04b4a4c14165be2e102"}
{"app":"AI_LEARNER","stage":"stack","es_stack_size":263024,"stack_base_bytes":262144,"contract_kernel_stack_bytes":880,"kernel_stack_accounted":true}
EVS Port1 1980-012-14:06:06.02322 66/1/AI_LEARNER 8: AI_LEARNER stack: es=263024 base=262144 kernel=880 accounted=1
{"app":"AI_LEARNER","stage":"admission","verdict":"ADMIT","model":"wgan","target":"aarch64-unknown-linux-gnu","bounded":135666432,"budget":135666432,"budget_source":"override","per_call":131382784,"constants":4283648,"kernel_stack_bytes":880,"bound_known":true,"scope":"per_app_local_budget"}
{"app":"AI_LEARNER","stage":"blob_align","requested_offset":40,"state":"applied","module_ptr_mod64":40}
EVS Port1 1980-012-14:06:06.19476 66/1/LC 56: WDT verify results: good = 0, bad = 0, unused = 176
1980-012-14:06:06.23908 CFE_ES_ParseFileEntry: Loading file: /cf/cf.so, APP: CF
EVS Port1 1980-012-14:06:06.25032 66/1/LC 66: ADT verify results: good = 0, bad = 0, unused = 176
EVS Port1 1980-012-14:06:06.27227 66/1/LC 23: LC use of Critical Data Store disabled, activity mask = 0x00991990
EVS Port1 1980-012-14:06:06.27833 66/1/LC 2: LC Initialized. Version 7.0.1.255
1980-012-14:06:06.50830 CFE_ES_ParseFileEntry: Loading file: /cf/ds.so, APP: DS
EVS Port1 1980-012-14:06:06.70118 66/1/CF 20: CF Initialized. Version 7.0.1.255
EVS Port1 1980-012-14:06:06.85026 66/1/DS 10: Destination file table verify results: good entries = 6, bad = 0, unused = 10
EVS Port1 1980-012-14:06:06.90040 66/1/DS 12: Filter table verify results: good entries = 14, bad = 0, unused = 242
EVS Port1 1980-012-14:06:06.95013 66/1/DS 1: Application initialized, version 7.0.1.255, data at 0xf3fbc9d10460
1980-012-14:06:06.97185 CFE_ES_ParseFileEntry: Loading file: /cf/fm.so, APP: FM
EVS Port1 1980-012-14:06:07.15612 66/1/FM 80: Free Space Table verify results: good entries = 3, bad = 0, unused = 5
1980-012-14:06:07.22536 CFE_ES_ParseFileEntry: Loading file: /cf/hk.so, APP: HK
EVS Port1 1980-012-14:06:07.23637 66/1/FM 1: Initialization complete: version 7.0.1.255
EVS Port1 1980-012-14:06:07.39025 66/1/FM 72: Child Task initialization complete
EVS Port1 1980-012-14:06:07.23400 66/1/CFE_TIME 21: Stop FLYWHEEL
1980-012-14:06:07.41988 CFE_ES_ParseFileEntry: Loading file: /cf/hs.so, APP: HS
EVS Port1 1980-012-14:06:07.41825 66/1/HK 1: HK Initialized.  Version 7.0.1.255
EVS Port1 1980-012-14:06:07.63386 66/1/HS 54: ExeCount verify results: good = 5, bad = 0, unused = 27
1980-012-14:06:07.66869 CFE_ES_ParseFileEntry: Loading file: /cf/mm.so, APP: MM
EVS Port1 1980-012-14:06:07.67308 66/1/HS 50: AppMon verify results: good = 0, bad = 0, unused = 32
EVS Port1 1980-012-14:06:07.72305 66/1/HS 52: EventMon verify results: good = 0, bad = 0, unused = 16
EVS Port1 1980-012-14:06:07.77027 66/1/HS 56: MsgActs verify results: good = 2, bad = 0, unused = 6
1980-012-14:06:07.80016 HS_SysMonInit(): System Monitor using PSP device ID 0110ff05
EVS Port1 1980-012-14:06:07.84689 66/1/MM 1: MM Initialized. Version 7.0.1.255
CFE_PSP(Linux_SysMon): Started CPU utilization monitoring on 1 CPU(s)
EVS Port1 1980-012-14:06:07.90805 66/1/HS 1: HS Initialized.  Version 7.0.1.255
1980-012-14:06:07.95789 CFE_ES_ParseFileEntry: Loading file: /cf/sc.so, APP: SC
1980-012-14:06:08.20602 CFE_ES_ParseFileEntry: Loading file: /cf/md.so, APP: MD
EVS Port1 1980-012-14:06:08.36082 66/1/SC 21: RTS table files not loaded at initialization = 0 of 4
EVS Port1 1980-012-14:06:08.39372 66/1/SC 9: SC Initialized. Version 7.0.1.255
EVS Port1 1980-012-14:06:08.49162 66/1/MD 52: MD Dwell Tbl verify results: good = 0, bad = 0, unused = 25
EVS Port1 1980-012-14:06:08.50817 66/1/MD 3: Recovered Dwell Table #1 is valid and has been copied to the MD App
EVS Port1 1980-012-14:06:08.53195 66/1/MD 52: MD Dwell Tbl verify results: good = 0, bad = 0, unused = 25
EVS Port1 1980-012-14:06:08.55293 66/1/MD 3: Recovered Dwell Table #2 is valid and has been copied to the MD App
EVS Port1 1980-012-14:06:08.57511 66/1/MD 52: MD Dwell Tbl verify results: good = 0, bad = 0, unused = 25
EVS Port1 1980-012-14:06:08.60195 66/1/MD 3: Recovered Dwell Table #3 is valid and has been copied to the MD App
EVS Port1 1980-012-14:06:08.62705 66/1/MD 52: MD Dwell Tbl verify results: good = 0, bad = 0, unused = 25
1980-012-14:06:08.62867 CFE_ES_ParseFileEntry: Loading file: /cf/cs.so, APP: CS
EVS Port1 1980-012-14:06:08.64508 66/1/MD 3: Recovered Dwell Table #4 is valid and has been copied to the MD App
EVS Port1 1980-012-14:06:08.67019 66/1/MD 7: Dwell Tables Recovered: 4, Dwell Tables Initialized: 0
EVS Port1 1980-012-14:06:08.70690 66/1/MD 1: MD Initialized.  Version 7.0.1.255
EVS Port1 1980-012-14:06:08.92010 66/1/CS 144: CS EEPROM Table verification results: good = 0, bad = 0, unused = 16
EVS Port1 1980-012-14:06:08.95195 66/1/CS 107: CS EEPROM Table: No valid entries in the table
EVS Port1 1980-012-14:06:09.00099 66/1/CS 143: CS Memory Table verification results: good = 0, bad = 0, unused = 16
EVS Port1 1980-012-14:06:09.01184 66/1/CS 107: CS Memory Table: No valid entries in the table
EVS Port1 1980-012-14:06:09.04800 66/1/CS 139: CS Tables Table verification results: good = 1, bad = 0, unused = 23
EVS Port1 1980-012-14:06:09.12086 66/1/CS 142: CS Apps Table verification results: good = 0, bad = 0, unused = 24
EVS Port1 1980-012-14:06:09.13214 66/1/CS 108: CS Apps Table: No valid entries in the table
EVS Port1 1980-012-14:06:09.16217 66/1/CS 127: OS Text Segment disabled due to platform
EVS Port1 1980-012-14:06:09.17890 66/1/CS 1: CS Initialized. Version 7.0.1.255
1980-012-14:06:09.84779 CFE_ES_Main: Startup Sync failed - Applications may not have all initialized
1980-012-14:06:09.84809 CFE_ES_Main: CFE_ES_Main entering APPS_INIT state
EVS Port1 1980-012-14:06:10.03280 66/1/CFE_TIME 21: Stop FLYWHEEL
{"app":"AI_LEARNER","stage":"binding","verdict":"MATCH","artifact_bytes":4321533,"artifact_sha256":"e382429cbfbf5803","contract_sha256":"e382429cbfbf5803"}
1980-012-14:06:10.85790 CFE_ES_Main: Startup Sync failed - Applications may not have all started
1980-012-14:06:10.85819 CFE_ES_Main: CFE_ES_Main entering OPERATIONAL state
EVS Port1 1980-012-14:06:10.88401 66/1/TO_LAB 19: L550 TO Lab subscribed to 32 messages from the table
EVS Port1 1980-012-14:06:10.99406 66/1/CFE_TIME 20: Start FLYWHEEL
EVS Port1 1980-012-14:06:12.03990 66/1/CFE_TIME 21: Stop FLYWHEEL
EVS Port1 1980-012-14:06:13.00807 66/1/CFE_TIME 20: Start FLYWHEEL
{"app":"AI_LEARNER","stage":"map_branch","model":"wgan","module_ptr_mod64":40,"hal_peak_after_append":4283648,"contract_const_bytes":4283648,"contract_per_call_bytes":131382784,"arm":"copy","admission_mode":"unconditional"}
{"app":"AI_LEARNER","stage":"mem_init","model":"wgan","target":"aarch64-unknown-linux-gnu","hal_peak":4885760,"hal_allocated":4885760,"bounded":135666432,"peak_within_bounded":true,"inferences_so_far":0,"process_rss_kb":15508,"rss_kb_before_runtime":9652,"rss_kb_after_session":9940,"rss_kb_after_init":15508}
{"app":"AI_LEARNER","stage":"e25_mode","active":false,"inputs_path":"/cf/e25_inputs.bin"}
EVS Port1 1980-012-14:06:13.38490 66/1/AI_LEARNER 3: AI_LEARNER initialized: model wgan (4321533 B), rss_delta_init=5856 KB
EVS Port1 1980-012-14:06:14.01622 66/1/CFE_TIME 21: Stop FLYWHEEL
EVS Port1 1980-012-14:06:15.00404 66/1/CFE_TIME 20: Start FLYWHEEL
EVS Port1 1980-012-14:06:16.04637 66/1/CFE_TIME 21: Stop FLYWHEEL
.EVS Port1 1980-012-14:06:16.98365 66/1/CFE_TIME 20: Start FLYWHEEL
EVS Port1 1980-012-14:06:19.01115 66/1/CFE_TIME 21: Stop FLYWHEEL
EVS Port1 1980-012-14:06:19.99470 66/1/CFE_TIME 20: Start FLYWHEEL
EVS Port1 1980-012-14:06:21.01690 66/1/CFE_TIME 21: Stop FLYWHEEL
EVS Port1 1980-012-14:06:22.01722 66/1/CFE_TIME 20: Start FLYWHEEL
.EVS Port1 1980-012-14:06:24.08587 66/1/CFE_TIME 20: Start FLYWHEEL
EVS Port1 1980-012-14:06:24.15170 66/1/CFE_TIME 21: Stop FLYWHEEL
EVS Port1 1980-012-14:06:26.01719 66/1/CFE_TIME 21: Stop FLYWHEEL
EVS Port1 1980-012-14:06:27.00210 66/1/CFE_TIME 20: Start FLYWHEEL
.EVS Port1 1980-012-14:06:31.10800 66/1/CFE_TIME 20: Start FLYWHEEL
EVS Port1 1980-012-14:06:32.01612 66/1/CFE_TIME 21: Stop FLYWHEEL
EVS Port1 1980-012-14:06:34.10470 66/1/CFE_SB 17: Msg Limit Err,MsgId 0x800,pipe AI_LEARNER_PIPE,sender CFE_ES
.EVS Port1 1980-012-14:06:36.03800 66/1/CFE_TIME 21: Stop FLYWHEEL
EVS Port1 1980-012-14:06:36.99185 66/1/CFE_TIME 20: Start FLYWHEEL
EVS Port1 1980-012-14:06:38.05715 66/1/CFE_SB 17: Msg Limit Err,MsgId 0x800,pipe AI_LEARNER_PIPE,sender CFE_ES
.EVS Port1 1980-012-14:06:41.07826 66/1/CFE_TIME 20: Start FLYWHEEL
EVS Port1 1980-012-14:06:41.03492 66/1/CFE_TIME 21: Stop FLYWHEEL
EVS Port1 1980-012-14:06:42.04339 66/1/CFE_SB 17: Msg Limit Err,MsgId 0x800,pipe AI_LEARNER_PIPE,sender CFE_ES
EVS Port1 1980-012-14:06:46.01472 66/1/CFE_TIME 21: Stop FLYWHEEL
EVS Port1 1980-012-14:06:46.11563 66/1/CFE_SB 17: Msg Limit Err,MsgId 0x800,pipe AI_LEARNER_PIPE,sender CFE_ES
.EVS Port1 1980-012-14:06:47.00259 66/1/CFE_TIME 20: Start FLYWHEEL
EVS Port1 1980-012-14:06:50.08287 66/1/CFE_SB 17: Msg Limit Err,MsgId 0x800,pipe AI_LEARNER_PIPE,sender CFE_ES
.EVS Port1 1980-012-14:06:54.03851 66/1/CFE_SB 17: Msg Limit Err,MsgId 0x800,pipe AI_LEARNER_PIPE,sender CFE_ES
EVS Port1 1980-012-14:06:56.01589 66/1/CFE_TIME 21: Stop FLYWHEEL
EVS Port1 1980-012-14:06:57.03710 66/1/CFE_TIME 20: Start FLYWHEEL
EVS Port1 1980-012-14:06:58.07589 66/1/CFE_TIME 21: Stop FLYWHEEL
EVS Port1 1980-012-14:06:58.07934 66/1/CFE_SB 17: Msg Limit Err,MsgId 0x800,pipe AI_LEARNER_PIPE,sender CFE_ES
.EVS Port1 1980-012-14:06:58.99508 66/1/CFE_TIME 20: Start FLYWHEEL
EVS Port1 1980-012-14:07:02.16687 66/1/CFE_SB 17: Msg Limit Err,MsgId 0x800,pipe AI_LEARNER_PIPE,sender CFE_ES
EVS Port1 1980-012-14:07:03.13607 66/1/CFE_TIME 20: Start FLYWHEEL
EVS Port1 1980-012-14:07:04.02935 66/1/CFE_TIME 21: Stop FLYWHEEL
.EVS Port1 1980-012-14:07:06.05702 66/1/CFE_SB 17: Msg Limit Err,MsgId 0x800,pipe AI_LEARNER_PIPE,sender CFE_ES
EVS Port1 1980-012-14:07:10.01901 66/1/CFE_TIME 21: Stop FLYWHEEL
EVS Port1 1980-012-14:07:10.11993 66/1/CFE_SB 17: Msg Limit Err,MsgId 0x800,pipe AI_LEARNER_PIPE,sender CFE_ES
.EVS Port1 1980-012-14:07:11.02107 66/1/CFE_TIME 20: Start FLYWHEEL
EVS Port1 1980-012-14:07:13.06399 66/1/CFE_TIME 20: Start FLYWHEEL
EVS Port1 1980-012-14:07:14.26423 66/1/CFE_SB 17: Msg Limit Err,MsgId 0x800,pipe AI_LEARNER_PIPE,sender CFE_ES
EVS Port1 1980-012-14:07:15.04310 66/1/CFE_TIME 21: Stop FLYWHEEL
.EVS Port1 1980-012-14:07:18.04518 66/1/CFE_SB 17: Msg Limit Err,MsgId 0x800,pipe AI_LEARNER_PIPE,sender CFE_ES
EVS Port1 1980-012-14:07:22.08387 66/1/CFE_SB 17: Msg Limit Err,MsgId 0x800,pipe AI_LEARNER_PIPE,sender CFE_ES
.EVS Port1 1980-012-14:07:24.03225 66/1/CFE_TIME 20: Start FLYWHEEL
EVS Port1 1980-012-14:07:24.05429 66/1/CFE_TIME 21: Stop FLYWHEEL
EVS Port1 1980-012-14:07:26.04132 66/1/CFE_SB 17: Msg Limit Err,MsgId 0x800,pipe AI_LEARNER_PIPE,sender CFE_ES
.EVS Port1 1980-012-14:07:30.04989 66/1/CFE_SB 17: Msg Limit Err,MsgId 0x800,pipe AI_LEARNER_PIPE,sender CFE_ES
1980-012-14:07:30.69704 CFE_ES_RunExceptionScan: ExceptionID 0x1110004 in TaskID 0: Caught SIGINT
1980-012-14:07:30.70391 CFE_ES_RunExceptionScan: Maximum Processor Reset count reached (2)
CFE_PSP: Exiting cFE with POWERON Reset status.
CFE_PSP: Critical Data Store Shared memory segment removed
Reset Area Shared memory segment removed
User Reserved Area Shared memory segment removed

CFE_PSP: Shutdown initiated - Exiting cFE
CI delete callback -- Closing CI Network socket.
TO delete callback -- Closing TO Network socket.
..EXIT=137
