OS_BSP_Initialize():Maximum user msg queue depth = 512
CFE_PSP: Default Reset SubType = 1
CFE_PSP: Default CPU ID = 1
CFE_PSP: Default Spacecraft ID = 66
CFE_PSP: Default CPU Name: cpu1
OS_Posix_GetSchedulerParams():208:Policy 1: available, min-max: 1-99
OS_Posix_GetSchedulerParams():208:Policy 2: available, min-max: 1-99
OS_Posix_TaskAPI_Impl_Init():401:Selected policy 2 for RT tasks, root task = 99
OS_Posix_TaskAPI_Impl_Init():419:Could not setschedparam in main thread: Operation not permitted (1)
CFE_PSP: initializing module 'soft_timebase' with ID 0110ff00
CFE_PSP: Instantiated software timebase 'cFS-Master' running at 10000 usec
CFE_PSP: initializing module 'timebase_posix_clock' with ID 0110ff01
CFE_PSP: Using POSIX monotonic clock as CFE timebase
CFE_PSP: initializing module 'eeprom_mmap_file' with ID 0110ff02
CFE_PSP: Using MMAP simulated EEPROM implementation
CFE_PSP: EEPROM Range (2) created: Start Address = E16285F9E000, Size = 00080000 Status = 0
CFE_PSP: initializing module 'port_notimpl' with ID 0110ff03
CFE_PSP: I/O Port access not implemented
CFE_PSP: initializing module 'iodriver' with ID 0110ff04
CFE_PSP: initializing module 'linux_sysmon' with ID 0110ff05
CFE_PSP: initializing module 'endian_api' with ID 0110ff06
CFE_PSP: Host CPU Endian=LITTLE
CFE_PSP: initializing module 'ram_notimpl' with ID 0110ff07
CFE_PSP: Physical RAM access not implemented
CFE_PSP: Normal exit from previous cFE instance
CFE_PSP: Starting the cFE with a PROCESSOR reset.
1980-001-00:16:48.07575 CFE_ES_Main: CFE_ES_Main in EARLY_INIT state
1980-001-00:16:48.09102 CFE_ES_InitializeFileSystems: Volatile Disk has 100 Percent free space.
Number of addresses returned by backtrace = 1
CFE_PSP: CFE_PSP_AttachExceptions called
1980-001-00:16:48.11377 CFE_ES_Main: CFE_ES_Main entering CORE_STARTUP state
1980-001-00:16:48.11398 CFE_ES_CreateObjects: Starting Object Creation calls.
1980-001-00:16:48.11543 CFE_ES_CreateObjects: Calling EarlyInit for CFE_CONFIG
1980-001-00:16:48.11855 CFE_ES_CreateObjects: Calling EarlyInit for CFE_ES
1980-001-00:16:48.12404 CFE_ES_CreateObjects: Calling EarlyInit for CFE_EVS
1980-001-00:16:48.12687 CFE_EVS_EarlyInit: Event Log restored, n=0, c=20, f=1, m=1, o=190
1980-001-00:16:48.12732 CFE_ES_CreateObjects: Calling EarlyInit for CFE_FS
1980-001-00:16:48.12754 CFE_ES_CreateObjects: Calling EarlyInit for CFE_SB
1980-001-00:16:48.15092 CFE_ES_CreateObjects: Calling EarlyInit for CFE_TBL
1980-001-00:16:48.17888 CFE_ES_CreateObjects: Calling EarlyInit for CFE_TIME
EVS Port1 1980-012-14:06:11.86735 66/1/CFE_ES 1: cFE ES Initialized: CFE_ES v7.0.1+dev1 (Draco) DEV BUILD, based on v7.0.1, EDS disabled
EVS Port1 1980-012-14:06:11.87588 66/1/CFE_ES 2: cFS Versions: cfe v7.0.1+dev1, osal v7.0.1+dev1, psp v7.0.1+dev1. cFE chksm 31659
EVS Port1 1980-012-14:06:11.87699 66/1/CFE_ES 91: Version Info: Mission SampleMission, version git:v7.0.1-90-g78c23b0-dirty
EVS Port1 1980-012-14:06:11.87754 66/1/CFE_ES 91: Version Info: Module CORE_API, version git:2612eb0
EVS Port1 1980-012-14:06:11.88027 66/1/CFE_ES 91: Version Info: Module CONFIG, version git:2612eb0
EVS Port1 1980-012-14:06:11.88087 66/1/CFE_ES 91: Version Info: Module ES, version git:2612eb0
EVS Port1 1980-012-14:06:11.88114 66/1/CFE_ES 91: Version Info: Module EVS, version git:2612eb0
EVS Port1 1980-012-14:06:11.88145 66/1/CFE_ES 91: Version Info: Module FS, version git:2612eb0
EVS Port1 1980-012-14:06:11.88296 66/1/CFE_ES 91: Version Info: Module SB, version git:2612eb0
EVS Port1 1980-012-14:06:11.88507 66/1/CFE_ES 91: Version Info: Module TBL, version git:2612eb0
EVS Port1 1980-012-14:06:11.88545 66/1/CFE_ES 91: Version Info: Module TIME, version git:2612eb0
EVS Port1 1980-012-14:06:11.88591 66/1/CFE_ES 91: Version Info: Module OSAL, version git:8111e4a
EVS Port1 1980-012-14:06:11.88621 66/1/CFE_ES 91: Version Info: Module PSP, version git:d1da809
EVS Port1 1980-012-14:06:11.88648 66/1/CFE_ES 91: Version Info: Module MSG, version git:2612eb0
EVS Port1 1980-012-14:06:11.88850 66/1/CFE_ES 91: Version Info: Module SBR, version git:2612eb0
EVS Port1 1980-012-14:06:11.88908 66/1/CFE_ES 91: Version Info: Module RESOURCEID, version git:2612eb0
EVS Port1 1980-012-14:06:11.88948 66/1/CFE_ES 92: Build 202609140214 by root@vm, config aarch64
EVS Port1 1980-012-14:06:12.01129 66/1/CFE_EVS 1: cFE EVS Initialized: CFE_EVS v7.0.1+dev1 (Draco) DEV BUILD, based on v7.0.1, EDS disabled
1980-012-14:06:12.11320 CFE_SB_AppInit: Registered 4 events for filtering
EVS Port1 1980-012-14:06:12.11819 66/1/CFE_SB 1: cFE SB Initialized: CFE_SB v7.0.1+dev1 (Draco) DEV BUILD, based on v7.0.1, EDS disabled
EVS Port1 1980-012-14:06:12.11999 66/1/CFE_SB 14: No subscribers for MsgId 0x808,sender CFE_SB
EVS Port1 1980-012-14:06:12.22344 66/1/CFE_TBL 1: cFE TBL Initialized: CFE_TBL v7.0.1+dev1 (Draco) DEV BUILD, based on v7.0.1, EDS disabled
EVS Port1 1980-012-14:06:12.22499 66/1/CFE_SB 14: No subscribers for MsgId 0x808,sender CFE_TBL
EVS Port1 1980-012-14:06:12.34831 66/1/CFE_TIME 1: cFE TIME Initialized: CFE_TIME v7.0.1+dev1 (Draco) DEV BUILD, based on v7.0.1, EDS disabled
EVS Port1 1980-012-14:06:12.35034 66/1/CFE_SB 14: No subscribers for MsgId 0x808,sender CFE_TIME
1980-012-14:06:12.37850 CFE_ES_CreateObjects: Finished ES CreateObject table entries.
1980-012-14:06:12.38003 CFE_ES_Main: CFE_ES_Main entering CORE_READY state
OS_FileOpen_Impl():110:open(/dev/shm/osal:RAM/cfe_es_startup.scr): No such file or directory
1980-012-14:06:12.38824 CFE_ES_OpenStartupScript: Cannot Open Volatile Startup file: /ram/cfe_es_startup.scr, Trying Nonvolatile.
1980-012-14:06:12.39040 CFE_ES_OpenStartupScript: Opened ES App Startup file: /cf/cfe_es_startup.scr
1980-012-14:06:12.43891 CFE_ES_ParseFileEntry: Loading shared library: /cf/cfe_assert.so
1980-012-14:06:12.46487 [BEGIN] CFE FUNCTIONAL TEST
1980-012-14:06:12.46721 [BEGIN] 01 CFE-STARTUP
1980-012-14:06:12.50083 CFE_ES_ParseFileEntry: Loading shared library: /cf/sample_lib.so
SAMPLE Lib Initialized.Sample Lib v7.0.0+dev1 (Draco) DEV BUILD, based on v7.0.1, EDS disabled
1980-012-14:06:12.54455 CFE_ES_ParseFileEntry: Loading file: /cf/sch_lab.so, APP: SCH_LAB
1980-012-14:06:12.59147 CFE_ES_ParseFileEntry: Loading file: /cf/ci_lab.so, APP: CI_LAB
SCH Lab Initialized.SCH Lab v7.0.1+dev1 (Draco) DEV BUILD, based on v7.0.1, EDS disabled
1980-012-14:06:12.70840 CFE_ES_ParseFileEntry: Loading file: /cf/to_lab.so, APP: TO_LAB
1980-012-14:06:12.81112 CI_LAB listening on UDP port: 1234
EVS Port1 1980-012-14:06:12.81520 66/1/CI_LAB 3: CI Lab Initialized.CI Lab App v7.0.1+dev1 (Draco) DEV BUILD, based on v7.0.1, EDS disabled
EVS Port1 1980-012-14:06:12.81922 66/1/CFE_SB 14: No subscribers for MsgId 0x808,sender CI_LAB
EVS Port1 1980-012-14:06:12.82539 66/1/TO_LAB 1: TO Lab Initialized.TO Lab v7.0.1+dev1 (Draco) DEV BUILD, based on v7.0.1, EDS disabled, Awaiting enable command.
1980-012-14:06:12.83516 CFE_ES_ParseFileEntry: Loading file: /cf/sample_app.so, APP: SAMPLE_APP
1980-012-14:06:12.88936 CFE_ES_ParseFileEntry: Loading file: /cf/ai_learner.so, APP: AI_LEARNER
EVS Port1 1980-012-14:06:12.92242 66/1/SAMPLE_APP 1: Sample App Initialized.Sample App v7.0.0+dev1 (Draco) DEV BUILD, based on v7.0.1, EDS disabled
1980-012-14:06:12.95015 CFE_ES_ParseFileEntry: Loading file: /cf/lc.so, APP: LC
{"app":"AI_LEARNER","stage":"build_config","model":"b2_resnet","allow_conditional_map":0,"contract_bounded_bytes":618856,"contract_per_call_bytes":309416,"contract_const_bytes":309440,"contract_bound_known":true,"contract_artifact_sha256":"2e0bc7dc67af80b795ff4847292e51326bf7349a34c434755c365faf4457fabb"}
{"app":"AI_LEARNER","stage":"stack","es_stack_size":263376,"stack_base_bytes":262144,"contract_kernel_stack_bytes":1232,"kernel_stack_accounted":true}
EVS Port1 1980-012-14:06:12.99139 66/1/AI_LEARNER 8: AI_LEARNER stack: es=263376 base=262144 kernel=1232 accounted=1
{"app":"AI_LEARNER","stage":"admission","verdict":"ADMIT","model":"b2_resnet","target":"aarch64-unknown-linux-gnu","bounded":618856,"budget":618856,"budget_source":"override","per_call":309416,"constants":309440,"kernel_stack_bytes":1232,"bound_known":true,"scope":"per_app_local_budget"}
{"app":"AI_LEARNER","stage":"blob_align","requested_offset":16,"state":"applied","module_ptr_mod64":16}
1980-012-14:06:13.01694 CFE_ES_ParseFileEntry: Loading file: /cf/cf.so, APP: CF
EVS Port1 1980-012-14:06:13.05848 66/1/LC 56: WDT verify results: good = 0, bad = 0, unused = 176
EVS Port1 1980-012-14:06:13.07749 66/1/LC 66: ADT verify results: good = 0, bad = 0, unused = 176
EVS Port1 1980-012-14:06:13.08645 66/1/LC 23: LC use of Critical Data Store disabled, activity mask = 0x00991990
EVS Port1 1980-012-14:06:13.08935 66/1/LC 2: LC Initialized. Version 7.0.1.255
1980-012-14:06:13.13198 CFE_ES_ParseFileEntry: Loading file: /cf/ds.so, APP: DS
EVS Port1 1980-012-14:06:13.21130 66/1/CF 20: CF Initialized. Version 7.0.1.255
{"app":"AI_LEARNER","stage":"binding","verdict":"MATCH","artifact_bytes":343538,"artifact_sha256":"2e0bc7dc67af80b7","contract_sha256":"2e0bc7dc67af80b7"}
EVS Port1 1980-012-14:06:13.25245 66/1/DS 10: Destination file table verify results: good entries = 6, bad = 0, unused = 10
1980-012-14:06:13.26212 CFE_ES_ParseFileEntry: Loading file: /cf/fm.so, APP: FM
EVS Port1 1980-012-14:06:13.27418 66/1/DS 12: Filter table verify results: good entries = 14, bad = 0, unused = 242
EVS Port1 1980-012-14:06:13.29635 66/1/DS 1: Application initialized, version 7.0.1.255, data at 0xe16285850460
1980-012-14:06:13.36043 CFE_ES_ParseFileEntry: Loading file: /cf/hk.so, APP: HK
EVS Port1 1980-012-14:06:13.39949 66/1/FM 80: Free Space Table verify results: good entries = 3, bad = 0, unused = 5
EVS Port1 1980-012-14:06:13.46249 66/1/FM 1: Initialization complete: version 7.0.1.255
EVS Port1 1980-012-14:06:13.52342 66/1/FM 72: Child Task initialization complete
EVS Port1 1980-012-14:06:13.54428 66/1/HK 1: HK Initialized.  Version 7.0.1.255
1980-012-14:06:13.56406 CFE_ES_ParseFileEntry: Loading file: /cf/hs.so, APP: HS
1980-012-14:06:13.64214 CFE_ES_ParseFileEntry: Loading file: /cf/mm.so, APP: MM
EVS Port1 1980-012-14:06:13.69281 66/1/HS 54: ExeCount verify results: good = 5, bad = 0, unused = 27
{"app":"AI_LEARNER","stage":"map_branch","model":"b2_resnet","module_ptr_mod64":16,"hal_peak_after_append":309440,"contract_const_bytes":309440,"contract_per_call_bytes":309416,"arm":"copy","admission_mode":"unconditional"}
EVS Port1 1980-012-14:06:13.71032 66/1/HS 50: AppMon verify results: good = 0, bad = 0, unused = 32
{"app":"AI_LEARNER","stage":"mem_init","model":"b2_resnet","target":"aarch64-unknown-linux-gnu","hal_peak":321728,"hal_allocated":321728,"bounded":618856,"peak_within_bounded":true,"inferences_so_far":0,"process_rss_kb":6288,"rss_kb_before_runtime":5248,"rss_kb_after_session":5608,"rss_kb_after_init":6288}
{"app":"AI_LEARNER","stage":"e25_mode","active":false,"inputs_path":"/cf/e25_inputs.bin"}
EVS Port1 1980-012-14:06:13.72842 66/1/HS 52: EventMon verify results: good = 0, bad = 0, unused = 16
EVS Port1 1980-012-14:06:13.74349 66/1/AI_LEARNER 3: AI_LEARNER initialized: model b2_resnet (343538 B), rss_delta_init=1040 KB
EVS Port1 1980-012-14:06:13.75106 66/1/HS 56: MsgActs verify results: good = 2, bad = 0, unused = 6
EVS Port1 1980-012-14:06:13.75852 66/1/MM 1: MM Initialized. Version 7.0.1.255
1980-012-14:06:13.76804 HS_SysMonInit(): System Monitor using PSP device ID 0110ff05
1980-012-14:06:13.77132 CFE_ES_ParseFileEntry: Loading file: /cf/sc.so, APP: SC
CFE_PSP(Linux_SysMon): Started CPU utilization monitoring on 1 CPU(s)
EVS Port1 1980-012-14:06:13.81414 66/1/HS 1: HS Initialized.  Version 7.0.1.255
1980-012-14:06:13.83053 CFE_ES_ParseFileEntry: Loading file: /cf/md.so, APP: MD
EVS Port1 1980-012-14:06:13.01316 66/1/CFE_TIME 21: Stop FLYWHEEL
EVS Port1 1980-012-14:06:13.07078 66/1/MD 52: MD Dwell Tbl verify results: good = 0, bad = 0, unused = 25
EVS Port1 1980-012-14:06:13.07312 66/1/SC 21: RTS table files not loaded at initialization = 0 of 4
1980-012-14:06:13.06933 CFE_ES_ParseFileEntry: Loading file: /cf/cs.so, APP: CS
EVS Port1 1980-012-14:06:13.07734 66/1/MD 3: Recovered Dwell Table #1 is valid and has been copied to the MD App
EVS Port1 1980-012-14:06:13.09417 66/1/MD 52: MD Dwell Tbl verify results: good = 0, bad = 0, unused = 25
EVS Port1 1980-012-14:06:13.10136 66/1/MD 3: Recovered Dwell Table #2 is valid and has been copied to the MD App
EVS Port1 1980-012-14:06:13.10411 66/1/SC 9: SC Initialized. Version 7.0.1.255
EVS Port1 1980-012-14:06:13.11335 66/1/MD 52: MD Dwell Tbl verify results: good = 0, bad = 0, unused = 25
EVS Port1 1980-012-14:06:13.12390 66/1/MD 3: Recovered Dwell Table #3 is valid and has been copied to the MD App
EVS Port1 1980-012-14:06:13.13136 66/1/MD 52: MD Dwell Tbl verify results: good = 0, bad = 0, unused = 25
EVS Port1 1980-012-14:06:13.13366 66/1/MD 3: Recovered Dwell Table #4 is valid and has been copied to the MD App
EVS Port1 1980-012-14:06:13.13737 66/1/MD 7: Dwell Tables Recovered: 4, Dwell Tables Initialized: 0
EVS Port1 1980-012-14:06:13.13830 66/1/MD 1: MD Initialized.  Version 7.0.1.255
EVS Port1 1980-012-14:06:13.19017 66/1/CS 144: CS EEPROM Table verification results: good = 0, bad = 0, unused = 16
EVS Port1 1980-012-14:06:13.19403 66/1/CS 107: CS EEPROM Table: No valid entries in the table
EVS Port1 1980-012-14:06:13.20074 66/1/CS 143: CS Memory Table verification results: good = 0, bad = 0, unused = 16
EVS Port1 1980-012-14:06:13.20184 66/1/CS 107: CS Memory Table: No valid entries in the table
EVS Port1 1980-012-14:06:13.20866 66/1/CS 139: CS Tables Table verification results: good = 1, bad = 0, unused = 23
EVS Port1 1980-012-14:06:13.21533 66/1/CS 142: CS Apps Table verification results: good = 0, bad = 0, unused = 24
EVS Port1 1980-012-14:06:13.21923 66/1/CS 108: CS Apps Table: No valid entries in the table
EVS Port1 1980-012-14:06:13.22630 66/1/CS 127: OS Text Segment disabled due to platform
EVS Port1 1980-012-14:06:13.22811 66/1/CS 1: CS Initialized. Version 7.0.1.255
1980-012-14:06:13.23371 CFE_ES_Main: CFE_ES_Main entering APPS_INIT state
1980-012-14:06:13.23402 CFE_ES_Main: CFE_ES_Main entering OPERATIONAL state
EVS Port1 1980-012-14:06:13.27304 66/1/TO_LAB 19: L550 TO Lab subscribed to 32 messages from the table
EVS Port1 1980-012-14:06:17.38076 66/1/AI_LEARNER 4: AI_LEARNER completed=1/1 mean=655750.0us max=655750.0us hal_peak=618856 within_bounded=1
{"app":"AI_LEARNER","stage":"run","model":"b2_resnet","target":"aarch64-unknown-linux-gnu","attempted":1,"completed":1,"fail_input":0,"fail_invoke":0,"fail_output":0,"mean_us":655749.98,"max_us":655749.98,"last_us":655749.98,"out0":0.35276,"out_elems":10,"out_sha256":"fc0a2dda317902b13ea77e3255b2fc98856639b7665ef3adb2845f62e5009bd2","out_head":[0.352762,0.001089,0.001762,0.063496,0.333236,0.006337],"out_tail":[0.333236,0.006337,0.202586,0.013290,0.019226,0.006216],"out_full_file":"/cf/last_out.json","out_full_file_bytes":182,"out_full_file_reason":"ok","out_record_truncates":false}
{"app":"AI_LEARNER","stage":"mem","model":"b2_resnet","target":"aarch64-unknown-linux-gnu","completed":1,"hal_peak":618856,"peak_within_bounded":true,"admitted_budget_bytes":618856,"peak_within_admitted_budget":true,"admission_mode":"unconditional","hal_bytes_per_call_amortized":618856.0,"process_rss_kb":6880,"process_rss_delta_init_kb":1040,"max_active_calls":1,"active_calls_now":0,"call_counter_balanced":true}
.EVS Port1 1980-012-14:06:21.20263 66/1/AI_LEARNER 4: AI_LEARNER completed=2/2 mean=566065.8us max=655750.0us hal_peak=618856 within_bounded=1
{"app":"AI_LEARNER","stage":"run","model":"b2_resnet","target":"aarch64-unknown-linux-gnu","attempted":2,"completed":2,"fail_input":0,"fail_invoke":0,"fail_output":0,"mean_us":566065.75,"max_us":655749.98,"last_us":476381.52,"out0":0.35276,"out_elems":10,"out_sha256":"fc0a2dda317902b13ea77e3255b2fc98856639b7665ef3adb2845f62e5009bd2","out_head":[0.352762,0.001089,0.001762,0.063496,0.333236,0.006337],"out_tail":[0.333236,0.006337,0.202586,0.013290,0.019226,0.006216],"out_full_file":"/cf/last_out.json","out_full_file_bytes":182,"out_full_file_reason":"ok","out_record_truncates":false}
{"app":"AI_LEARNER","stage":"mem","model":"b2_resnet","target":"aarch64-unknown-linux-gnu","completed":2,"hal_peak":618856,"peak_within_bounded":true,"admitted_budget_bytes":618856,"peak_within_admitted_budget":true,"admission_mode":"unconditional","hal_bytes_per_call_amortized":457992.0,"process_rss_kb":7172,"process_rss_delta_init_kb":1040,"max_active_calls":1,"active_calls_now":0,"call_counter_balanced":true}
.EVS Port1 1980-012-14:06:25.50865 66/1/AI_LEARNER 4: AI_LEARNER completed=3/3 mean=636075.2us max=776094.0us hal_peak=618856 within_bounded=1
{"app":"AI_LEARNER","stage":"run","model":"b2_resnet","target":"aarch64-unknown-linux-gnu","attempted":3,"completed":3,"fail_input":0,"fail_invoke":0,"fail_output":0,"mean_us":636075.16,"max_us":776093.98,"last_us":776093.98,"out0":0.35276,"out_elems":10,"out_sha256":"fc0a2dda317902b13ea77e3255b2fc98856639b7665ef3adb2845f62e5009bd2","out_head":[0.352762,0.001089,0.001762,0.063496,0.333236,0.006337],"out_tail":[0.333236,0.006337,0.202586,0.013290,0.019226,0.006216],"out_full_file":"/cf/last_out.json","out_full_file_bytes":182,"out_full_file_reason":"ok","out_record_truncates":false}
{"app":"AI_LEARNER","stage":"mem","model":"b2_resnet","target":"aarch64-unknown-linux-gnu","completed":3,"hal_peak":618856,"peak_within_bounded":true,"admitted_budget_bytes":618856,"peak_within_admitted_budget":true,"admission_mode":"unconditional","hal_bytes_per_call_amortized":404370.7,"process_rss_kb":7172,"process_rss_delta_init_kb":1040,"max_active_calls":1,"active_calls_now":0,"call_counter_balanced":true}
EVS Port1 1980-012-14:06:29.28405 66/1/AI_LEARNER 4: AI_LEARNER completed=4/4 mean=612578.0us max=776094.0us hal_peak=618856 within_bounded=1
{"app":"AI_LEARNER","stage":"run","model":"b2_resnet","target":"aarch64-unknown-linux-gnu","attempted":4,"completed":4,"fail_input":0,"fail_invoke":0,"fail_output":0,"mean_us":612577.95,"max_us":776093.98,"last_us":542086.32,"out0":0.35276,"out_elems":10,"out_sha256":"fc0a2dda317902b13ea77e3255b2fc98856639b7665ef3adb2845f62e5009bd2","out_head":[0.352762,0.001089,0.001762,0.063496,0.333236,0.006337],"out_tail":[0.333236,0.006337,0.202586,0.013290,0.019226,0.006216],"out_full_file":"/cf/last_out.json","out_full_file_bytes":182,"out_full_file_reason":"ok","out_record_truncates":false}
{"app":"AI_LEARNER","stage":"mem","model":"b2_resnet","target":"aarch64-unknown-linux-gnu","completed":4,"hal_peak":618856,"peak_within_bounded":true,"admitted_budget_bytes":618856,"peak_within_admitted_budget":true,"admission_mode":"unconditional","hal_bytes_per_call_amortized":377560.0,"process_rss_kb":7172,"process_rss_delta_init_kb":1040,"max_active_calls":1,"active_calls_now":0,"call_counter_balanced":true}
.EVS Port1 1980-012-14:06:33.25997 66/1/AI_LEARNER 4: AI_LEARNER completed=5/5 mean=596459.2us max=776094.0us hal_peak=618856 within_bounded=1
{"app":"AI_LEARNER","stage":"run","model":"b2_resnet","target":"aarch64-unknown-linux-gnu","attempted":5,"completed":5,"fail_input":0,"fail_invoke":0,"fail_output":0,"mean_us":596459.17,"max_us":776093.98,"last_us":531984.03,"out0":0.35276,"out_elems":10,"out_sha256":"fc0a2dda317902b13ea77e3255b2fc98856639b7665ef3adb2845f62e5009bd2","out_head":[0.352762,0.001089,0.001762,0.063496,0.333236,0.006337],"out_tail":[0.333236,0.006337,0.202586,0.013290,0.019226,0.006216],"out_full_file":"/cf/last_out.json","out_full_file_bytes":182,"out_full_file_reason":"ok","out_record_truncates":false}
{"app":"AI_LEARNER","stage":"mem","model":"b2_resnet","target":"aarch64-unknown-linux-gnu","completed":5,"hal_peak":618856,"peak_within_bounded":true,"admitted_budget_bytes":618856,"peak_within_admitted_budget":true,"admission_mode":"unconditional","hal_bytes_per_call_amortized":361473.6,"process_rss_kb":7172,"process_rss_delta_init_kb":1040,"max_active_calls":1,"active_calls_now":0,"call_counter_balanced":true}
.EVS Port1 1980-012-14:06:37.50195 66/1/AI_LEARNER 4: AI_LEARNER completed=6/6 mean=625460.2us max=776094.0us hal_peak=618856 within_bounded=1
{"app":"AI_LEARNER","stage":"run","model":"b2_resnet","target":"aarch64-unknown-linux-gnu","attempted":6,"completed":6,"fail_input":0,"fail_invoke":0,"fail_output":0,"mean_us":625460.16,"max_us":776093.98,"last_us":770465.12,"out0":0.35276,"out_elems":10,"out_sha256":"fc0a2dda317902b13ea77e3255b2fc98856639b7665ef3adb2845f62e5009bd2","out_head":[0.352762,0.001089,0.001762,0.063496,0.333236,0.006337],"out_tail":[0.333236,0.006337,0.202586,0.013290,0.019226,0.006216],"out_full_file":"/cf/last_out.json","out_full_file_bytes":182,"out_full_file_reason":"ok","out_record_truncates":false}
{"app":"AI_LEARNER","stage":"mem","model":"b2_resnet","target":"aarch64-unknown-linux-gnu","completed":6,"hal_peak":618856,"peak_within_bounded":true,"admitted_budget_bytes":618856,"peak_within_admitted_budget":true,"admission_mode":"unconditional","hal_bytes_per_call_amortized":350749.3,"process_rss_kb":7172,"process_rss_delta_init_kb":1040,"max_active_calls":1,"active_calls_now":0,"call_counter_balanced":true}
EVS Port1 1980-012-14:06:41.25186 66/1/AI_LEARNER 4: AI_LEARNER completed=7/7 mean=611537.2us max=776094.0us hal_peak=618856 within_bounded=1
{"app":"AI_LEARNER","stage":"run","model":"b2_resnet","target":"aarch64-unknown-linux-gnu","attempted":7,"completed":7,"fail_input":0,"fail_invoke":0,"fail_output":0,"mean_us":611537.17,"max_us":776093.98,"last_us":527999.20,"out0":0.35276,"out_elems":10,"out_sha256":"fc0a2dda317902b13ea77e3255b2fc98856639b7665ef3adb2845f62e5009bd2","out_head":[0.352762,0.001089,0.001762,0.063496,0.333236,0.006337],"out_tail":[0.333236,0.006337,0.202586,0.013290,0.019226,0.006216],"out_full_file":"/cf/last_out.json","out_full_file_bytes":182,"out_full_file_reason":"ok","out_record_truncates":false}
{"app":"AI_LEARNER","stage":"mem","model":"b2_resnet","target":"aarch64-unknown-linux-gnu","completed":7,"hal_peak":618856,"peak_within_bounded":true,"admitted_budget_bytes":618856,"peak_within_admitted_budget":true,"admission_mode":"unconditional","hal_bytes_per_call_amortized":343089.1,"process_rss_kb":7172,"process_rss_delta_init_kb":1040,"max_active_calls":1,"active_calls_now":0,"call_counter_balanced":true}
.EVS Port1 1980-012-14:06:45.17088 66/1/AI_LEARNER 4: AI_LEARNER completed=8/8 mean=591902.3us max=776094.0us hal_peak=618856 within_bounded=1
{"app":"AI_LEARNER","stage":"run","model":"b2_resnet","target":"aarch64-unknown-linux-gnu","attempted":8,"completed":8,"fail_input":0,"fail_invoke":0,"fail_output":0,"mean_us":591902.27,"max_us":776093.98,"last_us":454458.02,"out0":0.35276,"out_elems":10,"out_sha256":"fc0a2dda317902b13ea77e3255b2fc98856639b7665ef3adb2845f62e5009bd2","out_head":[0.352762,0.001089,0.001762,0.063496,0.333236,0.006337],"out_tail":[0.333236,0.006337,0.202586,0.013290,0.019226,0.006216],"out_full_file":"/cf/last_out.json","out_full_file_bytes":182,"out_full_file_reason":"ok","out_record_truncates":false}
{"app":"AI_LEARNER","stage":"mem","model":"b2_resnet","target":"aarch64-unknown-linux-gnu","completed":8,"hal_peak":618856,"peak_within_bounded":true,"admitted_budget_bytes":618856,"peak_within_admitted_budget":true,"admission_mode":"unconditional","hal_bytes_per_call_amortized":337344.0,"process_rss_kb":7172,"process_rss_delta_init_kb":1040,"max_active_calls":1,"active_calls_now":0,"call_counter_balanced":true}
EVS Port1 1980-012-14:06:49.26081 66/1/AI_LEARNER 4: AI_LEARNER completed=9/9 mean=586116.9us max=776094.0us hal_peak=618856 within_bounded=1
{"app":"AI_LEARNER","stage":"run","model":"b2_resnet","target":"aarch64-unknown-linux-gnu","attempted":9,"completed":9,"fail_input":0,"fail_invoke":0,"fail_output":0,"mean_us":586116.87,"max_us":776093.98,"last_us":539833.62,"out0":0.35276,"out_elems":10,"out_sha256":"fc0a2dda317902b13ea77e3255b2fc98856639b7665ef3adb2845f62e5009bd2","out_head":[0.352762,0.001089,0.001762,0.063496,0.333236,0.006337],"out_tail":[0.333236,0.006337,0.202586,0.013290,0.019226,0.006216],"out_full_file":"/cf/last_out.json","out_full_file_bytes":182,"out_full_file_reason":"ok","out_record_truncates":false}
{"app":"AI_LEARNER","stage":"mem","model":"b2_resnet","target":"aarch64-unknown-linux-gnu","completed":9,"hal_peak":618856,"peak_within_bounded":true,"admitted_budget_bytes":618856,"peak_within_admitted_budget":true,"admission_mode":"unconditional","hal_bytes_per_call_amortized":332875.6,"process_rss_kb":7176,"process_rss_delta_init_kb":1040,"max_active_calls":1,"active_calls_now":0,"call_counter_balanced":true}
.EVS Port1 1980-012-14:06:53.28892 66/1/AI_LEARNER 4: AI_LEARNER completed=10/10 mean=582227.1us max=776094.0us hal_peak=618856 within_bounded=1
{"app":"AI_LEARNER","stage":"run","model":"b2_resnet","target":"aarch64-unknown-linux-gnu","attempted":10,"completed":10,"fail_input":0,"fail_invoke":0,"fail_output":0,"mean_us":582227.08,"max_us":776093.98,"last_us":547219.06,"out0":0.35276,"out_elems":10,"out_sha256":"fc0a2dda317902b13ea77e3255b2fc98856639b7665ef3adb2845f62e5009bd2","out_head":[0.352762,0.001089,0.001762,0.063496,0.333236,0.006337],"out_tail":[0.333236,0.006337,0.202586,0.013290,0.019226,0.006216],"out_full_file":"/cf/last_out.json","out_full_file_bytes":183,"out_full_file_reason":"ok","out_record_truncates":false}
{"app":"AI_LEARNER","stage":"mem","model":"b2_resnet","target":"aarch64-unknown-linux-gnu","completed":10,"hal_peak":618856,"peak_within_bounded":true,"admitted_budget_bytes":618856,"peak_within_admitted_budget":true,"admission_mode":"unconditional","hal_bytes_per_call_amortized":329300.8,"process_rss_kb":7176,"process_rss_delta_init_kb":1040,"max_active_calls":1,"active_calls_now":0,"call_counter_balanced":true}
.EVS Port1 1980-012-14:06:57.39425 66/1/AI_LEARNER 4: AI_LEARNER completed=11/11 mean=588569.0us max=776094.0us hal_peak=618856 within_bounded=1
{"app":"AI_LEARNER","stage":"run","model":"b2_resnet","target":"aarch64-unknown-linux-gnu","attempted":11,"completed":11,"fail_input":0,"fail_invoke":0,"fail_output":0,"mean_us":588568.98,"max_us":776093.98,"last_us":651987.92,"out0":0.35276,"out_elems":10,"out_sha256":"fc0a2dda317902b13ea77e3255b2fc98856639b7665ef3adb2845f62e5009bd2","out_head":[0.352762,0.001089,0.001762,0.063496,0.333236,0.006337],"out_tail":[0.333236,0.006337,0.202586,0.013290,0.019226,0.006216],"out_full_file":"/cf/last_out.json","out_full_file_bytes":183,"out_full_file_reason":"ok","out_record_truncates":false}
{"app":"AI_LEARNER","stage":"mem","model":"b2_resnet","target":"aarch64-unknown-linux-gnu","completed":11,"hal_peak":618856,"peak_within_bounded":true,"admitted_budget_bytes":618856,"peak_within_admitted_budget":true,"admission_mode":"unconditional","hal_bytes_per_call_amortized":326376.0,"process_rss_kb":7176,"process_rss_delta_init_kb":1040,"max_active_calls":1,"active_calls_now":0,"call_counter_balanced":true}
.EVS Port1 1980-012-14:07:01.37818 66/1/AI_LEARNER 4: AI_LEARNER completed=12/12 mean=594185.3us max=776094.0us hal_peak=618856 within_bounded=1
{"app":"AI_LEARNER","stage":"run","model":"b2_resnet","target":"aarch64-unknown-linux-gnu","attempted":12,"completed":12,"fail_input":0,"fail_invoke":0,"fail_output":0,"mean_us":594185.29,"max_us":776093.98,"last_us":655964.72,"out0":0.35276,"out_elems":10,"out_sha256":"fc0a2dda317902b13ea77e3255b2fc98856639b7665ef3adb2845f62e5009bd2","out_head":[0.352762,0.001089,0.001762,0.063496,0.333236,0.006337],"out_tail":[0.333236,0.006337,0.202586,0.013290,0.019226,0.006216],"out_full_file":"/cf/last_out.json","out_full_file_bytes":183,"out_full_file_reason":"ok","out_record_truncates":false}
{"app":"AI_LEARNER","stage":"mem","model":"b2_resnet","target":"aarch64-unknown-linux-gnu","completed":12,"hal_peak":618856,"peak_within_bounded":true,"admitted_budget_bytes":618856,"peak_within_admitted_budget":true,"admission_mode":"unconditional","hal_bytes_per_call_amortized":323938.7,"process_rss_kb":7176,"process_rss_delta_init_kb":1040,"max_active_calls":1,"active_calls_now":0,"call_counter_balanced":true}
EVS Port1 1980-012-14:07:05.28414 66/1/AI_LEARNER 4: AI_LEARNER completed=13/13 mean=589783.7us max=776094.0us hal_peak=618856 within_bounded=1
{"app":"AI_LEARNER","stage":"run","model":"b2_resnet","target":"aarch64-unknown-linux-gnu","attempted":13,"completed":13,"fail_input":0,"fail_invoke":0,"fail_output":0,"mean_us":589783.70,"max_us":776093.98,"last_us":536964.61,"out0":0.35276,"out_elems":10,"out_sha256":"fc0a2dda317902b13ea77e3255b2fc98856639b7665ef3adb2845f62e5009bd2","out_head":[0.352762,0.001089,0.001762,0.063496,0.333236,0.006337],"out_tail":[0.333236,0.006337,0.202586,0.013290,0.019226,0.006216],"out_full_file":"/cf/last_out.json","out_full_file_bytes":183,"out_full_file_reason":"ok","out_record_truncates":false}
{"app":"AI_LEARNER","stage":"mem","model":"b2_resnet","target":"aarch64-unknown-linux-gnu","completed":13,"hal_peak":618856,"peak_within_bounded":true,"admitted_budget_bytes":618856,"peak_within_admitted_budget":true,"admission_mode":"unconditional","hal_bytes_per_call_amortized":321876.3,"process_rss_kb":7176,"process_rss_delta_init_kb":1040,"max_active_calls":1,"active_calls_now":0,"call_counter_balanced":true}
.EVS Port1 1980-012-14:07:09.27583 66/1/AI_LEARNER 4: AI_LEARNER completed=14/14 mean=584239.3us max=776094.0us hal_peak=618856 within_bounded=1
{"app":"AI_LEARNER","stage":"run","model":"b2_resnet","target":"aarch64-unknown-linux-gnu","attempted":14,"completed":14,"fail_input":0,"fail_invoke":0,"fail_output":0,"mean_us":584239.27,"max_us":776093.98,"last_us":512161.71,"out0":0.35276,"out_elems":10,"out_sha256":"fc0a2dda317902b13ea77e3255b2fc98856639b7665ef3adb2845f62e5009bd2","out_head":[0.352762,0.001089,0.001762,0.063496,0.333236,0.006337],"out_tail":[0.333236,0.006337,0.202586,0.013290,0.019226,0.006216],"out_full_file":"/cf/last_out.json","out_full_file_bytes":183,"out_full_file_reason":"ok","out_record_truncates":false}
{"app":"AI_LEARNER","stage":"mem","model":"b2_resnet","target":"aarch64-unknown-linux-gnu","completed":14,"hal_peak":618856,"peak_within_bounded":true,"admitted_budget_bytes":618856,"peak_within_admitted_budget":true,"admission_mode":"unconditional","hal_bytes_per_call_amortized":320108.6,"process_rss_kb":7176,"process_rss_delta_init_kb":1040,"max_active_calls":1,"active_calls_now":0,"call_counter_balanced":true}
EVS Port1 1980-012-14:07:13.24041 66/1/AI_LEARNER 4: AI_LEARNER completed=15/15 mean=579888.8us max=776094.0us hal_peak=618856 within_bounded=1
{"app":"AI_LEARNER","stage":"run","model":"b2_resnet","target":"aarch64-unknown-linux-gnu","attempted":15,"completed":15,"fail_input":0,"fail_invoke":0,"fail_output":0,"mean_us":579888.85,"max_us":776093.98,"last_us":518982.90,"out0":0.35276,"out_elems":10,"out_sha256":"fc0a2dda317902b13ea77e3255b2fc98856639b7665ef3adb2845f62e5009bd2","out_head":[0.352762,0.001089,0.001762,0.063496,0.333236,0.006337],"out_tail":[0.333236,0.006337,0.202586,0.013290,0.019226,0.006216],"out_full_file":"/cf/last_out.json","out_full_file_bytes":183,"out_full_file_reason":"ok","out_record_truncates":false}
{"app":"AI_LEARNER","stage":"mem","model":"b2_resnet","target":"aarch64-unknown-linux-gnu","completed":15,"hal_peak":618856,"peak_within_bounded":true,"admitted_budget_bytes":618856,"peak_within_admitted_budget":true,"admission_mode":"unconditional","hal_bytes_per_call_amortized":318576.5,"process_rss_kb":7176,"process_rss_delta_init_kb":1040,"max_active_calls":1,"active_calls_now":0,"call_counter_balanced":true}
.EVS Port1 1980-012-14:07:19.11334 66/1/CFE_TIME 20: Start FLYWHEEL
EVS Port1 1980-012-14:07:19.35719 66/1/AI_LEARNER 4: AI_LEARNER completed=16/16 mean=703033.9us max=2550209.7us hal_peak=618856 within_bounded=1
{"app":"AI_LEARNER","stage":"run","model":"b2_resnet","target":"aarch64-unknown-linux-gnu","attempted":16,"completed":16,"fail_input":0,"fail_invoke":0,"fail_output":0,"mean_us":703033.90,"max_us":2550209.73,"last_us":2550209.73,"out0":0.35276,"out_elems":10,"out_sha256":"fc0a2dda317902b13ea77e3255b2fc98856639b7665ef3adb2845f62e5009bd2","out_head":[0.352762,0.001089,0.001762,0.063496,0.333236,0.006337],"out_tail":[0.333236,0.006337,0.202586,0.013290,0.019226,0.006216],"out_full_file":"/cf/last_out.json","out_full_file_bytes":183,"out_full_file_reason":"ok","out_record_truncates":false}
{"app":"AI_LEARNER","stage":"mem","model":"b2_resnet","target":"aarch64-unknown-linux-gnu","completed":16,"hal_peak":618856,"peak_within_bounded":true,"admitted_budget_bytes":618856,"peak_within_admitted_budget":true,"admission_mode":"unconditional","hal_bytes_per_call_amortized":317236.0,"process_rss_kb":7180,"process_rss_delta_init_kb":1040,"max_active_calls":1,"active_calls_now":0,"call_counter_balanced":true}
.EVS Port1 1980-012-14:07:21.06567 66/1/CFE_TIME 21: Stop FLYWHEEL
EVS Port1 1980-012-14:07:22.96917 66/1/AI_LEARNER 4: AI_LEARNER completed=17/17 mean=791365.7us max=2550209.7us hal_peak=618856 within_bounded=1
{"app":"AI_LEARNER","stage":"run","model":"b2_resnet","target":"aarch64-unknown-linux-gnu","attempted":17,"completed":17,"fail_input":0,"fail_invoke":0,"fail_output":0,"mean_us":791365.73,"max_us":2550209.73,"last_us":2204674.98,"out0":0.35276,"out_elems":10,"out_sha256":"fc0a2dda317902b13ea77e3255b2fc98856639b7665ef3adb2845f62e5009bd2","out_head":[0.352762,0.001089,0.001762,0.063496,0.333236,0.006337],"out_tail":[0.333236,0.006337,0.202586,0.013290,0.019226,0.006216],"out_full_file":"/cf/last_out.json","out_full_file_bytes":183,"out_full_file_reason":"ok","out_record_truncates":false}
{"app":"AI_LEARNER","stage":"mem","model":"b2_resnet","target":"aarch64-unknown-linux-gnu","completed":17,"hal_peak":618856,"peak_within_bounded":true,"admitted_budget_bytes":618856,"peak_within_admitted_budget":true,"admission_mode":"unconditional","hal_bytes_per_call_amortized":316053.2,"process_rss_kb":7180,"process_rss_delta_init_kb":1040,"max_active_calls":1,"active_calls_now":0,"call_counter_balanced":true}
EVS Port1 1980-012-14:07:24.01104 66/1/CFE_TIME 21: Stop FLYWHEEL
EVS Port1 1980-012-14:07:25.01426 66/1/CFE_TIME 20: Start FLYWHEEL
.EVS Port1 1980-012-14:07:26.83842 66/1/AI_LEARNER 4: AI_LEARNER completed=18/18 mean=863180.8us max=2550209.7us hal_peak=618856 within_bounded=1
{"app":"AI_LEARNER","stage":"run","model":"b2_resnet","target":"aarch64-unknown-linux-gnu","attempted":18,"completed":18,"fail_input":0,"fail_invoke":0,"fail_output":0,"mean_us":863180.85,"max_us":2550209.73,"last_us":2084037.86,"out0":0.35276,"out_elems":10,"out_sha256":"fc0a2dda317902b13ea77e3255b2fc98856639b7665ef3adb2845f62e5009bd2","out_head":[0.352762,0.001089,0.001762,0.063496,0.333236,0.006337],"out_tail":[0.333236,0.006337,0.202586,0.013290,0.019226,0.006216],"out_full_file":"/cf/last_out.json","out_full_file_bytes":183,"out_full_file_reason":"ok","out_record_truncates":false}
{"app":"AI_LEARNER","stage":"mem","model":"b2_resnet","target":"aarch64-unknown-linux-gnu","completed":18,"hal_peak":618856,"peak_within_bounded":true,"admitted_budget_bytes":618856,"peak_within_admitted_budget":true,"admission_mode":"unconditional","hal_bytes_per_call_amortized":315001.8,"process_rss_kb":7180,"process_rss_delta_init_kb":1040,"max_active_calls":1,"active_calls_now":0,"call_counter_balanced":true}
EVS Port1 1980-012-14:07:27.04631 66/1/CFE_TIME 20: Start FLYWHEEL
EVS Port1 1980-012-14:07:28.02008 66/1/CFE_TIME 21: Stop FLYWHEEL
EVS Port1 1980-012-14:07:29.36618 66/1/AI_LEARNER 4: AI_LEARNER completed=19/19 mean=849264.3us max=2550209.7us hal_peak=618856 within_bounded=1
{"app":"AI_LEARNER","stage":"run","model":"b2_resnet","target":"aarch64-unknown-linux-gnu","attempted":19,"completed":19,"fail_input":0,"fail_invoke":0,"fail_output":0,"mean_us":849264.29,"max_us":2550209.73,"last_us":598766.19,"out0":0.35276,"out_elems":10,"out_sha256":"fc0a2dda317902b13ea77e3255b2fc98856639b7665ef3adb2845f62e5009bd2","out_head":[0.352762,0.001089,0.001762,0.063496,0.333236,0.006337],"out_tail":[0.333236,0.006337,0.202586,0.013290,0.019226,0.006216],"out_full_file":"/cf/last_out.json","out_full_file_bytes":183,"out_full_file_reason":"ok","out_record_truncates":false}
{"app":"AI_LEARNER","stage":"mem","model":"b2_resnet","target":"aarch64-unknown-linux-gnu","completed":19,"hal_peak":618856,"peak_within_bounded":true,"admitted_budget_bytes":618856,"peak_within_admitted_budget":true,"admission_mode":"unconditional","hal_bytes_per_call_amortized":314061.1,"process_rss_kb":7180,"process_rss_delta_init_kb":1040,"max_active_calls":1,"active_calls_now":0,"call_counter_balanced":true}
.EVS Port1 1980-012-14:07:33.38725 66/1/AI_LEARNER 4: AI_LEARNER completed=20/20 mean=839633.4us max=2550209.7us hal_peak=618856 within_bounded=1
{"app":"AI_LEARNER","stage":"run","model":"b2_resnet","target":"aarch64-unknown-linux-gnu","attempted":20,"completed":20,"fail_input":0,"fail_invoke":0,"fail_output":0,"mean_us":839633.43,"max_us":2550209.73,"last_us":656647.09,"out0":0.35276,"out_elems":10,"out_sha256":"fc0a2dda317902b13ea77e3255b2fc98856639b7665ef3adb2845f62e5009bd2","out_head":[0.352762,0.001089,0.001762,0.063496,0.333236,0.006337],"out_tail":[0.333236,0.006337,0.202586,0.013290,0.019226,0.006216],"out_full_file":"/cf/last_out.json","out_full_file_bytes":183,"out_full_file_reason":"ok","out_record_truncates":false}
{"app":"AI_LEARNER","stage":"mem","model":"b2_resnet","target":"aarch64-unknown-linux-gnu","completed":20,"hal_peak":618856,"peak_within_bounded":true,"admitted_budget_bytes":618856,"peak_within_admitted_budget":true,"admission_mode":"unconditional","hal_bytes_per_call_amortized":313214.4,"process_rss_kb":7180,"process_rss_delta_init_kb":1040,"max_active_calls":1,"active_calls_now":0,"call_counter_balanced":true}
.EVS Port1 1980-012-14:07:37.36932 66/1/AI_LEARNER 4: AI_LEARNER completed=21/21 mean=829792.8us max=2550209.7us hal_peak=618856 within_bounded=1
{"app":"AI_LEARNER","stage":"run","model":"b2_resnet","target":"aarch64-unknown-linux-gnu","attempted":21,"completed":21,"fail_input":0,"fail_invoke":0,"fail_output":0,"mean_us":829792.85,"max_us":2550209.73,"last_us":632981.28,"out0":0.35276,"out_elems":10,"out_sha256":"fc0a2dda317902b13ea77e3255b2fc98856639b7665ef3adb2845f62e5009bd2","out_head":[0.352762,0.001089,0.001762,0.063496,0.333236,0.006337],"out_tail":[0.333236,0.006337,0.202586,0.013290,0.019226,0.006216],"out_full_file":"/cf/last_out.json","out_full_file_bytes":183,"out_full_file_reason":"ok","out_record_truncates":false}
{"app":"AI_LEARNER","stage":"mem","model":"b2_resnet","target":"aarch64-unknown-linux-gnu","completed":21,"hal_peak":618856,"peak_within_bounded":true,"admitted_budget_bytes":618856,"peak_within_admitted_budget":true,"admission_mode":"unconditional","hal_bytes_per_call_amortized":312448.4,"process_rss_kb":7180,"process_rss_delta_init_kb":1040,"max_active_calls":1,"active_calls_now":0,"call_counter_balanced":true}
1980-012-14:07:39.41223 CFE_ES_RunExceptionScan: ExceptionID 0x1110003 in TaskID 0: Caught SIGINT
1980-012-14:07:39.41500 CFE_ES_RunExceptionScan: Maximum Processor Reset count reached (2)
CFE_PSP: Exiting cFE with POWERON Reset status.
CFE_PSP: Critical Data Store Shared memory segment removed
Reset Area Shared memory segment removed
User Reserved Area Shared memory segment removed

CFE_PSP: Shutdown initiated - Exiting cFE
CI delete callback -- Closing CI Network socket.
TO delete callback -- Closing TO Network socket.
EXIT=124
