OS_BSP_Initialize():Maximum user msg queue depth = 512
CFE_PSP: Default Reset SubType = 1
CFE_PSP: Default CPU ID = 1
CFE_PSP: Default Spacecraft ID = 66
CFE_PSP: Default CPU Name: cpu1
OS_Posix_GetSchedulerParams():208:Policy 1: available, min-max: 1-99
OS_Posix_GetSchedulerParams():208:Policy 2: available, min-max: 1-99
OS_Posix_TaskAPI_Impl_Init():401:Selected policy 2 for RT tasks, root task = 99
OS_Posix_TaskAPI_Impl_Init():419:Could not setschedparam in main thread: Operation not permitted (1)
CFE_PSP: initializing module 'soft_timebase' with ID 0110ff00
CFE_PSP: Instantiated software timebase 'cFS-Master' running at 10000 usec
CFE_PSP: initializing module 'timebase_posix_clock' with ID 0110ff01
CFE_PSP: Using POSIX monotonic clock as CFE timebase
CFE_PSP: initializing module 'eeprom_mmap_file' with ID 0110ff02
CFE_PSP: Using MMAP simulated EEPROM implementation
CFE_PSP: EEPROM Range (2) created: Start Address = E1BAC9A6E000, Size = 00080000 Status = 0
CFE_PSP: initializing module 'port_notimpl' with ID 0110ff03
CFE_PSP: I/O Port access not implemented
CFE_PSP: initializing module 'iodriver' with ID 0110ff04
CFE_PSP: initializing module 'linux_sysmon' with ID 0110ff05
CFE_PSP: initializing module 'endian_api' with ID 0110ff06
CFE_PSP: Host CPU Endian=LITTLE
CFE_PSP: initializing module 'ram_notimpl' with ID 0110ff07
CFE_PSP: Physical RAM access not implemented
CFE_PSP: Normal exit from previous cFE instance
CFE_PSP: Starting the cFE with a PROCESSOR reset.
1980-001-00:33:19.17158 CFE_ES_Main: CFE_ES_Main in EARLY_INIT state
1980-001-00:33:19.21004 CFE_ES_InitializeFileSystems: Volatile Disk has 100 Percent free space.
Number of addresses returned by backtrace = 1
CFE_PSP: CFE_PSP_AttachExceptions called
1980-001-00:33:19.26401 CFE_ES_Main: CFE_ES_Main entering CORE_STARTUP state
1980-001-00:33:19.26761 CFE_ES_CreateObjects: Starting Object Creation calls.
1980-001-00:33:19.26775 CFE_ES_CreateObjects: Calling EarlyInit for CFE_CONFIG
1980-001-00:33:19.27784 CFE_ES_CreateObjects: Calling EarlyInit for CFE_ES
1980-001-00:33:19.29691 CFE_ES_CreateObjects: Calling EarlyInit for CFE_EVS
1980-001-00:33:19.30297 CFE_EVS_EarlyInit: Event Log restored, n=0, c=20, f=1, m=1, o=203
1980-001-00:33:19.30868 CFE_ES_CreateObjects: Calling EarlyInit for CFE_FS
1980-001-00:33:19.30907 CFE_ES_CreateObjects: Calling EarlyInit for CFE_SB
1980-001-00:33:19.37792 CFE_ES_CreateObjects: Calling EarlyInit for CFE_TBL
1980-001-00:33:19.46951 CFE_ES_CreateObjects: Calling EarlyInit for CFE_TIME
EVS Port1 1980-012-14:06:07.70169 66/1/CFE_ES 1: cFE ES Initialized: CFE_ES v7.0.1+dev1 (Draco) DEV BUILD, based on v7.0.1, EDS disabled
EVS Port1 1980-012-14:06:07.73004 66/1/CFE_ES 2: cFS Versions: cfe v7.0.1+dev1, osal v7.0.1+dev1, psp v7.0.1+dev1. cFE chksm 31659
EVS Port1 1980-012-14:06:07.73518 66/1/CFE_ES 91: Version Info: Mission SampleMission, version git:v7.0.1-90-g78c23b0-dirty
EVS Port1 1980-012-14:06:07.74365 66/1/CFE_ES 91: Version Info: Module CORE_API, version git:2612eb0
EVS Port1 1980-012-14:06:07.74414 66/1/CFE_ES 91: Version Info: Module CONFIG, version git:2612eb0
EVS Port1 1980-012-14:06:07.74797 66/1/CFE_ES 91: Version Info: Module ES, version git:2612eb0
EVS Port1 1980-012-14:06:07.75386 66/1/CFE_ES 91: Version Info: Module EVS, version git:2612eb0
EVS Port1 1980-012-14:06:07.75468 66/1/CFE_ES 91: Version Info: Module FS, version git:2612eb0
EVS Port1 1980-012-14:06:07.75502 66/1/CFE_ES 91: Version Info: Module SB, version git:2612eb0
EVS Port1 1980-012-14:06:07.75875 66/1/CFE_ES 91: Version Info: Module TBL, version git:2612eb0
EVS Port1 1980-012-14:06:07.76075 66/1/CFE_ES 91: Version Info: Module TIME, version git:2612eb0
EVS Port1 1980-012-14:06:07.76107 66/1/CFE_ES 91: Version Info: Module OSAL, version git:8111e4a
EVS Port1 1980-012-14:06:07.76490 66/1/CFE_ES 91: Version Info: Module PSP, version git:d1da809
EVS Port1 1980-012-14:06:07.76507 66/1/CFE_ES 91: Version Info: Module MSG, version git:2612eb0
EVS Port1 1980-012-14:06:07.76518 66/1/CFE_ES 91: Version Info: Module SBR, version git:2612eb0
EVS Port1 1980-012-14:06:07.77191 66/1/CFE_ES 91: Version Info: Module RESOURCEID, version git:2612eb0
EVS Port1 1980-012-14:06:07.77450 66/1/CFE_ES 92: Build 202609140214 by root@vm, config aarch64
EVS Port1 1980-012-14:06:07.89570 66/1/CFE_EVS 1: cFE EVS Initialized: CFE_EVS v7.0.1+dev1 (Draco) DEV BUILD, based on v7.0.1, EDS disabled
1980-012-14:06:08.01319 CFE_SB_AppInit: Registered 4 events for filtering
EVS Port1 1980-012-14:06:08.02519 66/1/CFE_SB 1: cFE SB Initialized: CFE_SB v7.0.1+dev1 (Draco) DEV BUILD, based on v7.0.1, EDS disabled
EVS Port1 1980-012-14:06:08.03271 66/1/CFE_SB 14: No subscribers for MsgId 0x808,sender CFE_SB
EVS Port1 1980-012-14:06:08.12710 66/1/CFE_TBL 1: cFE TBL Initialized: CFE_TBL v7.0.1+dev1 (Draco) DEV BUILD, based on v7.0.1, EDS disabled
EVS Port1 1980-012-14:06:08.13304 66/1/CFE_SB 14: No subscribers for MsgId 0x808,sender CFE_TBL
EVS Port1 1980-012-14:06:08.27914 66/1/CFE_TIME 1: cFE TIME Initialized: CFE_TIME v7.0.1+dev1 (Draco) DEV BUILD, based on v7.0.1, EDS disabled
EVS Port1 1980-012-14:06:08.28370 66/1/CFE_SB 14: No subscribers for MsgId 0x808,sender CFE_TIME
1980-012-14:06:08.32558 CFE_ES_CreateObjects: Finished ES CreateObject table entries.
1980-012-14:06:08.32592 CFE_ES_Main: CFE_ES_Main entering CORE_READY state
OS_FileOpen_Impl():110:open(/dev/shm/osal:RAM/cfe_es_startup.scr): No such file or directory
1980-012-14:06:08.34509 CFE_ES_OpenStartupScript: Cannot Open Volatile Startup file: /ram/cfe_es_startup.scr, Trying Nonvolatile.
1980-012-14:06:08.35818 CFE_ES_OpenStartupScript: Opened ES App Startup file: /cf/cfe_es_startup.scr
1980-012-14:06:08.46787 CFE_ES_ParseFileEntry: Loading shared library: /cf/cfe_assert.so
1980-012-14:06:08.50874 [BEGIN] CFE FUNCTIONAL TEST
1980-012-14:06:08.51487 [BEGIN] 01 CFE-STARTUP
1980-012-14:06:08.61004 CFE_ES_ParseFileEntry: Loading shared library: /cf/sample_lib.so
SAMPLE Lib Initialized.Sample Lib v7.0.0+dev1 (Draco) DEV BUILD, based on v7.0.1, EDS disabled
1980-012-14:06:08.76704 CFE_ES_ParseFileEntry: Loading file: /cf/sch_lab.so, APP: SCH_LAB
1980-012-14:06:09.03008 CFE_ES_ParseFileEntry: Loading file: /cf/ci_lab.so, APP: CI_LAB
SCH Lab Initialized.SCH Lab v7.0.1+dev1 (Draco) DEV BUILD, based on v7.0.1, EDS disabled
1980-012-14:06:09.22108 CFE_ES_ParseFileEntry: Loading file: /cf/to_lab.so, APP: TO_LAB
EVS Port1 1980-012-14:06:09.39712 66/1/TO_LAB 1: TO Lab Initialized.TO Lab v7.0.1+dev1 (Draco) DEV BUILD, based on v7.0.1, EDS disabled, Awaiting enable command.
EVS Port1 1980-012-14:06:09.40695 66/1/CFE_SB 14: No subscribers for MsgId 0x808,sender TO_LAB
1980-012-14:06:09.48958 CI_LAB listening on UDP port: 1234
EVS Port1 1980-012-14:06:09.49591 66/1/CI_LAB 3: CI Lab Initialized.CI Lab App v7.0.1+dev1 (Draco) DEV BUILD, based on v7.0.1, EDS disabled
1980-012-14:06:09.51613 CFE_ES_ParseFileEntry: Loading file: /cf/sample_app.so, APP: SAMPLE_APP
EVS Port1 1980-012-14:06:09.64704 66/1/SAMPLE_APP 1: Sample App Initialized.Sample App v7.0.0+dev1 (Draco) DEV BUILD, based on v7.0.1, EDS disabled
1980-012-14:06:09.67198 CFE_ES_ParseFileEntry: Loading file: /cf/ai_learner.so, APP: AI_LEARNER
{"app":"AI_LEARNER","stage":"build_config","model":"b3_deepae","allow_conditional_map":0,"contract_bounded_bytes":1069632,"contract_per_call_bytes":6208,"contract_const_bytes":1063424,"contract_bound_known":true,"contract_artifact_sha256":"9ff64bd168e07135c196423d44408e7780984c977912b67c8240c0db522c4d7c"}
{"app":"AI_LEARNER","stage":"stack","es_stack_size":262160,"stack_base_bytes":262144,"contract_kernel_stack_bytes":16,"kernel_stack_accounted":true}
1980-012-14:06:09.83483 CFE_ES_ParseFileEntry: Loading file: /cf/lc.so, APP: LC
EVS Port1 1980-012-14:06:09.84393 66/1/AI_LEARNER 8: AI_LEARNER stack: es=262160 base=262144 kernel=16 accounted=1
{"app":"AI_LEARNER","stage":"admission","verdict":"ADMIT","model":"b3_deepae","target":"aarch64-unknown-linux-gnu","bounded":1069632,"budget":1069632,"budget_source":"override","per_call":6208,"constants":1063424,"kernel_stack_bytes":16,"bound_known":true,"scope":"per_app_local_budget"}
{"app":"AI_LEARNER","stage":"blob_align","requested_offset":0,"state":"applied","module_ptr_mod64":0}
EVS Port1 1980-012-14:06:10.13667 66/1/LC 56: WDT verify results: good = 0, bad = 0, unused = 176
1980-012-14:06:10.15104 CFE_ES_ParseFileEntry: Loading file: /cf/cf.so, APP: CF
EVS Port1 1980-012-14:06:10.20347 66/1/LC 66: ADT verify results: good = 0, bad = 0, unused = 176
EVS Port1 1980-012-14:06:10.22500 66/1/LC 23: LC use of Critical Data Store disabled, activity mask = 0x00991990
EVS Port1 1980-012-14:06:10.23100 66/1/LC 2: LC Initialized. Version 7.0.1.255
1980-012-14:06:10.43488 CFE_ES_ParseFileEntry: Loading file: /cf/ds.so, APP: DS
EVS Port1 1980-012-14:06:10.56703 66/1/CF 20: CF Initialized. Version 7.0.1.255
EVS Port1 1980-012-14:06:10.69706 66/1/DS 10: Destination file table verify results: good entries = 6, bad = 0, unused = 10
EVS Port1 1980-012-14:06:10.74507 66/1/DS 12: Filter table verify results: good entries = 14, bad = 0, unused = 242
1980-012-14:06:10.75776 CFE_ES_ParseFileEntry: Loading file: /cf/fm.so, APP: FM
EVS Port1 1980-012-14:06:10.85708 66/1/DS 1: Application initialized, version 7.0.1.255, data at 0xe1bac9270460
EVS Port1 1980-012-14:06:11.06268 66/1/FM 80: Free Space Table verify results: good entries = 3, bad = 0, unused = 5
EVS Port1 1980-012-14:06:11.12800 66/1/FM 1: Initialization complete: version 7.0.1.255
1980-012-14:06:11.16669 CFE_ES_ParseFileEntry: Loading file: /cf/hk.so, APP: HK
EVS Port1 1980-012-14:06:11.20190 66/1/FM 72: Child Task initialization complete
EVS Port1 1980-012-14:06:11.39701 66/1/HK 1: HK Initialized.  Version 7.0.1.255
1980-012-14:06:11.45308 CFE_ES_ParseFileEntry: Loading file: /cf/hs.so, APP: HS
EVS Port1 1980-012-14:06:11.69688 66/1/HS 54: ExeCount verify results: good = 5, bad = 0, unused = 27
1980-012-14:06:11.74214 CFE_ES_ParseFileEntry: Loading file: /cf/mm.so, APP: MM
EVS Port1 1980-012-14:06:11.78198 66/1/HS 50: AppMon verify results: good = 0, bad = 0, unused = 32
EVS Port1 1980-012-14:06:11.84416 66/1/HS 52: EventMon verify results: good = 0, bad = 0, unused = 16
{"app":"AI_LEARNER","stage":"binding","verdict":"MATCH","artifact_bytes":1080730,"artifact_sha256":"9ff64bd168e07135","contract_sha256":"9ff64bd168e07135"}
EVS Port1 1980-012-14:06:11.06681 66/1/CFE_TIME 21: Stop FLYWHEEL
EVS Port1 1980-012-14:06:11.10273 66/1/HS 56: MsgActs verify results: good = 2, bad = 0, unused = 6
1980-012-14:06:11.28600 CFE_ES_ParseFileEntry: Loading file: /cf/sc.so, APP: SC
EVS Port1 1980-012-14:06:11.40756 66/1/MM 1: MM Initialized. Version 7.0.1.255
1980-012-14:06:11.41463 HS_SysMonInit(): System Monitor using PSP device ID 0110ff05
CFE_PSP(Linux_SysMon): Started CPU utilization monitoring on 1 CPU(s)
EVS Port1 1980-012-14:06:11.57955 66/1/HS 1: HS Initialized.  Version 7.0.1.255
1980-012-14:06:11.72800 CFE_ES_ParseFileEntry: Loading file: /cf/md.so, APP: MD
{"app":"AI_LEARNER","stage":"map_branch","model":"b3_deepae","module_ptr_mod64":0,"hal_peak_after_append":0,"contract_const_bytes":1063424,"contract_per_call_bytes":6208,"arm":"map","admission_mode":"unconditional"}
{"app":"AI_LEARNER","stage":"mem_init","model":"b3_deepae","target":"aarch64-unknown-linux-gnu","hal_peak":2560,"hal_allocated":2560,"bounded":1069632,"peak_within_bounded":true,"inferences_so_far":0,"process_rss_kb":6840,"rss_kb_before_runtime":6228,"rss_kb_after_session":6520,"rss_kb_after_init":6840}
{"app":"AI_LEARNER","stage":"e25_mode","active":false,"inputs_path":"/cf/e25_inputs.bin"}
EVS Port1 1980-012-14:06:11.91282 66/1/SC 21: RTS table files not loaded at initialization = 0 of 4
EVS Port1 1980-012-14:06:11.96765 66/1/AI_LEARNER 3: AI_LEARNER initialized: model b3_deepae (1080730 B), rss_delta_init=612 KB
EVS Port1 1980-012-14:06:12.01556 66/1/MD 52: MD Dwell Tbl verify results: good = 0, bad = 0, unused = 25
EVS Port1 1980-012-14:06:12.04376 66/1/SC 9: SC Initialized. Version 7.0.1.255
1980-012-14:06:12.05291 CFE_ES_ParseFileEntry: Loading file: /cf/cs.so, APP: CS
EVS Port1 1980-012-14:06:12.09483 66/1/MD 3: Recovered Dwell Table #1 is valid and has been copied to the MD App
EVS Port1 1980-012-14:06:12.17877 66/1/MD 52: MD Dwell Tbl verify results: good = 0, bad = 0, unused = 25
EVS Port1 1980-012-14:06:12.21482 66/1/MD 3: Recovered Dwell Table #2 is valid and has been copied to the MD App
EVS Port1 1980-012-14:06:12.25091 66/1/MD 52: MD Dwell Tbl verify results: good = 0, bad = 0, unused = 25
EVS Port1 1980-012-14:06:12.32873 66/1/MD 3: Recovered Dwell Table #3 is valid and has been copied to the MD App
EVS Port1 1980-012-14:06:12.37098 66/1/MD 52: MD Dwell Tbl verify results: good = 0, bad = 0, unused = 25
EVS Port1 1980-012-14:06:12.38252 66/1/MD 3: Recovered Dwell Table #4 is valid and has been copied to the MD App
EVS Port1 1980-012-14:06:12.39772 66/1/CS 144: CS EEPROM Table verification results: good = 0, bad = 0, unused = 16
EVS Port1 1980-012-14:06:12.40541 66/1/MD 7: Dwell Tables Recovered: 4, Dwell Tables Initialized: 0
EVS Port1 1980-012-14:06:12.41708 66/1/CS 107: CS EEPROM Table: No valid entries in the table
EVS Port1 1980-012-14:06:12.41996 66/1/MD 1: MD Initialized.  Version 7.0.1.255
EVS Port1 1980-012-14:06:12.44390 66/1/CS 143: CS Memory Table verification results: good = 0, bad = 0, unused = 16
EVS Port1 1980-012-14:06:12.44964 66/1/CS 107: CS Memory Table: No valid entries in the table
EVS Port1 1980-012-14:06:12.46557 66/1/CS 139: CS Tables Table verification results: good = 1, bad = 0, unused = 23
EVS Port1 1980-012-14:06:12.48864 66/1/CS 142: CS Apps Table verification results: good = 0, bad = 0, unused = 24
EVS Port1 1980-012-14:06:12.50387 66/1/CS 108: CS Apps Table: No valid entries in the table
EVS Port1 1980-012-14:06:12.50976 66/1/CS 127: OS Text Segment disabled due to platform
EVS Port1 1980-012-14:06:12.52095 66/1/CS 1: CS Initialized. Version 7.0.1.255
1980-012-14:06:12.57683 CFE_ES_Main: CFE_ES_Main entering APPS_INIT state
1980-012-14:06:12.58083 CFE_ES_Main: CFE_ES_Main entering OPERATIONAL state
EVS Port1 1980-012-14:06:12.64591 66/1/TO_LAB 19: L550 TO Lab subscribed to 32 messages from the table
EVS Port1 1980-012-14:06:13.37779 66/1/AI_LEARNER 4: AI_LEARNER completed=1/1 mean=107744.9us max=107744.9us hal_peak=6208 within_bounded=1
{"app":"AI_LEARNER","stage":"run","model":"b3_deepae","target":"aarch64-unknown-linux-gnu","attempted":1,"completed":1,"fail_input":0,"fail_invoke":0,"fail_output":0,"mean_us":107744.93,"max_us":107744.93,"last_us":107744.93,"out0":-34.87423,"out_elems":640,"out_sha256":"3542e853970326f8300e8ccd2daa71fdb34eed4bc4e510a52ea7741d5516109c","out_head":[-34.874226,-19.234022,-10.666748,-6.028288,-3.137352,1.505670],"out_tail":[-19.596739,-18.188473,-18.760736,-20.373579,-29.045013,-42.492256],"out_full_file":"/cf/last_out.json","out_full_file_bytes":7044,"out_full_file_reason":"ok","out_record_truncates":false}
{"app":"AI_LEARNER","stage":"mem","model":"b3_deepae","target":"aarch64-unknown-linux-gnu","completed":1,"hal_peak":6208,"peak_within_bounded":true,"admitted_budget_bytes":1069632,"peak_within_admitted_budget":true,"admission_mode":"unconditional","hal_bytes_per_call_amortized":6208.0,"process_rss_kb":7000,"process_rss_delta_init_kb":612,"max_active_calls":1,"active_calls_now":0,"call_counter_balanced":true}
EVS Port1 1980-012-14:06:14.01600 66/1/CFE_TIME 20: Start FLYWHEEL
EVS Port1 1980-012-14:06:14.01625 66/1/CFE_TIME 21: Stop FLYWHEEL
EVS Port1 1980-012-14:06:17.26188 66/1/AI_LEARNER 4: AI_LEARNER completed=2/2 mean=71383.0us max=107744.9us hal_peak=6208 within_bounded=1
{"app":"AI_LEARNER","stage":"run","model":"b3_deepae","target":"aarch64-unknown-linux-gnu","attempted":2,"completed":2,"fail_input":0,"fail_invoke":0,"fail_output":0,"mean_us":71382.97,"max_us":107744.93,"last_us":35021.01,"out0":-34.87423,"out_elems":640,"out_sha256":"3542e853970326f8300e8ccd2daa71fdb34eed4bc4e510a52ea7741d5516109c","out_head":[-34.874226,-19.234022,-10.666748,-6.028288,-3.137352,1.505670],"out_tail":[-19.596739,-18.188473,-18.760736,-20.373579,-29.045013,-42.492256],"out_full_file":"/cf/last_out.json","out_full_file_bytes":7044,"out_full_file_reason":"ok","out_record_truncates":false}
{"app":"AI_LEARNER","stage":"mem","model":"b3_deepae","target":"aarch64-unknown-linux-gnu","completed":2,"hal_peak":6208,"peak_within_bounded":true,"admitted_budget_bytes":1069632,"peak_within_admitted_budget":true,"admission_mode":"unconditional","hal_bytes_per_call_amortized":4928.0,"process_rss_kb":7004,"process_rss_delta_init_kb":612,"max_active_calls":1,"active_calls_now":0,"call_counter_balanced":true}
.EVS Port1 1980-012-14:06:21.31098 66/1/AI_LEARNER 4: AI_LEARNER completed=3/3 mean=68301.3us max=107744.9us hal_peak=6208 within_bounded=1
{"app":"AI_LEARNER","stage":"run","model":"b3_deepae","target":"aarch64-unknown-linux-gnu","attempted":3,"completed":3,"fail_input":0,"fail_invoke":0,"fail_output":0,"mean_us":68301.31,"max_us":107744.93,"last_us":62137.98,"out0":-34.87423,"out_elems":640,"out_sha256":"3542e853970326f8300e8ccd2daa71fdb34eed4bc4e510a52ea7741d5516109c","out_head":[-34.874226,-19.234022,-10.666748,-6.028288,-3.137352,1.505670],"out_tail":[-19.596739,-18.188473,-18.760736,-20.373579,-29.045013,-42.492256],"out_full_file":"/cf/last_out.json","out_full_file_bytes":7044,"out_full_file_reason":"ok","out_record_truncates":false}
{"app":"AI_LEARNER","stage":"mem","model":"b3_deepae","target":"aarch64-unknown-linux-gnu","completed":3,"hal_peak":6208,"peak_within_bounded":true,"admitted_budget_bytes":1069632,"peak_within_admitted_budget":true,"admission_mode":"unconditional","hal_bytes_per_call_amortized":4501.3,"process_rss_kb":7004,"process_rss_delta_init_kb":612,"max_active_calls":1,"active_calls_now":0,"call_counter_balanced":true}
EVS Port1 1980-012-14:06:22.01228 66/1/CFE_TIME 20: Start FLYWHEEL
.EVS Port1 1980-012-14:06:25.27700 66/1/AI_LEARNER 4: AI_LEARNER completed=4/4 mean=59282.1us max=107744.9us hal_peak=6208 within_bounded=1
{"app":"AI_LEARNER","stage":"run","model":"b3_deepae","target":"aarch64-unknown-linux-gnu","attempted":4,"completed":4,"fail_input":0,"fail_invoke":0,"fail_output":0,"mean_us":59282.05,"max_us":107744.93,"last_us":32224.29,"out0":-34.87423,"out_elems":640,"out_sha256":"3542e853970326f8300e8ccd2daa71fdb34eed4bc4e510a52ea7741d5516109c","out_head":[-34.874226,-19.234022,-10.666748,-6.028288,-3.137352,1.505670],"out_tail":[-19.596739,-18.188473,-18.760736,-20.373579,-29.045013,-42.492256],"out_full_file":"/cf/last_out.json","out_full_file_bytes":7044,"out_full_file_reason":"ok","out_record_truncates":false}
{"app":"AI_LEARNER","stage":"mem","model":"b3_deepae","target":"aarch64-unknown-linux-gnu","completed":4,"hal_peak":6208,"peak_within_bounded":true,"admitted_budget_bytes":1069632,"peak_within_admitted_budget":true,"admission_mode":"unconditional","hal_bytes_per_call_amortized":4288.0,"process_rss_kb":7004,"process_rss_delta_init_kb":612,"max_active_calls":1,"active_calls_now":0,"call_counter_balanced":true}
EVS Port1 1980-012-14:06:26.01591 66/1/CFE_TIME 21: Stop FLYWHEEL
EVS Port1 1980-012-14:06:29.24401 66/1/AI_LEARNER 4: AI_LEARNER completed=5/5 mean=55820.4us max=107744.9us hal_peak=6208 within_bounded=1
{"app":"AI_LEARNER","stage":"run","model":"b3_deepae","target":"aarch64-unknown-linux-gnu","attempted":5,"completed":5,"fail_input":0,"fail_invoke":0,"fail_output":0,"mean_us":55820.37,"max_us":107744.93,"last_us":41973.65,"out0":-34.87423,"out_elems":640,"out_sha256":"3542e853970326f8300e8ccd2daa71fdb34eed4bc4e510a52ea7741d5516109c","out_head":[-34.874226,-19.234022,-10.666748,-6.028288,-3.137352,1.505670],"out_tail":[-19.596739,-18.188473,-18.760736,-20.373579,-29.045013,-42.492256],"out_full_file":"/cf/last_out.json","out_full_file_bytes":7044,"out_full_file_reason":"ok","out_record_truncates":false}
{"app":"AI_LEARNER","stage":"mem","model":"b3_deepae","target":"aarch64-unknown-linux-gnu","completed":5,"hal_peak":6208,"peak_within_bounded":true,"admitted_budget_bytes":1069632,"peak_within_admitted_budget":true,"admission_mode":"unconditional","hal_bytes_per_call_amortized":4160.0,"process_rss_kb":7004,"process_rss_delta_init_kb":612,"max_active_calls":1,"active_calls_now":0,"call_counter_balanced":true}
.EVS Port1 1980-012-14:06:32.00878 66/1/CFE_TIME 21: Stop FLYWHEEL
EVS Port1 1980-012-14:06:33.00408 66/1/CFE_TIME 20: Start FLYWHEEL
EVS Port1 1980-012-14:06:33.28788 66/1/AI_LEARNER 4: AI_LEARNER completed=6/6 mean=58164.0us max=107744.9us hal_peak=6208 within_bounded=1
{"app":"AI_LEARNER","stage":"run","model":"b3_deepae","target":"aarch64-unknown-linux-gnu","attempted":6,"completed":6,"fail_input":0,"fail_invoke":0,"fail_output":0,"mean_us":58163.96,"max_us":107744.93,"last_us":69881.90,"out0":-34.87423,"out_elems":640,"out_sha256":"3542e853970326f8300e8ccd2daa71fdb34eed4bc4e510a52ea7741d5516109c","out_head":[-34.874226,-19.234022,-10.666748,-6.028288,-3.137352,1.505670],"out_tail":[-19.596739,-18.188473,-18.760736,-20.373579,-29.045013,-42.492256],"out_full_file":"/cf/last_out.json","out_full_file_bytes":7044,"out_full_file_reason":"ok","out_record_truncates":false}
{"app":"AI_LEARNER","stage":"mem","model":"b3_deepae","target":"aarch64-unknown-linux-gnu","completed":6,"hal_peak":6208,"peak_within_bounded":true,"admitted_budget_bytes":1069632,"peak_within_admitted_budget":true,"admission_mode":"unconditional","hal_bytes_per_call_amortized":4074.7,"process_rss_kb":7008,"process_rss_delta_init_kb":612,"max_active_calls":1,"active_calls_now":0,"call_counter_balanced":true}
EVS Port1 1980-012-14:06:35.01187 66/1/CFE_TIME 21: Stop FLYWHEEL
EVS Port1 1980-012-14:06:35.99607 66/1/CFE_TIME 20: Start FLYWHEEL
.EVS Port1 1980-012-14:06:37.27989 66/1/AI_LEARNER 4: AI_LEARNER completed=7/7 mean=61864.8us max=107744.9us hal_peak=6208 within_bounded=1
{"app":"AI_LEARNER","stage":"run","model":"b3_deepae","target":"aarch64-unknown-linux-gnu","attempted":7,"completed":7,"fail_input":0,"fail_invoke":0,"fail_output":0,"mean_us":61864.80,"max_us":107744.93,"last_us":84069.86,"out0":-34.87423,"out_elems":640,"out_sha256":"3542e853970326f8300e8ccd2daa71fdb34eed4bc4e510a52ea7741d5516109c","out_head":[-34.874226,-19.234022,-10.666748,-6.028288,-3.137352,1.505670],"out_tail":[-19.596739,-18.188473,-18.760736,-20.373579,-29.045013,-42.492256],"out_full_file":"/cf/last_out.json","out_full_file_bytes":7044,"out_full_file_reason":"ok","out_record_truncates":false}
{"app":"AI_LEARNER","stage":"mem","model":"b3_deepae","target":"aarch64-unknown-linux-gnu","completed":7,"hal_peak":6208,"peak_within_bounded":true,"admitted_budget_bytes":1069632,"peak_within_admitted_budget":true,"admission_mode":"unconditional","hal_bytes_per_call_amortized":4013.7,"process_rss_kb":7008,"process_rss_delta_init_kb":612,"max_active_calls":1,"active_calls_now":0,"call_counter_balanced":true}
EVS Port1 1980-012-14:06:41.00683 66/1/CFE_TIME 21: Stop FLYWHEEL
EVS Port1 1980-012-14:06:41.30294 66/1/AI_LEARNER 4: AI_LEARNER completed=8/8 mean=64913.0us max=107744.9us hal_peak=6208 within_bounded=1
{"app":"AI_LEARNER","stage":"run","model":"b3_deepae","target":"aarch64-unknown-linux-gnu","attempted":8,"completed":8,"fail_input":0,"fail_invoke":0,"fail_output":0,"mean_us":64913.02,"max_us":107744.93,"last_us":86250.53,"out0":-34.87423,"out_elems":640,"out_sha256":"3542e853970326f8300e8ccd2daa71fdb34eed4bc4e510a52ea7741d5516109c","out_head":[-34.874226,-19.234022,-10.666748,-6.028288,-3.137352,1.505670],"out_tail":[-19.596739,-18.188473,-18.760736,-20.373579,-29.045013,-42.492256],"out_full_file":"/cf/last_out.json","out_full_file_bytes":7044,"out_full_file_reason":"ok","out_record_truncates":false}
{"app":"AI_LEARNER","stage":"mem","model":"b3_deepae","target":"aarch64-unknown-linux-gnu","completed":8,"hal_peak":6208,"peak_within_bounded":true,"admitted_budget_bytes":1069632,"peak_within_admitted_budget":true,"admission_mode":"unconditional","hal_bytes_per_call_amortized":3968.0,"process_rss_kb":7008,"process_rss_delta_init_kb":612,"max_active_calls":1,"active_calls_now":0,"call_counter_balanced":true}
EVS Port1 1980-012-14:06:42.02111 66/1/CFE_TIME 20: Start FLYWHEEL
.EVS Port1 1980-012-14:06:44.24800 66/1/CFE_TIME 20: Start FLYWHEEL
EVS Port1 1980-012-14:06:45.48506 66/1/AI_LEARNER 4: AI_LEARNER completed=9/9 mean=62819.1us max=107744.9us hal_peak=6208 within_bounded=1
{"app":"AI_LEARNER","stage":"run","model":"b3_deepae","target":"aarch64-unknown-linux-gnu","attempted":9,"completed":9,"fail_input":0,"fail_invoke":0,"fail_output":0,"mean_us":62819.11,"max_us":107744.93,"last_us":46067.86,"out0":-34.87423,"out_elems":640,"out_sha256":"3542e853970326f8300e8ccd2daa71fdb34eed4bc4e510a52ea7741d5516109c","out_head":[-34.874226,-19.234022,-10.666748,-6.028288,-3.137352,1.505670],"out_tail":[-19.596739,-18.188473,-18.760736,-20.373579,-29.045013,-42.492256],"out_full_file":"/cf/last_out.json","out_full_file_bytes":7044,"out_full_file_reason":"ok","out_record_truncates":false}
{"app":"AI_LEARNER","stage":"mem","model":"b3_deepae","target":"aarch64-unknown-linux-gnu","completed":9,"hal_peak":6208,"peak_within_bounded":true,"admitted_budget_bytes":1069632,"peak_within_admitted_budget":true,"admission_mode":"unconditional","hal_bytes_per_call_amortized":3932.4,"process_rss_kb":7008,"process_rss_delta_init_kb":612,"max_active_calls":1,"active_calls_now":0,"call_counter_balanced":true}
.EVS Port1 1980-012-14:06:50.15106 66/1/AI_LEARNER 4: AI_LEARNER completed=10/10 mean=70508.1us max=139708.8us hal_peak=6208 within_bounded=1
{"app":"AI_LEARNER","stage":"run","model":"b3_deepae","target":"aarch64-unknown-linux-gnu","attempted":10,"completed":10,"fail_input":0,"fail_invoke":0,"fail_output":0,"mean_us":70508.08,"max_us":139708.80,"last_us":139708.80,"out0":-34.87423,"out_elems":640,"out_sha256":"3542e853970326f8300e8ccd2daa71fdb34eed4bc4e510a52ea7741d5516109c","out_head":[-34.874226,-19.234022,-10.666748,-6.028288,-3.137352,1.505670],"out_tail":[-19.596739,-18.188473,-18.760736,-20.373579,-29.045013,-42.492256],"out_full_file":"/cf/last_out.json","out_full_file_bytes":7045,"out_full_file_reason":"ok","out_record_truncates":false}
{"app":"AI_LEARNER","stage":"mem","model":"b3_deepae","target":"aarch64-unknown-linux-gnu","completed":10,"hal_peak":6208,"peak_within_bounded":true,"admitted_budget_bytes":1069632,"peak_within_admitted_budget":true,"admission_mode":"unconditional","hal_bytes_per_call_amortized":3904.0,"process_rss_kb":7008,"process_rss_delta_init_kb":612,"max_active_calls":1,"active_calls_now":0,"call_counter_balanced":true}
EVS Port1 1980-012-14:06:54.23524 66/1/AI_LEARNER 4: AI_LEARNER completed=11/11 mean=74827.6us max=139708.8us hal_peak=6208 within_bounded=1
{"app":"AI_LEARNER","stage":"run","model":"b3_deepae","target":"aarch64-unknown-linux-gnu","attempted":11,"completed":11,"fail_input":0,"fail_invoke":0,"fail_output":0,"mean_us":74827.56,"max_us":139708.80,"last_us":118022.32,"out0":-34.87423,"out_elems":640,"out_sha256":"3542e853970326f8300e8ccd2daa71fdb34eed4bc4e510a52ea7741d5516109c","out_head":[-34.874226,-19.234022,-10.666748,-6.028288,-3.137352,1.505670],"out_tail":[-19.596739,-18.188473,-18.760736,-20.373579,-29.045013,-42.492256],"out_full_file":"/cf/last_out.json","out_full_file_bytes":7045,"out_full_file_reason":"ok","out_record_truncates":false}
{"app":"AI_LEARNER","stage":"mem","model":"b3_deepae","target":"aarch64-unknown-linux-gnu","completed":11,"hal_peak":6208,"peak_within_bounded":true,"admitted_budget_bytes":1069632,"peak_within_admitted_budget":true,"admission_mode":"unconditional","hal_bytes_per_call_amortized":3880.7,"process_rss_kb":7008,"process_rss_delta_init_kb":612,"max_active_calls":1,"active_calls_now":0,"call_counter_balanced":true}
.EVS Port1 1980-012-14:06:54.02822 66/1/CFE_TIME 21: Stop FLYWHEEL
EVS Port1 1980-012-14:06:57.40138 66/1/AI_LEARNER 4: AI_LEARNER completed=12/12 mean=77335.3us max=139708.8us hal_peak=6208 within_bounded=1
{"app":"AI_LEARNER","stage":"run","model":"b3_deepae","target":"aarch64-unknown-linux-gnu","attempted":12,"completed":12,"fail_input":0,"fail_invoke":0,"fail_output":0,"mean_us":77335.29,"max_us":139708.80,"last_us":104920.35,"out0":-34.87423,"out_elems":640,"out_sha256":"3542e853970326f8300e8ccd2daa71fdb34eed4bc4e510a52ea7741d5516109c","out_head":[-34.874226,-19.234022,-10.666748,-6.028288,-3.137352,1.505670],"out_tail":[-19.596739,-18.188473,-18.760736,-20.373579,-29.045013,-42.492256],"out_full_file":"/cf/last_out.json","out_full_file_bytes":7045,"out_full_file_reason":"ok","out_record_truncates":false}
{"app":"AI_LEARNER","stage":"mem","model":"b3_deepae","target":"aarch64-unknown-linux-gnu","completed":12,"hal_peak":6208,"peak_within_bounded":true,"admitted_budget_bytes":1069632,"peak_within_admitted_budget":true,"admission_mode":"unconditional","hal_bytes_per_call_amortized":3861.3,"process_rss_kb":7008,"process_rss_delta_init_kb":612,"max_active_calls":1,"active_calls_now":0,"call_counter_balanced":true}
EVS Port1 1980-012-14:06:58.08294 66/1/CFE_TIME 20: Start FLYWHEEL
EVS Port1 1980-012-14:06:59.02859 66/1/CFE_TIME 21: Stop FLYWHEEL
.EVS Port1 1980-012-14:07:01.48841 66/1/AI_LEARNER 4: AI_LEARNER completed=13/13 mean=80380.6us max=139708.8us hal_peak=6208 within_bounded=1
{"app":"AI_LEARNER","stage":"run","model":"b3_deepae","target":"aarch64-unknown-linux-gnu","attempted":13,"completed":13,"fail_input":0,"fail_invoke":0,"fail_output":0,"mean_us":80380.63,"max_us":139708.80,"last_us":116924.74,"out0":-34.87423,"out_elems":640,"out_sha256":"3542e853970326f8300e8ccd2daa71fdb34eed4bc4e510a52ea7741d5516109c","out_head":[-34.874226,-19.234022,-10.666748,-6.028288,-3.137352,1.505670],"out_tail":[-19.596739,-18.188473,-18.760736,-20.373579,-29.045013,-42.492256],"out_full_file":"/cf/last_out.json","out_full_file_bytes":7045,"out_full_file_reason":"ok","out_record_truncates":false}
{"app":"AI_LEARNER","stage":"mem","model":"b3_deepae","target":"aarch64-unknown-linux-gnu","completed":13,"hal_peak":6208,"peak_within_bounded":true,"admitted_budget_bytes":1069632,"peak_within_admitted_budget":true,"admission_mode":"unconditional","hal_bytes_per_call_amortized":3844.9,"process_rss_kb":7008,"process_rss_delta_init_kb":612,"max_active_calls":1,"active_calls_now":0,"call_counter_balanced":true}
EVS Port1 1980-012-14:07:02.16638 66/1/CFE_TIME 20: Start FLYWHEEL
EVS Port1 1980-012-14:07:05.03590 66/1/CFE_TIME 21: Stop FLYWHEEL
EVS Port1 1980-012-14:07:05.31417 66/1/AI_LEARNER 4: AI_LEARNER completed=14/14 mean=82276.9us max=139708.8us hal_peak=6208 within_bounded=1
{"app":"AI_LEARNER","stage":"run","model":"b3_deepae","target":"aarch64-unknown-linux-gnu","attempted":14,"completed":14,"fail_input":0,"fail_invoke":0,"fail_output":0,"mean_us":82276.92,"max_us":139708.80,"last_us":106928.69,"out0":-34.87423,"out_elems":640,"out_sha256":"3542e853970326f8300e8ccd2daa71fdb34eed4bc4e510a52ea7741d5516109c","out_head":[-34.874226,-19.234022,-10.666748,-6.028288,-3.137352,1.505670],"out_tail":[-19.596739,-18.188473,-18.760736,-20.373579,-29.045013,-42.492256],"out_full_file":"/cf/last_out.json","out_full_file_bytes":7045,"out_full_file_reason":"ok","out_record_truncates":false}
{"app":"AI_LEARNER","stage":"mem","model":"b3_deepae","target":"aarch64-unknown-linux-gnu","completed":14,"hal_peak":6208,"peak_within_bounded":true,"admitted_budget_bytes":1069632,"peak_within_admitted_budget":true,"admission_mode":"unconditional","hal_bytes_per_call_amortized":3830.9,"process_rss_kb":7008,"process_rss_delta_init_kb":612,"max_active_calls":1,"active_calls_now":0,"call_counter_balanced":true}
.EVS Port1 1980-012-14:07:08.27130 66/1/CFE_TIME 20: Start FLYWHEEL
EVS Port1 1980-012-14:07:09.72834 66/1/AI_LEARNER 4: AI_LEARNER completed=15/15 mean=83470.2us max=139708.8us hal_peak=6208 within_bounded=1
{"app":"AI_LEARNER","stage":"run","model":"b3_deepae","target":"aarch64-unknown-linux-gnu","attempted":15,"completed":15,"fail_input":0,"fail_invoke":0,"fail_output":0,"mean_us":83470.15,"max_us":139708.80,"last_us":100175.36,"out0":-34.87423,"out_elems":640,"out_sha256":"3542e853970326f8300e8ccd2daa71fdb34eed4bc4e510a52ea7741d5516109c","out_head":[-34.874226,-19.234022,-10.666748,-6.028288,-3.137352,1.505670],"out_tail":[-19.596739,-18.188473,-18.760736,-20.373579,-29.045013,-42.492256],"out_full_file":"/cf/last_out.json","out_full_file_bytes":7045,"out_full_file_reason":"ok","out_record_truncates":false}
{"app":"AI_LEARNER","stage":"mem","model":"b3_deepae","target":"aarch64-unknown-linux-gnu","completed":15,"hal_peak":6208,"peak_within_bounded":true,"admitted_budget_bytes":1069632,"peak_within_admitted_budget":true,"admission_mode":"unconditional","hal_bytes_per_call_amortized":3818.7,"process_rss_kb":7008,"process_rss_delta_init_kb":612,"max_active_calls":1,"active_calls_now":0,"call_counter_balanced":true}
.EVS Port1 1980-012-14:07:12.00877 66/1/CFE_TIME 21: Stop FLYWHEEL
EVS Port1 1980-012-14:07:13.22570 66/1/AI_LEARNER 4: AI_LEARNER completed=16/16 mean=80187.2us max=139708.8us hal_peak=6208 within_bounded=1
{"app":"AI_LEARNER","stage":"run","model":"b3_deepae","target":"aarch64-unknown-linux-gnu","attempted":16,"completed":16,"fail_input":0,"fail_invoke":0,"fail_output":0,"mean_us":80187.19,"max_us":139708.80,"last_us":30942.77,"out0":-34.87423,"out_elems":640,"out_sha256":"3542e853970326f8300e8ccd2daa71fdb34eed4bc4e510a52ea7741d5516109c","out_head":[-34.874226,-19.234022,-10.666748,-6.028288,-3.137352,1.505670],"out_tail":[-19.596739,-18.188473,-18.760736,-20.373579,-29.045013,-42.492256],"out_full_file":"/cf/last_out.json","out_full_file_bytes":7045,"out_full_file_reason":"ok","out_record_truncates":false}
{"app":"AI_LEARNER","stage":"mem","model":"b3_deepae","target":"aarch64-unknown-linux-gnu","completed":16,"hal_peak":6208,"peak_within_bounded":true,"admitted_budget_bytes":1069632,"peak_within_admitted_budget":true,"admission_mode":"unconditional","hal_bytes_per_call_amortized":3808.0,"process_rss_kb":7008,"process_rss_delta_init_kb":612,"max_active_calls":1,"active_calls_now":0,"call_counter_balanced":true}
EVS Port1 1980-012-14:07:17.08706 66/1/CFE_TIME 20: Start FLYWHEEL
EVS Port1 1980-012-14:07:17.35626 66/1/AI_LEARNER 4: AI_LEARNER completed=17/17 mean=78618.4us max=139708.8us hal_peak=6208 within_bounded=1
{"app":"AI_LEARNER","stage":"run","model":"b3_deepae","target":"aarch64-unknown-linux-gnu","attempted":17,"completed":17,"fail_input":0,"fail_invoke":0,"fail_output":0,"mean_us":78618.38,"max_us":139708.80,"last_us":53517.44,"out0":-34.87423,"out_elems":640,"out_sha256":"3542e853970326f8300e8ccd2daa71fdb34eed4bc4e510a52ea7741d5516109c","out_head":[-34.874226,-19.234022,-10.666748,-6.028288,-3.137352,1.505670],"out_tail":[-19.596739,-18.188473,-18.760736,-20.373579,-29.045013,-42.492256],"out_full_file":"/cf/last_out.json","out_full_file_bytes":7045,"out_full_file_reason":"ok","out_record_truncates":false}
{"app":"AI_LEARNER","stage":"mem","model":"b3_deepae","target":"aarch64-unknown-linux-gnu","completed":17,"hal_peak":6208,"peak_within_bounded":true,"admitted_budget_bytes":1069632,"peak_within_admitted_budget":true,"admission_mode":"unconditional","hal_bytes_per_call_amortized":3798.6,"process_rss_kb":7008,"process_rss_delta_init_kb":612,"max_active_calls":1,"active_calls_now":0,"call_counter_balanced":true}
.EVS Port1 1980-012-14:07:18.01943 66/1/CFE_TIME 21: Stop FLYWHEEL
EVS Port1 1980-012-14:07:21.33285 66/1/AI_LEARNER 4: AI_LEARNER completed=18/18 mean=77677.8us max=139708.8us hal_peak=6208 within_bounded=1
{"app":"AI_LEARNER","stage":"run","model":"b3_deepae","target":"aarch64-unknown-linux-gnu","attempted":18,"completed":18,"fail_input":0,"fail_invoke":0,"fail_output":0,"mean_us":77677.80,"max_us":139708.80,"last_us":61687.90,"out0":-34.87423,"out_elems":640,"out_sha256":"3542e853970326f8300e8ccd2daa71fdb34eed4bc4e510a52ea7741d5516109c","out_head":[-34.874226,-19.234022,-10.666748,-6.028288,-3.137352,1.505670],"out_tail":[-19.596739,-18.188473,-18.760736,-20.373579,-29.045013,-42.492256],"out_full_file":"/cf/last_out.json","out_full_file_bytes":7045,"out_full_file_reason":"ok","out_record_truncates":false}
{"app":"AI_LEARNER","stage":"mem","model":"b3_deepae","target":"aarch64-unknown-linux-gnu","completed":18,"hal_peak":6208,"peak_within_bounded":true,"admitted_budget_bytes":1069632,"peak_within_admitted_budget":true,"admission_mode":"unconditional","hal_bytes_per_call_amortized":3790.2,"process_rss_kb":7008,"process_rss_delta_init_kb":612,"max_active_calls":1,"active_calls_now":0,"call_counter_balanced":true}
EVS Port1 1980-012-14:07:23.02598 66/1/CFE_TIME 21: Stop FLYWHEEL
.EVS Port1 1980-012-14:07:23.97962 66/1/CFE_TIME 20: Start FLYWHEEL
EVS Port1 1980-012-14:07:25.24050 66/1/AI_LEARNER 4: AI_LEARNER completed=19/19 mean=76375.3us max=139708.8us hal_peak=6208 within_bounded=1
{"app":"AI_LEARNER","stage":"run","model":"b3_deepae","target":"aarch64-unknown-linux-gnu","attempted":19,"completed":19,"fail_input":0,"fail_invoke":0,"fail_output":0,"mean_us":76375.26,"max_us":139708.80,"last_us":52929.63,"out0":-34.87423,"out_elems":640,"out_sha256":"3542e853970326f8300e8ccd2daa71fdb34eed4bc4e510a52ea7741d5516109c","out_head":[-34.874226,-19.234022,-10.666748,-6.028288,-3.137352,1.505670],"out_tail":[-19.596739,-18.188473,-18.760736,-20.373579,-29.045013,-42.492256],"out_full_file":"/cf/last_out.json","out_full_file_bytes":7045,"out_full_file_reason":"ok","out_record_truncates":false}
{"app":"AI_LEARNER","stage":"mem","model":"b3_deepae","target":"aarch64-unknown-linux-gnu","completed":19,"hal_peak":6208,"peak_within_bounded":true,"admitted_budget_bytes":1069632,"peak_within_admitted_budget":true,"admission_mode":"unconditional","hal_bytes_per_call_amortized":3782.7,"process_rss_kb":7008,"process_rss_delta_init_kb":612,"max_active_calls":1,"active_calls_now":0,"call_counter_balanced":true}
EVS Port1 1980-012-14:07:29.44232 66/1/AI_LEARNER 4: AI_LEARNER completed=20/20 mean=77409.4us max=139708.8us hal_peak=6208 within_bounded=1
{"app":"AI_LEARNER","stage":"run","model":"b3_deepae","target":"aarch64-unknown-linux-gnu","attempted":20,"completed":20,"fail_input":0,"fail_invoke":0,"fail_output":0,"mean_us":77409.37,"max_us":139708.80,"last_us":97057.33,"out0":-34.87423,"out_elems":640,"out_sha256":"3542e853970326f8300e8ccd2daa71fdb34eed4bc4e510a52ea7741d5516109c","out_head":[-34.874226,-19.234022,-10.666748,-6.028288,-3.137352,1.505670],"out_tail":[-19.596739,-18.188473,-18.760736,-20.373579,-29.045013,-42.492256],"out_full_file":"/cf/last_out.json","out_full_file_bytes":7045,"out_full_file_reason":"ok","out_record_truncates":false}
{"app":"AI_LEARNER","stage":"mem","model":"b3_deepae","target":"aarch64-unknown-linux-gnu","completed":20,"hal_peak":6208,"peak_within_bounded":true,"admitted_budget_bytes":1069632,"peak_within_admitted_budget":true,"admission_mode":"unconditional","hal_bytes_per_call_amortized":3776.0,"process_rss_kb":7008,"process_rss_delta_init_kb":612,"max_active_calls":1,"active_calls_now":0,"call_counter_balanced":true}
.EVS Port1 1980-012-14:07:32.00833 66/1/CFE_TIME 21: Stop FLYWHEEL
1980-012-14:07:32.47127 CFE_ES_RunExceptionScan: ExceptionID 0x1110004 in TaskID 0: Caught SIGINT
1980-012-14:07:32.47623 CFE_ES_RunExceptionScan: Maximum Processor Reset count reached (2)
CFE_PSP: Exiting cFE with POWERON Reset status.
CFE_PSP: Critical Data Store Shared memory segment removed
Reset Area Shared memory segment removed
User Reserved Area Shared memory segment removed

CFE_PSP: Shutdown initiated - Exiting cFE
CI delete callback -- Closing CI Network socket.
TO delete callback -- Closing TO Network socket.
EXIT=124
