OS_BSP_Initialize():Maximum user msg queue depth = 512
CFE_PSP: Default Reset SubType = 1
CFE_PSP: Default CPU ID = 1
CFE_PSP: Default Spacecraft ID = 66
CFE_PSP: Default CPU Name: cpu1
OS_Posix_GetSchedulerParams():208:Policy 1: available, min-max: 1-99
OS_Posix_GetSchedulerParams():208:Policy 2: available, min-max: 1-99
OS_Posix_TaskAPI_Impl_Init():401:Selected policy 2 for RT tasks, root task = 99
OS_Posix_TaskAPI_Impl_Init():419:Could not setschedparam in main thread: Operation not permitted (1)
CFE_PSP: initializing module 'soft_timebase' with ID 0110ff00
CFE_PSP: Instantiated software timebase 'cFS-Master' running at 10000 usec
CFE_PSP: initializing module 'timebase_posix_clock' with ID 0110ff01
CFE_PSP: Using POSIX monotonic clock as CFE timebase
CFE_PSP: initializing module 'eeprom_mmap_file' with ID 0110ff02
CFE_PSP: Using MMAP simulated EEPROM implementation
CFE_PSP: initializing module 'port_notimpl' with ID 0110ff03
CFE_PSP: I/O Port access not implementedCFE_PSP: EEPROM Range (2) created: Start Address = FFA7BED1E000, Size = 00080000 Status = 0

CFE_PSP: initializing module 'iodriver' with ID 0110ff04
CFE_PSP: initializing module 'linux_sysmon' with ID 0110ff05
CFE_PSP: initializing module 'endian_api' with ID 0110ff06
CFE_PSP: Host CPU Endian=LITTLE
CFE_PSP: initializing module 'ram_notimpl' with ID 0110ff07
CFE_PSP: Physical RAM access not implemented
CFE_PSP: Normal exit from previous cFE instance
CFE_PSP: Starting the cFE with a PROCESSOR reset.
1980-001-00:48:59.54790 CFE_ES_Main: CFE_ES_Main in EARLY_INIT state
1980-001-00:48:59.58873 CFE_ES_InitializeFileSystems: Volatile Disk has 100 Percent free space.
Number of addresses returned by backtrace = 1
CFE_PSP: CFE_PSP_AttachExceptions called
1980-001-00:48:59.64341 CFE_ES_Main: CFE_ES_Main entering CORE_STARTUP state
1980-001-00:48:59.64367 CFE_ES_CreateObjects: Starting Object Creation calls.
1980-001-00:48:59.64386 CFE_ES_CreateObjects: Calling EarlyInit for CFE_CONFIG
1980-001-00:48:59.65293 CFE_ES_CreateObjects: Calling EarlyInit for CFE_ES
1980-001-00:48:59.66651 CFE_ES_CreateObjects: Calling EarlyInit for CFE_EVS
1980-001-00:48:59.67456 CFE_EVS_EarlyInit: Event Log restored, n=0, c=20, f=1, m=1, o=71
1980-001-00:48:59.67485 CFE_ES_CreateObjects: Calling EarlyInit for CFE_FS
1980-001-00:48:59.67651 CFE_ES_CreateObjects: Calling EarlyInit for CFE_SB
1980-001-00:48:59.73279 CFE_ES_CreateObjects: Calling EarlyInit for CFE_TBL
1980-001-00:48:59.80490 CFE_ES_CreateObjects: Calling EarlyInit for CFE_TIME
EVS Port1 1980-012-14:04:42.36380 66/1/CFE_ES 1: cFE ES Initialized: CFE_ES v7.0.1+dev1 (Draco) DEV BUILD, based on v7.0.1, EDS disabled
EVS Port1 1980-012-14:04:42.38752 66/1/CFE_ES 2: cFS Versions: cfe v7.0.1+dev1, osal v7.0.1+dev1, psp v7.0.1+dev1. cFE chksm 31659
EVS Port1 1980-012-14:04:42.39085 66/1/CFE_ES 91: Version Info: Mission SampleMission, version git:v7.0.1-90-g78c23b0-dirty
EVS Port1 1980-012-14:04:42.39822 66/1/CFE_ES 91: Version Info: Module CORE_API, version git:2612eb0
EVS Port1 1980-012-14:04:42.40315 66/1/CFE_ES 91: Version Info: Module CONFIG, version git:2612eb0
EVS Port1 1980-012-14:04:42.40359 66/1/CFE_ES 91: Version Info: Module ES, version git:2612eb0
EVS Port1 1980-012-14:04:42.40388 66/1/CFE_ES 91: Version Info: Module EVS, version git:2612eb0
EVS Port1 1980-012-14:04:42.40934 66/1/CFE_ES 91: Version Info: Module FS, version git:2612eb0
EVS Port1 1980-012-14:04:42.40969 66/1/CFE_ES 91: Version Info: Module SB, version git:2612eb0
EVS Port1 1980-012-14:04:42.40997 66/1/CFE_ES 91: Version Info: Module TBL, version git:2612eb0
EVS Port1 1980-012-14:04:42.41949 66/1/CFE_ES 91: Version Info: Module TIME, version git:2612eb0
EVS Port1 1980-012-14:04:42.41966 66/1/CFE_ES 91: Version Info: Module OSAL, version git:8111e4a
EVS Port1 1980-012-14:04:42.41978 66/1/CFE_ES 91: Version Info: Module PSP, version git:d1da809
EVS Port1 1980-012-14:04:42.42333 66/1/CFE_ES 91: Version Info: Module MSG, version git:2612eb0
EVS Port1 1980-012-14:04:42.42553 66/1/CFE_ES 91: Version Info: Module SBR, version git:2612eb0
EVS Port1 1980-012-14:04:42.42570 66/1/CFE_ES 91: Version Info: Module RESOURCEID, version git:2612eb0
EVS Port1 1980-012-14:04:42.43170 66/1/CFE_ES 92: Build 202609140214 by root@vm, config aarch64
EVS Port1 1980-012-14:04:42.57192 66/1/CFE_EVS 1: cFE EVS Initialized: CFE_EVS v7.0.1+dev1 (Draco) DEV BUILD, based on v7.0.1, EDS disabled
1980-012-14:04:42.67643 CFE_SB_AppInit: Registered 4 events for filtering
EVS Port1 1980-012-14:04:42.69670 66/1/CFE_SB 1: cFE SB Initialized: CFE_SB v7.0.1+dev1 (Draco) DEV BUILD, based on v7.0.1, EDS disabled
EVS Port1 1980-012-14:04:42.70169 66/1/CFE_SB 14: No subscribers for MsgId 0x808,sender CFE_SB
EVS Port1 1980-012-14:04:42.80656 66/1/CFE_TBL 1: cFE TBL Initialized: CFE_TBL v7.0.1+dev1 (Draco) DEV BUILD, based on v7.0.1, EDS disabled
EVS Port1 1980-012-14:04:42.81341 66/1/CFE_SB 14: No subscribers for MsgId 0x808,sender CFE_TBL
EVS Port1 1980-012-14:04:42.93968 66/1/CFE_TIME 1: cFE TIME Initialized: CFE_TIME v7.0.1+dev1 (Draco) DEV BUILD, based on v7.0.1, EDS disabled
EVS Port1 1980-012-14:04:42.94262 66/1/CFE_SB 14: No subscribers for MsgId 0x808,sender CFE_TIME
1980-012-14:04:42.99749 CFE_ES_CreateObjects: Finished ES CreateObject table entries.
1980-012-14:04:43.00156 CFE_ES_Main: CFE_ES_Main entering CORE_READY state
OS_FileOpen_Impl():110:open(/dev/shm/osal:RAM/cfe_es_startup.scr): No such file or directory
1980-012-14:04:43.02375 CFE_ES_OpenStartupScript: Cannot Open Volatile Startup file: /ram/cfe_es_startup.scr, Trying Nonvolatile.
1980-012-14:04:43.03650 CFE_ES_OpenStartupScript: Opened ES App Startup file: /cf/cfe_es_startup.scr
1980-012-14:04:43.15202 CFE_ES_ParseFileEntry: Loading shared library: /cf/cfe_assert.so
1980-012-14:04:43.18890 [BEGIN] CFE FUNCTIONAL TEST
1980-012-14:04:43.19337 [BEGIN] 01 CFE-STARTUP
1980-012-14:04:43.28678 CFE_ES_ParseFileEntry: Loading shared library: /cf/sample_lib.so
SAMPLE Lib Initialized.Sample Lib v7.0.0+dev1 (Draco) DEV BUILD, based on v7.0.1, EDS disabled
1980-012-14:04:43.39976 CFE_ES_ParseFileEntry: Loading file: /cf/sch_lab.so, APP: SCH_LAB
SCH Lab Initialized.SCH Lab v7.0.1+dev1 (Draco) DEV BUILD, based on v7.0.1, EDS disabled
1980-012-14:04:43.59351 CFE_ES_ParseFileEntry: Loading file: /cf/ci_lab.so, APP: CI_LAB
1980-012-14:04:43.75369 CFE_ES_ParseFileEntry: Loading file: /cf/to_lab.so, APP: TO_LAB
EVS Port1 1980-012-14:04:43.92445 66/1/TO_LAB 1: TO Lab Initialized.TO Lab v7.0.1+dev1 (Draco) DEV BUILD, based on v7.0.1, EDS disabled, Awaiting enable command.
EVS Port1 1980-012-14:04:43.94464 66/1/CFE_SB 14: No subscribers for MsgId 0x808,sender TO_LAB
1980-012-14:04:44.04460 CI_LAB listening on UDP port: 1234
EVS Port1 1980-012-14:04:44.04759 66/1/CI_LAB 3: CI Lab Initialized.CI Lab App v7.0.1+dev1 (Draco) DEV BUILD, based on v7.0.1, EDS disabled
1980-012-14:04:44.06471 CFE_ES_ParseFileEntry: Loading file: /cf/sample_app.so, APP: SAMPLE_APP
EVS Port1 1980-012-14:04:44.20565 66/1/SAMPLE_APP 1: Sample App Initialized.Sample App v7.0.0+dev1 (Draco) DEV BUILD, based on v7.0.1, EDS disabled
1980-012-14:04:44.22439 CFE_ES_ParseFileEntry: Loading file: /cf/ai_learner.so, APP: AI_LEARNER
{"app":"AI_LEARNER","stage":"build_config","model":"b3_deepae","allow_conditional_map":0,"contract_bounded_bytes":1069632,"contract_per_call_bytes":6208,"contract_const_bytes":1063424,"contract_bound_known":true,"contract_artifact_sha256":"9ff64bd168e07135c196423d44408e7780984c977912b67c8240c0db522c4d7c"}
1980-012-14:04:44.33570 CFE_ES_ParseFileEntry: Loading file: /cf/lc.so, APP: LC
{"app":"AI_LEARNER","stage":"stack","es_stack_size":262160,"stack_base_bytes":262144,"contract_kernel_stack_bytes":16,"kernel_stack_accounted":true}
EVS Port1 1980-012-14:04:44.35859 66/1/AI_LEARNER 8: AI_LEARNER stack: es=262160 base=262144 kernel=16 accounted=1
{"app":"AI_LEARNER","stage":"admission","verdict":"ADMIT","model":"b3_deepae","target":"aarch64-unknown-linux-gnu","bounded":1069632,"budget":1069632,"budget_source":"override","per_call":6208,"constants":1063424,"kernel_stack_bytes":16,"bound_known":true,"scope":"per_app_local_budget"}
{"app":"AI_LEARNER","stage":"blob_align","requested_offset":40,"state":"applied","module_ptr_mod64":40}
EVS Port1 1980-012-14:04:44.04144 66/1/CFE_TIME 21: Stop FLYWHEEL
EVS Port1 1980-012-14:04:44.07211 66/1/LC 56: WDT verify results: good = 0, bad = 0, unused = 176
1980-012-14:04:44.10821 CFE_ES_ParseFileEntry: Loading file: /cf/cf.so, APP: CF
EVS Port1 1980-012-14:04:44.13597 66/1/LC 66: ADT verify results: good = 0, bad = 0, unused = 176
EVS Port1 1980-012-14:04:44.14834 66/1/LC 23: LC use of Critical Data Store disabled, activity mask = 0x00991990
EVS Port1 1980-012-14:04:44.16114 66/1/LC 2: LC Initialized. Version 7.0.1.255
1980-012-14:04:44.45822 CFE_ES_ParseFileEntry: Loading file: /cf/ds.so, APP: DS
EVS Port1 1980-012-14:04:44.59095 66/1/CF 20: CF Initialized. Version 7.0.1.255
EVS Port1 1980-012-14:04:44.77525 66/1/DS 10: Destination file table verify results: good entries = 6, bad = 0, unused = 10
EVS Port1 1980-012-14:04:44.82424 66/1/DS 12: Filter table verify results: good entries = 14, bad = 0, unused = 242
1980-012-14:04:44.88399 CFE_ES_ParseFileEntry: Loading file: /cf/fm.so, APP: FM
EVS Port1 1980-012-14:04:44.88584 66/1/DS 1: Application initialized, version 7.0.1.255, data at 0xffa7be520460
EVS Port1 1980-012-14:04:45.09606 66/1/FM 80: Free Space Table verify results: good entries = 3, bad = 0, unused = 5
EVS Port1 1980-012-14:04:45.14839 66/1/FM 1: Initialization complete: version 7.0.1.255
1980-012-14:04:45.18027 CFE_ES_ParseFileEntry: Loading file: /cf/hk.so, APP: HK
EVS Port1 1980-012-14:04:45.20510 66/1/FM 72: Child Task initialization complete
EVS Port1 1980-012-14:04:45.37503 66/1/HK 1: HK Initialized.  Version 7.0.1.255
1980-012-14:04:45.40533 CFE_ES_ParseFileEntry: Loading file: /cf/hs.so, APP: HS
EVS Port1 1980-012-14:04:45.61911 66/1/HS 54: ExeCount verify results: good = 5, bad = 0, unused = 27
1980-012-14:04:45.64410 CFE_ES_ParseFileEntry: Loading file: /cf/mm.so, APP: MM
EVS Port1 1980-012-14:04:45.66523 66/1/HS 50: AppMon verify results: good = 0, bad = 0, unused = 32
EVS Port1 1980-012-14:04:45.71342 66/1/HS 52: EventMon verify results: good = 0, bad = 0, unused = 16
EVS Port1 1980-012-14:04:45.77511 66/1/HS 56: MsgActs verify results: good = 2, bad = 0, unused = 6
1980-012-14:04:45.80902 HS_SysMonInit(): System Monitor using PSP device ID 0110ff05
EVS Port1 1980-012-14:04:45.81639 66/1/MM 1: MM Initialized. Version 7.0.1.255
{"app":"AI_LEARNER","stage":"binding","verdict":"MATCH","artifact_bytes":1080730,"artifact_sha256":"9ff64bd168e07135","contract_sha256":"9ff64bd168e07135"}
CFE_PSP(Linux_SysMon): Started CPU utilization monitoring on 1 CPU(s)
EVS Port1 1980-012-14:04:45.91419 66/1/HS 1: HS Initialized.  Version 7.0.1.255
1980-012-14:04:45.95703 CFE_ES_ParseFileEntry: Loading file: /cf/sc.so, APP: SC
EVS Port1 1980-012-14:04:46.05014 66/1/CFE_TIME 21: Stop FLYWHEEL
1980-012-14:04:46.18322 CFE_ES_ParseFileEntry: Loading file: /cf/md.so, APP: MD
EVS Port1 1980-012-14:04:46.35621 66/1/SC 21: RTS table files not loaded at initialization = 0 of 4
EVS Port1 1980-012-14:04:46.39521 66/1/MD 52: MD Dwell Tbl verify results: good = 0, bad = 0, unused = 25
EVS Port1 1980-012-14:04:46.39932 66/1/SC 9: SC Initialized. Version 7.0.1.255
EVS Port1 1980-012-14:04:46.40829 66/1/MD 3: Recovered Dwell Table #1 is valid and has been copied to the MD App
EVS Port1 1980-012-14:04:46.42826 66/1/MD 52: MD Dwell Tbl verify results: good = 0, bad = 0, unused = 25
EVS Port1 1980-012-14:04:46.44815 66/1/MD 3: Recovered Dwell Table #2 is valid and has been copied to the MD App
EVS Port1 1980-012-14:04:46.46218 66/1/MD 52: MD Dwell Tbl verify results: good = 0, bad = 0, unused = 25
EVS Port1 1980-012-14:04:46.47840 66/1/MD 3: Recovered Dwell Table #3 is valid and has been copied to the MD App
1980-012-14:04:46.49780 CFE_ES_ParseFileEntry: Loading file: /cf/cs.so, APP: CS
EVS Port1 1980-012-14:04:46.50575 66/1/MD 52: MD Dwell Tbl verify results: good = 0, bad = 0, unused = 25
EVS Port1 1980-012-14:04:46.52436 66/1/MD 3: Recovered Dwell Table #4 is valid and has been copied to the MD App
EVS Port1 1980-012-14:04:46.53691 66/1/MD 7: Dwell Tables Recovered: 4, Dwell Tables Initialized: 0
EVS Port1 1980-012-14:04:46.56101 66/1/MD 1: MD Initialized.  Version 7.0.1.255
EVS Port1 1980-012-14:04:46.74220 66/1/CS 144: CS EEPROM Table verification results: good = 0, bad = 0, unused = 16
EVS Port1 1980-012-14:04:46.75810 66/1/CS 107: CS EEPROM Table: No valid entries in the table
EVS Port1 1980-012-14:04:46.79528 66/1/CS 143: CS Memory Table verification results: good = 0, bad = 0, unused = 16
EVS Port1 1980-012-14:04:46.81089 66/1/CS 107: CS Memory Table: No valid entries in the table
EVS Port1 1980-012-14:04:46.85215 66/1/CS 139: CS Tables Table verification results: good = 1, bad = 0, unused = 23
EVS Port1 1980-012-14:04:46.89903 66/1/CS 142: CS Apps Table verification results: good = 0, bad = 0, unused = 24
EVS Port1 1980-012-14:04:46.91920 66/1/CS 108: CS Apps Table: No valid entries in the table
EVS Port1 1980-012-14:04:46.93412 66/1/CS 127: OS Text Segment disabled due to platform
EVS Port1 1980-012-14:04:46.94715 66/1/CS 1: CS Initialized. Version 7.0.1.255
EVS Port1 1980-012-14:04:47.02104 66/1/CFE_TIME 20: Start FLYWHEEL
{"app":"AI_LEARNER","stage":"map_branch","model":"b3_deepae","module_ptr_mod64":40,"hal_peak_after_append":1063424,"contract_const_bytes":1063424,"contract_per_call_bytes":6208,"arm":"copy","admission_mode":"unconditional"}
{"app":"AI_LEARNER","stage":"mem_init","model":"b3_deepae","target":"aarch64-unknown-linux-gnu","hal_peak":1065984,"hal_allocated":1065984,"bounded":1069632,"peak_within_bounded":true,"inferences_so_far":0,"process_rss_kb":7984,"rss_kb_before_runtime":6248,"rss_kb_after_session":6612,"rss_kb_after_init":7984}
{"app":"AI_LEARNER","stage":"e25_mode","active":false,"inputs_path":"/cf/e25_inputs.bin"}
EVS Port1 1980-012-14:04:47.19100 66/1/AI_LEARNER 3: AI_LEARNER initialized: model b3_deepae (1080730 B), rss_delta_init=1736 KB
1980-012-14:04:47.22268 CFE_ES_Main: CFE_ES_Main entering APPS_INIT state
1980-012-14:04:47.22892 CFE_ES_Main: CFE_ES_Main entering OPERATIONAL state
EVS Port1 1980-012-14:04:47.26914 66/1/TO_LAB 19: L550 TO Lab subscribed to 32 messages from the table
EVS Port1 1980-012-14:04:48.05606 66/1/CFE_TIME 21: Stop FLYWHEEL
EVS Port1 1980-012-14:04:48.30490 66/1/AI_LEARNER 4: AI_LEARNER completed=1/1 mean=91487.3us max=91487.3us hal_peak=1069632 within_bounded=1
{"app":"AI_LEARNER","stage":"run","model":"b3_deepae","target":"aarch64-unknown-linux-gnu","attempted":1,"completed":1,"fail_input":0,"fail_invoke":0,"fail_output":0,"mean_us":91487.33,"max_us":91487.33,"last_us":91487.33,"out0":-34.88312,"out_elems":640,"out_sha256":"f0d9cd84479ef63eac76f9c9c5956d86a7e60eca966404a87e891d7faa34cf92","out_head":[-34.883118,-19.244835,-10.683687,-6.042991,-3.147366,1.497320],"out_tail":[-19.598957,-18.188984,-18.763271,-20.377377,-29.048243,-42.496067],"out_full_file":"/cf/last_out.json","out_full_file_bytes":7044,"out_full_file_reason":"ok","out_record_truncates":false}
{"app":"AI_LEARNER","stage":"mem","model":"b3_deepae","target":"aarch64-unknown-linux-gnu","completed":1,"hal_peak":1069632,"peak_within_bounded":true,"admitted_budget_bytes":1069632,"peak_within_admitted_budget":true,"admission_mode":"unconditional","hal_bytes_per_call_amortized":1069632.0,"process_rss_kb":8048,"process_rss_delta_init_kb":1736,"max_active_calls":1,"active_calls_now":0,"call_counter_balanced":true}
EVS Port1 1980-012-14:04:49.02624 66/1/CFE_TIME 20: Start FLYWHEEL
EVS Port1 1980-012-14:04:51.04981 66/1/CFE_TIME 20: Start FLYWHEEL
EVS Port1 1980-012-14:04:52.02581 66/1/CFE_TIME 21: Stop FLYWHEEL
EVS Port1 1980-012-14:04:52.16632 66/1/AI_LEARNER 4: AI_LEARNER completed=2/2 mean=88308.5us max=91487.3us hal_peak=1069632 within_bounded=1
{"app":"AI_LEARNER","stage":"run","model":"b3_deepae","target":"aarch64-unknown-linux-gnu","attempted":2,"completed":2,"fail_input":0,"fail_invoke":0,"fail_output":0,"mean_us":88308.50,"max_us":91487.33,"last_us":85129.68,"out0":-34.88312,"out_elems":640,"out_sha256":"f0d9cd84479ef63eac76f9c9c5956d86a7e60eca966404a87e891d7faa34cf92","out_head":[-34.883118,-19.244835,-10.683687,-6.042991,-3.147366,1.497320],"out_tail":[-19.598957,-18.188984,-18.763271,-20.377377,-29.048243,-42.496067],"out_full_file":"/cf/last_out.json","out_full_file_bytes":7044,"out_full_file_reason":"ok","out_record_truncates":false}
{"app":"AI_LEARNER","stage":"mem","model":"b3_deepae","target":"aarch64-unknown-linux-gnu","completed":2,"hal_peak":1069632,"peak_within_bounded":true,"admitted_budget_bytes":1069632,"peak_within_admitted_budget":true,"admission_mode":"unconditional","hal_bytes_per_call_amortized":536640.0,"process_rss_kb":8048,"process_rss_delta_init_kb":1736,"max_active_calls":1,"active_calls_now":0,"call_counter_balanced":true}
.EVS Port1 1980-012-14:04:56.14306 66/1/AI_LEARNER 4: AI_LEARNER completed=3/3 mean=85166.3us max=91487.3us hal_peak=1069632 within_bounded=1
{"app":"AI_LEARNER","stage":"run","model":"b3_deepae","target":"aarch64-unknown-linux-gnu","attempted":3,"completed":3,"fail_input":0,"fail_invoke":0,"fail_output":0,"mean_us":85166.28,"max_us":91487.33,"last_us":78881.82,"out0":-34.88312,"out_elems":640,"out_sha256":"f0d9cd84479ef63eac76f9c9c5956d86a7e60eca966404a87e891d7faa34cf92","out_head":[-34.883118,-19.244835,-10.683687,-6.042991,-3.147366,1.497320],"out_tail":[-19.598957,-18.188984,-18.763271,-20.377377,-29.048243,-42.496067],"out_full_file":"/cf/last_out.json","out_full_file_bytes":7044,"out_full_file_reason":"ok","out_record_truncates":false}
{"app":"AI_LEARNER","stage":"mem","model":"b3_deepae","target":"aarch64-unknown-linux-gnu","completed":3,"hal_peak":1069632,"peak_within_bounded":true,"admitted_budget_bytes":1069632,"peak_within_admitted_budget":true,"admission_mode":"unconditional","hal_bytes_per_call_amortized":358976.0,"process_rss_kb":8048,"process_rss_delta_init_kb":1736,"max_active_calls":1,"active_calls_now":0,"call_counter_balanced":true}
EVS Port1 1980-012-14:04:59.05419 66/1/CFE_TIME 20: Start FLYWHEEL
EVS Port1 1980-012-14:04:59.03459 66/1/CFE_TIME 21: Stop FLYWHEEL
.EVS Port1 1980-012-14:05:00.27690 66/1/AI_LEARNER 4: AI_LEARNER completed=4/4 mean=85898.2us max=91487.3us hal_peak=1069632 within_bounded=1
{"app":"AI_LEARNER","stage":"run","model":"b3_deepae","target":"aarch64-unknown-linux-gnu","attempted":4,"completed":4,"fail_input":0,"fail_invoke":0,"fail_output":0,"mean_us":85898.25,"max_us":91487.33,"last_us":88094.16,"out0":-34.88312,"out_elems":640,"out_sha256":"f0d9cd84479ef63eac76f9c9c5956d86a7e60eca966404a87e891d7faa34cf92","out_head":[-34.883118,-19.244835,-10.683687,-6.042991,-3.147366,1.497320],"out_tail":[-19.598957,-18.188984,-18.763271,-20.377377,-29.048243,-42.496067],"out_full_file":"/cf/last_out.json","out_full_file_bytes":7044,"out_full_file_reason":"ok","out_record_truncates":false}
{"app":"AI_LEARNER","stage":"mem","model":"b3_deepae","target":"aarch64-unknown-linux-gnu","completed":4,"hal_peak":1069632,"peak_within_bounded":true,"admitted_budget_bytes":1069632,"peak_within_admitted_budget":true,"admission_mode":"unconditional","hal_bytes_per_call_amortized":270144.0,"process_rss_kb":8048,"process_rss_delta_init_kb":1736,"max_active_calls":1,"active_calls_now":0,"call_counter_balanced":true}
EVS Port1 1980-012-14:05:02.02726 66/1/CFE_TIME 21: Stop FLYWHEEL
EVS Port1 1980-012-14:05:02.99809 66/1/CFE_TIME 20: Start FLYWHEEL
EVS Port1 1980-012-14:05:04.02911 66/1/CFE_TIME 21: Stop FLYWHEEL
EVS Port1 1980-012-14:05:04.15815 66/1/AI_LEARNER 4: AI_LEARNER completed=5/5 mean=85559.5us max=91487.3us hal_peak=1069632 within_bounded=1
{"app":"AI_LEARNER","stage":"run","model":"b3_deepae","target":"aarch64-unknown-linux-gnu","attempted":5,"completed":5,"fail_input":0,"fail_invoke":0,"fail_output":0,"mean_us":85559.52,"max_us":91487.33,"last_us":84204.61,"out0":-34.88312,"out_elems":640,"out_sha256":"f0d9cd84479ef63eac76f9c9c5956d86a7e60eca966404a87e891d7faa34cf92","out_head":[-34.883118,-19.244835,-10.683687,-6.042991,-3.147366,1.497320],"out_tail":[-19.598957,-18.188984,-18.763271,-20.377377,-29.048243,-42.496067],"out_full_file":"/cf/last_out.json","out_full_file_bytes":7044,"out_full_file_reason":"ok","out_record_truncates":false}
{"app":"AI_LEARNER","stage":"mem","model":"b3_deepae","target":"aarch64-unknown-linux-gnu","completed":5,"hal_peak":1069632,"peak_within_bounded":true,"admitted_budget_bytes":1069632,"peak_within_admitted_budget":true,"admission_mode":"unconditional","hal_bytes_per_call_amortized":216844.8,"process_rss_kb":8052,"process_rss_delta_init_kb":1736,"max_active_calls":1,"active_calls_now":0,"call_counter_balanced":true}
EVS Port1 1980-012-14:05:05.01695 66/1/CFE_TIME 20: Start FLYWHEEL
.EVS Port1 1980-012-14:05:07.03514 66/1/CFE_TIME 20: Start FLYWHEEL
EVS Port1 1980-012-14:05:07.02479 66/1/CFE_TIME 21: Stop FLYWHEEL
EVS Port1 1980-012-14:05:08.55511 66/1/AI_LEARNER 4: AI_LEARNER completed=6/6 mean=126984.6us max=334110.2us hal_peak=1069632 within_bounded=1
{"app":"AI_LEARNER","stage":"run","model":"b3_deepae","target":"aarch64-unknown-linux-gnu","attempted":6,"completed":6,"fail_input":0,"fail_invoke":0,"fail_output":0,"mean_us":126984.63,"max_us":334110.18,"last_us":334110.18,"out0":-34.88312,"out_elems":640,"out_sha256":"f0d9cd84479ef63eac76f9c9c5956d86a7e60eca966404a87e891d7faa34cf92","out_head":[-34.883118,-19.244835,-10.683687,-6.042991,-3.147366,1.497320],"out_tail":[-19.598957,-18.188984,-18.763271,-20.377377,-29.048243,-42.496067],"out_full_file":"/cf/last_out.json","out_full_file_bytes":7044,"out_full_file_reason":"ok","out_record_truncates":false}
{"app":"AI_LEARNER","stage":"mem","model":"b3_deepae","target":"aarch64-unknown-linux-gnu","completed":6,"hal_peak":1069632,"peak_within_bounded":true,"admitted_budget_bytes":1069632,"peak_within_admitted_budget":true,"admission_mode":"unconditional","hal_bytes_per_call_amortized":181312.0,"process_rss_kb":8052,"process_rss_delta_init_kb":1736,"max_active_calls":1,"active_calls_now":0,"call_counter_balanced":true}
EVS Port1 1980-012-14:05:10.03269 66/1/CFE_TIME 21: Stop FLYWHEEL
EVS Port1 1980-012-14:05:10.99879 66/1/CFE_TIME 20: Start FLYWHEEL
.EVS Port1 1980-012-14:05:12.14472 66/1/AI_LEARNER 4: AI_LEARNER completed=7/7 mean=117012.9us max=334110.2us hal_peak=1069632 within_bounded=1
{"app":"AI_LEARNER","stage":"run","model":"b3_deepae","target":"aarch64-unknown-linux-gnu","attempted":7,"completed":7,"fail_input":0,"fail_invoke":0,"fail_output":0,"mean_us":117012.93,"max_us":334110.18,"last_us":57182.75,"out0":-34.88312,"out_elems":640,"out_sha256":"f0d9cd84479ef63eac76f9c9c5956d86a7e60eca966404a87e891d7faa34cf92","out_head":[-34.883118,-19.244835,-10.683687,-6.042991,-3.147366,1.497320],"out_tail":[-19.598957,-18.188984,-18.763271,-20.377377,-29.048243,-42.496067],"out_full_file":"/cf/last_out.json","out_full_file_bytes":7044,"out_full_file_reason":"ok","out_record_truncates":false}
{"app":"AI_LEARNER","stage":"mem","model":"b3_deepae","target":"aarch64-unknown-linux-gnu","completed":7,"hal_peak":1069632,"peak_within_bounded":true,"admitted_budget_bytes":1069632,"peak_within_admitted_budget":true,"admission_mode":"unconditional","hal_bytes_per_call_amortized":155931.4,"process_rss_kb":8052,"process_rss_delta_init_kb":1736,"max_active_calls":1,"active_calls_now":0,"call_counter_balanced":true}
EVS Port1 1980-012-14:05:13.02699 66/1/CFE_TIME 20: Start FLYWHEEL
EVS Port1 1980-012-14:05:14.02183 66/1/CFE_TIME 21: Stop FLYWHEEL
EVS Port1 1980-012-14:05:16.08825 66/1/AI_LEARNER 4: AI_LEARNER completed=8/8 mean=107954.7us max=334110.2us hal_peak=1069632 within_bounded=1
{"app":"AI_LEARNER","stage":"run","model":"b3_deepae","target":"aarch64-unknown-linux-gnu","attempted":8,"completed":8,"fail_input":0,"fail_invoke":0,"fail_output":0,"mean_us":107954.75,"max_us":334110.18,"last_us":44547.47,"out0":-34.88312,"out_elems":640,"out_sha256":"f0d9cd84479ef63eac76f9c9c5956d86a7e60eca966404a87e891d7faa34cf92","out_head":[-34.883118,-19.244835,-10.683687,-6.042991,-3.147366,1.497320],"out_tail":[-19.598957,-18.188984,-18.763271,-20.377377,-29.048243,-42.496067],"out_full_file":"/cf/last_out.json","out_full_file_bytes":7044,"out_full_file_reason":"ok","out_record_truncates":false}
{"app":"AI_LEARNER","stage":"mem","model":"b3_deepae","target":"aarch64-unknown-linux-gnu","completed":8,"hal_peak":1069632,"peak_within_bounded":true,"admitted_budget_bytes":1069632,"peak_within_admitted_budget":true,"admission_mode":"unconditional","hal_bytes_per_call_amortized":136896.0,"process_rss_kb":8052,"process_rss_delta_init_kb":1736,"max_active_calls":1,"active_calls_now":0,"call_counter_balanced":true}
.EVS Port1 1980-012-14:05:20.00679 66/1/CFE_TIME 20: Start FLYWHEEL
EVS Port1 1980-012-14:05:20.13015 66/1/AI_LEARNER 4: AI_LEARNER completed=9/9 mean=103843.9us max=334110.2us hal_peak=1069632 within_bounded=1
{"app":"AI_LEARNER","stage":"run","model":"b3_deepae","target":"aarch64-unknown-linux-gnu","attempted":9,"completed":9,"fail_input":0,"fail_invoke":0,"fail_output":0,"mean_us":103843.91,"max_us":334110.18,"last_us":70957.20,"out0":-34.88312,"out_elems":640,"out_sha256":"f0d9cd84479ef63eac76f9c9c5956d86a7e60eca966404a87e891d7faa34cf92","out_head":[-34.883118,-19.244835,-10.683687,-6.042991,-3.147366,1.497320],"out_tail":[-19.598957,-18.188984,-18.763271,-20.377377,-29.048243,-42.496067],"out_full_file":"/cf/last_out.json","out_full_file_bytes":7044,"out_full_file_reason":"ok","out_record_truncates":false}
{"app":"AI_LEARNER","stage":"mem","model":"b3_deepae","target":"aarch64-unknown-linux-gnu","completed":9,"hal_peak":1069632,"peak_within_bounded":true,"admitted_budget_bytes":1069632,"peak_within_admitted_budget":true,"admission_mode":"unconditional","hal_bytes_per_call_amortized":122090.7,"process_rss_kb":8052,"process_rss_delta_init_kb":1736,"max_active_calls":1,"active_calls_now":0,"call_counter_balanced":true}
EVS Port1 1980-012-14:05:22.03489 66/1/CFE_TIME 21: Stop FLYWHEEL
.EVS Port1 1980-012-14:05:24.09631 66/1/AI_LEARNER 4: AI_LEARNER completed=10/10 mean=98593.1us max=334110.2us hal_peak=1069632 within_bounded=1
{"app":"AI_LEARNER","stage":"run","model":"b3_deepae","target":"aarch64-unknown-linux-gnu","attempted":10,"completed":10,"fail_input":0,"fail_invoke":0,"fail_output":0,"mean_us":98593.07,"max_us":334110.18,"last_us":51335.46,"out0":-34.88312,"out_elems":640,"out_sha256":"f0d9cd84479ef63eac76f9c9c5956d86a7e60eca966404a87e891d7faa34cf92","out_head":[-34.883118,-19.244835,-10.683687,-6.042991,-3.147366,1.497320],"out_tail":[-19.598957,-18.188984,-18.763271,-20.377377,-29.048243,-42.496067],"out_full_file":"/cf/last_out.json","out_full_file_bytes":7045,"out_full_file_reason":"ok","out_record_truncates":false}
{"app":"AI_LEARNER","stage":"mem","model":"b3_deepae","target":"aarch64-unknown-linux-gnu","completed":10,"hal_peak":1069632,"peak_within_bounded":true,"admitted_budget_bytes":1069632,"peak_within_admitted_budget":true,"admission_mode":"unconditional","hal_bytes_per_call_amortized":110246.4,"process_rss_kb":8052,"process_rss_delta_init_kb":1736,"max_active_calls":1,"active_calls_now":0,"call_counter_balanced":true}
EVS Port1 1980-012-14:05:28.23651 66/1/AI_LEARNER 4: AI_LEARNER completed=11/11 mean=93464.3us max=334110.2us hal_peak=1069632 within_bounded=1
{"app":"AI_LEARNER","stage":"run","model":"b3_deepae","target":"aarch64-unknown-linux-gnu","attempted":11,"completed":11,"fail_input":0,"fail_invoke":0,"fail_output":0,"mean_us":93464.35,"max_us":334110.18,"last_us":42177.15,"out0":-34.88312,"out_elems":640,"out_sha256":"f0d9cd84479ef63eac76f9c9c5956d86a7e60eca966404a87e891d7faa34cf92","out_head":[-34.883118,-19.244835,-10.683687,-6.042991,-3.147366,1.497320],"out_tail":[-19.598957,-18.188984,-18.763271,-20.377377,-29.048243,-42.496067],"out_full_file":"/cf/last_out.json","out_full_file_bytes":7045,"out_full_file_reason":"ok","out_record_truncates":false}
{"app":"AI_LEARNER","stage":"mem","model":"b3_deepae","target":"aarch64-unknown-linux-gnu","completed":11,"hal_peak":1069632,"peak_within_bounded":true,"admitted_budget_bytes":1069632,"peak_within_admitted_budget":true,"admission_mode":"unconditional","hal_bytes_per_call_amortized":100555.6,"process_rss_kb":8052,"process_rss_delta_init_kb":1736,"max_active_calls":1,"active_calls_now":0,"call_counter_balanced":true}
.EVS Port1 1980-012-14:05:30.04304 66/1/CFE_TIME 21: Stop FLYWHEEL
EVS Port1 1980-012-14:05:31.01130 66/1/CFE_TIME 20: Start FLYWHEEL
EVS Port1 1980-012-14:05:32.15414 66/1/AI_LEARNER 4: AI_LEARNER completed=12/12 mean=93773.4us max=334110.2us hal_peak=1069632 within_bounded=1
{"app":"AI_LEARNER","stage":"run","model":"b3_deepae","target":"aarch64-unknown-linux-gnu","attempted":12,"completed":12,"fail_input":0,"fail_invoke":0,"fail_output":0,"mean_us":93773.36,"max_us":334110.18,"last_us":97172.48,"out0":-34.88312,"out_elems":640,"out_sha256":"f0d9cd84479ef63eac76f9c9c5956d86a7e60eca966404a87e891d7faa34cf92","out_head":[-34.883118,-19.244835,-10.683687,-6.042991,-3.147366,1.497320],"out_tail":[-19.598957,-18.188984,-18.763271,-20.377377,-29.048243,-42.496067],"out_full_file":"/cf/last_out.json","out_full_file_bytes":7045,"out_full_file_reason":"ok","out_record_truncates":false}
{"app":"AI_LEARNER","stage":"mem","model":"b3_deepae","target":"aarch64-unknown-linux-gnu","completed":12,"hal_peak":1069632,"peak_within_bounded":true,"admitted_budget_bytes":1069632,"peak_within_admitted_budget":true,"admission_mode":"unconditional","hal_bytes_per_call_amortized":92480.0,"process_rss_kb":8052,"process_rss_delta_init_kb":1736,"max_active_calls":1,"active_calls_now":0,"call_counter_balanced":true}
EVS Port1 1980-012-14:05:33.02909 66/1/CFE_TIME 20: Start FLYWHEEL
EVS Port1 1980-012-14:05:34.12199 66/1/CFE_TIME 21: Stop FLYWHEEL
.EVS Port1 1980-012-14:05:36.12123 66/1/AI_LEARNER 4: AI_LEARNER completed=13/13 mean=91264.7us max=334110.2us hal_peak=1069632 within_bounded=1
{"app":"AI_LEARNER","stage":"run","model":"b3_deepae","target":"aarch64-unknown-linux-gnu","attempted":13,"completed":13,"fail_input":0,"fail_invoke":0,"fail_output":0,"mean_us":91264.65,"max_us":334110.18,"last_us":61160.22,"out0":-34.88312,"out_elems":640,"out_sha256":"f0d9cd84479ef63eac76f9c9c5956d86a7e60eca966404a87e891d7faa34cf92","out_head":[-34.883118,-19.244835,-10.683687,-6.042991,-3.147366,1.497320],"out_tail":[-19.598957,-18.188984,-18.763271,-20.377377,-29.048243,-42.496067],"out_full_file":"/cf/last_out.json","out_full_file_bytes":7045,"out_full_file_reason":"ok","out_record_truncates":false}
{"app":"AI_LEARNER","stage":"mem","model":"b3_deepae","target":"aarch64-unknown-linux-gnu","completed":13,"hal_peak":1069632,"peak_within_bounded":true,"admitted_budget_bytes":1069632,"peak_within_admitted_budget":true,"admission_mode":"unconditional","hal_bytes_per_call_amortized":85646.8,"process_rss_kb":8052,"process_rss_delta_init_kb":1736,"max_active_calls":1,"active_calls_now":0,"call_counter_balanced":true}
EVS Port1 1980-012-14:05:40.12612 66/1/AI_LEARNER 4: AI_LEARNER completed=14/14 mean=90370.8us max=334110.2us hal_peak=1069632 within_bounded=1
{"app":"AI_LEARNER","stage":"run","model":"b3_deepae","target":"aarch64-unknown-linux-gnu","attempted":14,"completed":14,"fail_input":0,"fail_invoke":0,"fail_output":0,"mean_us":90370.84,"max_us":334110.18,"last_us":78751.20,"out0":-34.88312,"out_elems":640,"out_sha256":"f0d9cd84479ef63eac76f9c9c5956d86a7e60eca966404a87e891d7faa34cf92","out_head":[-34.883118,-19.244835,-10.683687,-6.042991,-3.147366,1.497320],"out_tail":[-19.598957,-18.188984,-18.763271,-20.377377,-29.048243,-42.496067],"out_full_file":"/cf/last_out.json","out_full_file_bytes":7045,"out_full_file_reason":"ok","out_record_truncates":false}
{"app":"AI_LEARNER","stage":"mem","model":"b3_deepae","target":"aarch64-unknown-linux-gnu","completed":14,"hal_peak":1069632,"peak_within_bounded":true,"admitted_budget_bytes":1069632,"peak_within_admitted_budget":true,"admission_mode":"unconditional","hal_bytes_per_call_amortized":79789.7,"process_rss_kb":8052,"process_rss_delta_init_kb":1736,"max_active_calls":1,"active_calls_now":0,"call_counter_balanced":true}
.EVS Port1 1980-012-14:05:44.08689 66/1/AI_LEARNER 4: AI_LEARNER completed=15/15 mean=86901.9us max=334110.2us hal_peak=1069632 within_bounded=1
{"app":"AI_LEARNER","stage":"run","model":"b3_deepae","target":"aarch64-unknown-linux-gnu","attempted":15,"completed":15,"fail_input":0,"fail_invoke":0,"fail_output":0,"mean_us":86901.94,"max_us":334110.18,"last_us":38337.41,"out0":-34.88312,"out_elems":640,"out_sha256":"f0d9cd84479ef63eac76f9c9c5956d86a7e60eca966404a87e891d7faa34cf92","out_head":[-34.883118,-19.244835,-10.683687,-6.042991,-3.147366,1.497320],"out_tail":[-19.598957,-18.188984,-18.763271,-20.377377,-29.048243,-42.496067],"out_full_file":"/cf/last_out.json","out_full_file_bytes":7045,"out_full_file_reason":"ok","out_record_truncates":false}
{"app":"AI_LEARNER","stage":"mem","model":"b3_deepae","target":"aarch64-unknown-linux-gnu","completed":15,"hal_peak":1069632,"peak_within_bounded":true,"admitted_budget_bytes":1069632,"peak_within_admitted_budget":true,"admission_mode":"unconditional","hal_bytes_per_call_amortized":74713.6,"process_rss_kb":8052,"process_rss_delta_init_kb":1736,"max_active_calls":1,"active_calls_now":0,"call_counter_balanced":true}
.EVS Port1 1980-012-14:05:48.01237 66/1/CFE_TIME 20: Start FLYWHEEL
EVS Port1 1980-012-14:05:48.15623 66/1/AI_LEARNER 4: AI_LEARNER completed=16/16 mean=85855.6us max=334110.2us hal_peak=1069632 within_bounded=1
{"app":"AI_LEARNER","stage":"run","model":"b3_deepae","target":"aarch64-unknown-linux-gnu","attempted":16,"completed":16,"fail_input":0,"fail_invoke":0,"fail_output":0,"mean_us":85855.59,"max_us":334110.18,"last_us":70160.30,"out0":-34.88312,"out_elems":640,"out_sha256":"f0d9cd84479ef63eac76f9c9c5956d86a7e60eca966404a87e891d7faa34cf92","out_head":[-34.883118,-19.244835,-10.683687,-6.042991,-3.147366,1.497320],"out_tail":[-19.598957,-18.188984,-18.763271,-20.377377,-29.048243,-42.496067],"out_full_file":"/cf/last_out.json","out_full_file_bytes":7045,"out_full_file_reason":"ok","out_record_truncates":false}
{"app":"AI_LEARNER","stage":"mem","model":"b3_deepae","target":"aarch64-unknown-linux-gnu","completed":16,"hal_peak":1069632,"peak_within_bounded":true,"admitted_budget_bytes":1069632,"peak_within_admitted_budget":true,"admission_mode":"unconditional","hal_bytes_per_call_amortized":70272.0,"process_rss_kb":8052,"process_rss_delta_init_kb":1736,"max_active_calls":1,"active_calls_now":0,"call_counter_balanced":true}
EVS Port1 1980-012-14:05:49.02130 66/1/CFE_TIME 21: Stop FLYWHEEL
EVS Port1 1980-012-14:05:52.25469 66/1/AI_LEARNER 4: AI_LEARNER completed=17/17 mean=83830.9us max=334110.2us hal_peak=1069632 within_bounded=1
{"app":"AI_LEARNER","stage":"run","model":"b3_deepae","target":"aarch64-unknown-linux-gnu","attempted":17,"completed":17,"fail_input":0,"fail_invoke":0,"fail_output":0,"mean_us":83830.94,"max_us":334110.18,"last_us":51436.64,"out0":-34.88312,"out_elems":640,"out_sha256":"f0d9cd84479ef63eac76f9c9c5956d86a7e60eca966404a87e891d7faa34cf92","out_head":[-34.883118,-19.244835,-10.683687,-6.042991,-3.147366,1.497320],"out_tail":[-19.598957,-18.188984,-18.763271,-20.377377,-29.048243,-42.496067],"out_full_file":"/cf/last_out.json","out_full_file_bytes":7045,"out_full_file_reason":"ok","out_record_truncates":false}
{"app":"AI_LEARNER","stage":"mem","model":"b3_deepae","target":"aarch64-unknown-linux-gnu","completed":17,"hal_peak":1069632,"peak_within_bounded":true,"admitted_budget_bytes":1069632,"peak_within_admitted_budget":true,"admission_mode":"unconditional","hal_bytes_per_call_amortized":66352.9,"process_rss_kb":8052,"process_rss_delta_init_kb":1736,"max_active_calls":1,"active_calls_now":0,"call_counter_balanced":true}
.EVS Port1 1980-012-14:05:54.03450 66/1/CFE_TIME 20: Start FLYWHEEL
EVS Port1 1980-012-14:05:54.04328 66/1/CFE_TIME 21: Stop FLYWHEEL
EVS Port1 1980-012-14:05:56.15296 66/1/AI_LEARNER 4: AI_LEARNER completed=18/18 mean=83846.6us max=334110.2us hal_peak=1069632 within_bounded=1
{"app":"AI_LEARNER","stage":"run","model":"b3_deepae","target":"aarch64-unknown-linux-gnu","attempted":18,"completed":18,"fail_input":0,"fail_invoke":0,"fail_output":0,"mean_us":83846.62,"max_us":334110.18,"last_us":84113.04,"out0":-34.88312,"out_elems":640,"out_sha256":"f0d9cd84479ef63eac76f9c9c5956d86a7e60eca966404a87e891d7faa34cf92","out_head":[-34.883118,-19.244835,-10.683687,-6.042991,-3.147366,1.497320],"out_tail":[-19.598957,-18.188984,-18.763271,-20.377377,-29.048243,-42.496067],"out_full_file":"/cf/last_out.json","out_full_file_bytes":7045,"out_full_file_reason":"ok","out_record_truncates":false}
{"app":"AI_LEARNER","stage":"mem","model":"b3_deepae","target":"aarch64-unknown-linux-gnu","completed":18,"hal_peak":1069632,"peak_within_bounded":true,"admitted_budget_bytes":1069632,"peak_within_admitted_budget":true,"admission_mode":"unconditional","hal_bytes_per_call_amortized":62869.3,"process_rss_kb":8052,"process_rss_delta_init_kb":1736,"max_active_calls":1,"active_calls_now":0,"call_counter_balanced":true}
EVS Port1 1980-012-14:05:58.01428 66/1/CFE_TIME 21: Stop FLYWHEEL
.EVS Port1 1980-012-14:05:58.99809 66/1/CFE_TIME 20: Start FLYWHEEL
EVS Port1 1980-012-14:06:00.12286 66/1/AI_LEARNER 4: AI_LEARNER completed=19/19 mean=82198.9us max=334110.2us hal_peak=1069632 within_bounded=1
{"app":"AI_LEARNER","stage":"run","model":"b3_deepae","target":"aarch64-unknown-linux-gnu","attempted":19,"completed":19,"fail_input":0,"fail_invoke":0,"fail_output":0,"mean_us":82198.90,"max_us":334110.18,"last_us":52540.00,"out0":-34.88312,"out_elems":640,"out_sha256":"f0d9cd84479ef63eac76f9c9c5956d86a7e60eca966404a87e891d7faa34cf92","out_head":[-34.883118,-19.244835,-10.683687,-6.042991,-3.147366,1.497320],"out_tail":[-19.598957,-18.188984,-18.763271,-20.377377,-29.048243,-42.496067],"out_full_file":"/cf/last_out.json","out_full_file_bytes":7045,"out_full_file_reason":"ok","out_record_truncates":false}
{"app":"AI_LEARNER","stage":"mem","model":"b3_deepae","target":"aarch64-unknown-linux-gnu","completed":19,"hal_peak":1069632,"peak_within_bounded":true,"admitted_budget_bytes":1069632,"peak_within_admitted_budget":true,"admission_mode":"unconditional","hal_bytes_per_call_amortized":59752.4,"process_rss_kb":8052,"process_rss_delta_init_kb":1736,"max_active_calls":1,"active_calls_now":0,"call_counter_balanced":true}
EVS Port1 1980-012-14:06:04.14906 66/1/AI_LEARNER 4: AI_LEARNER completed=20/20 mean=80410.8us max=334110.2us hal_peak=1069632 within_bounded=1
{"app":"AI_LEARNER","stage":"run","model":"b3_deepae","target":"aarch64-unknown-linux-gnu","attempted":20,"completed":20,"fail_input":0,"fail_invoke":0,"fail_output":0,"mean_us":80410.82,"max_us":334110.18,"last_us":46437.26,"out0":-34.88312,"out_elems":640,"out_sha256":"f0d9cd84479ef63eac76f9c9c5956d86a7e60eca966404a87e891d7faa34cf92","out_head":[-34.883118,-19.244835,-10.683687,-6.042991,-3.147366,1.497320],"out_tail":[-19.598957,-18.188984,-18.763271,-20.377377,-29.048243,-42.496067],"out_full_file":"/cf/last_out.json","out_full_file_bytes":7045,"out_full_file_reason":"ok","out_record_truncates":false}
{"app":"AI_LEARNER","stage":"mem","model":"b3_deepae","target":"aarch64-unknown-linux-gnu","completed":20,"hal_peak":1069632,"peak_within_bounded":true,"admitted_budget_bytes":1069632,"peak_within_admitted_budget":true,"admission_mode":"unconditional","hal_bytes_per_call_amortized":56947.2,"process_rss_kb":8052,"process_rss_delta_init_kb":1736,"max_active_calls":1,"active_calls_now":0,"call_counter_balanced":true}
.EVS Port1 1980-012-14:06:08.22778 66/1/AI_LEARNER 4: AI_LEARNER completed=21/21 mean=80156.1us max=334110.2us hal_peak=1069632 within_bounded=1
{"app":"AI_LEARNER","stage":"run","model":"b3_deepae","target":"aarch64-unknown-linux-gnu","attempted":21,"completed":21,"fail_input":0,"fail_invoke":0,"fail_output":0,"mean_us":80156.06,"max_us":334110.18,"last_us":75060.82,"out0":-34.88312,"out_elems":640,"out_sha256":"f0d9cd84479ef63eac76f9c9c5956d86a7e60eca966404a87e891d7faa34cf92","out_head":[-34.883118,-19.244835,-10.683687,-6.042991,-3.147366,1.497320],"out_tail":[-19.598957,-18.188984,-18.763271,-20.377377,-29.048243,-42.496067],"out_full_file":"/cf/last_out.json","out_full_file_bytes":7045,"out_full_file_reason":"ok","out_record_truncates":false}
{"app":"AI_LEARNER","stage":"mem","model":"b3_deepae","target":"aarch64-unknown-linux-gnu","completed":21,"hal_peak":1069632,"peak_within_bounded":true,"admitted_budget_bytes":1069632,"peak_within_admitted_budget":true,"admission_mode":"unconditional","hal_bytes_per_call_amortized":54409.1,"process_rss_kb":8052,"process_rss_delta_init_kb":1736,"max_active_calls":1,"active_calls_now":0,"call_counter_balanced":true}
1980-012-14:06:09.18289 CFE_ES_RunExceptionScan: ExceptionID 0x1110001 in TaskID 0: Caught SIGINT
1980-012-14:06:09.18509 CFE_ES_RunExceptionScan: Processor Reset count not reached (1/2)
CFE_PSP: Exiting cFE with PROCESSOR Reset status.

CFE_PSP: Shutdown initiated - Exiting cFE
CI delete callback -- Closing CI Network socket.
TO delete callback -- Closing TO Network socket.
EXIT=124
