OS_BSP_Initialize():Maximum user msg queue depth = 512
CFE_PSP: Default Reset SubType = 1
CFE_PSP: Default CPU ID = 1
CFE_PSP: Default Spacecraft ID = 66
CFE_PSP: Default CPU Name: cpu1
OS_Posix_GetSchedulerParams():208:Policy 1: available, min-max: 1-99
OS_Posix_GetSchedulerParams():208:Policy 2: available, min-max: 1-99
OS_Posix_TaskAPI_Impl_Init():401:Selected policy 2 for RT tasks, root task = 99
OS_Posix_TaskAPI_Impl_Init():419:Could not setschedparam in main thread: Operation not permitted (1)
CFE_PSP: initializing module 'soft_timebase' with ID 0110ff00
CFE_PSP: Instantiated software timebase 'cFS-Master' running at 10000 usec
CFE_PSP: initializing module 'timebase_posix_clock' with ID 0110ff01
CFE_PSP: Using POSIX monotonic clock as CFE timebase
CFE_PSP: initializing module 'eeprom_mmap_file' with ID 0110ff02
CFE_PSP: Using MMAP simulated EEPROM implementation
CFE_PSP: initializing module 'port_notimpl' with ID 0110ff03
CFE_PSP: EEPROM Range (2) created: Start Address = EE0E38D0E000, Size = 00080000 Status = 0
CFE_PSP: I/O Port access not implemented
CFE_PSP: initializing module 'iodriver' with ID 0110ff04
CFE_PSP: initializing module 'linux_sysmon' with ID 0110ff05
CFE_PSP: initializing module 'endian_api' with ID 0110ff06
CFE_PSP: Host CPU Endian=LITTLE
CFE_PSP: initializing module 'ram_notimpl' with ID 0110ff07
CFE_PSP: Physical RAM access not implemented
CFE_PSP: Starting the cFE with a POWER ON reset.
CFE_PSP: Clearing out CFE CDS Shared memory segment.
CFE_PSP: Clearing out CFE Reset Shared memory segment.
CFE_PSP: Clearing out CFE User Reserved Shared memory segment.
1980-001-01:23:15.02898 CFE_ES_SetupResetVariables: POWER ON RESET due to Power Cycle (Power Cycle).
1980-001-01:23:15.06696 CFE_ES_Main: CFE_ES_Main in EARLY_INIT state
Number of addresses returned by backtrace = 1
CFE_PSP: CFE_PSP_AttachExceptions called
1980-001-01:23:15.12546 CFE_ES_Main: CFE_ES_Main entering CORE_STARTUP state
1980-001-01:23:15.12567 CFE_ES_CreateObjects: Starting Object Creation calls.
1980-001-01:23:15.12588 CFE_ES_CreateObjects: Calling EarlyInit for CFE_CONFIG
1980-001-01:23:15.13763 CFE_ES_CreateObjects: Calling EarlyInit for CFE_ES
1980-001-01:23:15.15400 CFE_ES_CreateObjects: Calling EarlyInit for CFE_EVS
1980-001-01:23:15.16150 CFE_EVS_EarlyInit: Event Log cleared following power-on reset
1980-001-01:23:15.16457 CFE_ES_CreateObjects: Calling EarlyInit for CFE_FS
1980-001-01:23:15.16494 CFE_ES_CreateObjects: Calling EarlyInit for CFE_SB
1980-001-01:23:15.22959 CFE_ES_CreateObjects: Calling EarlyInit for CFE_TBL
1980-001-01:23:15.31412 CFE_ES_CreateObjects: Calling EarlyInit for CFE_TIME
EVS Port1 1980-012-14:03:20.13998 66/1/CFE_ES 1: cFE ES Initialized: CFE_ES v7.0.1+dev1 (Draco) DEV BUILD, based on v7.0.1, EDS disabled
EVS Port1 1980-012-14:03:20.15953 66/1/CFE_ES 2: cFS Versions: cfe v7.0.1+dev1, osal v7.0.1+dev1, psp v7.0.1+dev1. cFE chksm 31659
EVS Port1 1980-012-14:03:20.16278 66/1/CFE_ES 91: Version Info: Mission SampleMission, version git:v7.0.1-90-g78c23b0-dirty
EVS Port1 1980-012-14:03:20.16587 66/1/CFE_ES 91: Version Info: Module CORE_API, version git:2612eb0
EVS Port1 1980-012-14:03:20.17004 66/1/CFE_ES 91: Version Info: Module CONFIG, version git:2612eb0
EVS Port1 1980-012-14:03:20.17167 66/1/CFE_ES 91: Version Info: Module ES, version git:2612eb0
EVS Port1 1980-012-14:03:20.17198 66/1/CFE_ES 91: Version Info: Module EVS, version git:2612eb0
EVS Port1 1980-012-14:03:20.17570 66/1/CFE_ES 91: Version Info: Module FS, version git:2612eb0
EVS Port1 1980-012-14:03:20.17851 66/1/CFE_ES 91: Version Info: Module SB, version git:2612eb0
EVS Port1 1980-012-14:03:20.17883 66/1/CFE_ES 91: Version Info: Module TBL, version git:2612eb0
EVS Port1 1980-012-14:03:20.17909 66/1/CFE_ES 91: Version Info: Module TIME, version git:2612eb0
EVS Port1 1980-012-14:03:20.18362 66/1/CFE_ES 91: Version Info: Module OSAL, version git:8111e4a
EVS Port1 1980-012-14:03:20.18800 66/1/CFE_ES 91: Version Info: Module PSP, version git:d1da809
EVS Port1 1980-012-14:03:20.18847 66/1/CFE_ES 91: Version Info: Module MSG, version git:2612eb0
EVS Port1 1980-012-14:03:20.18873 66/1/CFE_ES 91: Version Info: Module SBR, version git:2612eb0
EVS Port1 1980-012-14:03:20.18902 66/1/CFE_ES 91: Version Info: Module RESOURCEID, version git:2612eb0
EVS Port1 1980-012-14:03:20.19384 66/1/CFE_ES 92: Build 202609140214 by root@vm, config aarch64
EVS Port1 1980-012-14:03:20.29981 66/1/CFE_EVS 1: cFE EVS Initialized: CFE_EVS v7.0.1+dev1 (Draco) DEV BUILD, based on v7.0.1, EDS disabled
1980-012-14:03:20.40870 CFE_SB_AppInit: Registered 4 events for filtering
EVS Port1 1980-012-14:03:20.42036 66/1/CFE_SB 1: cFE SB Initialized: CFE_SB v7.0.1+dev1 (Draco) DEV BUILD, based on v7.0.1, EDS disabled
EVS Port1 1980-012-14:03:20.42285 66/1/CFE_SB 14: No subscribers for MsgId 0x808,sender CFE_SB
EVS Port1 1980-012-14:03:20.56207 66/1/CFE_TBL 1: cFE TBL Initialized: CFE_TBL v7.0.1+dev1 (Draco) DEV BUILD, based on v7.0.1, EDS disabled
EVS Port1 1980-012-14:03:20.57075 66/1/CFE_SB 14: No subscribers for MsgId 0x808,sender CFE_TBL
EVS Port1 1980-012-14:03:20.72610 66/1/CFE_TIME 1: cFE TIME Initialized: CFE_TIME v7.0.1+dev1 (Draco) DEV BUILD, based on v7.0.1, EDS disabled
EVS Port1 1980-012-14:03:20.73106 66/1/CFE_SB 14: No subscribers for MsgId 0x808,sender CFE_TIME
1980-012-14:03:20.78262 CFE_ES_CreateObjects: Finished ES CreateObject table entries.
1980-012-14:03:20.78295 CFE_ES_Main: CFE_ES_Main entering CORE_READY state
1980-012-14:03:20.79795 CFE_ES_OpenStartupScript: Opened ES App Startup file: /cf/cfe_es_startup.scr
1980-012-14:03:20.91001 CFE_ES_ParseFileEntry: Loading shared library: /cf/cfe_assert.so
1980-012-14:03:20.94605 [BEGIN] CFE FUNCTIONAL TEST
1980-012-14:03:20.95058 [BEGIN] 01 CFE-STARTUP
1980-012-14:03:21.04797 CFE_ES_ParseFileEntry: Loading shared library: /cf/sample_lib.so
SAMPLE Lib Initialized.Sample Lib v7.0.0+dev1 (Draco) DEV BUILD, based on v7.0.1, EDS disabled
1980-012-14:03:21.16188 CFE_ES_ParseFileEntry: Loading file: /cf/sch_lab.so, APP: SCH_LAB
1980-012-14:03:21.34478 CFE_ES_ParseFileEntry: Loading file: /cf/ci_lab.so, APP: CI_LAB
SCH Lab Initialized.SCH Lab v7.0.1+dev1 (Draco) DEV BUILD, based on v7.0.1, EDS disabled
1980-012-14:03:21.51293 CFE_ES_ParseFileEntry: Loading file: /cf/to_lab.so, APP: TO_LAB
EVS Port1 1980-012-14:03:21.69006 66/1/TO_LAB 1: TO Lab Initialized.TO Lab v7.0.1+dev1 (Draco) DEV BUILD, based on v7.0.1, EDS disabled, Awaiting enable command.
EVS Port1 1980-012-14:03:21.71376 66/1/CFE_SB 14: No subscribers for MsgId 0x808,sender TO_LAB
1980-012-14:03:21.87610 CFE_ES_ParseFileEntry: Loading file: /cf/sample_app.so, APP: SAMPLE_APP
1980-012-14:03:21.91978 CI_LAB listening on UDP port: 1234
EVS Port1 1980-012-14:03:21.92387 66/1/CI_LAB 3: CI Lab Initialized.CI Lab App v7.0.1+dev1 (Draco) DEV BUILD, based on v7.0.1, EDS disabled
EVS Port1 1980-012-14:03:22.03390 66/1/SAMPLE_APP 1: Sample App Initialized.Sample App v7.0.0+dev1 (Draco) DEV BUILD, based on v7.0.1, EDS disabled
1980-012-14:03:22.05773 CFE_ES_ParseFileEntry: Loading file: /cf/ai_learner.so, APP: AI_LEARNER
{"app":"AI_LEARNER","stage":"build_config","model":"wgan","allow_conditional_map":0,"contract_bounded_bytes":135666432,"contract_per_call_bytes":131382784,"contract_const_bytes":4283648,"contract_bound_known":true,"contract_artifact_sha256":"e382429cbfbf580356379365fa67a8a2b01b47d58ec4e04b4a4c14165be2e102"}
1980-012-14:03:22.17009 CFE_ES_ParseFileEntry: Loading file: /cf/lc.so, APP: LC
{"app":"AI_LEARNER","stage":"stack","es_stack_size":263024,"stack_base_bytes":262144,"contract_kernel_stack_bytes":880,"kernel_stack_accounted":true}
EVS Port1 1980-012-14:03:22.19203 66/1/AI_LEARNER 8: AI_LEARNER stack: es=263024 base=262144 kernel=880 accounted=1
{"app":"AI_LEARNER","stage":"admission","verdict":"ADMIT","model":"wgan","target":"aarch64-unknown-linux-gnu","bounded":135666432,"budget":135666432,"budget_source":"override","per_call":131382784,"constants":4283648,"kernel_stack_bytes":880,"bound_known":true,"scope":"per_app_local_budget"}
{"app":"AI_LEARNER","stage":"blob_align","requested_offset":0,"state":"applied","module_ptr_mod64":0}
EVS Port1 1980-012-14:03:22.54808 66/1/LC 56: WDT verify results: good = 0, bad = 0, unused = 176
EVS Port1 1980-012-14:03:22.73460 66/1/LC 66: ADT verify results: good = 0, bad = 0, unused = 176
1980-012-14:03:22.77273 CFE_ES_ParseFileEntry: Loading file: /cf/cf.so, APP: CF
EVS Port1 1980-012-14:03:22.79811 66/1/LC 23: LC use of Critical Data Store disabled, activity mask = 0x00991990
EVS Port1 1980-012-14:03:22.82197 66/1/LC 2: LC Initialized. Version 7.0.1.255
1980-012-14:03:23.38210 CFE_ES_ParseFileEntry: Loading file: /cf/ds.so, APP: DS
EVS Port1 1980-012-14:03:23.48283 66/1/CF 20: CF Initialized. Version 7.0.1.255
EVS Port1 1980-012-14:03:23.82283 66/1/DS 10: Destination file table verify results: good entries = 6, bad = 0, unused = 10
EVS Port1 1980-012-14:03:23.91906 66/1/DS 12: Filter table verify results: good entries = 14, bad = 0, unused = 242
EVS Port1 1980-012-14:03:23.97676 66/1/DS 1: Application initialized, version 7.0.1.255, data at 0xee0e380e0460
1980-012-14:03:23.99206 CFE_ES_ParseFileEntry: Loading file: /cf/fm.so, APP: FM
EVS Port1 1980-012-14:03:24.38381 66/1/FM 80: Free Space Table verify results: good entries = 3, bad = 0, unused = 5
EVS Port1 1980-012-14:03:24.49890 66/1/FM 1: Initialization complete: version 7.0.1.255
EVS Port1 1980-012-14:03:24.57791 66/1/FM 72: Child Task initialization complete
1980-012-14:03:24.58670 CFE_ES_ParseFileEntry: Loading file: /cf/hk.so, APP: HK
EVS Port1 1980-012-14:03:25.09611 66/1/HK 1: HK Initialized.  Version 7.0.1.255
1980-012-14:03:25.30782 CFE_ES_ParseFileEntry: Loading file: /cf/hs.so, APP: HS
EVS Port1 1980-012-14:03:25.52210 66/1/HS 54: ExeCount verify results: good = 5, bad = 0, unused = 27
1980-012-14:03:25.55104 CFE_ES_ParseFileEntry: Loading file: /cf/mm.so, APP: MM
EVS Port1 1980-012-14:03:25.57769 66/1/HS 50: AppMon verify results: good = 0, bad = 0, unused = 32
EVS Port1 1980-012-14:03:25.63006 66/1/HS 52: EventMon verify results: good = 0, bad = 0, unused = 16
EVS Port1 1980-012-14:03:25.76588 66/1/HS 56: MsgActs verify results: good = 2, bad = 0, unused = 6
1980-012-14:03:25.98280 HS_SysMonInit(): System Monitor using PSP device ID 0110ff05
1980-012-14:03:26.11377 CFE_ES_ParseFileEntry: Loading file: /cf/sc.so, APP: SC
EVS Port1 1980-012-14:03:26.20091 66/1/MM 1: MM Initialized. Version 7.0.1.255
CFE_PSP(Linux_SysMon): Started CPU utilization monitoring on 1 CPU(s)
EVS Port1 1980-012-14:03:26.48185 66/1/HS 1: HS Initialized.  Version 7.0.1.255
1980-012-14:03:27.14006 CFE_ES_ParseFileEntry: Loading file: /cf/md.so, APP: MD
EVS Port1 1980-012-14:03:27.30584 66/1/SC 21: RTS table files not loaded at initialization = 0 of 4
EVS Port1 1980-012-14:03:27.48658 66/1/SC 9: SC Initialized. Version 7.0.1.255
EVS Port1 1980-012-14:03:27.84379 66/1/MD 52: MD Dwell Tbl verify results: good = 0, bad = 0, unused = 25
1980-012-14:03:28.08977 CFE_ES_ParseFileEntry: Loading file: /cf/cs.so, APP: CS
EVS Port1 1980-012-14:03:28.22067 66/1/MD 52: MD Dwell Tbl verify results: good = 0, bad = 0, unused = 25
EVS Port1 1980-012-14:03:28.53163 66/1/MD 52: MD Dwell Tbl verify results: good = 0, bad = 0, unused = 25
EVS Port1 1980-012-14:03:29.01881 66/1/MD 52: MD Dwell Tbl verify results: good = 0, bad = 0, unused = 25
EVS Port1 1980-012-14:03:29.14761 66/1/MD 7: Dwell Tables Recovered: 0, Dwell Tables Initialized: 4
EVS Port1 1980-012-14:03:29.38360 66/1/CS 144: CS EEPROM Table verification results: good = 0, bad = 0, unused = 16
EVS Port1 1980-012-14:03:29.40985 66/1/MD 1: MD Initialized.  Version 7.0.1.255
EVS Port1 1980-012-14:03:29.75704 66/1/CS 107: CS EEPROM Table: No valid entries in the table
1980-012-14:03:30.09769 CFE_ES_Main: Startup Sync failed - Applications may not have all initialized
1980-012-14:03:30.09800 CFE_ES_Main: CFE_ES_Main entering APPS_INIT state
EVS Port1 1980-012-14:03:30.13697 66/1/CS 143: CS Memory Table verification results: good = 0, bad = 0, unused = 16
EVS Port1 1980-012-14:03:30.24192 66/1/CS 107: CS Memory Table: No valid entries in the table
EVS Port1 1980-012-14:03:30.41259 66/1/CS 139: CS Tables Table verification results: good = 1, bad = 0, unused = 23
EVS Port1 1980-012-14:03:30.63259 66/1/CS 142: CS Apps Table verification results: good = 0, bad = 0, unused = 24
EVS Port1 1980-012-14:03:30.67907 66/1/CS 108: CS Apps Table: No valid entries in the table
EVS Port1 1980-012-14:03:30.78768 66/1/CS 127: OS Text Segment disabled due to platform
EVS Port1 1980-012-14:03:30.89698 66/1/CS 1: CS Initialized. Version 7.0.1.255
1980-012-14:03:31.28284 CFE_ES_Main: Startup Sync failed - Applications may not have all started
1980-012-14:03:31.30185 CFE_ES_Main: CFE_ES_Main entering OPERATIONAL state
EVS Port1 1980-012-14:03:31.44790 66/1/TO_LAB 19: L550 TO Lab subscribed to 32 messages from the table
{"app":"AI_LEARNER","stage":"binding","verdict":"MATCH","artifact_bytes":4321533,"artifact_sha256":"e382429cbfbf5803","contract_sha256":"e382429cbfbf5803"}
{"app":"AI_LEARNER","stage":"map_branch","model":"wgan","module_ptr_mod64":0,"hal_peak_after_append":0,"contract_const_bytes":4283648,"contract_per_call_bytes":131382784,"arm":"map","admission_mode":"unconditional"}
{"app":"AI_LEARNER","stage":"mem_init","model":"wgan","target":"aarch64-unknown-linux-gnu","hal_peak":602112,"hal_allocated":602112,"bounded":135666432,"peak_within_bounded":true,"inferences_so_far":0,"process_rss_kb":12540,"rss_kb_before_runtime":10896,"rss_kb_after_session":11184,"rss_kb_after_init":12540}
{"app":"AI_LEARNER","stage":"e25_mode","active":false,"inputs_path":"/cf/e25_inputs.bin"}
EVS Port1 1980-012-14:03:36.84295 66/1/AI_LEARNER 3: AI_LEARNER initialized: model wgan (4321533 B), rss_delta_init=1644 KB
..EVS Port1 1980-012-14:03:46.05009 66/1/CFE_TIME 21: Stop FLYWHEEL
EVS Port1 1980-012-14:03:49.89018 66/1/CFE_TIME 20: Start FLYWHEEL
..EVS Port1 1980-012-14:04:04.03939 66/1/CFE_TIME 21: Stop FLYWHEEL
EVS Port1 1980-012-14:04:04.25323 66/1/CFE_SB 17: Msg Limit Err,MsgId 0x800,pipe AI_LEARNER_PIPE,sender CFE_ES
.EVS Port1 1980-012-14:04:07.31011 66/1/CFE_TIME 20: Start FLYWHEEL
EVS Port1 1980-012-14:04:08.02214 66/1/CFE_TIME 21: Stop FLYWHEEL
EVS Port1 1980-012-14:04:08.07991 66/1/CFE_SB 17: Msg Limit Err,MsgId 0x800,pipe AI_LEARNER_PIPE,sender CFE_ES
.EVS Port1 1980-012-14:04:11.31317 66/1/CFE_TIME 20: Start FLYWHEEL
EVS Port1 1980-012-14:04:12.56210 66/1/CFE_SB 17: Msg Limit Err,MsgId 0x800,pipe AI_LEARNER_PIPE,sender CFE_ES
.EVS Port1 1980-012-14:04:16.86618 66/1/CFE_SB 17: Msg Limit Err,MsgId 0x800,pipe AI_LEARNER_PIPE,sender CFE_ES
EVS Port1 1980-012-14:04:21.32644 66/1/CFE_SB 17: Msg Limit Err,MsgId 0x800,pipe AI_LEARNER_PIPE,sender CFE_ES
.EVS Port1 1980-012-14:04:25.75451 66/1/CFE_SB 17: Msg Limit Err,MsgId 0x800,pipe AI_LEARNER_PIPE,sender CFE_ES
EVS Port1 1980-012-14:04:28.06101 66/1/CFE_TIME 21: Stop FLYWHEEL
.EVS Port1 1980-012-14:04:30.31398 66/1/CFE_SB 17: Msg Limit Err,MsgId 0x800,pipe AI_LEARNER_PIPE,sender CFE_ES
EVS Port1 1980-012-14:04:31.43066 66/1/CFE_TIME 20: Start FLYWHEEL
EVS Port1 1980-012-14:04:34.02136 66/1/CFE_TIME 21: Stop FLYWHEEL
EVS Port1 1980-012-14:04:34.07003 66/1/CFE_SB 17: Msg Limit Err,MsgId 0x800,pipe AI_LEARNER_PIPE,sender CFE_ES
.EVS Port1 1980-012-14:04:37.03491 66/1/CFE_TIME 21: Stop FLYWHEEL
EVS Port1 1980-012-14:04:38.01507 66/1/CFE_TIME 20: Start FLYWHEEL
EVS Port1 1980-012-14:04:38.08103 66/1/CFE_SB 17: Msg Limit Err,MsgId 0x800,pipe AI_LEARNER_PIPE,sender CFE_ES
EVS Port1 1980-012-14:04:39.01895 66/1/CFE_TIME 21: Stop FLYWHEEL
EVS Port1 1980-012-14:04:40.01210 66/1/CFE_TIME 20: Start FLYWHEEL
.EVS Port1 1980-012-14:04:42.09495 66/1/CFE_TIME 20: Start FLYWHEEL
EVS Port1 1980-012-14:04:42.16540 66/1/CFE_SB 17: Msg Limit Err,MsgId 0x800,pipe AI_LEARNER_PIPE,sender CFE_ES
EVS Port1 1980-012-14:04:43.01300 66/1/CFE_TIME 21: Stop FLYWHEEL
EVS Port1 1980-012-14:04:45.01319 66/1/CFE_TIME 21: Stop FLYWHEEL
EVS Port1 1980-012-14:04:46.01794 66/1/CFE_TIME 20: Start FLYWHEEL
EVS Port1 1980-012-14:04:46.08819 66/1/CFE_SB 17: Msg Limit Err,MsgId 0x800,pipe AI_LEARNER_PIPE,sender CFE_ES
1980-012-14:04:46.55716 CFE_ES_RunExceptionScan: ExceptionID 0x1110000 in TaskID 0: Caught SIGINT
1980-012-14:04:46.56090 CFE_ES_RunExceptionScan: Processor Reset count not reached (0/2)
CFE_PSP: Exiting cFE with PROCESSOR Reset status.

CFE_PSP: Shutdown initiated - Exiting cFE
.EXIT=137
