OS_BSP_Initialize():Maximum user msg queue depth = 512
CFE_PSP: Default Reset SubType = 1
CFE_PSP: Default CPU ID = 1
CFE_PSP: Default Spacecraft ID = 66
CFE_PSP: Default CPU Name: cpu1
OS_Posix_GetSchedulerParams():208:Policy 1: available, min-max: 1-99
OS_Posix_GetSchedulerParams():208:Policy 2: available, min-max: 1-99
OS_Posix_TaskAPI_Impl_Init():401:Selected policy 2 for RT tasks, root task = 99
OS_Posix_TaskAPI_Impl_Init():419:Could not setschedparam in main thread: Operation not permitted (1)
CFE_PSP: initializing module 'soft_timebase' with ID 0110ff00
CFE_PSP: Instantiated software timebase 'cFS-Master' running at 10000 usec
CFE_PSP: initializing module 'timebase_posix_clock' with ID 0110ff01
CFE_PSP: Using POSIX monotonic clock as CFE timebase
CFE_PSP: initializing module 'eeprom_mmap_file' with ID 0110ff02
CFE_PSP: Using MMAP simulated EEPROM implementation
CFE_PSP: EEPROM Range (2) created: Start Address = F266EF5AE000, Size = 00080000 Status = 0
CFE_PSP: initializing module 'port_notimpl' with ID 0110ff03
CFE_PSP: I/O Port access not implemented
CFE_PSP: initializing module 'iodriver' with ID 0110ff04
CFE_PSP: initializing module 'linux_sysmon' with ID 0110ff05
CFE_PSP: initializing module 'endian_api' with ID 0110ff06
CFE_PSP: Host CPU Endian=LITTLE
CFE_PSP: initializing module 'ram_notimpl' with ID 0110ff07
CFE_PSP: Physical RAM access not implemented
CFE_PSP: Normal exit from previous cFE instance
CFE_PSP: Starting the cFE with a PROCESSOR reset.
1980-001-00:30:18.30065 CFE_ES_Main: CFE_ES_Main in EARLY_INIT state
1980-001-00:30:18.37185 CFE_ES_InitializeFileSystems: Volatile Disk has 100 Percent free space.
Number of addresses returned by backtrace = 1
CFE_PSP: CFE_PSP_AttachExceptions called
1980-001-00:30:18.43400 CFE_ES_Main: CFE_ES_Main entering CORE_STARTUP state
1980-001-00:30:18.43779 CFE_ES_CreateObjects: Starting Object Creation calls.
1980-001-00:30:18.43800 CFE_ES_CreateObjects: Calling EarlyInit for CFE_CONFIG
1980-001-00:30:18.45110 CFE_ES_CreateObjects: Calling EarlyInit for CFE_ES
1980-001-00:30:18.47276 CFE_ES_CreateObjects: Calling EarlyInit for CFE_EVS
1980-001-00:30:18.49082 CFE_EVS_EarlyInit: Event Log restored, n=0, c=20, f=1, m=1, o=96
1980-001-00:30:18.49361 CFE_ES_CreateObjects: Calling EarlyInit for CFE_FS
1980-001-00:30:18.49398 CFE_ES_CreateObjects: Calling EarlyInit for CFE_SB
1980-001-00:30:18.61571 CFE_ES_CreateObjects: Calling EarlyInit for CFE_TBL
1980-001-00:30:18.70195 CFE_ES_CreateObjects: Calling EarlyInit for CFE_TIME
EVS Port1 1980-012-14:04:45.42321 66/1/CFE_ES 1: cFE ES Initialized: CFE_ES v7.0.1+dev1 (Draco) DEV BUILD, based on v7.0.1, EDS disabled
EVS Port1 1980-012-14:04:45.44230 66/1/CFE_ES 2: cFS Versions: cfe v7.0.1+dev1, osal v7.0.1+dev1, psp v7.0.1+dev1. cFE chksm 31659
EVS Port1 1980-012-14:04:45.44914 66/1/CFE_ES 91: Version Info: Mission SampleMission, version git:v7.0.1-90-g78c23b0-dirty
EVS Port1 1980-012-14:04:45.45742 66/1/CFE_ES 91: Version Info: Module CORE_API, version git:2612eb0
EVS Port1 1980-012-14:04:45.46525 66/1/CFE_ES 91: Version Info: Module CONFIG, version git:2612eb0
EVS Port1 1980-012-14:04:45.46835 66/1/CFE_ES 91: Version Info: Module ES, version git:2612eb0
EVS Port1 1980-012-14:04:45.46911 66/1/CFE_ES 91: Version Info: Module EVS, version git:2612eb0
EVS Port1 1980-012-14:04:45.46954 66/1/CFE_ES 91: Version Info: Module FS, version git:2612eb0
EVS Port1 1980-012-14:04:45.47335 66/1/CFE_ES 91: Version Info: Module SB, version git:2612eb0
EVS Port1 1980-012-14:04:45.47351 66/1/CFE_ES 91: Version Info: Module TBL, version git:2612eb0
EVS Port1 1980-012-14:04:45.47724 66/1/CFE_ES 91: Version Info: Module TIME, version git:2612eb0
EVS Port1 1980-012-14:04:45.47746 66/1/CFE_ES 91: Version Info: Module OSAL, version git:8111e4a
EVS Port1 1980-012-14:04:45.47756 66/1/CFE_ES 91: Version Info: Module PSP, version git:d1da809
EVS Port1 1980-012-14:04:45.48114 66/1/CFE_ES 91: Version Info: Module MSG, version git:2612eb0
EVS Port1 1980-012-14:04:45.48533 66/1/CFE_ES 91: Version Info: Module SBR, version git:2612eb0
EVS Port1 1980-012-14:04:45.48548 66/1/CFE_ES 91: Version Info: Module RESOURCEID, version git:2612eb0
EVS Port1 1980-012-14:04:45.48934 66/1/CFE_ES 92: Build 202609140214 by root@vm, config aarch64
EVS Port1 1980-012-14:04:45.63729 66/1/CFE_EVS 1: cFE EVS Initialized: CFE_EVS v7.0.1+dev1 (Draco) DEV BUILD, based on v7.0.1, EDS disabled
1980-012-14:04:45.74704 CFE_SB_AppInit: Registered 4 events for filtering
EVS Port1 1980-012-14:04:45.75520 66/1/CFE_SB 1: cFE SB Initialized: CFE_SB v7.0.1+dev1 (Draco) DEV BUILD, based on v7.0.1, EDS disabled
EVS Port1 1980-012-14:04:45.75752 66/1/CFE_SB 14: No subscribers for MsgId 0x808,sender CFE_SB
EVS Port1 1980-012-14:04:45.87231 66/1/CFE_TBL 1: cFE TBL Initialized: CFE_TBL v7.0.1+dev1 (Draco) DEV BUILD, based on v7.0.1, EDS disabled
EVS Port1 1980-012-14:04:45.87937 66/1/CFE_SB 14: No subscribers for MsgId 0x808,sender CFE_TBL
EVS Port1 1980-012-14:04:46.00407 66/1/CFE_TIME 1: cFE TIME Initialized: CFE_TIME v7.0.1+dev1 (Draco) DEV BUILD, based on v7.0.1, EDS disabled
EVS Port1 1980-012-14:04:46.00459 66/1/CFE_SB 14: No subscribers for MsgId 0x808,sender CFE_TIME
1980-012-14:04:46.02190 CFE_ES_CreateObjects: Finished ES CreateObject table entries.
1980-012-14:04:46.02629 CFE_ES_Main: CFE_ES_Main entering CORE_READY state
OS_FileOpen_Impl():110:open(/dev/shm/osal:RAM/cfe_es_startup.scr): No such file or directory
1980-012-14:04:46.04099 CFE_ES_OpenStartupScript: Cannot Open Volatile Startup file: /ram/cfe_es_startup.scr, Trying Nonvolatile.
1980-012-14:04:46.04591 CFE_ES_OpenStartupScript: Opened ES App Startup file: /cf/cfe_es_startup.scr
1980-012-14:04:46.16246 CFE_ES_ParseFileEntry: Loading shared library: /cf/cfe_assert.so
1980-012-14:04:46.20116 [BEGIN] CFE FUNCTIONAL TEST
1980-012-14:04:46.20557 [BEGIN] 01 CFE-STARTUP
1980-012-14:04:46.30227 CFE_ES_ParseFileEntry: Loading shared library: /cf/sample_lib.so
SAMPLE Lib Initialized.Sample Lib v7.0.0+dev1 (Draco) DEV BUILD, based on v7.0.1, EDS disabled
1980-012-14:04:46.41100 CFE_ES_ParseFileEntry: Loading file: /cf/sch_lab.so, APP: SCH_LAB
SCH Lab Initialized.SCH Lab v7.0.1+dev1 (Draco) DEV BUILD, based on v7.0.1, EDS disabled
1980-012-14:04:46.66647 CFE_ES_ParseFileEntry: Loading file: /cf/ci_lab.so, APP: CI_LAB
1980-012-14:04:46.84927 CFE_ES_ParseFileEntry: Loading file: /cf/to_lab.so, APP: TO_LAB
EVS Port1 1980-012-14:04:47.06726 66/1/TO_LAB 1: TO Lab Initialized.TO Lab v7.0.1+dev1 (Draco) DEV BUILD, based on v7.0.1, EDS disabled, Awaiting enable command.
EVS Port1 1980-012-14:04:47.07435 66/1/CFE_SB 14: No subscribers for MsgId 0x808,sender TO_LAB
1980-012-14:04:47.23328 CFE_ES_ParseFileEntry: Loading file: /cf/sample_app.so, APP: SAMPLE_APP
1980-012-14:04:47.24331 CI_LAB listening on UDP port: 1234
EVS Port1 1980-012-14:04:47.25013 66/1/CI_LAB 3: CI Lab Initialized.CI Lab App v7.0.1+dev1 (Draco) DEV BUILD, based on v7.0.1, EDS disabled
EVS Port1 1980-012-14:04:47.37228 66/1/SAMPLE_APP 1: Sample App Initialized.Sample App v7.0.0+dev1 (Draco) DEV BUILD, based on v7.0.1, EDS disabled
1980-012-14:04:47.40389 CFE_ES_ParseFileEntry: Loading file: /cf/ai_learner.so, APP: AI_LEARNER
{"app":"AI_LEARNER","stage":"build_config","model":"b2_resnet","allow_conditional_map":0,"contract_bounded_bytes":618856,"contract_per_call_bytes":309416,"contract_const_bytes":309440,"contract_bound_known":true,"contract_artifact_sha256":"2e0bc7dc67af80b795ff4847292e51326bf7349a34c434755c365faf4457fabb"}
1980-012-14:04:47.52343 CFE_ES_ParseFileEntry: Loading file: /cf/lc.so, APP: LC
{"app":"AI_LEARNER","stage":"stack","es_stack_size":263376,"stack_base_bytes":262144,"contract_kernel_stack_bytes":1232,"kernel_stack_accounted":true}
{"app":"AI_LEARNER","stage":"admission","verdict":"ADMIT","model":"b2_resnet","target":"aarch64-unknown-linux-gnu","bounded":618856,"budget":618856,"budget_source":"override","per_call":309416,"constants":309440,"kernel_stack_bytes":1232,"bound_known":true,"scope":"per_app_local_budget"}
EVS Port1 1980-012-14:04:47.54443 66/1/AI_LEARNER 8: AI_LEARNER stack: es=263376 base=262144 kernel=1232 accounted=1
{"app":"AI_LEARNER","stage":"blob_align","requested_offset":56,"state":"applied","module_ptr_mod64":56}
EVS Port1 1980-012-14:04:47.83622 66/1/LC 56: WDT verify results: good = 0, bad = 0, unused = 176
1980-012-14:04:47.86503 CFE_ES_ParseFileEntry: Loading file: /cf/cf.so, APP: CF
EVS Port1 1980-012-14:04:47.89733 66/1/LC 66: ADT verify results: good = 0, bad = 0, unused = 176
EVS Port1 1980-012-14:04:47.92326 66/1/LC 23: LC use of Critical Data Store disabled, activity mask = 0x00991990
EVS Port1 1980-012-14:04:47.94142 66/1/LC 2: LC Initialized. Version 7.0.1.255
1980-012-14:04:48.15243 CFE_ES_ParseFileEntry: Loading file: /cf/ds.so, APP: DS
{"app":"AI_LEARNER","stage":"binding","verdict":"MATCH","artifact_bytes":343538,"artifact_sha256":"2e0bc7dc67af80b7","contract_sha256":"2e0bc7dc67af80b7"}
EVS Port1 1980-012-14:04:48.25749 66/1/CF 20: CF Initialized. Version 7.0.1.255
EVS Port1 1980-012-14:04:48.36747 66/1/DS 10: Destination file table verify results: good entries = 6, bad = 0, unused = 10
EVS Port1 1980-012-14:04:48.42834 66/1/DS 12: Filter table verify results: good entries = 14, bad = 0, unused = 242
1980-012-14:04:48.47196 CFE_ES_ParseFileEntry: Loading file: /cf/fm.so, APP: FM
EVS Port1 1980-012-14:04:48.49481 66/1/DS 1: Application initialized, version 7.0.1.255, data at 0xf266eee60460
EVS Port1 1980-012-14:04:48.03427 66/1/CFE_TIME 21: Stop FLYWHEEL
EVS Port1 1980-012-14:04:48.12733 66/1/FM 80: Free Space Table verify results: good entries = 3, bad = 0, unused = 5
EVS Port1 1980-012-14:04:48.20225 66/1/FM 1: Initialization complete: version 7.0.1.255
1980-012-14:04:48.23430 CFE_ES_ParseFileEntry: Loading file: /cf/hk.so, APP: HK
EVS Port1 1980-012-14:04:48.26007 66/1/FM 72: Child Task initialization complete
EVS Port1 1980-012-14:04:48.44413 66/1/HK 1: HK Initialized.  Version 7.0.1.255
1980-012-14:04:48.48837 CFE_ES_ParseFileEntry: Loading file: /cf/hs.so, APP: HS
{"app":"AI_LEARNER","stage":"map_branch","model":"b2_resnet","module_ptr_mod64":56,"hal_peak_after_append":309440,"contract_const_bytes":309440,"contract_per_call_bytes":309416,"arm":"copy","admission_mode":"unconditional"}
EVS Port1 1980-012-14:04:48.70002 66/1/HS 54: ExeCount verify results: good = 5, bad = 0, unused = 27
{"app":"AI_LEARNER","stage":"mem_init","model":"b2_resnet","target":"aarch64-unknown-linux-gnu","hal_peak":321728,"hal_allocated":321728,"bounded":618856,"peak_within_bounded":true,"inferences_so_far":0,"process_rss_kb":6240,"rss_kb_before_runtime":5244,"rss_kb_after_session":5544,"rss_kb_after_init":6240}
{"app":"AI_LEARNER","stage":"e25_mode","active":false,"inputs_path":"/cf/e25_inputs.bin"}
1980-012-14:04:48.73584 CFE_ES_ParseFileEntry: Loading file: /cf/mm.so, APP: MM
EVS Port1 1980-012-14:04:48.73426 66/1/HS 50: AppMon verify results: good = 0, bad = 0, unused = 32
EVS Port1 1980-012-14:04:48.78713 66/1/AI_LEARNER 3: AI_LEARNER initialized: model b2_resnet (343538 B), rss_delta_init=996 KB
EVS Port1 1980-012-14:04:48.81205 66/1/HS 52: EventMon verify results: good = 0, bad = 0, unused = 16
EVS Port1 1980-012-14:04:48.87698 66/1/HS 56: MsgActs verify results: good = 2, bad = 0, unused = 6
EVS Port1 1980-012-14:04:48.90878 66/1/MM 1: MM Initialized. Version 7.0.1.255
1980-012-14:04:48.92367 HS_SysMonInit(): System Monitor using PSP device ID 0110ff05
CFE_PSP(Linux_SysMon): Started CPU utilization monitoring on 1 CPU(s)
EVS Port1 1980-012-14:04:48.99725 66/1/HS 1: HS Initialized.  Version 7.0.1.255
1980-012-14:04:49.02233 CFE_ES_ParseFileEntry: Loading file: /cf/sc.so, APP: SC
1980-012-14:04:49.14887 CFE_ES_ParseFileEntry: Loading file: /cf/md.so, APP: MD
EVS Port1 1980-012-14:04:49.26431 66/1/SC 21: RTS table files not loaded at initialization = 0 of 4
EVS Port1 1980-012-14:04:49.30924 66/1/SC 9: SC Initialized. Version 7.0.1.255
EVS Port1 1980-012-14:04:49.33096 66/1/MD 52: MD Dwell Tbl verify results: good = 0, bad = 0, unused = 25
EVS Port1 1980-012-14:04:49.34127 66/1/MD 3: Recovered Dwell Table #1 is valid and has been copied to the MD App
EVS Port1 1980-012-14:04:49.35937 66/1/MD 52: MD Dwell Tbl verify results: good = 0, bad = 0, unused = 25
EVS Port1 1980-012-14:04:49.37693 66/1/MD 3: Recovered Dwell Table #2 is valid and has been copied to the MD App
EVS Port1 1980-012-14:04:49.38412 66/1/MD 52: MD Dwell Tbl verify results: good = 0, bad = 0, unused = 25
EVS Port1 1980-012-14:04:49.40010 66/1/MD 3: Recovered Dwell Table #3 is valid and has been copied to the MD App
1980-012-14:04:49.40325 CFE_ES_ParseFileEntry: Loading file: /cf/cs.so, APP: CS
EVS Port1 1980-012-14:04:49.41984 66/1/MD 52: MD Dwell Tbl verify results: good = 0, bad = 0, unused = 25
EVS Port1 1980-012-14:04:49.42234 66/1/MD 3: Recovered Dwell Table #4 is valid and has been copied to the MD App
EVS Port1 1980-012-14:04:49.44207 66/1/MD 7: Dwell Tables Recovered: 4, Dwell Tables Initialized: 0
EVS Port1 1980-012-14:04:49.45083 66/1/MD 1: MD Initialized.  Version 7.0.1.255
EVS Port1 1980-012-14:04:49.57691 66/1/CS 144: CS EEPROM Table verification results: good = 0, bad = 0, unused = 16
EVS Port1 1980-012-14:04:49.58717 66/1/CS 107: CS EEPROM Table: No valid entries in the table
EVS Port1 1980-012-14:04:49.60290 66/1/CS 143: CS Memory Table verification results: good = 0, bad = 0, unused = 16
EVS Port1 1980-012-14:04:49.61216 66/1/CS 107: CS Memory Table: No valid entries in the table
EVS Port1 1980-012-14:04:49.63009 66/1/CS 139: CS Tables Table verification results: good = 1, bad = 0, unused = 23
EVS Port1 1980-012-14:04:49.65686 66/1/CS 142: CS Apps Table verification results: good = 0, bad = 0, unused = 24
EVS Port1 1980-012-14:04:49.65934 66/1/CS 108: CS Apps Table: No valid entries in the table
EVS Port1 1980-012-14:04:49.67022 66/1/CS 127: OS Text Segment disabled due to platform
EVS Port1 1980-012-14:04:49.69512 66/1/CS 1: CS Initialized. Version 7.0.1.255
1980-012-14:04:49.70366 CFE_ES_Main: CFE_ES_Main entering APPS_INIT state
1980-012-14:04:49.70732 CFE_ES_Main: CFE_ES_Main entering OPERATIONAL state
EVS Port1 1980-012-14:04:49.75482 66/1/TO_LAB 19: L550 TO Lab subscribed to 32 messages from the table
EVS Port1 1980-012-14:04:50.01570 66/1/CFE_TIME 21: Stop FLYWHEEL
EVS Port1 1980-012-14:04:50.98513 66/1/CFE_TIME 20: Start FLYWHEEL
EVS Port1 1980-012-14:04:53.04356 66/1/AI_LEARNER 4: AI_LEARNER completed=1/1 mean=1958993.7us max=1958993.7us hal_peak=618856 within_bounded=1
{"app":"AI_LEARNER","stage":"run","model":"b2_resnet","target":"aarch64-unknown-linux-gnu","attempted":1,"completed":1,"fail_input":0,"fail_invoke":0,"fail_output":0,"mean_us":1958993.68,"max_us":1958993.68,"last_us":1958993.68,"out0":0.35085,"out_elems":10,"out_sha256":"ab19bbb609cffb0eb8f85f605dac651a9728fe54d5afb88fe9a680eb1d1c74b0","out_head":[0.350850,0.001110,0.001782,0.064667,0.333587,0.006379],"out_tail":[0.333587,0.006379,0.202831,0.013360,0.019284,0.006150],"out_full_file":"/cf/last_out.json","out_full_file_bytes":182,"out_full_file_reason":"ok","out_record_truncates":false}
{"app":"AI_LEARNER","stage":"mem","model":"b2_resnet","target":"aarch64-unknown-linux-gnu","completed":1,"hal_peak":618856,"peak_within_bounded":true,"admitted_budget_bytes":618856,"peak_within_admitted_budget":true,"admission_mode":"unconditional","hal_bytes_per_call_amortized":618856.0,"process_rss_kb":6892,"process_rss_delta_init_kb":996,"max_active_calls":1,"active_calls_now":0,"call_counter_balanced":true}
EVS Port1 1980-012-14:04:54.01036 66/1/CFE_TIME 21: Stop FLYWHEEL
EVS Port1 1980-012-14:04:54.99383 66/1/CFE_TIME 20: Start FLYWHEEL
.EVS Port1 1980-012-14:04:57.15721 66/1/AI_LEARNER 4: AI_LEARNER completed=2/2 mean=2032028.5us max=2105063.4us hal_peak=618856 within_bounded=1
{"app":"AI_LEARNER","stage":"run","model":"b2_resnet","target":"aarch64-unknown-linux-gnu","attempted":2,"completed":2,"fail_input":0,"fail_invoke":0,"fail_output":0,"mean_us":2032028.52,"max_us":2105063.36,"last_us":2105063.36,"out0":0.35085,"out_elems":10,"out_sha256":"ab19bbb609cffb0eb8f85f605dac651a9728fe54d5afb88fe9a680eb1d1c74b0","out_head":[0.350850,0.001110,0.001782,0.064667,0.333587,0.006379],"out_tail":[0.333587,0.006379,0.202831,0.013360,0.019284,0.006150],"out_full_file":"/cf/last_out.json","out_full_file_bytes":182,"out_full_file_reason":"ok","out_record_truncates":false}
{"app":"AI_LEARNER","stage":"mem","model":"b2_resnet","target":"aarch64-unknown-linux-gnu","completed":2,"hal_peak":618856,"peak_within_bounded":true,"admitted_budget_bytes":618856,"peak_within_admitted_budget":true,"admission_mode":"unconditional","hal_bytes_per_call_amortized":457992.0,"process_rss_kb":7184,"process_rss_delta_init_kb":996,"max_active_calls":1,"active_calls_now":0,"call_counter_balanced":true}
EVS Port1 1980-012-14:04:58.01240 66/1/CFE_TIME 21: Stop FLYWHEEL
EVS Port1 1980-012-14:04:59.00007 66/1/CFE_TIME 20: Start FLYWHEEL
EVS Port1 1980-012-14:05:00.71705 66/1/AI_LEARNER 4: AI_LEARNER completed=3/3 mean=1915051.8us max=2105063.4us hal_peak=618856 within_bounded=1
{"app":"AI_LEARNER","stage":"run","model":"b2_resnet","target":"aarch64-unknown-linux-gnu","attempted":3,"completed":3,"fail_input":0,"fail_invoke":0,"fail_output":0,"mean_us":1915051.82,"max_us":2105063.36,"last_us":1681098.42,"out0":0.35085,"out_elems":10,"out_sha256":"ab19bbb609cffb0eb8f85f605dac651a9728fe54d5afb88fe9a680eb1d1c74b0","out_head":[0.350850,0.001110,0.001782,0.064667,0.333587,0.006379],"out_tail":[0.333587,0.006379,0.202831,0.013360,0.019284,0.006150],"out_full_file":"/cf/last_out.json","out_full_file_bytes":182,"out_full_file_reason":"ok","out_record_truncates":false}
{"app":"AI_LEARNER","stage":"mem","model":"b2_resnet","target":"aarch64-unknown-linux-gnu","completed":3,"hal_peak":618856,"peak_within_bounded":true,"admitted_budget_bytes":618856,"peak_within_admitted_budget":true,"admission_mode":"unconditional","hal_bytes_per_call_amortized":404370.7,"process_rss_kb":7184,"process_rss_delta_init_kb":996,"max_active_calls":1,"active_calls_now":0,"call_counter_balanced":true}
EVS Port1 1980-012-14:05:01.01271 66/1/CFE_TIME 21: Stop FLYWHEEL
.EVS Port1 1980-012-14:05:02.01071 66/1/CFE_TIME 20: Start FLYWHEEL
EVS Port1 1980-012-14:05:03.01077 66/1/CFE_TIME 21: Stop FLYWHEEL
EVS Port1 1980-012-14:05:03.98683 66/1/CFE_TIME 20: Start FLYWHEEL
EVS Port1 1980-012-14:05:04.84806 66/1/AI_LEARNER 4: AI_LEARNER completed=4/4 mean=1886546.7us max=2105063.4us hal_peak=618856 within_bounded=1
{"app":"AI_LEARNER","stage":"run","model":"b2_resnet","target":"aarch64-unknown-linux-gnu","attempted":4,"completed":4,"fail_input":0,"fail_invoke":0,"fail_output":0,"mean_us":1886546.70,"max_us":2105063.36,"last_us":1801031.33,"out0":0.35085,"out_elems":10,"out_sha256":"ab19bbb609cffb0eb8f85f605dac651a9728fe54d5afb88fe9a680eb1d1c74b0","out_head":[0.350850,0.001110,0.001782,0.064667,0.333587,0.006379],"out_tail":[0.333587,0.006379,0.202831,0.013360,0.019284,0.006150],"out_full_file":"/cf/last_out.json","out_full_file_bytes":182,"out_full_file_reason":"ok","out_record_truncates":false}
{"app":"AI_LEARNER","stage":"mem","model":"b2_resnet","target":"aarch64-unknown-linux-gnu","completed":4,"hal_peak":618856,"peak_within_bounded":true,"admitted_budget_bytes":618856,"peak_within_admitted_budget":true,"admission_mode":"unconditional","hal_bytes_per_call_amortized":377560.0,"process_rss_kb":7188,"process_rss_delta_init_kb":996,"max_active_calls":1,"active_calls_now":0,"call_counter_balanced":true}
.EVS Port1 1980-012-14:05:08.85670 66/1/AI_LEARNER 4: AI_LEARNER completed=5/5 mean=1873657.9us max=2105063.4us hal_peak=618856 within_bounded=1
{"app":"AI_LEARNER","stage":"run","model":"b2_resnet","target":"aarch64-unknown-linux-gnu","attempted":5,"completed":5,"fail_input":0,"fail_invoke":0,"fail_output":0,"mean_us":1873657.92,"max_us":2105063.36,"last_us":1822102.83,"out0":0.35085,"out_elems":10,"out_sha256":"ab19bbb609cffb0eb8f85f605dac651a9728fe54d5afb88fe9a680eb1d1c74b0","out_head":[0.350850,0.001110,0.001782,0.064667,0.333587,0.006379],"out_tail":[0.333587,0.006379,0.202831,0.013360,0.019284,0.006150],"out_full_file":"/cf/last_out.json","out_full_file_bytes":182,"out_full_file_reason":"ok","out_record_truncates":false}
{"app":"AI_LEARNER","stage":"mem","model":"b2_resnet","target":"aarch64-unknown-linux-gnu","completed":5,"hal_peak":618856,"peak_within_bounded":true,"admitted_budget_bytes":618856,"peak_within_admitted_budget":true,"admission_mode":"unconditional","hal_bytes_per_call_amortized":361473.6,"process_rss_kb":7188,"process_rss_delta_init_kb":996,"max_active_calls":1,"active_calls_now":0,"call_counter_balanced":true}
EVS Port1 1980-012-14:05:13.69905 66/1/CFE_TIME 20: Start FLYWHEEL
EVS Port1 1980-012-14:05:13.85743 66/1/AI_LEARNER 4: AI_LEARNER completed=6/6 mean=2006832.1us max=2672703.2us hal_peak=618856 within_bounded=1
{"app":"AI_LEARNER","stage":"run","model":"b2_resnet","target":"aarch64-unknown-linux-gnu","attempted":6,"completed":6,"fail_input":0,"fail_invoke":0,"fail_output":0,"mean_us":2006832.13,"max_us":2672703.17,"last_us":2672703.17,"out0":0.35085,"out_elems":10,"out_sha256":"ab19bbb609cffb0eb8f85f605dac651a9728fe54d5afb88fe9a680eb1d1c74b0","out_head":[0.350850,0.001110,0.001782,0.064667,0.333587,0.006379],"out_tail":[0.333587,0.006379,0.202831,0.013360,0.019284,0.006150],"out_full_file":"/cf/last_out.json","out_full_file_bytes":182,"out_full_file_reason":"ok","out_record_truncates":false}
{"app":"AI_LEARNER","stage":"mem","model":"b2_resnet","target":"aarch64-unknown-linux-gnu","completed":6,"hal_peak":618856,"peak_within_bounded":true,"admitted_budget_bytes":618856,"peak_within_admitted_budget":true,"admission_mode":"unconditional","hal_bytes_per_call_amortized":350749.3,"process_rss_kb":7188,"process_rss_delta_init_kb":996,"max_active_calls":1,"active_calls_now":0,"call_counter_balanced":true}
.EVS Port1 1980-012-14:05:14.07502 66/1/CFE_TIME 21: Stop FLYWHEEL
EVS Port1 1980-012-14:05:17.61592 66/1/CFE_TIME 20: Start FLYWHEEL
.EVS Port1 1980-012-14:05:20.67506 66/1/AI_LEARNER 4: AI_LEARNER completed=7/7 mean=2495330.2us max=5426318.9us hal_peak=618856 within_bounded=1
{"app":"AI_LEARNER","stage":"run","model":"b2_resnet","target":"aarch64-unknown-linux-gnu","attempted":7,"completed":7,"fail_input":0,"fail_invoke":0,"fail_output":0,"mean_us":2495330.24,"max_us":5426318.93,"last_us":5426318.93,"out0":0.35085,"out_elems":10,"out_sha256":"ab19bbb609cffb0eb8f85f605dac651a9728fe54d5afb88fe9a680eb1d1c74b0","out_head":[0.350850,0.001110,0.001782,0.064667,0.333587,0.006379],"out_tail":[0.333587,0.006379,0.202831,0.013360,0.019284,0.006150],"out_full_file":"/cf/last_out.json","out_full_file_bytes":182,"out_full_file_reason":"ok","out_record_truncates":false}
{"app":"AI_LEARNER","stage":"mem","model":"b2_resnet","target":"aarch64-unknown-linux-gnu","completed":7,"hal_peak":618856,"peak_within_bounded":true,"admitted_budget_bytes":618856,"peak_within_admitted_budget":true,"admission_mode":"unconditional","hal_bytes_per_call_amortized":343089.1,"process_rss_kb":7188,"process_rss_delta_init_kb":996,"max_active_calls":1,"active_calls_now":0,"call_counter_balanced":true}
EVS Port1 1980-012-14:05:25.46871 66/1/AI_LEARNER 4: AI_LEARNER completed=8/8 mean=2760171.1us max=5426318.9us hal_peak=618856 within_bounded=1
{"app":"AI_LEARNER","stage":"run","model":"b2_resnet","target":"aarch64-unknown-linux-gnu","attempted":8,"completed":8,"fail_input":0,"fail_invoke":0,"fail_output":0,"mean_us":2760171.07,"max_us":5426318.93,"last_us":4614056.88,"out0":0.35085,"out_elems":10,"out_sha256":"ab19bbb609cffb0eb8f85f605dac651a9728fe54d5afb88fe9a680eb1d1c74b0","out_head":[0.350850,0.001110,0.001782,0.064667,0.333587,0.006379],"out_tail":[0.333587,0.006379,0.202831,0.013360,0.019284,0.006150],"out_full_file":"/cf/last_out.json","out_full_file_bytes":182,"out_full_file_reason":"ok","out_record_truncates":false}
{"app":"AI_LEARNER","stage":"mem","model":"b2_resnet","target":"aarch64-unknown-linux-gnu","completed":8,"hal_peak":618856,"peak_within_bounded":true,"admitted_budget_bytes":618856,"peak_within_admitted_budget":true,"admission_mode":"unconditional","hal_bytes_per_call_amortized":337344.0,"process_rss_kb":7188,"process_rss_delta_init_kb":996,"max_active_calls":1,"active_calls_now":0,"call_counter_balanced":true}
.EVS Port1 1980-012-14:05:29.57409 66/1/AI_LEARNER 4: AI_LEARNER completed=9/9 mean=2893686.7us max=5426318.9us hal_peak=618856 within_bounded=1
{"app":"AI_LEARNER","stage":"run","model":"b2_resnet","target":"aarch64-unknown-linux-gnu","attempted":9,"completed":9,"fail_input":0,"fail_invoke":0,"fail_output":0,"mean_us":2893686.68,"max_us":5426318.93,"last_us":3961811.49,"out0":0.35085,"out_elems":10,"out_sha256":"ab19bbb609cffb0eb8f85f605dac651a9728fe54d5afb88fe9a680eb1d1c74b0","out_head":[0.350850,0.001110,0.001782,0.064667,0.333587,0.006379],"out_tail":[0.333587,0.006379,0.202831,0.013360,0.019284,0.006150],"out_full_file":"/cf/last_out.json","out_full_file_bytes":182,"out_full_file_reason":"ok","out_record_truncates":false}
{"app":"AI_LEARNER","stage":"mem","model":"b2_resnet","target":"aarch64-unknown-linux-gnu","completed":9,"hal_peak":618856,"peak_within_bounded":true,"admitted_budget_bytes":618856,"peak_within_admitted_budget":true,"admission_mode":"unconditional","hal_bytes_per_call_amortized":332875.6,"process_rss_kb":7188,"process_rss_delta_init_kb":996,"max_active_calls":1,"active_calls_now":0,"call_counter_balanced":true}
.EVS Port1 1980-012-14:05:33.31295 66/1/AI_LEARNER 4: AI_LEARNER completed=10/10 mean=2966184.3us max=5426318.9us hal_peak=618856 within_bounded=1
{"app":"AI_LEARNER","stage":"run","model":"b2_resnet","target":"aarch64-unknown-linux-gnu","attempted":10,"completed":10,"fail_input":0,"fail_invoke":0,"fail_output":0,"mean_us":2966184.33,"max_us":5426318.93,"last_us":3618663.23,"out0":0.35085,"out_elems":10,"out_sha256":"ab19bbb609cffb0eb8f85f605dac651a9728fe54d5afb88fe9a680eb1d1c74b0","out_head":[0.350850,0.001110,0.001782,0.064667,0.333587,0.006379],"out_tail":[0.333587,0.006379,0.202831,0.013360,0.019284,0.006150],"out_full_file":"/cf/last_out.json","out_full_file_bytes":183,"out_full_file_reason":"ok","out_record_truncates":false}
{"app":"AI_LEARNER","stage":"mem","model":"b2_resnet","target":"aarch64-unknown-linux-gnu","completed":10,"hal_peak":618856,"peak_within_bounded":true,"admitted_budget_bytes":618856,"peak_within_admitted_budget":true,"admission_mode":"unconditional","hal_bytes_per_call_amortized":329300.8,"process_rss_kb":7188,"process_rss_delta_init_kb":996,"max_active_calls":1,"active_calls_now":0,"call_counter_balanced":true}
.EVS Port1 1980-012-14:05:38.04907 66/1/AI_LEARNER 4: AI_LEARNER completed=11/11 mean=3092423.5us max=5426318.9us hal_peak=618856 within_bounded=1
{"app":"AI_LEARNER","stage":"run","model":"b2_resnet","target":"aarch64-unknown-linux-gnu","attempted":11,"completed":11,"fail_input":0,"fail_invoke":0,"fail_output":0,"mean_us":3092423.53,"max_us":5426318.93,"last_us":4354815.54,"out0":0.35085,"out_elems":10,"out_sha256":"ab19bbb609cffb0eb8f85f605dac651a9728fe54d5afb88fe9a680eb1d1c74b0","out_head":[0.350850,0.001110,0.001782,0.064667,0.333587,0.006379],"out_tail":[0.333587,0.006379,0.202831,0.013360,0.019284,0.006150],"out_full_file":"/cf/last_out.json","out_full_file_bytes":183,"out_full_file_reason":"ok","out_record_truncates":false}
{"app":"AI_LEARNER","stage":"mem","model":"b2_resnet","target":"aarch64-unknown-linux-gnu","completed":11,"hal_peak":618856,"peak_within_bounded":true,"admitted_budget_bytes":618856,"peak_within_admitted_budget":true,"admission_mode":"unconditional","hal_bytes_per_call_amortized":326376.0,"process_rss_kb":7188,"process_rss_delta_init_kb":996,"max_active_calls":1,"active_calls_now":0,"call_counter_balanced":true}
EVS Port1 1980-012-14:05:42.37205 66/1/AI_LEARNER 4: AI_LEARNER completed=12/12 mean=3174787.0us max=5426318.9us hal_peak=618856 within_bounded=1
{"app":"AI_LEARNER","stage":"run","model":"b2_resnet","target":"aarch64-unknown-linux-gnu","attempted":12,"completed":12,"fail_input":0,"fail_invoke":0,"fail_output":0,"mean_us":3174787.04,"max_us":5426318.93,"last_us":4080785.66,"out0":0.35085,"out_elems":10,"out_sha256":"ab19bbb609cffb0eb8f85f605dac651a9728fe54d5afb88fe9a680eb1d1c74b0","out_head":[0.350850,0.001110,0.001782,0.064667,0.333587,0.006379],"out_tail":[0.333587,0.006379,0.202831,0.013360,0.019284,0.006150],"out_full_file":"/cf/last_out.json","out_full_file_bytes":183,"out_full_file_reason":"ok","out_record_truncates":false}
{"app":"AI_LEARNER","stage":"mem","model":"b2_resnet","target":"aarch64-unknown-linux-gnu","completed":12,"hal_peak":618856,"peak_within_bounded":true,"admitted_budget_bytes":618856,"peak_within_admitted_budget":true,"admission_mode":"unconditional","hal_bytes_per_call_amortized":323938.7,"process_rss_kb":7188,"process_rss_delta_init_kb":996,"max_active_calls":1,"active_calls_now":0,"call_counter_balanced":true}
.EVS Port1 1980-012-14:05:46.86996 66/1/AI_LEARNER 4: AI_LEARNER completed=13/13 mean=3258748.0us max=5426318.9us hal_peak=618856 within_bounded=1
{"app":"AI_LEARNER","stage":"run","model":"b2_resnet","target":"aarch64-unknown-linux-gnu","attempted":13,"completed":13,"fail_input":0,"fail_invoke":0,"fail_output":0,"mean_us":3258747.95,"max_us":5426318.93,"last_us":4266278.88,"out0":0.35085,"out_elems":10,"out_sha256":"ab19bbb609cffb0eb8f85f605dac651a9728fe54d5afb88fe9a680eb1d1c74b0","out_head":[0.350850,0.001110,0.001782,0.064667,0.333587,0.006379],"out_tail":[0.333587,0.006379,0.202831,0.013360,0.019284,0.006150],"out_full_file":"/cf/last_out.json","out_full_file_bytes":183,"out_full_file_reason":"ok","out_record_truncates":false}
{"app":"AI_LEARNER","stage":"mem","model":"b2_resnet","target":"aarch64-unknown-linux-gnu","completed":13,"hal_peak":618856,"peak_within_bounded":true,"admitted_budget_bytes":618856,"peak_within_admitted_budget":true,"admission_mode":"unconditional","hal_bytes_per_call_amortized":321876.3,"process_rss_kb":7188,"process_rss_delta_init_kb":996,"max_active_calls":1,"active_calls_now":0,"call_counter_balanced":true}
EVS Port1 1980-012-14:05:48.93795 66/1/AI_LEARNER 4: AI_LEARNER completed=14/14 mean=3156820.8us max=5426318.9us hal_peak=618856 within_bounded=1
{"app":"AI_LEARNER","stage":"run","model":"b2_resnet","target":"aarch64-unknown-linux-gnu","attempted":14,"completed":14,"fail_input":0,"fail_invoke":0,"fail_output":0,"mean_us":3156820.83,"max_us":5426318.93,"last_us":1831768.18,"out0":0.35085,"out_elems":10,"out_sha256":"ab19bbb609cffb0eb8f85f605dac651a9728fe54d5afb88fe9a680eb1d1c74b0","out_head":[0.350850,0.001110,0.001782,0.064667,0.333587,0.006379],"out_tail":[0.333587,0.006379,0.202831,0.013360,0.019284,0.006150],"out_full_file":"/cf/last_out.json","out_full_file_bytes":183,"out_full_file_reason":"ok","out_record_truncates":false}
{"app":"AI_LEARNER","stage":"mem","model":"b2_resnet","target":"aarch64-unknown-linux-gnu","completed":14,"hal_peak":618856,"peak_within_bounded":true,"admitted_budget_bytes":618856,"peak_within_admitted_budget":true,"admission_mode":"unconditional","hal_bytes_per_call_amortized":320108.6,"process_rss_kb":7188,"process_rss_delta_init_kb":996,"max_active_calls":1,"active_calls_now":0,"call_counter_balanced":true}
EVS Port1 1980-012-14:05:49.03109 66/1/CFE_TIME 21: Stop FLYWHEEL
.EVS Port1 1980-012-14:05:53.12710 66/1/AI_LEARNER 4: AI_LEARNER completed=15/15 mean=3079217.7us max=5426318.9us hal_peak=618856 within_bounded=1
{"app":"AI_LEARNER","stage":"run","model":"b2_resnet","target":"aarch64-unknown-linux-gnu","attempted":15,"completed":15,"fail_input":0,"fail_invoke":0,"fail_output":0,"mean_us":3079217.73,"max_us":5426318.93,"last_us":1992774.35,"out0":0.35085,"out_elems":10,"out_sha256":"ab19bbb609cffb0eb8f85f605dac651a9728fe54d5afb88fe9a680eb1d1c74b0","out_head":[0.350850,0.001110,0.001782,0.064667,0.333587,0.006379],"out_tail":[0.333587,0.006379,0.202831,0.013360,0.019284,0.006150],"out_full_file":"/cf/last_out.json","out_full_file_bytes":183,"out_full_file_reason":"ok","out_record_truncates":false}
{"app":"AI_LEARNER","stage":"mem","model":"b2_resnet","target":"aarch64-unknown-linux-gnu","completed":15,"hal_peak":618856,"peak_within_bounded":true,"admitted_budget_bytes":618856,"peak_within_admitted_budget":true,"admission_mode":"unconditional","hal_bytes_per_call_amortized":318576.5,"process_rss_kb":7188,"process_rss_delta_init_kb":996,"max_active_calls":1,"active_calls_now":0,"call_counter_balanced":true}
EVS Port1 1980-012-14:05:54.10997 66/1/CFE_TIME 20: Start FLYWHEEL
EVS Port1 1980-012-14:05:55.00790 66/1/CFE_TIME 21: Stop FLYWHEEL
.EVS Port1 1980-012-14:05:58.69119 66/1/CFE_TIME 20: Start FLYWHEEL
EVS Port1 1980-012-14:05:59.32038 66/1/AI_LEARNER 4: AI_LEARNER completed=16/16 mean=3154078.0us max=5426318.9us hal_peak=618856 within_bounded=1
{"app":"AI_LEARNER","stage":"run","model":"b2_resnet","target":"aarch64-unknown-linux-gnu","attempted":16,"completed":16,"fail_input":0,"fail_invoke":0,"fail_output":0,"mean_us":3154077.98,"max_us":5426318.93,"last_us":4276981.79,"out0":0.35085,"out_elems":10,"out_sha256":"ab19bbb609cffb0eb8f85f605dac651a9728fe54d5afb88fe9a680eb1d1c74b0","out_head":[0.350850,0.001110,0.001782,0.064667,0.333587,0.006379],"out_tail":[0.333587,0.006379,0.202831,0.013360,0.019284,0.006150],"out_full_file":"/cf/last_out.json","out_full_file_bytes":183,"out_full_file_reason":"ok","out_record_truncates":false}
{"app":"AI_LEARNER","stage":"mem","model":"b2_resnet","target":"aarch64-unknown-linux-gnu","completed":16,"hal_peak":618856,"peak_within_bounded":true,"admitted_budget_bytes":618856,"peak_within_admitted_budget":true,"admission_mode":"unconditional","hal_bytes_per_call_amortized":317236.0,"process_rss_kb":7188,"process_rss_delta_init_kb":996,"max_active_calls":1,"active_calls_now":0,"call_counter_balanced":true}
.EVS Port1 1980-012-14:06:04.32620 66/1/AI_LEARNER 4: AI_LEARNER completed=17/17 mean=3230469.0us max=5426318.9us hal_peak=618856 within_bounded=1
{"app":"AI_LEARNER","stage":"run","model":"b2_resnet","target":"aarch64-unknown-linux-gnu","attempted":17,"completed":17,"fail_input":0,"fail_invoke":0,"fail_output":0,"mean_us":3230468.95,"max_us":5426318.93,"last_us":4452724.51,"out0":0.35085,"out_elems":10,"out_sha256":"ab19bbb609cffb0eb8f85f605dac651a9728fe54d5afb88fe9a680eb1d1c74b0","out_head":[0.350850,0.001110,0.001782,0.064667,0.333587,0.006379],"out_tail":[0.333587,0.006379,0.202831,0.013360,0.019284,0.006150],"out_full_file":"/cf/last_out.json","out_full_file_bytes":183,"out_full_file_reason":"ok","out_record_truncates":false}
{"app":"AI_LEARNER","stage":"mem","model":"b2_resnet","target":"aarch64-unknown-linux-gnu","completed":17,"hal_peak":618856,"peak_within_bounded":true,"admitted_budget_bytes":618856,"peak_within_admitted_budget":true,"admission_mode":"unconditional","hal_bytes_per_call_amortized":316053.2,"process_rss_kb":7188,"process_rss_delta_init_kb":996,"max_active_calls":1,"active_calls_now":0,"call_counter_balanced":true}
.EVS Port1 1980-012-14:06:08.63041 66/1/AI_LEARNER 4: AI_LEARNER completed=18/18 mean=3275098.1us max=5426318.9us hal_peak=618856 within_bounded=1
{"app":"AI_LEARNER","stage":"run","model":"b2_resnet","target":"aarch64-unknown-linux-gnu","attempted":18,"completed":18,"fail_input":0,"fail_invoke":0,"fail_output":0,"mean_us":3275098.06,"max_us":5426318.93,"last_us":4033792.88,"out0":0.35085,"out_elems":10,"out_sha256":"ab19bbb609cffb0eb8f85f605dac651a9728fe54d5afb88fe9a680eb1d1c74b0","out_head":[0.350850,0.001110,0.001782,0.064667,0.333587,0.006379],"out_tail":[0.333587,0.006379,0.202831,0.013360,0.019284,0.006150],"out_full_file":"/cf/last_out.json","out_full_file_bytes":183,"out_full_file_reason":"ok","out_record_truncates":false}
{"app":"AI_LEARNER","stage":"mem","model":"b2_resnet","target":"aarch64-unknown-linux-gnu","completed":18,"hal_peak":618856,"peak_within_bounded":true,"admitted_budget_bytes":618856,"peak_within_admitted_budget":true,"admission_mode":"unconditional","hal_bytes_per_call_amortized":315001.8,"process_rss_kb":7188,"process_rss_delta_init_kb":996,"max_active_calls":1,"active_calls_now":0,"call_counter_balanced":true}
1980-012-14:06:11.85102 CFE_ES_RunExceptionScan: ExceptionID 0x1110002 in TaskID 0: Caught SIGINT
1980-012-14:06:11.85143 CFE_ES_RunExceptionScan: Processor Reset count not reached (1/2)
CFE_PSP: Exiting cFE with PROCESSOR Reset status.

CFE_PSP: Shutdown initiated - Exiting cFE
EVS Port1 1980-012-14:06:12.80413 66/1/AI_LEARNER 4: AI_LEARNER completed=19/19 mean=3303158.5us max=5426318.9us hal_peak=618856 within_bounded=1
{"app":"AI_LEARNER","stage":"run","model":"b2_resnet","target":"aarch64-unknown-linux-gnu","attempted":19,"completed":19,"fail_input":0,"fail_invoke":0,"fail_output":0,"mean_us":3303158.54,"max_us":5426318.93,"last_us":3808247.20,"out0":0.35085,"out_elems":10,"out_sha256":"ab19bbb609cffb0eb8f85f605dac651a9728fe54d5afb88fe9a680eb1d1c74b0","out_head":[0.350850,0.001110,0.001782,0.064667,0.333587,0.006379],"out_tail":[0.333587,0.006379,0.202831,0.013360,0.019284,0.006150],"out_full_file":"/cf/last_out.json","out_full_file_bytes":183,"out_full_file_reason":"ok","out_record_truncates":false}
{"app":"AI_LEARNER","stage":"mem","model":"b2_resnet","target":"aarch64-unknown-linux-gnu","completed":19,"hal_peak":618856,"peak_within_bounded":true,"admitted_budget_bytes":618856,"peak_within_admitted_budget":true,"admission_mode":"unconditional","hal_bytes_per_call_amortized":314061.1,"process_rss_kb":7288,"process_rss_delta_init_kb":996,"max_active_calls":1,"active_calls_now":0,"call_counter_balanced":true}
EXIT=137
