OS_BSP_Initialize():Maximum user msg queue depth = 512
CFE_PSP: Default Reset SubType = 1
CFE_PSP: Default CPU ID = 1
CFE_PSP: Default Spacecraft ID = 66
CFE_PSP: Default CPU Name: cpu1
OS_Posix_GetSchedulerParams():208:Policy 1: available, min-max: 1-99
OS_Posix_GetSchedulerParams():208:Policy 2: available, min-max: 1-99
OS_Posix_TaskAPI_Impl_Init():401:Selected policy 2 for RT tasks, root task = 99
OS_Posix_TaskAPI_Impl_Init():419:Could not setschedparam in main thread: Operation not permitted (1)
CFE_PSP: initializing module 'soft_timebase' with ID 0110ff00
CFE_PSP: Instantiated software timebase 'cFS-Master' running at 10000 usec
CFE_PSP: initializing module 'timebase_posix_clock' with ID 0110ff01
CFE_PSP: Using POSIX monotonic clock as CFE timebase
CFE_PSP: initializing module 'eeprom_mmap_file' with ID 0110ff02
CFE_PSP: Using MMAP simulated EEPROM implementation
CFE_PSP: initializing module 'port_notimpl' with ID 0110ff03
CFE_PSP: EEPROM Range (2) created: Start Address = F3687E14E000, Size = 00080000 Status = 0
CFE_PSP: I/O Port access not implemented
CFE_PSP: initializing module 'iodriver' with ID 0110ff04
CFE_PSP: initializing module 'linux_sysmon' with ID 0110ff05
CFE_PSP: initializing module 'endian_api' with ID 0110ff06
CFE_PSP: Host CPU Endian=LITTLE
CFE_PSP: initializing module 'ram_notimpl' with ID 0110ff07
CFE_PSP: Physical RAM access not implemented
CFE_PSP: Normal exit from previous cFE instance
CFE_PSP: Starting the cFE with a PROCESSOR reset.
1980-001-07:51:04.32563 CFE_ES_Main: CFE_ES_Main in EARLY_INIT state
1980-001-07:51:04.33930 CFE_ES_InitializeFileSystems: Volatile Disk has 100 Percent free space.
Number of addresses returned by backtrace = 1
CFE_PSP: CFE_PSP_AttachExceptions called
1980-001-07:51:04.36491 CFE_ES_Main: CFE_ES_Main entering CORE_STARTUP state
1980-001-07:51:04.36664 CFE_ES_CreateObjects: Starting Object Creation calls.
1980-001-07:51:04.36692 CFE_ES_CreateObjects: Calling EarlyInit for CFE_CONFIG
1980-001-07:51:04.36955 CFE_ES_CreateObjects: Calling EarlyInit for CFE_ES
1980-001-07:51:04.37471 CFE_ES_CreateObjects: Calling EarlyInit for CFE_EVS
1980-001-07:51:04.37761 CFE_EVS_EarlyInit: Event Log restored, n=0, c=20, f=1, m=1, o=280
1980-001-07:51:04.37796 CFE_ES_CreateObjects: Calling EarlyInit for CFE_FS
1980-001-07:51:04.37946 CFE_ES_CreateObjects: Calling EarlyInit for CFE_SB
1980-001-07:51:04.39672 CFE_ES_CreateObjects: Calling EarlyInit for CFE_TBL
1980-001-07:51:04.42207 CFE_ES_CreateObjects: Calling EarlyInit for CFE_TIME
EVS Port1 1980-012-14:11:02.99003 66/1/CFE_ES 1: cFE ES Initialized: CFE_ES v7.0.1+dev1 (Draco) DEV BUILD, based on v7.0.1, EDS disabled
EVS Port1 1980-012-14:11:03.00045 66/1/CFE_ES 2: cFS Versions: cfe v7.0.1+dev1, osal v7.0.1+dev1, psp v7.0.1+dev1. cFE chksm 31659
EVS Port1 1980-012-14:11:03.00172 66/1/CFE_ES 91: Version Info: Mission SampleMission, version git:v7.0.1-90-g78c23b0-dirty
EVS Port1 1980-012-14:11:03.00360 66/1/CFE_ES 91: Version Info: Module CORE_API, version git:2612eb0
EVS Port1 1980-012-14:11:03.00402 66/1/CFE_ES 91: Version Info: Module CONFIG, version git:2612eb0
EVS Port1 1980-012-14:11:03.00469 66/1/CFE_ES 91: Version Info: Module ES, version git:2612eb0
EVS Port1 1980-012-14:11:03.00491 66/1/CFE_ES 91: Version Info: Module EVS, version git:2612eb0
EVS Port1 1980-012-14:11:03.00506 66/1/CFE_ES 91: Version Info: Module FS, version git:2612eb0
EVS Port1 1980-012-14:11:03.00656 66/1/CFE_ES 91: Version Info: Module SB, version git:2612eb0
EVS Port1 1980-012-14:11:03.00898 66/1/CFE_ES 91: Version Info: Module TBL, version git:2612eb0
EVS Port1 1980-012-14:11:03.01016 66/1/CFE_ES 91: Version Info: Module TIME, version git:2612eb0
EVS Port1 1980-012-14:11:03.01078 66/1/CFE_ES 91: Version Info: Module OSAL, version git:8111e4a
EVS Port1 1980-012-14:11:03.01101 66/1/CFE_ES 91: Version Info: Module PSP, version git:d1da809
EVS Port1 1980-012-14:11:03.01309 66/1/CFE_ES 91: Version Info: Module MSG, version git:2612eb0
EVS Port1 1980-012-14:11:03.01464 66/1/CFE_ES 91: Version Info: Module SBR, version git:2612eb0
EVS Port1 1980-012-14:11:03.01589 66/1/CFE_ES 91: Version Info: Module RESOURCEID, version git:2612eb0
EVS Port1 1980-012-14:11:03.01914 66/1/CFE_ES 92: Build 202609111416 by root@vm, config aarch64
EVS Port1 1980-012-14:11:03.12261 66/1/CFE_EVS 1: cFE EVS Initialized: CFE_EVS v7.0.1+dev1 (Draco) DEV BUILD, based on v7.0.1, EDS disabled
1980-012-14:11:03.22544 CFE_SB_AppInit: Registered 4 events for filtering
EVS Port1 1980-012-14:11:03.23072 66/1/CFE_SB 1: cFE SB Initialized: CFE_SB v7.0.1+dev1 (Draco) DEV BUILD, based on v7.0.1, EDS disabled
EVS Port1 1980-012-14:11:03.23297 66/1/CFE_SB 14: No subscribers for MsgId 0x808,sender CFE_SB
EVS Port1 1980-012-14:11:03.33401 66/1/CFE_TBL 1: cFE TBL Initialized: CFE_TBL v7.0.1+dev1 (Draco) DEV BUILD, based on v7.0.1, EDS disabled
EVS Port1 1980-012-14:11:03.33744 66/1/CFE_SB 14: No subscribers for MsgId 0x808,sender CFE_TBL
EVS Port1 1980-012-14:11:03.45706 66/1/CFE_TIME 1: cFE TIME Initialized: CFE_TIME v7.0.1+dev1 (Draco) DEV BUILD, based on v7.0.1, EDS disabled
EVS Port1 1980-012-14:11:03.45799 66/1/CFE_SB 14: No subscribers for MsgId 0x808,sender CFE_TIME
1980-012-14:11:03.48789 CFE_ES_CreateObjects: Finished ES CreateObject table entries.
1980-012-14:11:03.49162 CFE_ES_Main: CFE_ES_Main entering CORE_READY state
OS_FileOpen_Impl():110:open(/dev/shm/osal:RAM/cfe_es_startup.scr): No such file or directory
1980-012-14:11:03.50457 CFE_ES_OpenStartupScript: Cannot Open Volatile Startup file: /ram/cfe_es_startup.scr, Trying Nonvolatile.
1980-012-14:11:03.50918 CFE_ES_OpenStartupScript: Opened ES App Startup file: /cf/cfe_es_startup.scr
1980-012-14:11:03.55167 CFE_ES_ParseFileEntry: Loading shared library: /cf/cfe_assert.so
1980-012-14:11:03.56705 [BEGIN] CFE FUNCTIONAL TEST
1980-012-14:11:03.56999 [BEGIN] 01 CFE-STARTUP
1980-012-14:11:03.61098 CFE_ES_ParseFileEntry: Loading shared library: /cf/sample_lib.so
SAMPLE Lib Initialized.Sample Lib v7.0.0+dev1 (Draco) DEV BUILD, based on v7.0.1, EDS disabled
1980-012-14:11:03.65006 CFE_ES_ParseFileEntry: Loading file: /cf/sch_lab.so, APP: SCH_LAB
1980-012-14:11:03.70052 CFE_ES_ParseFileEntry: Loading file: /cf/ci_lab.so, APP: CI_LAB
SCH Lab Initialized.SCH Lab v7.0.1+dev1 (Draco) DEV BUILD, based on v7.0.1, EDS disabled
1980-012-14:11:03.82477 CFE_ES_ParseFileEntry: Loading file: /cf/to_lab.so, APP: TO_LAB
1980-012-14:11:03.91891 CI_LAB listening on UDP port: 1234
EVS Port1 1980-012-14:11:03.92012 66/1/CI_LAB 3: CI Lab Initialized.CI Lab App v7.0.1+dev1 (Draco) DEV BUILD, based on v7.0.1, EDS disabled
EVS Port1 1980-012-14:11:03.92080 66/1/CFE_SB 14: No subscribers for MsgId 0x808,sender CI_LAB
EVS Port1 1980-012-14:11:03.92605 66/1/TO_LAB 1: TO Lab Initialized.TO Lab v7.0.1+dev1 (Draco) DEV BUILD, based on v7.0.1, EDS disabled, Awaiting enable command.
1980-012-14:11:03.93443 CFE_ES_ParseFileEntry: Loading file: /cf/sample_app.so, APP: SAMPLE_APP
1980-012-14:11:03.98596 CFE_ES_ParseFileEntry: Loading file: /cf/ai_learner.so, APP: AI_LEARNER
EVS Port1 1980-012-14:11:04.02108 66/1/SAMPLE_APP 1: Sample App Initialized.Sample App v7.0.0+dev1 (Draco) DEV BUILD, based on v7.0.1, EDS disabled
1980-012-14:11:04.04564 CFE_ES_ParseFileEntry: Loading file: /cf/lc.so, APP: LC
{"app":"AI_LEARNER","stage":"build_config","model":"smartcam","allow_conditional_map":0,"contract_bounded_bytes":18222796,"contract_per_call_bytes":9382092,"contract_const_bytes":8840704,"contract_bound_known":true,"contract_artifact_sha256":"ecffe6e0bcbadf51c8482c73ab147e91fa857927d1183955e03a3257041c78f1"}
1980-012-14:11:04.08690 CFE_ES_ParseFileEntry: Loading file: /cf/cf.so, APP: CF
{"app":"AI_LEARNER","stage":"stack","es_stack_size":264063,"stack_base_bytes":262144,"contract_kernel_stack_bytes":1919,"kernel_stack_accounted":true}
EVS Port1 1980-012-14:11:04.09480 66/1/AI_LEARNER 8: AI_LEARNER stack: es=264063 base=262144 kernel=1919 accounted=1
{"app":"AI_LEARNER","stage":"admission","verdict":"ADMIT","model":"smartcam","target":"aarch64-unknown-linux-gnu","bounded":18222796,"budget":33554432,"budget_source":"override","per_call":9382092,"constants":8840704,"kernel_stack_bytes":1919,"bound_known":true,"scope":"per_app_local_budget"}
EVS Port1 1980-012-14:11:04.14520 66/1/LC 56: WDT verify results: good = 0, bad = 0, unused = 176
EVS Port1 1980-012-14:11:04.16384 66/1/LC 66: ADT verify results: good = 0, bad = 0, unused = 176
EVS Port1 1980-012-14:11:04.16900 66/1/LC 23: LC use of Critical Data Store disabled, activity mask = 0x00991990
EVS Port1 1980-012-14:11:04.17288 66/1/LC 2: LC Initialized. Version 7.0.1.255
1980-012-14:11:04.18871 CFE_ES_ParseFileEntry: Loading file: /cf/ds.so, APP: DS
EVS Port1 1980-012-14:11:04.25843 66/1/CF 20: CF Initialized. Version 7.0.1.255
1980-012-14:11:04.28700 CFE_ES_ParseFileEntry: Loading file: /cf/fm.so, APP: FM
EVS Port1 1980-012-14:11:04.32168 66/1/DS 10: Destination file table verify results: good entries = 6, bad = 0, unused = 10
EVS Port1 1980-012-14:11:04.34317 66/1/DS 12: Filter table verify results: good entries = 14, bad = 0, unused = 242
EVS Port1 1980-012-14:11:04.35954 66/1/DS 1: Application initialized, version 7.0.1.255, data at 0xf3687d0a0460
1980-012-14:11:04.38520 CFE_ES_ParseFileEntry: Loading file: /cf/hk.so, APP: HK
EVS Port1 1980-012-14:11:04.41314 66/1/FM 80: Free Space Table verify results: good entries = 3, bad = 0, unused = 5
EVS Port1 1980-012-14:11:04.44606 66/1/FM 1: Initialization complete: version 7.0.1.255
1980-012-14:11:04.47121 CFE_ES_ParseFileEntry: Loading file: /cf/hs.so, APP: HS
EVS Port1 1980-012-14:11:04.49993 66/1/FM 72: Child Task initialization complete
EVS Port1 1980-012-14:11:04.51834 66/1/HK 1: HK Initialized.  Version 7.0.1.255
1980-012-14:11:04.58688 CFE_ES_ParseFileEntry: Loading file: /cf/mm.so, APP: MM
EVS Port1 1980-012-14:11:04.66406 66/1/HS 54: ExeCount verify results: good = 5, bad = 0, unused = 27
EVS Port1 1980-012-14:11:04.70089 66/1/HS 50: AppMon verify results: good = 0, bad = 0, unused = 32
EVS Port1 1980-012-14:11:04.72692 66/1/HS 52: EventMon verify results: good = 0, bad = 0, unused = 16
EVS Port1 1980-012-14:11:04.75711 66/1/HS 56: MsgActs verify results: good = 2, bad = 0, unused = 6
1980-012-14:11:04.78398 HS_SysMonInit(): System Monitor using PSP device ID 0110ff05
1980-012-14:11:04.79769 CFE_ES_ParseFileEntry: Loading file: /cf/sc.so, APP: SC
EVS Port1 1980-012-14:11:04.82002 66/1/MM 1: MM Initialized. Version 7.0.1.255
CFE_PSP(Linux_SysMon): Started CPU utilization monitoring on 1 CPU(s)
EVS Port1 1980-012-14:11:04.86312 66/1/HS 1: HS Initialized.  Version 7.0.1.255
1980-012-14:11:04.95255 CFE_ES_ParseFileEntry: Loading file: /cf/md.so, APP: MD
EVS Port1 1980-012-14:11:05.03536 66/1/CFE_TIME 21: Stop FLYWHEEL
EVS Port1 1980-012-14:11:05.10835 66/1/MD 52: MD Dwell Tbl verify results: good = 0, bad = 0, unused = 25
EVS Port1 1980-012-14:11:05.11804 66/1/MD 3: Recovered Dwell Table #1 is valid and has been copied to the MD App
EVS Port1 1980-012-14:11:05.12808 66/1/MD 52: MD Dwell Tbl verify results: good = 0, bad = 0, unused = 25
EVS Port1 1980-012-14:11:05.13198 66/1/MD 3: Recovered Dwell Table #2 is valid and has been copied to the MD App
EVS Port1 1980-012-14:11:05.16638 66/1/MD 52: MD Dwell Tbl verify results: good = 0, bad = 0, unused = 25
1980-012-14:11:05.17436 CFE_ES_ParseFileEntry: Loading file: /cf/cs.so, APP: CS
EVS Port1 1980-012-14:11:05.17614 66/1/MD 3: Recovered Dwell Table #3 is valid and has been copied to the MD App
EVS Port1 1980-012-14:11:05.19619 66/1/MD 52: MD Dwell Tbl verify results: good = 0, bad = 0, unused = 25
EVS Port1 1980-012-14:11:05.19746 66/1/SC 21: RTS table files not loaded at initialization = 0 of 4
EVS Port1 1980-012-14:11:05.21130 66/1/MD 3: Recovered Dwell Table #4 is valid and has been copied to the MD App
EVS Port1 1980-012-14:11:05.22036 66/1/MD 7: Dwell Tables Recovered: 4, Dwell Tables Initialized: 0
EVS Port1 1980-012-14:11:05.23414 66/1/SC 9: SC Initialized. Version 7.0.1.255
EVS Port1 1980-012-14:11:05.22952 66/1/MD 1: MD Initialized.  Version 7.0.1.255
EVS Port1 1980-012-14:11:05.32293 66/1/CS 144: CS EEPROM Table verification results: good = 0, bad = 0, unused = 16
EVS Port1 1980-012-14:11:05.33305 66/1/CS 107: CS EEPROM Table: No valid entries in the table
EVS Port1 1980-012-14:11:05.34649 66/1/CS 143: CS Memory Table verification results: good = 0, bad = 0, unused = 16
EVS Port1 1980-012-14:11:05.35217 66/1/CS 107: CS Memory Table: No valid entries in the table
EVS Port1 1980-012-14:11:05.36738 66/1/CS 139: CS Tables Table verification results: good = 1, bad = 0, unused = 23
EVS Port1 1980-012-14:11:05.39639 66/1/CS 142: CS Apps Table verification results: good = 0, bad = 0, unused = 24
EVS Port1 1980-012-14:11:05.40609 66/1/CS 108: CS Apps Table: No valid entries in the table
EVS Port1 1980-012-14:11:05.41738 66/1/CS 127: OS Text Segment disabled due to platform
EVS Port1 1980-012-14:11:05.42541 66/1/CS 1: CS Initialized. Version 7.0.1.255
1980-012-14:11:06.32299 CFE_ES_Main: Startup Sync failed - Applications may not have all initialized
1980-012-14:11:06.32329 CFE_ES_Main: CFE_ES_Main entering APPS_INIT state
{"app":"AI_LEARNER","stage":"binding","verdict":"MATCH","artifact_bytes":8991281,"artifact_sha256":"ecffe6e0bcbadf51","contract_sha256":"ecffe6e0bcbadf51"}
{"app":"AI_LEARNER","stage":"map_branch","model":"smartcam","module_ptr_mod64":0,"hal_peak_after_append":0,"contract_const_bytes":8840704,"contract_per_call_bytes":9382092,"arm":"map","admission_mode":"unconditional"}
{"app":"AI_LEARNER","stage":"mem_init","model":"smartcam","target":"aarch64-unknown-linux-gnu","hal_peak":602112,"hal_allocated":602112,"bounded":18222796,"peak_within_bounded":true,"inferences_so_far":0,"process_rss_kb":15940,"rss_kb_before_runtime":14200,"rss_kb_after_session":14488,"rss_kb_after_init":15940}
{"app":"AI_LEARNER","stage":"e25_mode","active":false,"inputs_path":"/cf/e25_inputs.bin"}
EVS Port1 1980-012-14:11:06.46336 66/1/AI_LEARNER 3: AI_LEARNER initialized: model smartcam (8991281 B), rss_delta_init=1740 KB
1980-012-14:11:06.47975 CFE_ES_Main: CFE_ES_Main entering OPERATIONAL state
EVS Port1 1980-012-14:11:06.50294 66/1/TO_LAB 19: L550 TO Lab subscribed to 32 messages from the table
EVS Port1 1980-012-14:11:09.17739 66/1/CFE_TIME 20: Start FLYWHEEL
EVS Port1 1980-012-14:11:09.01283 66/1/CFE_TIME 21: Stop FLYWHEEL
.EVS Port1 1980-012-14:11:16.62850 66/1/AI_LEARNER 4: AI_LEARNER completed=1/1 mean=7855011.0us max=7855011.0us hal_peak=9382092 within_bounded=1
{"app":"AI_LEARNER","stage":"run","model":"smartcam","target":"aarch64-unknown-linux-gnu","attempted":1,"completed":1,"fail_input":0,"fail_invoke":0,"fail_output":0,"mean_us":7855010.99,"max_us":7855010.99,"last_us":7855010.99,"out0":0.85892,"out":[0.858921,0.111592,0.029487]}
{"app":"AI_LEARNER","stage":"mem","model":"smartcam","target":"aarch64-unknown-linux-gnu","completed":1,"hal_peak":9382092,"peak_within_bounded":true,"admitted_budget_bytes":33554432,"peak_within_admitted_budget":true,"admission_mode":"unconditional","hal_bytes_per_call_amortized":9382092.0,"process_rss_kb":16568,"process_rss_delta_init_kb":1740}
..EVS Port1 1980-012-14:11:24.91517 66/1/AI_LEARNER 4: AI_LEARNER completed=2/2 mean=8066148.7us max=8277286.4us hal_peak=9382092 within_bounded=1
{"app":"AI_LEARNER","stage":"run","model":"smartcam","target":"aarch64-unknown-linux-gnu","attempted":2,"completed":2,"fail_input":0,"fail_invoke":0,"fail_output":0,"mean_us":8066148.72,"max_us":8277286.45,"last_us":8277286.45,"out0":0.85892,"out":[0.858921,0.111592,0.029487]}
{"app":"AI_LEARNER","stage":"mem","model":"smartcam","target":"aarch64-unknown-linux-gnu","completed":2,"hal_peak":9382092,"peak_within_bounded":true,"admitted_budget_bytes":33554432,"peak_within_admitted_budget":true,"admission_mode":"unconditional","hal_bytes_per_call_amortized":9081036.0,"process_rss_kb":25144,"process_rss_delta_init_kb":1740}
.EVS Port1 1980-012-14:11:31.89665 66/1/AI_LEARNER 4: AI_LEARNER completed=3/3 mean=7701481.5us max=8277286.4us hal_peak=9382092 within_bounded=1
{"app":"AI_LEARNER","stage":"run","model":"smartcam","target":"aarch64-unknown-linux-gnu","attempted":3,"completed":3,"fail_input":0,"fail_invoke":0,"fail_output":0,"mean_us":7701481.49,"max_us":8277286.45,"last_us":6972147.04,"out0":0.85892,"out":[0.858921,0.111592,0.029487]}
{"app":"AI_LEARNER","stage":"mem","model":"smartcam","target":"aarch64-unknown-linux-gnu","completed":3,"hal_peak":9382092,"peak_within_bounded":true,"admitted_budget_bytes":33554432,"peak_within_admitted_budget":true,"admission_mode":"unconditional","hal_bytes_per_call_amortized":8980684.0,"process_rss_kb":25144,"process_rss_delta_init_kb":1740}
.EVS Port1 1980-012-14:11:38.01051 66/1/CFE_TIME 21: Stop FLYWHEEL
EVS Port1 1980-012-14:11:39.01594 66/1/CFE_TIME 20: Start FLYWHEEL
EVS Port1 1980-012-14:11:39.93057 66/1/AI_LEARNER 4: AI_LEARNER completed=4/4 mean=7796001.8us max=8277286.4us hal_peak=9382092 within_bounded=1
{"app":"AI_LEARNER","stage":"run","model":"smartcam","target":"aarch64-unknown-linux-gnu","attempted":4,"completed":4,"fail_input":0,"fail_invoke":0,"fail_output":0,"mean_us":7796001.82,"max_us":8277286.45,"last_us":8079562.78,"out0":0.85892,"out":[0.858921,0.111592,0.029487]}
{"app":"AI_LEARNER","stage":"mem","model":"smartcam","target":"aarch64-unknown-linux-gnu","completed":4,"hal_peak":9382092,"peak_within_bounded":true,"admitted_budget_bytes":33554432,"peak_within_admitted_budget":true,"admission_mode":"unconditional","hal_bytes_per_call_amortized":8930508.0,"process_rss_kb":25144,"process_rss_delta_init_kb":1740}
EVS Port1 1980-012-14:11:40.00958 66/1/CFE_TIME 21: Stop FLYWHEEL
EVS Port1 1980-012-14:11:41.04421 66/1/CFE_TIME 20: Start FLYWHEEL
EVS Port1 1980-012-14:11:42.01904 66/1/CFE_TIME 21: Stop FLYWHEEL
.EVS Port1 1980-012-14:11:42.99291 66/1/CFE_TIME 20: Start FLYWHEEL
EVS Port1 1980-012-14:11:44.74293 66/1/CFE_SB 17: Msg Limit Err,MsgId 0x800,pipe AI_LEARNER_PIPE,sender CFE_ES
EVS Port1 1980-012-14:11:48.10575 66/1/CFE_TIME 20: Start FLYWHEEL
.EVS Port1 1980-012-14:11:48.93450 66/1/CFE_SB 17: Msg Limit Err,MsgId 0x800,pipe AI_LEARNER_PIPE,sender CFE_ES
EVS Port1 1980-012-14:11:49.01559 66/1/CFE_TIME 21: Stop FLYWHEEL
EVS Port1 1980-012-14:11:49.36860 66/1/AI_LEARNER 4: AI_LEARNER completed=5/5 mean=8175401.8us max=9693001.8us hal_peak=9382092 within_bounded=1
{"app":"AI_LEARNER","stage":"run","model":"smartcam","target":"aarch64-unknown-linux-gnu","attempted":5,"completed":5,"fail_input":0,"fail_invoke":0,"fail_output":0,"mean_us":8175401.80,"max_us":9693001.76,"last_us":9693001.76,"out0":0.85892,"out":[0.858921,0.111592,0.029487]}
{"app":"AI_LEARNER","stage":"mem","model":"smartcam","target":"aarch64-unknown-linux-gnu","completed":5,"hal_peak":9382092,"peak_within_bounded":true,"admitted_budget_bytes":33554432,"peak_within_admitted_budget":true,"admission_mode":"unconditional","hal_bytes_per_call_amortized":8900402.4,"process_rss_kb":25148,"process_rss_delta_init_kb":1740}
.EVS Port1 1980-012-14:11:56.75587 66/1/CFE_SB 17: Msg Limit Err,MsgId 0x800,pipe AI_LEARNER_PIPE,sender CFE_ES
EVS Port1 1980-012-14:11:58.00442 66/1/AI_LEARNER 4: AI_LEARNER completed=6/6 mean=8253127.9us max=9693001.8us hal_peak=9382092 within_bounded=1
{"app":"AI_LEARNER","stage":"run","model":"smartcam","target":"aarch64-unknown-linux-gnu","attempted":6,"completed":6,"fail_input":0,"fail_invoke":0,"fail_output":0,"mean_us":8253127.95,"max_us":9693001.76,"last_us":8641758.66,"out0":0.85892,"out":[0.858921,0.111592,0.029487]}
{"app":"AI_LEARNER","stage":"mem","model":"smartcam","target":"aarch64-unknown-linux-gnu","completed":6,"hal_peak":9382092,"peak_within_bounded":true,"admitted_budget_bytes":33554432,"peak_within_admitted_budget":true,"admission_mode":"unconditional","hal_bytes_per_call_amortized":8880332.0,"process_rss_kb":25148,"process_rss_delta_init_kb":1740}
EVS Port1 1980-012-14:11:59.00958 66/1/CFE_TIME 21: Stop FLYWHEEL
EVS Port1 1980-012-14:11:59.99751 66/1/CFE_TIME 20: Start FLYWHEEL
.EVS Port1 1980-012-14:12:04.30018 66/1/CFE_TIME 20: Start FLYWHEEL
EVS Port1 1980-012-14:12:05.99147 66/1/CFE_SB 17: Msg Limit Err,MsgId 0x800,pipe AI_LEARNER_PIPE,sender CFE_ES
.EVS Port1 1980-012-14:12:11.19972 66/1/CFE_SB 17: Msg Limit Err,MsgId 0x800,pipe AI_LEARNER_PIPE,sender CFE_ES
.EVS Port1 1980-012-14:12:12.71424 66/1/AI_LEARNER 4: AI_LEARNER completed=7/7 mean=9172797.8us max=14690816.7us hal_peak=9382092 within_bounded=1
{"app":"AI_LEARNER","stage":"run","model":"smartcam","target":"aarch64-unknown-linux-gnu","attempted":7,"completed":7,"fail_input":0,"fail_invoke":0,"fail_output":0,"mean_us":9172797.77,"max_us":14690816.70,"last_us":14690816.70,"out0":0.85892,"out":[0.858921,0.111592,0.029487]}
{"app":"AI_LEARNER","stage":"mem","model":"smartcam","target":"aarch64-unknown-linux-gnu","completed":7,"hal_peak":9382092,"peak_within_bounded":true,"admitted_budget_bytes":33554432,"peak_within_admitted_budget":true,"admission_mode":"unconditional","hal_bytes_per_call_amortized":8865996.0,"process_rss_kb":25148,"process_rss_delta_init_kb":1740}
EVS Port1 1980-012-14:12:15.01402 66/1/CFE_TIME 21: Stop FLYWHEEL
.EVS Port1 1980-012-14:12:18.76414 66/1/CFE_SB 17: Msg Limit Err,MsgId 0x800,pipe AI_LEARNER_PIPE,sender CFE_ES
EVS Port1 1980-012-14:12:23.18113 66/1/CFE_TIME 20: Start FLYWHEEL
{"app":"AI_LEARNER","stage":"run","model":"smartcam","target":"aarch64-unknown-linux-gnu","attempted":8,"completed":8,"fail_input":0,"fail_invoke":0,"fail_output":0,"mean_us":9451564.88,"max_us":14690816.70,"last_us":11402934.62,"out0":0.85892,"out":[0.858921,0.111592,0.029487]}
EVS Port1 1980-012-14:12:23.36816 66/1/AI_LEARNER 4: AI_LEARNER completed=8/8 mean=9451564.9us max=14690816.7us hal_peak=9382092 within_bounded=1
{"app":"AI_LEARNER","stage":"mem","model":"smartcam","target":"aarch64-unknown-linux-gnu","completed":8,"hal_peak":9382092,"peak_within_bounded":true,"admitted_budget_bytes":33554432,"peak_within_admitted_budget":true,"admission_mode":"unconditional","hal_bytes_per_call_amortized":8855244.0,"process_rss_kb":25148,"process_rss_delta_init_kb":1740}
..EVS Port1 1980-012-14:12:32.83880 66/1/CFE_SB 17: Msg Limit Err,MsgId 0x800,pipe AI_LEARNER_PIPE,sender CFE_ES
.EVS Port1 1980-012-14:12:43.26373 66/1/CFE_SB 17: Msg Limit Err,MsgId 0x800,pipe AI_LEARNER_PIPE,sender CFE_ES
.EVS Port1 1980-012-14:12:48.26025 66/1/CFE_SB 17: Msg Limit Err,MsgId 0x800,pipe AI_LEARNER_PIPE,sender CFE_ES
EVS Port1 1980-012-14:12:49.01652 66/1/CFE_TIME 21: Stop FLYWHEEL
.EVS Port1 1980-012-14:12:49.94224 66/1/AI_LEARNER 4: AI_LEARNER completed=9/9 mean=11400003.0us max=26987507.9us hal_peak=9382092 within_bounded=1
{"app":"AI_LEARNER","stage":"run","model":"smartcam","target":"aarch64-unknown-linux-gnu","attempted":9,"completed":9,"fail_input":0,"fail_invoke":0,"fail_output":0,"mean_us":11400002.99,"max_us":26987507.89,"last_us":26987507.89,"out0":0.85892,"out":[0.858921,0.111592,0.029487]}
{"app":"AI_LEARNER","stage":"mem","model":"smartcam","target":"aarch64-unknown-linux-gnu","completed":9,"hal_peak":9382092,"peak_within_bounded":true,"admitted_budget_bytes":33554432,"peak_within_admitted_budget":true,"admission_mode":"unconditional","hal_bytes_per_call_amortized":8846881.3,"process_rss_kb":25148,"process_rss_delta_init_kb":1740}
EVS Port1 1980-012-14:12:52.00662 66/1/CFE_TIME 21: Stop FLYWHEEL
EVS Port1 1980-012-14:12:53.00787 66/1/CFE_TIME 20: Start FLYWHEEL
EVS Port1 1980-012-14:12:54.01692 66/1/CFE_TIME 21: Stop FLYWHEEL
.EVS Port1 1980-012-14:12:55.00549 66/1/CFE_TIME 20: Start FLYWHEEL
EVS Port1 1980-012-14:12:55.76167 66/1/CFE_SB 17: Msg Limit Err,MsgId 0x800,pipe AI_LEARNER_PIPE,sender CFE_ES
EVS Port1 1980-012-14:12:59.18904 66/1/CFE_TIME 20: Start FLYWHEEL
EVS Port1 1980-012-14:13:00.00187 66/1/CFE_SB 17: Msg Limit Err,MsgId 0x800,pipe AI_LEARNER_PIPE,sender CFE_ES
{"app":"AI_LEARNER","stage":"run","model":"smartcam","target":"aarch64-unknown-linux-gnu","attempted":10,"completed":10,"fail_input":0,"fail_invoke":0,"fail_output":0,"mean_us":11341011.46,"max_us":26987507.89,"last_us":10810087.73,"out0":0.85892,"out":[0.858921,0.111592,0.029487]}
{"app":"AI_LEARNER","stage":"mem","model":"smartcam","target":"aarch64-unknown-linux-gnu","completed":10,"hal_peak":9382092,"peak_within_bounded":true,"admitted_budget_bytes":33554432,"peak_within_admitted_budget":true,"admission_mode":"unconditional","hal_bytes_per_call_amortized":8840191.2,"process_rss_kb":25148,"process_rss_delta_init_kb":1740}
EVS Port1 1980-012-14:13:00.44056 66/1/AI_LEARNER 4: AI_LEARNER completed=10/10 mean=11341011.5us max=26987507.9us hal_peak=9382092 within_bounded=1
..EVS Port1 1980-012-14:13:09.23614 66/1/CFE_SB 17: Msg Limit Err,MsgId 0x800,pipe AI_LEARNER_PIPE,sender CFE_ES
EVS Port1 1980-012-14:13:10.02037 66/1/CFE_TIME 21: Stop FLYWHEEL
EVS Port1 1980-012-14:13:11.45227 66/1/AI_LEARNER 4: AI_LEARNER completed=11/11 mean=11357850.9us max=26987507.9us hal_peak=9382092 within_bounded=1
{"app":"AI_LEARNER","stage":"run","model":"smartcam","target":"aarch64-unknown-linux-gnu","attempted":11,"completed":11,"fail_input":0,"fail_invoke":0,"fail_output":0,"mean_us":11357850.85,"max_us":26987507.89,"last_us":11526244.77,"out0":0.85892,"out":[0.858921,0.111592,0.029487]}
{"app":"AI_LEARNER","stage":"mem","model":"smartcam","target":"aarch64-unknown-linux-gnu","completed":11,"hal_peak":9382092,"peak_within_bounded":true,"admitted_budget_bytes":33554432,"peak_within_admitted_budget":true,"admission_mode":"unconditional","hal_bytes_per_call_amortized":8834717.5,"process_rss_kb":25148,"process_rss_delta_init_kb":1740}
.EVS Port1 1980-012-14:13:15.00599 66/1/CFE_TIME 21: Stop FLYWHEEL
EVS Port1 1980-012-14:13:15.99894 66/1/CFE_TIME 20: Start FLYWHEEL
EVS Port1 1980-012-14:13:16.73716 66/1/CFE_SB 17: Msg Limit Err,MsgId 0x800,pipe AI_LEARNER_PIPE,sender CFE_ES
.EVS Port1 1980-012-14:13:18.90319 66/1/AI_LEARNER 4: AI_LEARNER completed=12/12 mean=11034010.3us max=26987507.9us hal_peak=9382092 within_bounded=1
{"app":"AI_LEARNER","stage":"run","model":"smartcam","target":"aarch64-unknown-linux-gnu","attempted":12,"completed":12,"fail_input":0,"fail_invoke":0,"fail_output":0,"mean_us":11034010.31,"max_us":26987507.89,"last_us":7471764.30,"out0":0.85892,"out":[0.858921,0.111592,0.029487]}
{"app":"AI_LEARNER","stage":"mem","model":"smartcam","target":"aarch64-unknown-linux-gnu","completed":12,"hal_peak":9382092,"peak_within_bounded":true,"admitted_budget_bytes":33554432,"peak_within_admitted_budget":true,"admission_mode":"unconditional","hal_bytes_per_call_amortized":8830156.0,"process_rss_kb":25148,"process_rss_delta_init_kb":1740}
.EVS Port1 1980-012-14:13:24.77621 66/1/CFE_SB 17: Msg Limit Err,MsgId 0x800,pipe AI_LEARNER_PIPE,sender CFE_ES
EVS Port1 1980-012-14:13:26.01409 66/1/CFE_TIME 21: Stop FLYWHEEL
EVS Port1 1980-012-14:13:26.99009 66/1/CFE_TIME 20: Start FLYWHEEL
EVS Port1 1980-012-14:13:28.09613 66/1/AI_LEARNER 4: AI_LEARNER completed=13/13 mean=10893717.3us max=26987507.9us hal_peak=9382092 within_bounded=1
{"app":"AI_LEARNER","stage":"run","model":"smartcam","target":"aarch64-unknown-linux-gnu","attempted":13,"completed":13,"fail_input":0,"fail_invoke":0,"fail_output":0,"mean_us":10893717.25,"max_us":26987507.89,"last_us":9210200.59,"out0":0.85892,"out":[0.858921,0.111592,0.029487]}
{"app":"AI_LEARNER","stage":"mem","model":"smartcam","target":"aarch64-unknown-linux-gnu","completed":13,"hal_peak":9382092,"peak_within_bounded":true,"admitted_budget_bytes":33554432,"peak_within_admitted_budget":true,"admission_mode":"unconditional","hal_bytes_per_call_amortized":8826296.3,"process_rss_kb":25148,"process_rss_delta_init_kb":1740}
.EVS Port1 1980-012-14:13:31.82792 66/1/HS 61: CPU Hogging Detected
1980-012-14:13:31.83142 HS App: CPU Hogging Detected
EVS Port1 1980-012-14:13:32.76773 66/1/CFE_SB 17: Msg Limit Err,MsgId 0x800,pipe AI_LEARNER_PIPE,sender CFE_ES
EVS Port1 1980-012-14:13:36.11778 66/1/AI_LEARNER 4: AI_LEARNER completed=14/14 mean=10687298.5us max=26987507.9us hal_peak=9382092 within_bounded=1
{"app":"AI_LEARNER","stage":"run","model":"smartcam","target":"aarch64-unknown-linux-gnu","attempted":14,"completed":14,"fail_input":0,"fail_invoke":0,"fail_output":0,"mean_us":10687298.46,"max_us":26987507.89,"last_us":8003854.10,"out0":0.85892,"out":[0.858921,0.111592,0.029487]}
{"app":"AI_LEARNER","stage":"mem","model":"smartcam","target":"aarch64-unknown-linux-gnu","completed":14,"hal_peak":9382092,"peak_within_bounded":true,"admitted_budget_bytes":33554432,"peak_within_admitted_budget":true,"admission_mode":"unconditional","hal_bytes_per_call_amortized":8822988.0,"process_rss_kb":25148,"process_rss_delta_init_kb":1740}
EVS Port1 1980-012-14:13:36.30757 66/1/CFE_TIME 20: Start FLYWHEEL
EVS Port1 1980-012-14:13:36.00462 66/1/CFE_TIME 21: Stop FLYWHEEL
.EVS Port1 1980-012-14:13:39.00999 66/1/CFE_TIME 20: Start FLYWHEEL
EVS Port1 1980-012-14:13:39.00976 66/1/CFE_TIME 21: Stop FLYWHEEL
EVS Port1 1980-012-14:13:40.74542 66/1/CFE_SB 17: Msg Limit Err,MsgId 0x800,pipe AI_LEARNER_PIPE,sender CFE_ES
.EVS Port1 1980-012-14:13:43.19320 66/1/AI_LEARNER 4: AI_LEARNER completed=15/15 mean=10467544.8us max=26987507.9us hal_peak=9382092 within_bounded=1
{"app":"AI_LEARNER","stage":"run","model":"smartcam","target":"aarch64-unknown-linux-gnu","attempted":15,"completed":15,"fail_input":0,"fail_invoke":0,"fail_output":0,"mean_us":10467544.79,"max_us":26987507.89,"last_us":7390993.44,"out0":0.85892,"out":[0.858921,0.111592,0.029487]}
{"app":"AI_LEARNER","stage":"mem","model":"smartcam","target":"aarch64-unknown-linux-gnu","completed":15,"hal_peak":9382092,"peak_within_bounded":true,"admitted_budget_bytes":33554432,"peak_within_admitted_budget":true,"admission_mode":"unconditional","hal_bytes_per_call_amortized":8820120.8,"process_rss_kb":25148,"process_rss_delta_init_kb":1740}
.EVS Port1 1980-012-14:13:50.92422 66/1/AI_LEARNER 4: AI_LEARNER completed=16/16 mean=10296642.1us max=26987507.9us hal_peak=9382092 within_bounded=1
{"app":"AI_LEARNER","stage":"run","model":"smartcam","target":"aarch64-unknown-linux-gnu","attempted":16,"completed":16,"fail_input":0,"fail_invoke":0,"fail_output":0,"mean_us":10296642.07,"max_us":26987507.89,"last_us":7733101.23,"out0":0.85892,"out":[0.858921,0.111592,0.029487]}
{"app":"AI_LEARNER","stage":"mem","model":"smartcam","target":"aarch64-unknown-linux-gnu","completed":16,"hal_peak":9382092,"peak_within_bounded":true,"admitted_budget_bytes":33554432,"peak_within_admitted_budget":true,"admission_mode":"unconditional","hal_bytes_per_call_amortized":8817612.0,"process_rss_kb":25148,"process_rss_delta_init_kb":1740}
EVS Port1 1980-012-14:13:54.00706 66/1/CFE_TIME 21: Stop FLYWHEEL
.EVS Port1 1980-012-14:13:54.99746 66/1/CFE_TIME 20: Start FLYWHEEL
EVS Port1 1980-012-14:13:57.02253 66/1/CFE_TIME 21: Stop FLYWHEEL
EVS Port1 1980-012-14:13:58.02348 66/1/CFE_TIME 20: Start FLYWHEEL
EVS Port1 1980-012-14:13:59.27816 66/1/AI_LEARNER 4: AI_LEARNER completed=17/17 mean=10185788.1us max=26987507.9us hal_peak=9382092 within_bounded=1
{"app":"AI_LEARNER","stage":"run","model":"smartcam","target":"aarch64-unknown-linux-gnu","attempted":17,"completed":17,"fail_input":0,"fail_invoke":0,"fail_output":0,"mean_us":10185788.08,"max_us":26987507.89,"last_us":8412124.22,"out0":0.85892,"out":[0.858921,0.111592,0.029487]}
{"app":"AI_LEARNER","stage":"mem","model":"smartcam","target":"aarch64-unknown-linux-gnu","completed":17,"hal_peak":9382092,"peak_within_bounded":true,"admitted_budget_bytes":33554432,"peak_within_admitted_budget":true,"admission_mode":"unconditional","hal_bytes_per_call_amortized":8815398.4,"process_rss_kb":25148,"process_rss_delta_init_kb":1740}
EVS Port1 1980-012-14:14:00.24339 66/1/CFE_TIME 20: Start FLYWHEEL
.EVS Port1 1980-012-14:14:01.00862 66/1/CFE_TIME 21: Stop FLYWHEEL
EVS Port1 1980-012-14:14:03.02378 66/1/CFE_TIME 21: Stop FLYWHEEL
EVS Port1 1980-012-14:14:04.15582 66/1/CFE_TIME 20: Start FLYWHEEL
EVS Port1 1980-012-14:14:05.01463 66/1/CFE_TIME 21: Stop FLYWHEEL
.EVS Port1 1980-012-14:14:05.98135 66/1/CFE_TIME 20: Start FLYWHEEL
EVS Port1 1980-012-14:14:07.78895 66/1/AI_LEARNER 4: AI_LEARNER completed=18/18 mean=10120769.1us max=26987507.9us hal_peak=9382092 within_bounded=1
{"app":"AI_LEARNER","stage":"run","model":"smartcam","target":"aarch64-unknown-linux-gnu","attempted":18,"completed":18,"fail_input":0,"fail_invoke":0,"fail_output":0,"mean_us":10120769.11,"max_us":26987507.89,"last_us":9015446.72,"out0":0.85892,"out":[0.858921,0.111592,0.029487]}
{"app":"AI_LEARNER","stage":"mem","model":"smartcam","target":"aarch64-unknown-linux-gnu","completed":18,"hal_peak":9382092,"peak_within_bounded":true,"admitted_budget_bytes":33554432,"peak_within_admitted_budget":true,"admission_mode":"unconditional","hal_bytes_per_call_amortized":8813430.7,"process_rss_kb":25148,"process_rss_delta_init_kb":1740}
EVS Port1 1980-012-14:14:09.02476 66/1/CFE_TIME 21: Stop FLYWHEEL
EVS Port1 1980-012-14:14:10.01066 66/1/CFE_TIME 20: Start FLYWHEEL
EVS Port1 1980-012-14:14:11.01048 66/1/CFE_TIME 21: Stop FLYWHEEL
.EVS Port1 1980-012-14:14:11.99971 66/1/CFE_TIME 20: Start FLYWHEEL
EVS Port1 1980-012-14:14:14.09721 66/1/CFE_TIME 20: Start FLYWHEEL
EVS Port1 1980-012-14:14:17.01937 66/1/CFE_TIME 21: Stop FLYWHEEL
EVS Port1 1980-012-14:14:17.44612 66/1/AI_LEARNER 4: AI_LEARNER completed=19/19 mean=10123919.5us max=26987507.9us hal_peak=9382092 within_bounded=1
{"app":"AI_LEARNER","stage":"run","model":"smartcam","target":"aarch64-unknown-linux-gnu","attempted":19,"completed":19,"fail_input":0,"fail_invoke":0,"fail_output":0,"mean_us":10123919.46,"max_us":26987507.89,"last_us":10180625.73,"out0":0.85892,"out":[0.858921,0.111592,0.029487]}
{"app":"AI_LEARNER","stage":"mem","model":"smartcam","target":"aarch64-unknown-linux-gnu","completed":19,"hal_peak":9382092,"peak_within_bounded":true,"admitted_budget_bytes":33554432,"peak_within_admitted_budget":true,"admission_mode":"unconditional","hal_bytes_per_call_amortized":8811670.1,"process_rss_kb":25148,"process_rss_delta_init_kb":1740}
.EVS Port1 1980-012-14:14:23.20950 66/1/CFE_TIME 20: Start FLYWHEEL
.....EVS Port1 1980-012-14:14:57.73039 66/1/AI_LEARNER 4: AI_LEARNER completed=20/20 mean=11630992.4us max=40265377.6us hal_peak=9382092 within_bounded=1
{"app":"AI_LEARNER","stage":"run","model":"smartcam","target":"aarch64-unknown-linux-gnu","attempted":20,"completed":20,"fail_input":0,"fail_invoke":0,"fail_output":0,"mean_us":11630992.36,"max_us":40265377.57,"last_us":40265377.57,"out0":0.85892,"out":[0.858921,0.111592,0.029487]}
{"app":"AI_LEARNER","stage":"mem","model":"smartcam","target":"aarch64-unknown-linux-gnu","completed":20,"hal_peak":9382092,"peak_within_bounded":true,"admitted_budget_bytes":33554432,"peak_within_admitted_budget":true,"admission_mode":"unconditional","hal_bytes_per_call_amortized":8810085.6,"process_rss_kb":25148,"process_rss_delta_init_kb":1740}
....EVS Port1 1980-012-14:15:24.00759 66/1/CFE_TIME 21: Stop FLYWHEEL
.EVS Port1 1980-012-14:15:25.67428 66/1/AI_LEARNER 4: AI_LEARNER completed=21/21 mean=12421813.6us max=40265377.6us hal_peak=9382092 within_bounded=1
{"app":"AI_LEARNER","stage":"run","model":"smartcam","target":"aarch64-unknown-linux-gnu","attempted":21,"completed":21,"fail_input":0,"fail_invoke":0,"fail_output":0,"mean_us":12421813.61,"max_us":40265377.57,"last_us":28238238.58,"out0":0.85892,"out":[0.858921,0.111592,0.029487]}
{"app":"AI_LEARNER","stage":"mem","model":"smartcam","target":"aarch64-unknown-linux-gnu","completed":21,"hal_peak":9382092,"peak_within_bounded":true,"admitted_budget_bytes":33554432,"peak_within_admitted_budget":true,"admission_mode":"unconditional","hal_bytes_per_call_amortized":8808652.0,"process_rss_kb":25148,"process_rss_delta_init_kb":1740}
EVS Port1 1980-012-14:15:26.01800 66/1/CFE_TIME 21: Stop FLYWHEEL
EVS Port1 1980-012-14:15:27.01155 66/1/CFE_TIME 20: Start FLYWHEEL
EVS Port1 1980-012-14:15:28.01803 66/1/CFE_TIME 21: Stop FLYWHEEL
EVS Port1 1980-012-14:15:29.02304 66/1/CFE_TIME 20: Start FLYWHEEL
EVS Port1 1980-012-14:15:30.00990 66/1/CFE_TIME 21: Stop FLYWHEEL
.EVS Port1 1980-012-14:15:30.99694 66/1/CFE_TIME 20: Start FLYWHEEL
EVS Port1 1980-012-14:15:34.00442 66/1/CFE_TIME 21: Stop FLYWHEEL
{"app":"AI_LEARNER","stage":"run","model":"smartcam","target":"aarch64-unknown-linux-gnu","attempted":22,"completed":22,"fail_input":0,"fail_invoke":0,"fail_output":0,"mean_us":12251277.01,"max_us":40265377.57,"last_us":8670008.32,"out0":0.85892,"out":[0.858921,0.111592,0.029487]}
EVS Port1 1980-012-14:15:34.11038 66/1/AI_LEARNER 4: AI_LEARNER completed=22/22 mean=12251277.0us max=40265377.6us hal_peak=9382092 within_bounded=1
{"app":"AI_LEARNER","stage":"mem","model":"smartcam","target":"aarch64-unknown-linux-gnu","completed":22,"hal_peak":9382092,"peak_within_bounded":true,"admitted_budget_bytes":33554432,"peak_within_admitted_budget":true,"admission_mode":"unconditional","hal_bytes_per_call_amortized":8807348.7,"process_rss_kb":25148,"process_rss_delta_init_kb":1740}
EVS Port1 1980-012-14:15:34.99797 66/1/CFE_TIME 20: Start FLYWHEEL
.EVS Port1 1980-012-14:15:37.01046 66/1/CFE_TIME 21: Stop FLYWHEEL
EVS Port1 1980-012-14:15:37.99424 66/1/CFE_TIME 20: Start FLYWHEEL
{"app":"AI_LEARNER","stage":"run","model":"smartcam","target":"aarch64-unknown-linux-gnu","attempted":23,"completed":23,"fail_input":0,"fail_invoke":0,"fail_output":0,"mean_us":12012279.23,"max_us":40265377.57,"last_us":6754328.18,"out0":0.85892,"out":[0.858921,0.111592,0.029487]}
EVS Port1 1980-012-14:15:40.68449 66/1/AI_LEARNER 4: AI_LEARNER completed=23/23 mean=12012279.2us max=40265377.6us hal_peak=9382092 within_bounded=1
{"app":"AI_LEARNER","stage":"mem","model":"smartcam","target":"aarch64-unknown-linux-gnu","completed":23,"hal_peak":9382092,"peak_within_bounded":true,"admitted_budget_bytes":33554432,"peak_within_admitted_budget":true,"admission_mode":"unconditional","hal_bytes_per_call_amortized":8806158.8,"process_rss_kb":25148,"process_rss_delta_init_kb":1740}
.EVS Port1 1980-012-14:15:44.01672 66/1/CFE_TIME 20: Start FLYWHEEL
EVS Port1 1980-012-14:15:44.01748 66/1/CFE_TIME 21: Stop FLYWHEEL
EVS Port1 1980-012-14:15:47.86215 66/1/AI_LEARNER 4: AI_LEARNER completed=24/24 mean=11811180.2us max=40265377.6us hal_peak=9382092 within_bounded=1
{"app":"AI_LEARNER","stage":"run","model":"smartcam","target":"aarch64-unknown-linux-gnu","attempted":24,"completed":24,"fail_input":0,"fail_invoke":0,"fail_output":0,"mean_us":11811180.16,"max_us":40265377.57,"last_us":7185901.42,"out0":0.85892,"out":[0.858921,0.111592,0.029487]}
{"app":"AI_LEARNER","stage":"mem","model":"smartcam","target":"aarch64-unknown-linux-gnu","completed":24,"hal_peak":9382092,"peak_within_bounded":true,"admitted_budget_bytes":33554432,"peak_within_admitted_budget":true,"admission_mode":"unconditional","hal_bytes_per_call_amortized":8805068.0,"process_rss_kb":25148,"process_rss_delta_init_kb":1740}
..EVS Port1 1980-012-14:15:54.86286 66/1/AI_LEARNER 4: AI_LEARNER completed=25/25 mean=11618347.3us max=40265377.6us hal_peak=9382092 within_bounded=1
{"app":"AI_LEARNER","stage":"run","model":"smartcam","target":"aarch64-unknown-linux-gnu","attempted":25,"completed":25,"fail_input":0,"fail_invoke":0,"fail_output":0,"mean_us":11618347.33,"max_us":40265377.57,"last_us":6990359.54,"out0":0.85892,"out":[0.858921,0.111592,0.029487]}
{"app":"AI_LEARNER","stage":"mem","model":"smartcam","target":"aarch64-unknown-linux-gnu","completed":25,"hal_peak":9382092,"peak_within_bounded":true,"admitted_budget_bytes":33554432,"peak_within_admitted_budget":true,"admission_mode":"unconditional","hal_bytes_per_call_amortized":8804064.5,"process_rss_kb":25148,"process_rss_delta_init_kb":1740}
.EVS Port1 1980-012-14:16:02.23982 66/1/AI_LEARNER 4: AI_LEARNER completed=26/26 mean=11454830.7us max=40265377.6us hal_peak=9382092 within_bounded=1
{"app":"AI_LEARNER","stage":"run","model":"smartcam","target":"aarch64-unknown-linux-gnu","attempted":26,"completed":26,"fail_input":0,"fail_invoke":0,"fail_output":0,"mean_us":11454830.70,"max_us":40265377.57,"last_us":7366914.88,"out0":0.85892,"out":[0.858921,0.111592,0.029487]}
{"app":"AI_LEARNER","stage":"mem","model":"smartcam","target":"aarch64-unknown-linux-gnu","completed":26,"hal_peak":9382092,"peak_within_bounded":true,"admitted_budget_bytes":33554432,"peak_within_admitted_budget":true,"admission_mode":"unconditional","hal_bytes_per_call_amortized":8803138.2,"process_rss_kb":25148,"process_rss_delta_init_kb":1740}
EVS Port1 1980-012-14:16:03.04537 66/1/CFE_TIME 20: Start FLYWHEEL
EVS Port1 1980-012-14:16:03.00717 66/1/CFE_TIME 21: Stop FLYWHEEL
.EVS Port1 1980-012-14:16:09.30767 66/1/AI_LEARNER 4: AI_LEARNER completed=27/27 mean=11294170.2us max=40265377.6us hal_peak=9382092 within_bounded=1
{"app":"AI_LEARNER","stage":"run","model":"smartcam","target":"aarch64-unknown-linux-gnu","attempted":27,"completed":27,"fail_input":0,"fail_invoke":0,"fail_output":0,"mean_us":11294170.24,"max_us":40265377.57,"last_us":7116998.40,"out0":0.85892,"out":[0.858921,0.111592,0.029487]}
{"app":"AI_LEARNER","stage":"mem","model":"smartcam","target":"aarch64-unknown-linux-gnu","completed":27,"hal_peak":9382092,"peak_within_bounded":true,"admitted_budget_bytes":33554432,"peak_within_admitted_budget":true,"admission_mode":"unconditional","hal_bytes_per_call_amortized":8802280.4,"process_rss_kb":25148,"process_rss_delta_init_kb":1740}
.EVS Port1 1980-012-14:16:13.00459 66/1/CFE_TIME 21: Stop FLYWHEEL
EVS Port1 1980-012-14:16:13.99990 66/1/CFE_TIME 20: Start FLYWHEEL
EVS Port1 1980-012-14:16:16.84713 66/1/AI_LEARNER 4: AI_LEARNER completed=28/28 mean=11159926.5us max=40265377.6us hal_peak=9382092 within_bounded=1
{"app":"AI_LEARNER","stage":"run","model":"smartcam","target":"aarch64-unknown-linux-gnu","attempted":28,"completed":28,"fail_input":0,"fail_invoke":0,"fail_output":0,"mean_us":11159926.55,"max_us":40265377.57,"last_us":7535346.70,"out0":0.85892,"out":[0.858921,0.111592,0.029487]}
{"app":"AI_LEARNER","stage":"mem","model":"smartcam","target":"aarch64-unknown-linux-gnu","completed":28,"hal_peak":9382092,"peak_within_bounded":true,"admitted_budget_bytes":33554432,"peak_within_admitted_budget":true,"admission_mode":"unconditional","hal_bytes_per_call_amortized":8801484.0,"process_rss_kb":25148,"process_rss_delta_init_kb":1740}
..EVS Port1 1980-012-14:16:24.76879 66/1/AI_LEARNER 4: AI_LEARNER completed=29/29 mean=11046878.9us max=40265377.6us hal_peak=9382092 within_bounded=1
{"app":"AI_LEARNER","stage":"run","model":"smartcam","target":"aarch64-unknown-linux-gnu","attempted":29,"completed":29,"fail_input":0,"fail_invoke":0,"fail_output":0,"mean_us":11046878.88,"max_us":40265377.57,"last_us":7881544.34,"out0":0.85892,"out":[0.858921,0.111592,0.029487]}
{"app":"AI_LEARNER","stage":"mem","model":"smartcam","target":"aarch64-unknown-linux-gnu","completed":29,"hal_peak":9382092,"peak_within_bounded":true,"admitted_budget_bytes":33554432,"peak_within_admitted_budget":true,"admission_mode":"unconditional","hal_bytes_per_call_amortized":8800742.5,"process_rss_kb":25148,"process_rss_delta_init_kb":1740}
.EVS Port1 1980-012-14:16:34.25723 66/1/CFE_TIME 20: Start FLYWHEEL
EVS Port1 1980-012-14:16:34.41394 66/1/AI_LEARNER 4: AI_LEARNER completed=30/30 mean=11000001.0us max=40265377.6us hal_peak=9382092 within_bounded=1
{"app":"AI_LEARNER","stage":"run","model":"smartcam","target":"aarch64-unknown-linux-gnu","attempted":30,"completed":30,"fail_input":0,"fail_invoke":0,"fail_output":0,"mean_us":11000001.02,"max_us":40265377.57,"last_us":9640542.88,"out0":0.85892,"out":[0.858921,0.111592,0.029487]}
{"app":"AI_LEARNER","stage":"mem","model":"smartcam","target":"aarch64-unknown-linux-gnu","completed":30,"hal_peak":9382092,"peak_within_bounded":true,"admitted_budget_bytes":33554432,"peak_within_admitted_budget":true,"admission_mode":"unconditional","hal_bytes_per_call_amortized":8800050.4,"process_rss_kb":25148,"process_rss_delta_init_kb":1740}
EVS Port1 1980-012-14:16:35.01397 66/1/CFE_TIME 21: Stop FLYWHEEL
.EVS Port1 1980-012-14:16:38.00932 66/1/CFE_TIME 21: Stop FLYWHEEL
EVS Port1 1980-012-14:16:39.01403 66/1/CFE_TIME 20: Start FLYWHEEL
EVS Port1 1980-012-14:16:40.00848 66/1/CFE_TIME 21: Stop FLYWHEEL
EVS Port1 1980-012-14:16:41.02362 66/1/CFE_TIME 20: Start FLYWHEEL
.EVS Port1 1980-012-14:16:43.11900 66/1/CFE_TIME 20: Start FLYWHEEL
EVS Port1 1980-012-14:16:44.27616 66/1/AI_LEARNER 4: AI_LEARNER completed=31/31 mean=10974650.2us max=40265377.6us hal_peak=9382092 within_bounded=1
{"app":"AI_LEARNER","stage":"run","model":"smartcam","target":"aarch64-unknown-linux-gnu","attempted":31,"completed":31,"fail_input":0,"fail_invoke":0,"fail_output":0,"mean_us":10974650.18,"max_us":40265377.57,"last_us":10214124.96,"out0":0.85892,"out":[0.858921,0.111592,0.029487]}
{"app":"AI_LEARNER","stage":"mem","model":"smartcam","target":"aarch64-unknown-linux-gnu","completed":31,"hal_peak":9382092,"peak_within_bounded":true,"admitted_budget_bytes":33554432,"peak_within_admitted_budget":true,"admission_mode":"unconditional","hal_bytes_per_call_amortized":8799403.0,"process_rss_kb":25148,"process_rss_delta_init_kb":1740}
EVS Port1 1980-012-14:16:45.01904 66/1/CFE_TIME 21: Stop FLYWHEEL
.EVS Port1 1980-012-14:16:48.99476 66/1/CFE_TIME 20: Start FLYWHEEL
......{"app":"AI_LEARNER","stage":"run","model":"smartcam","target":"aarch64-unknown-linux-gnu","attempted":32,"completed":32,"fail_input":0,"fail_invoke":0,"fail_output":0,"mean_us":12177036.75,"max_us":49451020.48,"last_us":49451020.48,"out0":0.85892,"out":[0.858921,0.111592,0.029487]}
{"app":"AI_LEARNER","stage":"mem","model":"smartcam","target":"aarch64-unknown-linux-gnu","completed":32,"hal_peak":9382092,"peak_within_bounded":true,"admitted_budget_bytes":33554432,"peak_within_admitted_budget":true,"admission_mode":"unconditional","hal_bytes_per_call_amortized":8798796.0,"process_rss_kb":25148,"process_rss_delta_init_kb":1740}
EVS Port1 1980-012-14:17:33.53479 66/1/AI_LEARNER 4: AI_LEARNER completed=32/32 mean=12177036.7us max=49451020.5us hal_peak=9382092 within_bounded=1
...1980-012-14:17:55.83692 CFE_ES_RunExceptionScan: ExceptionID 0x1110003 in TaskID 0: Caught SIGINT
1980-012-14:17:55.84733 CFE_ES_RunExceptionScan: Maximum Processor Reset count reached (2)
CFE_PSP: Exiting cFE with POWERON Reset status.
CFE_PSP: Critical Data Store Shared memory segment removed
Reset Area Shared memory segment removed
User Reserved Area Shared memory segment removed

CFE_PSP: Shutdown initiated - Exiting cFE
CI delete callback -- Closing CI Network socket.
TO delete callback -- Closing TO Network socket.
.EVS Port1 1980-012-14:18:03.40975 66/1/AI_LEARNER 4: AI_LEARNER completed=33/33 mean=12710620.5us max=49451020.5us hal_peak=9382092 within_bounded=1
.EXIT=124
