OS_BSP_Initialize():Maximum user msg queue depth = 512
CFE_PSP: Default Reset SubType = 1
CFE_PSP: Default CPU ID = 1
CFE_PSP: Default Spacecraft ID = 66
CFE_PSP: Default CPU Name: cpu1
OS_Posix_GetSchedulerParams():208:Policy 1: available, min-max: 1-99
OS_Posix_GetSchedulerParams():208:Policy 2: available, min-max: 1-99
OS_Posix_TaskAPI_Impl_Init():401:Selected policy 2 for RT tasks, root task = 99
OS_Posix_TaskAPI_Impl_Init():419:Could not setschedparam in main thread: Operation not permitted (1)
CFE_PSP: initializing module 'soft_timebase' with ID 0110ff00
CFE_PSP: Instantiated software timebase 'cFS-Master' running at 10000 usec
CFE_PSP: initializing module 'timebase_posix_clock' with ID 0110ff01
CFE_PSP: Using POSIX monotonic clock as CFE timebase
CFE_PSP: initializing module 'eeprom_mmap_file' with ID 0110ff02
CFE_PSP: Using MMAP simulated EEPROM implementation
CFE_PSP: EEPROM Range (2) created: Start Address = FA76A63CE000, Size = 00080000 Status = 0
CFE_PSP: initializing module 'port_notimpl' with ID 0110ff03
CFE_PSP: I/O Port access not implemented
CFE_PSP: initializing module 'iodriver' with ID 0110ff04
CFE_PSP: initializing module 'linux_sysmon' with ID 0110ff05
CFE_PSP: initializing module 'endian_api' with ID 0110ff06
CFE_PSP: Host CPU Endian=LITTLE
CFE_PSP: initializing module 'ram_notimpl' with ID 0110ff07
CFE_PSP: Physical RAM access not implemented
CFE_PSP: Starting the cFE with a POWER ON reset.
CFE_PSP: Clearing out CFE CDS Shared memory segment.
CFE_PSP: Clearing out CFE Reset Shared memory segment.
CFE_PSP: Clearing out CFE User Reserved Shared memory segment.
1980-001-07:41:23.20390 CFE_ES_SetupResetVariables: POWER ON RESET due to Power Cycle (Power Cycle).
1980-001-07:41:23.21472 CFE_ES_Main: CFE_ES_Main in EARLY_INIT state
Number of addresses returned by backtrace = 1
CFE_PSP: CFE_PSP_AttachExceptions called
1980-001-07:41:23.23784 CFE_ES_Main: CFE_ES_Main entering CORE_STARTUP state
1980-001-07:41:23.23799 CFE_ES_CreateObjects: Starting Object Creation calls.
1980-001-07:41:23.23923 CFE_ES_CreateObjects: Calling EarlyInit for CFE_CONFIG
1980-001-07:41:23.24195 CFE_ES_CreateObjects: Calling EarlyInit for CFE_ES
1980-001-07:41:23.24954 CFE_ES_CreateObjects: Calling EarlyInit for CFE_EVS
1980-001-07:41:23.25234 CFE_EVS_EarlyInit: Event Log cleared following power-on reset
1980-001-07:41:23.25270 CFE_ES_CreateObjects: Calling EarlyInit for CFE_FS
1980-001-07:41:23.25287 CFE_ES_CreateObjects: Calling EarlyInit for CFE_SB
1980-001-07:41:23.26882 CFE_ES_CreateObjects: Calling EarlyInit for CFE_TBL
1980-001-07:41:23.28793 CFE_ES_CreateObjects: Calling EarlyInit for CFE_TIME
EVS Port1 1980-012-14:03:20.08341 66/1/CFE_ES 1: cFE ES Initialized: CFE_ES v7.0.1+dev1 (Draco) DEV BUILD, based on v7.0.1, EDS disabled
EVS Port1 1980-012-14:03:20.09130 66/1/CFE_ES 2: cFS Versions: cfe v7.0.1+dev1, osal v7.0.1+dev1, psp v7.0.1+dev1. cFE chksm 31659
EVS Port1 1980-012-14:03:20.09228 66/1/CFE_ES 91: Version Info: Mission SampleMission, version git:v7.0.1-90-g78c23b0-dirty
EVS Port1 1980-012-14:03:20.09400 66/1/CFE_ES 91: Version Info: Module CORE_API, version git:2612eb0
EVS Port1 1980-012-14:03:20.09638 66/1/CFE_ES 91: Version Info: Module CONFIG, version git:2612eb0
EVS Port1 1980-012-14:03:20.09698 66/1/CFE_ES 91: Version Info: Module ES, version git:2612eb0
EVS Port1 1980-012-14:03:20.09724 66/1/CFE_ES 91: Version Info: Module EVS, version git:2612eb0
EVS Port1 1980-012-14:03:20.09741 66/1/CFE_ES 91: Version Info: Module FS, version git:2612eb0
EVS Port1 1980-012-14:03:20.09889 66/1/CFE_ES 91: Version Info: Module SB, version git:2612eb0
EVS Port1 1980-012-14:03:20.09925 66/1/CFE_ES 91: Version Info: Module TBL, version git:2612eb0
EVS Port1 1980-012-14:03:20.09942 66/1/CFE_ES 91: Version Info: Module TIME, version git:2612eb0
EVS Port1 1980-012-14:03:20.09956 66/1/CFE_ES 91: Version Info: Module OSAL, version git:8111e4a
EVS Port1 1980-012-14:03:20.10093 66/1/CFE_ES 91: Version Info: Module PSP, version git:d1da809
EVS Port1 1980-012-14:03:20.10209 66/1/CFE_ES 91: Version Info: Module MSG, version git:2612eb0
EVS Port1 1980-012-14:03:20.10235 66/1/CFE_ES 91: Version Info: Module SBR, version git:2612eb0
EVS Port1 1980-012-14:03:20.10269 66/1/CFE_ES 91: Version Info: Module RESOURCEID, version git:2612eb0
EVS Port1 1980-012-14:03:20.10302 66/1/CFE_ES 92: Build 202609111416 by root@vm, config aarch64
EVS Port1 1980-012-14:03:20.23445 66/1/CFE_EVS 1: cFE EVS Initialized: CFE_EVS v7.0.1+dev1 (Draco) DEV BUILD, based on v7.0.1, EDS disabled
1980-012-14:03:20.33821 CFE_SB_AppInit: Registered 4 events for filtering
EVS Port1 1980-012-14:03:20.34245 66/1/CFE_SB 1: cFE SB Initialized: CFE_SB v7.0.1+dev1 (Draco) DEV BUILD, based on v7.0.1, EDS disabled
EVS Port1 1980-012-14:03:20.34327 66/1/CFE_SB 14: No subscribers for MsgId 0x808,sender CFE_SB
EVS Port1 1980-012-14:03:20.44436 66/1/CFE_TBL 1: cFE TBL Initialized: CFE_TBL v7.0.1+dev1 (Draco) DEV BUILD, based on v7.0.1, EDS disabled
EVS Port1 1980-012-14:03:20.44798 66/1/CFE_SB 14: No subscribers for MsgId 0x808,sender CFE_TBL
EVS Port1 1980-012-14:03:20.56919 66/1/CFE_TIME 1: cFE TIME Initialized: CFE_TIME v7.0.1+dev1 (Draco) DEV BUILD, based on v7.0.1, EDS disabled
EVS Port1 1980-012-14:03:20.57118 66/1/CFE_SB 14: No subscribers for MsgId 0x808,sender CFE_TIME
1980-012-14:03:20.59793 CFE_ES_CreateObjects: Finished ES CreateObject table entries.
1980-012-14:03:20.60231 CFE_ES_Main: CFE_ES_Main entering CORE_READY state
1980-012-14:03:20.62528 CFE_ES_OpenStartupScript: Opened ES App Startup file: /cf/cfe_es_startup.scr
1980-012-14:03:20.70008 CFE_ES_ParseFileEntry: Loading shared library: /cf/cfe_assert.so
1980-012-14:03:20.71289 [BEGIN] CFE FUNCTIONAL TEST
1980-012-14:03:20.71449 [BEGIN] 01 CFE-STARTUP
1980-012-14:03:20.74114 CFE_ES_ParseFileEntry: Loading shared library: /cf/sample_lib.so
SAMPLE Lib Initialized.Sample Lib v7.0.0+dev1 (Draco) DEV BUILD, based on v7.0.1, EDS disabled
1980-012-14:03:20.77167 CFE_ES_ParseFileEntry: Loading file: /cf/sch_lab.so, APP: SCH_LAB
1980-012-14:03:20.80461 CFE_ES_ParseFileEntry: Loading file: /cf/ci_lab.so, APP: CI_LAB
1980-012-14:03:20.83974 CFE_ES_ParseFileEntry: Loading file: /cf/to_lab.so, APP: TO_LAB
SCH Lab Initialized.SCH Lab v7.0.1+dev1 (Draco) DEV BUILD, based on v7.0.1, EDS disabled
1980-012-14:03:20.93639 CFE_ES_ParseFileEntry: Loading file: /cf/sample_app.so, APP: SAMPLE_APP
EVS Port1 1980-012-14:03:20.93737 66/1/TO_LAB 1: TO Lab Initialized.TO Lab v7.0.1+dev1 (Draco) DEV BUILD, based on v7.0.1, EDS disabled, Awaiting enable command.
EVS Port1 1980-012-14:03:20.94848 66/1/CFE_SB 14: No subscribers for MsgId 0x808,sender TO_LAB
EVS Port1 1980-012-14:03:21.06210 66/1/SAMPLE_APP 1: Sample App Initialized.Sample App v7.0.0+dev1 (Draco) DEV BUILD, based on v7.0.1, EDS disabled
1980-012-14:03:21.07392 CFE_ES_ParseFileEntry: Loading file: /cf/ai_learner.so, APP: AI_LEARNER
1980-012-14:03:21.10322 CI_LAB listening on UDP port: 1234
EVS Port1 1980-012-14:03:21.10633 66/1/CI_LAB 3: CI Lab Initialized.CI Lab App v7.0.1+dev1 (Draco) DEV BUILD, based on v7.0.1, EDS disabled
1980-012-14:03:21.14198 CFE_ES_ParseFileEntry: Loading file: /cf/lc.so, APP: LC
1980-012-14:03:21.17786 CFE_ES_ParseFileEntry: Loading file: /cf/cf.so, APP: CF
{"app":"AI_LEARNER","stage":"build_config","model":"b3_deepae","allow_conditional_map":0,"contract_bounded_bytes":1069632,"contract_per_call_bytes":6208,"contract_const_bytes":1063424,"contract_bound_known":true,"contract_artifact_sha256":"9ff64bd168e07135c196423d44408e7780984c977912b67c8240c0db522c4d7c"}
{"app":"AI_LEARNER","stage":"stack","es_stack_size":262160,"stack_base_bytes":262144,"contract_kernel_stack_bytes":16,"kernel_stack_accounted":true}
EVS Port1 1980-012-14:03:21.19140 66/1/AI_LEARNER 8: AI_LEARNER stack: es=262160 base=262144 kernel=16 accounted=1
{"app":"AI_LEARNER","stage":"admission","verdict":"ADMIT","model":"b3_deepae","target":"aarch64-unknown-linux-gnu","bounded":1069632,"budget":2097152,"budget_source":"override","per_call":6208,"constants":1063424,"kernel_stack_bytes":16,"bound_known":true,"scope":"per_app_local_budget"}
EVS Port1 1980-012-14:03:21.24935 66/1/LC 56: WDT verify results: good = 0, bad = 0, unused = 176
EVS Port1 1980-012-14:03:21.28405 66/1/LC 66: ADT verify results: good = 0, bad = 0, unused = 176
EVS Port1 1980-012-14:03:21.29132 66/1/LC 23: LC use of Critical Data Store disabled, activity mask = 0x00991990
EVS Port1 1980-012-14:03:21.29426 66/1/LC 2: LC Initialized. Version 7.0.1.255
1980-012-14:03:21.29723 CFE_ES_ParseFileEntry: Loading file: /cf/ds.so, APP: DS
EVS Port1 1980-012-14:03:21.35197 66/1/CF 20: CF Initialized. Version 7.0.1.255
1980-012-14:03:21.39225 CFE_ES_ParseFileEntry: Loading file: /cf/fm.so, APP: FM
EVS Port1 1980-012-14:03:21.44932 66/1/DS 10: Destination file table verify results: good entries = 6, bad = 0, unused = 10
EVS Port1 1980-012-14:03:21.46441 66/1/DS 12: Filter table verify results: good entries = 14, bad = 0, unused = 242
EVS Port1 1980-012-14:03:21.47871 66/1/DS 1: Application initialized, version 7.0.1.255, data at 0xfa76a5bd0460
1980-012-14:03:21.49122 CFE_ES_ParseFileEntry: Loading file: /cf/hk.so, APP: HK
EVS Port1 1980-012-14:03:21.51246 66/1/FM 80: Free Space Table verify results: good entries = 3, bad = 0, unused = 5
EVS Port1 1980-012-14:03:21.53530 66/1/FM 1: Initialization complete: version 7.0.1.255
1980-012-14:03:21.56950 CFE_ES_ParseFileEntry: Loading file: /cf/hs.so, APP: HS
EVS Port1 1980-012-14:03:21.59118 66/1/FM 72: Child Task initialization complete
EVS Port1 1980-012-14:03:21.62721 66/1/HK 1: HK Initialized.  Version 7.0.1.255
1980-012-14:03:21.68516 CFE_ES_ParseFileEntry: Loading file: /cf/mm.so, APP: MM
{"app":"AI_LEARNER","stage":"binding","verdict":"MATCH","artifact_bytes":1080730,"artifact_sha256":"9ff64bd168e07135","contract_sha256":"9ff64bd168e07135"}
EVS Port1 1980-012-14:03:21.71842 66/1/HS 54: ExeCount verify results: good = 5, bad = 0, unused = 27
EVS Port1 1980-012-14:03:21.74929 66/1/HS 50: AppMon verify results: good = 0, bad = 0, unused = 32
EVS Port1 1980-012-14:03:21.78643 66/1/HS 52: EventMon verify results: good = 0, bad = 0, unused = 16
EVS Port1 1980-012-14:03:21.82325 66/1/MM 1: MM Initialized. Version 7.0.1.255
EVS Port1 1980-012-14:03:21.83663 66/1/HS 56: MsgActs verify results: good = 2, bad = 0, unused = 6
1980-012-14:03:21.86554 HS_SysMonInit(): System Monitor using PSP device ID 0110ff05
1980-012-14:03:21.94100 CFE_ES_ParseFileEntry: Loading file: /cf/sc.so, APP: SC
CFE_PSP(Linux_SysMon): Started CPU utilization monitoring on 1 CPU(s)
EVS Port1 1980-012-14:03:21.95098 66/1/HS 1: HS Initialized.  Version 7.0.1.255
1980-012-14:03:22.03000 CFE_ES_ParseFileEntry: Loading file: /cf/md.so, APP: MD
{"app":"AI_LEARNER","stage":"map_branch","model":"b3_deepae","module_ptr_mod64":0,"hal_peak_after_append":0,"contract_const_bytes":1063424,"contract_per_call_bytes":6208,"arm":"map","admission_mode":"unconditional"}
{"app":"AI_LEARNER","stage":"mem_init","model":"b3_deepae","target":"aarch64-unknown-linux-gnu","hal_peak":2560,"hal_allocated":2560,"bounded":1069632,"peak_within_bounded":true,"inferences_so_far":0,"process_rss_kb":8052,"rss_kb_before_runtime":7432,"rss_kb_after_session":7736,"rss_kb_after_init":8052}
{"app":"AI_LEARNER","stage":"e25_mode","active":false,"inputs_path":"/cf/e25_inputs.bin"}
EVS Port1 1980-012-14:03:22.08401 66/1/AI_LEARNER 3: AI_LEARNER initialized: model b3_deepae (1080730 B), rss_delta_init=620 KB
EVS Port1 1980-012-14:03:22.09709 66/1/SC 21: RTS table files not loaded at initialization = 0 of 4
EVS Port1 1980-012-14:03:22.10224 66/1/SC 9: SC Initialized. Version 7.0.1.255
1980-012-14:03:22.11115 CFE_ES_ParseFileEntry: Loading file: /cf/cs.so, APP: CS
EVS Port1 1980-012-14:03:22.13412 66/1/MD 52: MD Dwell Tbl verify results: good = 0, bad = 0, unused = 25
EVS Port1 1980-012-14:03:22.14085 66/1/MD 52: MD Dwell Tbl verify results: good = 0, bad = 0, unused = 25
EVS Port1 1980-012-14:03:22.14575 66/1/MD 52: MD Dwell Tbl verify results: good = 0, bad = 0, unused = 25
EVS Port1 1980-012-14:03:22.15318 66/1/MD 52: MD Dwell Tbl verify results: good = 0, bad = 0, unused = 25
EVS Port1 1980-012-14:03:22.15701 66/1/MD 7: Dwell Tables Recovered: 0, Dwell Tables Initialized: 4
EVS Port1 1980-012-14:03:22.15800 66/1/MD 1: MD Initialized.  Version 7.0.1.255
EVS Port1 1980-012-14:03:22.19523 66/1/CS 144: CS EEPROM Table verification results: good = 0, bad = 0, unused = 16
EVS Port1 1980-012-14:03:22.19937 66/1/CS 107: CS EEPROM Table: No valid entries in the table
EVS Port1 1980-012-14:03:22.20452 66/1/CS 143: CS Memory Table verification results: good = 0, bad = 0, unused = 16
EVS Port1 1980-012-14:03:22.20684 66/1/CS 107: CS Memory Table: No valid entries in the table
EVS Port1 1980-012-14:03:22.21421 66/1/CS 139: CS Tables Table verification results: good = 1, bad = 0, unused = 23
EVS Port1 1980-012-14:03:22.22491 66/1/CS 142: CS Apps Table verification results: good = 0, bad = 0, unused = 24
EVS Port1 1980-012-14:03:22.22897 66/1/CS 108: CS Apps Table: No valid entries in the table
EVS Port1 1980-012-14:03:22.23127 66/1/CS 127: OS Text Segment disabled due to platform
EVS Port1 1980-012-14:03:22.23295 66/1/CS 1: CS Initialized. Version 7.0.1.255
1980-012-14:03:22.28690 CFE_ES_Main: CFE_ES_Main entering APPS_INIT state
1980-012-14:03:22.29137 CFE_ES_Main: CFE_ES_Main entering OPERATIONAL state
EVS Port1 1980-012-14:03:22.30438 66/1/TO_LAB 19: L550 TO Lab subscribed to 32 messages from the table
EVS Port1 1980-012-14:03:23.01226 66/1/CFE_TIME 21: Stop FLYWHEEL
EVS Port1 1980-012-14:03:25.92080 66/1/AI_LEARNER 4: AI_LEARNER completed=1/1 mean=158905.2us max=158905.2us hal_peak=6208 within_bounded=1
{"app":"AI_LEARNER","stage":"run","model":"b3_deepae","target":"aarch64-unknown-linux-gnu","attempted":1,"completed":1,"fail_input":0,"fail_invoke":0,"fail_output":0,"mean_us":158905.25,"max_us":158905.25,"last_us":158905.25,"out0":-34.87360,"out":[-34.873596,-19.235809,-10.670241,-6.032131,-3.138688,1.502371,-0.848881,-2.360470,-5.881145,-6.849648,-8.311975,-7.661052,-7.138925,-5.638587,-7.487017,-9.514207,-12.109904,-10.710569,-9.064454,-7.312992,-8.944057,-10.110032,-15.072167,-13.580499,-11.925179,-14.828443,-20.857281,-20.669159,-18.231379,-15.074857,-15.748715,-15.618286,-16.932816,-16.269407,-17.648027,-17.573067,-16.171331,-13.407449,-14.797647,-15.310858,-15.373960,-14.607322,-16.244017,-13.646300,-13.522945,-15.429333,-14.890758,-16.880779,-16.73
{"app":"AI_LEARNER","stage":"mem","model":"b3_deepae","target":"aarch64-unknown-linux-gnu","completed":1,"hal_peak":6208,"peak_within_bounded":true,"admitted_budget_bytes":2097152,"peak_within_admitted_budget":true,"admission_mode":"unconditional","hal_bytes_per_call_amortized":6208.0,"process_rss_kb":8204,"process_rss_delta_init_kb":620}
.EVS Port1 1980-012-14:03:29.82203 66/1/AI_LEARNER 4: AI_LEARNER completed=2/2 mean=96424.3us max=158905.2us hal_peak=6208 within_bounded=1
{"app":"AI_LEARNER","stage":"run","model":"b3_deepae","target":"aarch64-unknown-linux-gnu","attempted":2,"completed":2,"fail_input":0,"fail_invoke":0,"fail_output":0,"mean_us":96424.30,"max_us":158905.25,"last_us":33943.36,"out0":-34.87360,"out":[-34.873596,-19.235809,-10.670241,-6.032131,-3.138688,1.502371,-0.848881,-2.360470,-5.881145,-6.849648,-8.311975,-7.661052,-7.138925,-5.638587,-7.487017,-9.514207,-12.109904,-10.710569,-9.064454,-7.312992,-8.944057,-10.110032,-15.072167,-13.580499,-11.925179,-14.828443,-20.857281,-20.669159,-18.231379,-15.074857,-15.748715,-15.618286,-16.932816,-16.269407,-17.648027,-17.573067,-16.171331,-13.407449,-14.797647,-15.310858,-15.373960,-14.607322,-16.244017,-13.646300,-13.522945,-15.429333,-14.890758,-16.880779,-16.7300
{"app":"AI_LEARNER","stage":"mem","model":"b3_deepae","target":"aarch64-unknown-linux-gnu","completed":2,"hal_peak":6208,"peak_within_bounded":true,"admitted_budget_bytes":2097152,"peak_within_admitted_budget":true,"admission_mode":"unconditional","hal_bytes_per_call_amortized":4928.0,"process_rss_kb":8204,"process_rss_delta_init_kb":620}
EVS Port1 1980-012-14:03:31.00405 66/1/CFE_TIME 21: Stop FLYWHEEL
EVS Port1 1980-012-14:03:32.00245 66/1/CFE_TIME 20: Start FLYWHEEL
EVS Port1 1980-012-14:03:33.75175 66/1/AI_LEARNER 4: AI_LEARNER completed=3/3 mean=71466.1us max=158905.2us hal_peak=6208 within_bounded=1
{"app":"AI_LEARNER","stage":"run","model":"b3_deepae","target":"aarch64-unknown-linux-gnu","attempted":3,"completed":3,"fail_input":0,"fail_invoke":0,"fail_output":0,"mean_us":71466.07,"max_us":158905.25,"last_us":21549.62,"out0":-34.87360,"out":[-34.873596,-19.235809,-10.670241,-6.032131,-3.138688,1.502371,-0.848881,-2.360470,-5.881145,-6.849648,-8.311975,-7.661052,-7.138925,-5.638587,-7.487017,-9.514207,-12.109904,-10.710569,-9.064454,-7.312992,-8.944057,-10.110032,-15.072167,-13.580499,-11.925179,-14.828443,-20.857281,-20.669159,-18.231379,-15.074857,-15.748715,-15.618286,-16.932816,-16.269407,-17.648027,-17.573067,-16.171331,-13.407449,-14.797647,-15.310858,-15.373960,-14.607322,-16.244017,-13.646300,-13.522945,-15.429333,-14.890758,-16.880779,-16.7300
{"app":"AI_LEARNER","stage":"mem","model":"b3_deepae","target":"aarch64-unknown-linux-gnu","completed":3,"hal_peak":6208,"peak_within_bounded":true,"admitted_budget_bytes":2097152,"peak_within_admitted_budget":true,"admission_mode":"unconditional","hal_bytes_per_call_amortized":4501.3,"process_rss_kb":8208,"process_rss_delta_init_kb":620}
.EVS Port1 1980-012-14:03:36.00288 66/1/CFE_TIME 21: Stop FLYWHEEL
EVS Port1 1980-012-14:03:37.00375 66/1/CFE_TIME 20: Start FLYWHEEL
{"app":"AI_LEARNER","stage":"run","model":"b3_deepae","target":"aarch64-unknown-linux-gnu","attempted":4,"completed":4,"fail_input":0,"fail_invoke":0,"fail_output":0,"mean_us":55362.35,"max_us":158905.25,"last_us":7051.17,"out0":-34.87360,"out":[-34.873596,-19.235809,-10.670241,-6.032131,-3.138688,1.502371,-0.848881,-2.360470,-5.881145,-6.849648,-8.311975,-7.661052,-7.138925,-5.638587,-7.487017,-9.514207,-12.109904,-10.710569,-9.064454,-7.312992,-8.944057,-10.110032,-15.072167,-13.580499,-11.925179,-14.828443,-20.857281,-20.669159,-18.231379,-15.074857,-15.748715,-15.618286,-16.932816,-16.269407,-17.648027,-17.573067,-16.171331,-13.407449,-14.797647,-15.310858,-15.373960,-14.607322,-16.244017,-13.646300,-13.522945,-15.429333,-14.890758,-16.880779,-16.73002
EVS Port1 1980-012-14:03:37.72648 66/1/AI_LEARNER 4: AI_LEARNER completed=4/4 mean=55362.3us max=158905.2us hal_peak=6208 within_bounded=1
{"app":"AI_LEARNER","stage":"mem","model":"b3_deepae","target":"aarch64-unknown-linux-gnu","completed":4,"hal_peak":6208,"peak_within_bounded":true,"admitted_budget_bytes":2097152,"peak_within_admitted_budget":true,"admission_mode":"unconditional","hal_bytes_per_call_amortized":4288.0,"process_rss_kb":8208,"process_rss_delta_init_kb":620}
.EVS Port1 1980-012-14:03:41.75422 66/1/AI_LEARNER 4: AI_LEARNER completed=5/5 mean=47499.1us max=158905.2us hal_peak=6208 within_bounded=1
{"app":"AI_LEARNER","stage":"run","model":"b3_deepae","target":"aarch64-unknown-linux-gnu","attempted":5,"completed":5,"fail_input":0,"fail_invoke":0,"fail_output":0,"mean_us":47499.08,"max_us":158905.25,"last_us":16045.98,"out0":-34.87360,"out":[-34.873596,-19.235809,-10.670241,-6.032131,-3.138688,1.502371,-0.848881,-2.360470,-5.881145,-6.849648,-8.311975,-7.661052,-7.138925,-5.638587,-7.487017,-9.514207,-12.109904,-10.710569,-9.064454,-7.312992,-8.944057,-10.110032,-15.072167,-13.580499,-11.925179,-14.828443,-20.857281,-20.669159,-18.231379,-15.074857,-15.748715,-15.618286,-16.932816,-16.269407,-17.648027,-17.573067,-16.171331,-13.407449,-14.797647,-15.310858,-15.373960,-14.607322,-16.244017,-13.646300,-13.522945,-15.429333,-14.890758,-16.880779,-16.7300
{"app":"AI_LEARNER","stage":"mem","model":"b3_deepae","target":"aarch64-unknown-linux-gnu","completed":5,"hal_peak":6208,"peak_within_bounded":true,"admitted_budget_bytes":2097152,"peak_within_admitted_budget":true,"admission_mode":"unconditional","hal_bytes_per_call_amortized":4160.0,"process_rss_kb":8208,"process_rss_delta_init_kb":620}
EVS Port1 1980-012-14:03:44.00268 66/1/CFE_TIME 21: Stop FLYWHEEL
EVS Port1 1980-012-14:03:45.03918 66/1/CFE_TIME 20: Start FLYWHEEL
EVS Port1 1980-012-14:03:45.79618 66/1/AI_LEARNER 4: AI_LEARNER completed=6/6 mean=40959.3us max=158905.2us hal_peak=6208 within_bounded=1
{"app":"AI_LEARNER","stage":"run","model":"b3_deepae","target":"aarch64-unknown-linux-gnu","attempted":6,"completed":6,"fail_input":0,"fail_invoke":0,"fail_output":0,"mean_us":40959.33,"max_us":158905.25,"last_us":8260.62,"out0":-34.87360,"out":[-34.873596,-19.235809,-10.670241,-6.032131,-3.138688,1.502371,-0.848881,-2.360470,-5.881145,-6.849648,-8.311975,-7.661052,-7.138925,-5.638587,-7.487017,-9.514207,-12.109904,-10.710569,-9.064454,-7.312992,-8.944057,-10.110032,-15.072167,-13.580499,-11.925179,-14.828443,-20.857281,-20.669159,-18.231379,-15.074857,-15.748715,-15.618286,-16.932816,-16.269407,-17.648027,-17.573067,-16.171331,-13.407449,-14.797647,-15.310858,-15.373960,-14.607322,-16.244017,-13.646300,-13.522945,-15.429333,-14.890758,-16.880779,-16.73002
{"app":"AI_LEARNER","stage":"mem","model":"b3_deepae","target":"aarch64-unknown-linux-gnu","completed":6,"hal_peak":6208,"peak_within_bounded":true,"admitted_budget_bytes":2097152,"peak_within_admitted_budget":true,"admission_mode":"unconditional","hal_bytes_per_call_amortized":4074.7,"process_rss_kb":8208,"process_rss_delta_init_kb":620}
EVS Port1 1980-012-14:03:46.00532 66/1/CFE_TIME 21: Stop FLYWHEEL
.EVS Port1 1980-012-14:03:46.99984 66/1/CFE_TIME 20: Start FLYWHEEL
EVS Port1 1980-012-14:03:49.75820 66/1/AI_LEARNER 4: AI_LEARNER completed=7/7 mean=38454.4us max=158905.2us hal_peak=6208 within_bounded=1
{"app":"AI_LEARNER","stage":"run","model":"b3_deepae","target":"aarch64-unknown-linux-gnu","attempted":7,"completed":7,"fail_input":0,"fail_invoke":0,"fail_output":0,"mean_us":38454.42,"max_us":158905.25,"last_us":23424.94,"out0":-34.87360,"out":[-34.873596,-19.235809,-10.670241,-6.032131,-3.138688,1.502371,-0.848881,-2.360470,-5.881145,-6.849648,-8.311975,-7.661052,-7.138925,-5.638587,-7.487017,-9.514207,-12.109904,-10.710569,-9.064454,-7.312992,-8.944057,-10.110032,-15.072167,-13.580499,-11.925179,-14.828443,-20.857281,-20.669159,-18.231379,-15.074857,-15.748715,-15.618286,-16.932816,-16.269407,-17.648027,-17.573067,-16.171331,-13.407449,-14.797647,-15.310858,-15.373960,-14.607322,-16.244017,-13.646300,-13.522945,-15.429333,-14.890758,-16.880779,-16.7300
{"app":"AI_LEARNER","stage":"mem","model":"b3_deepae","target":"aarch64-unknown-linux-gnu","completed":7,"hal_peak":6208,"peak_within_bounded":true,"admitted_budget_bytes":2097152,"peak_within_admitted_budget":true,"admission_mode":"unconditional","hal_bytes_per_call_amortized":4013.7,"process_rss_kb":8208,"process_rss_delta_init_kb":620}
.EVS Port1 1980-012-14:03:53.79371 66/1/AI_LEARNER 4: AI_LEARNER completed=8/8 mean=37978.6us max=158905.2us hal_peak=6208 within_bounded=1
{"app":"AI_LEARNER","stage":"run","model":"b3_deepae","target":"aarch64-unknown-linux-gnu","attempted":8,"completed":8,"fail_input":0,"fail_invoke":0,"fail_output":0,"mean_us":37978.63,"max_us":158905.25,"last_us":34648.08,"out0":-34.87360,"out":[-34.873596,-19.235809,-10.670241,-6.032131,-3.138688,1.502371,-0.848881,-2.360470,-5.881145,-6.849648,-8.311975,-7.661052,-7.138925,-5.638587,-7.487017,-9.514207,-12.109904,-10.710569,-9.064454,-7.312992,-8.944057,-10.110032,-15.072167,-13.580499,-11.925179,-14.828443,-20.857281,-20.669159,-18.231379,-15.074857,-15.748715,-15.618286,-16.932816,-16.269407,-17.648027,-17.573067,-16.171331,-13.407449,-14.797647,-15.310858,-15.373960,-14.607322,-16.244017,-13.646300,-13.522945,-15.429333,-14.890758,-16.880779,-16.7300
{"app":"AI_LEARNER","stage":"mem","model":"b3_deepae","target":"aarch64-unknown-linux-gnu","completed":8,"hal_peak":6208,"peak_within_bounded":true,"admitted_budget_bytes":2097152,"peak_within_admitted_budget":true,"admission_mode":"unconditional","hal_bytes_per_call_amortized":3968.0,"process_rss_kb":8208,"process_rss_delta_init_kb":620}
EVS Port1 1980-012-14:03:57.74632 66/1/AI_LEARNER 4: AI_LEARNER completed=9/9 mean=35762.5us max=158905.2us hal_peak=6208 within_bounded=1
{"app":"AI_LEARNER","stage":"run","model":"b3_deepae","target":"aarch64-unknown-linux-gnu","attempted":9,"completed":9,"fail_input":0,"fail_invoke":0,"fail_output":0,"mean_us":35762.46,"max_us":158905.25,"last_us":18033.10,"out0":-34.87360,"out":[-34.873596,-19.235809,-10.670241,-6.032131,-3.138688,1.502371,-0.848881,-2.360470,-5.881145,-6.849648,-8.311975,-7.661052,-7.138925,-5.638587,-7.487017,-9.514207,-12.109904,-10.710569,-9.064454,-7.312992,-8.944057,-10.110032,-15.072167,-13.580499,-11.925179,-14.828443,-20.857281,-20.669159,-18.231379,-15.074857,-15.748715,-15.618286,-16.932816,-16.269407,-17.648027,-17.573067,-16.171331,-13.407449,-14.797647,-15.310858,-15.373960,-14.607322,-16.244017,-13.646300,-13.522945,-15.429333,-14.890758,-16.880779,-16.7300
{"app":"AI_LEARNER","stage":"mem","model":"b3_deepae","target":"aarch64-unknown-linux-gnu","completed":9,"hal_peak":6208,"peak_within_bounded":true,"admitted_budget_bytes":2097152,"peak_within_admitted_budget":true,"admission_mode":"unconditional","hal_bytes_per_call_amortized":3932.4,"process_rss_kb":8212,"process_rss_delta_init_kb":620}
.EVS Port1 1980-012-14:04:01.76812 66/1/AI_LEARNER 4: AI_LEARNER completed=10/10 mean=32890.4us max=158905.2us hal_peak=6208 within_bounded=1
{"app":"AI_LEARNER","stage":"run","model":"b3_deepae","target":"aarch64-unknown-linux-gnu","attempted":10,"completed":10,"fail_input":0,"fail_invoke":0,"fail_output":0,"mean_us":32890.36,"max_us":158905.25,"last_us":7041.52,"out0":-34.87360,"out":[-34.873596,-19.235809,-10.670241,-6.032131,-3.138688,1.502371,-0.848881,-2.360470,-5.881145,-6.849648,-8.311975,-7.661052,-7.138925,-5.638587,-7.487017,-9.514207,-12.109904,-10.710569,-9.064454,-7.312992,-8.944057,-10.110032,-15.072167,-13.580499,-11.925179,-14.828443,-20.857281,-20.669159,-18.231379,-15.074857,-15.748715,-15.618286,-16.932816,-16.269407,-17.648027,-17.573067,-16.171331,-13.407449,-14.797647,-15.310858,-15.373960,-14.607322,-16.244017,-13.646300,-13.522945,-15.429333,-14.890758,-16.880779,-16.730
{"app":"AI_LEARNER","stage":"mem","model":"b3_deepae","target":"aarch64-unknown-linux-gnu","completed":10,"hal_peak":6208,"peak_within_bounded":true,"admitted_budget_bytes":2097152,"peak_within_admitted_budget":true,"admission_mode":"unconditional","hal_bytes_per_call_amortized":3904.0,"process_rss_kb":8212,"process_rss_delta_init_kb":620}
EVS Port1 1980-012-14:04:03.01983 66/1/CFE_TIME 21: Stop FLYWHEEL
EVS Port1 1980-012-14:04:04.00010 66/1/CFE_TIME 20: Start FLYWHEEL
.EVS Port1 1980-012-14:04:06.06198 66/1/AI_LEARNER 4: AI_LEARNER completed=11/11 mean=33917.5us max=158905.2us hal_peak=6208 within_bounded=1
{"app":"AI_LEARNER","stage":"run","model":"b3_deepae","target":"aarch64-unknown-linux-gnu","attempted":11,"completed":11,"fail_input":0,"fail_invoke":0,"fail_output":0,"mean_us":33917.54,"max_us":158905.25,"last_us":44189.31,"out0":-34.87360,"out":[-34.873596,-19.235809,-10.670241,-6.032131,-3.138688,1.502371,-0.848881,-2.360470,-5.881145,-6.849648,-8.311975,-7.661052,-7.138925,-5.638587,-7.487017,-9.514207,-12.109904,-10.710569,-9.064454,-7.312992,-8.944057,-10.110032,-15.072167,-13.580499,-11.925179,-14.828443,-20.857281,-20.669159,-18.231379,-15.074857,-15.748715,-15.618286,-16.932816,-16.269407,-17.648027,-17.573067,-16.171331,-13.407449,-14.797647,-15.310858,-15.373960,-14.607322,-16.244017,-13.646300,-13.522945,-15.429333,-14.890758,-16.880779,-16.73
{"app":"AI_LEARNER","stage":"mem","model":"b3_deepae","target":"aarch64-unknown-linux-gnu","completed":11,"hal_peak":6208,"peak_within_bounded":true,"admitted_budget_bytes":2097152,"peak_within_admitted_budget":true,"admission_mode":"unconditional","hal_bytes_per_call_amortized":3880.7,"process_rss_kb":8212,"process_rss_delta_init_kb":620}
EVS Port1 1980-012-14:04:07.26675 66/1/CFE_TIME 20: Start FLYWHEEL
EVS Port1 1980-012-14:04:07.02725 66/1/CFE_TIME 21: Stop FLYWHEEL
EVS Port1 1980-012-14:04:09.74740 66/1/AI_LEARNER 4: AI_LEARNER completed=12/12 mean=32205.3us max=158905.2us hal_peak=6208 within_bounded=1
{"app":"AI_LEARNER","stage":"run","model":"b3_deepae","target":"aarch64-unknown-linux-gnu","attempted":12,"completed":12,"fail_input":0,"fail_invoke":0,"fail_output":0,"mean_us":32205.32,"max_us":158905.25,"last_us":13370.88,"out0":-34.87360,"out":[-34.873596,-19.235809,-10.670241,-6.032131,-3.138688,1.502371,-0.848881,-2.360470,-5.881145,-6.849648,-8.311975,-7.661052,-7.138925,-5.638587,-7.487017,-9.514207,-12.109904,-10.710569,-9.064454,-7.312992,-8.944057,-10.110032,-15.072167,-13.580499,-11.925179,-14.828443,-20.857281,-20.669159,-18.231379,-15.074857,-15.748715,-15.618286,-16.932816,-16.269407,-17.648027,-17.573067,-16.171331,-13.407449,-14.797647,-15.310858,-15.373960,-14.607322,-16.244017,-13.646300,-13.522945,-15.429333,-14.890758,-16.880779,-16.73
{"app":"AI_LEARNER","stage":"mem","model":"b3_deepae","target":"aarch64-unknown-linux-gnu","completed":12,"hal_peak":6208,"peak_within_bounded":true,"admitted_budget_bytes":2097152,"peak_within_admitted_budget":true,"admission_mode":"unconditional","hal_bytes_per_call_amortized":3861.3,"process_rss_kb":8212,"process_rss_delta_init_kb":620}
.EVS Port1 1980-012-14:04:13.00335 66/1/CFE_TIME 21: Stop FLYWHEEL
{"app":"AI_LEARNER","stage":"run","model":"b3_deepae","target":"aarch64-unknown-linux-gnu","attempted":13,"completed":13,"fail_input":0,"fail_invoke":0,"fail_output":0,"mean_us":32218.77,"max_us":158905.25,"last_us":32380.13,"out0":-34.87360,"out":[-34.873596,-19.235809,-10.670241,-6.032131,-3.138688,1.502371,-0.848881,-2.360470,-5.881145,-6.849648,-8.311975,-7.661052,-7.138925,-5.638587,-7.487017,-9.514207,-12.109904,-10.710569,-9.064454,-7.312992,-8.944057,-10.110032,-15.072167,-13.580499,-11.925179,-14.828443,-20.857281,-20.669159,-18.231379,-15.074857,-15.748715,-15.618286,-16.932816,-16.269407,-17.648027,-17.573067,-16.171331,-13.407449,-14.797647,-15.310858,-15.373960,-14.607322,-16.244017,-13.646300,-13.522945,-15.429333,-14.890758,-16.880779,-16.73
EVS Port1 1980-012-14:04:13.76797 66/1/AI_LEARNER 4: AI_LEARNER completed=13/13 mean=32218.8us max=158905.2us hal_peak=6208 within_bounded=1
{"app":"AI_LEARNER","stage":"mem","model":"b3_deepae","target":"aarch64-unknown-linux-gnu","completed":13,"hal_peak":6208,"peak_within_bounded":true,"admitted_budget_bytes":2097152,"peak_within_admitted_budget":true,"admission_mode":"unconditional","hal_bytes_per_call_amortized":3844.9,"process_rss_kb":8212,"process_rss_delta_init_kb":620}
EVS Port1 1980-012-14:04:13.98974 66/1/CFE_TIME 20: Start FLYWHEEL
.EVS Port1 1980-012-14:04:17.76615 66/1/AI_LEARNER 4: AI_LEARNER completed=14/14 mean=31435.2us max=158905.2us hal_peak=6208 within_bounded=1
{"app":"AI_LEARNER","stage":"run","model":"b3_deepae","target":"aarch64-unknown-linux-gnu","attempted":14,"completed":14,"fail_input":0,"fail_invoke":0,"fail_output":0,"mean_us":31435.21,"max_us":158905.25,"last_us":21248.99,"out0":-34.87360,"out":[-34.873596,-19.235809,-10.670241,-6.032131,-3.138688,1.502371,-0.848881,-2.360470,-5.881145,-6.849648,-8.311975,-7.661052,-7.138925,-5.638587,-7.487017,-9.514207,-12.109904,-10.710569,-9.064454,-7.312992,-8.944057,-10.110032,-15.072167,-13.580499,-11.925179,-14.828443,-20.857281,-20.669159,-18.231379,-15.074857,-15.748715,-15.618286,-16.932816,-16.269407,-17.648027,-17.573067,-16.171331,-13.407449,-14.797647,-15.310858,-15.373960,-14.607322,-16.244017,-13.646300,-13.522945,-15.429333,-14.890758,-16.880779,-16.73
{"app":"AI_LEARNER","stage":"mem","model":"b3_deepae","target":"aarch64-unknown-linux-gnu","completed":14,"hal_peak":6208,"peak_within_bounded":true,"admitted_budget_bytes":2097152,"peak_within_admitted_budget":true,"admission_mode":"unconditional","hal_bytes_per_call_amortized":3830.9,"process_rss_kb":8212,"process_rss_delta_init_kb":620}
EVS Port1 1980-012-14:04:21.77392 66/1/AI_LEARNER 4: AI_LEARNER completed=15/15 mean=31040.3us max=158905.2us hal_peak=6208 within_bounded=1
{"app":"AI_LEARNER","stage":"run","model":"b3_deepae","target":"aarch64-unknown-linux-gnu","attempted":15,"completed":15,"fail_input":0,"fail_invoke":0,"fail_output":0,"mean_us":31040.30,"max_us":158905.25,"last_us":25511.52,"out0":-34.87360,"out":[-34.873596,-19.235809,-10.670241,-6.032131,-3.138688,1.502371,-0.848881,-2.360470,-5.881145,-6.849648,-8.311975,-7.661052,-7.138925,-5.638587,-7.487017,-9.514207,-12.109904,-10.710569,-9.064454,-7.312992,-8.944057,-10.110032,-15.072167,-13.580499,-11.925179,-14.828443,-20.857281,-20.669159,-18.231379,-15.074857,-15.748715,-15.618286,-16.932816,-16.269407,-17.648027,-17.573067,-16.171331,-13.407449,-14.797647,-15.310858,-15.373960,-14.607322,-16.244017,-13.646300,-13.522945,-15.429333,-14.890758,-16.880779,-16.73
{"app":"AI_LEARNER","stage":"mem","model":"b3_deepae","target":"aarch64-unknown-linux-gnu","completed":15,"hal_peak":6208,"peak_within_bounded":true,"admitted_budget_bytes":2097152,"peak_within_admitted_budget":true,"admission_mode":"unconditional","hal_bytes_per_call_amortized":3818.7,"process_rss_kb":8212,"process_rss_delta_init_kb":620}
.EVS Port1 1980-012-14:04:25.84646 66/1/AI_LEARNER 4: AI_LEARNER completed=16/16 mean=30452.0us max=158905.2us hal_peak=6208 within_bounded=1
{"app":"AI_LEARNER","stage":"run","model":"b3_deepae","target":"aarch64-unknown-linux-gnu","attempted":16,"completed":16,"fail_input":0,"fail_invoke":0,"fail_output":0,"mean_us":30452.04,"max_us":158905.25,"last_us":21628.16,"out0":-34.87360,"out":[-34.873596,-19.235809,-10.670241,-6.032131,-3.138688,1.502371,-0.848881,-2.360470,-5.881145,-6.849648,-8.311975,-7.661052,-7.138925,-5.638587,-7.487017,-9.514207,-12.109904,-10.710569,-9.064454,-7.312992,-8.944057,-10.110032,-15.072167,-13.580499,-11.925179,-14.828443,-20.857281,-20.669159,-18.231379,-15.074857,-15.748715,-15.618286,-16.932816,-16.269407,-17.648027,-17.573067,-16.171331,-13.407449,-14.797647,-15.310858,-15.373960,-14.607322,-16.244017,-13.646300,-13.522945,-15.429333,-14.890758,-16.880779,-16.73
{"app":"AI_LEARNER","stage":"mem","model":"b3_deepae","target":"aarch64-unknown-linux-gnu","completed":16,"hal_peak":6208,"peak_within_bounded":true,"admitted_budget_bytes":2097152,"peak_within_admitted_budget":true,"admission_mode":"unconditional","hal_bytes_per_call_amortized":3808.0,"process_rss_kb":8212,"process_rss_delta_init_kb":620}
EVS Port1 1980-012-14:04:27.52401 66/1/CFE_TIME 20: Start FLYWHEEL
.EVS Port1 1980-012-14:04:30.42916 66/1/AI_LEARNER 4: AI_LEARNER completed=17/17 mean=30564.6us max=158905.2us hal_peak=6208 within_bounded=1
{"app":"AI_LEARNER","stage":"run","model":"b3_deepae","target":"aarch64-unknown-linux-gnu","attempted":17,"completed":17,"fail_input":0,"fail_invoke":0,"fail_output":0,"mean_us":30564.59,"max_us":158905.25,"last_us":32365.46,"out0":-34.87360,"out":[-34.873596,-19.235809,-10.670241,-6.032131,-3.138688,1.502371,-0.848881,-2.360470,-5.881145,-6.849648,-8.311975,-7.661052,-7.138925,-5.638587,-7.487017,-9.514207,-12.109904,-10.710569,-9.064454,-7.312992,-8.944057,-10.110032,-15.072167,-13.580499,-11.925179,-14.828443,-20.857281,-20.669159,-18.231379,-15.074857,-15.748715,-15.618286,-16.932816,-16.269407,-17.648027,-17.573067,-16.171331,-13.407449,-14.797647,-15.310858,-15.373960,-14.607322,-16.244017,-13.646300,-13.522945,-15.429333,-14.890758,-16.880779,-16.73
{"app":"AI_LEARNER","stage":"mem","model":"b3_deepae","target":"aarch64-unknown-linux-gnu","completed":17,"hal_peak":6208,"peak_within_bounded":true,"admitted_budget_bytes":2097152,"peak_within_admitted_budget":true,"admission_mode":"unconditional","hal_bytes_per_call_amortized":3798.6,"process_rss_kb":8212,"process_rss_delta_init_kb":620}
.{"app":"AI_LEARNER","stage":"run","model":"b3_deepae","target":"aarch64-unknown-linux-gnu","attempted":18,"completed":18,"fail_input":0,"fail_invoke":0,"fail_output":0,"mean_us":30243.27,"max_us":158905.25,"last_us":24780.69,"out0":-34.87360,"out":[-34.873596,-19.235809,-10.670241,-6.032131,-3.138688,1.502371,-0.848881,-2.360470,-5.881145,-6.849648,-8.311975,-7.661052,-7.138925,-5.638587,-7.487017,-9.514207,-12.109904,-10.710569,-9.064454,-7.312992,-8.944057,-10.110032,-15.072167,-13.580499,-11.925179,-14.828443,-20.857281,-20.669159,-18.231379,-15.074857,-15.748715,-15.618286,-16.932816,-16.269407,-17.648027,-17.573067,-16.171331,-13.407449,-14.797647,-15.310858,-15.373960,-14.607322,-16.244017,-13.646300,-13.522945,-15.429333,-14.890758,-16.880779,-16.73
EVS Port1 1980-012-14:04:35.16168 66/1/AI_LEARNER 4: AI_LEARNER completed=18/18 mean=30243.3us max=158905.2us hal_peak=6208 within_bounded=1
{"app":"AI_LEARNER","stage":"mem","model":"b3_deepae","target":"aarch64-unknown-linux-gnu","completed":18,"hal_peak":6208,"peak_within_bounded":true,"admitted_budget_bytes":2097152,"peak_within_admitted_budget":true,"admission_mode":"unconditional","hal_bytes_per_call_amortized":3790.2,"process_rss_kb":8212,"process_rss_delta_init_kb":620}
.EVS Port1 1980-012-14:04:40.07478 66/1/AI_LEARNER 4: AI_LEARNER completed=19/19 mean=32145.7us max=158905.2us hal_peak=6208 within_bounded=1
{"app":"AI_LEARNER","stage":"run","model":"b3_deepae","target":"aarch64-unknown-linux-gnu","attempted":19,"completed":19,"fail_input":0,"fail_invoke":0,"fail_output":0,"mean_us":32145.74,"max_us":158905.25,"last_us":66390.34,"out0":-34.87360,"out":[-34.873596,-19.235809,-10.670241,-6.032131,-3.138688,1.502371,-0.848881,-2.360470,-5.881145,-6.849648,-8.311975,-7.661052,-7.138925,-5.638587,-7.487017,-9.514207,-12.109904,-10.710569,-9.064454,-7.312992,-8.944057,-10.110032,-15.072167,-13.580499,-11.925179,-14.828443,-20.857281,-20.669159,-18.231379,-15.074857,-15.748715,-15.618286,-16.932816,-16.269407,-17.648027,-17.573067,-16.171331,-13.407449,-14.797647,-15.310858,-15.373960,-14.607322,-16.244017,-13.646300,-13.522945,-15.429333,-14.890758,-16.880779,-16.73
{"app":"AI_LEARNER","stage":"mem","model":"b3_deepae","target":"aarch64-unknown-linux-gnu","completed":19,"hal_peak":6208,"peak_within_bounded":true,"admitted_budget_bytes":2097152,"peak_within_admitted_budget":true,"admission_mode":"unconditional","hal_bytes_per_call_amortized":3782.7,"process_rss_kb":8212,"process_rss_delta_init_kb":620}
{"app":"AI_LEARNER","stage":"run","model":"b3_deepae","target":"aarch64-unknown-linux-gnu","attempted":20,"completed":20,"fail_input":0,"fail_invoke":0,"fail_output":0,"mean_us":31653.28,"max_us":158905.25,"last_us":22296.54,"out0":-34.87360,"out":[-34.873596,-19.235809,-10.670241,-6.032131,-3.138688,1.502371,-0.848881,-2.360470,-5.881145,-6.849648,-8.311975,-7.661052,-7.138925,-5.638587,-7.487017,-9.514207,-12.109904,-10.710569,-9.064454,-7.312992,-8.944057,-10.110032,-15.072167,-13.580499,-11.925179,-14.828443,-20.857281,-20.669159,-18.231379,-15.074857,-15.748715,-15.618286,-16.932816,-16.269407,-17.648027,-17.573067,-16.171331,-13.407449,-14.797647,-15.310858,-15.373960,-14.607322,-16.244017,-13.646300,-13.522945,-15.429333,-14.890758,-16.880779,-16.73
EVS Port1 1980-012-14:04:44.28164 66/1/AI_LEARNER 4: AI_LEARNER completed=20/20 mean=31653.3us max=158905.2us hal_peak=6208 within_bounded=1
{"app":"AI_LEARNER","stage":"mem","model":"b3_deepae","target":"aarch64-unknown-linux-gnu","completed":20,"hal_peak":6208,"peak_within_bounded":true,"admitted_budget_bytes":2097152,"peak_within_admitted_budget":true,"admission_mode":"unconditional","hal_bytes_per_call_amortized":3776.0,"process_rss_kb":8212,"process_rss_delta_init_kb":620}
.EVS Port1 1980-012-14:04:47.01086 66/1/CFE_TIME 21: Stop FLYWHEEL
EVS Port1 1980-012-14:04:47.92900 66/1/AI_LEARNER 4: AI_LEARNER completed=21/21 mean=34302.1us max=158905.2us hal_peak=6208 within_bounded=1
{"app":"AI_LEARNER","stage":"run","model":"b3_deepae","target":"aarch64-unknown-linux-gnu","attempted":21,"completed":21,"fail_input":0,"fail_invoke":0,"fail_output":0,"mean_us":34302.10,"max_us":158905.25,"last_us":87278.45,"out0":-34.87360,"out":[-34.873596,-19.235809,-10.670241,-6.032131,-3.138688,1.502371,-0.848881,-2.360470,-5.881145,-6.849648,-8.311975,-7.661052,-7.138925,-5.638587,-7.487017,-9.514207,-12.109904,-10.710569,-9.064454,-7.312992,-8.944057,-10.110032,-15.072167,-13.580499,-11.925179,-14.828443,-20.857281,-20.669159,-18.231379,-15.074857,-15.748715,-15.618286,-16.932816,-16.269407,-17.648027,-17.573067,-16.171331,-13.407449,-14.797647,-15.310858,-15.373960,-14.607322,-16.244017,-13.646300,-13.522945,-15.429333,-14.890758,-16.880779,-16.73
{"app":"AI_LEARNER","stage":"mem","model":"b3_deepae","target":"aarch64-unknown-linux-gnu","completed":21,"hal_peak":6208,"peak_within_bounded":true,"admitted_budget_bytes":2097152,"peak_within_admitted_budget":true,"admission_mode":"unconditional","hal_bytes_per_call_amortized":3769.9,"process_rss_kb":8212,"process_rss_delta_init_kb":620}
EVS Port1 1980-012-14:04:50.18800 66/1/CFE_TIME 20: Start FLYWHEEL
EVS Port1 1980-012-14:04:51.01286 66/1/CFE_TIME 21: Stop FLYWHEEL
.{"app":"AI_LEARNER","stage":"run","model":"b3_deepae","target":"aarch64-unknown-linux-gnu","attempted":22,"completed":22,"fail_input":0,"fail_invoke":0,"fail_output":0,"mean_us":33283.70,"max_us":158905.25,"last_us":11897.28,"out0":-34.87360,"out":[-34.873596,-19.235809,-10.670241,-6.032131,-3.138688,1.502371,-0.848881,-2.360470,-5.881145,-6.849648,-8.311975,-7.661052,-7.138925,-5.638587,-7.487017,-9.514207,-12.109904,-10.710569,-9.064454,-7.312992,-8.944057,-10.110032,-15.072167,-13.580499,-11.925179,-14.828443,-20.857281,-20.669159,-18.231379,-15.074857,-15.748715,-15.618286,-16.932816,-16.269407,-17.648027,-17.573067,-16.171331,-13.407449,-14.797647,-15.310858,-15.373960,-14.607322,-16.244017,-13.646300,-13.522945,-15.429333,-14.890758,-16.880779,-16.73
EVS Port1 1980-012-14:04:51.75685 66/1/AI_LEARNER 4: AI_LEARNER completed=22/22 mean=33283.7us max=158905.2us hal_peak=6208 within_bounded=1
{"app":"AI_LEARNER","stage":"mem","model":"b3_deepae","target":"aarch64-unknown-linux-gnu","completed":22,"hal_peak":6208,"peak_within_bounded":true,"admitted_budget_bytes":2097152,"peak_within_admitted_budget":true,"admission_mode":"unconditional","hal_bytes_per_call_amortized":3764.4,"process_rss_kb":8212,"process_rss_delta_init_kb":620}
EVS Port1 1980-012-14:04:55.99765 66/1/AI_LEARNER 4: AI_LEARNER completed=23/23 mean=33355.3us max=158905.2us hal_peak=6208 within_bounded=1
{"app":"AI_LEARNER","stage":"run","model":"b3_deepae","target":"aarch64-unknown-linux-gnu","attempted":23,"completed":23,"fail_input":0,"fail_invoke":0,"fail_output":0,"mean_us":33355.30,"max_us":158905.25,"last_us":34930.43,"out0":-34.87360,"out":[-34.873596,-19.235809,-10.670241,-6.032131,-3.138688,1.502371,-0.848881,-2.360470,-5.881145,-6.849648,-8.311975,-7.661052,-7.138925,-5.638587,-7.487017,-9.514207,-12.109904,-10.710569,-9.064454,-7.312992,-8.944057,-10.110032,-15.072167,-13.580499,-11.925179,-14.828443,-20.857281,-20.669159,-18.231379,-15.074857,-15.748715,-15.618286,-16.932816,-16.269407,-17.648027,-17.573067,-16.171331,-13.407449,-14.797647,-15.310858,-15.373960,-14.607322,-16.244017,-13.646300,-13.522945,-15.429333,-14.890758,-16.880779,-16.73
{"app":"AI_LEARNER","stage":"mem","model":"b3_deepae","target":"aarch64-unknown-linux-gnu","completed":23,"hal_peak":6208,"peak_within_bounded":true,"admitted_budget_bytes":2097152,"peak_within_admitted_budget":true,"admission_mode":"unconditional","hal_bytes_per_call_amortized":3759.3,"process_rss_kb":8212,"process_rss_delta_init_kb":620}
EVS Port1 1980-012-14:04:56.27664 66/1/CFE_TIME 20: Start FLYWHEEL
.EVS Port1 1980-012-14:05:01.65199 66/1/AI_LEARNER 4: AI_LEARNER completed=24/24 mean=35227.5us max=158905.2us hal_peak=6208 within_bounded=1
{"app":"AI_LEARNER","stage":"run","model":"b3_deepae","target":"aarch64-unknown-linux-gnu","attempted":24,"completed":24,"fail_input":0,"fail_invoke":0,"fail_output":0,"mean_us":35227.45,"max_us":158905.25,"last_us":78287.02,"out0":-34.87360,"out":[-34.873596,-19.235809,-10.670241,-6.032131,-3.138688,1.502371,-0.848881,-2.360470,-5.881145,-6.849648,-8.311975,-7.661052,-7.138925,-5.638587,-7.487017,-9.514207,-12.109904,-10.710569,-9.064454,-7.312992,-8.944057,-10.110032,-15.072167,-13.580499,-11.925179,-14.828443,-20.857281,-20.669159,-18.231379,-15.074857,-15.748715,-15.618286,-16.932816,-16.269407,-17.648027,-17.573067,-16.171331,-13.407449,-14.797647,-15.310858,-15.373960,-14.607322,-16.244017,-13.646300,-13.522945,-15.429333,-14.890758,-16.880779,-16.73
{"app":"AI_LEARNER","stage":"mem","model":"b3_deepae","target":"aarch64-unknown-linux-gnu","completed":24,"hal_peak":6208,"peak_within_bounded":true,"admitted_budget_bytes":2097152,"peak_within_admitted_budget":true,"admission_mode":"unconditional","hal_bytes_per_call_amortized":3754.7,"process_rss_kb":8212,"process_rss_delta_init_kb":620}
.EVS Port1 1980-012-14:05:07.30915 66/1/AI_LEARNER 4: AI_LEARNER completed=25/25 mean=35010.1us max=158905.2us hal_peak=6208 within_bounded=1
{"app":"AI_LEARNER","stage":"run","model":"b3_deepae","target":"aarch64-unknown-linux-gnu","attempted":25,"completed":25,"fail_input":0,"fail_invoke":0,"fail_output":0,"mean_us":35010.09,"max_us":158905.25,"last_us":29793.30,"out0":-34.87360,"out":[-34.873596,-19.235809,-10.670241,-6.032131,-3.138688,1.502371,-0.848881,-2.360470,-5.881145,-6.849648,-8.311975,-7.661052,-7.138925,-5.638587,-7.487017,-9.514207,-12.109904,-10.710569,-9.064454,-7.312992,-8.944057,-10.110032,-15.072167,-13.580499,-11.925179,-14.828443,-20.857281,-20.669159,-18.231379,-15.074857,-15.748715,-15.618286,-16.932816,-16.269407,-17.648027,-17.573067,-16.171331,-13.407449,-14.797647,-15.310858,-15.373960,-14.607322,-16.244017,-13.646300,-13.522945,-15.429333,-14.890758,-16.880779,-16.73
{"app":"AI_LEARNER","stage":"mem","model":"b3_deepae","target":"aarch64-unknown-linux-gnu","completed":25,"hal_peak":6208,"peak_within_bounded":true,"admitted_budget_bytes":2097152,"peak_within_admitted_budget":true,"admission_mode":"unconditional","hal_bytes_per_call_amortized":3750.4,"process_rss_kb":8212,"process_rss_delta_init_kb":620}
.EVS Port1 1980-012-14:05:11.53823 66/1/AI_LEARNER 4: AI_LEARNER completed=26/26 mean=34121.8us max=158905.2us hal_peak=6208 within_bounded=1
{"app":"AI_LEARNER","stage":"run","model":"b3_deepae","target":"aarch64-unknown-linux-gnu","attempted":26,"completed":26,"fail_input":0,"fail_invoke":0,"fail_output":0,"mean_us":34121.82,"max_us":158905.25,"last_us":11915.28,"out0":-34.87360,"out":[-34.873596,-19.235809,-10.670241,-6.032131,-3.138688,1.502371,-0.848881,-2.360470,-5.881145,-6.849648,-8.311975,-7.661052,-7.138925,-5.638587,-7.487017,-9.514207,-12.109904,-10.710569,-9.064454,-7.312992,-8.944057,-10.110032,-15.072167,-13.580499,-11.925179,-14.828443,-20.857281,-20.669159,-18.231379,-15.074857,-15.748715,-15.618286,-16.932816,-16.269407,-17.648027,-17.573067,-16.171331,-13.407449,-14.797647,-15.310858,-15.373960,-14.607322,-16.244017,-13.646300,-13.522945,-15.429333,-14.890758,-16.880779,-16.73
{"app":"AI_LEARNER","stage":"mem","model":"b3_deepae","target":"aarch64-unknown-linux-gnu","completed":26,"hal_peak":6208,"peak_within_bounded":true,"admitted_budget_bytes":2097152,"peak_within_admitted_budget":true,"admission_mode":"unconditional","hal_bytes_per_call_amortized":3746.5,"process_rss_kb":8212,"process_rss_delta_init_kb":620}
EVS Port1 1980-012-14:05:13.00294 66/1/CFE_TIME 21: Stop FLYWHEEL
.EVS Port1 1980-012-14:05:14.77130 66/1/AI_LEARNER 4: AI_LEARNER completed=27/27 mean=34094.9us max=158905.2us hal_peak=6208 within_bounded=1
{"app":"AI_LEARNER","stage":"run","model":"b3_deepae","target":"aarch64-unknown-linux-gnu","attempted":27,"completed":27,"fail_input":0,"fail_invoke":0,"fail_output":0,"mean_us":34094.94,"max_us":158905.25,"last_us":33396.00,"out0":-34.87360,"out":[-34.873596,-19.235809,-10.670241,-6.032131,-3.138688,1.502371,-0.848881,-2.360470,-5.881145,-6.849648,-8.311975,-7.661052,-7.138925,-5.638587,-7.487017,-9.514207,-12.109904,-10.710569,-9.064454,-7.312992,-8.944057,-10.110032,-15.072167,-13.580499,-11.925179,-14.828443,-20.857281,-20.669159,-18.231379,-15.074857,-15.748715,-15.618286,-16.932816,-16.269407,-17.648027,-17.573067,-16.171331,-13.407449,-14.797647,-15.310858,-15.373960,-14.607322,-16.244017,-13.646300,-13.522945,-15.429333,-14.890758,-16.880779,-16.73
{"app":"AI_LEARNER","stage":"mem","model":"b3_deepae","target":"aarch64-unknown-linux-gnu","completed":27,"hal_peak":6208,"peak_within_bounded":true,"admitted_budget_bytes":2097152,"peak_within_admitted_budget":true,"admission_mode":"unconditional","hal_bytes_per_call_amortized":3742.8,"process_rss_kb":8212,"process_rss_delta_init_kb":620}
EVS Port1 1980-012-14:05:18.01408 66/1/CFE_TIME 21: Stop FLYWHEEL
{"app":"AI_LEARNER","stage":"run","model":"b3_deepae","target":"aarch64-unknown-linux-gnu","attempted":28,"completed":28,"fail_input":0,"fail_invoke":0,"fail_output":0,"mean_us":33843.62,"max_us":158905.25,"last_us":27057.97,"out0":-34.87360,"out":[-34.873596,-19.235809,-10.670241,-6.032131,-3.138688,1.502371,-0.848881,-2.360470,-5.881145,-6.849648,-8.311975,-7.661052,-7.138925,-5.638587,-7.487017,-9.514207,-12.109904,-10.710569,-9.064454,-7.312992,-8.944057,-10.110032,-15.072167,-13.580499,-11.925179,-14.828443,-20.857281,-20.669159,-18.231379,-15.074857,-15.748715,-15.618286,-16.932816,-16.269407,-17.648027,-17.573067,-16.171331,-13.407449,-14.797647,-15.310858,-15.373960,-14.607322,-16.244017,-13.646300,-13.522945,-15.429333,-14.890758,-16.880779,-16.73
EVS Port1 1980-012-14:05:18.75706 66/1/AI_LEARNER 4: AI_LEARNER completed=28/28 mean=33843.6us max=158905.2us hal_peak=6208 within_bounded=1
{"app":"AI_LEARNER","stage":"mem","model":"b3_deepae","target":"aarch64-unknown-linux-gnu","completed":28,"hal_peak":6208,"peak_within_bounded":true,"admitted_budget_bytes":2097152,"peak_within_admitted_budget":true,"admission_mode":"unconditional","hal_bytes_per_call_amortized":3739.4,"process_rss_kb":8212,"process_rss_delta_init_kb":620}
EVS Port1 1980-012-14:05:18.99703 66/1/CFE_TIME 20: Start FLYWHEEL
.EVS Port1 1980-012-14:05:22.79019 66/1/AI_LEARNER 4: AI_LEARNER completed=29/29 mean=34307.7us max=158905.2us hal_peak=6208 within_bounded=1
{"app":"AI_LEARNER","stage":"run","model":"b3_deepae","target":"aarch64-unknown-linux-gnu","attempted":29,"completed":29,"fail_input":0,"fail_invoke":0,"fail_output":0,"mean_us":34307.65,"max_us":158905.25,"last_us":47300.54,"out0":-34.87360,"out":[-34.873596,-19.235809,-10.670241,-6.032131,-3.138688,1.502371,-0.848881,-2.360470,-5.881145,-6.849648,-8.311975,-7.661052,-7.138925,-5.638587,-7.487017,-9.514207,-12.109904,-10.710569,-9.064454,-7.312992,-8.944057,-10.110032,-15.072167,-13.580499,-11.925179,-14.828443,-20.857281,-20.669159,-18.231379,-15.074857,-15.748715,-15.618286,-16.932816,-16.269407,-17.648027,-17.573067,-16.171331,-13.407449,-14.797647,-15.310858,-15.373960,-14.607322,-16.244017,-13.646300,-13.522945,-15.429333,-14.890758,-16.880779,-16.73
{"app":"AI_LEARNER","stage":"mem","model":"b3_deepae","target":"aarch64-unknown-linux-gnu","completed":29,"hal_peak":6208,"peak_within_bounded":true,"admitted_budget_bytes":2097152,"peak_within_admitted_budget":true,"admission_mode":"unconditional","hal_bytes_per_call_amortized":3736.3,"process_rss_kb":8212,"process_rss_delta_init_kb":620}
.EVS Port1 1980-012-14:05:26.74601 66/1/AI_LEARNER 4: AI_LEARNER completed=30/30 mean=33881.0us max=158905.2us hal_peak=6208 within_bounded=1
{"app":"AI_LEARNER","stage":"run","model":"b3_deepae","target":"aarch64-unknown-linux-gnu","attempted":30,"completed":30,"fail_input":0,"fail_invoke":0,"fail_output":0,"mean_us":33881.03,"max_us":158905.25,"last_us":21509.06,"out0":-34.87360,"out":[-34.873596,-19.235809,-10.670241,-6.032131,-3.138688,1.502371,-0.848881,-2.360470,-5.881145,-6.849648,-8.311975,-7.661052,-7.138925,-5.638587,-7.487017,-9.514207,-12.109904,-10.710569,-9.064454,-7.312992,-8.944057,-10.110032,-15.072167,-13.580499,-11.925179,-14.828443,-20.857281,-20.669159,-18.231379,-15.074857,-15.748715,-15.618286,-16.932816,-16.269407,-17.648027,-17.573067,-16.171331,-13.407449,-14.797647,-15.310858,-15.373960,-14.607322,-16.244017,-13.646300,-13.522945,-15.429333,-14.890758,-16.880779,-16.73
{"app":"AI_LEARNER","stage":"mem","model":"b3_deepae","target":"aarch64-unknown-linux-gnu","completed":30,"hal_peak":6208,"peak_within_bounded":true,"admitted_budget_bytes":2097152,"peak_within_admitted_budget":true,"admission_mode":"unconditional","hal_bytes_per_call_amortized":3733.3,"process_rss_kb":8212,"process_rss_delta_init_kb":620}
EVS Port1 1980-012-14:05:30.17932 66/1/CFE_TIME 20: Start FLYWHEEL
EVS Port1 1980-012-14:05:30.00456 66/1/CFE_TIME 21: Stop FLYWHEEL
EVS Port1 1980-012-14:05:30.72845 66/1/AI_LEARNER 4: AI_LEARNER completed=31/31 mean=32998.0us max=158905.2us hal_peak=6208 within_bounded=1
{"app":"AI_LEARNER","stage":"run","model":"b3_deepae","target":"aarch64-unknown-linux-gnu","attempted":31,"completed":31,"fail_input":0,"fail_invoke":0,"fail_output":0,"mean_us":32998.03,"max_us":158905.25,"last_us":6507.95,"out0":-34.87360,"out":[-34.873596,-19.235809,-10.670241,-6.032131,-3.138688,1.502371,-0.848881,-2.360470,-5.881145,-6.849648,-8.311975,-7.661052,-7.138925,-5.638587,-7.487017,-9.514207,-12.109904,-10.710569,-9.064454,-7.312992,-8.944057,-10.110032,-15.072167,-13.580499,-11.925179,-14.828443,-20.857281,-20.669159,-18.231379,-15.074857,-15.748715,-15.618286,-16.932816,-16.269407,-17.648027,-17.573067,-16.171331,-13.407449,-14.797647,-15.310858,-15.373960,-14.607322,-16.244017,-13.646300,-13.522945,-15.429333,-14.890758,-16.880779,-16.730
{"app":"AI_LEARNER","stage":"mem","model":"b3_deepae","target":"aarch64-unknown-linux-gnu","completed":31,"hal_peak":6208,"peak_within_bounded":true,"admitted_budget_bytes":2097152,"peak_within_admitted_budget":true,"admission_mode":"unconditional","hal_bytes_per_call_amortized":3730.6,"process_rss_kb":8212,"process_rss_delta_init_kb":620}
.EVS Port1 1980-012-14:05:34.00238 66/1/CFE_TIME 21: Stop FLYWHEEL
EVS Port1 1980-012-14:05:34.73547 66/1/AI_LEARNER 4: AI_LEARNER completed=32/32 mean=32270.8us max=158905.2us hal_peak=6208 within_bounded=1
{"app":"AI_LEARNER","stage":"run","model":"b3_deepae","target":"aarch64-unknown-linux-gnu","attempted":32,"completed":32,"fail_input":0,"fail_invoke":0,"fail_output":0,"mean_us":32270.83,"max_us":158905.25,"last_us":9727.63,"out0":-34.87360,"out":[-34.873596,-19.235809,-10.670241,-6.032131,-3.138688,1.502371,-0.848881,-2.360470,-5.881145,-6.849648,-8.311975,-7.661052,-7.138925,-5.638587,-7.487017,-9.514207,-12.109904,-10.710569,-9.064454,-7.312992,-8.944057,-10.110032,-15.072167,-13.580499,-11.925179,-14.828443,-20.857281,-20.669159,-18.231379,-15.074857,-15.748715,-15.618286,-16.932816,-16.269407,-17.648027,-17.573067,-16.171331,-13.407449,-14.797647,-15.310858,-15.373960,-14.607322,-16.244017,-13.646300,-13.522945,-15.429333,-14.890758,-16.880779,-16.730
{"app":"AI_LEARNER","stage":"mem","model":"b3_deepae","target":"aarch64-unknown-linux-gnu","completed":32,"hal_peak":6208,"peak_within_bounded":true,"admitted_budget_bytes":2097152,"peak_within_admitted_budget":true,"admission_mode":"unconditional","hal_bytes_per_call_amortized":3728.0,"process_rss_kb":8212,"process_rss_delta_init_kb":620}
EVS Port1 1980-012-14:05:34.99993 66/1/CFE_TIME 20: Start FLYWHEEL
EVS Port1 1980-012-14:05:38.00271 66/1/CFE_TIME 21: Stop FLYWHEEL
.EVS Port1 1980-012-14:05:38.78553 66/1/AI_LEARNER 4: AI_LEARNER completed=33/33 mean=31831.3us max=158905.2us hal_peak=6208 within_bounded=1
{"app":"AI_LEARNER","stage":"run","model":"b3_deepae","target":"aarch64-unknown-linux-gnu","attempted":33,"completed":33,"fail_input":0,"fail_invoke":0,"fail_output":0,"mean_us":31831.27,"max_us":158905.25,"last_us":17765.28,"out0":-34.87360,"out":[-34.873596,-19.235809,-10.670241,-6.032131,-3.138688,1.502371,-0.848881,-2.360470,-5.881145,-6.849648,-8.311975,-7.661052,-7.138925,-5.638587,-7.487017,-9.514207,-12.109904,-10.710569,-9.064454,-7.312992,-8.944057,-10.110032,-15.072167,-13.580499,-11.925179,-14.828443,-20.857281,-20.669159,-18.231379,-15.074857,-15.748715,-15.618286,-16.932816,-16.269407,-17.648027,-17.573067,-16.171331,-13.407449,-14.797647,-15.310858,-15.373960,-14.607322,-16.244017,-13.646300,-13.522945,-15.429333,-14.890758,-16.880779,-16.73
{"app":"AI_LEARNER","stage":"mem","model":"b3_deepae","target":"aarch64-unknown-linux-gnu","completed":33,"hal_peak":6208,"peak_within_bounded":true,"admitted_budget_bytes":2097152,"peak_within_admitted_budget":true,"admission_mode":"unconditional","hal_bytes_per_call_amortized":3725.6,"process_rss_kb":8212,"process_rss_delta_init_kb":620}
EVS Port1 1980-012-14:05:39.01387 66/1/CFE_TIME 20: Start FLYWHEEL
{"app":"AI_LEARNER","stage":"run","model":"b3_deepae","target":"aarch64-unknown-linux-gnu","attempted":34,"completed":34,"fail_input":0,"fail_invoke":0,"fail_output":0,"mean_us":31490.15,"max_us":158905.25,"last_us":20233.10,"out0":-34.87360,"out":[-34.873596,-19.235809,-10.670241,-6.032131,-3.138688,1.502371,-0.848881,-2.360470,-5.881145,-6.849648,-8.311975,-7.661052,-7.138925,-5.638587,-7.487017,-9.514207,-12.109904,-10.710569,-9.064454,-7.312992,-8.944057,-10.110032,-15.072167,-13.580499,-11.925179,-14.828443,-20.857281,-20.669159,-18.231379,-15.074857,-15.748715,-15.618286,-16.932816,-16.269407,-17.648027,-17.573067,-16.171331,-13.407449,-14.797647,-15.310858,-15.373960,-14.607322,-16.244017,-13.646300,-13.522945,-15.429333,-14.890758,-16.880779,-16.73
EVS Port1 1980-012-14:05:42.78350 66/1/AI_LEARNER 4: AI_LEARNER completed=34/34 mean=31490.1us max=158905.2us hal_peak=6208 within_bounded=1
{"app":"AI_LEARNER","stage":"mem","model":"b3_deepae","target":"aarch64-unknown-linux-gnu","completed":34,"hal_peak":6208,"peak_within_bounded":true,"admitted_budget_bytes":2097152,"peak_within_admitted_budget":true,"admission_mode":"unconditional","hal_bytes_per_call_amortized":3723.3,"process_rss_kb":8212,"process_rss_delta_init_kb":620}
EVS Port1 1980-012-14:05:43.00373 66/1/CFE_TIME 21: Stop FLYWHEEL
EVS Port1 1980-012-14:05:43.99841 66/1/CFE_TIME 20: Start FLYWHEEL
.EVS Port1 1980-012-14:05:46.78573 66/1/AI_LEARNER 4: AI_LEARNER completed=35/35 mean=31103.1us max=158905.2us hal_peak=6208 within_bounded=1
{"app":"AI_LEARNER","stage":"run","model":"b3_deepae","target":"aarch64-unknown-linux-gnu","attempted":35,"completed":35,"fail_input":0,"fail_invoke":0,"fail_output":0,"mean_us":31103.13,"max_us":158905.25,"last_us":17944.69,"out0":-34.87360,"out":[-34.873596,-19.235809,-10.670241,-6.032131,-3.138688,1.502371,-0.848881,-2.360470,-5.881145,-6.849648,-8.311975,-7.661052,-7.138925,-5.638587,-7.487017,-9.514207,-12.109904,-10.710569,-9.064454,-7.312992,-8.944057,-10.110032,-15.072167,-13.580499,-11.925179,-14.828443,-20.857281,-20.669159,-18.231379,-15.074857,-15.748715,-15.618286,-16.932816,-16.269407,-17.648027,-17.573067,-16.171331,-13.407449,-14.797647,-15.310858,-15.373960,-14.607322,-16.244017,-13.646300,-13.522945,-15.429333,-14.890758,-16.880779,-16.73
{"app":"AI_LEARNER","stage":"mem","model":"b3_deepae","target":"aarch64-unknown-linux-gnu","completed":35,"hal_peak":6208,"peak_within_bounded":true,"admitted_budget_bytes":2097152,"peak_within_admitted_budget":true,"admission_mode":"unconditional","hal_bytes_per_call_amortized":3721.1,"process_rss_kb":8212,"process_rss_delta_init_kb":620}
.EVS Port1 1980-012-14:05:50.75433 66/1/AI_LEARNER 4: AI_LEARNER completed=36/36 mean=30825.0us max=158905.2us hal_peak=6208 within_bounded=1
{"app":"AI_LEARNER","stage":"run","model":"b3_deepae","target":"aarch64-unknown-linux-gnu","attempted":36,"completed":36,"fail_input":0,"fail_invoke":0,"fail_output":0,"mean_us":30825.00,"max_us":158905.25,"last_us":21090.24,"out0":-34.87360,"out":[-34.873596,-19.235809,-10.670241,-6.032131,-3.138688,1.502371,-0.848881,-2.360470,-5.881145,-6.849648,-8.311975,-7.661052,-7.138925,-5.638587,-7.487017,-9.514207,-12.109904,-10.710569,-9.064454,-7.312992,-8.944057,-10.110032,-15.072167,-13.580499,-11.925179,-14.828443,-20.857281,-20.669159,-18.231379,-15.074857,-15.748715,-15.618286,-16.932816,-16.269407,-17.648027,-17.573067,-16.171331,-13.407449,-14.797647,-15.310858,-15.373960,-14.607322,-16.244017,-13.646300,-13.522945,-15.429333,-14.890758,-16.880779,-16.73
{"app":"AI_LEARNER","stage":"mem","model":"b3_deepae","target":"aarch64-unknown-linux-gnu","completed":36,"hal_peak":6208,"peak_within_bounded":true,"admitted_budget_bytes":2097152,"peak_within_admitted_budget":true,"admission_mode":"unconditional","hal_bytes_per_call_amortized":3719.1,"process_rss_kb":8212,"process_rss_delta_init_kb":620}
EVS Port1 1980-012-14:05:54.75819 66/1/AI_LEARNER 4: AI_LEARNER completed=37/37 mean=30520.9us max=158905.2us hal_peak=6208 within_bounded=1
{"app":"AI_LEARNER","stage":"run","model":"b3_deepae","target":"aarch64-unknown-linux-gnu","attempted":37,"completed":37,"fail_input":0,"fail_invoke":0,"fail_output":0,"mean_us":30520.91,"max_us":158905.25,"last_us":19573.81,"out0":-34.87360,"out":[-34.873596,-19.235809,-10.670241,-6.032131,-3.138688,1.502371,-0.848881,-2.360470,-5.881145,-6.849648,-8.311975,-7.661052,-7.138925,-5.638587,-7.487017,-9.514207,-12.109904,-10.710569,-9.064454,-7.312992,-8.944057,-10.110032,-15.072167,-13.580499,-11.925179,-14.828443,-20.857281,-20.669159,-18.231379,-15.074857,-15.748715,-15.618286,-16.932816,-16.269407,-17.648027,-17.573067,-16.171331,-13.407449,-14.797647,-15.310858,-15.373960,-14.607322,-16.244017,-13.646300,-13.522945,-15.429333,-14.890758,-16.880779,-16.73
{"app":"AI_LEARNER","stage":"mem","model":"b3_deepae","target":"aarch64-unknown-linux-gnu","completed":37,"hal_peak":6208,"peak_within_bounded":true,"admitted_budget_bytes":2097152,"peak_within_admitted_budget":true,"admission_mode":"unconditional","hal_bytes_per_call_amortized":3717.2,"process_rss_kb":8212,"process_rss_delta_init_kb":620}
.EVS Port1 1980-012-14:05:58.00656 66/1/CFE_TIME 21: Stop FLYWHEEL
EVS Port1 1980-012-14:05:58.76144 66/1/AI_LEARNER 4: AI_LEARNER completed=38/38 mean=30138.2us max=158905.2us hal_peak=6208 within_bounded=1
{"app":"AI_LEARNER","stage":"run","model":"b3_deepae","target":"aarch64-unknown-linux-gnu","attempted":38,"completed":38,"fail_input":0,"fail_invoke":0,"fail_output":0,"mean_us":30138.17,"max_us":158905.25,"last_us":15976.86,"out0":-34.87360,"out":[-34.873596,-19.235809,-10.670241,-6.032131,-3.138688,1.502371,-0.848881,-2.360470,-5.881145,-6.849648,-8.311975,-7.661052,-7.138925,-5.638587,-7.487017,-9.514207,-12.109904,-10.710569,-9.064454,-7.312992,-8.944057,-10.110032,-15.072167,-13.580499,-11.925179,-14.828443,-20.857281,-20.669159,-18.231379,-15.074857,-15.748715,-15.618286,-16.932816,-16.269407,-17.648027,-17.573067,-16.171331,-13.407449,-14.797647,-15.310858,-15.373960,-14.607322,-16.244017,-13.646300,-13.522945,-15.429333,-14.890758,-16.880779,-16.73
{"app":"AI_LEARNER","stage":"mem","model":"b3_deepae","target":"aarch64-unknown-linux-gnu","completed":38,"hal_peak":6208,"peak_within_bounded":true,"admitted_budget_bytes":2097152,"peak_within_admitted_budget":true,"admission_mode":"unconditional","hal_bytes_per_call_amortized":3715.4,"process_rss_kb":8212,"process_rss_delta_init_kb":620}
EVS Port1 1980-012-14:05:59.00047 66/1/CFE_TIME 20: Start FLYWHEEL
.EVS Port1 1980-012-14:06:03.48744 66/1/AI_LEARNER 4: AI_LEARNER completed=39/39 mean=30540.7us max=158905.2us hal_peak=6208 within_bounded=1
{"app":"AI_LEARNER","stage":"run","model":"b3_deepae","target":"aarch64-unknown-linux-gnu","attempted":39,"completed":39,"fail_input":0,"fail_invoke":0,"fail_output":0,"mean_us":30540.72,"max_us":158905.25,"last_us":45837.60,"out0":-34.87360,"out":[-34.873596,-19.235809,-10.670241,-6.032131,-3.138688,1.502371,-0.848881,-2.360470,-5.881145,-6.849648,-8.311975,-7.661052,-7.138925,-5.638587,-7.487017,-9.514207,-12.109904,-10.710569,-9.064454,-7.312992,-8.944057,-10.110032,-15.072167,-13.580499,-11.925179,-14.828443,-20.857281,-20.669159,-18.231379,-15.074857,-15.748715,-15.618286,-16.932816,-16.269407,-17.648027,-17.573067,-16.171331,-13.407449,-14.797647,-15.310858,-15.373960,-14.607322,-16.244017,-13.646300,-13.522945,-15.429333,-14.890758,-16.880779,-16.73
{"app":"AI_LEARNER","stage":"mem","model":"b3_deepae","target":"aarch64-unknown-linux-gnu","completed":39,"hal_peak":6208,"peak_within_bounded":true,"admitted_budget_bytes":2097152,"peak_within_admitted_budget":true,"admission_mode":"unconditional","hal_bytes_per_call_amortized":3713.6,"process_rss_kb":8212,"process_rss_delta_init_kb":620}
EVS Port1 1980-012-14:06:03.84892 66/1/CFE_TIME 20: Start FLYWHEEL
EVS Port1 1980-012-14:06:07.00355 66/1/CFE_TIME 21: Stop FLYWHEEL
{"app":"AI_LEARNER","stage":"run","model":"b3_deepae","target":"aarch64-unknown-linux-gnu","attempted":40,"completed":40,"fail_input":0,"fail_invoke":0,"fail_output":0,"mean_us":30057.71,"max_us":158905.25,"last_us":11220.40,"out0":-34.87360,"out":[-34.873596,-19.235809,-10.670241,-6.032131,-3.138688,1.502371,-0.848881,-2.360470,-5.881145,-6.849648,-8.311975,-7.661052,-7.138925,-5.638587,-7.487017,-9.514207,-12.109904,-10.710569,-9.064454,-7.312992,-8.944057,-10.110032,-15.072167,-13.580499,-11.925179,-14.828443,-20.857281,-20.669159,-18.231379,-15.074857,-15.748715,-15.618286,-16.932816,-16.269407,-17.648027,-17.573067,-16.171331,-13.407449,-14.797647,-15.310858,-15.373960,-14.607322,-16.244017,-13.646300,-13.522945,-15.429333,-14.890758,-16.880779,-16.73
EVS Port1 1980-012-14:06:07.75404 66/1/AI_LEARNER 4: AI_LEARNER completed=40/40 mean=30057.7us max=158905.2us hal_peak=6208 within_bounded=1
{"app":"AI_LEARNER","stage":"mem","model":"b3_deepae","target":"aarch64-unknown-linux-gnu","completed":40,"hal_peak":6208,"peak_within_bounded":true,"admitted_budget_bytes":2097152,"peak_within_admitted_budget":true,"admission_mode":"unconditional","hal_bytes_per_call_amortized":3712.0,"process_rss_kb":8212,"process_rss_delta_init_kb":620}
.EVS Port1 1980-012-14:06:12.25865 66/1/AI_LEARNER 4: AI_LEARNER completed=41/41 mean=29750.3us max=158905.2us hal_peak=6208 within_bounded=1
{"app":"AI_LEARNER","stage":"run","model":"b3_deepae","target":"aarch64-unknown-linux-gnu","attempted":41,"completed":41,"fail_input":0,"fail_invoke":0,"fail_output":0,"mean_us":29750.28,"max_us":158905.25,"last_us":17452.94,"out0":-34.87360,"out":[-34.873596,-19.235809,-10.670241,-6.032131,-3.138688,1.502371,-0.848881,-2.360470,-5.881145,-6.849648,-8.311975,-7.661052,-7.138925,-5.638587,-7.487017,-9.514207,-12.109904,-10.710569,-9.064454,-7.312992,-8.944057,-10.110032,-15.072167,-13.580499,-11.925179,-14.828443,-20.857281,-20.669159,-18.231379,-15.074857,-15.748715,-15.618286,-16.932816,-16.269407,-17.648027,-17.573067,-16.171331,-13.407449,-14.797647,-15.310858,-15.373960,-14.607322,-16.244017,-13.646300,-13.522945,-15.429333,-14.890758,-16.880779,-16.73
{"app":"AI_LEARNER","stage":"mem","model":"b3_deepae","target":"aarch64-unknown-linux-gnu","completed":41,"hal_peak":6208,"peak_within_bounded":true,"admitted_budget_bytes":2097152,"peak_within_admitted_budget":true,"admission_mode":"unconditional","hal_bytes_per_call_amortized":3710.4,"process_rss_kb":8212,"process_rss_delta_init_kb":620}
EVS Port1 1980-012-14:06:12.50526 66/1/CFE_TIME 20: Start FLYWHEEL
.EVS Port1 1980-012-14:06:17.48757 66/1/AI_LEARNER 4: AI_LEARNER completed=42/42 mean=29398.5us max=158905.2us hal_peak=6208 within_bounded=1
{"app":"AI_LEARNER","stage":"run","model":"b3_deepae","target":"aarch64-unknown-linux-gnu","attempted":42,"completed":42,"fail_input":0,"fail_invoke":0,"fail_output":0,"mean_us":29398.49,"max_us":158905.25,"last_us":14975.20,"out0":-34.87360,"out":[-34.873596,-19.235809,-10.670241,-6.032131,-3.138688,1.502371,-0.848881,-2.360470,-5.881145,-6.849648,-8.311975,-7.661052,-7.138925,-5.638587,-7.487017,-9.514207,-12.109904,-10.710569,-9.064454,-7.312992,-8.944057,-10.110032,-15.072167,-13.580499,-11.925179,-14.828443,-20.857281,-20.669159,-18.231379,-15.074857,-15.748715,-15.618286,-16.932816,-16.269407,-17.648027,-17.573067,-16.171331,-13.407449,-14.797647,-15.310858,-15.373960,-14.607322,-16.244017,-13.646300,-13.522945,-15.429333,-14.890758,-16.880779,-16.73
{"app":"AI_LEARNER","stage":"mem","model":"b3_deepae","target":"aarch64-unknown-linux-gnu","completed":42,"hal_peak":6208,"peak_within_bounded":true,"admitted_budget_bytes":2097152,"peak_within_admitted_budget":true,"admission_mode":"unconditional","hal_bytes_per_call_amortized":3709.0,"process_rss_kb":8212,"process_rss_delta_init_kb":620}
.{"app":"AI_LEARNER","stage":"run","model":"b3_deepae","target":"aarch64-unknown-linux-gnu","attempted":43,"completed":43,"fail_input":0,"fail_invoke":0,"fail_output":0,"mean_us":29148.33,"max_us":158905.25,"last_us":18641.46,"out0":-34.87360,"out":[-34.873596,-19.235809,-10.670241,-6.032131,-3.138688,1.502371,-0.848881,-2.360470,-5.881145,-6.849648,-8.311975,-7.661052,-7.138925,-5.638587,-7.487017,-9.514207,-12.109904,-10.710569,-9.064454,-7.312992,-8.944057,-10.110032,-15.072167,-13.580499,-11.925179,-14.828443,-20.857281,-20.669159,-18.231379,-15.074857,-15.748715,-15.618286,-16.932816,-16.269407,-17.648027,-17.573067,-16.171331,-13.407449,-14.797647,-15.310858,-15.373960,-14.607322,-16.244017,-13.646300,-13.522945,-15.429333,-14.890758,-16.880779,-16.73
{"app":"AI_LEARNER","stage":"mem","model":"b3_deepae","target":"aarch64-unknown-linux-gnu","completed":43,"hal_peak":6208,"peak_within_bounded":true,"admitted_budget_bytes":2097152,"peak_within_admitted_budget":true,"admission_mode":"unconditional","hal_bytes_per_call_amortized":3707.5,"process_rss_kb":8212,"process_rss_delta_init_kb":620}
EVS Port1 1980-012-14:06:26.48759 66/1/AI_LEARNER 4: AI_LEARNER completed=43/43 mean=29148.3us max=158905.2us hal_peak=6208 within_bounded=1
..EVS Port1 1980-012-14:06:36.52793 66/1/AI_LEARNER 4: AI_LEARNER completed=44/44 mean=42787.6us max=629278.0us hal_peak=6208 within_bounded=1
{"app":"AI_LEARNER","stage":"run","model":"b3_deepae","target":"aarch64-unknown-linux-gnu","attempted":44,"completed":44,"fail_input":0,"fail_invoke":0,"fail_output":0,"mean_us":42787.64,"max_us":629278.05,"last_us":629278.05,"out0":-34.87360,"out":[-34.873596,-19.235809,-10.670241,-6.032131,-3.138688,1.502371,-0.848881,-2.360470,-5.881145,-6.849648,-8.311975,-7.661052,-7.138925,-5.638587,-7.487017,-9.514207,-12.109904,-10.710569,-9.064454,-7.312992,-8.944057,-10.110032,-15.072167,-13.580499,-11.925179,-14.828443,-20.857281,-20.669159,-18.231379,-15.074857,-15.748715,-15.618286,-16.932816,-16.269407,-17.648027,-17.573067,-16.171331,-13.407449,-14.797647,-15.310858,-15.373960,-14.607322,-16.244017,-13.646300,-13.522945,-15.429333,-14.890758,-16.880779,-16.7
{"app":"AI_LEARNER","stage":"mem","model":"b3_deepae","target":"aarch64-unknown-linux-gnu","completed":44,"hal_peak":6208,"peak_within_bounded":true,"admitted_budget_bytes":2097152,"peak_within_admitted_budget":true,"admission_mode":"unconditional","hal_bytes_per_call_amortized":3706.2,"process_rss_kb":8212,"process_rss_delta_init_kb":620}
.EVS Port1 1980-012-14:06:43.58651 66/1/AI_LEARNER 4: AI_LEARNER completed=45/45 mean=43411.7us max=629278.0us hal_peak=6208 within_bounded=1
{"app":"AI_LEARNER","stage":"run","model":"b3_deepae","target":"aarch64-unknown-linux-gnu","attempted":45,"completed":45,"fail_input":0,"fail_invoke":0,"fail_output":0,"mean_us":43411.66,"max_us":629278.05,"last_us":70868.32,"out0":-34.87360,"out":[-34.873596,-19.235809,-10.670241,-6.032131,-3.138688,1.502371,-0.848881,-2.360470,-5.881145,-6.849648,-8.311975,-7.661052,-7.138925,-5.638587,-7.487017,-9.514207,-12.109904,-10.710569,-9.064454,-7.312992,-8.944057,-10.110032,-15.072167,-13.580499,-11.925179,-14.828443,-20.857281,-20.669159,-18.231379,-15.074857,-15.748715,-15.618286,-16.932816,-16.269407,-17.648027,-17.573067,-16.171331,-13.407449,-14.797647,-15.310858,-15.373960,-14.607322,-16.244017,-13.646300,-13.522945,-15.429333,-14.890758,-16.880779,-16.73
{"app":"AI_LEARNER","stage":"mem","model":"b3_deepae","target":"aarch64-unknown-linux-gnu","completed":45,"hal_peak":6208,"peak_within_bounded":true,"admitted_budget_bytes":2097152,"peak_within_admitted_budget":true,"admission_mode":"unconditional","hal_bytes_per_call_amortized":3704.9,"process_rss_kb":8212,"process_rss_delta_init_kb":620}
.EVS Port1 1980-012-14:06:50.95173 66/1/AI_LEARNER 4: AI_LEARNER completed=46/46 mean=43186.5us max=629278.0us hal_peak=6208 within_bounded=1
{"app":"AI_LEARNER","stage":"run","model":"b3_deepae","target":"aarch64-unknown-linux-gnu","attempted":46,"completed":46,"fail_input":0,"fail_invoke":0,"fail_output":0,"mean_us":43186.51,"max_us":629278.05,"last_us":33054.70,"out0":-34.87360,"out":[-34.873596,-19.235809,-10.670241,-6.032131,-3.138688,1.502371,-0.848881,-2.360470,-5.881145,-6.849648,-8.311975,-7.661052,-7.138925,-5.638587,-7.487017,-9.514207,-12.109904,-10.710569,-9.064454,-7.312992,-8.944057,-10.110032,-15.072167,-13.580499,-11.925179,-14.828443,-20.857281,-20.669159,-18.231379,-15.074857,-15.748715,-15.618286,-16.932816,-16.269407,-17.648027,-17.573067,-16.171331,-13.407449,-14.797647,-15.310858,-15.373960,-14.607322,-16.244017,-13.646300,-13.522945,-15.429333,-14.890758,-16.880779,-16.73
{"app":"AI_LEARNER","stage":"mem","model":"b3_deepae","target":"aarch64-unknown-linux-gnu","completed":46,"hal_peak":6208,"peak_within_bounded":true,"admitted_budget_bytes":2097152,"peak_within_admitted_budget":true,"admission_mode":"unconditional","hal_bytes_per_call_amortized":3703.7,"process_rss_kb":8212,"process_rss_delta_init_kb":620}
..EVS Port1 1980-012-14:07:00.17221 66/1/AI_LEARNER 4: AI_LEARNER completed=47/47 mean=42347.0us max=629278.0us hal_peak=6208 within_bounded=1
{"app":"AI_LEARNER","stage":"run","model":"b3_deepae","target":"aarch64-unknown-linux-gnu","attempted":47,"completed":47,"fail_input":0,"fail_invoke":0,"fail_output":0,"mean_us":42347.04,"max_us":629278.05,"last_us":3731.52,"out0":-34.87360,"out":[-34.873596,-19.235809,-10.670241,-6.032131,-3.138688,1.502371,-0.848881,-2.360470,-5.881145,-6.849648,-8.311975,-7.661052,-7.138925,-5.638587,-7.487017,-9.514207,-12.109904,-10.710569,-9.064454,-7.312992,-8.944057,-10.110032,-15.072167,-13.580499,-11.925179,-14.828443,-20.857281,-20.669159,-18.231379,-15.074857,-15.748715,-15.618286,-16.932816,-16.269407,-17.648027,-17.573067,-16.171331,-13.407449,-14.797647,-15.310858,-15.373960,-14.607322,-16.244017,-13.646300,-13.522945,-15.429333,-14.890758,-16.880779,-16.730
{"app":"AI_LEARNER","stage":"mem","model":"b3_deepae","target":"aarch64-unknown-linux-gnu","completed":47,"hal_peak":6208,"peak_within_bounded":true,"admitted_budget_bytes":2097152,"peak_within_admitted_budget":true,"admission_mode":"unconditional","hal_bytes_per_call_amortized":3702.5,"process_rss_kb":8212,"process_rss_delta_init_kb":620}
.EVS Port1 1980-012-14:07:08.35682 66/1/AI_LEARNER 4: AI_LEARNER completed=48/48 mean=42363.2us max=629278.0us hal_peak=6208 within_bounded=1
{"app":"AI_LEARNER","stage":"run","model":"b3_deepae","target":"aarch64-unknown-linux-gnu","attempted":48,"completed":48,"fail_input":0,"fail_invoke":0,"fail_output":0,"mean_us":42363.21,"max_us":629278.05,"last_us":43123.12,"out0":-34.87360,"out":[-34.873596,-19.235809,-10.670241,-6.032131,-3.138688,1.502371,-0.848881,-2.360470,-5.881145,-6.849648,-8.311975,-7.661052,-7.138925,-5.638587,-7.487017,-9.514207,-12.109904,-10.710569,-9.064454,-7.312992,-8.944057,-10.110032,-15.072167,-13.580499,-11.925179,-14.828443,-20.857281,-20.669159,-18.231379,-15.074857,-15.748715,-15.618286,-16.932816,-16.269407,-17.648027,-17.573067,-16.171331,-13.407449,-14.797647,-15.310858,-15.373960,-14.607322,-16.244017,-13.646300,-13.522945,-15.429333,-14.890758,-16.880779,-16.73
{"app":"AI_LEARNER","stage":"mem","model":"b3_deepae","target":"aarch64-unknown-linux-gnu","completed":48,"hal_peak":6208,"peak_within_bounded":true,"admitted_budget_bytes":2097152,"peak_within_admitted_budget":true,"admission_mode":"unconditional","hal_bytes_per_call_amortized":3701.3,"process_rss_kb":8212,"process_rss_delta_init_kb":620}
.EVS Port1 1980-012-14:07:13.81500 66/1/AI_LEARNER 4: AI_LEARNER completed=49/49 mean=42536.4us max=629278.0us hal_peak=6208 within_bounded=1
{"app":"AI_LEARNER","stage":"run","model":"b3_deepae","target":"aarch64-unknown-linux-gnu","attempted":49,"completed":49,"fail_input":0,"fail_invoke":0,"fail_output":0,"mean_us":42536.40,"max_us":629278.05,"last_us":50849.71,"out0":-34.87360,"out":[-34.873596,-19.235809,-10.670241,-6.032131,-3.138688,1.502371,-0.848881,-2.360470,-5.881145,-6.849648,-8.311975,-7.661052,-7.138925,-5.638587,-7.487017,-9.514207,-12.109904,-10.710569,-9.064454,-7.312992,-8.944057,-10.110032,-15.072167,-13.580499,-11.925179,-14.828443,-20.857281,-20.669159,-18.231379,-15.074857,-15.748715,-15.618286,-16.932816,-16.269407,-17.648027,-17.573067,-16.171331,-13.407449,-14.797647,-15.310858,-15.373960,-14.607322,-16.244017,-13.646300,-13.522945,-15.429333,-14.890758,-16.880779,-16.73
{"app":"AI_LEARNER","stage":"mem","model":"b3_deepae","target":"aarch64-unknown-linux-gnu","completed":49,"hal_peak":6208,"peak_within_bounded":true,"admitted_budget_bytes":2097152,"peak_within_admitted_budget":true,"admission_mode":"unconditional","hal_bytes_per_call_amortized":3700.2,"process_rss_kb":8212,"process_rss_delta_init_kb":620}
EVS Port1 1980-012-14:07:16.02458 66/1/CFE_TIME 21: Stop FLYWHEEL
.EVS Port1 1980-012-14:07:18.01554 66/1/AI_LEARNER 4: AI_LEARNER completed=50/50 mean=41892.6us max=629278.0us hal_peak=6208 within_bounded=1
{"app":"AI_LEARNER","stage":"run","model":"b3_deepae","target":"aarch64-unknown-linux-gnu","attempted":50,"completed":50,"fail_input":0,"fail_invoke":0,"fail_output":0,"mean_us":41892.58,"max_us":629278.05,"last_us":10345.41,"out0":-34.87360,"out":[-34.873596,-19.235809,-10.670241,-6.032131,-3.138688,1.502371,-0.848881,-2.360470,-5.881145,-6.849648,-8.311975,-7.661052,-7.138925,-5.638587,-7.487017,-9.514207,-12.109904,-10.710569,-9.064454,-7.312992,-8.944057,-10.110032,-15.072167,-13.580499,-11.925179,-14.828443,-20.857281,-20.669159,-18.231379,-15.074857,-15.748715,-15.618286,-16.932816,-16.269407,-17.648027,-17.573067,-16.171331,-13.407449,-14.797647,-15.310858,-15.373960,-14.607322,-16.244017,-13.646300,-13.522945,-15.429333,-14.890758,-16.880779,-16.73
{"app":"AI_LEARNER","stage":"mem","model":"b3_deepae","target":"aarch64-unknown-linux-gnu","completed":50,"hal_peak":6208,"peak_within_bounded":true,"admitted_budget_bytes":2097152,"peak_within_admitted_budget":true,"admission_mode":"unconditional","hal_bytes_per_call_amortized":3699.2,"process_rss_kb":8212,"process_rss_delta_init_kb":620}
EVS Port1 1980-012-14:07:18.00260 66/1/CFE_TIME 21: Stop FLYWHEEL
EVS Port1 1980-012-14:07:18.99902 66/1/CFE_TIME 20: Start FLYWHEEL
{"app":"AI_LEARNER","stage":"run","model":"b3_deepae","target":"aarch64-unknown-linux-gnu","attempted":51,"completed":51,"fail_input":0,"fail_invoke":0,"fail_output":0,"mean_us":41386.51,"max_us":629278.05,"last_us":16082.99,"out0":-34.87360,"out":[-34.873596,-19.235809,-10.670241,-6.032131,-3.138688,1.502371,-0.848881,-2.360470,-5.881145,-6.849648,-8.311975,-7.661052,-7.138925,-5.638587,-7.487017,-9.514207,-12.109904,-10.710569,-9.064454,-7.312992,-8.944057,-10.110032,-15.072167,-13.580499,-11.925179,-14.828443,-20.857281,-20.669159,-18.231379,-15.074857,-15.748715,-15.618286,-16.932816,-16.269407,-17.648027,-17.573067,-16.171331,-13.407449,-14.797647,-15.310858,-15.373960,-14.607322,-16.244017,-13.646300,-13.522945,-15.429333,-14.890758,-16.880779,-16.73
EVS Port1 1980-012-14:07:21.80253 66/1/AI_LEARNER 4: AI_LEARNER completed=51/51 mean=41386.5us max=629278.0us hal_peak=6208 within_bounded=1
{"app":"AI_LEARNER","stage":"mem","model":"b3_deepae","target":"aarch64-unknown-linux-gnu","completed":51,"hal_peak":6208,"peak_within_bounded":true,"admitted_budget_bytes":2097152,"peak_within_admitted_budget":true,"admission_mode":"unconditional","hal_bytes_per_call_amortized":3698.2,"process_rss_kb":8212,"process_rss_delta_init_kb":620}
EVS Port1 1980-012-14:07:23.00663 66/1/CFE_TIME 21: Stop FLYWHEEL
.EVS Port1 1980-012-14:07:23.99011 66/1/CFE_TIME 20: Start FLYWHEEL
EVS Port1 1980-012-14:07:25.77009 66/1/AI_LEARNER 4: AI_LEARNER completed=52/52 mean=40986.6us max=629278.0us hal_peak=6208 within_bounded=1
{"app":"AI_LEARNER","stage":"run","model":"b3_deepae","target":"aarch64-unknown-linux-gnu","attempted":52,"completed":52,"fail_input":0,"fail_invoke":0,"fail_output":0,"mean_us":40986.56,"max_us":629278.05,"last_us":20588.99,"out0":-34.87360,"out":[-34.873596,-19.235809,-10.670241,-6.032131,-3.138688,1.502371,-0.848881,-2.360470,-5.881145,-6.849648,-8.311975,-7.661052,-7.138925,-5.638587,-7.487017,-9.514207,-12.109904,-10.710569,-9.064454,-7.312992,-8.944057,-10.110032,-15.072167,-13.580499,-11.925179,-14.828443,-20.857281,-20.669159,-18.231379,-15.074857,-15.748715,-15.618286,-16.932816,-16.269407,-17.648027,-17.573067,-16.171331,-13.407449,-14.797647,-15.310858,-15.373960,-14.607322,-16.244017,-13.646300,-13.522945,-15.429333,-14.890758,-16.880779,-16.73
{"app":"AI_LEARNER","stage":"mem","model":"b3_deepae","target":"aarch64-unknown-linux-gnu","completed":52,"hal_peak":6208,"peak_within_bounded":true,"admitted_budget_bytes":2097152,"peak_within_admitted_budget":true,"admission_mode":"unconditional","hal_bytes_per_call_amortized":3697.2,"process_rss_kb":8212,"process_rss_delta_init_kb":620}
.EVS Port1 1980-012-14:07:29.76397 66/1/AI_LEARNER 4: AI_LEARNER completed=53/53 mean=40442.7us max=629278.0us hal_peak=6208 within_bounded=1
{"app":"AI_LEARNER","stage":"run","model":"b3_deepae","target":"aarch64-unknown-linux-gnu","attempted":53,"completed":53,"fail_input":0,"fail_invoke":0,"fail_output":0,"mean_us":40442.70,"max_us":629278.05,"last_us":12162.02,"out0":-34.87360,"out":[-34.873596,-19.235809,-10.670241,-6.032131,-3.138688,1.502371,-0.848881,-2.360470,-5.881145,-6.849648,-8.311975,-7.661052,-7.138925,-5.638587,-7.487017,-9.514207,-12.109904,-10.710569,-9.064454,-7.312992,-8.944057,-10.110032,-15.072167,-13.580499,-11.925179,-14.828443,-20.857281,-20.669159,-18.231379,-15.074857,-15.748715,-15.618286,-16.932816,-16.269407,-17.648027,-17.573067,-16.171331,-13.407449,-14.797647,-15.310858,-15.373960,-14.607322,-16.244017,-13.646300,-13.522945,-15.429333,-14.890758,-16.880779,-16.73
{"app":"AI_LEARNER","stage":"mem","model":"b3_deepae","target":"aarch64-unknown-linux-gnu","completed":53,"hal_peak":6208,"peak_within_bounded":true,"admitted_budget_bytes":2097152,"peak_within_admitted_budget":true,"admission_mode":"unconditional","hal_bytes_per_call_amortized":3696.3,"process_rss_kb":8212,"process_rss_delta_init_kb":620}
{"app":"AI_LEARNER","stage":"run","model":"b3_deepae","target":"aarch64-unknown-linux-gnu","attempted":54,"completed":54,"fail_input":0,"fail_invoke":0,"fail_output":0,"mean_us":40260.60,"max_us":629278.05,"last_us":30609.30,"out0":-34.87360,"out":[-34.873596,-19.235809,-10.670241,-6.032131,-3.138688,1.502371,-0.848881,-2.360470,-5.881145,-6.849648,-8.311975,-7.661052,-7.138925,-5.638587,-7.487017,-9.514207,-12.109904,-10.710569,-9.064454,-7.312992,-8.944057,-10.110032,-15.072167,-13.580499,-11.925179,-14.828443,-20.857281,-20.669159,-18.231379,-15.074857,-15.748715,-15.618286,-16.932816,-16.269407,-17.648027,-17.573067,-16.171331,-13.407449,-14.797647,-15.310858,-15.373960,-14.607322,-16.244017,-13.646300,-13.522945,-15.429333,-14.890758,-16.880779,-16.73
EVS Port1 1980-012-14:07:34.05847 66/1/AI_LEARNER 4: AI_LEARNER completed=54/54 mean=40260.6us max=629278.0us hal_peak=6208 within_bounded=1
{"app":"AI_LEARNER","stage":"mem","model":"b3_deepae","target":"aarch64-unknown-linux-gnu","completed":54,"hal_peak":6208,"peak_within_bounded":true,"admitted_budget_bytes":2097152,"peak_within_admitted_budget":true,"admission_mode":"unconditional","hal_bytes_per_call_amortized":3695.4,"process_rss_kb":8212,"process_rss_delta_init_kb":620}
EVS Port1 1980-012-14:07:34.29853 66/1/CFE_TIME 20: Start FLYWHEEL
EVS Port1 1980-012-14:07:34.00387 66/1/CFE_TIME 21: Stop FLYWHEEL
.EVS Port1 1980-012-14:07:37.83647 66/1/AI_LEARNER 4: AI_LEARNER completed=55/55 mean=40053.7us max=629278.0us hal_peak=6208 within_bounded=1
{"app":"AI_LEARNER","stage":"run","model":"b3_deepae","target":"aarch64-unknown-linux-gnu","attempted":55,"completed":55,"fail_input":0,"fail_invoke":0,"fail_output":0,"mean_us":40053.70,"max_us":629278.05,"last_us":28881.09,"out0":-34.87360,"out":[-34.873596,-19.235809,-10.670241,-6.032131,-3.138688,1.502371,-0.848881,-2.360470,-5.881145,-6.849648,-8.311975,-7.661052,-7.138925,-5.638587,-7.487017,-9.514207,-12.109904,-10.710569,-9.064454,-7.312992,-8.944057,-10.110032,-15.072167,-13.580499,-11.925179,-14.828443,-20.857281,-20.669159,-18.231379,-15.074857,-15.748715,-15.618286,-16.932816,-16.269407,-17.648027,-17.573067,-16.171331,-13.407449,-14.797647,-15.310858,-15.373960,-14.607322,-16.244017,-13.646300,-13.522945,-15.429333,-14.890758,-16.880779,-16.73
{"app":"AI_LEARNER","stage":"mem","model":"b3_deepae","target":"aarch64-unknown-linux-gnu","completed":55,"hal_peak":6208,"peak_within_bounded":true,"admitted_budget_bytes":2097152,"peak_within_admitted_budget":true,"admission_mode":"unconditional","hal_bytes_per_call_amortized":3694.5,"process_rss_kb":8212,"process_rss_delta_init_kb":620}
EVS Port1 1980-012-14:07:39.00497 66/1/CFE_TIME 21: Stop FLYWHEEL
EVS Port1 1980-012-14:07:40.00698 66/1/CFE_TIME 20: Start FLYWHEEL
.EVS Port1 1980-012-14:07:41.76036 66/1/AI_LEARNER 4: AI_LEARNER completed=56/56 mean=39608.8us max=629278.0us hal_peak=6208 within_bounded=1
{"app":"AI_LEARNER","stage":"run","model":"b3_deepae","target":"aarch64-unknown-linux-gnu","attempted":56,"completed":56,"fail_input":0,"fail_invoke":0,"fail_output":0,"mean_us":39608.76,"max_us":629278.05,"last_us":15137.06,"out0":-34.87360,"out":[-34.873596,-19.235809,-10.670241,-6.032131,-3.138688,1.502371,-0.848881,-2.360470,-5.881145,-6.849648,-8.311975,-7.661052,-7.138925,-5.638587,-7.487017,-9.514207,-12.109904,-10.710569,-9.064454,-7.312992,-8.944057,-10.110032,-15.072167,-13.580499,-11.925179,-14.828443,-20.857281,-20.669159,-18.231379,-15.074857,-15.748715,-15.618286,-16.932816,-16.269407,-17.648027,-17.573067,-16.171331,-13.407449,-14.797647,-15.310858,-15.373960,-14.607322,-16.244017,-13.646300,-13.522945,-15.429333,-14.890758,-16.880779,-16.73
{"app":"AI_LEARNER","stage":"mem","model":"b3_deepae","target":"aarch64-unknown-linux-gnu","completed":56,"hal_peak":6208,"peak_within_bounded":true,"admitted_budget_bytes":2097152,"peak_within_admitted_budget":true,"admission_mode":"unconditional","hal_bytes_per_call_amortized":3693.7,"process_rss_kb":8212,"process_rss_delta_init_kb":620}
{"app":"AI_LEARNER","stage":"run","model":"b3_deepae","target":"aarch64-unknown-linux-gnu","attempted":57,"completed":57,"fail_input":0,"fail_invoke":0,"fail_output":0,"mean_us":39136.65,"max_us":629278.05,"last_us":12698.43,"out0":-34.87360,"out":[-34.873596,-19.235809,-10.670241,-6.032131,-3.138688,1.502371,-0.848881,-2.360470,-5.881145,-6.849648,-8.311975,-7.661052,-7.138925,-5.638587,-7.487017,-9.514207,-12.109904,-10.710569,-9.064454,-7.312992,-8.944057,-10.110032,-15.072167,-13.580499,-11.925179,-14.828443,-20.857281,-20.669159,-18.231379,-15.074857,-15.748715,-15.618286,-16.932816,-16.269407,-17.648027,-17.573067,-16.171331,-13.407449,-14.797647,-15.310858,-15.373960,-14.607322,-16.244017,-13.646300,-13.522945,-15.429333,-14.890758,-16.880779,-16.73
EVS Port1 1980-012-14:07:45.74140 66/1/AI_LEARNER 4: AI_LEARNER completed=57/57 mean=39136.6us max=629278.0us hal_peak=6208 within_bounded=1
{"app":"AI_LEARNER","stage":"mem","model":"b3_deepae","target":"aarch64-unknown-linux-gnu","completed":57,"hal_peak":6208,"peak_within_bounded":true,"admitted_budget_bytes":2097152,"peak_within_admitted_budget":true,"admission_mode":"unconditional","hal_bytes_per_call_amortized":3692.9,"process_rss_kb":8212,"process_rss_delta_init_kb":620}
.{"app":"AI_LEARNER","stage":"run","model":"b3_deepae","target":"aarch64-unknown-linux-gnu","attempted":58,"completed":58,"fail_input":0,"fail_invoke":0,"fail_output":0,"mean_us":38644.15,"max_us":629278.05,"last_us":10571.86,"out0":-34.87360,"out":[-34.873596,-19.235809,-10.670241,-6.032131,-3.138688,1.502371,-0.848881,-2.360470,-5.881145,-6.849648,-8.311975,-7.661052,-7.138925,-5.638587,-7.487017,-9.514207,-12.109904,-10.710569,-9.064454,-7.312992,-8.944057,-10.110032,-15.072167,-13.580499,-11.925179,-14.828443,-20.857281,-20.669159,-18.231379,-15.074857,-15.748715,-15.618286,-16.932816,-16.269407,-17.648027,-17.573067,-16.171331,-13.407449,-14.797647,-15.310858,-15.373960,-14.607322,-16.244017,-13.646300,-13.522945,-15.429333,-14.890758,-16.880779,-16.73
EVS Port1 1980-012-14:07:49.77790 66/1/AI_LEARNER 4: AI_LEARNER completed=58/58 mean=38644.2us max=629278.0us hal_peak=6208 within_bounded=1
{"app":"AI_LEARNER","stage":"mem","model":"b3_deepae","target":"aarch64-unknown-linux-gnu","completed":58,"hal_peak":6208,"peak_within_bounded":true,"admitted_budget_bytes":2097152,"peak_within_admitted_budget":true,"admission_mode":"unconditional","hal_bytes_per_call_amortized":3692.1,"process_rss_kb":8212,"process_rss_delta_init_kb":620}
EVS Port1 1980-012-14:07:50.02522 66/1/CFE_TIME 21: Stop FLYWHEEL
EVS Port1 1980-012-14:07:50.99526 66/1/CFE_TIME 20: Start FLYWHEEL
.{"app":"AI_LEARNER","stage":"run","model":"b3_deepae","target":"aarch64-unknown-linux-gnu","attempted":59,"completed":59,"fail_input":0,"fail_invoke":0,"fail_output":0,"mean_us":38248.48,"max_us":629278.05,"last_us":15299.82,"out0":-34.87360,"out":[-34.873596,-19.235809,-10.670241,-6.032131,-3.138688,1.502371,-0.848881,-2.360470,-5.881145,-6.849648,-8.311975,-7.661052,-7.138925,-5.638587,-7.487017,-9.514207,-12.109904,-10.710569,-9.064454,-7.312992,-8.944057,-10.110032,-15.072167,-13.580499,-11.925179,-14.828443,-20.857281,-20.669159,-18.231379,-15.074857,-15.748715,-15.618286,-16.932816,-16.269407,-17.648027,-17.573067,-16.171331,-13.407449,-14.797647,-15.310858,-15.373960,-14.607322,-16.244017,-13.646300,-13.522945,-15.429333,-14.890758,-16.880779,-16.73
EVS Port1 1980-012-14:07:53.74505 66/1/AI_LEARNER 4: AI_LEARNER completed=59/59 mean=38248.5us max=629278.0us hal_peak=6208 within_bounded=1
{"app":"AI_LEARNER","stage":"mem","model":"b3_deepae","target":"aarch64-unknown-linux-gnu","completed":59,"hal_peak":6208,"peak_within_bounded":true,"admitted_budget_bytes":2097152,"peak_within_admitted_budget":true,"admission_mode":"unconditional","hal_bytes_per_call_amortized":3691.4,"process_rss_kb":8212,"process_rss_delta_init_kb":620}
EVS Port1 1980-012-14:07:57.80873 66/1/AI_LEARNER 4: AI_LEARNER completed=60/60 mean=37945.0us max=629278.0us hal_peak=6208 within_bounded=1
{"app":"AI_LEARNER","stage":"run","model":"b3_deepae","target":"aarch64-unknown-linux-gnu","attempted":60,"completed":60,"fail_input":0,"fail_invoke":0,"fail_output":0,"mean_us":37944.98,"max_us":629278.05,"last_us":20038.19,"out0":-34.87360,"out":[-34.873596,-19.235809,-10.670241,-6.032131,-3.138688,1.502371,-0.848881,-2.360470,-5.881145,-6.849648,-8.311975,-7.661052,-7.138925,-5.638587,-7.487017,-9.514207,-12.109904,-10.710569,-9.064454,-7.312992,-8.944057,-10.110032,-15.072167,-13.580499,-11.925179,-14.828443,-20.857281,-20.669159,-18.231379,-15.074857,-15.748715,-15.618286,-16.932816,-16.269407,-17.648027,-17.573067,-16.171331,-13.407449,-14.797647,-15.310858,-15.373960,-14.607322,-16.244017,-13.646300,-13.522945,-15.429333,-14.890758,-16.880779,-16.73
{"app":"AI_LEARNER","stage":"mem","model":"b3_deepae","target":"aarch64-unknown-linux-gnu","completed":60,"hal_peak":6208,"peak_within_bounded":true,"admitted_budget_bytes":2097152,"peak_within_admitted_budget":true,"admission_mode":"unconditional","hal_bytes_per_call_amortized":3690.7,"process_rss_kb":8212,"process_rss_delta_init_kb":620}
.EVS Port1 1980-012-14:07:59.00833 66/1/CFE_TIME 21: Stop FLYWHEEL
EVS Port1 1980-012-14:08:00.00422 66/1/CFE_TIME 20: Start FLYWHEEL
EVS Port1 1980-012-14:08:01.80186 66/1/AI_LEARNER 4: AI_LEARNER completed=61/61 mean=37377.2us max=629278.0us hal_peak=6208 within_bounded=1
{"app":"AI_LEARNER","stage":"run","model":"b3_deepae","target":"aarch64-unknown-linux-gnu","attempted":61,"completed":61,"fail_input":0,"fail_invoke":0,"fail_output":0,"mean_us":37377.25,"max_us":629278.05,"last_us":3313.38,"out0":-34.87360,"out":[-34.873596,-19.235809,-10.670241,-6.032131,-3.138688,1.502371,-0.848881,-2.360470,-5.881145,-6.849648,-8.311975,-7.661052,-7.138925,-5.638587,-7.487017,-9.514207,-12.109904,-10.710569,-9.064454,-7.312992,-8.944057,-10.110032,-15.072167,-13.580499,-11.925179,-14.828443,-20.857281,-20.669159,-18.231379,-15.074857,-15.748715,-15.618286,-16.932816,-16.269407,-17.648027,-17.573067,-16.171331,-13.407449,-14.797647,-15.310858,-15.373960,-14.607322,-16.244017,-13.646300,-13.522945,-15.429333,-14.890758,-16.880779,-16.730
{"app":"AI_LEARNER","stage":"mem","model":"b3_deepae","target":"aarch64-unknown-linux-gnu","completed":61,"hal_peak":6208,"peak_within_bounded":true,"admitted_budget_bytes":2097152,"peak_within_admitted_budget":true,"admission_mode":"unconditional","hal_bytes_per_call_amortized":3690.0,"process_rss_kb":8212,"process_rss_delta_init_kb":620}
EVS Port1 1980-012-14:08:03.11128 66/1/CFE_TIME 20: Start FLYWHEEL
EVS Port1 1980-012-14:08:03.00791 66/1/CFE_TIME 21: Stop FLYWHEEL
.EVS Port1 1980-012-14:08:05.73037 66/1/AI_LEARNER 4: AI_LEARNER completed=62/62 mean=36968.6us max=629278.0us hal_peak=6208 within_bounded=1
{"app":"AI_LEARNER","stage":"run","model":"b3_deepae","target":"aarch64-unknown-linux-gnu","attempted":62,"completed":62,"fail_input":0,"fail_invoke":0,"fail_output":0,"mean_us":36968.56,"max_us":629278.05,"last_us":12038.46,"out0":-34.87360,"out":[-34.873596,-19.235809,-10.670241,-6.032131,-3.138688,1.502371,-0.848881,-2.360470,-5.881145,-6.849648,-8.311975,-7.661052,-7.138925,-5.638587,-7.487017,-9.514207,-12.109904,-10.710569,-9.064454,-7.312992,-8.944057,-10.110032,-15.072167,-13.580499,-11.925179,-14.828443,-20.857281,-20.669159,-18.231379,-15.074857,-15.748715,-15.618286,-16.932816,-16.269407,-17.648027,-17.573067,-16.171331,-13.407449,-14.797647,-15.310858,-15.373960,-14.607322,-16.244017,-13.646300,-13.522945,-15.429333,-14.890758,-16.880779,-16.73
{"app":"AI_LEARNER","stage":"mem","model":"b3_deepae","target":"aarch64-unknown-linux-gnu","completed":62,"hal_peak":6208,"peak_within_bounded":true,"admitted_budget_bytes":2097152,"peak_within_admitted_budget":true,"admission_mode":"unconditional","hal_bytes_per_call_amortized":3689.3,"process_rss_kb":8212,"process_rss_delta_init_kb":620}
EVS Port1 1980-012-14:08:09.75405 66/1/AI_LEARNER 4: AI_LEARNER completed=63/63 mean=36724.5us max=629278.0us hal_peak=6208 within_bounded=1
{"app":"AI_LEARNER","stage":"run","model":"b3_deepae","target":"aarch64-unknown-linux-gnu","attempted":63,"completed":63,"fail_input":0,"fail_invoke":0,"fail_output":0,"mean_us":36724.46,"max_us":629278.05,"last_us":21590.61,"out0":-34.87360,"out":[-34.873596,-19.235809,-10.670241,-6.032131,-3.138688,1.502371,-0.848881,-2.360470,-5.881145,-6.849648,-8.311975,-7.661052,-7.138925,-5.638587,-7.487017,-9.514207,-12.109904,-10.710569,-9.064454,-7.312992,-8.944057,-10.110032,-15.072167,-13.580499,-11.925179,-14.828443,-20.857281,-20.669159,-18.231379,-15.074857,-15.748715,-15.618286,-16.932816,-16.269407,-17.648027,-17.573067,-16.171331,-13.407449,-14.797647,-15.310858,-15.373960,-14.607322,-16.244017,-13.646300,-13.522945,-15.429333,-14.890758,-16.880779,-16.73
{"app":"AI_LEARNER","stage":"mem","model":"b3_deepae","target":"aarch64-unknown-linux-gnu","completed":63,"hal_peak":6208,"peak_within_bounded":true,"admitted_budget_bytes":2097152,"peak_within_admitted_budget":true,"admission_mode":"unconditional","hal_bytes_per_call_amortized":3688.6,"process_rss_kb":8212,"process_rss_delta_init_kb":620}
.EVS Port1 1980-012-14:08:13.73716 66/1/AI_LEARNER 4: AI_LEARNER completed=64/64 mean=36326.2us max=629278.0us hal_peak=6208 within_bounded=1
{"app":"AI_LEARNER","stage":"run","model":"b3_deepae","target":"aarch64-unknown-linux-gnu","attempted":64,"completed":64,"fail_input":0,"fail_invoke":0,"fail_output":0,"mean_us":36326.25,"max_us":629278.05,"last_us":11238.67,"out0":-34.87360,"out":[-34.873596,-19.235809,-10.670241,-6.032131,-3.138688,1.502371,-0.848881,-2.360470,-5.881145,-6.849648,-8.311975,-7.661052,-7.138925,-5.638587,-7.487017,-9.514207,-12.109904,-10.710569,-9.064454,-7.312992,-8.944057,-10.110032,-15.072167,-13.580499,-11.925179,-14.828443,-20.857281,-20.669159,-18.231379,-15.074857,-15.748715,-15.618286,-16.932816,-16.269407,-17.648027,-17.573067,-16.171331,-13.407449,-14.797647,-15.310858,-15.373960,-14.607322,-16.244017,-13.646300,-13.522945,-15.429333,-14.890758,-16.880779,-16.73
{"app":"AI_LEARNER","stage":"mem","model":"b3_deepae","target":"aarch64-unknown-linux-gnu","completed":64,"hal_peak":6208,"peak_within_bounded":true,"admitted_budget_bytes":2097152,"peak_within_admitted_budget":true,"admission_mode":"unconditional","hal_bytes_per_call_amortized":3688.0,"process_rss_kb":8212,"process_rss_delta_init_kb":620}
1980-012-14:08:14.48879 CFE_ES_RunExceptionScan: ExceptionID 0x1110000 in TaskID 0: Caught SIGINT
1980-012-14:08:14.49041 CFE_ES_RunExceptionScan: Processor Reset count not reached (0/2)
CFE_PSP: Exiting cFE with PROCESSOR Reset status.

CFE_PSP: Shutdown initiated - Exiting cFE
CI delete callback -- Closing CI Network socket.
TO delete callback -- Closing TO Network socket.
EXIT=124
