OS_BSP_Initialize():Maximum user msg queue depth = 512
CFE_PSP: Default Reset SubType = 1
CFE_PSP: Default CPU ID = 1
CFE_PSP: Default Spacecraft ID = 66
CFE_PSP: Default CPU Name: cpu1
OS_Posix_GetSchedulerParams():208:Policy 1: available, min-max: 1-99
OS_Posix_GetSchedulerParams():208:Policy 2: available, min-max: 1-99
OS_Posix_TaskAPI_Impl_Init():401:Selected policy 2 for RT tasks, root task = 99
OS_Posix_TaskAPI_Impl_Init():419:Could not setschedparam in main thread: Operation not permitted (1)
CFE_PSP: initializing module 'soft_timebase' with ID 0110ff00
CFE_PSP: Instantiated software timebase 'cFS-Master' running at 10000 usec
CFE_PSP: initializing module 'timebase_posix_clock' with ID 0110ff01
CFE_PSP: Using POSIX monotonic clock as CFE timebase
CFE_PSP: initializing module 'eeprom_mmap_file' with ID 0110ff02
CFE_PSP: Using MMAP simulated EEPROM implementation
CFE_PSP: EEPROM Range (2) created: Start Address = F1F99748E000, Size = 00080000 Status = 0
CFE_PSP: initializing module 'port_notimpl' with ID 0110ff03
CFE_PSP: I/O Port access not implemented
CFE_PSP: initializing module 'iodriver' with ID 0110ff04
CFE_PSP: initializing module 'linux_sysmon' with ID 0110ff05
CFE_PSP: initializing module 'endian_api' with ID 0110ff06
CFE_PSP: Host CPU Endian=LITTLE
CFE_PSP: initializing module 'ram_notimpl' with ID 0110ff07
CFE_PSP: Physical RAM access not implemented
CFE_PSP: Normal exit from previous cFE instance
CFE_PSP: Starting the cFE with a PROCESSOR reset.
1980-001-07:37:09.65942 CFE_ES_Main: CFE_ES_Main in EARLY_INIT state
1980-001-07:37:09.67896 CFE_ES_InitializeFileSystems: Volatile Disk has 100 Percent free space.
Number of addresses returned by backtrace = 1
CFE_PSP: CFE_PSP_AttachExceptions called
1980-001-07:37:09.71266 CFE_ES_Main: CFE_ES_Main entering CORE_STARTUP state
1980-001-07:37:09.71335 CFE_ES_CreateObjects: Starting Object Creation calls.
1980-001-07:37:09.71355 CFE_ES_CreateObjects: Calling EarlyInit for CFE_CONFIG
1980-001-07:37:09.71649 CFE_ES_CreateObjects: Calling EarlyInit for CFE_ES
1980-001-07:37:09.72450 CFE_ES_CreateObjects: Calling EarlyInit for CFE_EVS
1980-001-07:37:09.72776 CFE_EVS_EarlyInit: Event Log restored, n=0, c=20, f=1, m=1, o=271
1980-001-07:37:09.72811 CFE_ES_CreateObjects: Calling EarlyInit for CFE_FS
1980-001-07:37:09.73081 CFE_ES_CreateObjects: Calling EarlyInit for CFE_SB
1980-001-07:37:09.76483 CFE_ES_CreateObjects: Calling EarlyInit for CFE_TBL
1980-001-07:37:09.78928 CFE_ES_CreateObjects: Calling EarlyInit for CFE_TIME
EVS Port1 1980-012-14:11:04.18690 66/1/CFE_ES 1: cFE ES Initialized: CFE_ES v7.0.1+dev1 (Draco) DEV BUILD, based on v7.0.1, EDS disabled
EVS Port1 1980-012-14:11:04.19458 66/1/CFE_ES 2: cFS Versions: cfe v7.0.1+dev1, osal v7.0.1+dev1, psp v7.0.1+dev1. cFE chksm 31659
EVS Port1 1980-012-14:11:04.19924 66/1/CFE_ES 91: Version Info: Mission SampleMission, version git:v7.0.1-90-g78c23b0-dirty
EVS Port1 1980-012-14:11:04.20259 66/1/CFE_ES 91: Version Info: Module CORE_API, version git:2612eb0
EVS Port1 1980-012-14:11:04.20472 66/1/CFE_ES 91: Version Info: Module CONFIG, version git:2612eb0
EVS Port1 1980-012-14:11:04.20494 66/1/CFE_ES 91: Version Info: Module ES, version git:2612eb0
EVS Port1 1980-012-14:11:04.20504 66/1/CFE_ES 91: Version Info: Module EVS, version git:2612eb0
EVS Port1 1980-012-14:11:04.20790 66/1/CFE_ES 91: Version Info: Module FS, version git:2612eb0
EVS Port1 1980-012-14:11:04.20887 66/1/CFE_ES 91: Version Info: Module SB, version git:2612eb0
EVS Port1 1980-012-14:11:04.20933 66/1/CFE_ES 91: Version Info: Module TBL, version git:2612eb0
EVS Port1 1980-012-14:11:04.21412 66/1/CFE_ES 91: Version Info: Module TIME, version git:2612eb0
EVS Port1 1980-012-14:11:04.22192 66/1/CFE_ES 91: Version Info: Module OSAL, version git:8111e4a
EVS Port1 1980-012-14:11:04.22453 66/1/CFE_ES 91: Version Info: Module PSP, version git:d1da809
EVS Port1 1980-012-14:11:04.22642 66/1/CFE_ES 91: Version Info: Module MSG, version git:2612eb0
EVS Port1 1980-012-14:11:04.23159 66/1/CFE_ES 91: Version Info: Module SBR, version git:2612eb0
EVS Port1 1980-012-14:11:04.23886 66/1/CFE_ES 91: Version Info: Module RESOURCEID, version git:2612eb0
EVS Port1 1980-012-14:11:04.24105 66/1/CFE_ES 92: Build 202609111416 by root@vm, config aarch64
EVS Port1 1980-012-14:11:04.34294 66/1/CFE_EVS 1: cFE EVS Initialized: CFE_EVS v7.0.1+dev1 (Draco) DEV BUILD, based on v7.0.1, EDS disabled
1980-012-14:11:04.44477 CFE_SB_AppInit: Registered 4 events for filtering
EVS Port1 1980-012-14:11:04.44975 66/1/CFE_SB 1: cFE SB Initialized: CFE_SB v7.0.1+dev1 (Draco) DEV BUILD, based on v7.0.1, EDS disabled
EVS Port1 1980-012-14:11:04.45095 66/1/CFE_SB 14: No subscribers for MsgId 0x808,sender CFE_SB
EVS Port1 1980-012-14:11:04.57650 66/1/CFE_TBL 1: cFE TBL Initialized: CFE_TBL v7.0.1+dev1 (Draco) DEV BUILD, based on v7.0.1, EDS disabled
EVS Port1 1980-012-14:11:04.57890 66/1/CFE_SB 14: No subscribers for MsgId 0x808,sender CFE_TBL
EVS Port1 1980-012-14:11:04.72782 66/1/CFE_TIME 1: cFE TIME Initialized: CFE_TIME v7.0.1+dev1 (Draco) DEV BUILD, based on v7.0.1, EDS disabled
EVS Port1 1980-012-14:11:04.73002 66/1/CFE_SB 14: No subscribers for MsgId 0x808,sender CFE_TIME
1980-012-14:11:04.73968 CFE_ES_CreateObjects: Finished ES CreateObject table entries.
1980-012-14:11:04.74112 CFE_ES_Main: CFE_ES_Main entering CORE_READY state
OS_FileOpen_Impl():110:open(/dev/shm/osal:RAM/cfe_es_startup.scr): No such file or directory
1980-012-14:11:04.75843 CFE_ES_OpenStartupScript: Cannot Open Volatile Startup file: /ram/cfe_es_startup.scr, Trying Nonvolatile.
1980-012-14:11:04.75975 CFE_ES_OpenStartupScript: Opened ES App Startup file: /cf/cfe_es_startup.scr
1980-012-14:11:04.80722 CFE_ES_ParseFileEntry: Loading shared library: /cf/cfe_assert.so
1980-012-14:11:04.82702 [BEGIN] CFE FUNCTIONAL TEST
1980-012-14:11:04.82966 [BEGIN] 01 CFE-STARTUP
1980-012-14:11:04.86265 CFE_ES_ParseFileEntry: Loading shared library: /cf/sample_lib.so
SAMPLE Lib Initialized.Sample Lib v7.0.0+dev1 (Draco) DEV BUILD, based on v7.0.1, EDS disabled
1980-012-14:11:04.91331 CFE_ES_ParseFileEntry: Loading file: /cf/sch_lab.so, APP: SCH_LAB
1980-012-14:11:05.02315 CFE_ES_ParseFileEntry: Loading file: /cf/ci_lab.so, APP: CI_LAB
SCH Lab Initialized.SCH Lab v7.0.1+dev1 (Draco) DEV BUILD, based on v7.0.1, EDS disabled
1980-012-14:11:05.10407 CFE_ES_ParseFileEntry: Loading file: /cf/to_lab.so, APP: TO_LAB
1980-012-14:11:05.20139 CFE_ES_ParseFileEntry: Loading file: /cf/sample_app.so, APP: SAMPLE_APP
EVS Port1 1980-012-14:11:05.22096 66/1/TO_LAB 1: TO Lab Initialized.TO Lab v7.0.1+dev1 (Draco) DEV BUILD, based on v7.0.1, EDS disabled, Awaiting enable command.
EVS Port1 1980-012-14:11:05.22636 66/1/CFE_SB 14: No subscribers for MsgId 0x808,sender TO_LAB
1980-012-14:11:05.30026 CI_LAB listening on UDP port: 1234
EVS Port1 1980-012-14:11:05.30696 66/1/CI_LAB 3: CI Lab Initialized.CI Lab App v7.0.1+dev1 (Draco) DEV BUILD, based on v7.0.1, EDS disabled
EVS Port1 1980-012-14:11:05.31985 66/1/SAMPLE_APP 1: Sample App Initialized.Sample App v7.0.0+dev1 (Draco) DEV BUILD, based on v7.0.1, EDS disabled
1980-012-14:11:05.34053 CFE_ES_ParseFileEntry: Loading file: /cf/ai_learner.so, APP: AI_LEARNER
1980-012-14:11:05.38882 CFE_ES_ParseFileEntry: Loading file: /cf/lc.so, APP: LC
{"app":"AI_LEARNER","stage":"build_config","model":"b3_deepae","allow_conditional_map":0,"contract_bounded_bytes":1069632,"contract_per_call_bytes":6208,"contract_const_bytes":1063424,"contract_bound_known":true,"contract_artifact_sha256":"9ff64bd168e07135c196423d44408e7780984c977912b67c8240c0db522c4d7c"}
{"app":"AI_LEARNER","stage":"stack","es_stack_size":262160,"stack_base_bytes":262144,"contract_kernel_stack_bytes":16,"kernel_stack_accounted":true}
EVS Port1 1980-012-14:11:05.43492 66/1/AI_LEARNER 8: AI_LEARNER stack: es=262160 base=262144 kernel=16 accounted=1
1980-012-14:11:05.43417 CFE_ES_ParseFileEntry: Loading file: /cf/cf.so, APP: CF
EVS Port1 1980-012-14:11:05.44108 66/1/AI_LEARNER 1: AI_LEARNER NOT_ADMITTED: contract bounded=1069632 > budget=1048576; app will not start
{"app":"AI_LEARNER","stage":"admission","verdict":"NOT_ADMITTED","model":"b3_deepae","target":"aarch64-unknown-linux-gnu","bounded":1069632,"budget":1048576,"budget_source":"override","per_call":6208,"constants":1063424,"kernel_stack_bytes":16,"bound_known":true,"scope":"per_app_local_budget"}
{"app":"AI_LEARNER","stage":"cleanup","released":true,"cleanup_calls":1}
1980-012-14:11:05.44866 CFE_ES_ExitApp: Application AI_LEARNER called CFE_ES_ExitApp
EVS Port1 1980-012-14:11:05.48641 66/1/LC 56: WDT verify results: good = 0, bad = 0, unused = 176
EVS Port1 1980-012-14:11:05.49827 66/1/LC 66: ADT verify results: good = 0, bad = 0, unused = 176
EVS Port1 1980-012-14:11:05.50772 66/1/LC 23: LC use of Critical Data Store disabled, activity mask = 0x00991990
EVS Port1 1980-012-14:11:05.50842 66/1/LC 2: LC Initialized. Version 7.0.1.255
1980-012-14:11:05.51412 CFE_ES_ParseFileEntry: Loading file: /cf/ds.so, APP: DS
1980-012-14:11:05.60773 CFE_ES_ParseFileEntry: Loading file: /cf/fm.so, APP: FM
EVS Port1 1980-012-14:11:05.61387 66/1/CF 20: CF Initialized. Version 7.0.1.255
EVS Port1 1980-012-14:11:05.62200 66/1/DS 10: Destination file table verify results: good entries = 6, bad = 0, unused = 10
EVS Port1 1980-012-14:11:05.63938 66/1/DS 12: Filter table verify results: good entries = 14, bad = 0, unused = 242
EVS Port1 1980-012-14:11:05.65962 66/1/DS 1: Application initialized, version 7.0.1.255, data at 0xf1f996d90460
1980-012-14:11:05.68805 CFE_ES_ParseFileEntry: Loading file: /cf/hk.so, APP: HK
EVS Port1 1980-012-14:11:05.73371 66/1/FM 80: Free Space Table verify results: good entries = 3, bad = 0, unused = 5
EVS Port1 1980-012-14:11:05.76342 66/1/FM 1: Initialization complete: version 7.0.1.255
1980-012-14:11:05.80543 CFE_ES_ParseFileEntry: Loading file: /cf/hs.so, APP: HS
EVS Port1 1980-012-14:11:05.82537 66/1/HK 1: HK Initialized.  Version 7.0.1.255
EVS Port1 1980-012-14:11:05.84416 66/1/FM 72: Child Task initialization complete
1980-012-14:11:05.87347 CFE_ES_ParseFileEntry: Loading file: /cf/mm.so, APP: MM
EVS Port1 1980-012-14:11:05.94908 66/1/HS 54: ExeCount verify results: good = 5, bad = 0, unused = 27
EVS Port1 1980-012-14:11:05.96218 66/1/MM 1: MM Initialized. Version 7.0.1.255
1980-012-14:11:05.98627 CFE_ES_ParseFileEntry: Loading file: /cf/sc.so, APP: SC
EVS Port1 1980-012-14:11:05.99009 66/1/HS 50: AppMon verify results: good = 0, bad = 0, unused = 32
EVS Port1 1980-012-14:11:06.02401 66/1/HS 52: EventMon verify results: good = 0, bad = 0, unused = 16
EVS Port1 1980-012-14:11:06.03765 66/1/HS 56: MsgActs verify results: good = 2, bad = 0, unused = 6
1980-012-14:11:06.05013 HS_SysMonInit(): System Monitor using PSP device ID 0110ff05
CFE_PSP(Linux_SysMon): Started CPU utilization monitoring on 1 CPU(s)
EVS Port1 1980-012-14:11:06.07215 66/1/HS 1: HS Initialized.  Version 7.0.1.255
1980-012-14:11:06.08863 CFE_ES_ParseFileEntry: Loading file: /cf/md.so, APP: MD
EVS Port1 1980-012-14:11:06.15878 66/1/SC 21: RTS table files not loaded at initialization = 0 of 4
EVS Port1 1980-012-14:11:06.16703 66/1/SC 9: SC Initialized. Version 7.0.1.255
1980-012-14:11:06.18238 CFE_ES_ParseFileEntry: Loading file: /cf/cs.so, APP: CS
EVS Port1 1980-012-14:11:06.22671 66/1/MD 52: MD Dwell Tbl verify results: good = 0, bad = 0, unused = 25
EVS Port1 1980-012-14:11:06.23326 66/1/MD 3: Recovered Dwell Table #1 is valid and has been copied to the MD App
EVS Port1 1980-012-14:11:06.23864 66/1/MD 52: MD Dwell Tbl verify results: good = 0, bad = 0, unused = 25
EVS Port1 1980-012-14:11:06.24005 66/1/MD 3: Recovered Dwell Table #2 is valid and has been copied to the MD App
EVS Port1 1980-012-14:11:06.24554 66/1/MD 52: MD Dwell Tbl verify results: good = 0, bad = 0, unused = 25
EVS Port1 1980-012-14:11:06.25482 66/1/MD 3: Recovered Dwell Table #3 is valid and has been copied to the MD App
EVS Port1 1980-012-14:11:06.26612 66/1/MD 52: MD Dwell Tbl verify results: good = 0, bad = 0, unused = 25
EVS Port1 1980-012-14:11:06.27099 66/1/MD 3: Recovered Dwell Table #4 is valid and has been copied to the MD App
EVS Port1 1980-012-14:11:06.29095 66/1/MD 7: Dwell Tables Recovered: 4, Dwell Tables Initialized: 0
EVS Port1 1980-012-14:11:06.31214 66/1/MD 1: MD Initialized.  Version 7.0.1.255
EVS Port1 1980-012-14:11:06.08856 66/1/CFE_TIME 21: Stop FLYWHEEL
EVS Port1 1980-012-14:11:06.12162 66/1/CS 144: CS EEPROM Table verification results: good = 0, bad = 0, unused = 16
EVS Port1 1980-012-14:11:06.13610 66/1/CS 107: CS EEPROM Table: No valid entries in the table
EVS Port1 1980-012-14:11:06.15953 66/1/CS 143: CS Memory Table verification results: good = 0, bad = 0, unused = 16
EVS Port1 1980-012-14:11:06.16491 66/1/CFE_ES 14: ErrExit Application AI_LEARNER Success.
EVS Port1 1980-012-14:11:06.16839 66/1/CS 107: CS Memory Table: No valid entries in the table
EVS Port1 1980-012-14:11:06.17820 66/1/CS 139: CS Tables Table verification results: good = 1, bad = 0, unused = 23
EVS Port1 1980-012-14:11:06.18733 66/1/CS 142: CS Apps Table verification results: good = 0, bad = 0, unused = 24
EVS Port1 1980-012-14:11:06.19078 66/1/CS 108: CS Apps Table: No valid entries in the table
EVS Port1 1980-012-14:11:06.19413 66/1/CS 127: OS Text Segment disabled due to platform
EVS Port1 1980-012-14:11:06.19805 66/1/CS 1: CS Initialized. Version 7.0.1.255
1980-012-14:11:06.23661 CFE_ES_Main: CFE_ES_Main entering APPS_INIT state
1980-012-14:11:06.23709 CFE_ES_Main: CFE_ES_Main entering OPERATIONAL state
EVS Port1 1980-012-14:11:06.26686 66/1/TO_LAB 19: L550 TO Lab subscribed to 32 messages from the table
EVS Port1 1980-012-14:11:08.00375 66/1/CFE_TIME 21: Stop FLYWHEEL
EVS Port1 1980-012-14:11:09.00848 66/1/CFE_TIME 20: Start FLYWHEEL
.EVS Port1 1980-012-14:11:16.00494 66/1/CFE_TIME 21: Stop FLYWHEEL
EVS Port1 1980-012-14:11:16.99847 66/1/CFE_TIME 20: Start FLYWHEEL
.EVS Port1 1980-012-14:11:20.00434 66/1/CFE_TIME 21: Stop FLYWHEEL
EVS Port1 1980-012-14:11:21.10948 66/1/CFE_TIME 20: Start FLYWHEEL
EVS Port1 1980-012-14:11:23.99964 66/1/CFE_TIME 20: Start FLYWHEEL
............EVS Port1 1980-012-14:12:39.00485 66/1/CFE_TIME 21: Stop FLYWHEEL
....EVS Port1 1980-012-14:13:03.00691 66/1/CFE_TIME 21: Stop FLYWHEEL
.EVS Port1 1980-012-14:13:03.99792 66/1/CFE_TIME 20: Start FLYWHEEL
..EVS Port1 1980-012-14:13:21.00300 66/1/CFE_TIME 21: Stop FLYWHEEL
.EVS Port1 1980-012-14:13:22.00926 66/1/CFE_TIME 20: Start FLYWHEEL
EVS Port1 1980-012-14:13:23.00794 66/1/CFE_TIME 21: Stop FLYWHEEL
EVS Port1 1980-012-14:13:23.99806 66/1/CFE_TIME 20: Start FLYWHEEL
.EVS Port1 1980-012-14:13:33.00462 66/1/CFE_TIME 21: Stop FLYWHEEL
.EVS Port1 1980-012-14:13:33.99899 66/1/CFE_TIME 20: Start FLYWHEEL
..EVS Port1 1980-012-14:13:47.23907 66/1/CFE_TIME 20: Start FLYWHEEL
..1980-012-14:14:01.29992 CFE_ES_RunExceptionScan: ExceptionID 0x1110003 in TaskID 0: Caught SIGINT
1980-012-14:14:01.30064 CFE_ES_RunExceptionScan: Maximum Processor Reset count reached (2)
CFE_PSP: Exiting cFE with POWERON Reset status.
CFE_PSP: Critical Data Store Shared memory segment removed
Reset Area Shared memory segment removed
User Reserved Area Shared memory segment removed

CFE_PSP: Shutdown initiated - Exiting cFE
CI delete callback -- Closing CI Network socket.
TO delete callback -- Closing TO Network socket.
EXIT=124
