OS_BSP_Initialize():Maximum user msg queue depth = 512
CFE_PSP: Default Reset SubType = 1
CFE_PSP: Default CPU ID = 1
CFE_PSP: Default Spacecraft ID = 66
CFE_PSP: Default CPU Name: cpu1
OS_Posix_GetSchedulerParams():208:Policy 1: available, min-max: 1-99
OS_Posix_GetSchedulerParams():208:Policy 2: available, min-max: 1-99
OS_Posix_TaskAPI_Impl_Init():401:Selected policy 2 for RT tasks, root task = 99
OS_Posix_TaskAPI_Impl_Init():419:Could not setschedparam in main thread: Operation not permitted (1)
CFE_PSP: initializing module 'soft_timebase' with ID 0110ff00
CFE_PSP: Instantiated software timebase 'cFS-Master' running at 10000 usec
CFE_PSP: initializing module 'timebase_posix_clock' with ID 0110ff01
CFE_PSP: Using POSIX monotonic clock as CFE timebase
CFE_PSP: initializing module 'eeprom_mmap_file' with ID 0110ff02
CFE_PSP: Using MMAP simulated EEPROM implementation
CFE_PSP: initializing module 'port_notimpl' with ID 0110ff03
CFE_PSP: EEPROM Range (2) created: Start Address = E012809CE000, Size = 00080000 Status = 0
CFE_PSP: I/O Port access not implemented
CFE_PSP: initializing module 'iodriver' with ID 0110ff04
CFE_PSP: initializing module 'linux_sysmon' with ID 0110ff05
CFE_PSP: initializing module 'endian_api' with ID 0110ff06
CFE_PSP: Host CPU Endian=LITTLE
CFE_PSP: initializing module 'ram_notimpl' with ID 0110ff07
CFE_PSP: Physical RAM access not implemented
CFE_PSP: Normal exit from previous cFE instance
CFE_PSP: Starting the cFE with a PROCESSOR reset.
1980-001-07:46:52.86671 CFE_ES_Main: CFE_ES_Main in EARLY_INIT state
1980-001-07:46:52.87801 CFE_ES_InitializeFileSystems: Volatile Disk has 100 Percent free space.
Number of addresses returned by backtrace = 1
CFE_PSP: CFE_PSP_AttachExceptions called
1980-001-07:46:52.90598 CFE_ES_Main: CFE_ES_Main entering CORE_STARTUP state
1980-001-07:46:52.90745 CFE_ES_CreateObjects: Starting Object Creation calls.
1980-001-07:46:52.90768 CFE_ES_CreateObjects: Calling EarlyInit for CFE_CONFIG
1980-001-07:46:52.91142 CFE_ES_CreateObjects: Calling EarlyInit for CFE_ES
1980-001-07:46:52.91598 CFE_ES_CreateObjects: Calling EarlyInit for CFE_EVS
1980-001-07:46:52.91876 CFE_EVS_EarlyInit: Event Log restored, n=0, c=20, f=1, m=1, o=161
1980-001-07:46:52.91902 CFE_ES_CreateObjects: Calling EarlyInit for CFE_FS
1980-001-07:46:52.92090 CFE_ES_CreateObjects: Calling EarlyInit for CFE_SB
1980-001-07:46:52.93843 CFE_ES_CreateObjects: Calling EarlyInit for CFE_TBL
1980-001-07:46:52.95742 CFE_ES_CreateObjects: Calling EarlyInit for CFE_TIME
EVS Port1 1980-012-14:08:13.00605 66/1/CFE_ES 1: cFE ES Initialized: CFE_ES v7.0.1+dev1 (Draco) DEV BUILD, based on v7.0.1, EDS disabled
EVS Port1 1980-012-14:08:13.01724 66/1/CFE_ES 2: cFS Versions: cfe v7.0.1+dev1, osal v7.0.1+dev1, psp v7.0.1+dev1. cFE chksm 31659
EVS Port1 1980-012-14:08:13.02136 66/1/CFE_ES 91: Version Info: Mission SampleMission, version git:v7.0.1-90-g78c23b0-dirty
EVS Port1 1980-012-14:08:13.02253 66/1/CFE_ES 91: Version Info: Module CORE_API, version git:2612eb0
EVS Port1 1980-012-14:08:13.02455 66/1/CFE_ES 91: Version Info: Module CONFIG, version git:2612eb0
EVS Port1 1980-012-14:08:13.02656 66/1/CFE_ES 91: Version Info: Module ES, version git:2612eb0
EVS Port1 1980-012-14:08:13.02713 66/1/CFE_ES 91: Version Info: Module EVS, version git:2612eb0
EVS Port1 1980-012-14:08:13.02742 66/1/CFE_ES 91: Version Info: Module FS, version git:2612eb0
EVS Port1 1980-012-14:08:13.02758 66/1/CFE_ES 91: Version Info: Module SB, version git:2612eb0
EVS Port1 1980-012-14:08:13.02951 66/1/CFE_ES 91: Version Info: Module TBL, version git:2612eb0
EVS Port1 1980-012-14:08:13.03140 66/1/CFE_ES 91: Version Info: Module TIME, version git:2612eb0
EVS Port1 1980-012-14:08:13.03225 66/1/CFE_ES 91: Version Info: Module OSAL, version git:8111e4a
EVS Port1 1980-012-14:08:13.03419 66/1/CFE_ES 91: Version Info: Module PSP, version git:d1da809
EVS Port1 1980-012-14:08:13.03550 66/1/CFE_ES 91: Version Info: Module MSG, version git:2612eb0
EVS Port1 1980-012-14:08:13.03637 66/1/CFE_ES 91: Version Info: Module SBR, version git:2612eb0
EVS Port1 1980-012-14:08:13.03826 66/1/CFE_ES 91: Version Info: Module RESOURCEID, version git:2612eb0
EVS Port1 1980-012-14:08:13.04112 66/1/CFE_ES 92: Build 202609111416 by root@vm, config aarch64
EVS Port1 1980-012-14:08:13.15347 66/1/CFE_EVS 1: cFE EVS Initialized: CFE_EVS v7.0.1+dev1 (Draco) DEV BUILD, based on v7.0.1, EDS disabled
1980-012-14:08:13.25806 CFE_SB_AppInit: Registered 4 events for filtering
EVS Port1 1980-012-14:08:13.26251 66/1/CFE_SB 1: cFE SB Initialized: CFE_SB v7.0.1+dev1 (Draco) DEV BUILD, based on v7.0.1, EDS disabled
EVS Port1 1980-012-14:08:13.26344 66/1/CFE_SB 14: No subscribers for MsgId 0x808,sender CFE_SB
EVS Port1 1980-012-14:08:13.36616 66/1/CFE_TBL 1: cFE TBL Initialized: CFE_TBL v7.0.1+dev1 (Draco) DEV BUILD, based on v7.0.1, EDS disabled
EVS Port1 1980-012-14:08:13.36750 66/1/CFE_SB 14: No subscribers for MsgId 0x808,sender CFE_TBL
EVS Port1 1980-012-14:08:13.49653 66/1/CFE_TIME 1: cFE TIME Initialized: CFE_TIME v7.0.1+dev1 (Draco) DEV BUILD, based on v7.0.1, EDS disabled
EVS Port1 1980-012-14:08:13.49734 66/1/CFE_SB 14: No subscribers for MsgId 0x808,sender CFE_TIME
1980-012-14:08:13.52427 CFE_ES_CreateObjects: Finished ES CreateObject table entries.
1980-012-14:08:13.52458 CFE_ES_Main: CFE_ES_Main entering CORE_READY state
OS_FileOpen_Impl():110:open(/dev/shm/osal:RAM/cfe_es_startup.scr): No such file or directory
1980-012-14:08:13.60032 CFE_ES_OpenStartupScript: Cannot Open Volatile Startup file: /ram/cfe_es_startup.scr, Trying Nonvolatile.
1980-012-14:08:13.60356 CFE_ES_OpenStartupScript: Opened ES App Startup file: /cf/cfe_es_startup.scr
1980-012-14:08:13.65528 CFE_ES_ParseFileEntry: Loading shared library: /cf/cfe_assert.so
1980-012-14:08:13.68696 [BEGIN] CFE FUNCTIONAL TEST
1980-012-14:08:13.69105 [BEGIN] 01 CFE-STARTUP
1980-012-14:08:13.74233 CFE_ES_ParseFileEntry: Loading shared library: /cf/sample_lib.so
SAMPLE Lib Initialized.Sample Lib v7.0.0+dev1 (Draco) DEV BUILD, based on v7.0.1, EDS disabled
1980-012-14:08:13.79434 CFE_ES_ParseFileEntry: Loading file: /cf/sch_lab.so, APP: SCH_LAB
1980-012-14:08:13.82649 CFE_ES_ParseFileEntry: Loading file: /cf/ci_lab.so, APP: CI_LAB
SCH Lab Initialized.SCH Lab v7.0.1+dev1 (Draco) DEV BUILD, based on v7.0.1, EDS disabled
1980-012-14:08:13.90497 CFE_ES_ParseFileEntry: Loading file: /cf/to_lab.so, APP: TO_LAB
1980-012-14:08:14.00331 CFE_ES_ParseFileEntry: Loading file: /cf/sample_app.so, APP: SAMPLE_APP
EVS Port1 1980-012-14:08:14.04386 66/1/TO_LAB 1: TO Lab Initialized.TO Lab v7.0.1+dev1 (Draco) DEV BUILD, based on v7.0.1, EDS disabled, Awaiting enable command.
EVS Port1 1980-012-14:08:14.04998 66/1/CFE_SB 14: No subscribers for MsgId 0x808,sender TO_LAB
1980-012-14:08:14.05714 CI_LAB listening on UDP port: 1234
EVS Port1 1980-012-14:08:14.05758 66/1/CI_LAB 3: CI Lab Initialized.CI Lab App v7.0.1+dev1 (Draco) DEV BUILD, based on v7.0.1, EDS disabled
1980-012-14:08:14.09116 CFE_ES_ParseFileEntry: Loading file: /cf/ai_learner.so, APP: AI_LEARNER
EVS Port1 1980-012-14:08:14.13706 66/1/SAMPLE_APP 1: Sample App Initialized.Sample App v7.0.0+dev1 (Draco) DEV BUILD, based on v7.0.1, EDS disabled
1980-012-14:08:14.14957 CFE_ES_ParseFileEntry: Loading file: /cf/lc.so, APP: LC
{"app":"AI_LEARNER","stage":"build_config","model":"smartcam","allow_conditional_map":0,"contract_bounded_bytes":18222796,"contract_per_call_bytes":9382092,"contract_const_bytes":8840704,"contract_bound_known":true,"contract_artifact_sha256":"ecffe6e0bcbadf51c8482c73ab147e91fa857927d1183955e03a3257041c78f1"}
{"app":"AI_LEARNER","stage":"stack","es_stack_size":264063,"stack_base_bytes":262144,"contract_kernel_stack_bytes":1919,"kernel_stack_accounted":true}
EVS Port1 1980-012-14:08:14.18295 66/1/AI_LEARNER 8: AI_LEARNER stack: es=264063 base=262144 kernel=1919 accounted=1
EVS Port1 1980-012-14:08:14.18557 66/1/AI_LEARNER 1: AI_LEARNER NOT_ADMITTED: contract bounded=18222796 > budget=16777216; app will not start
{"app":"AI_LEARNER","stage":"admission","verdict":"NOT_ADMITTED","model":"smartcam","target":"aarch64-unknown-linux-gnu","bounded":18222796,"budget":16777216,"budget_source":"override","per_call":9382092,"constants":8840704,"kernel_stack_bytes":1919,"bound_known":true,"scope":"per_app_local_budget"}
{"app":"AI_LEARNER","stage":"cleanup","released":true,"cleanup_calls":1}
1980-012-14:08:14.19286 CFE_ES_ExitApp: Application AI_LEARNER called CFE_ES_ExitApp
1980-012-14:08:14.19718 CFE_ES_ParseFileEntry: Loading file: /cf/cf.so, APP: CF
EVS Port1 1980-012-14:08:14.23742 66/1/LC 56: WDT verify results: good = 0, bad = 0, unused = 176
1980-012-14:08:14.25357 CFE_ES_ParseFileEntry: Loading file: /cf/ds.so, APP: DS
EVS Port1 1980-012-14:08:14.25456 66/1/LC 66: ADT verify results: good = 0, bad = 0, unused = 176
EVS Port1 1980-012-14:08:14.26548 66/1/LC 23: LC use of Critical Data Store disabled, activity mask = 0x00991990
EVS Port1 1980-012-14:08:14.26626 66/1/LC 2: LC Initialized. Version 7.0.1.255
EVS Port1 1980-012-14:08:14.33940 66/1/CF 20: CF Initialized. Version 7.0.1.255
1980-012-14:08:14.34520 CFE_ES_ParseFileEntry: Loading file: /cf/fm.so, APP: FM
EVS Port1 1980-012-14:08:14.37408 66/1/DS 10: Destination file table verify results: good entries = 6, bad = 0, unused = 10
EVS Port1 1980-012-14:08:14.39324 66/1/DS 12: Filter table verify results: good entries = 14, bad = 0, unused = 242
EVS Port1 1980-012-14:08:14.41445 66/1/DS 1: Application initialized, version 7.0.1.255, data at 0xe012801b0460
1980-012-14:08:14.43023 CFE_ES_ParseFileEntry: Loading file: /cf/hk.so, APP: HK
EVS Port1 1980-012-14:08:14.43951 66/1/FM 80: Free Space Table verify results: good entries = 3, bad = 0, unused = 5
EVS Port1 1980-012-14:08:14.46620 66/1/FM 1: Initialization complete: version 7.0.1.255
1980-012-14:08:14.49230 CFE_ES_ParseFileEntry: Loading file: /cf/hs.so, APP: HS
1980-012-14:08:14.52220 CFE_ES_ParseFileEntry: Loading file: /cf/mm.so, APP: MM
EVS Port1 1980-012-14:08:14.52821 66/1/FM 72: Child Task initialization complete
EVS Port1 1980-012-14:08:14.55346 66/1/HK 1: HK Initialized.  Version 7.0.1.255
EVS Port1 1980-012-14:08:14.58047 66/1/HS 54: ExeCount verify results: good = 5, bad = 0, unused = 27
1980-012-14:08:14.58952 CFE_ES_ParseFileEntry: Loading file: /cf/sc.so, APP: SC
EVS Port1 1980-012-14:08:14.59231 66/1/HS 50: AppMon verify results: good = 0, bad = 0, unused = 32
EVS Port1 1980-012-14:08:14.60456 66/1/HS 52: EventMon verify results: good = 0, bad = 0, unused = 16
EVS Port1 1980-012-14:08:14.61418 66/1/MM 1: MM Initialized. Version 7.0.1.255
EVS Port1 1980-012-14:08:14.62832 66/1/HS 56: MsgActs verify results: good = 2, bad = 0, unused = 6
1980-012-14:08:14.63713 HS_SysMonInit(): System Monitor using PSP device ID 0110ff05
1980-012-14:08:14.66348 CFE_ES_ParseFileEntry: Loading file: /cf/md.so, APP: MD
CFE_PSP(Linux_SysMon): Started CPU utilization monitoring on 1 CPU(s)
EVS Port1 1980-012-14:08:14.66540 66/1/HS 1: HS Initialized.  Version 7.0.1.255
1980-012-14:08:14.73018 CFE_ES_ParseFileEntry: Loading file: /cf/cs.so, APP: CS
EVS Port1 1980-012-14:08:14.73825 66/1/SC 21: RTS table files not loaded at initialization = 0 of 4
EVS Port1 1980-012-14:08:14.78440 66/1/MD 52: MD Dwell Tbl verify results: good = 0, bad = 0, unused = 25
EVS Port1 1980-012-14:08:14.78350 66/1/SC 9: SC Initialized. Version 7.0.1.255
EVS Port1 1980-012-14:08:14.79844 66/1/MD 3: Recovered Dwell Table #1 is valid and has been copied to the MD App
EVS Port1 1980-012-14:08:14.80245 66/1/MD 52: MD Dwell Tbl verify results: good = 0, bad = 0, unused = 25
EVS Port1 1980-012-14:08:14.80534 66/1/MD 3: Recovered Dwell Table #2 is valid and has been copied to the MD App
EVS Port1 1980-012-14:08:14.80661 66/1/MD 52: MD Dwell Tbl verify results: good = 0, bad = 0, unused = 25
EVS Port1 1980-012-14:08:14.81245 66/1/MD 3: Recovered Dwell Table #3 is valid and has been copied to the MD App
EVS Port1 1980-012-14:08:14.81587 66/1/MD 52: MD Dwell Tbl verify results: good = 0, bad = 0, unused = 25
EVS Port1 1980-012-14:08:14.81657 66/1/MD 3: Recovered Dwell Table #4 is valid and has been copied to the MD App
EVS Port1 1980-012-14:08:14.81744 66/1/MD 7: Dwell Tables Recovered: 4, Dwell Tables Initialized: 0
EVS Port1 1980-012-14:08:14.82138 66/1/MD 1: MD Initialized.  Version 7.0.1.255
EVS Port1 1980-012-14:08:14.83724 66/1/CS 144: CS EEPROM Table verification results: good = 0, bad = 0, unused = 16
EVS Port1 1980-012-14:08:14.83944 66/1/CS 107: CS EEPROM Table: No valid entries in the table
EVS Port1 1980-012-14:08:14.84605 66/1/CS 143: CS Memory Table verification results: good = 0, bad = 0, unused = 16
EVS Port1 1980-012-14:08:14.84860 66/1/CS 107: CS Memory Table: No valid entries in the table
EVS Port1 1980-012-14:08:14.85781 66/1/CS 139: CS Tables Table verification results: good = 1, bad = 0, unused = 23
EVS Port1 1980-012-14:08:14.86515 66/1/CS 142: CS Apps Table verification results: good = 0, bad = 0, unused = 24
EVS Port1 1980-012-14:08:14.86627 66/1/CS 108: CS Apps Table: No valid entries in the table
EVS Port1 1980-012-14:08:14.86701 66/1/CS 127: OS Text Segment disabled due to platform
EVS Port1 1980-012-14:08:14.86775 66/1/CS 1: CS Initialized. Version 7.0.1.255
1980-012-14:08:14.88638 CFE_ES_Main: CFE_ES_Main entering APPS_INIT state
1980-012-14:08:14.88844 CFE_ES_Main: CFE_ES_Main entering OPERATIONAL state
EVS Port1 1980-012-14:08:14.92826 66/1/TO_LAB 19: L550 TO Lab subscribed to 32 messages from the table
EVS Port1 1980-012-14:08:15.15760 66/1/CFE_ES 14: ErrExit Application AI_LEARNER Success.
EVS Port1 1980-012-14:08:17.00730 66/1/CFE_TIME 21: Stop FLYWHEEL
.EVS Port1 1980-012-14:08:22.00408 66/1/CFE_TIME 21: Stop FLYWHEEL
EVS Port1 1980-012-14:08:23.00004 66/1/CFE_TIME 20: Start FLYWHEEL
.EVS Port1 1980-012-14:08:28.15060 66/1/CFE_TIME 20: Start FLYWHEEL
EVS Port1 1980-012-14:08:31.00624 66/1/CFE_TIME 21: Stop FLYWHEEL
..EVS Port1 1980-012-14:08:39.00503 66/1/CFE_TIME 21: Stop FLYWHEEL
EVS Port1 1980-012-14:08:40.03776 66/1/CFE_TIME 20: Start FLYWHEEL
EVS Port1 1980-012-14:08:41.01570 66/1/CFE_TIME 21: Stop FLYWHEEL
EVS Port1 1980-012-14:08:42.00476 66/1/CFE_TIME 20: Start FLYWHEEL
.EVS Port1 1980-012-14:08:45.12640 66/1/CFE_TIME 20: Start FLYWHEEL
EVS Port1 1980-012-14:08:49.00503 66/1/CFE_TIME 21: Stop FLYWHEEL
.EVS Port1 1980-012-14:08:52.10795 66/1/CFE_TIME 20: Start FLYWHEEL
EVS Port1 1980-012-14:08:52.00733 66/1/CFE_TIME 21: Stop FLYWHEEL
EVS Port1 1980-012-14:08:55.06927 66/1/CFE_TIME 20: Start FLYWHEEL
EVS Port1 1980-012-14:08:55.00352 66/1/CFE_TIME 21: Stop FLYWHEEL
.EVS Port1 1980-012-14:08:58.30279 66/1/CFE_TIME 20: Start FLYWHEEL
EVS Port1 1980-012-14:09:01.00384 66/1/CFE_TIME 21: Stop FLYWHEEL
.EVS Port1 1980-012-14:09:06.12295 66/1/CFE_TIME 20: Start FLYWHEEL
.EVS Port1 1980-012-14:09:08.00596 66/1/CFE_TIME 21: Stop FLYWHEEL
EVS Port1 1980-012-14:09:12.39942 66/1/CFE_TIME 20: Start FLYWHEEL
..EVS Port1 1980-012-14:09:20.01779 66/1/CFE_TIME 21: Stop FLYWHEEL
EVS Port1 1980-012-14:09:24.23893 66/1/CFE_TIME 20: Start FLYWHEEL
...EVS Port1 1980-012-14:09:39.00967 66/1/CFE_TIME 21: Stop FLYWHEEL
EVS Port1 1980-012-14:09:41.02857 66/1/CFE_TIME 21: Stop FLYWHEEL
EVS Port1 1980-012-14:09:42.02708 66/1/CFE_TIME 20: Start FLYWHEEL
.EVS Port1 1980-012-14:09:44.13275 66/1/CFE_TIME 20: Start FLYWHEEL
EVS Port1 1980-012-14:09:44.00697 66/1/CFE_TIME 21: Stop FLYWHEEL
EVS Port1 1980-012-14:09:48.08872 66/1/CFE_TIME 20: Start FLYWHEEL
.EVS Port1 1980-012-14:09:50.00511 66/1/CFE_TIME 21: Stop FLYWHEEL
EVS Port1 1980-012-14:09:53.35577 66/1/CFE_TIME 20: Start FLYWHEEL
.EVS Port1 1980-012-14:09:55.00595 66/1/CFE_TIME 21: Stop FLYWHEEL
EVS Port1 1980-012-14:09:58.18029 66/1/CFE_TIME 20: Start FLYWHEEL
.EVS Port1 1980-012-14:10:00.00733 66/1/CFE_TIME 21: Stop FLYWHEEL
EVS Port1 1980-012-14:10:02.00524 66/1/CFE_TIME 21: Stop FLYWHEEL
EVS Port1 1980-012-14:10:02.99749 66/1/CFE_TIME 20: Start FLYWHEEL
.EVS Port1 1980-012-14:10:11.03153 66/1/CFE_TIME 20: Start FLYWHEEL
EVS Port1 1980-012-14:10:11.00556 66/1/CFE_TIME 21: Stop FLYWHEEL
..EVS Port1 1980-012-14:10:22.01110 66/1/CFE_TIME 21: Stop FLYWHEEL
EVS Port1 1980-012-14:10:22.99398 66/1/CFE_TIME 20: Start FLYWHEEL
.EVS Port1 1980-012-14:10:26.17497 66/1/CFE_TIME 20: Start FLYWHEEL
EVS Port1 1980-012-14:10:26.00424 66/1/CFE_TIME 21: Stop FLYWHEEL
.EVS Port1 1980-012-14:10:33.01210 66/1/CFE_TIME 21: Stop FLYWHEEL
EVS Port1 1980-012-14:10:33.99261 66/1/CFE_TIME 20: Start FLYWHEEL
..EVS Port1 1980-012-14:10:47.01219 66/1/CFE_TIME 21: Stop FLYWHEEL
.EVS Port1 1980-012-14:10:48.01123 66/1/CFE_TIME 20: Start FLYWHEEL
EVS Port1 1980-012-14:10:50.00700 66/1/CFE_TIME 20: Start FLYWHEEL
EVS Port1 1980-012-14:10:50.00393 66/1/CFE_TIME 21: Stop FLYWHEEL
.EVS Port1 1980-012-14:10:54.43440 66/1/CFE_TIME 20: Start FLYWHEEL
..1980-012-14:11:06.93546 CFE_ES_RunExceptionScan: ExceptionID 0x1110002 in TaskID 0: Caught SIGINT
1980-012-14:11:06.93863 CFE_ES_RunExceptionScan: Processor Reset count not reached (1/2)
CFE_PSP: Exiting cFE with PROCESSOR Reset status.

CFE_PSP: Shutdown initiated - Exiting cFE
CI delete callback -- Closing CI Network socket.
TO delete callback -- Closing TO Network socket.
EXIT=124
