OS_BSP_Initialize():Maximum user msg queue depth = 512
CFE_PSP: Default Reset SubType = 1
CFE_PSP: Default CPU ID = 1
CFE_PSP: Default Spacecraft ID = 66
CFE_PSP: Default CPU Name: cpu1
OS_Posix_GetSchedulerParams():208:Policy 1: available, min-max: 1-99
OS_Posix_GetSchedulerParams():208:Policy 2: available, min-max: 1-99
OS_Posix_TaskAPI_Impl_Init():401:Selected policy 2 for RT tasks, root task = 99
OS_Posix_TaskAPI_Impl_Init():419:Could not setschedparam in main thread: Operation not permitted (1)
CFE_PSP: initializing module 'soft_timebase' with ID 0110ff00
CFE_PSP: Instantiated software timebase 'cFS-Master' running at 10000 usec
CFE_PSP: initializing module 'timebase_posix_clock' with ID 0110ff01
CFE_PSP: Using POSIX monotonic clock as CFE timebase
CFE_PSP: initializing module 'eeprom_mmap_file' with ID 0110ff02
CFE_PSP: Using MMAP simulated EEPROM implementation
CFE_PSP: initializing module 'port_notimpl' with ID 0110ff03
CFE_PSP: I/O Port access not implementedCFE_PSP: EEPROM Range (2) created: Start Address = E049F39FE000, Size = 00080000 Status = 0

CFE_PSP: initializing module 'iodriver' with ID 0110ff04
CFE_PSP: initializing module 'linux_sysmon' with ID 0110ff05
CFE_PSP: initializing module 'endian_api' with ID 0110ff06
CFE_PSP: Host CPU Endian=LITTLE
CFE_PSP: initializing module 'ram_notimpl' with ID 0110ff07
CFE_PSP: Physical RAM access not implemented
CFE_PSP: Starting the cFE with a POWER ON reset.
CFE_PSP: Clearing out CFE CDS Shared memory segment.
CFE_PSP: Clearing out CFE Reset Shared memory segment.
CFE_PSP: Clearing out CFE User Reserved Shared memory segment.
1980-001-00:40:22.96979 CFE_ES_SetupResetVariables: POWER ON RESET due to Power Cycle (Power Cycle).
1980-001-00:40:22.98071 CFE_ES_Main: CFE_ES_Main in EARLY_INIT state
Number of addresses returned by backtrace = 1
CFE_PSP: CFE_PSP_AttachExceptions called
1980-001-00:40:23.00339 CFE_ES_Main: CFE_ES_Main entering CORE_STARTUP state
1980-001-00:40:23.00358 CFE_ES_CreateObjects: Starting Object Creation calls.
1980-001-00:40:23.00372 CFE_ES_CreateObjects: Calling EarlyInit for CFE_CONFIG
1980-001-00:40:23.00687 CFE_ES_CreateObjects: Calling EarlyInit for CFE_ES
1980-001-00:40:23.01133 CFE_ES_CreateObjects: Calling EarlyInit for CFE_EVS
1980-001-00:40:23.01366 CFE_EVS_EarlyInit: Event Log cleared following power-on reset
1980-001-00:40:23.01479 CFE_ES_CreateObjects: Calling EarlyInit for CFE_FS
1980-001-00:40:23.01527 CFE_ES_CreateObjects: Calling EarlyInit for CFE_SB
1980-001-00:40:23.03106 CFE_ES_CreateObjects: Calling EarlyInit for CFE_TBL
1980-001-00:40:23.05082 CFE_ES_CreateObjects: Calling EarlyInit for CFE_TIME
EVS Port1 1980-012-14:03:20.07711 66/1/CFE_ES 1: cFE ES Initialized: CFE_ES v7.0.1+dev1 (Draco) DEV BUILD, based on v7.0.1, EDS disabled
EVS Port1 1980-012-14:03:20.08288 66/1/CFE_ES 2: cFS Versions: cfe v7.0.1+dev1, osal v7.0.1+dev1, psp v7.0.1+dev1. cFE chksm 31659
EVS Port1 1980-012-14:03:20.08534 66/1/CFE_ES 91: Version Info: Mission SampleMission, version git:v7.0.1-90-g78c23b0-dirty
EVS Port1 1980-012-14:03:20.08616 66/1/CFE_ES 91: Version Info: Module CORE_API, version git:2612eb0
EVS Port1 1980-012-14:03:20.08776 66/1/CFE_ES 91: Version Info: Module CONFIG, version git:2612eb0
EVS Port1 1980-012-14:03:20.08815 66/1/CFE_ES 91: Version Info: Module ES, version git:2612eb0
EVS Port1 1980-012-14:03:20.08839 66/1/CFE_ES 91: Version Info: Module EVS, version git:2612eb0
EVS Port1 1980-012-14:03:20.08888 66/1/CFE_ES 91: Version Info: Module FS, version git:2612eb0
EVS Port1 1980-012-14:03:20.08912 66/1/CFE_ES 91: Version Info: Module SB, version git:2612eb0
EVS Port1 1980-012-14:03:20.08934 66/1/CFE_ES 91: Version Info: Module TBL, version git:2612eb0
EVS Port1 1980-012-14:03:20.09045 66/1/CFE_ES 91: Version Info: Module TIME, version git:2612eb0
EVS Port1 1980-012-14:03:20.09184 66/1/CFE_ES 91: Version Info: Module OSAL, version git:8111e4a
EVS Port1 1980-012-14:03:20.09301 66/1/CFE_ES 91: Version Info: Module PSP, version git:d1da809
EVS Port1 1980-012-14:03:20.09327 66/1/CFE_ES 91: Version Info: Module MSG, version git:2612eb0
EVS Port1 1980-012-14:03:20.09349 66/1/CFE_ES 91: Version Info: Module SBR, version git:2612eb0
EVS Port1 1980-012-14:03:20.09400 66/1/CFE_ES 91: Version Info: Module RESOURCEID, version git:2612eb0
EVS Port1 1980-012-14:03:20.09437 66/1/CFE_ES 92: Build 202609101208 by root@vm, config aarch64
EVS Port1 1980-012-14:03:20.16685 66/1/CFE_EVS 1: cFE EVS Initialized: CFE_EVS v7.0.1+dev1 (Draco) DEV BUILD, based on v7.0.1, EDS disabled
1980-012-14:03:20.27018 CFE_SB_AppInit: Registered 4 events for filtering
EVS Port1 1980-012-14:03:20.27380 66/1/CFE_SB 1: cFE SB Initialized: CFE_SB v7.0.1+dev1 (Draco) DEV BUILD, based on v7.0.1, EDS disabled
EVS Port1 1980-012-14:03:20.27426 66/1/CFE_SB 14: No subscribers for MsgId 0x808,sender CFE_SB
EVS Port1 1980-012-14:03:20.37911 66/1/CFE_TBL 1: cFE TBL Initialized: CFE_TBL v7.0.1+dev1 (Draco) DEV BUILD, based on v7.0.1, EDS disabled
EVS Port1 1980-012-14:03:20.37989 66/1/CFE_SB 14: No subscribers for MsgId 0x808,sender CFE_TBL
EVS Port1 1980-012-14:03:20.49516 66/1/CFE_TIME 1: cFE TIME Initialized: CFE_TIME v7.0.1+dev1 (Draco) DEV BUILD, based on v7.0.1, EDS disabled
EVS Port1 1980-012-14:03:20.49681 66/1/CFE_SB 14: No subscribers for MsgId 0x808,sender CFE_TIME
1980-012-14:03:20.53098 CFE_ES_CreateObjects: Finished ES CreateObject table entries.
1980-012-14:03:20.53127 CFE_ES_Main: CFE_ES_Main entering CORE_READY state
1980-012-14:03:20.53774 CFE_ES_OpenStartupScript: Opened ES App Startup file: /cf/cfe_es_startup.scr
1980-012-14:03:20.56933 CFE_ES_ParseFileEntry: Loading shared library: /cf/cfe_assert.so
1980-012-14:03:20.58386 [BEGIN] CFE FUNCTIONAL TEST
1980-012-14:03:20.58590 [BEGIN] 01 CFE-STARTUP
1980-012-14:03:20.61132 CFE_ES_ParseFileEntry: Loading shared library: /cf/sample_lib.so
SAMPLE Lib Initialized.Sample Lib v7.0.0+dev1 (Draco) DEV BUILD, based on v7.0.1, EDS disabled
1980-012-14:03:20.64520 CFE_ES_ParseFileEntry: Loading file: /cf/sch_lab.so, APP: SCH_LAB
1980-012-14:03:20.68893 CFE_ES_ParseFileEntry: Loading file: /cf/ci_lab.so, APP: CI_LAB
SCH Lab Initialized.SCH Lab v7.0.1+dev1 (Draco) DEV BUILD, based on v7.0.1, EDS disabled
1980-012-14:03:20.76689 CFE_ES_ParseFileEntry: Loading file: /cf/to_lab.so, APP: TO_LAB
1980-012-14:03:20.86026 CFE_ES_ParseFileEntry: Loading file: /cf/sample_app.so, APP: SAMPLE_APP
EVS Port1 1980-012-14:03:20.88941 66/1/TO_LAB 1: TO Lab Initialized.TO Lab v7.0.1+dev1 (Draco) DEV BUILD, based on v7.0.1, EDS disabled, Awaiting enable command.
EVS Port1 1980-012-14:03:20.89227 66/1/CFE_SB 14: No subscribers for MsgId 0x808,sender TO_LAB
1980-012-14:03:20.93618 CI_LAB listening on UDP port: 1234
EVS Port1 1980-012-14:03:20.93682 66/1/CI_LAB 3: CI Lab Initialized.CI Lab App v7.0.1+dev1 (Draco) DEV BUILD, based on v7.0.1, EDS disabled
1980-012-14:03:20.95202 CFE_ES_ParseFileEntry: Loading file: /cf/ai_learner.so, APP: AI_LEARNER
EVS Port1 1980-012-14:03:20.97137 66/1/SAMPLE_APP 1: Sample App Initialized.Sample App v7.0.0+dev1 (Draco) DEV BUILD, based on v7.0.1, EDS disabled
1980-012-14:03:21.00035 CFE_ES_ParseFileEntry: Loading file: /cf/lc.so, APP: LC
1980-012-14:03:21.03073 CFE_ES_ParseFileEntry: Loading file: /cf/cf.so, APP: CF
{"app":"AI_LEARNER","stage":"stack","es_stack_size":264063,"stack_base_bytes":262144,"contract_kernel_stack_bytes":1919,"kernel_stack_accounted":true}
EVS Port1 1980-012-14:03:21.04031 66/1/AI_LEARNER 8: AI_LEARNER stack: es=264063 base=262144 kernel=1919 accounted=1
{"app":"AI_LEARNER","stage":"admission","verdict":"ADMIT","model":"smartcam","target":"aarch64-unknown-linux-gnu","bounded":18222796,"budget":18222797,"budget_source":"macro","per_call":9382092,"constants":8840704,"kernel_stack_bytes":1919,"bound_known":true,"scope":"per_app_local_budget"}
EVS Port1 1980-012-14:03:21.09313 66/1/LC 56: WDT verify results: good = 0, bad = 0, unused = 176
1980-012-14:03:21.10823 CFE_ES_ParseFileEntry: Loading file: /cf/ds.so, APP: DS
EVS Port1 1980-012-14:03:21.11231 66/1/LC 66: ADT verify results: good = 0, bad = 0, unused = 176
EVS Port1 1980-012-14:03:21.12110 66/1/LC 23: LC use of Critical Data Store disabled, activity mask = 0x00991990
EVS Port1 1980-012-14:03:21.12608 66/1/LC 2: LC Initialized. Version 7.0.1.255
EVS Port1 1980-012-14:03:21.19013 66/1/CF 20: CF Initialized. Version 7.0.1.255
1980-012-14:03:21.21795 CFE_ES_ParseFileEntry: Loading file: /cf/fm.so, APP: FM
EVS Port1 1980-012-14:03:21.24295 66/1/DS 10: Destination file table verify results: good entries = 6, bad = 0, unused = 10
EVS Port1 1980-012-14:03:21.26206 66/1/DS 12: Filter table verify results: good entries = 14, bad = 0, unused = 242
EVS Port1 1980-012-14:03:21.28005 66/1/DS 1: Application initialized, version 7.0.1.255, data at 0xe049f2950460
1980-012-14:03:21.31431 CFE_ES_ParseFileEntry: Loading file: /cf/hk.so, APP: HK
EVS Port1 1980-012-14:03:21.33134 66/1/FM 80: Free Space Table verify results: good entries = 3, bad = 0, unused = 5
EVS Port1 1980-012-14:03:21.36138 66/1/FM 1: Initialization complete: version 7.0.1.255
1980-012-14:03:21.40422 CFE_ES_ParseFileEntry: Loading file: /cf/hs.so, APP: HS
EVS Port1 1980-012-14:03:21.44000 66/1/FM 72: Child Task initialization complete
EVS Port1 1980-012-14:03:21.47036 66/1/HK 1: HK Initialized.  Version 7.0.1.255
1980-012-14:03:21.50636 CFE_ES_ParseFileEntry: Loading file: /cf/mm.so, APP: MM
EVS Port1 1980-012-14:03:21.52015 66/1/HS 54: ExeCount verify results: good = 5, bad = 0, unused = 27
EVS Port1 1980-012-14:03:21.53520 66/1/HS 50: AppMon verify results: good = 0, bad = 0, unused = 32
EVS Port1 1980-012-14:03:21.55033 66/1/HS 52: EventMon verify results: good = 0, bad = 0, unused = 16
EVS Port1 1980-012-14:03:21.57122 66/1/HS 56: MsgActs verify results: good = 2, bad = 0, unused = 6
1980-012-14:03:21.58989 HS_SysMonInit(): System Monitor using PSP device ID 0110ff05
EVS Port1 1980-012-14:03:21.60884 66/1/MM 1: MM Initialized. Version 7.0.1.255
1980-012-14:03:21.63010 CFE_ES_ParseFileEntry: Loading file: /cf/sc.so, APP: SC
CFE_PSP(Linux_SysMon): Started CPU utilization monitoring on 1 CPU(s)
EVS Port1 1980-012-14:03:21.64099 66/1/HS 1: HS Initialized.  Version 7.0.1.255
1980-012-14:03:21.71035 CFE_ES_ParseFileEntry: Loading file: /cf/md.so, APP: MD
EVS Port1 1980-012-14:03:21.80407 66/1/SC 21: RTS table files not loaded at initialization = 0 of 4
1980-012-14:03:21.80715 CFE_ES_ParseFileEntry: Loading file: /cf/cs.so, APP: CS
EVS Port1 1980-012-14:03:21.81427 66/1/SC 9: SC Initialized. Version 7.0.1.255
EVS Port1 1980-012-14:03:21.82116 66/1/MD 52: MD Dwell Tbl verify results: good = 0, bad = 0, unused = 25
EVS Port1 1980-012-14:03:21.84422 66/1/MD 52: MD Dwell Tbl verify results: good = 0, bad = 0, unused = 25
EVS Port1 1980-012-14:03:21.86392 66/1/MD 52: MD Dwell Tbl verify results: good = 0, bad = 0, unused = 25
EVS Port1 1980-012-14:03:21.87449 66/1/MD 52: MD Dwell Tbl verify results: good = 0, bad = 0, unused = 25
EVS Port1 1980-012-14:03:21.87821 66/1/MD 7: Dwell Tables Recovered: 0, Dwell Tables Initialized: 4
EVS Port1 1980-012-14:03:21.88107 66/1/MD 1: MD Initialized.  Version 7.0.1.255
EVS Port1 1980-012-14:03:21.92990 66/1/CS 144: CS EEPROM Table verification results: good = 0, bad = 0, unused = 16
EVS Port1 1980-012-14:03:21.93493 66/1/CS 107: CS EEPROM Table: No valid entries in the table
EVS Port1 1980-012-14:03:21.94528 66/1/CS 143: CS Memory Table verification results: good = 0, bad = 0, unused = 16
EVS Port1 1980-012-14:03:21.94972 66/1/CS 107: CS Memory Table: No valid entries in the table
EVS Port1 1980-012-14:03:21.96234 66/1/CS 139: CS Tables Table verification results: good = 1, bad = 0, unused = 23
EVS Port1 1980-012-14:03:21.97676 66/1/CS 142: CS Apps Table verification results: good = 0, bad = 0, unused = 24
EVS Port1 1980-012-14:03:21.98017 66/1/CS 108: CS Apps Table: No valid entries in the table
EVS Port1 1980-012-14:03:21.98437 66/1/CS 127: OS Text Segment disabled due to platform
EVS Port1 1980-012-14:03:21.98893 66/1/CS 1: CS Initialized. Version 7.0.1.255
EVS Port1 1980-012-14:03:22.00729 66/1/CFE_TIME 21: Stop FLYWHEEL
1980-012-14:03:22.88387 CFE_ES_Main: Startup Sync failed - Applications may not have all initialized
1980-012-14:03:22.88428 CFE_ES_Main: CFE_ES_Main entering APPS_INIT state
{"app":"AI_LEARNER","stage":"binding","verdict":"MATCH","artifact_bytes":8991281,"artifact_sha256":"ecffe6e0bcbadf51","contract_sha256":"ecffe6e0bcbadf51"}
{"app":"AI_LEARNER","stage":"map_branch","model":"smartcam","module_ptr_mod64":0,"hal_peak_after_append":0,"contract_const_bytes":8840704,"contract_per_call_bytes":9382092,"arm":"map","admission_mode":"unconditional"}
{"app":"AI_LEARNER","stage":"mem_init","model":"smartcam","target":"aarch64-unknown-linux-gnu","hal_peak":602112,"hal_allocated":602112,"bounded":18222796,"peak_within_bounded":true,"inferences_so_far":0,"process_rss_kb":17160,"rss_kb_before_runtime":15420,"rss_kb_after_session":15708,"rss_kb_after_init":17160}
{"app":"AI_LEARNER","stage":"e25_mode","active":false,"inputs_path":"/cf/e25_inputs.bin"}
EVS Port1 1980-012-14:03:23.15423 66/1/AI_LEARNER 3: AI_LEARNER initialized: model smartcam (8991281 B), rss_delta_init=1740 KB
1980-012-14:03:23.18977 CFE_ES_Main: CFE_ES_Main entering OPERATIONAL state
EVS Port1 1980-012-14:03:23.19633 66/1/TO_LAB 19: L550 TO Lab subscribed to 32 messages from the table
.EVS Port1 1980-012-14:03:33.58065 66/1/AI_LEARNER 4: AI_LEARNER completed=1/1 mean=7902331.7us max=7902331.7us hal_peak=9382092 within_bounded=1
{"app":"AI_LEARNER","stage":"run","model":"smartcam","target":"aarch64-unknown-linux-gnu","attempted":1,"completed":1,"fail_input":0,"fail_invoke":0,"fail_output":0,"mean_us":7902331.73,"max_us":7902331.73,"last_us":7902331.73,"out0":0.83385,"out":[0.833847,0.115514,0.050638]}
{"app":"AI_LEARNER","stage":"mem","model":"smartcam","target":"aarch64-unknown-linux-gnu","completed":1,"hal_peak":9382092,"peak_within_bounded":true,"admitted_budget_bytes":18222797,"peak_within_admitted_budget":true,"admission_mode":"unconditional","hal_bytes_per_call_amortized":9382092.0,"process_rss_kb":17780,"process_rss_delta_init_kb":1740}
.EVS Port1 1980-012-14:03:40.96748 66/1/AI_LEARNER 4: AI_LEARNER completed=2/2 mean=7636396.1us max=7902331.7us hal_peak=9382092 within_bounded=1
{"app":"AI_LEARNER","stage":"run","model":"smartcam","target":"aarch64-unknown-linux-gnu","attempted":2,"completed":2,"fail_input":0,"fail_invoke":0,"fail_output":0,"mean_us":7636396.14,"max_us":7902331.73,"last_us":7370460.54,"out0":0.83385,"out":[0.833847,0.115514,0.050638]}
{"app":"AI_LEARNER","stage":"mem","model":"smartcam","target":"aarch64-unknown-linux-gnu","completed":2,"hal_peak":9382092,"peak_within_bounded":true,"admitted_budget_bytes":18222797,"peak_within_admitted_budget":true,"admission_mode":"unconditional","hal_bytes_per_call_amortized":9081036.0,"process_rss_kb":26356,"process_rss_delta_init_kb":1740}
..EVS Port1 1980-012-14:03:48.22384 66/1/AI_LEARNER 4: AI_LEARNER completed=3/3 mean=7505508.8us max=7902331.7us hal_peak=9382092 within_bounded=1
{"app":"AI_LEARNER","stage":"run","model":"smartcam","target":"aarch64-unknown-linux-gnu","attempted":3,"completed":3,"fail_input":0,"fail_invoke":0,"fail_output":0,"mean_us":7505508.85,"max_us":7902331.73,"last_us":7243734.27,"out0":0.83385,"out":[0.833847,0.115514,0.050638]}
{"app":"AI_LEARNER","stage":"mem","model":"smartcam","target":"aarch64-unknown-linux-gnu","completed":3,"hal_peak":9382092,"peak_within_bounded":true,"admitted_budget_bytes":18222797,"peak_within_admitted_budget":true,"admission_mode":"unconditional","hal_bytes_per_call_amortized":8980684.0,"process_rss_kb":26356,"process_rss_delta_init_kb":1740}
.EVS Port1 1980-012-14:03:55.00640 66/1/CFE_TIME 21: Stop FLYWHEEL
EVS Port1 1980-012-14:03:55.99902 66/1/CFE_TIME 20: Start FLYWHEEL
{"app":"AI_LEARNER","stage":"run","model":"smartcam","target":"aarch64-unknown-linux-gnu","attempted":4,"completed":4,"fail_input":0,"fail_invoke":0,"fail_output":0,"mean_us":7577708.14,"max_us":7902331.73,"last_us":7794306.03,"out0":0.83385,"out":[0.833847,0.115514,0.050638]}
EVS Port1 1980-012-14:03:56.01245 66/1/AI_LEARNER 4: AI_LEARNER completed=4/4 mean=7577708.1us max=7902331.7us hal_peak=9382092 within_bounded=1
{"app":"AI_LEARNER","stage":"mem","model":"smartcam","target":"aarch64-unknown-linux-gnu","completed":4,"hal_peak":9382092,"peak_within_bounded":true,"admitted_budget_bytes":18222797,"peak_within_admitted_budget":true,"admission_mode":"unconditional","hal_bytes_per_call_amortized":8930508.0,"process_rss_kb":26360,"process_rss_delta_init_kb":1740}
.EVS Port1 1980-012-14:04:01.65731 66/1/CFE_SB 17: Msg Limit Err,MsgId 0x800,pipe AI_LEARNER_PIPE,sender CFE_ES
{"app":"AI_LEARNER","stage":"run","model":"smartcam","target":"aarch64-unknown-linux-gnu","attempted":5,"completed":5,"fail_input":0,"fail_invoke":0,"fail_output":0,"mean_us":7490910.97,"max_us":7902331.73,"last_us":7143722.27,"out0":0.83385,"out":[0.833847,0.115514,0.050638]}
EVS Port1 1980-012-14:04:03.16877 66/1/AI_LEARNER 4: AI_LEARNER completed=5/5 mean=7490911.0us max=7902331.7us hal_peak=9382092 within_bounded=1
{"app":"AI_LEARNER","stage":"mem","model":"smartcam","target":"aarch64-unknown-linux-gnu","completed":5,"hal_peak":9382092,"peak_within_bounded":true,"admitted_budget_bytes":18222797,"peak_within_admitted_budget":true,"admission_mode":"unconditional","hal_bytes_per_call_amortized":8900402.4,"process_rss_kb":26360,"process_rss_delta_init_kb":1740}
.EVS Port1 1980-012-14:04:09.65460 66/1/CFE_SB 17: Msg Limit Err,MsgId 0x800,pipe AI_LEARNER_PIPE,sender CFE_ES
{"app":"AI_LEARNER","stage":"run","model":"smartcam","target":"aarch64-unknown-linux-gnu","attempted":6,"completed":6,"fail_input":0,"fail_invoke":0,"fail_output":0,"mean_us":7518417.66,"max_us":7902331.73,"last_us":7655951.09,"out0":0.83385,"out":[0.833847,0.115514,0.050638]}
EVS Port1 1980-012-14:04:10.83496 66/1/AI_LEARNER 4: AI_LEARNER completed=6/6 mean=7518417.7us max=7902331.7us hal_peak=9382092 within_bounded=1
{"app":"AI_LEARNER","stage":"mem","model":"smartcam","target":"aarch64-unknown-linux-gnu","completed":6,"hal_peak":9382092,"peak_within_bounded":true,"admitted_budget_bytes":18222797,"peak_within_admitted_budget":true,"admission_mode":"unconditional","hal_bytes_per_call_amortized":8880332.0,"process_rss_kb":26360,"process_rss_delta_init_kb":1740}
..EVS Port1 1980-012-14:04:17.65049 66/1/CFE_SB 17: Msg Limit Err,MsgId 0x800,pipe AI_LEARNER_PIPE,sender CFE_ES
{"app":"AI_LEARNER","stage":"run","model":"smartcam","target":"aarch64-unknown-linux-gnu","attempted":7,"completed":7,"fail_input":0,"fail_invoke":0,"fail_output":0,"mean_us":7518868.04,"max_us":7902331.73,"last_us":7521570.35,"out0":0.83385,"out":[0.833847,0.115514,0.050638]}
EVS Port1 1980-012-14:04:18.37391 66/1/AI_LEARNER 4: AI_LEARNER completed=7/7 mean=7518868.0us max=7902331.7us hal_peak=9382092 within_bounded=1
{"app":"AI_LEARNER","stage":"mem","model":"smartcam","target":"aarch64-unknown-linux-gnu","completed":7,"hal_peak":9382092,"peak_within_bounded":true,"admitted_budget_bytes":18222797,"peak_within_admitted_budget":true,"admission_mode":"unconditional","hal_bytes_per_call_amortized":8865996.0,"process_rss_kb":26360,"process_rss_delta_init_kb":1740}
EVS Port1 1980-012-14:04:20.00534 66/1/CFE_TIME 21: Stop FLYWHEEL
EVS Port1 1980-012-14:04:21.00398 66/1/CFE_TIME 20: Start FLYWHEEL
.EVS Port1 1980-012-14:04:25.67614 66/1/CFE_SB 17: Msg Limit Err,MsgId 0x800,pipe AI_LEARNER_PIPE,sender CFE_ES
{"app":"AI_LEARNER","stage":"run","model":"smartcam","target":"aarch64-unknown-linux-gnu","attempted":8,"completed":8,"fail_input":0,"fail_invoke":0,"fail_output":0,"mean_us":7501013.68,"max_us":7902331.73,"last_us":7376033.17,"out0":0.83385,"out":[0.833847,0.115514,0.050638]}
EVS Port1 1980-012-14:04:25.72190 66/1/AI_LEARNER 4: AI_LEARNER completed=8/8 mean=7501013.7us max=7902331.7us hal_peak=9382092 within_bounded=1
{"app":"AI_LEARNER","stage":"mem","model":"smartcam","target":"aarch64-unknown-linux-gnu","completed":8,"hal_peak":9382092,"peak_within_bounded":true,"admitted_budget_bytes":18222797,"peak_within_admitted_budget":true,"admission_mode":"unconditional","hal_bytes_per_call_amortized":8855244.0,"process_rss_kb":26364,"process_rss_delta_init_kb":1740}
.EVS Port1 1980-012-14:04:33.26179 66/1/AI_LEARNER 4: AI_LEARNER completed=9/9 mean=7504085.6us max=7902331.7us hal_peak=9382092 within_bounded=1
{"app":"AI_LEARNER","stage":"run","model":"smartcam","target":"aarch64-unknown-linux-gnu","attempted":9,"completed":9,"fail_input":0,"fail_invoke":0,"fail_output":0,"mean_us":7504085.57,"max_us":7902331.73,"last_us":7528660.67,"out0":0.83385,"out":[0.833847,0.115514,0.050638]}
{"app":"AI_LEARNER","stage":"mem","model":"smartcam","target":"aarch64-unknown-linux-gnu","completed":9,"hal_peak":9382092,"peak_within_bounded":true,"admitted_budget_bytes":18222797,"peak_within_admitted_budget":true,"admission_mode":"unconditional","hal_bytes_per_call_amortized":8846881.3,"process_rss_kb":26364,"process_rss_delta_init_kb":1740}
.EVS Port1 1980-012-14:04:37.65518 66/1/CFE_SB 17: Msg Limit Err,MsgId 0x800,pipe AI_LEARNER_PIPE,sender CFE_ES
{"app":"AI_LEARNER","stage":"run","model":"smartcam","target":"aarch64-unknown-linux-gnu","attempted":10,"completed":10,"fail_input":0,"fail_invoke":0,"fail_output":0,"mean_us":7473085.97,"max_us":7902331.73,"last_us":7194089.58,"out0":0.83385,"out":[0.833847,0.115514,0.050638]}
EVS Port1 1980-012-14:04:40.48002 66/1/AI_LEARNER 4: AI_LEARNER completed=10/10 mean=7473086.0us max=7902331.7us hal_peak=9382092 within_bounded=1
{"app":"AI_LEARNER","stage":"mem","model":"smartcam","target":"aarch64-unknown-linux-gnu","completed":10,"hal_peak":9382092,"peak_within_bounded":true,"admitted_budget_bytes":18222797,"peak_within_admitted_budget":true,"admission_mode":"unconditional","hal_bytes_per_call_amortized":8840191.2,"process_rss_kb":26364,"process_rss_delta_init_kb":1740}
.EVS Port1 1980-012-14:04:45.65919 66/1/CFE_SB 17: Msg Limit Err,MsgId 0x800,pipe AI_LEARNER_PIPE,sender CFE_ES
.EVS Port1 1980-012-14:04:48.11990 66/1/AI_LEARNER 4: AI_LEARNER completed=11/11 mean=7487970.4us max=7902331.7us hal_peak=9382092 within_bounded=1
{"app":"AI_LEARNER","stage":"run","model":"smartcam","target":"aarch64-unknown-linux-gnu","attempted":11,"completed":11,"fail_input":0,"fail_invoke":0,"fail_output":0,"mean_us":7487970.40,"max_us":7902331.73,"last_us":7636814.74,"out0":0.83385,"out":[0.833847,0.115514,0.050638]}
{"app":"AI_LEARNER","stage":"mem","model":"smartcam","target":"aarch64-unknown-linux-gnu","completed":11,"hal_peak":9382092,"peak_within_bounded":true,"admitted_budget_bytes":18222797,"peak_within_admitted_budget":true,"admission_mode":"unconditional","hal_bytes_per_call_amortized":8834717.5,"process_rss_kb":26364,"process_rss_delta_init_kb":1740}
EVS Port1 1980-012-14:04:50.00744 66/1/CFE_TIME 21: Stop FLYWHEEL
EVS Port1 1980-012-14:04:50.99166 66/1/CFE_TIME 20: Start FLYWHEEL
.EVS Port1 1980-012-14:04:53.65907 66/1/CFE_SB 17: Msg Limit Err,MsgId 0x800,pipe AI_LEARNER_PIPE,sender CFE_ES
{"app":"AI_LEARNER","stage":"run","model":"smartcam","target":"aarch64-unknown-linux-gnu","attempted":12,"completed":12,"fail_input":0,"fail_invoke":0,"fail_output":0,"mean_us":7506516.75,"max_us":7902331.73,"last_us":7710526.59,"out0":0.83385,"out":[0.833847,0.115514,0.050638]}
EVS Port1 1980-012-14:04:55.82391 66/1/AI_LEARNER 4: AI_LEARNER completed=12/12 mean=7506516.8us max=7902331.7us hal_peak=9382092 within_bounded=1
{"app":"AI_LEARNER","stage":"mem","model":"smartcam","target":"aarch64-unknown-linux-gnu","completed":12,"hal_peak":9382092,"peak_within_bounded":true,"admitted_budget_bytes":18222797,"peak_within_admitted_budget":true,"admission_mode":"unconditional","hal_bytes_per_call_amortized":8830156.0,"process_rss_kb":26364,"process_rss_delta_init_kb":1740}
.EVS Port1 1980-012-14:05:01.65548 66/1/CFE_SB 17: Msg Limit Err,MsgId 0x800,pipe AI_LEARNER_PIPE,sender CFE_ES
EVS Port1 1980-012-14:05:03.10345 66/1/AI_LEARNER 4: AI_LEARNER completed=13/13 mean=7488046.2us max=7902331.7us hal_peak=9382092 within_bounded=1
{"app":"AI_LEARNER","stage":"run","model":"smartcam","target":"aarch64-unknown-linux-gnu","attempted":13,"completed":13,"fail_input":0,"fail_invoke":0,"fail_output":0,"mean_us":7488046.22,"max_us":7902331.73,"last_us":7266399.82,"out0":0.83385,"out":[0.833847,0.115514,0.050638]}
{"app":"AI_LEARNER","stage":"mem","model":"smartcam","target":"aarch64-unknown-linux-gnu","completed":13,"hal_peak":9382092,"peak_within_bounded":true,"admitted_budget_bytes":18222797,"peak_within_admitted_budget":true,"admission_mode":"unconditional","hal_bytes_per_call_amortized":8826296.3,"process_rss_kb":26364,"process_rss_delta_init_kb":1740}
.EVS Port1 1980-012-14:05:09.67805 66/1/CFE_SB 17: Msg Limit Err,MsgId 0x800,pipe AI_LEARNER_PIPE,sender CFE_ES
{"app":"AI_LEARNER","stage":"run","model":"smartcam","target":"aarch64-unknown-linux-gnu","attempted":14,"completed":14,"fail_input":0,"fail_invoke":0,"fail_output":0,"mean_us":7473811.61,"max_us":7902331.73,"last_us":7288761.63,"out0":0.83385,"out":[0.833847,0.115514,0.050638]}
EVS Port1 1980-012-14:05:10.40702 66/1/AI_LEARNER 4: AI_LEARNER completed=14/14 mean=7473811.6us max=7902331.7us hal_peak=9382092 within_bounded=1
{"app":"AI_LEARNER","stage":"mem","model":"smartcam","target":"aarch64-unknown-linux-gnu","completed":14,"hal_peak":9382092,"peak_within_bounded":true,"admitted_budget_bytes":18222797,"peak_within_admitted_budget":true,"admission_mode":"unconditional","hal_bytes_per_call_amortized":8822988.0,"process_rss_kb":26364,"process_rss_delta_init_kb":1740}
..EVS Port1 1980-012-14:05:17.67475 66/1/CFE_SB 17: Msg Limit Err,MsgId 0x800,pipe AI_LEARNER_PIPE,sender CFE_ES
EVS Port1 1980-012-14:05:17.86714 66/1/AI_LEARNER 4: AI_LEARNER completed=15/15 mean=7473042.4us max=7902331.7us hal_peak=9382092 within_bounded=1
{"app":"AI_LEARNER","stage":"run","model":"smartcam","target":"aarch64-unknown-linux-gnu","attempted":15,"completed":15,"fail_input":0,"fail_invoke":0,"fail_output":0,"mean_us":7473042.41,"max_us":7902331.73,"last_us":7462273.66,"out0":0.83385,"out":[0.833847,0.115514,0.050638]}
{"app":"AI_LEARNER","stage":"mem","model":"smartcam","target":"aarch64-unknown-linux-gnu","completed":15,"hal_peak":9382092,"peak_within_bounded":true,"admitted_budget_bytes":18222797,"peak_within_admitted_budget":true,"admission_mode":"unconditional","hal_bytes_per_call_amortized":8820120.8,"process_rss_kb":26364,"process_rss_delta_init_kb":1740}
EVS Port1 1980-012-14:05:19.00247 66/1/CFE_TIME 21: Stop FLYWHEEL
EVS Port1 1980-012-14:05:20.00241 66/1/CFE_TIME 20: Start FLYWHEEL
.EVS Port1 1980-012-14:05:25.39524 66/1/AI_LEARNER 4: AI_LEARNER completed=16/16 mean=7477037.3us max=7902331.7us hal_peak=9382092 within_bounded=1
{"app":"AI_LEARNER","stage":"run","model":"smartcam","target":"aarch64-unknown-linux-gnu","attempted":16,"completed":16,"fail_input":0,"fail_invoke":0,"fail_output":0,"mean_us":7477037.31,"max_us":7902331.73,"last_us":7536960.86,"out0":0.83385,"out":[0.833847,0.115514,0.050638]}
{"app":"AI_LEARNER","stage":"mem","model":"smartcam","target":"aarch64-unknown-linux-gnu","completed":16,"hal_peak":9382092,"peak_within_bounded":true,"admitted_budget_bytes":18222797,"peak_within_admitted_budget":true,"admission_mode":"unconditional","hal_bytes_per_call_amortized":8817612.0,"process_rss_kb":26364,"process_rss_delta_init_kb":1740}
.EVS Port1 1980-012-14:05:29.65383 66/1/CFE_SB 17: Msg Limit Err,MsgId 0x800,pipe AI_LEARNER_PIPE,sender CFE_ES
EVS Port1 1980-012-14:05:32.73059 66/1/AI_LEARNER 4: AI_LEARNER completed=17/17 mean=7468457.9us max=7902331.7us hal_peak=9382092 within_bounded=1
{"app":"AI_LEARNER","stage":"run","model":"smartcam","target":"aarch64-unknown-linux-gnu","attempted":17,"completed":17,"fail_input":0,"fail_invoke":0,"fail_output":0,"mean_us":7468457.95,"max_us":7902331.73,"last_us":7331188.06,"out0":0.83385,"out":[0.833847,0.115514,0.050638]}
{"app":"AI_LEARNER","stage":"mem","model":"smartcam","target":"aarch64-unknown-linux-gnu","completed":17,"hal_peak":9382092,"peak_within_bounded":true,"admitted_budget_bytes":18222797,"peak_within_admitted_budget":true,"admission_mode":"unconditional","hal_bytes_per_call_amortized":8815398.4,"process_rss_kb":26364,"process_rss_delta_init_kb":1740}
.EVS Port1 1980-012-14:05:37.66804 66/1/CFE_SB 17: Msg Limit Err,MsgId 0x800,pipe AI_LEARNER_PIPE,sender CFE_ES
EVS Port1 1980-012-14:05:40.19001 66/1/AI_LEARNER 4: AI_LEARNER completed=18/18 mean=7467160.9us max=7902331.7us hal_peak=9382092 within_bounded=1
{"app":"AI_LEARNER","stage":"run","model":"smartcam","target":"aarch64-unknown-linux-gnu","attempted":18,"completed":18,"fail_input":0,"fail_invoke":0,"fail_output":0,"mean_us":7467160.93,"max_us":7902331.73,"last_us":7445111.57,"out0":0.83385,"out":[0.833847,0.115514,0.050638]}
{"app":"AI_LEARNER","stage":"mem","model":"smartcam","target":"aarch64-unknown-linux-gnu","completed":18,"hal_peak":9382092,"peak_within_bounded":true,"admitted_budget_bytes":18222797,"peak_within_admitted_budget":true,"admission_mode":"unconditional","hal_bytes_per_call_amortized":8813430.7,"process_rss_kb":26364,"process_rss_delta_init_kb":1740}
.EVS Port1 1980-012-14:05:45.65243 66/1/CFE_SB 17: Msg Limit Err,MsgId 0x800,pipe AI_LEARNER_PIPE,sender CFE_ES
.EVS Port1 1980-012-14:05:48.58094 66/1/HS 61: CPU Hogging Detected
1980-012-14:05:48.58483 HS App: CPU Hogging Detected
EVS Port1 1980-012-14:05:48.72094 66/1/AI_LEARNER 4: AI_LEARNER completed=19/19 mean=7523193.0us max=8531770.3us hal_peak=9382092 within_bounded=1
{"app":"AI_LEARNER","stage":"run","model":"smartcam","target":"aarch64-unknown-linux-gnu","attempted":19,"completed":19,"fail_input":0,"fail_invoke":0,"fail_output":0,"mean_us":7523193.00,"max_us":8531770.27,"last_us":8531770.27,"out0":0.83385,"out":[0.833847,0.115514,0.050638]}
{"app":"AI_LEARNER","stage":"mem","model":"smartcam","target":"aarch64-unknown-linux-gnu","completed":19,"hal_peak":9382092,"peak_within_bounded":true,"admitted_budget_bytes":18222797,"peak_within_admitted_budget":true,"admission_mode":"unconditional","hal_bytes_per_call_amortized":8811670.1,"process_rss_kb":26364,"process_rss_delta_init_kb":1740}
.EVS Port1 1980-012-14:05:53.64872 66/1/CFE_SB 17: Msg Limit Err,MsgId 0x800,pipe AI_LEARNER_PIPE,sender CFE_ES
EVS Port1 1980-012-14:05:56.44822 66/1/AI_LEARNER 4: AI_LEARNER completed=20/20 mean=7533991.8us max=8531770.3us hal_peak=9382092 within_bounded=1
{"app":"AI_LEARNER","stage":"run","model":"smartcam","target":"aarch64-unknown-linux-gnu","attempted":20,"completed":20,"fail_input":0,"fail_invoke":0,"fail_output":0,"mean_us":7533991.78,"max_us":8531770.27,"last_us":7739168.70,"out0":0.83385,"out":[0.833847,0.115514,0.050638]}
{"app":"AI_LEARNER","stage":"mem","model":"smartcam","target":"aarch64-unknown-linux-gnu","completed":20,"hal_peak":9382092,"peak_within_bounded":true,"admitted_budget_bytes":18222797,"peak_within_admitted_budget":true,"admission_mode":"unconditional","hal_bytes_per_call_amortized":8810085.6,"process_rss_kb":26364,"process_rss_delta_init_kb":1740}
.EVS Port1 1980-012-14:06:01.68588 66/1/CFE_SB 17: Msg Limit Err,MsgId 0x800,pipe AI_LEARNER_PIPE,sender CFE_ES
EVS Port1 1980-012-14:06:04.46293 66/1/AI_LEARNER 4: AI_LEARNER completed=21/21 mean=7556240.8us max=8531770.3us hal_peak=9382092 within_bounded=1
{"app":"AI_LEARNER","stage":"run","model":"smartcam","target":"aarch64-unknown-linux-gnu","attempted":21,"completed":21,"fail_input":0,"fail_invoke":0,"fail_output":0,"mean_us":7556240.82,"max_us":8531770.27,"last_us":8001221.57,"out0":0.83385,"out":[0.833847,0.115514,0.050638]}
{"app":"AI_LEARNER","stage":"mem","model":"smartcam","target":"aarch64-unknown-linux-gnu","completed":21,"hal_peak":9382092,"peak_within_bounded":true,"admitted_budget_bytes":18222797,"peak_within_admitted_budget":true,"admission_mode":"unconditional","hal_bytes_per_call_amortized":8808652.0,"process_rss_kb":26364,"process_rss_delta_init_kb":1740}
.EVS Port1 1980-012-14:06:09.65570 66/1/CFE_SB 17: Msg Limit Err,MsgId 0x800,pipe AI_LEARNER_PIPE,sender CFE_ES
.EVS Port1 1980-012-14:06:13.06544 66/1/AI_LEARNER 4: AI_LEARNER completed=22/22 mean=7603490.6us max=8595735.4us hal_peak=9382092 within_bounded=1
{"app":"AI_LEARNER","stage":"run","model":"smartcam","target":"aarch64-unknown-linux-gnu","attempted":22,"completed":22,"fail_input":0,"fail_invoke":0,"fail_output":0,"mean_us":7603490.57,"max_us":8595735.44,"last_us":8595735.44,"out0":0.83385,"out":[0.833847,0.115514,0.050638]}
{"app":"AI_LEARNER","stage":"mem","model":"smartcam","target":"aarch64-unknown-linux-gnu","completed":22,"hal_peak":9382092,"peak_within_bounded":true,"admitted_budget_bytes":18222797,"peak_within_admitted_budget":true,"admission_mode":"unconditional","hal_bytes_per_call_amortized":8807348.7,"process_rss_kb":26364,"process_rss_delta_init_kb":1740}
.EVS Port1 1980-012-14:06:21.60493 66/1/AI_LEARNER 4: AI_LEARNER completed=23/23 mean=7643727.7us max=8595735.4us hal_peak=9382092 within_bounded=1
{"app":"AI_LEARNER","stage":"run","model":"smartcam","target":"aarch64-unknown-linux-gnu","attempted":23,"completed":23,"fail_input":0,"fail_invoke":0,"fail_output":0,"mean_us":7643727.74,"max_us":8595735.44,"last_us":8528945.34,"out0":0.83385,"out":[0.833847,0.115514,0.050638]}
{"app":"AI_LEARNER","stage":"mem","model":"smartcam","target":"aarch64-unknown-linux-gnu","completed":23,"hal_peak":9382092,"peak_within_bounded":true,"admitted_budget_bytes":18222797,"peak_within_admitted_budget":true,"admission_mode":"unconditional","hal_bytes_per_call_amortized":8806158.8,"process_rss_kb":26364,"process_rss_delta_init_kb":1740}
.EVS Port1 1980-012-14:06:29.33283 66/1/AI_LEARNER 4: AI_LEARNER completed=24/24 mean=7646734.6us max=8595735.4us hal_peak=9382092 within_bounded=1
{"app":"AI_LEARNER","stage":"run","model":"smartcam","target":"aarch64-unknown-linux-gnu","attempted":24,"completed":24,"fail_input":0,"fail_invoke":0,"fail_output":0,"mean_us":7646734.63,"max_us":8595735.44,"last_us":7715893.17,"out0":0.82172,"out":[0.821720,0.125076,0.053204]}
{"app":"AI_LEARNER","stage":"mem","model":"smartcam","target":"aarch64-unknown-linux-gnu","completed":24,"hal_peak":9382092,"peak_within_bounded":true,"admitted_budget_bytes":18222797,"peak_within_admitted_budget":true,"admission_mode":"unconditional","hal_bytes_per_call_amortized":8805068.0,"process_rss_kb":26364,"process_rss_delta_init_kb":1740}
..{"app":"AI_LEARNER","stage":"run","model":"smartcam","target":"aarch64-unknown-linux-gnu","attempted":25,"completed":25,"fail_input":0,"fail_invoke":0,"fail_output":0,"mean_us":7633597.17,"max_us":8595735.44,"last_us":7318298.06,"out0":0.82172,"out":[0.821720,0.125076,0.053204]}
EVS Port1 1980-012-14:06:36.67196 66/1/AI_LEARNER 4: AI_LEARNER completed=25/25 mean=7633597.2us max=8595735.4us hal_peak=9382092 within_bounded=1
{"app":"AI_LEARNER","stage":"mem","model":"smartcam","target":"aarch64-unknown-linux-gnu","completed":25,"hal_peak":9382092,"peak_within_bounded":true,"admitted_budget_bytes":18222797,"peak_within_admitted_budget":true,"admission_mode":"unconditional","hal_bytes_per_call_amortized":8804064.5,"process_rss_kb":26364,"process_rss_delta_init_kb":1740}
.EVS Port1 1980-012-14:06:43.96350 66/1/AI_LEARNER 4: AI_LEARNER completed=26/26 mean=7620072.9us max=8595735.4us hal_peak=9382092 within_bounded=1
{"app":"AI_LEARNER","stage":"run","model":"smartcam","target":"aarch64-unknown-linux-gnu","attempted":26,"completed":26,"fail_input":0,"fail_invoke":0,"fail_output":0,"mean_us":7620072.88,"max_us":8595735.44,"last_us":7281965.73,"out0":0.82172,"out":[0.821720,0.125076,0.053204]}
{"app":"AI_LEARNER","stage":"mem","model":"smartcam","target":"aarch64-unknown-linux-gnu","completed":26,"hal_peak":9382092,"peak_within_bounded":true,"admitted_budget_bytes":18222797,"peak_within_admitted_budget":true,"admission_mode":"unconditional","hal_bytes_per_call_amortized":8803138.2,"process_rss_kb":26364,"process_rss_delta_init_kb":1740}
.{"app":"AI_LEARNER","stage":"run","model":"smartcam","target":"aarch64-unknown-linux-gnu","attempted":27,"completed":27,"fail_input":0,"fail_invoke":0,"fail_output":0,"mean_us":7623722.62,"max_us":8595735.44,"last_us":7718615.92,"out0":0.82172,"out":[0.821720,0.125076,0.053204]}
EVS Port1 1980-012-14:06:51.67289 66/1/AI_LEARNER 4: AI_LEARNER completed=27/27 mean=7623722.6us max=8595735.4us hal_peak=9382092 within_bounded=1
{"app":"AI_LEARNER","stage":"mem","model":"smartcam","target":"aarch64-unknown-linux-gnu","completed":27,"hal_peak":9382092,"peak_within_bounded":true,"admitted_budget_bytes":18222797,"peak_within_admitted_budget":true,"admission_mode":"unconditional","hal_bytes_per_call_amortized":8802280.4,"process_rss_kb":26364,"process_rss_delta_init_kb":1740}
.EVS Port1 1980-012-14:06:59.39111 66/1/AI_LEARNER 4: AI_LEARNER completed=28/28 mean=7626643.1us max=8595735.4us hal_peak=9382092 within_bounded=1
{"app":"AI_LEARNER","stage":"run","model":"smartcam","target":"aarch64-unknown-linux-gnu","attempted":28,"completed":28,"fail_input":0,"fail_invoke":0,"fail_output":0,"mean_us":7626643.05,"max_us":8595735.44,"last_us":7705494.54,"out0":0.82172,"out":[0.821720,0.125076,0.053204]}
{"app":"AI_LEARNER","stage":"mem","model":"smartcam","target":"aarch64-unknown-linux-gnu","completed":28,"hal_peak":9382092,"peak_within_bounded":true,"admitted_budget_bytes":18222797,"peak_within_admitted_budget":true,"admission_mode":"unconditional","hal_bytes_per_call_amortized":8801484.0,"process_rss_kb":26364,"process_rss_delta_init_kb":1740}
..EVS Port1 1980-012-14:07:06.96278 66/1/AI_LEARNER 4: AI_LEARNER completed=29/29 mean=7624327.6us max=8595735.4us hal_peak=9382092 within_bounded=1
{"app":"AI_LEARNER","stage":"run","model":"smartcam","target":"aarch64-unknown-linux-gnu","attempted":29,"completed":29,"fail_input":0,"fail_invoke":0,"fail_output":0,"mean_us":7624327.59,"max_us":8595735.44,"last_us":7559494.59,"out0":0.82172,"out":[0.821720,0.125076,0.053204]}
{"app":"AI_LEARNER","stage":"mem","model":"smartcam","target":"aarch64-unknown-linux-gnu","completed":29,"hal_peak":9382092,"peak_within_bounded":true,"admitted_budget_bytes":18222797,"peak_within_admitted_budget":true,"admission_mode":"unconditional","hal_bytes_per_call_amortized":8800742.5,"process_rss_kb":26364,"process_rss_delta_init_kb":1740}
.EVS Port1 1980-012-14:07:14.34690 66/1/AI_LEARNER 4: AI_LEARNER completed=30/30 mean=7616065.4us max=8595735.4us hal_peak=9382092 within_bounded=1
{"app":"AI_LEARNER","stage":"run","model":"smartcam","target":"aarch64-unknown-linux-gnu","attempted":30,"completed":30,"fail_input":0,"fail_invoke":0,"fail_output":0,"mean_us":7616065.41,"max_us":8595735.44,"last_us":7376462.27,"out0":0.82172,"out":[0.821720,0.125076,0.053204]}
{"app":"AI_LEARNER","stage":"mem","model":"smartcam","target":"aarch64-unknown-linux-gnu","completed":30,"hal_peak":9382092,"peak_within_bounded":true,"admitted_budget_bytes":18222797,"peak_within_admitted_budget":true,"admission_mode":"unconditional","hal_bytes_per_call_amortized":8800050.4,"process_rss_kb":26364,"process_rss_delta_init_kb":1740}
.EVS Port1 1980-012-14:07:20.00413 66/1/CFE_TIME 21: Stop FLYWHEEL
EVS Port1 1980-012-14:07:21.00024 66/1/CFE_TIME 20: Start FLYWHEEL
EVS Port1 1980-012-14:07:22.05726 66/1/AI_LEARNER 4: AI_LEARNER completed=31/31 mean=7620208.5us max=8595735.4us hal_peak=9382092 within_bounded=1
{"app":"AI_LEARNER","stage":"run","model":"smartcam","target":"aarch64-unknown-linux-gnu","attempted":31,"completed":31,"fail_input":0,"fail_invoke":0,"fail_output":0,"mean_us":7620208.45,"max_us":8595735.44,"last_us":7744499.76,"out0":0.82172,"out":[0.821720,0.125076,0.053204]}
{"app":"AI_LEARNER","stage":"mem","model":"smartcam","target":"aarch64-unknown-linux-gnu","completed":31,"hal_peak":9382092,"peak_within_bounded":true,"admitted_budget_bytes":18222797,"peak_within_admitted_budget":true,"admission_mode":"unconditional","hal_bytes_per_call_amortized":8799403.0,"process_rss_kb":26364,"process_rss_delta_init_kb":1740}
..{"app":"AI_LEARNER","stage":"run","model":"smartcam","target":"aarch64-unknown-linux-gnu","attempted":32,"completed":32,"fail_input":0,"fail_invoke":0,"fail_output":0,"mean_us":7647750.04,"max_us":8595735.44,"last_us":8501539.18,"out0":0.82172,"out":[0.821720,0.125076,0.053204]}
EVS Port1 1980-012-14:07:30.56408 66/1/AI_LEARNER 4: AI_LEARNER completed=32/32 mean=7647750.0us max=8595735.4us hal_peak=9382092 within_bounded=1
{"app":"AI_LEARNER","stage":"mem","model":"smartcam","target":"aarch64-unknown-linux-gnu","completed":32,"hal_peak":9382092,"peak_within_bounded":true,"admitted_budget_bytes":18222797,"peak_within_admitted_budget":true,"admission_mode":"unconditional","hal_bytes_per_call_amortized":8798796.0,"process_rss_kb":26364,"process_rss_delta_init_kb":1740}
.{"app":"AI_LEARNER","stage":"run","model":"smartcam","target":"aarch64-unknown-linux-gnu","attempted":33,"completed":33,"fail_input":0,"fail_invoke":0,"fail_output":0,"mean_us":7647387.22,"max_us":8595735.44,"last_us":7635777.14,"out0":0.82172,"out":[0.821720,0.125076,0.053204]}
EVS Port1 1980-012-14:07:38.20927 66/1/AI_LEARNER 4: AI_LEARNER completed=33/33 mean=7647387.2us max=8595735.4us hal_peak=9382092 within_bounded=1
{"app":"AI_LEARNER","stage":"mem","model":"smartcam","target":"aarch64-unknown-linux-gnu","completed":33,"hal_peak":9382092,"peak_within_bounded":true,"admitted_budget_bytes":18222797,"peak_within_admitted_budget":true,"admission_mode":"unconditional","hal_bytes_per_call_amortized":8798225.8,"process_rss_kb":26364,"process_rss_delta_init_kb":1740}
.{"app":"AI_LEARNER","stage":"run","model":"smartcam","target":"aarch64-unknown-linux-gnu","attempted":34,"completed":34,"fail_input":0,"fail_invoke":0,"fail_output":0,"mean_us":7644107.50,"max_us":8595735.44,"last_us":7535876.70,"out0":0.82172,"out":[0.821720,0.125076,0.053204]}
EVS Port1 1980-012-14:07:45.77032 66/1/AI_LEARNER 4: AI_LEARNER completed=34/34 mean=7644107.5us max=8595735.4us hal_peak=9382092 within_bounded=1
{"app":"AI_LEARNER","stage":"mem","model":"smartcam","target":"aarch64-unknown-linux-gnu","completed":34,"hal_peak":9382092,"peak_within_bounded":true,"admitted_budget_bytes":18222797,"peak_within_admitted_budget":true,"admission_mode":"unconditional","hal_bytes_per_call_amortized":8797689.2,"process_rss_kb":26364,"process_rss_delta_init_kb":1740}
.EVS Port1 1980-012-14:07:50.00500 66/1/CFE_TIME 21: Stop FLYWHEEL
EVS Port1 1980-012-14:07:51.00241 66/1/CFE_TIME 20: Start FLYWHEEL
.{"app":"AI_LEARNER","stage":"run","model":"smartcam","target":"aarch64-unknown-linux-gnu","attempted":35,"completed":35,"fail_input":0,"fail_invoke":0,"fail_output":0,"mean_us":7649560.21,"max_us":8595735.44,"last_us":7834952.38,"out0":0.82172,"out":[0.821720,0.125076,0.053204]}
EVS Port1 1980-012-14:07:53.58757 66/1/AI_LEARNER 4: AI_LEARNER completed=35/35 mean=7649560.2us max=8595735.4us hal_peak=9382092 within_bounded=1
{"app":"AI_LEARNER","stage":"mem","model":"smartcam","target":"aarch64-unknown-linux-gnu","completed":35,"hal_peak":9382092,"peak_within_bounded":true,"admitted_budget_bytes":18222797,"peak_within_admitted_budget":true,"admission_mode":"unconditional","hal_bytes_per_call_amortized":8797183.2,"process_rss_kb":26364,"process_rss_delta_init_kb":1740}
.EVS Port1 1980-012-14:08:01.59716 66/1/AI_LEARNER 4: AI_LEARNER completed=36/36 mean=7659281.6us max=8595735.4us hal_peak=9382092 within_bounded=1
{"app":"AI_LEARNER","stage":"run","model":"smartcam","target":"aarch64-unknown-linux-gnu","attempted":36,"completed":36,"fail_input":0,"fail_invoke":0,"fail_output":0,"mean_us":7659281.63,"max_us":8595735.44,"last_us":7999531.20,"out0":0.82172,"out":[0.821720,0.125076,0.053204]}
{"app":"AI_LEARNER","stage":"mem","model":"smartcam","target":"aarch64-unknown-linux-gnu","completed":36,"hal_peak":9382092,"peak_within_bounded":true,"admitted_budget_bytes":18222797,"peak_within_admitted_budget":true,"admission_mode":"unconditional","hal_bytes_per_call_amortized":8796705.3,"process_rss_kb":26364,"process_rss_delta_init_kb":1740}
.EVS Port1 1980-012-14:08:09.59701 66/1/AI_LEARNER 4: AI_LEARNER completed=37/37 mean=7668094.1us max=8595735.4us hal_peak=9382092 within_bounded=1
{"app":"AI_LEARNER","stage":"run","model":"smartcam","target":"aarch64-unknown-linux-gnu","attempted":37,"completed":37,"fail_input":0,"fail_invoke":0,"fail_output":0,"mean_us":7668094.12,"max_us":8595735.44,"last_us":7985343.82,"out0":0.82172,"out":[0.821720,0.125076,0.053204]}
{"app":"AI_LEARNER","stage":"mem","model":"smartcam","target":"aarch64-unknown-linux-gnu","completed":37,"hal_peak":9382092,"peak_within_bounded":true,"admitted_budget_bytes":18222797,"peak_within_admitted_budget":true,"admission_mode":"unconditional","hal_bytes_per_call_amortized":8796253.3,"process_rss_kb":26364,"process_rss_delta_init_kb":1740}
.EVS Port1 1980-012-14:08:17.29731 66/1/AI_LEARNER 4: AI_LEARNER completed=38/38 mean=7668830.1us max=8595735.4us hal_peak=9382092 within_bounded=1
{"app":"AI_LEARNER","stage":"run","model":"smartcam","target":"aarch64-unknown-linux-gnu","attempted":38,"completed":38,"fail_input":0,"fail_invoke":0,"fail_output":0,"mean_us":7668830.11,"max_us":8595735.44,"last_us":7696061.74,"out0":0.82172,"out":[0.821720,0.125076,0.053204]}
{"app":"AI_LEARNER","stage":"mem","model":"smartcam","target":"aarch64-unknown-linux-gnu","completed":38,"hal_peak":9382092,"peak_within_bounded":true,"admitted_budget_bytes":18222797,"peak_within_admitted_budget":true,"admission_mode":"unconditional","hal_bytes_per_call_amortized":8795825.1,"process_rss_kb":26364,"process_rss_delta_init_kb":1740}
.1980-012-14:08:18.46891 CFE_ES_RunExceptionScan: ExceptionID 0x1110000 in TaskID 0: Caught SIGINT
1980-012-14:08:18.47810 CFE_ES_RunExceptionScan: Processor Reset count not reached (0/2)
CFE_PSP: Exiting cFE with PROCESSOR Reset status.

CFE_PSP: Shutdown initiated - Exiting cFE
CI delete callback -- Closing CI Network socket.
TO delete callback -- Closing TO Network socket.
EVS Port1 1980-012-14:08:23.00753 66/1/AI_LEARNER 4: AI_LEARNER completed=39/39 mean=7618173.5us max=8595735.4us hal_peak=9382092 within_bounded=1
EXIT=124
