OS_BSP_Initialize():Maximum user msg queue depth = 512
CFE_PSP: Default Reset SubType = 1
CFE_PSP: Default CPU ID = 1
CFE_PSP: Default Spacecraft ID = 66
CFE_PSP: Default CPU Name: cpu1
OS_Posix_GetSchedulerParams():208:Policy 1: available, min-max: 1-99
OS_Posix_GetSchedulerParams():208:Policy 2: available, min-max: 1-99
OS_Posix_TaskAPI_Impl_Init():401:Selected policy 2 for RT tasks, root task = 99
OS_Posix_TaskAPI_Impl_Init():419:Could not setschedparam in main thread: Operation not permitted (1)
CFE_PSP: initializing module 'soft_timebase' with ID 0110ff00
CFE_PSP: Instantiated software timebase 'cFS-Master' running at 10000 usec
CFE_PSP: initializing module 'timebase_posix_clock' with ID 0110ff01
CFE_PSP: Using POSIX monotonic clock as CFE timebase
CFE_PSP: initializing module 'eeprom_mmap_file' with ID 0110ff02
CFE_PSP: Using MMAP simulated EEPROM implementation
CFE_PSP: initializing module 'port_notimpl' with ID 0110ff03
CFE_PSP: I/O Port access not implemented
CFE_PSP: initializing module 'iodriver' with ID 0110ff04
CFE_PSP: EEPROM Range (2) created: Start Address = E6B391CEE000, Size = 00080000 Status = 0
CFE_PSP: initializing module 'linux_sysmon' with ID 0110ff05
CFE_PSP: initializing module 'endian_api' with ID 0110ff06
CFE_PSP: Host CPU Endian=LITTLE
CFE_PSP: initializing module 'ram_notimpl' with ID 0110ff07
CFE_PSP: Physical RAM access not implemented
CFE_PSP: Starting the cFE with a POWER ON reset.
CFE_PSP: Clearing out CFE CDS Shared memory segment.
CFE_PSP: Clearing out CFE Reset Shared memory segment.
CFE_PSP: Clearing out CFE User Reserved Shared memory segment.
1980-001-00:20:11.41678 CFE_ES_SetupResetVariables: POWER ON RESET due to Power Cycle (Power Cycle).
1980-001-00:20:11.42875 CFE_ES_Main: CFE_ES_Main in EARLY_INIT state
Number of addresses returned by backtrace = 1
CFE_PSP: CFE_PSP_AttachExceptions called
1980-001-00:20:11.46684 CFE_ES_Main: CFE_ES_Main entering CORE_STARTUP state
1980-001-00:20:11.46749 CFE_ES_CreateObjects: Starting Object Creation calls.
1980-001-00:20:11.46775 CFE_ES_CreateObjects: Calling EarlyInit for CFE_CONFIG
1980-001-00:20:11.47259 CFE_ES_CreateObjects: Calling EarlyInit for CFE_ES
1980-001-00:20:11.47970 CFE_ES_CreateObjects: Calling EarlyInit for CFE_EVS
1980-001-00:20:11.48371 CFE_EVS_EarlyInit: Event Log cleared following power-on reset
1980-001-00:20:11.48432 CFE_ES_CreateObjects: Calling EarlyInit for CFE_FS
1980-001-00:20:11.48454 CFE_ES_CreateObjects: Calling EarlyInit for CFE_SB
1980-001-00:20:11.50645 CFE_ES_CreateObjects: Calling EarlyInit for CFE_TBL
1980-001-00:20:11.53471 CFE_ES_CreateObjects: Calling EarlyInit for CFE_TIME
EVS Port1 1980-012-14:03:20.08770 66/1/CFE_ES 1: cFE ES Initialized: CFE_ES v7.0.1+dev1 (Draco) DEV BUILD, based on v7.0.1, EDS disabled
EVS Port1 1980-012-14:03:20.09405 66/1/CFE_ES 2: cFS Versions: cfe v7.0.1+dev1, osal v7.0.1+dev1, psp v7.0.1+dev1. cFE chksm 31659
EVS Port1 1980-012-14:03:20.09515 66/1/CFE_ES 91: Version Info: Mission SampleMission, version git:v7.0.1-90-g78c23b0-dirty
EVS Port1 1980-012-14:03:20.09616 66/1/CFE_ES 91: Version Info: Module CORE_API, version git:2612eb0
EVS Port1 1980-012-14:03:20.09678 66/1/CFE_ES 91: Version Info: Module CONFIG, version git:2612eb0
EVS Port1 1980-012-14:03:20.09696 66/1/CFE_ES 91: Version Info: Module ES, version git:2612eb0
EVS Port1 1980-012-14:03:20.09709 66/1/CFE_ES 91: Version Info: Module EVS, version git:2612eb0
EVS Port1 1980-012-14:03:20.09718 66/1/CFE_ES 91: Version Info: Module FS, version git:2612eb0
EVS Port1 1980-012-14:03:20.09767 66/1/CFE_ES 91: Version Info: Module SB, version git:2612eb0
EVS Port1 1980-012-14:03:20.09786 66/1/CFE_ES 91: Version Info: Module TBL, version git:2612eb0
EVS Port1 1980-012-14:03:20.09799 66/1/CFE_ES 91: Version Info: Module TIME, version git:2612eb0
EVS Port1 1980-012-14:03:20.09808 66/1/CFE_ES 91: Version Info: Module OSAL, version git:8111e4a
EVS Port1 1980-012-14:03:20.09819 66/1/CFE_ES 91: Version Info: Module PSP, version git:d1da809
EVS Port1 1980-012-14:03:20.09866 66/1/CFE_ES 91: Version Info: Module MSG, version git:2612eb0
EVS Port1 1980-012-14:03:20.09886 66/1/CFE_ES 91: Version Info: Module SBR, version git:2612eb0
EVS Port1 1980-012-14:03:20.09898 66/1/CFE_ES 91: Version Info: Module RESOURCEID, version git:2612eb0
EVS Port1 1980-012-14:03:20.09918 66/1/CFE_ES 92: Build 202609140214 by root@vm, config aarch64
EVS Port1 1980-012-14:03:20.16658 66/1/CFE_EVS 1: cFE EVS Initialized: CFE_EVS v7.0.1+dev1 (Draco) DEV BUILD, based on v7.0.1, EDS disabled
1980-012-14:03:20.27116 CFE_SB_AppInit: Registered 4 events for filtering
EVS Port1 1980-012-14:03:20.27398 66/1/CFE_SB 1: cFE SB Initialized: CFE_SB v7.0.1+dev1 (Draco) DEV BUILD, based on v7.0.1, EDS disabled
EVS Port1 1980-012-14:03:20.27490 66/1/CFE_SB 14: No subscribers for MsgId 0x808,sender CFE_SB
EVS Port1 1980-012-14:03:20.37905 66/1/CFE_TBL 1: cFE TBL Initialized: CFE_TBL v7.0.1+dev1 (Draco) DEV BUILD, based on v7.0.1, EDS disabled
EVS Port1 1980-012-14:03:20.38009 66/1/CFE_SB 14: No subscribers for MsgId 0x808,sender CFE_TBL
EVS Port1 1980-012-14:03:20.51490 66/1/CFE_TIME 1: cFE TIME Initialized: CFE_TIME v7.0.1+dev1 (Draco) DEV BUILD, based on v7.0.1, EDS disabled
EVS Port1 1980-012-14:03:20.51768 66/1/CFE_SB 14: No subscribers for MsgId 0x808,sender CFE_TIME
1980-012-14:03:20.52722 CFE_ES_CreateObjects: Finished ES CreateObject table entries.
1980-012-14:03:20.52788 CFE_ES_Main: CFE_ES_Main entering CORE_READY state
1980-012-14:03:20.53190 CFE_ES_OpenStartupScript: Opened ES App Startup file: /cf/cfe_es_startup.scr
1980-012-14:03:20.56805 CFE_ES_ParseFileEntry: Loading shared library: /cf/cfe_assert.so
1980-012-14:03:20.58679 [BEGIN] CFE FUNCTIONAL TEST
1980-012-14:03:20.58797 [BEGIN] 01 CFE-STARTUP
1980-012-14:03:20.62408 CFE_ES_ParseFileEntry: Loading shared library: /cf/sample_lib.so
SAMPLE Lib Initialized.Sample Lib v7.0.0+dev1 (Draco) DEV BUILD, based on v7.0.1, EDS disabled
1980-012-14:03:20.67858 CFE_ES_ParseFileEntry: Loading file: /cf/sch_lab.so, APP: SCH_LAB
1980-012-14:03:20.73009 CFE_ES_ParseFileEntry: Loading file: /cf/ci_lab.so, APP: CI_LAB
SCH Lab Initialized.SCH Lab v7.0.1+dev1 (Draco) DEV BUILD, based on v7.0.1, EDS disabled
1980-012-14:03:20.78007 CFE_ES_ParseFileEntry: Loading file: /cf/to_lab.so, APP: TO_LAB
1980-012-14:03:20.83613 CFE_ES_ParseFileEntry: Loading file: /cf/sample_app.so, APP: SAMPLE_APP
EVS Port1 1980-012-14:03:20.86904 66/1/TO_LAB 1: TO Lab Initialized.TO Lab v7.0.1+dev1 (Draco) DEV BUILD, based on v7.0.1, EDS disabled, Awaiting enable command.
EVS Port1 1980-012-14:03:20.86955 66/1/CFE_SB 14: No subscribers for MsgId 0x808,sender TO_LAB
1980-012-14:03:20.88814 CFE_ES_ParseFileEntry: Loading file: /cf/ai_learner.so, APP: AI_LEARNER
1980-012-14:03:20.92057 CI_LAB listening on UDP port: 1234
EVS Port1 1980-012-14:03:20.92202 66/1/CI_LAB 3: CI Lab Initialized.CI Lab App v7.0.1+dev1 (Draco) DEV BUILD, based on v7.0.1, EDS disabled
1980-012-14:03:20.93013 CFE_ES_ParseFileEntry: Loading file: /cf/lc.so, APP: LC
EVS Port1 1980-012-14:03:20.94609 66/1/SAMPLE_APP 1: Sample App Initialized.Sample App v7.0.0+dev1 (Draco) DEV BUILD, based on v7.0.1, EDS disabled
{"app":"AI_LEARNER","stage":"build_config","model":"b2_resnet","allow_conditional_map":1,"contract_bounded_bytes":618856,"contract_per_call_bytes":309416,"contract_const_bytes":309440,"contract_bound_known":true,"contract_artifact_sha256":"2e0bc7dc67af80b795ff4847292e51326bf7349a34c434755c365faf4457fabb"}
{"app":"AI_LEARNER","stage":"stack","es_stack_size":263376,"stack_base_bytes":262144,"contract_kernel_stack_bytes":1232,"kernel_stack_accounted":true}
EVS Port1 1980-012-14:03:20.97067 66/1/AI_LEARNER 8: AI_LEARNER stack: es=263376 base=262144 kernel=1232 accounted=1
1980-012-14:03:20.97179 CFE_ES_ParseFileEntry: Loading file: /cf/cf.so, APP: CF
{"app":"AI_LEARNER","stage":"admission","verdict":"NOT_ADMITTED","model":"b2_resnet","target":"aarch64-unknown-linux-gnu","bounded":618856,"budget":309415,"budget_source":"override","per_call":309416,"constants":309440,"kernel_stack_bytes":1232,"bound_known":true,"scope":"per_app_local_budget"}
EVS Port1 1980-012-14:03:20.97711 66/1/AI_LEARNER 1: AI_LEARNER NOT_ADMITTED: contract bounded=618856 > budget=309415; app will not start
{"app":"AI_LEARNER","stage":"cleanup","released":true,"cleanup_calls":1}
1980-012-14:03:20.98810 CFE_ES_ExitApp: Application AI_LEARNER called CFE_ES_ExitApp
EVS Port1 1980-012-14:03:21.01095 66/1/LC 56: WDT verify results: good = 0, bad = 0, unused = 176
EVS Port1 1980-012-14:03:21.02293 66/1/LC 66: ADT verify results: good = 0, bad = 0, unused = 176
EVS Port1 1980-012-14:03:21.02830 66/1/LC 23: LC use of Critical Data Store disabled, activity mask = 0x00991990
EVS Port1 1980-012-14:03:21.02999 66/1/LC 2: LC Initialized. Version 7.0.1.255
1980-012-14:03:21.03752 CFE_ES_ParseFileEntry: Loading file: /cf/ds.so, APP: DS
EVS Port1 1980-012-14:03:21.08901 66/1/CF 20: CF Initialized. Version 7.0.1.255
1980-012-14:03:21.09184 CFE_ES_ParseFileEntry: Loading file: /cf/fm.so, APP: FM
EVS Port1 1980-012-14:03:21.12884 66/1/DS 10: Destination file table verify results: good entries = 6, bad = 0, unused = 10
1980-012-14:03:21.12920 CFE_ES_ParseFileEntry: Loading file: /cf/hk.so, APP: HK
EVS Port1 1980-012-14:03:21.13891 66/1/DS 12: Filter table verify results: good entries = 14, bad = 0, unused = 242
EVS Port1 1980-012-14:03:21.14599 66/1/DS 1: Application initialized, version 7.0.1.255, data at 0xe6b3915f0460
1980-012-14:03:21.16758 CFE_ES_ParseFileEntry: Loading file: /cf/hs.so, APP: HS
EVS Port1 1980-012-14:03:21.17720 66/1/FM 80: Free Space Table verify results: good entries = 3, bad = 0, unused = 5
EVS Port1 1980-012-14:03:21.40753 66/1/HK 1: HK Initialized.  Version 7.0.1.255
EVS Port1 1980-012-14:03:21.41290 66/1/FM 1: Initialization complete: version 7.0.1.255
EVS Port1 1980-012-14:03:21.45689 66/1/CFE_ES 14: ErrExit Application AI_LEARNER Success.
EVS Port1 1980-012-14:03:21.46777 66/1/FM 72: Child Task initialization complete
EVS Port1 1980-012-14:03:21.49285 66/1/HS 54: ExeCount verify results: good = 5, bad = 0, unused = 27
1980-012-14:03:21.50103 CFE_ES_ParseFileEntry: Loading file: /cf/mm.so, APP: MM
EVS Port1 1980-012-14:03:21.50973 66/1/HS 50: AppMon verify results: good = 0, bad = 0, unused = 32
EVS Port1 1980-012-14:03:21.52778 66/1/HS 52: EventMon verify results: good = 0, bad = 0, unused = 16
EVS Port1 1980-012-14:03:21.54409 66/1/HS 56: MsgActs verify results: good = 2, bad = 0, unused = 6
1980-012-14:03:21.55311 HS_SysMonInit(): System Monitor using PSP device ID 0110ff05
1980-012-14:03:21.55826 CFE_ES_ParseFileEntry: Loading file: /cf/sc.so, APP: SC
CFE_PSP(Linux_SysMon): Started CPU utilization monitoring on 4 CPU(s)
EVS Port1 1980-012-14:03:21.59013 66/1/HS 1: HS Initialized.  Version 7.0.1.255
EVS Port1 1980-012-14:03:21.59265 66/1/MM 1: MM Initialized. Version 7.0.1.255
1980-012-14:03:21.60883 CFE_ES_ParseFileEntry: Loading file: /cf/md.so, APP: MD
1980-012-14:03:21.65590 CFE_ES_ParseFileEntry: Loading file: /cf/cs.so, APP: CS
EVS Port1 1980-012-14:03:21.67292 66/1/SC 21: RTS table files not loaded at initialization = 0 of 4
EVS Port1 1980-012-14:03:21.68199 66/1/SC 9: SC Initialized. Version 7.0.1.255
EVS Port1 1980-012-14:03:21.69320 66/1/MD 52: MD Dwell Tbl verify results: good = 0, bad = 0, unused = 25
EVS Port1 1980-012-14:03:21.70684 66/1/MD 52: MD Dwell Tbl verify results: good = 0, bad = 0, unused = 25
EVS Port1 1980-012-14:03:21.71878 66/1/MD 52: MD Dwell Tbl verify results: good = 0, bad = 0, unused = 25
EVS Port1 1980-012-14:03:21.72796 66/1/MD 52: MD Dwell Tbl verify results: good = 0, bad = 0, unused = 25
EVS Port1 1980-012-14:03:21.73458 66/1/MD 7: Dwell Tables Recovered: 0, Dwell Tables Initialized: 4
EVS Port1 1980-012-14:03:21.73648 66/1/MD 1: MD Initialized.  Version 7.0.1.255
EVS Port1 1980-012-14:03:21.74702 66/1/CS 144: CS EEPROM Table verification results: good = 0, bad = 0, unused = 16
EVS Port1 1980-012-14:03:21.74975 66/1/CS 107: CS EEPROM Table: No valid entries in the table
EVS Port1 1980-012-14:03:21.75814 66/1/CS 143: CS Memory Table verification results: good = 0, bad = 0, unused = 16
EVS Port1 1980-012-14:03:21.75984 66/1/CS 107: CS Memory Table: No valid entries in the table
EVS Port1 1980-012-14:03:21.77117 66/1/CS 139: CS Tables Table verification results: good = 1, bad = 0, unused = 23
EVS Port1 1980-012-14:03:21.78417 66/1/CS 142: CS Apps Table verification results: good = 0, bad = 0, unused = 24
EVS Port1 1980-012-14:03:21.78611 66/1/CS 108: CS Apps Table: No valid entries in the table
EVS Port1 1980-012-14:03:21.78750 66/1/CS 127: OS Text Segment disabled due to platform
EVS Port1 1980-012-14:03:21.78898 66/1/CS 1: CS Initialized. Version 7.0.1.255
1980-012-14:03:21.82982 CFE_ES_Main: CFE_ES_Main entering APPS_INIT state
1980-012-14:03:21.83014 CFE_ES_Main: CFE_ES_Main entering OPERATIONAL state
EVS Port1 1980-012-14:03:21.85766 66/1/TO_LAB 19: L550 TO Lab subscribed to 32 messages from the table
EVS Port1 1980-012-14:03:22.00596 66/1/CFE_TIME 21: Stop FLYWHEEL
......EVS Port1 1980-012-14:04:01.00344 66/1/CFE_TIME 21: Stop FLYWHEEL
EVS Port1 1980-012-14:04:01.99844 66/1/CFE_TIME 20: Start FLYWHEEL
.EVS Port1 1980-012-14:04:08.00428 66/1/CFE_TIME 21: Stop FLYWHEEL
EVS Port1 1980-012-14:04:08.99903 66/1/CFE_TIME 20: Start FLYWHEEL
............1980-012-14:05:18.49010 CFE_ES_RunExceptionScan: ExceptionID 0x1110000 in TaskID 0: Caught SIGINT
1980-012-14:05:18.49046 CFE_ES_RunExceptionScan: Processor Reset count not reached (0/2)
CFE_PSP: Exiting cFE with PROCESSOR Reset status.

CFE_PSP: Shutdown initiated - Exiting cFE
CI delete callback -- Closing CI Network socket.
TO delete callback -- Closing TO Network socket.
EXIT=124
