OS_BSP_Initialize():Maximum user msg queue depth = 512
CFE_PSP: Default Reset SubType = 1
CFE_PSP: Default CPU ID = 1
CFE_PSP: Default Spacecraft ID = 66
CFE_PSP: Default CPU Name: cpu1
OS_Posix_GetSchedulerParams():208:Policy 1: available, min-max: 1-99
OS_Posix_GetSchedulerParams():208:Policy 2: available, min-max: 1-99
OS_Posix_TaskAPI_Impl_Init():401:Selected policy 2 for RT tasks, root task = 99
OS_Posix_TaskAPI_Impl_Init():419:Could not setschedparam in main thread: Operation not permitted (1)
CFE_PSP: initializing module 'soft_timebase' with ID 0110ff00
CFE_PSP: Instantiated software timebase 'cFS-Master' running at 10000 usec
CFE_PSP: initializing module 'timebase_posix_clock' with ID 0110ff01
CFE_PSP: Using POSIX monotonic clock as CFE timebase
CFE_PSP: initializing module 'eeprom_mmap_file' with ID 0110ff02
CFE_PSP: Using MMAP simulated EEPROM implementation
CFE_PSP: initializing module 'port_notimpl' with ID 0110ff03
CFE_PSP: EEPROM Range (2) created: Start Address = FDEBBEEBE000, Size = 00080000 Status = 0
CFE_PSP: I/O Port access not implemented
CFE_PSP: initializing module 'iodriver' with ID 0110ff04
CFE_PSP: initializing module 'linux_sysmon' with ID 0110ff05
CFE_PSP: initializing module 'endian_api' with ID 0110ff06
CFE_PSP: Host CPU Endian=LITTLE
CFE_PSP: initializing module 'ram_notimpl' with ID 0110ff07
CFE_PSP: Physical RAM access not implemented
CFE_PSP: Normal exit from previous cFE instance
CFE_PSP: Starting the cFE with a PROCESSOR reset.
1980-001-00:22:56.69651 CFE_ES_Main: CFE_ES_Main in EARLY_INIT state
1980-001-00:22:56.71000 CFE_ES_InitializeFileSystems: Volatile Disk has 100 Percent free space.
Number of addresses returned by backtrace = 1
CFE_PSP: CFE_PSP_AttachExceptions called
1980-001-00:22:56.72902 CFE_ES_Main: CFE_ES_Main entering CORE_STARTUP state
1980-001-00:22:56.72958 CFE_ES_CreateObjects: Starting Object Creation calls.
1980-001-00:22:56.72968 CFE_ES_CreateObjects: Calling EarlyInit for CFE_CONFIG
1980-001-00:22:56.73149 CFE_ES_CreateObjects: Calling EarlyInit for CFE_ES
1980-001-00:22:56.73473 CFE_ES_CreateObjects: Calling EarlyInit for CFE_EVS
1980-001-00:22:56.73802 CFE_EVS_EarlyInit: Event Log restored, n=0, c=20, f=1, m=1, o=52
1980-001-00:22:56.73866 CFE_ES_CreateObjects: Calling EarlyInit for CFE_FS
1980-001-00:22:56.73888 CFE_ES_CreateObjects: Calling EarlyInit for CFE_SB
1980-001-00:22:56.76494 CFE_ES_CreateObjects: Calling EarlyInit for CFE_TBL
1980-001-00:22:56.79263 CFE_ES_CreateObjects: Calling EarlyInit for CFE_TIME
EVS Port1 1980-012-14:05:16.13441 66/1/CFE_ES 1: cFE ES Initialized: CFE_ES v7.0.1+dev1 (Draco) DEV BUILD, based on v7.0.1, EDS disabled
EVS Port1 1980-012-14:05:16.14097 66/1/CFE_ES 2: cFS Versions: cfe v7.0.1+dev1, osal v7.0.1+dev1, psp v7.0.1+dev1. cFE chksm 31659
EVS Port1 1980-012-14:05:16.14208 66/1/CFE_ES 91: Version Info: Mission SampleMission, version git:v7.0.1-90-g78c23b0-dirty
EVS Port1 1980-012-14:05:16.14244 66/1/CFE_ES 91: Version Info: Module CORE_API, version git:2612eb0
EVS Port1 1980-012-14:05:16.14341 66/1/CFE_ES 91: Version Info: Module CONFIG, version git:2612eb0
EVS Port1 1980-012-14:05:16.14424 66/1/CFE_ES 91: Version Info: Module ES, version git:2612eb0
EVS Port1 1980-012-14:05:16.14439 66/1/CFE_ES 91: Version Info: Module EVS, version git:2612eb0
EVS Port1 1980-012-14:05:16.14492 66/1/CFE_ES 91: Version Info: Module FS, version git:2612eb0
EVS Port1 1980-012-14:05:16.14511 66/1/CFE_ES 91: Version Info: Module SB, version git:2612eb0
EVS Port1 1980-012-14:05:16.14523 66/1/CFE_ES 91: Version Info: Module TBL, version git:2612eb0
EVS Port1 1980-012-14:05:16.14533 66/1/CFE_ES 91: Version Info: Module TIME, version git:2612eb0
EVS Port1 1980-012-14:05:16.14584 66/1/CFE_ES 91: Version Info: Module OSAL, version git:8111e4a
EVS Port1 1980-012-14:05:16.14616 66/1/CFE_ES 91: Version Info: Module PSP, version git:d1da809
EVS Port1 1980-012-14:05:16.14640 66/1/CFE_ES 91: Version Info: Module MSG, version git:2612eb0
EVS Port1 1980-012-14:05:16.14698 66/1/CFE_ES 91: Version Info: Module SBR, version git:2612eb0
EVS Port1 1980-012-14:05:16.14726 66/1/CFE_ES 91: Version Info: Module RESOURCEID, version git:2612eb0
EVS Port1 1980-012-14:05:16.14883 66/1/CFE_ES 92: Build 202609140214 by root@vm, config aarch64
EVS Port1 1980-012-14:05:16.22532 66/1/CFE_EVS 1: cFE EVS Initialized: CFE_EVS v7.0.1+dev1 (Draco) DEV BUILD, based on v7.0.1, EDS disabled
1980-012-14:05:16.33162 CFE_SB_AppInit: Registered 4 events for filtering
EVS Port1 1980-012-14:05:16.33439 66/1/CFE_SB 1: cFE SB Initialized: CFE_SB v7.0.1+dev1 (Draco) DEV BUILD, based on v7.0.1, EDS disabled
EVS Port1 1980-012-14:05:16.33538 66/1/CFE_SB 14: No subscribers for MsgId 0x808,sender CFE_SB
EVS Port1 1980-012-14:05:16.43609 66/1/CFE_TBL 1: cFE TBL Initialized: CFE_TBL v7.0.1+dev1 (Draco) DEV BUILD, based on v7.0.1, EDS disabled
EVS Port1 1980-012-14:05:16.43659 66/1/CFE_SB 14: No subscribers for MsgId 0x808,sender CFE_TBL
EVS Port1 1980-012-14:05:16.55534 66/1/CFE_TIME 1: cFE TIME Initialized: CFE_TIME v7.0.1+dev1 (Draco) DEV BUILD, based on v7.0.1, EDS disabled
EVS Port1 1980-012-14:05:16.55609 66/1/CFE_SB 14: No subscribers for MsgId 0x808,sender CFE_TIME
1980-012-14:05:16.58636 CFE_ES_CreateObjects: Finished ES CreateObject table entries.
1980-012-14:05:16.58698 CFE_ES_Main: CFE_ES_Main entering CORE_READY state
OS_FileOpen_Impl():110:open(/dev/shm/osal:RAM/cfe_es_startup.scr): No such file or directory
1980-012-14:05:16.59322 CFE_ES_OpenStartupScript: Cannot Open Volatile Startup file: /ram/cfe_es_startup.scr, Trying Nonvolatile.
1980-012-14:05:16.59532 CFE_ES_OpenStartupScript: Opened ES App Startup file: /cf/cfe_es_startup.scr
1980-012-14:05:16.63637 CFE_ES_ParseFileEntry: Loading shared library: /cf/cfe_assert.so
1980-012-14:05:16.64881 [BEGIN] CFE FUNCTIONAL TEST
1980-012-14:05:16.64945 [BEGIN] 01 CFE-STARTUP
1980-012-14:05:16.68325 CFE_ES_ParseFileEntry: Loading shared library: /cf/sample_lib.so
SAMPLE Lib Initialized.Sample Lib v7.0.0+dev1 (Draco) DEV BUILD, based on v7.0.1, EDS disabled
1980-012-14:05:16.72219 CFE_ES_ParseFileEntry: Loading file: /cf/sch_lab.so, APP: SCH_LAB
1980-012-14:05:16.76484 CFE_ES_ParseFileEntry: Loading file: /cf/ci_lab.so, APP: CI_LAB
SCH Lab Initialized.SCH Lab v7.0.1+dev1 (Draco) DEV BUILD, based on v7.0.1, EDS disabled
1980-012-14:05:16.80782 CFE_ES_ParseFileEntry: Loading file: /cf/to_lab.so, APP: TO_LAB
1980-012-14:05:16.85384 CFE_ES_ParseFileEntry: Loading file: /cf/sample_app.so, APP: SAMPLE_APP
EVS Port1 1980-012-14:05:16.88516 66/1/TO_LAB 1: TO Lab Initialized.TO Lab v7.0.1+dev1 (Draco) DEV BUILD, based on v7.0.1, EDS disabled, Awaiting enable command.
EVS Port1 1980-012-14:05:16.88604 66/1/CFE_SB 14: No subscribers for MsgId 0x808,sender TO_LAB
1980-012-14:05:16.90737 CFE_ES_ParseFileEntry: Loading file: /cf/ai_learner.so, APP: AI_LEARNER
EVS Port1 1980-012-14:05:16.93386 66/1/SAMPLE_APP 1: Sample App Initialized.Sample App v7.0.0+dev1 (Draco) DEV BUILD, based on v7.0.1, EDS disabled
1980-012-14:05:16.94432 CI_LAB listening on UDP port: 1234
EVS Port1 1980-012-14:05:16.94520 66/1/CI_LAB 3: CI Lab Initialized.CI Lab App v7.0.1+dev1 (Draco) DEV BUILD, based on v7.0.1, EDS disabled
1980-012-14:05:16.96026 CFE_ES_ParseFileEntry: Loading file: /cf/lc.so, APP: LC
{"app":"AI_LEARNER","stage":"build_config","model":"b3_deepae","allow_conditional_map":1,"contract_bounded_bytes":1069632,"contract_per_call_bytes":6208,"contract_const_bytes":1063424,"contract_bound_known":true,"contract_artifact_sha256":"9ff64bd168e07135c196423d44408e7780984c977912b67c8240c0db522c4d7c"}
{"app":"AI_LEARNER","stage":"stack","es_stack_size":262160,"stack_base_bytes":262144,"contract_kernel_stack_bytes":16,"kernel_stack_accounted":true}
EVS Port1 1980-012-14:05:16.98892 66/1/AI_LEARNER 8: AI_LEARNER stack: es=262160 base=262144 kernel=16 accounted=1
EVS Port1 1980-012-14:05:16.98989 66/1/AI_LEARNER 1: AI_LEARNER NOT_ADMITTED: contract bounded=1069632 > budget=6207; app will not start
{"app":"AI_LEARNER","stage":"admission","verdict":"NOT_ADMITTED","model":"b3_deepae","target":"aarch64-unknown-linux-gnu","bounded":1069632,"budget":6207,"budget_source":"override","per_call":6208,"constants":1063424,"kernel_stack_bytes":16,"bound_known":true,"scope":"per_app_local_budget"}
{"app":"AI_LEARNER","stage":"cleanup","released":true,"cleanup_calls":1}
1980-012-14:05:16.99393 CFE_ES_ExitApp: Application AI_LEARNER called CFE_ES_ExitApp
1980-012-14:05:17.00330 CFE_ES_ParseFileEntry: Loading file: /cf/cf.so, APP: CF
EVS Port1 1980-012-14:05:17.03730 66/1/LC 56: WDT verify results: good = 0, bad = 0, unused = 176
1980-012-14:05:17.04213 CFE_ES_ParseFileEntry: Loading file: /cf/ds.so, APP: DS
EVS Port1 1980-012-14:05:17.05096 66/1/LC 66: ADT verify results: good = 0, bad = 0, unused = 176
EVS Port1 1980-012-14:05:17.05453 66/1/LC 23: LC use of Critical Data Store disabled, activity mask = 0x00991990
EVS Port1 1980-012-14:05:17.05480 66/1/LC 2: LC Initialized. Version 7.0.1.255
1980-012-14:05:17.07827 CFE_ES_ParseFileEntry: Loading file: /cf/fm.so, APP: FM
EVS Port1 1980-012-14:05:17.08847 66/1/CF 20: CF Initialized. Version 7.0.1.255
1980-012-14:05:17.10896 CFE_ES_ParseFileEntry: Loading file: /cf/hk.so, APP: HK
EVS Port1 1980-012-14:05:17.12042 66/1/DS 10: Destination file table verify results: good entries = 6, bad = 0, unused = 10
EVS Port1 1980-012-14:05:17.12617 66/1/DS 12: Filter table verify results: good entries = 14, bad = 0, unused = 242
EVS Port1 1980-012-14:05:17.13134 66/1/DS 1: Application initialized, version 7.0.1.255, data at 0xfdebbe7c0460
1980-012-14:05:17.14288 CFE_ES_ParseFileEntry: Loading file: /cf/hs.so, APP: HS
EVS Port1 1980-012-14:05:17.14520 66/1/FM 80: Free Space Table verify results: good entries = 3, bad = 0, unused = 5
EVS Port1 1980-012-14:05:17.15690 66/1/FM 1: Initialization complete: version 7.0.1.255
1980-012-14:05:17.17938 CFE_ES_ParseFileEntry: Loading file: /cf/mm.so, APP: MM
EVS Port1 1980-012-14:05:17.18528 66/1/HK 1: HK Initialized.  Version 7.0.1.255
EVS Port1 1980-012-14:05:17.20530 66/1/FM 72: Child Task initialization complete
1980-012-14:05:17.21002 CFE_ES_ParseFileEntry: Loading file: /cf/sc.so, APP: SC
EVS Port1 1980-012-14:05:17.22291 66/1/HS 54: ExeCount verify results: good = 5, bad = 0, unused = 27
EVS Port1 1980-012-14:05:17.22578 66/1/HS 50: AppMon verify results: good = 0, bad = 0, unused = 32
EVS Port1 1980-012-14:05:17.23419 66/1/HS 52: EventMon verify results: good = 0, bad = 0, unused = 16
EVS Port1 1980-012-14:05:17.23820 66/1/HS 56: MsgActs verify results: good = 2, bad = 0, unused = 6
1980-012-14:05:17.23838 CFE_ES_ParseFileEntry: Loading file: /cf/md.so, APP: MD
EVS Port1 1980-012-14:05:17.24667 66/1/MM 1: MM Initialized. Version 7.0.1.255
1980-012-14:05:17.26003 HS_SysMonInit(): System Monitor using PSP device ID 0110ff05
EVS Port1 1980-012-14:05:17.31039 66/1/MD 52: MD Dwell Tbl verify results: good = 0, bad = 0, unused = 25
EVS Port1 1980-012-14:05:17.31071 66/1/CFE_ES 14: ErrExit Application AI_LEARNER Success.
1980-012-14:05:17.31199 CFE_ES_ParseFileEntry: Loading file: /cf/cs.so, APP: CS
EVS Port1 1980-012-14:05:17.31274 66/1/MD 3: Recovered Dwell Table #1 is valid and has been copied to the MD App
CFE_PSP(Linux_SysMon): Started CPU utilization monitoring on 4 CPU(s)
EVS Port1 1980-012-14:05:17.31921 66/1/HS 1: HS Initialized.  Version 7.0.1.255
EVS Port1 1980-012-14:05:17.32237 66/1/MD 52: MD Dwell Tbl verify results: good = 0, bad = 0, unused = 25
EVS Port1 1980-012-14:05:17.32540 66/1/MD 3: Recovered Dwell Table #2 is valid and has been copied to the MD App
EVS Port1 1980-012-14:05:17.32879 66/1/MD 52: MD Dwell Tbl verify results: good = 0, bad = 0, unused = 25
EVS Port1 1980-012-14:05:17.32936 66/1/MD 3: Recovered Dwell Table #3 is valid and has been copied to the MD App
EVS Port1 1980-012-14:05:17.33328 66/1/MD 52: MD Dwell Tbl verify results: good = 0, bad = 0, unused = 25
EVS Port1 1980-012-14:05:17.33415 66/1/MD 3: Recovered Dwell Table #4 is valid and has been copied to the MD App
EVS Port1 1980-012-14:05:17.33522 66/1/MD 7: Dwell Tables Recovered: 4, Dwell Tables Initialized: 0
EVS Port1 1980-012-14:05:17.33636 66/1/MD 1: MD Initialized.  Version 7.0.1.255
EVS Port1 1980-012-14:05:17.34077 66/1/SC 21: RTS table files not loaded at initialization = 0 of 4
EVS Port1 1980-012-14:05:17.34239 66/1/SC 9: SC Initialized. Version 7.0.1.255
EVS Port1 1980-012-14:05:17.39419 66/1/CS 144: CS EEPROM Table verification results: good = 0, bad = 0, unused = 16
EVS Port1 1980-012-14:05:17.39686 66/1/CS 107: CS EEPROM Table: No valid entries in the table
EVS Port1 1980-012-14:05:17.40187 66/1/CS 143: CS Memory Table verification results: good = 0, bad = 0, unused = 16
EVS Port1 1980-012-14:05:17.40274 66/1/CS 107: CS Memory Table: No valid entries in the table
EVS Port1 1980-012-14:05:17.40795 66/1/CS 139: CS Tables Table verification results: good = 1, bad = 0, unused = 23
EVS Port1 1980-012-14:05:17.41395 66/1/CS 142: CS Apps Table verification results: good = 0, bad = 0, unused = 24
EVS Port1 1980-012-14:05:17.41517 66/1/CS 108: CS Apps Table: No valid entries in the table
EVS Port1 1980-012-14:05:17.41658 66/1/CS 127: OS Text Segment disabled due to platform
EVS Port1 1980-012-14:05:17.41758 66/1/CS 1: CS Initialized. Version 7.0.1.255
1980-012-14:05:17.43422 CFE_ES_Main: CFE_ES_Main entering APPS_INIT state
1980-012-14:05:17.43510 CFE_ES_Main: CFE_ES_Main entering OPERATIONAL state
EVS Port1 1980-012-14:05:17.45935 66/1/TO_LAB 19: L550 TO Lab subscribed to 32 messages from the table
EVS Port1 1980-012-14:05:18.00489 66/1/CFE_TIME 21: Stop FLYWHEEL
..............EVS Port1 1980-012-14:06:44.00695 66/1/CFE_TIME 21: Stop FLYWHEEL
EVS Port1 1980-012-14:06:45.00718 66/1/CFE_TIME 20: Start FLYWHEEL
.EVS Port1 1980-012-14:06:52.08294 66/1/CFE_TIME 20: Start FLYWHEEL
EVS Port1 1980-012-14:06:52.00769 66/1/CFE_TIME 21: Stop FLYWHEEL
.EVS Port1 1980-012-14:06:55.00915 66/1/CFE_TIME 21: Stop FLYWHEEL
EVS Port1 1980-012-14:06:56.02139 66/1/CFE_TIME 20: Start FLYWHEEL
EVS Port1 1980-012-14:06:57.00250 66/1/CFE_TIME 21: Stop FLYWHEEL
EVS Port1 1980-012-14:06:57.99530 66/1/CFE_TIME 20: Start FLYWHEEL
...1980-012-14:07:14.41237 CFE_ES_RunExceptionScan: ExceptionID 0x1110002 in TaskID 0: Caught SIGINT
1980-012-14:07:14.41607 CFE_ES_RunExceptionScan: Processor Reset count not reached (1/2)
CFE_PSP: Exiting cFE with PROCESSOR Reset status.

CFE_PSP: Shutdown initiated - Exiting cFE
CI delete callback -- Closing CI Network socket.
TO delete callback -- Closing TO Network socket.
EXIT=124
