OS_BSP_Initialize():Maximum user msg queue depth = 512
CFE_PSP: Default Reset SubType = 1
CFE_PSP: Default CPU ID = 1
CFE_PSP: Default Spacecraft ID = 66
CFE_PSP: Default CPU Name: cpu1
OS_Posix_GetSchedulerParams():208:Policy 1: available, min-max: 1-99
OS_Posix_GetSchedulerParams():208:Policy 2: available, min-max: 1-99
OS_Posix_TaskAPI_Impl_Init():401:Selected policy 2 for RT tasks, root task = 99
OS_Posix_TaskAPI_Impl_Init():419:Could not setschedparam in main thread: Operation not permitted (1)
CFE_PSP: initializing module 'soft_timebase' with ID 0110ff00
CFE_PSP: Instantiated software timebase 'cFS-Master' running at 10000 usec
CFE_PSP: initializing module 'timebase_posix_clock' with ID 0110ff01
CFE_PSP: Using POSIX monotonic clock as CFE timebase
CFE_PSP: initializing module 'eeprom_mmap_file' with ID 0110ff02
CFE_PSP: Using MMAP simulated EEPROM implementation
CFE_PSP: initializing module 'port_notimpl' with ID 0110ff03
CFE_PSP: EEPROM Range (2) created: Start Address = ECD64A48E000, Size = 00080000 Status = 0
CFE_PSP: I/O Port access not implemented
CFE_PSP: initializing module 'iodriver' with ID 0110ff04
CFE_PSP: initializing module 'linux_sysmon' with ID 0110ff05
CFE_PSP: initializing module 'endian_api' with ID 0110ff06
CFE_PSP: Host CPU Endian=LITTLE
CFE_PSP: initializing module 'ram_notimpl' with ID 0110ff07
CFE_PSP: Physical RAM access not implemented
CFE_PSP: Normal exit from previous cFE instance
CFE_PSP: Starting the cFE with a PROCESSOR reset.
1980-001-00:31:19.04865 CFE_ES_Main: CFE_ES_Main in EARLY_INIT state
1980-001-00:31:19.06585 CFE_ES_InitializeFileSystems: Volatile Disk has 100 Percent free space.
Number of addresses returned by backtrace = 1
CFE_PSP: CFE_PSP_AttachExceptions called
1980-001-00:31:19.08413 CFE_ES_Main: CFE_ES_Main entering CORE_STARTUP state
1980-001-00:31:19.08478 CFE_ES_CreateObjects: Starting Object Creation calls.
1980-001-00:31:19.08580 CFE_ES_CreateObjects: Calling EarlyInit for CFE_CONFIG
1980-001-00:31:19.08887 CFE_ES_CreateObjects: Calling EarlyInit for CFE_ES
1980-001-00:31:19.09365 CFE_ES_CreateObjects: Calling EarlyInit for CFE_EVS
1980-001-00:31:19.09575 CFE_EVS_EarlyInit: Event Log restored, n=0, c=20, f=1, m=1, o=50
1980-001-00:31:19.09651 CFE_ES_CreateObjects: Calling EarlyInit for CFE_FS
1980-001-00:31:19.09668 CFE_ES_CreateObjects: Calling EarlyInit for CFE_SB
1980-001-00:31:19.13041 CFE_ES_CreateObjects: Calling EarlyInit for CFE_TBL
1980-001-00:31:19.15955 CFE_ES_CreateObjects: Calling EarlyInit for CFE_TIME
EVS Port1 1980-012-14:05:16.17591 66/1/CFE_ES 1: cFE ES Initialized: CFE_ES v7.0.1+dev1 (Draco) DEV BUILD, based on v7.0.1, EDS disabled
EVS Port1 1980-012-14:05:16.18237 66/1/CFE_ES 2: cFS Versions: cfe v7.0.1+dev1, osal v7.0.1+dev1, psp v7.0.1+dev1. cFE chksm 31659
EVS Port1 1980-012-14:05:16.18354 66/1/CFE_ES 91: Version Info: Mission SampleMission, version git:v7.0.1-90-g78c23b0-dirty
EVS Port1 1980-012-14:05:16.18444 66/1/CFE_ES 91: Version Info: Module CORE_API, version git:2612eb0
EVS Port1 1980-012-14:05:16.18484 66/1/CFE_ES 91: Version Info: Module CONFIG, version git:2612eb0
EVS Port1 1980-012-14:05:16.18559 66/1/CFE_ES 91: Version Info: Module ES, version git:2612eb0
EVS Port1 1980-012-14:05:16.18582 66/1/CFE_ES 91: Version Info: Module EVS, version git:2612eb0
EVS Port1 1980-012-14:05:16.18594 66/1/CFE_ES 91: Version Info: Module FS, version git:2612eb0
EVS Port1 1980-012-14:05:16.18647 66/1/CFE_ES 91: Version Info: Module SB, version git:2612eb0
EVS Port1 1980-012-14:05:16.18664 66/1/CFE_ES 91: Version Info: Module TBL, version git:2612eb0
EVS Port1 1980-012-14:05:16.18676 66/1/CFE_ES 91: Version Info: Module TIME, version git:2612eb0
EVS Port1 1980-012-14:05:16.18685 66/1/CFE_ES 91: Version Info: Module OSAL, version git:8111e4a
EVS Port1 1980-012-14:05:16.18696 66/1/CFE_ES 91: Version Info: Module PSP, version git:d1da809
EVS Port1 1980-012-14:05:16.18748 66/1/CFE_ES 91: Version Info: Module MSG, version git:2612eb0
EVS Port1 1980-012-14:05:16.18762 66/1/CFE_ES 91: Version Info: Module SBR, version git:2612eb0
EVS Port1 1980-012-14:05:16.18772 66/1/CFE_ES 91: Version Info: Module RESOURCEID, version git:2612eb0
EVS Port1 1980-012-14:05:16.18804 66/1/CFE_ES 92: Build 202609140214 by root@vm, config aarch64
EVS Port1 1980-012-14:05:16.28773 66/1/CFE_EVS 1: cFE EVS Initialized: CFE_EVS v7.0.1+dev1 (Draco) DEV BUILD, based on v7.0.1, EDS disabled
1980-012-14:05:16.39076 CFE_SB_AppInit: Registered 4 events for filtering
EVS Port1 1980-012-14:05:16.39546 66/1/CFE_SB 1: cFE SB Initialized: CFE_SB v7.0.1+dev1 (Draco) DEV BUILD, based on v7.0.1, EDS disabled
EVS Port1 1980-012-14:05:16.39601 66/1/CFE_SB 14: No subscribers for MsgId 0x808,sender CFE_SB
EVS Port1 1980-012-14:05:16.49664 66/1/CFE_TBL 1: cFE TBL Initialized: CFE_TBL v7.0.1+dev1 (Draco) DEV BUILD, based on v7.0.1, EDS disabled
EVS Port1 1980-012-14:05:16.49794 66/1/CFE_SB 14: No subscribers for MsgId 0x808,sender CFE_TBL
EVS Port1 1980-012-14:05:16.61979 66/1/CFE_TIME 1: cFE TIME Initialized: CFE_TIME v7.0.1+dev1 (Draco) DEV BUILD, based on v7.0.1, EDS disabled
EVS Port1 1980-012-14:05:16.62063 66/1/CFE_SB 14: No subscribers for MsgId 0x808,sender CFE_TIME
1980-012-14:05:16.65054 CFE_ES_CreateObjects: Finished ES CreateObject table entries.
1980-012-14:05:16.65136 CFE_ES_Main: CFE_ES_Main entering CORE_READY state
OS_FileOpen_Impl():110:open(/dev/shm/osal:RAM/cfe_es_startup.scr): No such file or directory
1980-012-14:05:16.66082 CFE_ES_OpenStartupScript: Cannot Open Volatile Startup file: /ram/cfe_es_startup.scr, Trying Nonvolatile.
1980-012-14:05:16.66340 CFE_ES_OpenStartupScript: Opened ES App Startup file: /cf/cfe_es_startup.scr
1980-012-14:05:16.69880 CFE_ES_ParseFileEntry: Loading shared library: /cf/cfe_assert.so
1980-012-14:05:16.71256 [BEGIN] CFE FUNCTIONAL TEST
1980-012-14:05:16.71353 [BEGIN] 01 CFE-STARTUP
1980-012-14:05:16.74554 CFE_ES_ParseFileEntry: Loading shared library: /cf/sample_lib.so
SAMPLE Lib Initialized.Sample Lib v7.0.0+dev1 (Draco) DEV BUILD, based on v7.0.1, EDS disabled
1980-012-14:05:16.78337 CFE_ES_ParseFileEntry: Loading file: /cf/sch_lab.so, APP: SCH_LAB
1980-012-14:05:16.82488 CFE_ES_ParseFileEntry: Loading file: /cf/ci_lab.so, APP: CI_LAB
SCH Lab Initialized.SCH Lab v7.0.1+dev1 (Draco) DEV BUILD, based on v7.0.1, EDS disabled
1980-012-14:05:16.86700 CFE_ES_ParseFileEntry: Loading file: /cf/to_lab.so, APP: TO_LAB
1980-012-14:05:16.91776 CFE_ES_ParseFileEntry: Loading file: /cf/sample_app.so, APP: SAMPLE_APP
EVS Port1 1980-012-14:05:16.94075 66/1/TO_LAB 1: TO Lab Initialized.TO Lab v7.0.1+dev1 (Draco) DEV BUILD, based on v7.0.1, EDS disabled, Awaiting enable command.
EVS Port1 1980-012-14:05:16.94200 66/1/CFE_SB 14: No subscribers for MsgId 0x808,sender TO_LAB
1980-012-14:05:16.95671 CI_LAB listening on UDP port: 1234
EVS Port1 1980-012-14:05:16.95718 66/1/CI_LAB 3: CI Lab Initialized.CI Lab App v7.0.1+dev1 (Draco) DEV BUILD, based on v7.0.1, EDS disabled
1980-012-14:05:16.96178 CFE_ES_ParseFileEntry: Loading file: /cf/ai_learner.so, APP: AI_LEARNER
EVS Port1 1980-012-14:05:16.98857 66/1/SAMPLE_APP 1: Sample App Initialized.Sample App v7.0.0+dev1 (Draco) DEV BUILD, based on v7.0.1, EDS disabled
1980-012-14:05:17.00366 CFE_ES_ParseFileEntry: Loading file: /cf/lc.so, APP: LC
1980-012-14:05:17.03444 CFE_ES_ParseFileEntry: Loading file: /cf/cf.so, APP: CF
{"app":"AI_LEARNER","stage":"build_config","model":"wgan","allow_conditional_map":0,"contract_bounded_bytes":135666432,"contract_per_call_bytes":131382784,"contract_const_bytes":4283648,"contract_bound_known":true,"contract_artifact_sha256":"e382429cbfbf580356379365fa67a8a2b01b47d58ec4e04b4a4c14165be2e102"}
{"app":"AI_LEARNER","stage":"stack","es_stack_size":263024,"stack_base_bytes":262144,"contract_kernel_stack_bytes":880,"kernel_stack_accounted":true}
EVS Port1 1980-012-14:05:17.04011 66/1/AI_LEARNER 8: AI_LEARNER stack: es=263024 base=262144 kernel=880 accounted=1
{"app":"AI_LEARNER","stage":"admission","verdict":"ADMIT","model":"wgan","target":"aarch64-unknown-linux-gnu","bounded":135666432,"budget":135666432,"budget_source":"override","per_call":131382784,"constants":4283648,"kernel_stack_bytes":880,"bound_known":true,"scope":"per_app_local_budget"}
{"app":"AI_LEARNER","stage":"blob_align","requested_offset":0,"state":"applied","module_ptr_mod64":0}
1980-012-14:05:17.06379 CFE_ES_ParseFileEntry: Loading file: /cf/ds.so, APP: DS
EVS Port1 1980-012-14:05:17.07554 66/1/LC 56: WDT verify results: good = 0, bad = 0, unused = 176
EVS Port1 1980-012-14:05:17.08467 66/1/LC 66: ADT verify results: good = 0, bad = 0, unused = 176
EVS Port1 1980-012-14:05:17.08665 66/1/LC 23: LC use of Critical Data Store disabled, activity mask = 0x00991990
EVS Port1 1980-012-14:05:17.09095 66/1/LC 2: LC Initialized. Version 7.0.1.255
1980-012-14:05:17.10271 CFE_ES_ParseFileEntry: Loading file: /cf/fm.so, APP: FM
EVS Port1 1980-012-14:05:17.12756 66/1/CF 20: CF Initialized. Version 7.0.1.255
EVS Port1 1980-012-14:05:17.13825 66/1/DS 10: Destination file table verify results: good entries = 6, bad = 0, unused = 10
1980-012-14:05:17.14015 CFE_ES_ParseFileEntry: Loading file: /cf/hk.so, APP: HK
EVS Port1 1980-012-14:05:17.14366 66/1/DS 12: Filter table verify results: good entries = 14, bad = 0, unused = 242
EVS Port1 1980-012-14:05:17.15083 66/1/DS 1: Application initialized, version 7.0.1.255, data at 0xecd649450460
1980-012-14:05:17.17783 CFE_ES_ParseFileEntry: Loading file: /cf/hs.so, APP: HS
EVS Port1 1980-012-14:05:17.17987 66/1/FM 80: Free Space Table verify results: good entries = 3, bad = 0, unused = 5
EVS Port1 1980-012-14:05:17.19462 66/1/FM 1: Initialization complete: version 7.0.1.255
1980-012-14:05:17.21235 CFE_ES_ParseFileEntry: Loading file: /cf/mm.so, APP: MM
EVS Port1 1980-012-14:05:17.21543 66/1/HK 1: HK Initialized.  Version 7.0.1.255
1980-012-14:05:17.24710 CFE_ES_ParseFileEntry: Loading file: /cf/sc.so, APP: SC
EVS Port1 1980-012-14:05:17.25251 66/1/FM 72: Child Task initialization complete
EVS Port1 1980-012-14:05:17.25366 66/1/HS 54: ExeCount verify results: good = 5, bad = 0, unused = 27
EVS Port1 1980-012-14:05:17.26574 66/1/HS 50: AppMon verify results: good = 0, bad = 0, unused = 32
EVS Port1 1980-012-14:05:17.27259 66/1/HS 52: EventMon verify results: good = 0, bad = 0, unused = 16
EVS Port1 1980-012-14:05:17.27726 66/1/HS 56: MsgActs verify results: good = 2, bad = 0, unused = 6
1980-012-14:05:17.27961 HS_SysMonInit(): System Monitor using PSP device ID 0110ff05
1980-012-14:05:17.28547 CFE_ES_ParseFileEntry: Loading file: /cf/md.so, APP: MD
EVS Port1 1980-012-14:05:17.28865 66/1/MM 1: MM Initialized. Version 7.0.1.255
CFE_PSP(Linux_SysMon): Started CPU utilization monitoring on 4 CPU(s)
EVS Port1 1980-012-14:05:17.31117 66/1/HS 1: HS Initialized.  Version 7.0.1.255
1980-012-14:05:17.32481 CFE_ES_ParseFileEntry: Loading file: /cf/cs.so, APP: CS
EVS Port1 1980-012-14:05:17.33775 66/1/SC 21: RTS table files not loaded at initialization = 0 of 4
EVS Port1 1980-012-14:05:17.34034 66/1/SC 9: SC Initialized. Version 7.0.1.255
EVS Port1 1980-012-14:05:17.35858 66/1/MD 52: MD Dwell Tbl verify results: good = 0, bad = 0, unused = 25
EVS Port1 1980-012-14:05:17.36148 66/1/MD 3: Recovered Dwell Table #1 is valid and has been copied to the MD App
EVS Port1 1980-012-14:05:17.36340 66/1/MD 52: MD Dwell Tbl verify results: good = 0, bad = 0, unused = 25
EVS Port1 1980-012-14:05:17.36402 66/1/MD 3: Recovered Dwell Table #2 is valid and has been copied to the MD App
EVS Port1 1980-012-14:05:17.36772 66/1/MD 52: MD Dwell Tbl verify results: good = 0, bad = 0, unused = 25
EVS Port1 1980-012-14:05:17.36994 66/1/MD 3: Recovered Dwell Table #3 is valid and has been copied to the MD App
EVS Port1 1980-012-14:05:17.37149 66/1/MD 52: MD Dwell Tbl verify results: good = 0, bad = 0, unused = 25
EVS Port1 1980-012-14:05:17.37254 66/1/MD 3: Recovered Dwell Table #4 is valid and has been copied to the MD App
EVS Port1 1980-012-14:05:17.37469 66/1/MD 7: Dwell Tables Recovered: 4, Dwell Tables Initialized: 0
EVS Port1 1980-012-14:05:17.37644 66/1/MD 1: MD Initialized.  Version 7.0.1.255
EVS Port1 1980-012-14:05:17.39732 66/1/CS 144: CS EEPROM Table verification results: good = 0, bad = 0, unused = 16
EVS Port1 1980-012-14:05:17.40066 66/1/CS 107: CS EEPROM Table: No valid entries in the table
EVS Port1 1980-012-14:05:17.40600 66/1/CS 143: CS Memory Table verification results: good = 0, bad = 0, unused = 16
EVS Port1 1980-012-14:05:17.40711 66/1/CS 107: CS Memory Table: No valid entries in the table
EVS Port1 1980-012-14:05:17.41354 66/1/CS 139: CS Tables Table verification results: good = 1, bad = 0, unused = 23
EVS Port1 1980-012-14:05:17.42082 66/1/CS 142: CS Apps Table verification results: good = 0, bad = 0, unused = 24
EVS Port1 1980-012-14:05:17.42301 66/1/CS 108: CS Apps Table: No valid entries in the table
EVS Port1 1980-012-14:05:17.42549 66/1/CS 127: OS Text Segment disabled due to platform
EVS Port1 1980-012-14:05:17.42738 66/1/CS 1: CS Initialized. Version 7.0.1.255
{"app":"AI_LEARNER","stage":"binding","verdict":"MATCH","artifact_bytes":4321533,"artifact_sha256":"e382429cbfbf5803","contract_sha256":"e382429cbfbf5803"}
{"app":"AI_LEARNER","stage":"map_branch","model":"wgan","module_ptr_mod64":0,"hal_peak_after_append":0,"contract_const_bytes":4283648,"contract_per_call_bytes":131382784,"arm":"map","admission_mode":"unconditional"}
{"app":"AI_LEARNER","stage":"mem_init","model":"wgan","target":"aarch64-unknown-linux-gnu","hal_peak":602112,"hal_allocated":602112,"bounded":135666432,"peak_within_bounded":true,"inferences_so_far":0,"process_rss_kb":11284,"rss_kb_before_runtime":9640,"rss_kb_after_session":9928,"rss_kb_after_init":11284}
EVS Port1 1980-012-14:05:18.00598 66/1/CFE_TIME 21: Stop FLYWHEEL
1980-012-14:05:18.22452 CFE_ES_Main: Startup Sync failed - Applications may not have all initialized
1980-012-14:05:18.22483 CFE_ES_Main: CFE_ES_Main entering APPS_INIT state
1980-012-14:05:19.24078 CFE_ES_Main: Startup Sync failed - Applications may not have all started
1980-012-14:05:19.24135 CFE_ES_Main: CFE_ES_Main entering OPERATIONAL state
EVS Port1 1980-012-14:05:19.25642 66/1/TO_LAB 19: L550 TO Lab subscribed to 32 messages from the table
..EVS Port1 1980-012-14:05:33.00271 66/1/CFE_TIME 21: Stop FLYWHEEL
EVS Port1 1980-012-14:05:34.02772 66/1/CFE_TIME 20: Start FLYWHEEL
EVS Port1 1980-012-14:05:36.05935 66/1/CFE_TIME 20: Start FLYWHEEL
EVS Port1 1980-012-14:05:36.00878 66/1/CFE_TIME 21: Stop FLYWHEEL
.EVS Port1 1980-012-14:05:38.00312 66/1/CFE_TIME 21: Stop FLYWHEEL
EVS Port1 1980-012-14:05:39.08074 66/1/CFE_TIME 20: Start FLYWHEEL
EVS Port1 1980-012-14:05:41.15956 66/1/CFE_TIME 20: Start FLYWHEEL
EVS Port1 1980-012-14:05:42.01141 66/1/CFE_TIME 21: Stop FLYWHEEL
.EVS Port1 1980-012-14:05:46.41860 66/1/CFE_TIME 20: Start FLYWHEEL
EVS Port1 1980-012-14:05:47.00376 66/1/CFE_TIME 21: Stop FLYWHEEL
.EVS Port1 1980-012-14:05:49.00900 66/1/CFE_TIME 21: Stop FLYWHEEL
EVS Port1 1980-012-14:05:50.01016 66/1/CFE_TIME 20: Start FLYWHEEL
.EVS Port1 1980-012-14:05:56.03651 66/1/CFE_TIME 20: Start FLYWHEEL
EVS Port1 1980-012-14:05:56.00511 66/1/CFE_TIME 21: Stop FLYWHEEL
EVS Port1 1980-012-14:05:59.00495 66/1/CFE_TIME 21: Stop FLYWHEEL
EVS Port1 1980-012-14:05:59.99713 66/1/CFE_TIME 20: Start FLYWHEEL
......EVS Port1 1980-012-14:06:36.00463 66/1/CFE_TIME 21: Stop FLYWHEEL
.EVS Port1 1980-012-14:06:36.99876 66/1/CFE_TIME 20: Start FLYWHEEL
....EVS Port1 1980-012-14:07:01.00747 66/1/CFE_TIME 21: Stop FLYWHEEL
EVS Port1 1980-012-14:07:01.99772 66/1/CFE_TIME 20: Start FLYWHEEL
.EVS Port1 1980-012-14:07:09.10061 66/1/CFE_TIME 20: Start FLYWHEEL
EVS Port1 1980-012-14:07:09.00457 66/1/CFE_TIME 21: Stop FLYWHEEL
.EVS Port1 1980-012-14:07:13.07702 66/1/CFE_TIME 20: Start FLYWHEEL
EVS Port1 1980-012-14:07:17.00755 66/1/CFE_TIME 21: Stop FLYWHEEL
.EVS Port1 1980-012-14:07:19.00859 66/1/CFE_TIME 21: Stop FLYWHEEL
EVS Port1 1980-012-14:07:19.99855 66/1/CFE_TIME 20: Start FLYWHEEL
EVS Port1 1980-012-14:07:24.00474 66/1/CFE_TIME 21: Stop FLYWHEEL
.EVS Port1 1980-012-14:07:24.99842 66/1/CFE_TIME 20: Start FLYWHEEL
.EVS Port1 1980-012-14:07:33.05499 66/1/CFE_TIME 20: Start FLYWHEEL
EVS Port1 1980-012-14:07:33.00331 66/1/CFE_TIME 21: Stop FLYWHEEL
...............EVS Port1 1980-012-14:09:04.00462 66/1/CFE_TIME 21: Stop FLYWHEEL
EVS Port1 1980-012-14:09:05.04292 66/1/CFE_TIME 20: Start FLYWHEEL
.EVS Port1 1980-012-14:09:06.00587 66/1/CFE_TIME 21: Stop FLYWHEEL
EVS Port1 1980-012-14:09:07.00978 66/1/CFE_TIME 20: Start FLYWHEEL
..EVS Port1 1980-012-14:09:22.00463 66/1/CFE_TIME 21: Stop FLYWHEEL
EVS Port1 1980-012-14:09:22.99888 66/1/CFE_TIME 20: Start FLYWHEEL
.EVS Port1 1980-012-14:09:27.00387 66/1/CFE_TIME 21: Stop FLYWHEEL
EVS Port1 1980-012-14:09:27.99908 66/1/CFE_TIME 20: Start FLYWHEEL
............EVS Port1 1980-012-14:10:39.00451 66/1/CFE_TIME 21: Stop FLYWHEEL
EVS Port1 1980-012-14:10:40.01174 66/1/CFE_TIME 20: Start FLYWHEEL
.EVS Port1 1980-012-14:10:41.00343 66/1/CFE_TIME 21: Stop FLYWHEEL
EVS Port1 1980-012-14:10:42.02128 66/1/CFE_TIME 20: Start FLYWHEEL
EVS Port1 1980-012-14:10:43.00427 66/1/CFE_TIME 21: Stop FLYWHEEL
EVS Port1 1980-012-14:10:44.03199 66/1/CFE_TIME 20: Start FLYWHEEL
EVS Port1 1980-012-14:10:45.00730 66/1/CFE_TIME 21: Stop FLYWHEEL
EVS Port1 1980-012-14:10:46.01022 66/1/CFE_TIME 20: Start FLYWHEEL
.EVS Port1 1980-012-14:10:47.00650 66/1/CFE_TIME 21: Stop FLYWHEEL
EVS Port1 1980-012-14:10:48.01995 66/1/CFE_TIME 20: Start FLYWHEEL
EVS Port1 1980-012-14:10:49.00926 66/1/CFE_TIME 21: Stop FLYWHEEL
EVS Port1 1980-012-14:10:50.02928 66/1/CFE_TIME 20: Start FLYWHEEL
EVS Port1 1980-012-14:10:52.08131 66/1/CFE_TIME 20: Start FLYWHEEL
.EVS Port1 1980-012-14:10:54.00407 66/1/CFE_TIME 21: Stop FLYWHEEL
EVS Port1 1980-012-14:10:57.12963 66/1/CFE_TIME 20: Start FLYWHEEL
EVS Port1 1980-012-14:10:58.00691 66/1/CFE_TIME 21: Stop FLYWHEEL
.EVS Port1 1980-012-14:11:03.00433 66/1/CFE_TIME 21: Stop FLYWHEEL
EVS Port1 1980-012-14:11:03.99475 66/1/CFE_TIME 20: Start FLYWHEEL
..EVS Port1 1980-012-14:11:11.00535 66/1/CFE_TIME 21: Stop FLYWHEEL
EVS Port1 1980-012-14:11:11.99914 66/1/CFE_TIME 20: Start FLYWHEEL
...EVS Port1 1980-012-14:11:29.00657 66/1/CFE_TIME 21: Stop FLYWHEEL
EVS Port1 1980-012-14:11:29.99484 66/1/CFE_TIME 20: Start FLYWHEEL
..EVS Port1 1980-012-14:11:41.00392 66/1/CFE_TIME 21: Stop FLYWHEEL
EVS Port1 1980-012-14:11:42.00099 66/1/CFE_TIME 20: Start FLYWHEEL
.....EVS Port1 1980-012-14:12:14.00456 66/1/CFE_TIME 21: Stop FLYWHEEL
EVS Port1 1980-012-14:12:14.99900 66/1/CFE_TIME 20: Start FLYWHEEL
....EVS Port1 1980-012-14:12:36.00715 66/1/CFE_TIME 21: Stop FLYWHEEL
EVS Port1 1980-012-14:12:37.00747 66/1/CFE_TIME 20: Start FLYWHEEL
......EVS Port1 1980-012-14:13:14.00476 66/1/CFE_TIME 21: Stop FLYWHEEL
EVS Port1 1980-012-14:13:14.99905 66/1/CFE_TIME 20: Start FLYWHEEL
..EVS Port1 1980-012-14:13:23.00241 66/1/CFE_TIME 21: Stop FLYWHEEL
EVS Port1 1980-012-14:13:24.00659 66/1/CFE_TIME 20: Start FLYWHEEL
...EVS Port1 1980-012-14:13:42.08004 66/1/CFE_TIME 20: Start FLYWHEEL
EVS Port1 1980-012-14:13:42.02217 66/1/CFE_TIME 21: Stop FLYWHEEL
.EVS Port1 1980-012-14:13:47.01293 66/1/CFE_TIME 21: Stop FLYWHEEL
EVS Port1 1980-012-14:13:48.00306 66/1/CFE_TIME 20: Start FLYWHEEL
EVS Port1 1980-012-14:13:51.06562 66/1/CFE_TIME 20: Start FLYWHEEL
EVS Port1 1980-012-14:13:51.00520 66/1/CFE_TIME 21: Stop FLYWHEEL
.EVS Port1 1980-012-14:13:54.00733 66/1/CFE_TIME 21: Stop FLYWHEEL
EVS Port1 1980-012-14:13:55.02413 66/1/CFE_TIME 20: Start FLYWHEEL
EVS Port1 1980-012-14:13:56.00712 66/1/CFE_TIME 21: Stop FLYWHEEL
EVS Port1 1980-012-14:13:57.02995 66/1/CFE_TIME 20: Start FLYWHEEL
.EVS Port1 1980-012-14:13:59.06437 66/1/CFE_TIME 20: Start FLYWHEEL
EVS Port1 1980-012-14:13:59.00402 66/1/CFE_TIME 21: Stop FLYWHEEL
EVS Port1 1980-012-14:14:03.00785 66/1/CFE_TIME 21: Stop FLYWHEEL
.EVS Port1 1980-012-14:14:04.08912 66/1/CFE_TIME 20: Start FLYWHEEL
EVS Port1 1980-012-14:14:06.16819 66/1/CFE_TIME 20: Start FLYWHEEL
EVS Port1 1980-012-14:14:07.00567 66/1/CFE_TIME 21: Stop FLYWHEEL
..........EVS Port1 1980-012-14:15:04.00930 66/1/CFE_TIME 21: Stop FLYWHEEL
EVS Port1 1980-012-14:15:05.03242 66/1/CFE_TIME 20: Start FLYWHEEL
EVS Port1 1980-012-14:15:07.08372 66/1/CFE_TIME 20: Start FLYWHEEL
EVS Port1 1980-012-14:15:07.00779 66/1/CFE_TIME 21: Stop FLYWHEEL
.EVS Port1 1980-012-14:15:10.01234 66/1/CFE_TIME 21: Stop FLYWHEEL
EVS Port1 1980-012-14:15:11.00708 66/1/CFE_TIME 20: Start FLYWHEEL
EVS Port1 1980-012-14:15:13.00349 66/1/CFE_TIME 21: Stop FLYWHEEL
EVS Port1 1980-012-14:15:14.04011 66/1/CFE_TIME 20: Start FLYWHEEL
EVS Port1 1980-012-14:15:15.00401 66/1/CFE_TIME 21: Stop FLYWHEEL
.EVS Port1 1980-012-14:15:16.00671 66/1/CFE_TIME 20: Start FLYWHEEL
EVS Port1 1980-012-14:15:18.00372 66/1/CFE_TIME 21: Stop FLYWHEEL
EVS Port1 1980-012-14:15:19.02996 66/1/CFE_TIME 20: Start FLYWHEEL
EVS Port1 1980-012-14:15:20.00447 66/1/CFE_TIME 21: Stop FLYWHEEL
EVS Port1 1980-012-14:15:21.02798 66/1/CFE_TIME 20: Start FLYWHEEL
.EVS Port1 1980-012-14:15:22.00321 66/1/CFE_TIME 21: Stop FLYWHEEL
EVS Port1 1980-012-14:15:23.02474 66/1/CFE_TIME 20: Start FLYWHEEL
EVS Port1 1980-012-14:15:24.00764 66/1/CFE_TIME 21: Stop FLYWHEEL
EVS Port1 1980-012-14:15:24.99888 66/1/CFE_TIME 20: Start FLYWHEEL
.EVS Port1 1980-012-14:15:29.07525 66/1/CFE_TIME 20: Start FLYWHEEL
EVS Port1 1980-012-14:15:30.00572 66/1/CFE_TIME 21: Stop FLYWHEEL
EVS Port1 1980-012-14:15:32.00743 66/1/CFE_TIME 21: Stop FLYWHEEL
EVS Port1 1980-012-14:15:33.02574 66/1/CFE_TIME 20: Start FLYWHEEL
.EVS Port1 1980-012-14:15:35.07624 66/1/CFE_TIME 20: Start FLYWHEEL
EVS Port1 1980-012-14:15:36.00541 66/1/CFE_TIME 21: Stop FLYWHEEL
EVS Port1 1980-012-14:15:39.06889 66/1/CFE_TIME 20: Start FLYWHEEL
EVS Port1 1980-012-14:15:39.00413 66/1/CFE_TIME 21: Stop FLYWHEEL
.EVS Port1 1980-012-14:15:42.00654 66/1/CFE_TIME 21: Stop FLYWHEEL
EVS Port1 1980-012-14:15:43.00387 66/1/CFE_TIME 20: Start FLYWHEEL
......EVS Port1 1980-012-14:16:16.00691 66/1/CFE_TIME 21: Stop FLYWHEEL
EVS Port1 1980-012-14:16:17.02572 66/1/CFE_TIME 20: Start FLYWHEEL
EVS Port1 1980-012-14:16:19.08149 66/1/CFE_TIME 20: Start FLYWHEEL
EVS Port1 1980-012-14:16:19.00488 66/1/CFE_TIME 21: Stop FLYWHEEL
.EVS Port1 1980-012-14:16:24.32432 66/1/CFE_TIME 20: Start FLYWHEEL
.EVS Port1 1980-012-14:16:27.00509 66/1/CFE_TIME 21: Stop FLYWHEEL
..EVS Port1 1980-012-14:16:43.00245 66/1/CFE_TIME 21: Stop FLYWHEEL
EVS Port1 1980-012-14:16:43.99900 66/1/CFE_TIME 20: Start FLYWHEEL
...EVS Port1 1980-012-14:16:57.13475 66/1/CFE_TIME 20: Start FLYWHEEL
EVS Port1 1980-012-14:16:58.00863 66/1/CFE_TIME 21: Stop FLYWHEEL
EVS Port1 1980-012-14:17:02.00473 66/1/CFE_TIME 21: Stop FLYWHEEL
.EVS Port1 1980-012-14:17:03.01956 66/1/CFE_TIME 20: Start FLYWHEEL
EVS Port1 1980-012-14:17:04.00378 66/1/CFE_TIME 21: Stop FLYWHEEL
EVS Port1 1980-012-14:17:05.04595 66/1/CFE_TIME 20: Start FLYWHEEL
EVS Port1 1980-012-14:17:07.04396 66/1/CFE_TIME 20: Start FLYWHEEL
.EVS Port1 1980-012-14:17:10.01074 66/1/CFE_TIME 21: Stop FLYWHEEL
.EVS Port1 1980-012-14:17:16.05244 66/1/CFE_TIME 20: Start FLYWHEEL
EVS Port1 1980-012-14:17:16.00286 66/1/CFE_TIME 21: Stop FLYWHEEL
.EVS Port1 1980-012-14:17:22.06735 66/1/CFE_TIME 20: Start FLYWHEEL
EVS Port1 1980-012-14:17:22.01858 66/1/CFE_TIME 21: Stop FLYWHEEL
.EVS Port1 1980-012-14:17:27.23059 66/1/CFE_TIME 20: Start FLYWHEEL
EVS Port1 1980-012-14:17:27.00558 66/1/CFE_TIME 21: Stop FLYWHEEL
EVS Port1 1980-012-14:17:30.10792 66/1/CFE_TIME 20: Start FLYWHEEL
EVS Port1 1980-012-14:17:32.00912 66/1/CFE_TIME 21: Stop FLYWHEEL
.EVS Port1 1980-012-14:17:35.11912 66/1/CFE_TIME 20: Start FLYWHEEL
EVS Port1 1980-012-14:17:36.00433 66/1/CFE_TIME 21: Stop FLYWHEEL
.EVS Port1 1980-012-14:17:38.00881 66/1/CFE_TIME 21: Stop FLYWHEEL
EVS Port1 1980-012-14:17:39.00706 66/1/CFE_TIME 20: Start FLYWHEEL
EVS Port1 1980-012-14:17:43.07948 66/1/CFE_TIME 20: Start FLYWHEEL
EVS Port1 1980-012-14:17:43.00695 66/1/CFE_TIME 21: Stop FLYWHEEL
.EVS Port1 1980-012-14:17:45.00228 66/1/CFE_TIME 21: Stop FLYWHEEL
EVS Port1 1980-012-14:17:46.01960 66/1/CFE_TIME 20: Start FLYWHEEL
EVS Port1 1980-012-14:17:47.00282 66/1/CFE_TIME 21: Stop FLYWHEEL
EVS Port1 1980-012-14:17:47.99954 66/1/CFE_TIME 20: Start FLYWHEEL
.EVS Port1 1980-012-14:17:52.03747 66/1/CFE_TIME 20: Start FLYWHEEL
EVS Port1 1980-012-14:17:52.00914 66/1/CFE_TIME 21: Stop FLYWHEEL
.EVS Port1 1980-012-14:17:57.13435 66/1/CFE_TIME 20: Start FLYWHEEL
EVS Port1 1980-012-14:17:58.01969 66/1/CFE_TIME 21: Stop FLYWHEEL
EVS Port1 1980-012-14:18:00.00848 66/1/CFE_TIME 21: Stop FLYWHEEL
EVS Port1 1980-012-14:18:01.00418 66/1/CFE_TIME 20: Start FLYWHEEL
..EVS Port1 1980-012-14:18:09.10278 66/1/CFE_TIME 20: Start FLYWHEEL
EVS Port1 1980-012-14:18:11.00920 66/1/CFE_TIME 21: Stop FLYWHEEL
..EVS Port1 1980-012-14:18:20.00250 66/1/CFE_TIME 21: Stop FLYWHEEL
EVS Port1 1980-012-14:18:20.99829 66/1/CFE_TIME 20: Start FLYWHEEL
EVS Port1 1980-012-14:18:24.04913 66/1/CFE_TIME 20: Start FLYWHEEL
EVS Port1 1980-012-14:18:24.01058 66/1/CFE_TIME 21: Stop FLYWHEEL
.EVS Port1 1980-012-14:18:27.41856 66/1/CFE_TIME 20: Start FLYWHEEL
.EVS Port1 1980-012-14:18:35.01805 66/1/CFE_TIME 21: Stop FLYWHEEL
.EVS Port1 1980-012-14:18:38.23022 66/1/CFE_TIME 20: Start FLYWHEEL
.EVS Port1 1980-012-14:18:44.00968 66/1/CFE_TIME 21: Stop FLYWHEEL
EVS Port1 1980-012-14:18:47.17779 66/1/CFE_TIME 20: Start FLYWHEEL
..EVS Port1 1980-012-14:18:58.00569 66/1/CFE_TIME 21: Stop FLYWHEEL
..EVS Port1 1980-012-14:19:08.00630 66/1/CFE_TIME 21: Stop FLYWHEEL
EVS Port1 1980-012-14:19:09.03974 66/1/CFE_TIME 20: Start FLYWHEEL
EVS Port1 1980-012-14:19:10.00444 66/1/CFE_TIME 21: Stop FLYWHEEL
.EVS Port1 1980-012-14:19:11.03079 66/1/CFE_TIME 20: Start FLYWHEEL
EVS Port1 1980-012-14:19:12.00411 66/1/CFE_TIME 21: Stop FLYWHEEL
EVS Port1 1980-012-14:19:13.00938 66/1/CFE_TIME 20: Start FLYWHEEL
.EVS Port1 1980-012-14:19:20.00283 66/1/CFE_TIME 21: Stop FLYWHEEL
EVS Port1 1980-012-14:19:21.01617 66/1/CFE_TIME 20: Start FLYWHEEL
.EVS Port1 1980-012-14:19:23.00285 66/1/CFE_TIME 21: Stop FLYWHEEL
EVS Port1 1980-012-14:19:24.00559 66/1/CFE_TIME 20: Start FLYWHEEL
EVS Port1 1980-012-14:19:27.09790 66/1/CFE_TIME 20: Start FLYWHEEL
.EVS Port1 1980-012-14:19:30.00436 66/1/CFE_TIME 21: Stop FLYWHEEL
EVS Port1 1980-012-14:19:32.00454 66/1/CFE_TIME 21: Stop FLYWHEEL
EVS Port1 1980-012-14:19:33.00564 66/1/CFE_TIME 20: Start FLYWHEEL
.EVS Port1 1980-012-14:19:39.00431 66/1/CFE_TIME 21: Stop FLYWHEEL
EVS Port1 1980-012-14:19:40.00819 66/1/CFE_TIME 20: Start FLYWHEEL
.EVS Port1 1980-012-14:19:42.00216 66/1/CFE_TIME 21: Stop FLYWHEEL
EVS Port1 1980-012-14:19:43.02043 66/1/CFE_TIME 20: Start FLYWHEEL
EVS Port1 1980-012-14:19:44.01046 66/1/CFE_TIME 21: Stop FLYWHEEL
EVS Port1 1980-012-14:19:45.00959 66/1/CFE_TIME 20: Start FLYWHEEL
.EVS Port1 1980-012-14:19:48.10871 66/1/CFE_TIME 20: Start FLYWHEEL
EVS Port1 1980-012-14:19:49.00794 66/1/CFE_TIME 21: Stop FLYWHEEL
EVS Port1 1980-012-14:19:52.01203 66/1/CFE_TIME 21: Stop FLYWHEEL
.EVS Port1 1980-012-14:19:53.00401 66/1/CFE_TIME 20: Start FLYWHEEL
EVS Port1 1980-012-14:19:55.00376 66/1/CFE_TIME 21: Stop FLYWHEEL
EVS Port1 1980-012-14:19:56.00540 66/1/CFE_TIME 20: Start FLYWHEEL
.EVS Port1 1980-012-14:20:00.00595 66/1/CFE_TIME 21: Stop FLYWHEEL
EVS Port1 1980-012-14:20:00.99990 66/1/CFE_TIME 20: Start FLYWHEEL
EVS Port1 1980-012-14:20:04.00251 66/1/CFE_TIME 21: Stop FLYWHEEL
.EVS Port1 1980-012-14:20:05.00602 66/1/CFE_TIME 20: Start FLYWHEEL
EVS Port1 1980-012-14:20:10.00767 66/1/CFE_TIME 21: Stop FLYWHEEL
.EVS Port1 1980-012-14:20:11.00849 66/1/CFE_TIME 20: Start FLYWHEEL
EVS Port1 1980-012-14:20:14.09155 66/1/CFE_TIME 20: Start FLYWHEEL
EVS Port1 1980-012-14:20:15.00450 66/1/CFE_TIME 21: Stop FLYWHEEL
..EVS Port1 1980-012-14:20:25.07952 66/1/CFE_TIME 20: Start FLYWHEEL
EVS Port1 1980-012-14:20:27.01045 66/1/CFE_TIME 21: Stop FLYWHEEL
.EVS Port1 1980-012-14:20:29.00881 66/1/CFE_TIME 21: Stop FLYWHEEL
EVS Port1 1980-012-14:20:30.00807 66/1/CFE_TIME 20: Start FLYWHEEL
.EVS Port1 1980-012-14:20:34.04005 66/1/CFE_TIME 20: Start FLYWHEEL
EVS Port1 1980-012-14:20:34.00456 66/1/CFE_TIME 21: Stop FLYWHEEL
EVS Port1 1980-012-14:20:37.01069 66/1/CFE_TIME 21: Stop FLYWHEEL
EVS Port1 1980-012-14:20:38.01696 66/1/CFE_TIME 20: Start FLYWHEEL
EVS Port1 1980-012-14:20:39.00650 66/1/CFE_TIME 21: Stop FLYWHEEL
.EVS Port1 1980-012-14:20:40.00608 66/1/CFE_TIME 20: Start FLYWHEEL
EVS Port1 1980-012-14:20:42.00408 66/1/CFE_TIME 21: Stop FLYWHEEL
EVS Port1 1980-012-14:20:43.00839 66/1/CFE_TIME 20: Start FLYWHEEL
EVS Port1 1980-012-14:20:44.00419 66/1/CFE_TIME 21: Stop FLYWHEEL
EVS Port1 1980-012-14:20:45.01527 66/1/CFE_TIME 20: Start FLYWHEEL
..EVS Port1 1980-012-14:20:53.11378 66/1/CFE_TIME 20: Start FLYWHEEL
EVS Port1 1980-012-14:20:57.01184 66/1/CFE_TIME 21: Stop FLYWHEEL
.EVS Port1 1980-012-14:21:00.25166 66/1/CFE_TIME 20: Start FLYWHEEL
.EVS Port1 1980-012-14:21:05.02005 66/1/CFE_TIME 21: Stop FLYWHEEL
EVS Port1 1980-012-14:21:08.10798 66/1/CFE_TIME 20: Start FLYWHEEL
..EVS Port1 1980-012-14:21:18.01263 66/1/CFE_TIME 21: Stop FLYWHEEL
.EVS Port1 1980-012-14:21:21.11645 66/1/CFE_TIME 20: Start FLYWHEEL
EVS Port1 1980-012-14:21:23.00460 66/1/CFE_TIME 21: Stop FLYWHEEL
.EVS Port1 1980-012-14:21:26.00607 66/1/CFE_TIME 21: Stop FLYWHEEL
EVS Port1 1980-012-14:21:27.03164 66/1/CFE_TIME 20: Start FLYWHEEL
EVS Port1 1980-012-14:21:29.05439 66/1/CFE_TIME 20: Start FLYWHEEL
EVS Port1 1980-012-14:21:29.01757 66/1/CFE_TIME 21: Stop FLYWHEEL
.EVS Port1 1980-012-14:21:35.08244 66/1/CFE_TIME 20: Start FLYWHEEL
EVS Port1 1980-012-14:21:36.00476 66/1/CFE_TIME 21: Stop FLYWHEEL
..EVS Port1 1980-012-14:21:45.00778 66/1/CFE_TIME 21: Stop FLYWHEEL
EVS Port1 1980-012-14:21:45.99992 66/1/CFE_TIME 20: Start FLYWHEEL
.EVS Port1 1980-012-14:21:52.00489 66/1/CFE_TIME 21: Stop FLYWHEEL
EVS Port1 1980-012-14:21:52.99780 66/1/CFE_TIME 20: Start FLYWHEEL
.EVS Port1 1980-012-14:21:57.00616 66/1/CFE_TIME 21: Stop FLYWHEEL
EVS Port1 1980-012-14:21:58.00727 66/1/CFE_TIME 20: Start FLYWHEEL
...EVS Port1 1980-012-14:22:16.00361 66/1/CFE_TIME 21: Stop FLYWHEEL
EVS Port1 1980-012-14:22:17.00468 66/1/CFE_TIME 20: Start FLYWHEEL
.......EVS Port1 1980-012-14:23:01.00291 66/1/CFE_TIME 21: Stop FLYWHEEL
.EVS Port1 1980-012-14:23:01.99742 66/1/CFE_TIME 20: Start FLYWHEEL
...EVS Port1 1980-012-14:23:23.06414 66/1/CFE_TIME 20: Start FLYWHEEL
EVS Port1 1980-012-14:23:23.00267 66/1/CFE_TIME 21: Stop FLYWHEEL
.EVS Port1 1980-012-14:23:28.00521 66/1/CFE_TIME 21: Stop FLYWHEEL
EVS Port1 1980-012-14:23:29.04592 66/1/CFE_TIME 20: Start FLYWHEEL
EVS Port1 1980-012-14:23:30.00483 66/1/CFE_TIME 21: Stop FLYWHEEL
EVS Port1 1980-012-14:23:31.02798 66/1/CFE_TIME 20: Start FLYWHEEL
.EVS Port1 1980-012-14:23:32.00669 66/1/CFE_TIME 21: Stop FLYWHEEL
EVS Port1 1980-012-14:23:33.00688 66/1/CFE_TIME 20: Start FLYWHEEL
EVS Port1 1980-012-14:23:35.00592 66/1/CFE_TIME 21: Stop FLYWHEEL
EVS Port1 1980-012-14:23:36.03974 66/1/CFE_TIME 20: Start FLYWHEEL
EVS Port1 1980-012-14:23:37.00399 66/1/CFE_TIME 21: Stop FLYWHEEL
.EVS Port1 1980-012-14:23:38.02949 66/1/CFE_TIME 20: Start FLYWHEEL
EVS Port1 1980-012-14:23:39.01173 66/1/CFE_TIME 21: Stop FLYWHEEL
EVS Port1 1980-012-14:23:40.02447 66/1/CFE_TIME 20: Start FLYWHEEL
EVS Port1 1980-012-14:23:42.13969 66/1/CFE_TIME 20: Start FLYWHEEL
.EVS Port1 1980-012-14:23:43.00592 66/1/CFE_TIME 21: Stop FLYWHEEL
EVS Port1 1980-012-14:23:46.18371 66/1/CFE_TIME 21: Stop FLYWHEEL
EVS Port1 1980-012-14:23:47.02143 66/1/CFE_TIME 20: Start FLYWHEEL
EVS Port1 1980-012-14:23:48.00695 66/1/CFE_TIME 21: Stop FLYWHEEL
.EVS Port1 1980-012-14:23:48.99925 66/1/CFE_TIME 20: Start FLYWHEEL
....................EVS Port1 1980-012-14:25:49.06809 66/1/CFE_TIME 20: Start FLYWHEEL
EVS Port1 1980-012-14:25:49.00714 66/1/CFE_TIME 21: Stop FLYWHEEL
EVS Port1 1980-012-14:25:54.00518 66/1/CFE_TIME 21: Stop FLYWHEEL
.EVS Port1 1980-012-14:25:55.03108 66/1/CFE_TIME 20: Start FLYWHEEL
EVS Port1 1980-012-14:25:56.00518 66/1/CFE_TIME 21: Stop FLYWHEEL
EVS Port1 1980-012-14:25:57.02139 66/1/CFE_TIME 20: Start FLYWHEEL
EVS Port1 1980-012-14:25:58.00370 66/1/CFE_TIME 21: Stop FLYWHEEL
EVS Port1 1980-012-14:25:59.00689 66/1/CFE_TIME 20: Start FLYWHEEL
.EVS Port1 1980-012-14:26:01.00326 66/1/CFE_TIME 21: Stop FLYWHEEL
EVS Port1 1980-012-14:26:02.03800 66/1/CFE_TIME 20: Start FLYWHEEL
EVS Port1 1980-012-14:26:04.06309 66/1/CFE_TIME 20: Start FLYWHEEL
EVS Port1 1980-012-14:26:04.00819 66/1/CFE_TIME 21: Stop FLYWHEEL
.EVS Port1 1980-012-14:26:08.00888 66/1/CFE_TIME 21: Stop FLYWHEEL
EVS Port1 1980-012-14:26:09.00508 66/1/CFE_TIME 20: Start FLYWHEEL
.EVS Port1 1980-012-14:26:13.09251 66/1/CFE_TIME 20: Start FLYWHEEL
EVS Port1 1980-012-14:26:13.00630 66/1/CFE_TIME 21: Stop FLYWHEEL
.EVS Port1 1980-012-14:26:21.00790 66/1/CFE_TIME 21: Stop FLYWHEEL
EVS Port1 1980-012-14:26:22.00657 66/1/CFE_TIME 20: Start FLYWHEEL
...........EVS Port1 1980-012-14:27:25.00526 66/1/CFE_TIME 21: Stop FLYWHEEL
EVS Port1 1980-012-14:27:25.99879 66/1/CFE_TIME 20: Start FLYWHEEL
.EVS Port1 1980-012-14:27:33.00434 66/1/CFE_TIME 21: Stop FLYWHEEL
EVS Port1 1980-012-14:27:34.00111 66/1/CFE_TIME 20: Start FLYWHEEL
.......EVS Port1 1980-012-14:28:16.11668 66/1/CFE_TIME 20: Start FLYWHEEL
EVS Port1 1980-012-14:28:17.00595 66/1/CFE_TIME 21: Stop FLYWHEEL
.EVS Port1 1980-012-14:28:22.07562 66/1/CFE_TIME 20: Start FLYWHEEL
EVS Port1 1980-012-14:28:23.00343 66/1/CFE_TIME 21: Stop FLYWHEEL
.EVS Port1 1980-012-14:28:26.04861 66/1/CFE_TIME 20: Start FLYWHEEL
EVS Port1 1980-012-14:28:26.00582 66/1/CFE_TIME 21: Stop FLYWHEEL
EVS Port1 1980-012-14:28:30.00695 66/1/CFE_TIME 21: Stop FLYWHEEL
.EVS Port1 1980-012-14:28:30.99305 66/1/CFE_TIME 20: Start FLYWHEEL
EVS Port1 1980-012-14:28:34.02011 66/1/CFE_TIME 21: Stop FLYWHEEL
EVS Port1 1980-012-14:28:35.01396 66/1/CFE_TIME 20: Start FLYWHEEL
EVS Port1 1980-012-14:28:36.01211 66/1/CFE_TIME 21: Stop FLYWHEEL
.EVS Port1 1980-012-14:28:37.00508 66/1/CFE_TIME 20: Start FLYWHEEL
EVS Port1 1980-012-14:28:39.00498 66/1/CFE_TIME 21: Stop FLYWHEEL
EVS Port1 1980-012-14:28:39.99702 66/1/CFE_TIME 20: Start FLYWHEEL
................EVS Port1 1980-012-14:30:12.00369 66/1/CFE_TIME 21: Stop FLYWHEEL
EVS Port1 1980-012-14:30:12.99522 66/1/CFE_TIME 20: Start FLYWHEEL
....EVS Port1 1980-012-14:30:40.01562 66/1/CFE_TIME 21: Stop FLYWHEEL
EVS Port1 1980-012-14:30:40.98765 66/1/CFE_TIME 20: Start FLYWHEEL
.EVS Port1 1980-012-14:30:47.00700 66/1/CFE_TIME 21: Stop FLYWHEEL
.EVS Port1 1980-012-14:30:48.02027 66/1/CFE_TIME 20: Start FLYWHEEL
EVS Port1 1980-012-14:30:49.00581 66/1/CFE_TIME 21: Stop FLYWHEEL
EVS Port1 1980-012-14:30:50.00274 66/1/CFE_TIME 20: Start FLYWHEEL
.EVS Port1 1980-012-14:30:57.08506 66/1/CFE_TIME 20: Start FLYWHEEL
EVS Port1 1980-012-14:30:58.00547 66/1/CFE_TIME 21: Stop FLYWHEEL
.EVS Port1 1980-012-14:31:02.10807 66/1/CFE_TIME 20: Start FLYWHEEL
EVS Port1 1980-012-14:31:03.01763 66/1/CFE_TIME 21: Stop FLYWHEEL
...EVS Port1 1980-012-14:31:21.00399 66/1/CFE_TIME 21: Stop FLYWHEEL
EVS Port1 1980-012-14:31:21.99324 66/1/CFE_TIME 20: Start FLYWHEEL
..........{"app":"AI_LEARNER","stage":"e25_equivalence","inputs":1,"completed":1,"model":"wgan","target":"aarch64-unknown-linux-gnu","artifact_sha256":"e382429cbfbf5803..."}
EVS Port1 1980-012-14:32:20.50608 66/1/AI_LEARNER 4: AI_LEARNER: E25 equivalence 1/1 inferences written
{"app":"AI_LEARNER","stage":"e25_mode","active":true,"inputs_path":"/cf/e25_inputs.bin"}
EVS Port1 1980-012-14:32:20.51809 66/1/AI_LEARNER 3: AI_LEARNER initialized: model wgan (4321533 B), rss_delta_init=1644 KB
...EVS Port1 1980-012-14:32:40.66372 66/1/CFE_SB 17: Msg Limit Err,MsgId 0x800,pipe AI_LEARNER_PIPE,sender CFE_ES
.EVS Port1 1980-012-14:32:44.64099 66/1/CFE_SB 17: Msg Limit Err,MsgId 0x800,pipe AI_LEARNER_PIPE,sender CFE_ES
.EVS Port1 1980-012-14:32:48.64361 66/1/CFE_SB 17: Msg Limit Err,MsgId 0x800,pipe AI_LEARNER_PIPE,sender CFE_ES
EVS Port1 1980-012-14:32:52.64286 66/1/CFE_SB 17: Msg Limit Err,MsgId 0x800,pipe AI_LEARNER_PIPE,sender CFE_ES
.EVS Port1 1980-012-14:32:56.64051 66/1/CFE_SB 17: Msg Limit Err,MsgId 0x800,pipe AI_LEARNER_PIPE,sender CFE_ES
.EVS Port1 1980-012-14:33:00.63957 66/1/CFE_SB 17: Msg Limit Err,MsgId 0x800,pipe AI_LEARNER_PIPE,sender CFE_ES
EVS Port1 1980-012-14:33:04.70146 66/1/CFE_SB 17: Msg Limit Err,MsgId 0x800,pipe AI_LEARNER_PIPE,sender CFE_ES
EVS Port1 1980-012-14:33:05.03842 66/1/CFE_TIME 20: Start FLYWHEEL
.EVS Port1 1980-012-14:33:07.02043 66/1/CFE_TIME 21: Stop FLYWHEEL
EVS Port1 1980-012-14:33:08.68690 66/1/CFE_SB 17: Msg Limit Err,MsgId 0x800,pipe AI_LEARNER_PIPE,sender CFE_ES
EVS Port1 1980-012-14:33:09.00514 66/1/CFE_TIME 21: Stop FLYWHEEL
EVS Port1 1980-012-14:33:10.04995 66/1/CFE_TIME 20: Start FLYWHEEL
EVS Port1 1980-012-14:33:11.00508 66/1/CFE_TIME 21: Stop FLYWHEEL
.EVS Port1 1980-012-14:33:12.38488 66/1/CFE_TIME 20: Start FLYWHEEL
EVS Port1 1980-012-14:33:13.06997 66/1/CFE_SB 17: Msg Limit Err,MsgId 0x800,pipe AI_LEARNER_PIPE,sender CFE_ES
EVS Port1 1980-012-14:33:14.39321 66/1/CFE_TIME 20: Start FLYWHEEL
EVS Port1 1980-012-14:33:15.01420 66/1/CFE_TIME 21: Stop FLYWHEEL
EVS Port1 1980-012-14:33:16.72221 66/1/CFE_SB 17: Msg Limit Err,MsgId 0x800,pipe AI_LEARNER_PIPE,sender CFE_ES
.EVS Port1 1980-012-14:33:18.17407 66/1/CFE_TIME 20: Start FLYWHEEL
EVS Port1 1980-012-14:33:19.00384 66/1/CFE_TIME 21: Stop FLYWHEEL
EVS Port1 1980-012-14:33:20.64164 66/1/CFE_SB 17: Msg Limit Err,MsgId 0x800,pipe AI_LEARNER_PIPE,sender CFE_ES
.EVS Port1 1980-012-14:33:24.09106 66/1/CFE_TIME 20: Start FLYWHEEL
EVS Port1 1980-012-14:33:24.73811 66/1/CFE_SB 17: Msg Limit Err,MsgId 0x800,pipe AI_LEARNER_PIPE,sender CFE_ES
EVS Port1 1980-012-14:33:25.01013 66/1/CFE_TIME 21: Stop FLYWHEEL
EVS Port1 1980-012-14:33:27.00325 66/1/CFE_TIME 21: Stop FLYWHEEL
EVS Port1 1980-012-14:33:27.98310 66/1/CFE_TIME 20: Start FLYWHEEL
EVS Port1 1980-012-14:33:28.65951 66/1/CFE_SB 17: Msg Limit Err,MsgId 0x800,pipe AI_LEARNER_PIPE,sender CFE_ES
.EVS Port1 1980-012-14:33:31.05545 66/1/CFE_TIME 20: Start FLYWHEEL
EVS Port1 1980-012-14:33:31.00488 66/1/CFE_TIME 21: Stop FLYWHEEL
EVS Port1 1980-012-14:33:32.64091 66/1/CFE_SB 17: Msg Limit Err,MsgId 0x800,pipe AI_LEARNER_PIPE,sender CFE_ES
.EVS Port1 1980-012-14:33:36.66928 66/1/CFE_SB 17: Msg Limit Err,MsgId 0x800,pipe AI_LEARNER_PIPE,sender CFE_ES
EVS Port1 1980-012-14:33:40.67706 66/1/CFE_SB 17: Msg Limit Err,MsgId 0x800,pipe AI_LEARNER_PIPE,sender CFE_ES
......EVS Port1 1980-012-14:34:11.00308 66/1/CFE_TIME 21: Stop FLYWHEEL
EVS Port1 1980-012-14:34:11.99774 66/1/CFE_TIME 20: Start FLYWHEEL
...EVS Port1 1980-012-14:34:34.00346 66/1/CFE_TIME 21: Stop FLYWHEEL
.EVS Port1 1980-012-14:34:35.00267 66/1/CFE_TIME 20: Start FLYWHEEL
....EVS Port1 1980-012-14:35:03.00617 66/1/CFE_TIME 21: Stop FLYWHEEL
EVS Port1 1980-012-14:35:03.99409 66/1/CFE_TIME 20: Start FLYWHEEL
.....EVS Port1 1980-012-14:35:30.00801 66/1/CFE_TIME 21: Stop FLYWHEEL
EVS Port1 1980-012-14:35:31.01524 66/1/CFE_TIME 20: Start FLYWHEEL
EVS Port1 1980-012-14:35:33.05630 66/1/CFE_TIME 20: Start FLYWHEEL
EVS Port1 1980-012-14:35:33.00880 66/1/CFE_TIME 21: Stop FLYWHEEL
.EVS Port1 1980-012-14:35:37.07778 66/1/CFE_TIME 20: Start FLYWHEEL
EVS Port1 1980-012-14:35:37.00689 66/1/CFE_TIME 21: Stop FLYWHEEL
.EVS Port1 1980-012-14:35:41.05809 66/1/CFE_TIME 20: Start FLYWHEEL
EVS Port1 1980-012-14:35:41.00416 66/1/CFE_TIME 21: Stop FLYWHEEL
EVS Port1 1980-012-14:35:44.01182 66/1/CFE_TIME 21: Stop FLYWHEEL
EVS Port1 1980-012-14:35:45.00283 66/1/CFE_TIME 20: Start FLYWHEEL
.EVS Port1 1980-012-14:35:51.08677 66/1/CFE_TIME 20: Start FLYWHEEL
.EVS Port1 1980-012-14:35:55.00375 66/1/CFE_TIME 21: Stop FLYWHEEL
........EVS Port1 1980-012-14:36:42.00309 66/1/CFE_TIME 21: Stop FLYWHEEL
EVS Port1 1980-012-14:36:43.00027 66/1/CFE_TIME 20: Start FLYWHEEL
.....EVS Port1 1980-012-14:37:14.01892 66/1/CFE_TIME 20: Start FLYWHEEL
EVS Port1 1980-012-14:37:14.00537 66/1/CFE_TIME 21: Stop FLYWHEEL
.......EVS Port1 1980-012-14:37:55.02874 66/1/CFE_TIME 21: Stop FLYWHEEL
EVS Port1 1980-012-14:37:56.03041 66/1/CFE_TIME 20: Start FLYWHEEL
EVS Port1 1980-012-14:37:58.10244 66/1/CFE_TIME 20: Start FLYWHEEL
.EVS Port1 1980-012-14:37:59.00328 66/1/CFE_TIME 21: Stop FLYWHEEL
.EVS Port1 1980-012-14:38:09.07586 66/1/CFE_TIME 20: Start FLYWHEEL
EVS Port1 1980-012-14:38:10.00546 66/1/CFE_TIME 21: Stop FLYWHEEL
.EVS Port1 1980-012-14:38:12.01748 66/1/CFE_TIME 21: Stop FLYWHEEL
EVS Port1 1980-012-14:38:13.03701 66/1/CFE_TIME 20: Start FLYWHEEL
EVS Port1 1980-012-14:38:14.00732 66/1/CFE_TIME 21: Stop FLYWHEEL
EVS Port1 1980-012-14:38:15.00004 66/1/CFE_TIME 20: Start FLYWHEEL
.EVS Port1 1980-012-14:38:18.00238 66/1/CFE_TIME 21: Stop FLYWHEEL
EVS Port1 1980-012-14:38:19.00961 66/1/CFE_TIME 20: Start FLYWHEEL
.EVS Port1 1980-012-14:38:23.06587 66/1/CFE_TIME 20: Start FLYWHEEL
EVS Port1 1980-012-14:38:24.00512 66/1/CFE_TIME 21: Stop FLYWHEEL
....................EVS Port1 1980-012-14:40:26.00570 66/1/CFE_TIME 21: Stop FLYWHEEL
EVS Port1 1980-012-14:40:27.01797 66/1/CFE_TIME 20: Start FLYWHEEL
EVS Port1 1980-012-14:40:28.00540 66/1/CFE_TIME 21: Stop FLYWHEEL
.EVS Port1 1980-012-14:40:28.99942 66/1/CFE_TIME 20: Start FLYWHEEL
.EVS Port1 1980-012-14:40:37.00389 66/1/CFE_TIME 21: Stop FLYWHEEL
EVS Port1 1980-012-14:40:38.01649 66/1/CFE_TIME 20: Start FLYWHEEL
.EVS Port1 1980-012-14:40:42.00703 66/1/CFE_TIME 21: Stop FLYWHEEL
EVS Port1 1980-012-14:40:43.01411 66/1/CFE_TIME 20: Start FLYWHEEL
.EVS Port1 1980-012-14:40:48.00729 66/1/CFE_TIME 21: Stop FLYWHEEL
EVS Port1 1980-012-14:40:48.98925 66/1/CFE_TIME 20: Start FLYWHEEL
.EVS Port1 1980-012-14:40:53.00361 66/1/CFE_TIME 21: Stop FLYWHEEL
EVS Port1 1980-012-14:40:53.99838 66/1/CFE_TIME 20: Start FLYWHEEL
.............EVS Port1 1980-012-14:42:10.01094 66/1/CFE_TIME 21: Stop FLYWHEEL
EVS Port1 1980-012-14:42:10.99745 66/1/CFE_TIME 20: Start FLYWHEEL
....EVS Port1 1980-012-14:42:39.00460 66/1/CFE_TIME 21: Stop FLYWHEEL
.EVS Port1 1980-012-14:42:40.00102 66/1/CFE_TIME 20: Start FLYWHEEL
.EVS Port1 1980-012-14:42:48.01091 66/1/CFE_TIME 21: Stop FLYWHEEL
EVS Port1 1980-012-14:42:49.01855 66/1/CFE_TIME 20: Start FLYWHEEL
EVS Port1 1980-012-14:42:50.00827 66/1/CFE_TIME 21: Stop FLYWHEEL
EVS Port1 1980-012-14:42:51.02143 66/1/CFE_TIME 20: Start FLYWHEEL
.EVS Port1 1980-012-14:42:52.00505 66/1/CFE_TIME 21: Stop FLYWHEEL
EVS Port1 1980-012-14:42:53.00654 66/1/CFE_TIME 20: Start FLYWHEEL
EVS Port1 1980-012-14:42:55.00871 66/1/CFE_TIME 21: Stop FLYWHEEL
EVS Port1 1980-012-14:42:56.05339 66/1/CFE_TIME 20: Start FLYWHEEL
EVS Port1 1980-012-14:42:57.00688 66/1/CFE_TIME 21: Stop FLYWHEEL
.EVS Port1 1980-012-14:42:57.98410 66/1/CFE_TIME 20: Start FLYWHEEL
EVS Port1 1980-012-14:43:01.00354 66/1/CFE_TIME 21: Stop FLYWHEEL
EVS Port1 1980-012-14:43:02.01036 66/1/CFE_TIME 20: Start FLYWHEEL
.EVS Port1 1980-012-14:43:04.00262 66/1/CFE_TIME 21: Stop FLYWHEEL
EVS Port1 1980-012-14:43:05.02104 66/1/CFE_TIME 20: Start FLYWHEEL
EVS Port1 1980-012-14:43:06.01177 66/1/CFE_TIME 21: Stop FLYWHEEL
EVS Port1 1980-012-14:43:07.00602 66/1/CFE_TIME 20: Start FLYWHEEL
EVS Port1 1980-012-14:43:09.13343 66/1/CFE_TIME 20: Start FLYWHEEL
EVS Port1 1980-012-14:43:09.00434 66/1/CFE_TIME 21: Stop FLYWHEEL
...............EVS Port1 1980-012-14:44:34.00421 66/1/CFE_TIME 21: Stop FLYWHEEL
EVS Port1 1980-012-14:44:34.99026 66/1/CFE_TIME 20: Start FLYWHEEL
..EVS Port1 1980-012-14:44:48.00378 66/1/CFE_TIME 21: Stop FLYWHEEL
EVS Port1 1980-012-14:44:49.00157 66/1/CFE_TIME 20: Start FLYWHEEL
....EVS Port1 1980-012-14:45:13.00546 66/1/CFE_TIME 21: Stop FLYWHEEL
EVS Port1 1980-012-14:45:14.04130 66/1/CFE_TIME 20: Start FLYWHEEL
EVS Port1 1980-012-14:45:15.01943 66/1/CFE_TIME 21: Stop FLYWHEEL
.EVS Port1 1980-012-14:45:16.00440 66/1/CFE_TIME 20: Start FLYWHEEL
.EVS Port1 1980-012-14:45:22.01083 66/1/CFE_TIME 21: Stop FLYWHEEL
EVS Port1 1980-012-14:45:23.01252 66/1/CFE_TIME 20: Start FLYWHEEL
EVS Port1 1980-012-14:45:24.00886 66/1/CFE_TIME 21: Stop FLYWHEEL
EVS Port1 1980-012-14:45:25.00906 66/1/CFE_TIME 20: Start FLYWHEEL
.EVS Port1 1980-012-14:45:29.06665 66/1/CFE_TIME 20: Start FLYWHEEL
EVS Port1 1980-012-14:45:30.00474 66/1/CFE_TIME 21: Stop FLYWHEEL
EVS Port1 1980-012-14:45:32.00930 66/1/CFE_TIME 21: Stop FLYWHEEL
EVS Port1 1980-012-14:45:33.00440 66/1/CFE_TIME 20: Start FLYWHEEL
.EVS Port1 1980-012-14:45:36.00306 66/1/CFE_TIME 21: Stop FLYWHEEL
EVS Port1 1980-012-14:45:37.00758 66/1/CFE_TIME 20: Start FLYWHEEL
............EVS Port1 1980-012-14:46:48.00457 66/1/CFE_TIME 21: Stop FLYWHEEL
EVS Port1 1980-012-14:46:49.00657 66/1/CFE_TIME 20: Start FLYWHEEL
.....EVS Port1 1980-012-14:47:21.00521 66/1/CFE_TIME 21: Stop FLYWHEEL
.EVS Port1 1980-012-14:47:21.99810 66/1/CFE_TIME 20: Start FLYWHEEL
...EVS Port1 1980-012-14:47:40.08993 66/1/CFE_TIME 20: Start FLYWHEEL
EVS Port1 1980-012-14:47:40.00508 66/1/CFE_TIME 21: Stop FLYWHEEL
EVS Port1 1980-012-14:47:43.00735 66/1/CFE_TIME 21: Stop FLYWHEEL
EVS Port1 1980-012-14:47:44.01412 66/1/CFE_TIME 20: Start FLYWHEEL
.EVS Port1 1980-012-14:47:46.05784 66/1/CFE_TIME 20: Start FLYWHEEL
EVS Port1 1980-012-14:47:46.00637 66/1/CFE_TIME 21: Stop FLYWHEEL
EVS Port1 1980-012-14:47:49.00317 66/1/CFE_TIME 21: Stop FLYWHEEL
EVS Port1 1980-012-14:47:50.05406 66/1/CFE_TIME 20: Start FLYWHEEL
.EVS Port1 1980-012-14:47:52.07791 66/1/CFE_TIME 20: Start FLYWHEEL
EVS Port1 1980-012-14:47:53.01089 66/1/CFE_TIME 21: Stop FLYWHEEL
EVS Port1 1980-012-14:47:56.09735 66/1/CFE_TIME 20: Start FLYWHEEL
.EVS Port1 1980-012-14:47:57.01745 66/1/CFE_TIME 21: Stop FLYWHEEL
EVS Port1 1980-012-14:47:59.01519 66/1/CFE_TIME 21: Stop FLYWHEEL
EVS Port1 1980-012-14:48:00.00932 66/1/CFE_TIME 20: Start FLYWHEEL
.EVS Port1 1980-012-14:48:04.00344 66/1/CFE_TIME 21: Stop FLYWHEEL
EVS Port1 1980-012-14:48:05.00782 66/1/CFE_TIME 20: Start FLYWHEEL
................EVS Port1 1980-012-14:49:43.00361 66/1/CFE_TIME 21: Stop FLYWHEEL
EVS Port1 1980-012-14:49:43.99830 66/1/CFE_TIME 20: Start FLYWHEEL
....EVS Port1 1980-012-14:50:06.00529 66/1/CFE_TIME 21: Stop FLYWHEEL
EVS Port1 1980-012-14:50:07.02316 66/1/CFE_TIME 20: Start FLYWHEEL
EVS Port1 1980-012-14:50:08.00325 66/1/CFE_TIME 21: Stop FLYWHEEL
.EVS Port1 1980-012-14:50:09.00830 66/1/CFE_TIME 20: Start FLYWHEEL
EVS Port1 1980-012-14:50:11.00592 66/1/CFE_TIME 21: Stop FLYWHEEL
EVS Port1 1980-012-14:50:12.01004 66/1/CFE_TIME 20: Start FLYWHEEL
.EVS Port1 1980-012-14:50:16.09300 66/1/CFE_TIME 20: Start FLYWHEEL
EVS Port1 1980-012-14:50:16.00422 66/1/CFE_TIME 21: Stop FLYWHEEL
EVS Port1 1980-012-14:50:20.00306 66/1/CFE_TIME 21: Stop FLYWHEEL
.EVS Port1 1980-012-14:50:21.00872 66/1/CFE_TIME 20: Start FLYWHEEL
EVS Port1 1980-012-14:50:26.00595 66/1/CFE_TIME 21: Stop FLYWHEEL
.EVS Port1 1980-012-14:50:27.00515 66/1/CFE_TIME 20: Start FLYWHEEL
EVS Port1 1980-012-14:50:30.00469 66/1/CFE_TIME 21: Stop FLYWHEEL
EVS Port1 1980-012-14:50:30.99906 66/1/CFE_TIME 20: Start FLYWHEEL
...............EVS Port1 1980-012-14:51:59.00267 66/1/CFE_TIME 21: Stop FLYWHEEL
EVS Port1 1980-012-14:51:59.99589 66/1/CFE_TIME 20: Start FLYWHEEL
.....EVS Port1 1980-012-14:52:31.08052 66/1/CFE_TIME 20: Start FLYWHEEL
EVS Port1 1980-012-14:52:32.00466 66/1/CFE_TIME 21: Stop FLYWHEEL
.EVS Port1 1980-012-14:52:35.00387 66/1/CFE_TIME 21: Stop FLYWHEEL
EVS Port1 1980-012-14:52:36.01969 66/1/CFE_TIME 20: Start FLYWHEEL
EVS Port1 1980-012-14:52:37.00331 66/1/CFE_TIME 21: Stop FLYWHEEL
EVS Port1 1980-012-14:52:38.00918 66/1/CFE_TIME 20: Start FLYWHEEL
.EVS Port1 1980-012-14:52:44.00540 66/1/CFE_TIME 21: Stop FLYWHEEL
.EVS Port1 1980-012-14:52:45.01734 66/1/CFE_TIME 20: Start FLYWHEEL
EVS Port1 1980-012-14:52:47.04745 66/1/CFE_TIME 20: Start FLYWHEEL
EVS Port1 1980-012-14:52:47.00567 66/1/CFE_TIME 21: Stop FLYWHEEL
EVS Port1 1980-012-14:52:49.01295 66/1/CFE_TIME 21: Stop FLYWHEEL
.EVS Port1 1980-012-14:52:49.99989 66/1/CFE_TIME 20: Start FLYWHEEL
EVS Port1 1980-012-14:52:54.00469 66/1/CFE_TIME 21: Stop FLYWHEEL
EVS Port1 1980-012-14:52:54.99876 66/1/CFE_TIME 20: Start FLYWHEEL
.....................EVS Port1 1980-012-14:54:56.11238 66/1/CFE_TIME 20: Start FLYWHEEL
EVS Port1 1980-012-14:54:57.00444 66/1/CFE_TIME 21: Stop FLYWHEEL
EVS Port1 1980-012-14:55:01.09320 66/1/CFE_TIME 20: Start FLYWHEEL
.EVS Port1 1980-012-14:55:02.01013 66/1/CFE_TIME 21: Stop FLYWHEEL
EVS Port1 1980-012-14:55:05.00389 66/1/CFE_TIME 21: Stop FLYWHEEL
EVS Port1 1980-012-14:55:06.00985 66/1/CFE_TIME 20: Start FLYWHEEL
.EVS Port1 1980-012-14:55:11.00309 66/1/CFE_TIME 21: Stop FLYWHEEL
EVS Port1 1980-012-14:55:12.01373 66/1/CFE_TIME 20: Start FLYWHEEL
EVS Port1 1980-012-14:55:13.00411 66/1/CFE_TIME 21: Stop FLYWHEEL
.EVS Port1 1980-012-14:55:14.00361 66/1/CFE_TIME 20: Start FLYWHEEL
EVS Port1 1980-012-14:55:18.00634 66/1/CFE_TIME 21: Stop FLYWHEEL
EVS Port1 1980-012-14:55:19.00787 66/1/CFE_TIME 20: Start FLYWHEEL
..EVS Port1 1980-012-14:55:30.00355 66/1/CFE_TIME 21: Stop FLYWHEEL
EVS Port1 1980-012-14:55:30.99957 66/1/CFE_TIME 20: Start FLYWHEEL
.EVS Port1 1980-012-14:55:35.00242 66/1/CFE_TIME 21: Stop FLYWHEEL
EVS Port1 1980-012-14:55:35.99859 66/1/CFE_TIME 20: Start FLYWHEEL
..........EVS Port1 1980-012-14:56:35.00396 66/1/CFE_TIME 21: Stop FLYWHEEL
EVS Port1 1980-012-14:56:35.99923 66/1/CFE_TIME 20: Start FLYWHEEL
........EVS Port1 1980-012-14:57:20.00288 66/1/CFE_TIME 21: Stop FLYWHEEL
EVS Port1 1980-012-14:57:21.01684 66/1/CFE_TIME 20: Start FLYWHEEL
EVS Port1 1980-012-14:57:22.01301 66/1/CFE_TIME 21: Stop FLYWHEEL
EVS Port1 1980-012-14:57:23.02001 66/1/CFE_TIME 20: Start FLYWHEEL
EVS Port1 1980-012-14:57:24.00279 66/1/CFE_TIME 21: Stop FLYWHEEL
EVS Port1 1980-012-14:57:25.01133 66/1/CFE_TIME 20: Start FLYWHEEL
.EVS Port1 1980-012-14:57:26.00700 66/1/CFE_TIME 21: Stop FLYWHEEL
EVS Port1 1980-012-14:57:27.01423 66/1/CFE_TIME 20: Start FLYWHEEL
.EVS Port1 1980-012-14:57:37.00323 66/1/CFE_TIME 21: Stop FLYWHEEL
.EVS Port1 1980-012-14:57:38.03550 66/1/CFE_TIME 20: Start FLYWHEEL
EVS Port1 1980-012-14:57:39.00675 66/1/CFE_TIME 21: Stop FLYWHEEL
EVS Port1 1980-012-14:57:40.02032 66/1/CFE_TIME 20: Start FLYWHEEL
EVS Port1 1980-012-14:57:42.05122 66/1/CFE_TIME 20: Start FLYWHEEL
EVS Port1 1980-012-14:57:42.00271 66/1/CFE_TIME 21: Stop FLYWHEEL
......EVS Port1 1980-012-14:58:14.00717 66/1/CFE_TIME 21: Stop FLYWHEEL
EVS Port1 1980-012-14:58:14.99914 66/1/CFE_TIME 20: Start FLYWHEEL
........EVS Port1 1980-012-14:59:04.00419 66/1/CFE_TIME 21: Stop FLYWHEEL
EVS Port1 1980-012-14:59:04.99819 66/1/CFE_TIME 20: Start FLYWHEEL
..EVS Port1 1980-012-14:59:15.00413 66/1/CFE_TIME 21: Stop FLYWHEEL
EVS Port1 1980-012-14:59:15.99882 66/1/CFE_TIME 20: Start FLYWHEEL
..EVS Port1 1980-012-14:59:27.60957 66/1/AI_LEARNER 4: AI_LEARNER completed=1/1 mean=1633332307.7us max=1633332307.7us hal_peak=131382784 within_bounded=1
{"app":"AI_LEARNER","stage":"run","model":"wgan","target":"aarch64-unknown-linux-gnu","attempted":1,"completed":1,"fail_input":0,"fail_invoke":0,"fail_output":0,"mean_us":1633332307.73,"max_us":1633332307.73,"last_us":1633332307.73,"out0":-0.04232,"out_elems":150528,"out_sha256":"e402623629f3caf5345cc26085fb864841e92c512d779024c264b682ba6d2364","out_head":[-0.042319,0.048241,0.281023,0.151525,0.015672,-0.020277],"out_tail":[-0.023881,-0.002304,0.024550,0.030611,0.071835,0.146622],"out_full_file":"/cf/last_out.json","out_full_file_bytes":1454909,"out_full_file_reason":"ok","out_record_truncates":false}
{"app":"AI_LEARNER","stage":"mem","model":"wgan","target":"aarch64-unknown-linux-gnu","completed":1,"hal_peak":131382784,"peak_within_bounded":true,"admitted_budget_bytes":135666432,"peak_within_admitted_budget":true,"admission_mode":"unconditional","hal_bytes_per_call_amortized":262163456.0,"process_rss_kb":15692,"process_rss_delta_init_kb":1644,"max_active_calls":1,"active_calls_now":0,"call_counter_balanced":true}
...EVS Port1 1980-012-14:59:44.01780 66/1/CFE_TIME 21: Stop FLYWHEEL
EVS Port1 1980-012-14:59:45.01699 66/1/CFE_TIME 20: Start FLYWHEEL
EVS Port1 1980-012-14:59:46.01008 66/1/CFE_TIME 21: Stop FLYWHEEL
EVS Port1 1980-012-14:59:47.13815 66/1/CFE_TIME 20: Start FLYWHEEL
EVS Port1 1980-012-14:59:49.18936 66/1/CFE_TIME 20: Start FLYWHEEL
.EVS Port1 1980-012-14:59:53.00292 66/1/CFE_TIME 21: Stop FLYWHEEL
EVS Port1 1980-012-14:59:55.00741 66/1/CFE_TIME 21: Stop FLYWHEEL
.EVS Port1 1980-012-14:59:55.99864 66/1/CFE_TIME 20: Start FLYWHEEL
EVS Port1 1980-012-14:59:58.00419 66/1/CFE_TIME 21: Stop FLYWHEEL
EVS Port1 1980-012-14:59:59.00854 66/1/CFE_TIME 20: Start FLYWHEEL
.EVS Port1 1980-012-15:00:02.14701 66/1/CFE_TIME 20: Start FLYWHEEL
EVS Port1 1980-012-15:00:03.00576 66/1/CFE_TIME 21: Stop FLYWHEEL
EVS Port1 1980-012-15:00:05.01068 66/1/CFE_TIME 21: Stop FLYWHEEL
EVS Port1 1980-012-15:00:06.00164 66/1/CFE_TIME 20: Start FLYWHEEL
.EVS Port1 1980-012-15:00:08.00376 66/1/CFE_TIME 21: Stop FLYWHEEL
EVS Port1 1980-012-15:00:09.03971 66/1/CFE_TIME 20: Start FLYWHEEL
EVS Port1 1980-012-15:00:11.03948 66/1/CFE_TIME 20: Start FLYWHEEL
EVS Port1 1980-012-15:00:11.00483 66/1/CFE_TIME 21: Stop FLYWHEEL
...................EVS Port1 1980-012-15:02:04.00506 66/1/CFE_TIME 21: Stop FLYWHEEL
EVS Port1 1980-012-15:02:04.99827 66/1/CFE_TIME 20: Start FLYWHEEL
.EVS Port1 1980-012-15:02:10.00556 66/1/CFE_TIME 21: Stop FLYWHEEL
EVS Port1 1980-012-15:02:11.03453 66/1/CFE_TIME 20: Start FLYWHEEL
EVS Port1 1980-012-15:02:12.00747 66/1/CFE_TIME 21: Stop FLYWHEEL
.EVS Port1 1980-012-15:02:13.00988 66/1/CFE_TIME 20: Start FLYWHEEL
EVS Port1 1980-012-15:02:16.00387 66/1/CFE_TIME 21: Stop FLYWHEEL
EVS Port1 1980-012-15:02:16.99485 66/1/CFE_TIME 20: Start FLYWHEEL
.EVS Port1 1980-012-15:02:19.00274 66/1/CFE_TIME 21: Stop FLYWHEEL
EVS Port1 1980-012-15:02:20.00889 66/1/CFE_TIME 20: Start FLYWHEEL
EVS Port1 1980-012-15:02:24.01771 66/1/CFE_TIME 21: Stop FLYWHEEL
.EVS Port1 1980-012-15:02:24.99327 66/1/CFE_TIME 20: Start FLYWHEEL
EVS Port1 1980-012-15:02:30.00529 66/1/CFE_TIME 21: Stop FLYWHEEL
.EVS Port1 1980-012-15:02:31.03196 66/1/CFE_TIME 20: Start FLYWHEEL
EVS Port1 1980-012-15:02:32.00677 66/1/CFE_TIME 21: Stop FLYWHEEL
EVS Port1 1980-012-15:02:33.00169 66/1/CFE_TIME 20: Start FLYWHEEL
EVS Port1 1980-012-15:02:35.00393 66/1/CFE_TIME 21: Stop FLYWHEEL
EVS Port1 1980-012-15:02:35.99494 66/1/CFE_TIME 20: Start FLYWHEEL
.............EVS Port1 1980-012-15:03:53.00526 66/1/CFE_TIME 21: Stop FLYWHEEL
EVS Port1 1980-012-15:03:53.99781 66/1/CFE_TIME 20: Start FLYWHEEL
........EVS Port1 1980-012-15:04:37.08193 66/1/CFE_TIME 20: Start FLYWHEEL
.EVS Port1 1980-012-15:04:43.00495 66/1/CFE_TIME 21: Stop FLYWHEEL
EVS Port1 1980-012-15:04:45.00596 66/1/CFE_TIME 21: Stop FLYWHEEL
EVS Port1 1980-012-15:04:46.01322 66/1/CFE_TIME 20: Start FLYWHEEL
.EVS Port1 1980-012-15:04:50.03802 66/1/CFE_TIME 20: Start FLYWHEEL
EVS Port1 1980-012-15:04:50.00395 66/1/CFE_TIME 21: Stop FLYWHEEL
.EVS Port1 1980-012-15:04:57.07476 66/1/CFE_TIME 20: Start FLYWHEEL
EVS Port1 1980-012-15:04:58.00614 66/1/CFE_TIME 21: Stop FLYWHEEL
.EVS Port1 1980-012-15:05:00.01388 66/1/CFE_TIME 21: Stop FLYWHEEL
EVS Port1 1980-012-15:05:01.01394 66/1/CFE_TIME 20: Start FLYWHEEL
EVS Port1 1980-012-15:05:03.00541 66/1/CFE_TIME 21: Stop FLYWHEEL
EVS Port1 1980-012-15:05:03.99595 66/1/CFE_TIME 20: Start FLYWHEEL
............EVS Port1 1980-012-15:06:14.05853 66/1/CFE_TIME 20: Start FLYWHEEL
EVS Port1 1980-012-15:06:14.00894 66/1/CFE_TIME 21: Stop FLYWHEEL
..EVS Port1 1980-012-15:06:25.00315 66/1/CFE_TIME 21: Stop FLYWHEEL
EVS Port1 1980-012-15:06:25.99902 66/1/CFE_TIME 20: Start FLYWHEEL
......EVS Port1 1980-012-15:07:02.00506 66/1/CFE_TIME 21: Stop FLYWHEEL
EVS Port1 1980-012-15:07:03.05323 66/1/CFE_TIME 20: Start FLYWHEEL
EVS Port1 1980-012-15:07:04.00352 66/1/CFE_TIME 21: Stop FLYWHEEL
EVS Port1 1980-012-15:07:04.99412 66/1/CFE_TIME 20: Start FLYWHEEL
.EVS Port1 1980-012-15:07:08.09852 66/1/CFE_TIME 20: Start FLYWHEEL
.EVS Port1 1980-012-15:07:12.00624 66/1/CFE_TIME 21: Stop FLYWHEEL
EVS Port1 1980-012-15:07:15.00421 66/1/CFE_TIME 21: Stop FLYWHEEL
EVS Port1 1980-012-15:07:16.01577 66/1/CFE_TIME 20: Start FLYWHEEL
.EVS Port1 1980-012-15:07:18.05874 66/1/CFE_TIME 20: Start FLYWHEEL
EVS Port1 1980-012-15:07:18.00804 66/1/CFE_TIME 21: Stop FLYWHEEL
EVS Port1 1980-012-15:07:20.00398 66/1/CFE_TIME 21: Stop FLYWHEEL
EVS Port1 1980-012-15:07:21.02331 66/1/CFE_TIME 20: Start FLYWHEEL
EVS Port1 1980-012-15:07:22.00581 66/1/CFE_TIME 21: Stop FLYWHEEL
EVS Port1 1980-012-15:07:23.00700 66/1/CFE_TIME 20: Start FLYWHEEL
.EVS Port1 1980-012-15:07:24.01133 66/1/CFE_TIME 21: Stop FLYWHEEL
EVS Port1 1980-012-15:07:25.00675 66/1/CFE_TIME 20: Start FLYWHEEL
EVS Port1 1980-012-15:07:29.00332 66/1/CFE_TIME 21: Stop FLYWHEEL
.EVS Port1 1980-012-15:07:29.99874 66/1/CFE_TIME 20: Start FLYWHEEL
.......EVS Port1 1980-012-15:08:14.00622 66/1/CFE_TIME 21: Stop FLYWHEEL
EVS Port1 1980-012-15:08:14.99711 66/1/CFE_TIME 20: Start FLYWHEEL
............EVS Port1 1980-012-15:09:29.01254 66/1/CFE_TIME 21: Stop FLYWHEEL
.EVS Port1 1980-012-15:09:29.99456 66/1/CFE_TIME 20: Start FLYWHEEL
EVS Port1 1980-012-15:09:33.05004 66/1/CFE_TIME 20: Start FLYWHEEL
EVS Port1 1980-012-15:09:33.00698 66/1/CFE_TIME 21: Stop FLYWHEEL
.EVS Port1 1980-012-15:09:37.10620 66/1/CFE_TIME 20: Start FLYWHEEL
EVS Port1 1980-012-15:09:38.00704 66/1/CFE_TIME 21: Stop FLYWHEEL
.EVS Port1 1980-012-15:09:43.00219 66/1/CFE_TIME 21: Stop FLYWHEEL
EVS Port1 1980-012-15:09:44.03193 66/1/CFE_TIME 20: Start FLYWHEEL
EVS Port1 1980-012-15:09:46.08178 66/1/CFE_TIME 20: Start FLYWHEEL
.EVS Port1 1980-012-15:09:47.00492 66/1/CFE_TIME 21: Stop FLYWHEEL
.............EVS Port1 1980-012-15:11:08.00381 66/1/CFE_TIME 21: Stop FLYWHEEL
EVS Port1 1980-012-15:11:08.99896 66/1/CFE_TIME 20: Start FLYWHEEL
....EVS Port1 1980-012-15:11:30.00619 66/1/CFE_TIME 21: Stop FLYWHEEL
EVS Port1 1980-012-15:11:31.00657 66/1/CFE_TIME 20: Start FLYWHEEL
....EVS Port1 1980-012-15:11:53.00616 66/1/CFE_TIME 21: Stop FLYWHEEL
EVS Port1 1980-012-15:11:54.04940 66/1/CFE_TIME 20: Start FLYWHEEL
EVS Port1 1980-012-15:11:55.00553 66/1/CFE_TIME 21: Stop FLYWHEEL
EVS Port1 1980-012-15:11:56.02030 66/1/CFE_TIME 20: Start FLYWHEEL
EVS Port1 1980-012-15:11:57.00608 66/1/CFE_TIME 21: Stop FLYWHEEL
EVS Port1 1980-012-15:11:58.00430 66/1/CFE_TIME 20: Start FLYWHEEL
.EVS Port1 1980-012-15:12:00.00364 66/1/CFE_TIME 21: Stop FLYWHEEL
EVS Port1 1980-012-15:12:01.02229 66/1/CFE_TIME 20: Start FLYWHEEL
EVS Port1 1980-012-15:12:02.00268 66/1/CFE_TIME 21: Stop FLYWHEEL
EVS Port1 1980-012-15:12:03.01428 66/1/CFE_TIME 20: Start FLYWHEEL
.EVS Port1 1980-012-15:12:10.00401 66/1/CFE_TIME 21: Stop FLYWHEEL
.EVS Port1 1980-012-15:12:11.03514 66/1/CFE_TIME 20: Start FLYWHEEL
EVS Port1 1980-012-15:12:12.01788 66/1/CFE_TIME 21: Stop FLYWHEEL
EVS Port1 1980-012-15:12:13.02389 66/1/CFE_TIME 20: Start FLYWHEEL
EVS Port1 1980-012-15:12:14.00398 66/1/CFE_TIME 21: Stop FLYWHEEL
EVS Port1 1980-012-15:12:15.00718 66/1/CFE_TIME 20: Start FLYWHEEL
.EVS Port1 1980-012-15:12:17.00421 66/1/CFE_TIME 21: Stop FLYWHEEL
EVS Port1 1980-012-15:12:18.02603 66/1/CFE_TIME 20: Start FLYWHEEL
EVS Port1 1980-012-15:12:19.00340 66/1/CFE_TIME 21: Stop FLYWHEEL
EVS Port1 1980-012-15:12:19.99632 66/1/CFE_TIME 20: Start FLYWHEEL
...EVS Port1 1980-012-15:12:39.00346 66/1/CFE_TIME 21: Stop FLYWHEEL
EVS Port1 1980-012-15:12:39.99929 66/1/CFE_TIME 20: Start FLYWHEEL
...............EVS Port1 1980-012-15:14:07.00312 66/1/CFE_TIME 21: Stop FLYWHEEL
EVS Port1 1980-012-15:14:07.99902 66/1/CFE_TIME 20: Start FLYWHEEL
..EVS Port1 1980-012-15:14:22.12684 66/1/CFE_TIME 20: Start FLYWHEEL
EVS Port1 1980-012-15:14:22.00889 66/1/CFE_TIME 21: Stop FLYWHEEL
..EVS Port1 1980-012-15:14:31.07174 66/1/CFE_TIME 20: Start FLYWHEEL
EVS Port1 1980-012-15:14:31.00382 66/1/CFE_TIME 21: Stop FLYWHEEL
EVS Port1 1980-012-15:14:33.01187 66/1/CFE_TIME 21: Stop FLYWHEEL
EVS Port1 1980-012-15:14:33.99348 66/1/CFE_TIME 20: Start FLYWHEEL
.EVS Port1 1980-012-15:14:38.02670 66/1/CFE_TIME 21: Stop FLYWHEEL
EVS Port1 1980-012-15:14:38.99610 66/1/CFE_TIME 20: Start FLYWHEEL
.EVS Port1 1980-012-15:14:42.08218 66/1/CFE_TIME 20: Start FLYWHEEL
EVS Port1 1980-012-15:14:44.00393 66/1/CFE_TIME 21: Stop FLYWHEEL
........EVS Port1 1980-012-15:15:30.00325 66/1/CFE_TIME 21: Stop FLYWHEEL
EVS Port1 1980-012-15:15:30.99913 66/1/CFE_TIME 20: Start FLYWHEEL
............EVS Port1 1980-012-15:16:44.02633 66/1/CFE_TIME 21: Stop FLYWHEEL
EVS Port1 1980-012-15:16:45.02134 66/1/CFE_TIME 20: Start FLYWHEEL
.EVS Port1 1980-012-15:16:46.01292 66/1/CFE_TIME 21: Stop FLYWHEEL
EVS Port1 1980-012-15:16:47.01708 66/1/CFE_TIME 20: Start FLYWHEEL
EVS Port1 1980-012-15:16:48.00317 66/1/CFE_TIME 21: Stop FLYWHEEL
EVS Port1 1980-012-15:16:49.04226 66/1/CFE_TIME 20: Start FLYWHEEL
EVS Port1 1980-012-15:16:51.08610 66/1/CFE_TIME 20: Start FLYWHEEL
.EVS Port1 1980-012-15:16:52.00784 66/1/CFE_TIME 21: Stop FLYWHEEL
EVS Port1 1980-012-15:16:55.00402 66/1/CFE_TIME 21: Stop FLYWHEEL
EVS Port1 1980-012-15:16:56.03349 66/1/CFE_TIME 20: Start FLYWHEEL
EVS Port1 1980-012-15:16:57.00765 66/1/CFE_TIME 21: Stop FLYWHEEL
.EVS Port1 1980-012-15:16:58.03401 66/1/CFE_TIME 20: Start FLYWHEEL
EVS Port1 1980-012-15:16:59.00315 66/1/CFE_TIME 21: Stop FLYWHEEL
EVS Port1 1980-012-15:17:00.03939 66/1/CFE_TIME 20: Start FLYWHEEL
EVS Port1 1980-012-15:17:01.00346 66/1/CFE_TIME 21: Stop FLYWHEEL
EVS Port1 1980-012-15:17:02.03579 66/1/CFE_TIME 20: Start FLYWHEEL
EVS Port1 1980-012-15:17:03.00866 66/1/CFE_TIME 21: Stop FLYWHEEL
.EVS Port1 1980-012-15:17:04.01777 66/1/CFE_TIME 20: Start FLYWHEEL
EVS Port1 1980-012-15:17:06.04795 66/1/CFE_TIME 20: Start FLYWHEEL
EVS Port1 1980-012-15:17:06.00561 66/1/CFE_TIME 21: Stop FLYWHEEL
EVS Port1 1980-012-15:17:09.21458 66/1/CFE_TIME 20: Start FLYWHEEL
.EVS Port1 1980-012-15:17:11.00794 66/1/CFE_TIME 21: Stop FLYWHEEL
.EVS Port1 1980-012-15:17:16.00344 66/1/CFE_TIME 21: Stop FLYWHEEL
EVS Port1 1980-012-15:17:17.00094 66/1/CFE_TIME 20: Start FLYWHEEL
..........EVS Port1 1980-012-15:18:21.00373 66/1/CFE_TIME 21: Stop FLYWHEEL
.EVS Port1 1980-012-15:18:21.99853 66/1/CFE_TIME 20: Start FLYWHEEL
.......EVS Port1 1980-012-15:19:08.00444 66/1/CFE_TIME 21: Stop FLYWHEEL
EVS Port1 1980-012-15:19:08.99748 66/1/CFE_TIME 20: Start FLYWHEEL
.EVS Port1 1980-012-15:19:13.07217 66/1/CFE_TIME 20: Start FLYWHEEL
EVS Port1 1980-012-15:19:13.00981 66/1/CFE_TIME 21: Stop FLYWHEEL
.EVS Port1 1980-012-15:19:19.06153 66/1/CFE_TIME 20: Start FLYWHEEL
EVS Port1 1980-012-15:19:19.00822 66/1/CFE_TIME 21: Stop FLYWHEEL
.EVS Port1 1980-012-15:19:24.09358 66/1/CFE_TIME 20: Start FLYWHEEL
EVS Port1 1980-012-15:19:25.00688 66/1/CFE_TIME 21: Stop FLYWHEEL
..EVS Port1 1980-012-15:19:33.38087 66/1/CFE_TIME 20: Start FLYWHEEL
EVS Port1 1980-012-15:19:34.01197 66/1/CFE_TIME 21: Stop FLYWHEEL
EVS Port1 1980-012-15:19:37.24111 66/1/CFE_TIME 20: Start FLYWHEEL
EVS Port1 1980-012-15:19:38.00318 66/1/CFE_TIME 21: Stop FLYWHEEL
.EVS Port1 1980-012-15:19:41.00413 66/1/CFE_TIME 21: Stop FLYWHEEL
EVS Port1 1980-012-15:19:41.99842 66/1/CFE_TIME 20: Start FLYWHEEL
.EVS Port1 1980-012-15:19:49.00411 66/1/CFE_TIME 21: Stop FLYWHEEL
EVS Port1 1980-012-15:19:50.00292 66/1/CFE_TIME 20: Start FLYWHEEL
.EVS Port1 1980-012-15:19:54.00250 66/1/CFE_TIME 21: Stop FLYWHEEL
EVS Port1 1980-012-15:19:54.99977 66/1/CFE_TIME 20: Start FLYWHEEL
.EVS Port1 1980-012-15:19:59.13436 66/1/CFE_TIME 20: Start FLYWHEEL
EVS Port1 1980-012-15:19:59.00616 66/1/CFE_TIME 21: Stop FLYWHEEL
................EVS Port1 1980-012-15:21:37.01762 66/1/CFE_TIME 21: Stop FLYWHEEL
EVS Port1 1980-012-15:21:38.01394 66/1/CFE_TIME 20: Start FLYWHEEL
.EVS Port1 1980-012-15:21:39.00738 66/1/CFE_TIME 21: Stop FLYWHEEL
EVS Port1 1980-012-15:21:40.01724 66/1/CFE_TIME 20: Start FLYWHEEL
EVS Port1 1980-012-15:21:41.02078 66/1/CFE_TIME 21: Stop FLYWHEEL
EVS Port1 1980-012-15:21:42.00506 66/1/CFE_TIME 20: Start FLYWHEEL
.EVS Port1 1980-012-15:21:44.00364 66/1/CFE_TIME 21: Stop FLYWHEEL
EVS Port1 1980-012-15:21:45.05822 66/1/CFE_TIME 20: Start FLYWHEEL
EVS Port1 1980-012-15:21:46.00791 66/1/CFE_TIME 21: Stop FLYWHEEL
EVS Port1 1980-012-15:21:47.00447 66/1/CFE_TIME 20: Start FLYWHEEL
EVS Port1 1980-012-15:21:49.00447 66/1/CFE_TIME 21: Stop FLYWHEEL
.EVS Port1 1980-012-15:21:50.03849 66/1/CFE_TIME 20: Start FLYWHEEL
EVS Port1 1980-012-15:21:52.10316 66/1/CFE_TIME 20: Start FLYWHEEL
EVS Port1 1980-012-15:21:53.01390 66/1/CFE_TIME 21: Stop FLYWHEEL
.EVS Port1 1980-012-15:21:57.14093 66/1/CFE_TIME 20: Start FLYWHEEL
.EVS Port1 1980-012-15:22:02.00431 66/1/CFE_TIME 21: Stop FLYWHEEL
.....EVS Port1 1980-012-15:22:36.00296 66/1/CFE_TIME 21: Stop FLYWHEEL
EVS Port1 1980-012-15:22:37.00102 66/1/CFE_TIME 20: Start FLYWHEEL
....EVS Port1 1980-012-15:22:59.00988 66/1/CFE_TIME 21: Stop FLYWHEEL
EVS Port1 1980-012-15:22:59.99693 66/1/CFE_TIME 20: Start FLYWHEEL
......EVS Port1 1980-012-15:23:32.00445 66/1/CFE_TIME 21: Stop FLYWHEEL
EVS Port1 1980-012-15:23:32.99377 66/1/CFE_TIME 20: Start FLYWHEEL
.....EVS Port1 1980-012-15:24:04.00382 66/1/CFE_TIME 21: Stop FLYWHEEL
EVS Port1 1980-012-15:24:05.00633 66/1/CFE_TIME 20: Start FLYWHEEL
.EVS Port1 1980-012-15:24:09.08256 66/1/CFE_TIME 20: Start FLYWHEEL
EVS Port1 1980-012-15:24:10.00415 66/1/CFE_TIME 21: Stop FLYWHEEL
EVS Port1 1980-012-15:24:12.01249 66/1/CFE_TIME 21: Stop FLYWHEEL
EVS Port1 1980-012-15:24:13.00239 66/1/CFE_TIME 20: Start FLYWHEEL
.EVS Port1 1980-012-15:24:16.11532 66/1/CFE_TIME 20: Start FLYWHEEL
EVS Port1 1980-012-15:24:18.00907 66/1/CFE_TIME 21: Stop FLYWHEEL
..EVS Port1 1980-012-15:24:25.14891 66/1/CFE_TIME 20: Start FLYWHEEL
EVS Port1 1980-012-15:24:27.00706 66/1/CFE_TIME 21: Stop FLYWHEEL
EVS Port1 1980-012-15:24:29.00750 66/1/CFE_TIME 21: Stop FLYWHEEL
EVS Port1 1980-012-15:24:30.00859 66/1/CFE_TIME 20: Start FLYWHEEL
.EVS Port1 1980-012-15:24:31.00529 66/1/CFE_TIME 21: Stop FLYWHEEL
EVS Port1 1980-012-15:24:32.01017 66/1/CFE_TIME 20: Start FLYWHEEL
EVS Port1 1980-012-15:24:36.00271 66/1/CFE_TIME 21: Stop FLYWHEEL
.EVS Port1 1980-012-15:24:36.99972 66/1/CFE_TIME 20: Start FLYWHEEL
...EVS Port1 1980-012-15:24:55.00389 66/1/CFE_TIME 21: Stop FLYWHEEL
EVS Port1 1980-012-15:24:56.03880 66/1/CFE_TIME 20: Start FLYWHEEL
EVS Port1 1980-012-15:24:57.00267 66/1/CFE_TIME 21: Stop FLYWHEEL
EVS Port1 1980-012-15:24:58.03646 66/1/CFE_TIME 20: Start FLYWHEEL
EVS Port1 1980-012-15:24:59.00396 66/1/CFE_TIME 21: Stop FLYWHEEL
EVS Port1 1980-012-15:25:00.00881 66/1/CFE_TIME 20: Start FLYWHEEL
.EVS Port1 1980-012-15:25:02.06246 66/1/CFE_TIME 20: Start FLYWHEEL
EVS Port1 1980-012-15:25:02.00311 66/1/CFE_TIME 21: Stop FLYWHEEL
EVS Port1 1980-012-15:25:06.13059 66/1/CFE_TIME 20: Start FLYWHEEL
.EVS Port1 1980-012-15:25:07.00334 66/1/CFE_TIME 21: Stop FLYWHEEL
.EVS Port1 1980-012-15:25:15.01322 66/1/CFE_TIME 21: Stop FLYWHEEL
EVS Port1 1980-012-15:25:16.02066 66/1/CFE_TIME 20: Start FLYWHEEL
EVS Port1 1980-012-15:25:18.03852 66/1/CFE_TIME 20: Start FLYWHEEL
EVS Port1 1980-012-15:25:18.00779 66/1/CFE_TIME 21: Stop FLYWHEEL
.EVS Port1 1980-012-15:25:21.00523 66/1/CFE_TIME 21: Stop FLYWHEEL
EVS Port1 1980-012-15:25:22.01913 66/1/CFE_TIME 20: Start FLYWHEEL
EVS Port1 1980-012-15:25:23.02305 66/1/CFE_TIME 21: Stop FLYWHEEL
EVS Port1 1980-012-15:25:24.07791 66/1/CFE_TIME 20: Start FLYWHEEL
.EVS Port1 1980-012-15:25:25.00282 66/1/CFE_TIME 21: Stop FLYWHEEL
EVS Port1 1980-012-15:25:26.03421 66/1/CFE_TIME 20: Start FLYWHEEL
EVS Port1 1980-012-15:25:28.07414 66/1/CFE_TIME 20: Start FLYWHEEL
EVS Port1 1980-012-15:25:28.00335 66/1/CFE_TIME 21: Stop FLYWHEEL
.EVS Port1 1980-012-15:25:31.08674 66/1/CFE_TIME 20: Start FLYWHEEL
EVS Port1 1980-012-15:25:31.00477 66/1/CFE_TIME 21: Stop FLYWHEEL
EVS Port1 1980-012-15:25:35.09516 66/1/CFE_TIME 20: Start FLYWHEEL
.EVS Port1 1980-012-15:25:36.00280 66/1/CFE_TIME 21: Stop FLYWHEEL
EVS Port1 1980-012-15:25:38.00512 66/1/CFE_TIME 21: Stop FLYWHEEL
EVS Port1 1980-012-15:25:38.99790 66/1/CFE_TIME 20: Start FLYWHEEL
EVS Port1 1980-012-15:25:41.00646 66/1/CFE_TIME 21: Stop FLYWHEEL
.EVS Port1 1980-012-15:25:42.01582 66/1/CFE_TIME 20: Start FLYWHEEL
EVS Port1 1980-012-15:25:43.00502 66/1/CFE_TIME 21: Stop FLYWHEEL
EVS Port1 1980-012-15:25:44.00886 66/1/CFE_TIME 20: Start FLYWHEEL
EVS Port1 1980-012-15:25:47.09133 66/1/CFE_TIME 20: Start FLYWHEEL
EVS Port1 1980-012-15:25:47.00502 66/1/CFE_TIME 21: Stop FLYWHEEL
.EVS Port1 1980-012-15:25:52.00679 66/1/CFE_TIME 21: Stop FLYWHEEL
EVS Port1 1980-012-15:25:53.01715 66/1/CFE_TIME 20: Start FLYWHEEL
.EVS Port1 1980-012-15:25:55.05993 66/1/CFE_TIME 20: Start FLYWHEEL
EVS Port1 1980-012-15:25:55.00796 66/1/CFE_TIME 21: Stop FLYWHEEL
.EVS Port1 1980-012-15:26:01.00595 66/1/CFE_TIME 21: Stop FLYWHEEL
EVS Port1 1980-012-15:26:02.05313 66/1/CFE_TIME 20: Start FLYWHEEL
EVS Port1 1980-012-15:26:03.00675 66/1/CFE_TIME 21: Stop FLYWHEEL
EVS Port1 1980-012-15:26:04.01377 66/1/CFE_TIME 20: Start FLYWHEEL
EVS Port1 1980-012-15:26:05.01177 66/1/CFE_TIME 21: Stop FLYWHEEL
.EVS Port1 1980-012-15:26:06.00376 66/1/CFE_TIME 20: Start FLYWHEEL
EVS Port1 1980-012-15:26:10.09800 66/1/CFE_TIME 20: Start FLYWHEEL
EVS Port1 1980-012-15:26:11.00743 66/1/CFE_TIME 21: Stop FLYWHEEL
.EVS Port1 1980-012-15:26:15.06971 66/1/CFE_TIME 20: Start FLYWHEEL
EVS Port1 1980-012-15:26:15.00393 66/1/CFE_TIME 21: Stop FLYWHEEL
.EVS Port1 1980-012-15:26:23.08280 66/1/CFE_TIME 20: Start FLYWHEEL
EVS Port1 1980-012-15:26:23.00421 66/1/CFE_TIME 21: Stop FLYWHEEL
.EVS Port1 1980-012-15:26:27.31687 66/1/CFE_TIME 20: Start FLYWHEEL
EVS Port1 1980-012-15:26:28.01945 66/1/CFE_TIME 21: Stop FLYWHEEL
.EVS Port1 1980-012-15:26:30.03678 66/1/CFE_TIME 21: Stop FLYWHEEL
EVS Port1 1980-012-15:26:31.07595 66/1/CFE_TIME 20: Start FLYWHEEL
EVS Port1 1980-012-15:26:32.01788 66/1/CFE_TIME 21: Stop FLYWHEEL
EVS Port1 1980-012-15:26:33.08413 66/1/CFE_TIME 20: Start FLYWHEEL
.EVS Port1 1980-012-15:26:35.34489 66/1/CFE_TIME 20: Start FLYWHEEL
..EVS Port1 1980-012-15:26:48.01121 66/1/CFE_TIME 21: Stop FLYWHEEL
EVS Port1 1980-012-15:26:51.41452 66/1/CFE_TIME 20: Start FLYWHEEL
.EVS Port1 1980-012-15:26:52.02647 66/1/CFE_TIME 21: Stop FLYWHEEL
EVS Port1 1980-012-15:26:55.44622 66/1/CFE_TIME 20: Start FLYWHEEL
EVS Port1 1980-012-15:26:55.00914 66/1/CFE_TIME 21: Stop FLYWHEEL
.EVS Port1 1980-012-15:26:58.19400 66/1/CFE_TIME 20: Start FLYWHEEL
EVS Port1 1980-012-15:27:01.00416 66/1/CFE_TIME 21: Stop FLYWHEEL
.EVS Port1 1980-012-15:27:05.00502 66/1/CFE_TIME 21: Stop FLYWHEEL
EVS Port1 1980-012-15:27:06.08747 66/1/CFE_TIME 20: Start FLYWHEEL
EVS Port1 1980-012-15:27:07.00811 66/1/CFE_TIME 21: Stop FLYWHEEL
EVS Port1 1980-012-15:27:08.02030 66/1/CFE_TIME 20: Start FLYWHEEL
.EVS Port1 1980-012-15:27:09.00488 66/1/CFE_TIME 21: Stop FLYWHEEL
EVS Port1 1980-012-15:27:10.00477 66/1/CFE_TIME 20: Start FLYWHEEL
EVS Port1 1980-012-15:27:13.00483 66/1/CFE_TIME 21: Stop FLYWHEEL
EVS Port1 1980-012-15:27:14.08718 66/1/CFE_TIME 20: Start FLYWHEEL
.EVS Port1 1980-012-15:27:15.01907 66/1/CFE_TIME 21: Stop FLYWHEEL
EVS Port1 1980-012-15:27:16.04969 66/1/CFE_TIME 20: Start FLYWHEEL
EVS Port1 1980-012-15:27:18.10633 66/1/CFE_TIME 20: Start FLYWHEEL
EVS Port1 1980-012-15:27:19.00942 66/1/CFE_TIME 21: Stop FLYWHEEL
.EVS Port1 1980-012-15:27:21.01307 66/1/CFE_TIME 21: Stop FLYWHEEL
EVS Port1 1980-012-15:27:22.03349 66/1/CFE_TIME 20: Start FLYWHEEL
EVS Port1 1980-012-15:27:24.15238 66/1/CFE_TIME 20: Start FLYWHEEL
EVS Port1 1980-012-15:27:25.77250 66/1/AI_LEARNER 4: AI_LEARNER completed=2/2 mean=1662307586.5us max=1691282865.2us hal_peak=131382784 within_bounded=1
{"app":"AI_LEARNER","stage":"run","model":"wgan","target":"aarch64-unknown-linux-gnu","attempted":2,"completed":2,"fail_input":0,"fail_invoke":0,"fail_output":0,"mean_us":1662307586.46,"max_us":1691282865.18,"last_us":1691282865.18,"out0":-0.04232,"out_elems":150528,"out_sha256":"e402623629f3caf5345cc26085fb864841e92c512d779024c264b682ba6d2364","out_head":[-0.042319,0.048241,0.281023,0.151525,0.015672,-0.020277],"out_tail":[-0.023881,-0.002304,0.024550,0.030611,0.071835,0.146622],"out_full_file":"/cf/last_out.json","out_full_file_bytes":1454909,"out_full_file_reason":"ok","out_record_truncates":false}
{"app":"AI_LEARNER","stage":"mem","model":"wgan","target":"aarch64-unknown-linux-gnu","completed":2,"hal_peak":131382784,"peak_within_bounded":true,"admitted_budget_bytes":135666432,"peak_within_admitted_budget":true,"admission_mode":"unconditional","hal_bytes_per_call_amortized":196472064.0,"process_rss_kb":15692,"process_rss_delta_init_kb":1644,"max_active_calls":1,"active_calls_now":0,"call_counter_balanced":true}
.EVS Port1 1980-012-15:27:27.00585 66/1/CFE_TIME 21: Stop FLYWHEEL
EVS Port1 1980-012-15:27:29.00277 66/1/CFE_TIME 21: Stop FLYWHEEL
EVS Port1 1980-012-15:27:30.01965 66/1/CFE_TIME 20: Start FLYWHEEL
EVS Port1 1980-012-15:27:32.05577 66/1/CFE_TIME 20: Start FLYWHEEL
EVS Port1 1980-012-15:27:32.00265 66/1/CFE_TIME 21: Stop FLYWHEEL
.EVS Port1 1980-012-15:27:35.07786 66/1/CFE_TIME 20: Start FLYWHEEL
EVS Port1 1980-012-15:27:35.00506 66/1/CFE_TIME 21: Stop FLYWHEEL
EVS Port1 1980-012-15:27:38.07650 66/1/CFE_TIME 20: Start FLYWHEEL
.EVS Port1 1980-012-15:27:39.01124 66/1/CFE_TIME 21: Stop FLYWHEEL
EVS Port1 1980-012-15:27:41.00674 66/1/CFE_TIME 21: Stop FLYWHEEL
EVS Port1 1980-012-15:27:41.99337 66/1/CFE_TIME 20: Start FLYWHEEL
.EVS Port1 1980-012-15:27:45.08224 66/1/CFE_TIME 20: Start FLYWHEEL
EVS Port1 1980-012-15:27:46.00883 66/1/CFE_TIME 21: Stop FLYWHEEL
EVS Port1 1980-012-15:27:48.00354 66/1/CFE_TIME 21: Stop FLYWHEEL
EVS Port1 1980-012-15:27:49.03657 66/1/CFE_TIME 20: Start FLYWHEEL
EVS Port1 1980-012-15:27:50.01354 66/1/CFE_TIME 21: Stop FLYWHEEL
.EVS Port1 1980-012-15:27:51.01393 66/1/CFE_TIME 20: Start FLYWHEEL
EVS Port1 1980-012-15:27:54.14511 66/1/CFE_TIME 20: Start FLYWHEEL
EVS Port1 1980-012-15:27:55.00682 66/1/CFE_TIME 21: Stop FLYWHEEL
..EVS Port1 1980-012-15:28:04.09422 66/1/CFE_TIME 20: Start FLYWHEEL
EVS Port1 1980-012-15:28:05.00985 66/1/CFE_TIME 21: Stop FLYWHEEL
EVS Port1 1980-012-15:28:07.00517 66/1/CFE_TIME 21: Stop FLYWHEEL
.EVS Port1 1980-012-15:28:07.99833 66/1/CFE_TIME 20: Start FLYWHEEL
EVS Port1 1980-012-15:28:10.00413 66/1/CFE_TIME 21: Stop FLYWHEEL
EVS Port1 1980-012-15:28:10.99769 66/1/CFE_TIME 20: Start FLYWHEEL
.EVS Port1 1980-012-15:28:14.05426 66/1/CFE_TIME 20: Start FLYWHEEL
EVS Port1 1980-012-15:28:14.00430 66/1/CFE_TIME 21: Stop FLYWHEEL
EVS Port1 1980-012-15:28:14.85797 66/1/HS 61: CPU Hogging Detected
1980-012-15:28:14.85890 HS App: CPU Hogging Detected
.EVS Port1 1980-012-15:28:20.00389 66/1/CFE_TIME 21: Stop FLYWHEEL
EVS Port1 1980-012-15:28:21.00334 66/1/CFE_TIME 20: Start FLYWHEEL
EVS Port1 1980-012-15:28:25.05601 66/1/CFE_TIME 20: Start FLYWHEEL
EVS Port1 1980-012-15:28:25.00685 66/1/CFE_TIME 21: Stop FLYWHEEL
.EVS Port1 1980-012-15:28:29.00283 66/1/CFE_TIME 21: Stop FLYWHEEL
EVS Port1 1980-012-15:28:30.02058 66/1/CFE_TIME 20: Start FLYWHEEL
EVS Port1 1980-012-15:28:31.00897 66/1/CFE_TIME 21: Stop FLYWHEEL
.EVS Port1 1980-012-15:28:32.00585 66/1/CFE_TIME 20: Start FLYWHEEL
EVS Port1 1980-012-15:28:37.00605 66/1/CFE_TIME 21: Stop FLYWHEEL
.EVS Port1 1980-012-15:28:38.03787 66/1/CFE_TIME 20: Start FLYWHEEL
EVS Port1 1980-012-15:28:40.17289 66/1/CFE_TIME 20: Start FLYWHEEL
EVS Port1 1980-012-15:28:42.00646 66/1/CFE_TIME 21: Stop FLYWHEEL
.EVS Port1 1980-012-15:28:44.00447 66/1/CFE_TIME 21: Stop FLYWHEEL
EVS Port1 1980-012-15:28:44.99598 66/1/CFE_TIME 20: Start FLYWHEEL
.EVS Port1 1980-012-15:28:50.00633 66/1/CFE_TIME 21: Stop FLYWHEEL
EVS Port1 1980-012-15:28:50.98629 66/1/CFE_TIME 20: Start FLYWHEEL
.EVS Port1 1980-012-15:28:56.00497 66/1/CFE_TIME 21: Stop FLYWHEEL
EVS Port1 1980-012-15:28:57.00634 66/1/CFE_TIME 20: Start FLYWHEEL
EVS Port1 1980-012-15:29:00.00382 66/1/CFE_TIME 21: Stop FLYWHEEL
EVS Port1 1980-012-15:29:01.05628 66/1/CFE_TIME 20: Start FLYWHEEL
.EVS Port1 1980-012-15:29:03.11772 66/1/CFE_TIME 20: Start FLYWHEEL
EVS Port1 1980-012-15:29:04.00396 66/1/CFE_TIME 21: Stop FLYWHEEL
.EVS Port1 1980-012-15:29:10.12716 66/1/CFE_TIME 20: Start FLYWHEEL
EVS Port1 1980-012-15:29:11.00617 66/1/CFE_TIME 21: Stop FLYWHEEL
.EVS Port1 1980-012-15:29:16.11302 66/1/CFE_TIME 20: Start FLYWHEEL
EVS Port1 1980-012-15:29:17.00370 66/1/CFE_TIME 21: Stop FLYWHEEL
.EVS Port1 1980-012-15:29:19.00712 66/1/CFE_TIME 21: Stop FLYWHEEL
EVS Port1 1980-012-15:29:20.01844 66/1/CFE_TIME 20: Start FLYWHEEL
EVS Port1 1980-012-15:29:21.00502 66/1/CFE_TIME 21: Stop FLYWHEEL
EVS Port1 1980-012-15:29:22.01211 66/1/CFE_TIME 20: Start FLYWHEEL
EVS Port1 1980-012-15:29:23.02667 66/1/CFE_TIME 21: Stop FLYWHEEL
EVS Port1 1980-012-15:29:24.05332 66/1/CFE_TIME 20: Start FLYWHEEL
.EVS Port1 1980-012-15:29:25.00987 66/1/CFE_TIME 21: Stop FLYWHEEL
EVS Port1 1980-012-15:29:25.99380 66/1/CFE_TIME 20: Start FLYWHEEL
EVS Port1 1980-012-15:29:29.08758 66/1/CFE_TIME 20: Start FLYWHEEL
EVS Port1 1980-012-15:29:30.00633 66/1/CFE_TIME 21: Stop FLYWHEEL
.EVS Port1 1980-012-15:29:32.01040 66/1/CFE_TIME 21: Stop FLYWHEEL
EVS Port1 1980-012-15:29:33.11578 66/1/CFE_TIME 20: Start FLYWHEEL
EVS Port1 1980-012-15:29:34.00622 66/1/CFE_TIME 21: Stop FLYWHEEL
EVS Port1 1980-012-15:29:35.04405 66/1/CFE_TIME 20: Start FLYWHEEL
.EVS Port1 1980-012-15:29:37.11398 66/1/CFE_TIME 20: Start FLYWHEEL
EVS Port1 1980-012-15:29:38.00453 66/1/CFE_TIME 21: Stop FLYWHEEL
.EVS Port1 1980-012-15:29:43.00381 66/1/CFE_TIME 21: Stop FLYWHEEL
EVS Port1 1980-012-15:29:44.03018 66/1/CFE_TIME 20: Start FLYWHEEL
EVS Port1 1980-012-15:29:46.09980 66/1/CFE_TIME 20: Start FLYWHEEL
EVS Port1 1980-012-15:29:47.00309 66/1/CFE_TIME 21: Stop FLYWHEEL
.EVS Port1 1980-012-15:29:50.00233 66/1/CFE_TIME 21: Stop FLYWHEEL
EVS Port1 1980-012-15:29:50.99943 66/1/CFE_TIME 20: Start FLYWHEEL
.EVS Port1 1980-012-15:29:56.01287 66/1/CFE_TIME 21: Stop FLYWHEEL
EVS Port1 1980-012-15:29:57.01596 66/1/CFE_TIME 20: Start FLYWHEEL
EVS Port1 1980-012-15:29:58.00271 66/1/CFE_TIME 21: Stop FLYWHEEL
EVS Port1 1980-012-15:29:59.04641 66/1/CFE_TIME 20: Start FLYWHEEL
.EVS Port1 1980-012-15:30:00.00317 66/1/CFE_TIME 21: Stop FLYWHEEL
EVS Port1 1980-012-15:30:01.00910 66/1/CFE_TIME 20: Start FLYWHEEL
EVS Port1 1980-012-15:30:04.19190 66/1/CFE_TIME 20: Start FLYWHEEL
.EVS Port1 1980-012-15:30:08.00413 66/1/CFE_TIME 21: Stop FLYWHEEL
EVS Port1 1980-012-15:30:10.00338 66/1/CFE_TIME 21: Stop FLYWHEEL
EVS Port1 1980-012-15:30:11.01045 66/1/CFE_TIME 20: Start FLYWHEEL
.EVS Port1 1980-012-15:30:14.00715 66/1/CFE_TIME 21: Stop FLYWHEEL
EVS Port1 1980-012-15:30:15.03225 66/1/CFE_TIME 20: Start FLYWHEEL
EVS Port1 1980-012-15:30:16.00460 66/1/CFE_TIME 21: Stop FLYWHEEL
EVS Port1 1980-012-15:30:16.99952 66/1/CFE_TIME 20: Start FLYWHEEL
.EVS Port1 1980-012-15:30:20.07806 66/1/CFE_TIME 20: Start FLYWHEEL
EVS Port1 1980-012-15:30:20.01409 66/1/CFE_TIME 21: Stop FLYWHEEL
EVS Port1 1980-012-15:30:23.00274 66/1/CFE_TIME 21: Stop FLYWHEEL
.EVS Port1 1980-012-15:30:24.01676 66/1/CFE_TIME 20: Start FLYWHEEL
EVS Port1 1980-012-15:30:25.00402 66/1/CFE_TIME 21: Stop FLYWHEEL
EVS Port1 1980-012-15:30:26.00466 66/1/CFE_TIME 20: Start FLYWHEEL
.EVS Port1 1980-012-15:30:30.00572 66/1/CFE_TIME 21: Stop FLYWHEEL
EVS Port1 1980-012-15:30:31.01290 66/1/CFE_TIME 20: Start FLYWHEEL
EVS Port1 1980-012-15:30:32.00328 66/1/CFE_TIME 21: Stop FLYWHEEL
EVS Port1 1980-012-15:30:33.03289 66/1/CFE_TIME 20: Start FLYWHEEL
EVS Port1 1980-012-15:30:34.00593 66/1/CFE_TIME 21: Stop FLYWHEEL
EVS Port1 1980-012-15:30:34.99459 66/1/CFE_TIME 20: Start FLYWHEEL
..EVS Port1 1980-012-15:30:44.00646 66/1/CFE_TIME 21: Stop FLYWHEEL
EVS Port1 1980-012-15:30:45.04376 66/1/CFE_TIME 20: Start FLYWHEEL
EVS Port1 1980-012-15:30:47.08647 66/1/CFE_TIME 20: Start FLYWHEEL
EVS Port1 1980-012-15:30:47.00523 66/1/CFE_TIME 21: Stop FLYWHEEL
.EVS Port1 1980-012-15:30:51.01147 66/1/CFE_TIME 21: Stop FLYWHEEL
EVS Port1 1980-012-15:30:52.01763 66/1/CFE_TIME 20: Start FLYWHEEL
.EVS Port1 1980-012-15:30:54.06329 66/1/CFE_TIME 20: Start FLYWHEEL
EVS Port1 1980-012-15:30:56.00752 66/1/CFE_TIME 21: Stop FLYWHEEL
EVS Port1 1980-012-15:30:58.01390 66/1/CFE_TIME 21: Stop FLYWHEEL
.EVS Port1 1980-012-15:30:59.01066 66/1/CFE_TIME 20: Start FLYWHEEL
.EVS Port1 1980-012-15:31:05.00350 66/1/CFE_TIME 21: Stop FLYWHEEL
EVS Port1 1980-012-15:31:06.00311 66/1/CFE_TIME 20: Start FLYWHEEL
EVS Port1 1980-012-15:31:08.00291 66/1/CFE_TIME 21: Stop FLYWHEEL
EVS Port1 1980-012-15:31:09.02885 66/1/CFE_TIME 20: Start FLYWHEEL
EVS Port1 1980-012-15:31:10.00553 66/1/CFE_TIME 21: Stop FLYWHEEL
.EVS Port1 1980-012-15:31:11.00451 66/1/CFE_TIME 20: Start FLYWHEEL
EVS Port1 1980-012-15:31:14.00224 66/1/CFE_TIME 21: Stop FLYWHEEL
EVS Port1 1980-012-15:31:15.02055 66/1/CFE_TIME 20: Start FLYWHEEL
EVS Port1 1980-012-15:31:16.00506 66/1/CFE_TIME 21: Stop FLYWHEEL
.EVS Port1 1980-012-15:31:17.03506 66/1/CFE_TIME 20: Start FLYWHEEL
EVS Port1 1980-012-15:31:18.01290 66/1/CFE_TIME 21: Stop FLYWHEEL
EVS Port1 1980-012-15:31:19.01484 66/1/CFE_TIME 20: Start FLYWHEEL
EVS Port1 1980-012-15:31:21.04560 66/1/CFE_TIME 20: Start FLYWHEEL
EVS Port1 1980-012-15:31:21.00656 66/1/CFE_TIME 21: Stop FLYWHEEL
.EVS Port1 1980-012-15:31:23.00465 66/1/CFE_TIME 21: Stop FLYWHEEL
EVS Port1 1980-012-15:31:24.00976 66/1/CFE_TIME 20: Start FLYWHEEL
EVS Port1 1980-012-15:31:26.00234 66/1/CFE_TIME 21: Stop FLYWHEEL
EVS Port1 1980-012-15:31:27.00993 66/1/CFE_TIME 20: Start FLYWHEEL
.EVS Port1 1980-012-15:31:30.06742 66/1/CFE_TIME 20: Start FLYWHEEL
EVS Port1 1980-012-15:31:34.01126 66/1/CFE_TIME 21: Stop FLYWHEEL
.EVS Port1 1980-012-15:31:37.08680 66/1/CFE_TIME 20: Start FLYWHEEL
EVS Port1 1980-012-15:31:38.00788 66/1/CFE_TIME 21: Stop FLYWHEEL
EVS Port1 1980-012-15:31:40.01989 66/1/CFE_TIME 21: Stop FLYWHEEL
.EVS Port1 1980-012-15:31:41.01565 66/1/CFE_TIME 20: Start FLYWHEEL
EVS Port1 1980-012-15:31:42.01272 66/1/CFE_TIME 21: Stop FLYWHEEL
EVS Port1 1980-012-15:31:43.00790 66/1/CFE_TIME 20: Start FLYWHEEL
EVS Port1 1980-012-15:31:45.09106 66/1/CFE_TIME 20: Start FLYWHEEL
EVS Port1 1980-012-15:31:46.01704 66/1/CFE_TIME 21: Stop FLYWHEEL
.EVS Port1 1980-012-15:31:52.04368 66/1/CFE_TIME 20: Start FLYWHEEL
EVS Port1 1980-012-15:31:52.00439 66/1/CFE_TIME 21: Stop FLYWHEEL
.EVS Port1 1980-012-15:31:55.00692 66/1/CFE_TIME 21: Stop FLYWHEEL
EVS Port1 1980-012-15:31:56.04440 66/1/CFE_TIME 20: Start FLYWHEEL
EVS Port1 1980-012-15:31:57.01937 66/1/CFE_TIME 21: Stop FLYWHEEL
.EVS Port1 1980-012-15:31:58.04237 66/1/CFE_TIME 20: Start FLYWHEEL
EVS Port1 1980-012-15:31:59.00250 66/1/CFE_TIME 21: Stop FLYWHEEL
EVS Port1 1980-012-15:32:00.01274 66/1/CFE_TIME 20: Start FLYWHEEL
EVS Port1 1980-012-15:32:01.00985 66/1/CFE_TIME 21: Stop FLYWHEEL
EVS Port1 1980-012-15:32:02.00439 66/1/CFE_TIME 20: Start FLYWHEEL
EVS Port1 1980-012-15:32:03.00595 66/1/CFE_TIME 21: Stop FLYWHEEL
.EVS Port1 1980-012-15:32:04.02281 66/1/CFE_TIME 20: Start FLYWHEEL
EVS Port1 1980-012-15:32:05.01211 66/1/CFE_TIME 21: Stop FLYWHEEL
EVS Port1 1980-012-15:32:06.00891 66/1/CFE_TIME 20: Start FLYWHEEL
.EVS Port1 1980-012-15:32:10.00476 66/1/CFE_TIME 21: Stop FLYWHEEL
EVS Port1 1980-012-15:32:11.00874 66/1/CFE_TIME 20: Start FLYWHEEL
EVS Port1 1980-012-15:32:13.00491 66/1/CFE_TIME 21: Stop FLYWHEEL
EVS Port1 1980-012-15:32:14.01727 66/1/CFE_TIME 20: Start FLYWHEEL
EVS Port1 1980-012-15:32:15.00523 66/1/CFE_TIME 21: Stop FLYWHEEL
.EVS Port1 1980-012-15:32:16.01217 66/1/CFE_TIME 20: Start FLYWHEEL
EVS Port1 1980-012-15:32:19.00910 66/1/CFE_TIME 21: Stop FLYWHEEL
EVS Port1 1980-012-15:32:20.01406 66/1/CFE_TIME 20: Start FLYWHEEL
EVS Port1 1980-012-15:32:21.00865 66/1/CFE_TIME 21: Stop FLYWHEEL
.EVS Port1 1980-012-15:32:22.00982 66/1/CFE_TIME 20: Start FLYWHEEL
EVS Port1 1980-012-15:32:25.10197 66/1/CFE_TIME 20: Start FLYWHEEL
EVS Port1 1980-012-15:32:26.00714 66/1/CFE_TIME 21: Stop FLYWHEEL
.EVS Port1 1980-012-15:32:30.07603 66/1/CFE_TIME 20: Start FLYWHEEL
EVS Port1 1980-012-15:32:30.00520 66/1/CFE_TIME 21: Stop FLYWHEEL
.EVS Port1 1980-012-15:32:37.01185 66/1/CFE_TIME 21: Stop FLYWHEEL
EVS Port1 1980-012-15:32:38.01686 66/1/CFE_TIME 20: Start FLYWHEEL
.EVS Port1 1980-012-15:32:41.00334 66/1/CFE_TIME 21: Stop FLYWHEEL
EVS Port1 1980-012-15:32:42.03776 66/1/CFE_TIME 20: Start FLYWHEEL
EVS Port1 1980-012-15:32:44.10032 66/1/CFE_TIME 20: Start FLYWHEEL
EVS Port1 1980-012-15:32:44.00395 66/1/CFE_TIME 21: Stop FLYWHEEL
..EVS Port1 1980-012-15:32:52.00598 66/1/CFE_TIME 21: Stop FLYWHEEL
EVS Port1 1980-012-15:32:53.02439 66/1/CFE_TIME 20: Start FLYWHEEL
EVS Port1 1980-012-15:32:54.00309 66/1/CFE_TIME 21: Stop FLYWHEEL
EVS Port1 1980-012-15:32:55.00462 66/1/CFE_TIME 20: Start FLYWHEEL
.EVS Port1 1980-012-15:33:00.07783 66/1/CFE_TIME 20: Start FLYWHEEL
EVS Port1 1980-012-15:33:00.00587 66/1/CFE_TIME 21: Stop FLYWHEEL
EVS Port1 1980-012-15:33:02.00602 66/1/CFE_TIME 21: Stop FLYWHEEL
EVS Port1 1980-012-15:33:03.00283 66/1/CFE_TIME 20: Start FLYWHEEL
.EVS Port1 1980-012-15:33:05.00416 66/1/CFE_TIME 21: Stop FLYWHEEL
EVS Port1 1980-012-15:33:06.01840 66/1/CFE_TIME 20: Start FLYWHEEL
EVS Port1 1980-012-15:33:08.08074 66/1/CFE_TIME 20: Start FLYWHEEL
.EVS Port1 1980-012-15:33:10.00231 66/1/CFE_TIME 21: Stop FLYWHEEL
EVS Port1 1980-012-15:33:13.00518 66/1/CFE_TIME 21: Stop FLYWHEEL
EVS Port1 1980-012-15:33:14.01095 66/1/CFE_TIME 20: Start FLYWHEEL
.EVS Port1 1980-012-15:33:17.00389 66/1/CFE_TIME 21: Stop FLYWHEEL
EVS Port1 1980-012-15:33:18.02154 66/1/CFE_TIME 20: Start FLYWHEEL
EVS Port1 1980-012-15:33:20.08862 66/1/CFE_TIME 20: Start FLYWHEEL
.EVS Port1 1980-012-15:33:21.00244 66/1/CFE_TIME 21: Stop FLYWHEEL
EVS Port1 1980-012-15:33:23.00271 66/1/CFE_TIME 21: Stop FLYWHEEL
EVS Port1 1980-012-15:33:24.00700 66/1/CFE_TIME 20: Start FLYWHEEL
.EVS Port1 1980-012-15:33:28.06904 66/1/CFE_TIME 20: Start FLYWHEEL
EVS Port1 1980-012-15:33:29.00382 66/1/CFE_TIME 21: Stop FLYWHEEL
EVS Port1 1980-012-15:33:32.00308 66/1/CFE_TIME 21: Stop FLYWHEEL
.EVS Port1 1980-012-15:33:33.00463 66/1/CFE_TIME 20: Start FLYWHEEL
EVS Port1 1980-012-15:33:35.01322 66/1/CFE_TIME 21: Stop FLYWHEEL
EVS Port1 1980-012-15:33:36.00675 66/1/CFE_TIME 20: Start FLYWHEEL
.EVS Port1 1980-012-15:33:40.08045 66/1/CFE_TIME 20: Start FLYWHEEL
EVS Port1 1980-012-15:33:43.00953 66/1/CFE_TIME 21: Stop FLYWHEEL
.EVS Port1 1980-012-15:33:45.01264 66/1/CFE_TIME 21: Stop FLYWHEEL
EVS Port1 1980-012-15:33:46.00991 66/1/CFE_TIME 20: Start FLYWHEEL
EVS Port1 1980-012-15:33:50.10809 66/1/CFE_TIME 20: Start FLYWHEEL
.EVS Port1 1980-012-15:33:51.00492 66/1/CFE_TIME 21: Stop FLYWHEEL
EVS Port1 1980-012-15:33:53.00399 66/1/CFE_TIME 21: Stop FLYWHEEL
EVS Port1 1980-012-15:33:54.06137 66/1/CFE_TIME 20: Start FLYWHEEL
EVS Port1 1980-012-15:33:55.00981 66/1/CFE_TIME 21: Stop FLYWHEEL
.EVS Port1 1980-012-15:33:56.00016 66/1/CFE_TIME 20: Start FLYWHEEL
EVS Port1 1980-012-15:33:59.27444 66/1/CFE_TIME 20: Start FLYWHEEL
EVS Port1 1980-012-15:34:01.00936 66/1/CFE_TIME 21: Stop FLYWHEEL
.EVS Port1 1980-012-15:34:04.10243 66/1/CFE_TIME 20: Start FLYWHEEL
EVS Port1 1980-012-15:34:04.00320 66/1/CFE_TIME 21: Stop FLYWHEEL
EVS Port1 1980-012-15:34:06.00918 66/1/CFE_TIME 21: Stop FLYWHEEL
EVS Port1 1980-012-15:34:07.06117 66/1/CFE_TIME 20: Start FLYWHEEL
.EVS Port1 1980-012-15:34:09.18911 66/1/CFE_TIME 20: Start FLYWHEEL
EVS Port1 1980-012-15:34:10.00663 66/1/CFE_TIME 21: Stop FLYWHEEL
.EVS Port1 1980-012-15:34:15.25708 66/1/CFE_TIME 20: Start FLYWHEEL
EVS Port1 1980-012-15:34:16.00642 66/1/CFE_TIME 21: Stop FLYWHEEL
..1980-012-15:34:26.49636 CFE_ES_RunExceptionScan: ExceptionID 0x1110002 in TaskID 0: Caught SIGINT
1980-012-15:34:26.49902 CFE_ES_RunExceptionScan: Processor Reset count not reached (1/2)
CFE_PSP: Exiting cFE with PROCESSOR Reset status.

CFE_PSP: Shutdown initiated - Exiting cFE
CI delete callback -- Closing CI Network socket.
TO delete callback -- Closing TO Network socket.
..EXIT=137
